====== Game Begin! ======
Total money: 500
Player cards: [♠7, ♦A], Bot cards:[♦4, ♠J]
Player points: [8, 18], Bot points:[14, 14]
Bot get one more card ♥A
Bot get one more card ♣K
Player point: 18, Bot point: 25
Player win! Money: 520
========================
Round #0
Player cards: [♠J, ♦Q], Bot cards:[♥5, ♦A]
Player points: [20, 20], Bot points:[6, 16]
Bot get one more card ♠4
Bot get one more card ♣8
Player point: 20, Bot point: 18
Player win! Money: 540
========================
Round #1
Player cards: [♠8, ♣A], Bot cards:[♥4, ♠K]
Player points: [9, 19], Bot points:[14, 14]
Bot get one more card ♣K
Player point: 19, Bot point: 24
Player win! Money: 560
========================
Round #2
Player cards: [♥9, ♥Q], Bot cards:[♠3, ♦J]
Player points: [19, 19], Bot points:[13, 13]
Bot get one more card ♣J
Player point: 19, Bot point: 23
Player win! Money: 580
========================
Round #3
Player cards: [♣2, ♣6], Bot cards:[♣3, ♥4]
Player points: [8, 8], Bot points:[7, 7]
Player get one more card ♣Q
Bot get one more card ♥J
Player point: 18, Bot point: 17
Player win! Money: 600
========================
Round #4
Player cards: [♣7, ♥A], Bot cards:[♦6, ♥8]
Player points: [8, 18], Bot points:[14, 14]
Bot get one more card ♠Q
Player point: 18, Bot point: 24
Player win! Money: 620
========================
Round #5
Player cards: [♣2, ♦6], Bot cards:[♣8, ♣9]
Player points: [8, 8], Bot points:[17, 17]
Player get one more card ♠A
Player point: 19, Bot point: 17
Player win! Money: 640
========================
Round #6
Player cards: [♦5, ♠J], Bot cards:[♦7, ♣Q]
Player points: [15, 15], Bot points:[17, 17]
Player get one more card ♥9
Player point: 24, Bot point: 17
Player lose! Money: 620
========================
Round #7
Player cards: [♥8, ♦T], Bot cards:[♠7, ♥K]
Player points: [18, 18], Bot points:[17, 17]
Player point: 18, Bot point: 17
Player win! Money: 640
========================
Round #8
Player cards: [♠6, ♣7], Bot cards:[♦K, ♣K]
Player points: [13, 13], Bot points:[20, 20]
Player get one more card ♥J
Player point: 23, Bot point: 20
Player lose! Money: 620
========================
Round #9
Player cards: [♥7, ♦9], Bot cards:[♣2, ♥K]
Player points: [16, 16], Bot points:[12, 12]
Bot get one more card ♠4
Bot get one more card ♠T
Player point: 16, Bot point: 26
Player win! Money: 640
========================
Round #10
Player cards: [♥9, ♠J], Bot cards:[♦T, ♠T]
Player points: [19, 19], Bot points:[20, 20]
Player point: 19, Bot point: 20
Player lose! Money: 620
========================
Round #11
Player cards: [♦3, ♦A], Bot cards:[♦2, ♦5]
Player points: [4, 14], Bot points:[7, 7]
Bot get one more card ♣A
Bot get one more card ♣J
Player point: 14, Bot point: 18
Player lose! Money: 600
========================
Round #12
Player cards: [♠2, ♣Q], Bot cards:[♦3, ♣T]
Player points: [12, 12], Bot points:[13, 13]
Player get one more card ♠9
Bot get one more card ♠Q
Player point: 21, Bot point: 23
Player win! Money: 620
========================
Round #13
Player cards: [♦6, ♣9], Bot cards:[♦T, ♦Q]
Player points: [15, 15], Bot points:[20, 20]
Player get one more card ♥5
Player point: 20, Bot point: 20
Draw! Money:620
========================
Round #14
Player cards: [♦3, ♠6], Bot cards:[♠5, ♣6]
Player points: [9, 9], Bot points:[11, 11]
----- Double Bet! -----
Player get one more card ♥A
Bot get one more card ♠A
Bot get one more card ♠9
Player point: 20, Bot point: 21
Player lose! Money: 580
========================
Round #15
Player cards: [♥6, ♥7], Bot cards:[♠9, ♥K]
Player points: [13, 13], Bot points:[19, 19]
Player get one more card ♠T
Player point: 23, Bot point: 19
Player lose! Money: 560
========================
Round #16
Player cards: [♦J, ♦Q], Bot cards:[♦8, ♥9]
Player points: [20, 20], Bot points:[17, 17]
Player point: 20, Bot point: 17
Player win! Money: 580
========================
Round #17
Player cards: [♦2, ♦6], Bot cards:[♠8, ♣8]
Player points: [8, 8], Bot points:[16, 16]
Player get one more card ♥4
Player get one more card ♠3
Player get one more card ♦K
Bot get one more card ♥5
Player point: 25, Bot point: 21
Player lose! Money: 560
========================
Round #18
Player cards: [♣4, ♥J], Bot cards:[♦J, ♠Q]
Player points: [14, 14], Bot points:[20, 20]
Player get one more card ♦7
Player point: 21, Bot point: 20
Player win! Money: 580
========================
Round #19
Player cards: [♦7, ♥J], Bot cards:[♦3, ♣Q]
Player points: [17, 17], Bot points:[13, 13]
Bot get one more card ♦8
Player point: 17, Bot point: 21
Player lose! Money: 560
========================
Round #20
Player cards: [♠8, ♥T], Bot cards:[♠2, ♣3]
Player points: [18, 18], Bot points:[5, 5]
Bot get one more card ♣7
Bot get one more card ♠2
Bot get one more card ♦4
Player point: 18, Bot point: 18
Draw! Money:560
========================
Round #21
Player cards: [♦4, ♣6], Bot cards:[♣8, ♣K]
Player points: [10, 10], Bot points:[18, 18]
----- Double Bet! -----
Player get one more card ♥6
Player point: 16, Bot point: 18
Player lose! Money: 520
========================
Round #22
Player cards: [♣4, ♠9], Bot cards:[♠2, ♣4]
Player points: [13, 13], Bot points:[6, 6]
Bot get one more card ♥K
Bot get one more card ♥Q
Player point: 13, Bot point: 26
Player win! Money: 540
========================
Round #23
Player cards: [♣5, ♣9], Bot cards:[♠3, ♠5]
Player points: [14, 14], Bot points:[8, 8]
Bot get one more card ♦4
Bot get one more card ♣5
Player point: 14, Bot point: 17
Player lose! Money: 520
========================
Round #24
Player cards: [♠4, ♥6], Bot cards:[♦9, ♥A]
Player points: [10, 10], Bot points:[10, 20]
----- Double Bet! -----
Player get one more card ♣6
Bot get one more card ♠6
Bot get one more card ♠A
Player point: 16, Bot point: 17
Player lose! Money: 480
========================
Round #25
Player cards: [♥8, ♣J], Bot cards:[♣9, ♦K]
Player points: [18, 18], Bot points:[19, 19]
Player point: 18, Bot point: 19
Player lose! Money: 460
========================
Round #26
Player cards: [♦2, ♦9], Bot cards:[♦5, ♠K]
Player points: [11, 11], Bot points:[15, 15]
----- Double Bet! -----
Player get one more card ♣T
Bot get one more card ♥8
Player point: 21, Bot point: 23
Player win! Money: 500
========================
Round #27
Player cards: [♠6, ♦J], Bot cards:[♥7, ♣T]
Player points: [16, 16], Bot points:[17, 17]
Player get one more card ♥7
Player point: 23, Bot point: 17
Player lose! Money: 480
========================
Round #28
Player cards: [♥3, ♥T], Bot cards:[♣7, ♦Q]
Player points: [13, 13], Bot points:[17, 17]
Player get one more card ♦8
Player point: 21, Bot point: 17
Player win! Money: 500
========================
Round #29
Player cards: [♥6, ♦A], Bot cards:[♣3, ♣5]
Player points: [7, 17], Bot points:[8, 8]
Bot get one more card ♦7
Bot get one more card ♥2
Player point: 17, Bot point: 17
Draw! Money:500
========================
Round #30
Player cards: [♠3, ♠5], Bot cards:[♣4, ♠K]
Player points: [8, 8], Bot points:[14, 14]
Player get one more card ♣3
Player get one more card ♦9
Bot get one more card ♦5
Player point: 20, Bot point: 19
Player win! Money: 520
========================
Round #31
Player cards: [♠K, ♣A], Bot cards:[♥2, ♠4]
Player points: [11, 21], Bot points:[6, 6]
Bot get one more card ♥3
Bot get one more card ♠A
Bot get one more card ♣5
Bot get one more card ♥5
Player point: 21, Bot point: 20
------ BlackJack!! ------
Player win! Money: 546.0
========================
Round #32
Player cards: [♠5, ♠7], Bot cards:[♥4, ♠T]
Player points: [12, 12], Bot points:[14, 14]
Bot get one more card ♣J
Player point: 12, Bot point: 24
Player win! Money: 566.0
========================
Round #33
Player cards: [♦2, ♥Q], Bot cards:[♥2, ♣T]
Player points: [12, 12], Bot points:[12, 12]
Player get one more card ♦8
Bot get one more card ♣A
Bot get one more card ♦T
Player point: 20, Bot point: 23
Player win! Money: 586.0
========================
Round #34
Player cards: [♠8, ♦K], Bot cards:[♠7, ♥Q]
Player points: [18, 18], Bot points:[17, 17]
Player point: 18, Bot point: 17
Player win! Money: 606.0
========================
Round #35
New deck
Player cards: [♥9, ♦T], Bot cards:[♥2, ♠6]
Player points: [19, 19], Bot points:[8, 8]
Bot get one more card ♦9
Player point: 19, Bot point: 17
Player win! Money: 626.0
========================
Round #36
Player cards: [♣5, ♥6], Bot cards:[♣3, ♠9]
Player points: [11, 11], Bot points:[12, 12]
----- Double Bet! -----
Player get one more card ♥2
Bot get one more card ♥A
Bot get one more card ♠8
Player point: 13, Bot point: 21
Player lose! Money: 586.0
========================
Round #37
Player cards: [♦3, ♦9], Bot cards:[♥9, ♥A]
Player points: [12, 12], Bot points:[10, 20]
Player get one more card ♦J
Bot get one more card ♣6
Bot get one more card ♥K
Player point: 22, Bot point: 26
Player lose! Money: 566.0
========================
Round #38
Player cards: [♥6, ♦A], Bot cards:[♦6, ♣9]
Player points: [7, 17], Bot points:[15, 15]
Bot get one more card ♠T
Player point: 17, Bot point: 25
Player win! Money: 586.0
========================
Round #39
Player cards: [♣4, ♥8], Bot cards:[♠5, ♦T]
Player points: [12, 12], Bot points:[15, 15]
Bot get one more card ♥Q
Player point: 12, Bot point: 25
Player win! Money: 606.0
========================
Round #40
Player cards: [♦8, ♦8], Bot cards:[♥7, ♥Q]
Player points: [16, 16], Bot points:[17, 17]
-------- Split! Two hands: [18, 18], [10, 10]
For second hand:
----- Double Bet! -----
Player get one more card ♥3
Player point: 18, Bot point: 17
Player win! Money: 626.0
========================
Player point: 13, Bot point: 17
Player lose! Money: 586.0
========================
Round #41
Player cards: [♥5, ♠6], Bot cards:[♠4, ♥K]
Player points: [11, 11], Bot points:[14, 14]
----- Double Bet! -----
Player get one more card ♠4
Bot get one more card ♣6
Player point: 15, Bot point: 20
Player lose! Money: 546.0
========================
Round #42
Player cards: [♦7, ♥T], Bot cards:[♥T, ♥Q]
Player points: [17, 17], Bot points:[20, 20]
Player point: 17, Bot point: 20
Player lose! Money: 526.0
========================
Round #43
Player cards: [♠Q, ♠K], Bot cards:[♦6, ♣7]
Player points: [20, 20], Bot points:[13, 13]
Bot get one more card ♥5
Player point: 20, Bot point: 18
Player win! Money: 546.0
========================
Round #44
Player cards: [♦4, ♦9], Bot cards:[♣T, ♣A]
Player points: [13, 13], Bot points:[11, 21]
Player get one more card ♣4
Bot get one more card ♣T
Player point: 17, Bot point: 21
Player lose! Money: 526.0
========================
Round #45
Player cards: [♠2, ♦3], Bot cards:[♦6, ♥T]
Player points: [5, 5], Bot points:[16, 16]
Player get one more card ♦T
Bot get one more card ♠4
Player point: 15, Bot point: 20
Player lose! Money: 506.0
========================
Round #46
Player cards: [♣2, ♠3], Bot cards:[♠9, ♦Q]
Player points: [5, 5], Bot points:[19, 19]
Player get one more card ♠J
Player get one more card ♣J
Player point: 25, Bot point: 19
Player lose! Money: 486.0
========================
Round #47
Player cards: [♥5, ♥J], Bot cards:[♠T, ♣A]
Player points: [15, 15], Bot points:[11, 21]
Player get one more card ♣2
Bot get one more card ♣K
Player point: 17, Bot point: 21
Player lose! Money: 466.0
========================
Round #48
Player cards: [♠2, ♠2], Bot cards:[♣9, ♦K]
Player points: [4, 4], Bot points:[19, 19]
Player get one more card ♥6
Player get one more card ♦Q
Player point: 20, Bot point: 19
Player win! Money: 486.0
========================
Round #49
Player cards: [♠4, ♦4], Bot cards:[♦T, ♣J]
Player points: [8, 8], Bot points:[20, 20]
Player get one more card ♣5
Player get one more card ♠A
Player get one more card ♦4
Player point: 18, Bot point: 20
Player lose! Money: 466.0
========================
Round #50
Player cards: [♥4, ♦K], Bot cards:[♥2, ♣6]
Player points: [14, 14], Bot points:[8, 8]
Bot get one more card ♦Q
Player point: 14, Bot point: 18
Player lose! Money: 446.0
========================
Round #51
Player cards: [♦2, ♠7], Bot cards:[♦7, ♣7]
Player points: [9, 9], Bot points:[14, 14]
Player get one more card ♠3
Player get one more card ♣3
Player get one more card ♣6
Bot get one more card ♥K
Player point: 21, Bot point: 24
Player win! Money: 466.0
========================
Round #52
Player cards: [♠5, ♦7], Bot cards:[♥3, ♣8]
Player points: [12, 12], Bot points:[11, 11]
Player get one more card ♣9
Bot get one more card ♥6
Player point: 21, Bot point: 17
Player win! Money: 486.0
========================
Round #53
Player cards: [♠9, ♠T], Bot cards:[♣K, ♣K]
Player points: [19, 19], Bot points:[20, 20]
Player point: 19, Bot point: 20
Player lose! Money: 466.0
========================
Round #54
Player cards: [♣2, ♠8], Bot cards:[♠3, ♣A]
Player points: [10, 10], Bot points:[4, 14]
----- Double Bet! -----
Player get one more card ♥5
Bot get one more card ♦8
Bot get one more card ♥T
Player point: 15, Bot point: 22
Player win! Money: 506.0
========================
Round #55
Player cards: [♠6, ♠7], Bot cards:[♦K, ♣K]
Player points: [13, 13], Bot points:[20, 20]
Player get one more card ♠A
Player get one more card ♠J
Player point: 24, Bot point: 20
Player lose! Money: 486.0
========================
Round #56
Player cards: [♥2, ♥3], Bot cards:[♥T, ♥K]
Player points: [5, 5], Bot points:[20, 20]
Player get one more card ♣2
Player get one more card ♣8
Player get one more card ♠5
Player point: 20, Bot point: 20
Draw! Money:486.0
========================
Round #57
Player cards: [♦4, ♣4], Bot cards:[♦J, ♥Q]
Player points: [8, 8], Bot points:[20, 20]
Player get one more card ♠7
Player get one more card ♥8
Player point: 23, Bot point: 20
Player lose! Money: 466.0
========================
Round #58
Player cards: [♣2, ♠K], Bot cards:[♦5, ♣Q]
Player points: [12, 12], Bot points:[15, 15]
Bot get one more card ♣7
Player point: 12, Bot point: 22
Player win! Money: 486.0
========================
Round #59
Player cards: [♠5, ♣Q], Bot cards:[♥3, ♠T]
Player points: [15, 15], Bot points:[13, 13]
Bot get one more card ♠J
Player point: 15, Bot point: 23
Player win! Money: 506.0
========================
Round #60
Player cards: [♦5, ♦J], Bot cards:[♥3, ♣T]
Player points: [15, 15], Bot points:[13, 13]
Bot get one more card ♠A
Bot get one more card ♣J
Player point: 15, Bot point: 24
Player win! Money: 526.0
========================
Round #61
Player cards: [♣5, ♦5], Bot cards:[♦9, ♥A]
Player points: [10, 10], Bot points:[10, 20]
----- Double Bet! -----
Player get one more card ♣T
Bot get one more card ♠J
Player point: 20, Bot point: 20
Draw! Money:526.0
========================
Round #62
Player cards: [♦7, ♥9], Bot cards:[♣7, ♠7]
Player points: [16, 16], Bot points:[14, 14]
Player get one more card ♥9
Bot get one more card ♣8
Player point: 25, Bot point: 22
Player lose! Money: 506.0
========================
Round #63
Player cards: [♥7, ♦A], Bot cards:[♣3, ♠A]
Player points: [8, 18], Bot points:[4, 14]
Bot get one more card ♥3
Bot get one more card ♥T
Player point: 18, Bot point: 17
Player win! Money: 526.0
========================
Round #64
Player cards: [♥8, ♣Q], Bot cards:[♦8, ♣Q]
Player points: [18, 18], Bot points:[18, 18]
Player point: 18, Bot point: 18
Draw! Money:526.0
========================
Round #65
Player cards: [♦3, ♣3], Bot cards:[♥4, ♥J]
Player points: [6, 6], Bot points:[14, 14]
-------- Split! Two hands: [13, 13], [5, 5]
For second hand:
Player get one more card ♥8
Bot get one more card ♠9
Player point: 13, Bot point: 23
Player win! Money: 546.0
========================
Player point: 13, Bot point: 23
Player win! Money: 566.0
========================
Round #66
Player cards: [♣4, ♥J], Bot cards:[♦K, ♣A]
Player points: [14, 14], Bot points:[11, 21]
Player get one more card ♥7
Bot get one more card ♠2
Bot get one more card ♦A
Bot get one more card ♠Q
Player point: 21, Bot point: 24
Player win! Money: 586.0
========================
Round #67
Player cards: [♦2, ♠3], Bot cards:[♥4, ♥7]
Player points: [5, 5], Bot points:[11, 11]
Player get one more card ♣5
Player get one more card ♥J
Bot get one more card ♣J
Player point: 20, Bot point: 21
Player lose! Money: 566.0
========================
Round #68
Player cards: [♦3, ♦J], Bot cards:[♥2, ♥4]
Player points: [13, 13], Bot points:[6, 6]
Bot get one more card ♣9
Bot get one more card ♦6
Player point: 13, Bot point: 21
Player lose! Money: 546.0
========================
Round #69
Player cards: [♠K, ♦A], Bot cards:[♣8, ♠Q]
Player points: [11, 21], Bot points:[18, 18]
Player point: 21, Bot point: 18
------ BlackJack!! ------
Player win! Money: 572.0
========================
Round #70
New deck
Player cards: [♥5, ♠6], Bot cards:[♣6, ♠Q]
Player points: [11, 11], Bot points:[16, 16]
----- Double Bet! -----
Player get one more card ♠6
Bot get one more card ♠8
Player point: 17, Bot point: 24
Player win! Money: 612.0
========================
Round #71
Player cards: [♣6, ♦7], Bot cards:[♥2, ♦2]
Player points: [13, 13], Bot points:[4, 4]
Bot get one more card ♦T
Bot get one more card ♣K
Player point: 13, Bot point: 24
Player win! Money: 632.0
========================
Round #72
Player cards: [♠4, ♠7], Bot cards:[♥4, ♠8]
Player points: [11, 11], Bot points:[12, 12]
----- Double Bet! -----
Player get one more card ♦J
Bot get one more card ♦T
Player point: 21, Bot point: 22
Player win! Money: 672.0
========================
Round #73
Player cards: [♥9, ♠Q], Bot cards:[♣4, ♦8]
Player points: [19, 19], Bot points:[12, 12]
Bot get one more card ♦T
Player point: 19, Bot point: 22
Player win! Money: 692.0
========================
Round #74
Player cards: [♦5, ♥7], Bot cards:[♣9, ♠T]
Player points: [12, 12], Bot points:[19, 19]
Player get one more card ♦A
Player get one more card ♥A
Player get one more card ♥3
Player point: 17, Bot point: 19
Player lose! Money: 672.0
========================
Round #75
Player cards: [♠3, ♠7], Bot cards:[♥5, ♠6]
Player points: [10, 10], Bot points:[11, 11]
----- Double Bet! -----
Player get one more card ♦4
Bot get one more card ♦8
Player point: 14, Bot point: 19
Player lose! Money: 632.0
========================
Round #76
Player cards: [♣3, ♣4], Bot cards:[♠5, ♥6]
Player points: [7, 7], Bot points:[11, 11]
Player get one more card ♦2
Player get one more card ♣8
Bot get one more card ♣K
Player point: 17, Bot point: 21
Player lose! Money: 612.0
========================
Round #77
Player cards: [♥6, ♦K], Bot cards:[♠9, ♥A]
Player points: [16, 16], Bot points:[10, 20]
Player get one more card ♦A
Bot get one more card ♠3
Bot get one more card ♣3
Bot get one more card ♦5
Player point: 17, Bot point: 21
Player lose! Money: 592.0
========================
Round #78
Player cards: [♠2, ♥K], Bot cards:[♦Q, ♣A]
Player points: [12, 12], Bot points:[11, 21]
Player get one more card ♣3
Player get one more card ♠3
Bot get one more card ♠A
Bot get one more card ♦J
Player point: 18, Bot point: 22
Player win! Money: 612.0
========================
Round #79
Player cards: [♣6, ♣Q], Bot cards:[♥3, ♠K]
Player points: [16, 16], Bot points:[13, 13]
Bot get one more card ♦6
Player point: 16, Bot point: 19
Player lose! Money: 592.0
========================
Round #80
Player cards: [♥5, ♣K], Bot cards:[♠2, ♠8]
Player points: [15, 15], Bot points:[10, 10]
Bot get one more card ♣7
Player point: 15, Bot point: 17
Player lose! Money: 572.0
========================
Round #81
Player cards: [♦5, ♣K], Bot cards:[♥8, ♦J]
Player points: [15, 15], Bot points:[18, 18]
Player get one more card ♣5
Player point: 20, Bot point: 18
Player win! Money: 592.0
========================
Round #82
Player cards: [♣2, ♣A], Bot cards:[♣2, ♦A]
Player points: [3, 13], Bot points:[3, 13]
Bot get one more card ♥A
Bot get one more card ♥8
Bot get one more card ♠2
Bot get one more card ♣7
Player point: 13, Bot point: 21
Player lose! Money: 572.0
========================
Round #83
Player cards: [♦4, ♥J], Bot cards:[♦3, ♣J]
Player points: [14, 14], Bot points:[13, 13]
Bot get one more card ♣7
Player point: 14, Bot point: 20
Player lose! Money: 552.0
========================
Round #84
Player cards: [♣T, ♥A], Bot cards:[♦3, ♣4]
Player points: [11, 21], Bot points:[7, 7]
Bot get one more card ♥7
Bot get one more card ♥3
Player point: 21, Bot point: 17
------ BlackJack!! ------
Player win! Money: 578.0
========================
Round #85
Player cards: [♣J, ♠A], Bot cards:[♦8, ♦9]
Player points: [11, 21], Bot points:[17, 17]
Player point: 21, Bot point: 17
------ BlackJack!! ------
Player win! Money: 604.0
========================
Round #86
Player cards: [♠7, ♠8], Bot cards:[♥5, ♣T]
Player points: [15, 15], Bot points:[15, 15]
Bot get one more card ♠A
Bot get one more card ♣A
Player point: 15, Bot point: 17
Player lose! Money: 584.0
========================
Round #87
Player cards: [♠4, ♦4], Bot cards:[♠5, ♥8]
Player points: [8, 8], Bot points:[13, 13]
Player get one more card ♣Q
Bot get one more card ♣8
Player point: 18, Bot point: 21
Player lose! Money: 564.0
========================
Round #88
Player cards: [♥2, ♣9], Bot cards:[♠6, ♠T]
Player points: [11, 11], Bot points:[16, 16]
----- Double Bet! -----
Player get one more card ♣J
Bot get one more card ♥K
Player point: 21, Bot point: 26
Player win! Money: 604.0
========================
Round #89
Player cards: [♦2, ♥8], Bot cards:[♦Q, ♦Q]
Player points: [10, 10], Bot points:[20, 20]
Player get one more card ♣T
Player point: 20, Bot point: 20
Draw! Money:604.0
========================
Round #90
Player cards: [♦8, ♣Q], Bot cards:[♥4, ♠4]
Player points: [18, 18], Bot points:[8, 8]
Bot get one more card ♦2
Bot get one more card ♠2
Bot get one more card ♥Q
Player point: 18, Bot point: 22
Player win! Money: 624.0
========================
Round #91
Player cards: [♥2, ♦5], Bot cards:[♦6, ♥T]
Player points: [7, 7], Bot points:[16, 16]
Player get one more card ♥3
Player get one more card ♥K
Bot get one more card ♣5
Player point: 20, Bot point: 21
Player lose! Money: 604.0
========================
Round #92
Player cards: [♦3, ♣4], Bot cards:[♣9, ♣A]
Player points: [7, 7], Bot points:[10, 20]
Player get one more card ♣7
Player get one more card ♦Q
Bot get one more card ♠7
Player point: 24, Bot point: 17
Player lose! Money: 584.0
========================
Round #93
Player cards: [♦9, ♠J], Bot cards:[♦9, ♠A]
Player points: [19, 19], Bot points:[10, 20]
Bot get one more card ♣2
Bot get one more card ♠8
Player point: 19, Bot point: 20
Player lose! Money: 564.0
========================
Round #94
Player cards: [♣5, ♠Q], Bot cards:[♦3, ♠9]
Player points: [15, 15], Bot points:[12, 12]
Bot get one more card ♦7
Player point: 15, Bot point: 19
Player lose! Money: 544.0
========================
Round #95
Player cards: [♠4, ♦T], Bot cards:[♠K, ♦K]
Player points: [14, 14], Bot points:[20, 20]
Player get one more card ♠9
Player point: 23, Bot point: 20
Player lose! Money: 524.0
========================
Round #96
Player cards: [♠5, ♣8], Bot cards:[♦J, ♠K]
Player points: [13, 13], Bot points:[20, 20]
Player get one more card ♥T
Player point: 23, Bot point: 20
Player lose! Money: 504.0
========================
Round #97
Player cards: [♣8, ♣Q], Bot cards:[♥4, ♠Q]
Player points: [18, 18], Bot points:[14, 14]
Bot get one more card ♥Q
Player point: 18, Bot point: 24
Player win! Money: 524.0
========================
Round #98
Player cards: [♥6, ♠K], Bot cards:[♦7, ♦9]
Player points: [16, 16], Bot points:[16, 16]
Player get one more card ♠Q
Bot get one more card ♥Q
Player point: 26, Bot point: 26
Player lose! Money: 504.0
========================
Round #99
Player cards: [♣J, ♥J], Bot cards:[♥4, ♥9]
Player points: [20, 20], Bot points:[13, 13]
Bot get one more card ♥A
Bot get one more card ♦5
Player point: 20, Bot point: 19
Player win! Money: 524.0
========================
Round #100
Player cards: [♣T, ♠J], Bot cards:[♠J, ♦K]
Player points: [20, 20], Bot points:[20, 20]
Player point: 20, Bot point: 20
Draw! Money:524.0
========================
Round #101
Player cards: [♦6, ♥6], Bot cards:[♣3, ♥7]
Player points: [12, 12], Bot points:[10, 10]
-------- Split! Two hands: [15, 15], [8, 8]
For second hand:
Player get one more card ♥T
Bot get one more card ♥Q
Player point: 15, Bot point: 20
Player lose! Money: 504.0
========================
Player point: 18, Bot point: 20
Player lose! Money: 484.0
========================
Round #102
Player cards: [♥9, ♥J], Bot cards:[♣5, ♠T]
Player points: [19, 19], Bot points:[15, 15]
Bot get one more card ♠J
Player point: 19, Bot point: 25
Player win! Money: 504.0
========================
Round #103
Player cards: [♦4, ♣6], Bot cards:[♣2, ♦6]
Player points: [10, 10], Bot points:[8, 8]
----- Double Bet! -----
Player get one more card ♥7
Bot get one more card ♠8
Bot get one more card ♦K
Player point: 17, Bot point: 26
Player win! Money: 544.0
========================
Round #104
Player cards: [♠3, ♥J], Bot cards:[♠5, ♥T]
Player points: [13, 13], Bot points:[15, 15]
Bot get one more card ♦A
Bot get one more card ♦7
Player point: 13, Bot point: 23
Player win! Money: 564.0
========================
Round #105
New deck
Player cards: [♣5, ♠T], Bot cards:[♦7, ♣T]
Player points: [15, 15], Bot points:[17, 17]
Player get one more card ♣9
Player point: 24, Bot point: 17
Player lose! Money: 544.0
========================
Round #106
Player cards: [♣7, ♥A], Bot cards:[♦2, ♥8]
Player points: [8, 18], Bot points:[10, 10]
Bot get one more card ♠A
Bot get one more card ♣7
Player point: 18, Bot point: 18
Draw! Money:544.0
========================
Round #107
Player cards: [♣6, ♠A], Bot cards:[♦3, ♦J]
Player points: [7, 17], Bot points:[13, 13]
Bot get one more card ♣A
Bot get one more card ♣3
Player point: 17, Bot point: 17
Draw! Money:544.0
========================
Round #108
Player cards: [♠4, ♦9], Bot cards:[♠3, ♣T]
Player points: [13, 13], Bot points:[13, 13]
Bot get one more card ♣4
Player point: 13, Bot point: 17
Player lose! Money: 524.0
========================
Round #109
Player cards: [♥5, ♥Q], Bot cards:[♠8, ♣Q]
Player points: [15, 15], Bot points:[18, 18]
Player get one more card ♣Q
Player point: 25, Bot point: 18
Player lose! Money: 504.0
========================
Round #110
Player cards: [♥9, ♠T], Bot cards:[♠7, ♦9]
Player points: [19, 19], Bot points:[16, 16]
Bot get one more card ♣5
Player point: 19, Bot point: 21
Player lose! Money: 484.0
========================
Round #111
Player cards: [♣2, ♦5], Bot cards:[♦4, ♥4]
Player points: [7, 7], Bot points:[8, 8]
Player get one more card ♠T
Bot get one more card ♠4
Bot get one more card ♥9
Player point: 17, Bot point: 21
Player lose! Money: 464.0
========================
Round #112
Player cards: [♥8, ♠J], Bot cards:[♠2, ♠5]
Player points: [18, 18], Bot points:[7, 7]
Bot get one more card ♠K
Player point: 18, Bot point: 17
Player win! Money: 484.0
========================
Round #113
Player cards: [♥Q, ♣K], Bot cards:[♥7, ♥T]
Player points: [20, 20], Bot points:[17, 17]
Player point: 20, Bot point: 17
Player win! Money: 504.0
========================
Round #114
Player cards: [♦2, ♠3], Bot cards:[♥J, ♥K]
Player points: [5, 5], Bot points:[20, 20]
Player get one more card ♣Q
Player get one more card ♦T
Player point: 25, Bot point: 20
Player lose! Money: 484.0
========================
Round #115
Player cards: [♣2, ♣6], Bot cards:[♠3, ♦6]
Player points: [8, 8], Bot points:[9, 9]
Player get one more card ♣3
Player get one more card ♦Q
Bot get one more card ♣3
Bot get one more card ♦6
Player point: 21, Bot point: 18
Player win! Money: 504.0
========================
Round #116
Player cards: [♠2, ♥7], Bot cards:[♣4, ♦Q]
Player points: [9, 9], Bot points:[14, 14]
----- Double Bet! -----
Player get one more card ♦J
Bot get one more card ♦A
Bot get one more card ♦T
Player point: 19, Bot point: 25
Player win! Money: 544.0
========================
Round #117
Player cards: [♥9, ♠T], Bot cards:[♣8, ♥T]
Player points: [19, 19], Bot points:[18, 18]
Player point: 19, Bot point: 18
Player win! Money: 564.0
========================
Round #118
Player cards: [♥3, ♠K], Bot cards:[♥6, ♠Q]
Player points: [13, 13], Bot points:[16, 16]
Bot get one more card ♦K
Player point: 13, Bot point: 26
Player win! Money: 584.0
========================
Round #119
Player cards: [♣2, ♥K], Bot cards:[♣4, ♠5]
Player points: [12, 12], Bot points:[9, 9]
Bot get one more card ♦5
Bot get one more card ♥4
Player point: 12, Bot point: 18
Player lose! Money: 564.0
========================
Round #120
Player cards: [♣3, ♣A], Bot cards:[♥2, ♥7]
Player points: [4, 14], Bot points:[9, 9]
Bot get one more card ♠T
Player point: 14, Bot point: 19
Player lose! Money: 544.0
========================
Round #121
Player cards: [♥5, ♠Q], Bot cards:[♠4, ♦A]
Player points: [15, 15], Bot points:[5, 15]
Bot get one more card ♦7
Bot get one more card ♦A
Bot get one more card ♦8
Player point: 15, Bot point: 21
Player lose! Money: 524.0
========================
Round #122
Player cards: [♥8, ♥J], Bot cards:[♣7, ♠Q]
Player points: [18, 18], Bot points:[17, 17]
Player point: 18, Bot point: 17
Player win! Money: 544.0
========================
Round #123
Player cards: [♦4, ♣K], Bot cards:[♠5, ♣Q]
Player points: [14, 14], Bot points:[15, 15]
Bot get one more card ♠7
Player point: 14, Bot point: 22
Player win! Money: 564.0
========================
Round #124
Player cards: [♣2, ♥4], Bot cards:[♠9, ♥K]
Player points: [6, 6], Bot points:[19, 19]
Player get one more card ♣K
Player get one more card ♣6
Player point: 22, Bot point: 19
Player lose! Money: 544.0
========================
Round #125
Player cards: [♦Q, ♥K], Bot cards:[♠6, ♣J]
Player points: [20, 20], Bot points:[16, 16]
Bot get one more card ♠K
Player point: 20, Bot point: 26
Player win! Money: 564.0
========================
Round #126
Player cards: [♠8, ♣9], Bot cards:[♠2, ♠5]
Player points: [17, 17], Bot points:[7, 7]
Bot get one more card ♠9
Bot get one more card ♠6
Player point: 17, Bot point: 22
Player win! Money: 584.0
========================
Round #127
Player cards: [♥4, ♣A], Bot cards:[♥8, ♠J]
Player points: [5, 15], Bot points:[18, 18]
Player get one more card ♦5
Player point: 20, Bot point: 18
Player win! Money: 604.0
========================
Round #128
Player cards: [♦3, ♠4], Bot cards:[♠6, ♦T]
Player points: [7, 7], Bot points:[16, 16]
Player get one more card ♠9
Bot get one more card ♦7
Player point: 16, Bot point: 23
Player win! Money: 624.0
========================
Round #129
Player cards: [♥2, ♠J], Bot cards:[♥T, ♥A]
Player points: [12, 12], Bot points:[11, 21]
Player get one more card ♦5
Bot get one more card ♠6
Player point: 17, Bot point: 17
Draw! Money:624.0
========================
Round #130
Player cards: [♥3, ♦4], Bot cards:[♦3, ♥J]
Player points: [7, 7], Bot points:[13, 13]
Player get one more card ♦2
Player get one more card ♣9
Bot get one more card ♣A
Bot get one more card ♣T
Player point: 18, Bot point: 24
Player win! Money: 644.0
========================
Round #131
Player cards: [♦6, ♣7], Bot cards:[♥5, ♣8]
Player points: [13, 13], Bot points:[13, 13]
Bot get one more card ♠2
Bot get one more card ♥Q
Player point: 13, Bot point: 25
Player win! Money: 664.0
========================
Round #132
Player cards: [♥A, ♠A], Bot cards:[♣4, ♣9]
Player points: [2, 12], Bot points:[13, 13]
-------- Split! Two hands: [11, 21], [4, 14]
For second hand:
Bot get one more card ♥6
Player point: 21, Bot point: 19
------ BlackJack!! ------
Player win! Money: 690.0
========================
Player point: 14, Bot point: 19
Player lose! Money: 670.0
========================
Round #133
Player cards: [♠6, ♠8], Bot cards:[♣8, ♣8]
Player points: [14, 14], Bot points:[16, 16]
Player get one more card ♥9
Bot get one more card ♥Q
Player point: 23, Bot point: 26
Player lose! Money: 650.0
========================
Round #134
Player cards: [♦3, ♥3], Bot cards:[♥7, ♥K]
Player points: [6, 6], Bot points:[17, 17]
-------- Split! Two hands: [13, 13], [5, 5]
Player get one more card ♦T
For second hand:
Player get one more card ♣J
Player get one more card ♦4
Player point: 23, Bot point: 17
Player lose! Money: 630.0
========================
Player point: 19, Bot point: 17
Player win! Money: 650.0
========================
Round #135
Player cards: [♠Q, ♠K], Bot cards:[♣5, ♥5]
Player points: [20, 20], Bot points:[10, 10]
Bot get one more card ♦9
Player point: 20, Bot point: 19
Player win! Money: 670.0
========================
Round #136
Player cards: [♠9, ♣J], Bot cards:[♦9, ♥A]
Player points: [19, 19], Bot points:[10, 20]
Bot get one more card ♥9
Player point: 19, Bot point: 19
Draw! Money:670.0
========================
Round #137
Player cards: [♦8, ♥J], Bot cards:[♠J, ♦Q]
Player points: [18, 18], Bot points:[20, 20]
Player point: 18, Bot point: 20
Player lose! Money: 650.0
========================
Round #138
Player cards: [♣5, ♦7], Bot cards:[♥6, ♦J]
Player points: [12, 12], Bot points:[16, 16]
Bot get one more card ♠K
Player point: 12, Bot point: 26
Player win! Money: 670.0
========================
Round #139
Player cards: [♦8, ♦K], Bot cards:[♠8, ♠A]
Player points: [18, 18], Bot points:[9, 19]
Bot get one more card ♦K
Player point: 18, Bot point: 19
Player lose! Money: 650.0
========================
Round #140
Player cards: [♠7, ♣J], Bot cards:[♥3, ♠7]
Player points: [17, 17], Bot points:[10, 10]
Bot get one more card ♦6
Bot get one more card ♣K
Player point: 17, Bot point: 26
Player win! Money: 670.0
========================
Round #141
New deck
Player cards: [♦6, ♣Q], Bot cards:[♠8, ♠A]
Player points: [16, 16], Bot points:[9, 19]
Player get one more card ♦Q
Bot get one more card ♦9
Player point: 26, Bot point: 18
Player lose! Money: 650.0
========================
Round #142
Player cards: [♠2, ♥5], Bot cards:[♥3, ♠4]
Player points: [7, 7], Bot points:[7, 7]
Player get one more card ♦4
Player get one more card ♣K
Bot get one more card ♦2
Bot get one more card ♠3
Bot get one more card ♦8
Player point: 21, Bot point: 20
Player win! Money: 670.0
========================
Round #143
Player cards: [♥6, ♦9], Bot cards:[♦2, ♥9]
Player points: [15, 15], Bot points:[11, 11]
Bot get one more card ♦5
Bot get one more card ♣7
Player point: 15, Bot point: 23
Player win! Money: 690.0
========================
Round #144
Player cards: [♣5, ♦Q], Bot cards:[♠Q, ♦A]
Player points: [15, 15], Bot points:[11, 21]
Player get one more card ♦K
Bot get one more card ♦2
Bot get one more card ♣A
Bot get one more card ♠A
Bot get one more card ♥7
Player point: 25, Bot point: 22
Player lose! Money: 670.0
========================
Round #145
Player cards: [♣9, ♦J], Bot cards:[♠2, ♦8]
Player points: [19, 19], Bot points:[10, 10]
Bot get one more card ♥A
Bot get one more card ♠A
Bot get one more card ♠J
Player point: 19, Bot point: 22
Player win! Money: 690.0
========================
Round #146
Player cards: [♣2, ♠7], Bot cards:[♦3, ♥Q]
Player points: [9, 9], Bot points:[13, 13]
----- Double Bet! -----
Player get one more card ♠9
Bot get one more card ♠T
Player point: 18, Bot point: 23
Player win! Money: 730.0
========================
Round #147
Player cards: [♦8, ♠9], Bot cards:[♣6, ♥7]
Player points: [17, 17], Bot points:[13, 13]
Bot get one more card ♣J
Player point: 17, Bot point: 23
Player win! Money: 750.0
========================
Round #148
Player cards: [♦9, ♥T], Bot cards:[♦7, ♣K]
Player points: [19, 19], Bot points:[17, 17]
Player point: 19, Bot point: 17
Player win! Money: 770.0
========================
Round #149
Player cards: [♠6, ♠Q], Bot cards:[♦8, ♦J]
Player points: [16, 16], Bot points:[18, 18]
Player get one more card ♥Q
Player point: 26, Bot point: 18
Player lose! Money: 750.0
========================
Round #150
Player cards: [♥7, ♥J], Bot cards:[♥2, ♥6]
Player points: [17, 17], Bot points:[8, 8]
Bot get one more card ♦A
Bot get one more card ♥K
Player point: 17, Bot point: 19
Player lose! Money: 730.0
========================
Round #151
Player cards: [♥2, ♠J], Bot cards:[♥6, ♥9]
Player points: [12, 12], Bot points:[15, 15]
Bot get one more card ♥4
Player point: 12, Bot point: 19
Player lose! Money: 710.0
========================
Round #152
Player cards: [♥6, ♥9], Bot cards:[♥T, ♦J]
Player points: [15, 15], Bot points:[20, 20]
Player get one more card ♦4
Player point: 19, Bot point: 20
Player lose! Money: 690.0
========================
Round #153
Player cards: [♣9, ♦K], Bot cards:[♠2, ♠5]
Player points: [19, 19], Bot points:[7, 7]
Bot get one more card ♣A
Bot get one more card ♦2
Bot get one more card ♥Q
Player point: 19, Bot point: 20
Player lose! Money: 670.0
========================
Round #154
Player cards: [♠5, ♦K], Bot cards:[♣7, ♣T]
Player points: [15, 15], Bot points:[17, 17]
Player get one more card ♣T
Player point: 25, Bot point: 17
Player lose! Money: 650.0
========================
Round #155
Player cards: [♣9, ♠T], Bot cards:[♣5, ♠T]
Player points: [19, 19], Bot points:[15, 15]
Bot get one more card ♦Q
Player point: 19, Bot point: 25
Player win! Money: 670.0
========================
Round #156
Player cards: [♥3, ♣4], Bot cards:[♦8, ♠Q]
Player points: [7, 7], Bot points:[18, 18]
Player get one more card ♦T
Player point: 17, Bot point: 18
Player lose! Money: 650.0
========================
Round #157
Player cards: [♣J, ♠A], Bot cards:[♥6, ♠K]
Player points: [11, 21], Bot points:[16, 16]
Bot get one more card ♥3
Player point: 21, Bot point: 19
------ BlackJack!! ------
Player win! Money: 676.0
========================
Round #158
Player cards: [♣2, ♦T], Bot cards:[♠5, ♥K]
Player points: [12, 12], Bot points:[15, 15]
Bot get one more card ♥J
Player point: 12, Bot point: 25
Player win! Money: 696.0
========================
Round #159
Player cards: [♣Q, ♦A], Bot cards:[♣Q, ♥Q]
Player points: [11, 21], Bot points:[20, 20]
Player point: 21, Bot point: 20
------ BlackJack!! ------
Player win! Money: 722.0
========================
Round #160
Player cards: [♣6, ♥A], Bot cards:[♦6, ♠9]
Player points: [7, 17], Bot points:[15, 15]
Bot get one more card ♣3
Player point: 17, Bot point: 18
Player lose! Money: 702.0
========================
Round #161
Player cards: [♥2, ♥4], Bot cards:[♥8, ♦K]
Player points: [6, 6], Bot points:[18, 18]
Player get one more card ♦3
Player get one more card ♠9
Player point: 18, Bot point: 18
Draw! Money:702.0
========================
Round #162
Player cards: [♠4, ♥A], Bot cards:[♣4, ♠7]
Player points: [5, 15], Bot points:[11, 11]
Bot get one more card ♥J
Player point: 15, Bot point: 21
Player lose! Money: 682.0
========================
Round #163
Player cards: [♥4, ♠9], Bot cards:[♠3, ♣K]
Player points: [13, 13], Bot points:[13, 13]
Bot get one more card ♥8
Player point: 13, Bot point: 21
Player lose! Money: 662.0
========================
Round #164
Player cards: [♠7, ♣T], Bot cards:[♦7, ♦T]
Player points: [17, 17], Bot points:[17, 17]
Player point: 17, Bot point: 17
Draw! Money:662.0
========================
Round #165
Player cards: [♠8, ♥K], Bot cards:[♣4, ♦J]
Player points: [18, 18], Bot points:[14, 14]
Bot get one more card ♣5
Player point: 18, Bot point: 19
Player lose! Money: 642.0
========================
Round #166
Player cards: [♠4, ♦A], Bot cards:[♦7, ♣J]
Player points: [5, 15], Bot points:[17, 17]
Player get one more card ♣A
Player get one more card ♣Q
Player get one more card ♣8
Player point: 24, Bot point: 17
Player lose! Money: 622.0
========================
Round #167
Player cards: [♠3, ♥3], Bot cards:[♠5, ♥T]
Player points: [6, 6], Bot points:[15, 15]
-------- Split! Two hands: [13, 13], [10, 10]
For second hand:
----- Double Bet! -----
Player get one more card ♦A
Bot get one more card ♦3
Player point: 13, Bot point: 18
Player lose! Money: 602.0
========================
Player point: 21, Bot point: 18
Player win! Money: 642.0
========================
Round #168
Player cards: [♣8, ♦9], Bot cards:[♠8, ♣A]
Player points: [17, 17], Bot points:[9, 19]
Bot get one more card ♣5
Bot get one more card ♣2
Bot get one more card ♠J
Player point: 17, Bot point: 26
Player win! Money: 662.0
========================
Round #169
Player cards: [♠3, ♣6], Bot cards:[♦5, ♦Q]
Player points: [9, 9], Bot points:[15, 15]
----- Double Bet! -----
Player get one more card ♣J
Bot get one more card ♥8
Player point: 19, Bot point: 23
Player win! Money: 702.0
========================
Round #170
Player cards: [♥5, ♣6], Bot cards:[♥5, ♥8]
Player points: [11, 11], Bot points:[13, 13]
----- Double Bet! -----
Player get one more card ♥T
Bot get one more card ♦4
Player point: 21, Bot point: 17
Player win! Money: 742.0
========================
Round #171
Player cards: [♠2, ♥T], Bot cards:[♠6, ♣8]
Player points: [12, 12], Bot points:[14, 14]
Bot get one more card ♣T
Player point: 12, Bot point: 24
Player win! Money: 762.0
========================
Round #172
Player cards: [♣3, ♠T], Bot cards:[♥4, ♦7]
Player points: [13, 13], Bot points:[11, 11]
Bot get one more card ♦5
Bot get one more card ♣9
Player point: 13, Bot point: 25
Player win! Money: 782.0
========================
Round #173
Player cards: [♥7, ♠K], Bot cards:[♦2, ♠8]
Player points: [17, 17], Bot points:[10, 10]
Bot get one more card ♠J
Player point: 17, Bot point: 20
Player lose! Money: 762.0
========================
Round #174
Player cards: [♣3, ♠7], Bot cards:[♥2, ♣2]
Player points: [10, 10], Bot points:[4, 4]
----- Double Bet! -----
Player get one more card ♣8
Bot get one more card ♣T
Bot get one more card ♥5
Player point: 18, Bot point: 19
Player lose! Money: 722.0
========================
Round #175
Player cards: [♣4, ♠4], Bot cards:[♦6, ♣7]
Player points: [8, 8], Bot points:[13, 13]
Player get one more card ♦6
Bot get one more card ♥J
Player point: 14, Bot point: 23
Player win! Money: 742.0
========================
Round #176
Player cards: [♦4, ♠6], Bot cards:[♠6, ♠K]
Player points: [10, 10], Bot points:[16, 16]
----- Double Bet! -----
Player get one more card ♠K
Bot get one more card ♥9
Player point: 20, Bot point: 25
Player win! Money: 782.0
========================
Round #177
New deck
Player cards: [♠4, ♦5], Bot cards:[♠6, ♠7]
Player points: [9, 9], Bot points:[13, 13]
----- Double Bet! -----
Player get one more card ♦5
Bot get one more card ♥6
Player point: 14, Bot point: 19
Player lose! Money: 742.0
========================
Round #178
Player cards: [♥J, ♠Q], Bot cards:[♥2, ♦7]
Player points: [20, 20], Bot points:[9, 9]
Bot get one more card ♥A
Bot get one more card ♥T
Player point: 20, Bot point: 20
Draw! Money:742.0
========================
Round #179
Player cards: [♣4, ♣8], Bot cards:[♣6, ♠Q]
Player points: [12, 12], Bot points:[16, 16]
Bot get one more card ♠7
Player point: 12, Bot point: 23
Player win! Money: 762.0
========================
Round #180
Player cards: [♣4, ♥K], Bot cards:[♦4, ♣4]
Player points: [14, 14], Bot points:[8, 8]
Bot get one more card ♣K
Player point: 14, Bot point: 18
Player lose! Money: 742.0
========================
Round #181
Player cards: [♦K, ♥K], Bot cards:[♥7, ♦7]
Player points: [20, 20], Bot points:[14, 14]
Bot get one more card ♣7
Player point: 20, Bot point: 21
Player lose! Money: 722.0
========================
Round #182
Player cards: [♥T, ♦K], Bot cards:[♥2, ♣2]
Player points: [20, 20], Bot points:[4, 4]
Bot get one more card ♦T
Bot get one more card ♠A
Bot get one more card ♣T
Player point: 20, Bot point: 25
Player win! Money: 742.0
========================
Round #183
Player cards: [♦9, ♣9], Bot cards:[♥6, ♣A]
Player points: [18, 18], Bot points:[7, 17]
-------- Split! Two hands: [19, 19], [19, 19]
For second hand:
Bot get one more card ♣3
Bot get one more card ♦9
Player point: 19, Bot point: 19
Draw! Money:742.0
========================
Player point: 19, Bot point: 19
Draw! Money:742.0
========================
Round #184
Player cards: [♦5, ♦K], Bot cards:[♣2, ♥5]
Player points: [15, 15], Bot points:[7, 7]
Bot get one more card ♠3
Bot get one more card ♦6
Bot get one more card ♥3
Player point: 15, Bot point: 19
Player lose! Money: 722.0
========================
Round #185
Player cards: [♠3, ♥9], Bot cards:[♥2, ♣3]
Player points: [12, 12], Bot points:[5, 5]
Player get one more card ♦7
Bot get one more card ♣4
Bot get one more card ♠4
Bot get one more card ♦3
Bot get one more card ♥8
Player point: 19, Bot point: 24
Player win! Money: 742.0
========================
Round #186
Player cards: [♠J, ♥K], Bot cards:[♥3, ♠A]
Player points: [20, 20], Bot points:[4, 14]
Bot get one more card ♠9
Bot get one more card ♥4
Player point: 20, Bot point: 17
Player win! Money: 762.0
========================
Round #187
Player cards: [♦5, ♠K], Bot cards:[♥4, ♦8]
Player points: [15, 15], Bot points:[12, 12]
Bot get one more card ♣6
Player point: 15, Bot point: 18
Player lose! Money: 742.0
========================
Round #188
Player cards: [♦6, ♥7], Bot cards:[♣6, ♥8]
Player points: [13, 13], Bot points:[14, 14]
Bot get one more card ♣T
Player point: 13, Bot point: 24
Player win! Money: 762.0
========================
Round #189
Player cards: [♣2, ♠4], Bot cards:[♥3, ♦8]
Player points: [6, 6], Bot points:[11, 11]
Player get one more card ♠6
Player get one more card ♥T
Bot get one more card ♥T
Player point: 22, Bot point: 21
Player lose! Money: 742.0
========================
Round #190
Player cards: [♠8, ♠J], Bot cards:[♣8, ♠Q]
Player points: [18, 18], Bot points:[18, 18]
Player point: 18, Bot point: 18
Draw! Money:742.0
========================
Round #191
Player cards: [♣5, ♥J], Bot cards:[♠6, ♥8]
Player points: [15, 15], Bot points:[14, 14]
Bot get one more card ♦5
Player point: 15, Bot point: 19
Player lose! Money: 722.0
========================
Round #192
Player cards: [♦4, ♦A], Bot cards:[♦3, ♣9]
Player points: [5, 15], Bot points:[12, 12]
Bot get one more card ♣J
Player point: 15, Bot point: 22
Player win! Money: 742.0
========================
Round #193
Player cards: [♦6, ♦T], Bot cards:[♠9, ♠T]
Player points: [16, 16], Bot points:[19, 19]
Player get one more card ♦8
Player point: 24, Bot point: 19
Player lose! Money: 722.0
========================
Round #194
Player cards: [♥6, ♦T], Bot cards:[♦4, ♦A]
Player points: [16, 16], Bot points:[5, 15]
Bot get one more card ♠K
Bot get one more card ♠A
Bot get one more card ♥9
Player point: 16, Bot point: 25
Player win! Money: 742.0
========================
Round #195
Player cards: [♦2, ♥Q], Bot cards:[♣8, ♥K]
Player points: [12, 12], Bot points:[18, 18]
Player get one more card ♣5
Player point: 17, Bot point: 18
Player lose! Money: 722.0
========================
Round #196
Player cards: [♠3, ♠9], Bot cards:[♦3, ♦4]
Player points: [12, 12], Bot points:[7, 7]
Player get one more card ♣5
Bot get one more card ♣7
Bot get one more card ♦3
Player point: 17, Bot point: 17
Draw! Money:722.0
========================
Round #197
Player cards: [♠5, ♣K], Bot cards:[♠2, ♠8]
Player points: [15, 15], Bot points:[10, 10]
Bot get one more card ♠K
Player point: 15, Bot point: 20
Player lose! Money: 702.0
========================
Round #198
Player cards: [♣J, ♦K], Bot cards:[♣Q, ♣K]
Player points: [20, 20], Bot points:[20, 20]
Player point: 20, Bot point: 20
Draw! Money:702.0
========================
Round #199
Player cards: [♥3, ♥9], Bot cards:[♦2, ♠7]
Player points: [12, 12], Bot points:[9, 9]
Player get one more card ♥7
Bot get one more card ♥8
Player point: 19, Bot point: 17
Player win! Money: 722.0
========================
Round #200
Player cards: [♣9, ♦T], Bot cards:[♠5, ♠T]
Player points: [19, 19], Bot points:[15, 15]
Bot get one more card ♠A
Bot get one more card ♣T
Player point: 19, Bot point: 26
Player win! Money: 742.0
========================
Round #201
Player cards: [♦2, ♥7], Bot cards:[♦7, ♠8]
Player points: [9, 9], Bot points:[15, 15]
Player get one more card ♦Q
Bot get one more card ♥J
Player point: 19, Bot point: 25
Player win! Money: 762.0
========================
Round #202
Player cards: [♦9, ♦Q], Bot cards:[♠2, ♦9]
Player points: [19, 19], Bot points:[11, 11]
Bot get one more card ♥Q
Player point: 19, Bot point: 21
Player lose! Money: 742.0
========================
Round #203
Player cards: [♥2, ♦A], Bot cards:[♠2, ♠8]
Player points: [3, 13], Bot points:[10, 10]
Bot get one more card ♥2
Bot get one more card ♦A
Bot get one more card ♦Q
Player point: 13, Bot point: 23
Player win! Money: 762.0
========================
Round #204
Player cards: [♥Q, ♠K], Bot cards:[♦3, ♥J]
Player points: [20, 20], Bot points:[13, 13]
Bot get one more card ♥A
Bot get one more card ♣8
Player point: 20, Bot point: 22
Player win! Money: 782.0
========================
Round #205
Player cards: [♠2, ♠9], Bot cards:[♣6, ♥A]
Player points: [11, 11], Bot points:[7, 17]
----- Double Bet! -----
Player get one more card ♥4
Bot get one more card ♣5
Bot get one more card ♠4
Bot get one more card ♥K
Player point: 15, Bot point: 26
Player win! Money: 822.0
========================
Round #206
Player cards: [♥9, ♣A], Bot cards:[♠Q, ♥A]
Player points: [10, 20], Bot points:[11, 21]
Bot get one more card ♣3
Bot get one more card ♣7
Player point: 20, Bot point: 21
Player lose! Money: 802.0
========================
Round #207
Player cards: [♠T, ♣Q], Bot cards:[♥5, ♠6]
Player points: [20, 20], Bot points:[11, 11]
Bot get one more card ♣Q
Player point: 20, Bot point: 21
Player lose! Money: 782.0
========================
Round #208
Player cards: [♣3, ♣7], Bot cards:[♣3, ♥6]
Player points: [10, 10], Bot points:[9, 9]
----- Double Bet! -----
Player get one more card ♣2
Bot get one more card ♣K
Player point: 12, Bot point: 19
Player lose! Money: 742.0
========================
Round #209
Player cards: [♠3, ♣Q], Bot cards:[♣9, ♣J]
Player points: [13, 13], Bot points:[19, 19]
Player get one more card ♣A
Player get one more card ♠J
Player point: 24, Bot point: 19
Player lose! Money: 722.0
========================
Round #210
Player cards: [♠5, ♦J], Bot cards:[♦6, ♦Q]
Player points: [15, 15], Bot points:[16, 16]
Bot get one more card ♠7
Player point: 15, Bot point: 23
Player win! Money: 742.0
========================
Round #211
Player cards: [♣T, ♦J], Bot cards:[♥4, ♣A]
Player points: [20, 20], Bot points:[5, 15]
Bot get one more card ♠T
Bot get one more card ♦2
Player point: 20, Bot point: 17
Player win! Money: 762.0
========================
Round #212
Player cards: [♦8, ♠J], Bot cards:[♥5, ♣K]
Player points: [18, 18], Bot points:[15, 15]
Bot get one more card ♠5
Player point: 18, Bot point: 20
Player lose! Money: 742.0
========================
Round #213
New deck
Player cards: [♣6, ♣J], Bot cards:[♠4, ♣A]
Player points: [16, 16], Bot points:[5, 15]
Bot get one more card ♦5
Bot get one more card ♦9
Player point: 16, Bot point: 19
Player lose! Money: 722.0
========================
Round #214
Player cards: [♦4, ♣8], Bot cards:[♦2, ♣T]
Player points: [12, 12], Bot points:[12, 12]
Player get one more card ♥8
Bot get one more card ♠6
Player point: 20, Bot point: 18
Player win! Money: 742.0
========================
Round #215
Player cards: [♦8, ♣A], Bot cards:[♠8, ♠9]
Player points: [9, 19], Bot points:[17, 17]
Player point: 19, Bot point: 17
Player win! Money: 762.0
========================
Round #216
Player cards: [♠3, ♠3], Bot cards:[♣2, ♥3]
Player points: [6, 6], Bot points:[5, 5]
Player get one more card ♥7
Bot get one more card ♦8
Bot get one more card ♥Q
Player point: 13, Bot point: 23
Player win! Money: 782.0
========================
Round #217
Player cards: [♦2, ♦K], Bot cards:[♦6, ♠Q]
Player points: [12, 12], Bot points:[16, 16]
Bot get one more card ♠7
Player point: 12, Bot point: 23
Player win! Money: 802.0
========================
Round #218
Player cards: [♦6, ♦J], Bot cards:[♠7, ♣J]
Player points: [16, 16], Bot points:[17, 17]
Player get one more card ♣A
Player point: 17, Bot point: 17
Draw! Money:802.0
========================
Round #219
Player cards: [♣9, ♠A], Bot cards:[♣J, ♠J]
Player points: [10, 20], Bot points:[20, 20]
Player point: 20, Bot point: 20
Draw! Money:802.0
========================
Round #220
Player cards: [♦6, ♠Q], Bot cards:[♥5, ♣J]
Player points: [16, 16], Bot points:[15, 15]
Bot get one more card ♠Q
Player point: 16, Bot point: 25
Player win! Money: 822.0
========================
Round #221
Player cards: [♠4, ♥7], Bot cards:[♥7, ♥A]
Player points: [11, 11], Bot points:[8, 18]
----- Double Bet! -----
Player get one more card ♠Q
Bot get one more card ♦4
Bot get one more card ♥J
Player point: 21, Bot point: 22
Player win! Money: 862.0
========================
Round #222
Player cards: [♣2, ♣Q], Bot cards:[♦5, ♠K]
Player points: [12, 12], Bot points:[15, 15]
Bot get one more card ♦4
Player point: 12, Bot point: 19
Player lose! Money: 842.0
========================
Round #223
Player cards: [♦3, ♥3], Bot cards:[♦7, ♣8]
Player points: [6, 6], Bot points:[15, 15]
-------- Split! Two hands: [13, 13], [9, 9]
Player get one more card ♣5
For second hand:
Player get one more card ♥2
Player get one more card ♦7
Bot get one more card ♠6
Player point: 18, Bot point: 21
Player lose! Money: 822.0
========================
Player point: 18, Bot point: 21
Player lose! Money: 802.0
========================
Round #224
Player cards: [♠2, ♣K], Bot cards:[♣T, ♠J]
Player points: [12, 12], Bot points:[20, 20]
Player get one more card ♥9
Player point: 21, Bot point: 20
Player win! Money: 822.0
========================
Round #225
Player cards: [♦7, ♣8], Bot cards:[♠4, ♦9]
Player points: [15, 15], Bot points:[13, 13]
Bot get one more card ♠5
Player point: 15, Bot point: 18
Player lose! Money: 802.0
========================
Round #226
Player cards: [♥T, ♦A], Bot cards:[♣2, ♥9]
Player points: [11, 21], Bot points:[11, 11]
Bot get one more card ♥J
Player point: 21, Bot point: 21
Player lose! Money: 782.0
========================
Round #227
Player cards: [♠7, ♥9], Bot cards:[♦T, ♣T]
Player points: [16, 16], Bot points:[20, 20]
Player get one more card ♣7
Player point: 23, Bot point: 20
Player lose! Money: 762.0
========================
Round #228
Player cards: [♣3, ♣9], Bot cards:[♠2, ♣5]
Player points: [12, 12], Bot points:[7, 7]
Player get one more card ♥5
Bot get one more card ♣4
Bot get one more card ♦3
Bot get one more card ♣4
Player point: 17, Bot point: 18
Player lose! Money: 742.0
========================
Round #229
Player cards: [♠9, ♦A], Bot cards:[♦3, ♠K]
Player points: [10, 20], Bot points:[13, 13]
Bot get one more card ♥2
Bot get one more card ♣3
Player point: 20, Bot point: 18
Player win! Money: 762.0
========================
Round #230
Player cards: [♠7, ♥Q], Bot cards:[♠K, ♥A]
Player points: [17, 17], Bot points:[11, 21]
Bot get one more card ♦Q
Player point: 17, Bot point: 21
Player lose! Money: 742.0
========================
Round #231
Player cards: [♥6, ♠T], Bot cards:[♥4, ♥Q]
Player points: [16, 16], Bot points:[14, 14]
Bot get one more card ♥K
Player point: 16, Bot point: 24
Player win! Money: 762.0
========================
Round #232
Player cards: [♦Q, ♦A], Bot cards:[♥K, ♥A]
Player points: [11, 21], Bot points:[11, 21]
Bot get one more card ♣K
Player point: 21, Bot point: 21
Player lose! Money: 742.0
========================
Round #233
Player cards: [♣5, ♦9], Bot cards:[♥4, ♥5]
Player points: [14, 14], Bot points:[9, 9]
Bot get one more card ♦8
Player point: 14, Bot point: 17
Player lose! Money: 722.0
========================
Round #234
Player cards: [♥2, ♣K], Bot cards:[♠J, ♦K]
Player points: [12, 12], Bot points:[20, 20]
Player get one more card ♦T
Player point: 22, Bot point: 20
Player lose! Money: 702.0
========================
Round #235
Player cards: [♣Q, ♦A], Bot cards:[♥8, ♣9]
Player points: [11, 21], Bot points:[17, 17]
Player point: 21, Bot point: 17
------ BlackJack!! ------
Player win! Money: 728.0
========================
Round #236
Player cards: [♠3, ♣6], Bot cards:[♠8, ♣K]
Player points: [9, 9], Bot points:[18, 18]
Player get one more card ♦7
Player get one more card ♥3
Player point: 19, Bot point: 18
Player win! Money: 748.0
========================
Round #237
Player cards: [♣6, ♦T], Bot cards:[♣9, ♦K]
Player points: [16, 16], Bot points:[19, 19]
Player get one more card ♥4
Player point: 20, Bot point: 19
Player win! Money: 768.0
========================
Round #238
Player cards: [♦8, ♣T], Bot cards:[♦2, ♥4]
Player points: [18, 18], Bot points:[6, 6]
Bot get one more card ♥7
Bot get one more card ♥Q
Player point: 18, Bot point: 23
Player win! Money: 788.0
========================
Round #239
Player cards: [♦6, ♥J], Bot cards:[♠5, ♦J]
Player points: [16, 16], Bot points:[15, 15]
Bot get one more card ♣5
Player point: 16, Bot point: 20
Player lose! Money: 768.0
========================
Round #240
Player cards: [♦5, ♣7], Bot cards:[♠5, ♦Q]
Player points: [12, 12], Bot points:[15, 15]
Bot get one more card ♠A
Bot get one more card ♠T
Player point: 12, Bot point: 26
Player win! Money: 788.0
========================
Round #241
Player cards: [♣3, ♣8], Bot cards:[♠5, ♠8]
Player points: [11, 11], Bot points:[13, 13]
----- Double Bet! -----
Player get one more card ♣Q
Bot get one more card ♥T
Player point: 21, Bot point: 23
Player win! Money: 828.0
========================
Round #242
Player cards: [♥8, ♦J], Bot cards:[♠2, ♦K]
Player points: [18, 18], Bot points:[12, 12]
Bot get one more card ♠K
Player point: 18, Bot point: 22
Player win! Money: 848.0
========================
Round #243
Player cards: [♥T, ♥K], Bot cards:[♣3, ♠9]
Player points: [20, 20], Bot points:[12, 12]
Bot get one more card ♣A
Bot get one more card ♠J
Player point: 20, Bot point: 23
Player win! Money: 868.0
========================
Round #244
Player cards: [♥6, ♠A], Bot cards:[♣6, ♥K]
Player points: [7, 17], Bot points:[16, 16]
Bot get one more card ♣4
Player point: 17, Bot point: 20
Player lose! Money: 848.0
========================
Round #245
Player cards: [♥5, ♦Q], Bot cards:[♣7, ♠8]
Player points: [15, 15], Bot points:[15, 15]
Player get one more card ♥J
Bot get one more card ♦9
Player point: 25, Bot point: 24
Player lose! Money: 828.0
========================
Round #246
Player cards: [♣7, ♥A], Bot cards:[♦2, ♥5]
Player points: [8, 18], Bot points:[7, 7]
Bot get one more card ♠T
Player point: 18, Bot point: 17
Player win! Money: 848.0
========================
Round #247
Player cards: [♥3, ♥A], Bot cards:[♦3, ♦4]
Player points: [4, 14], Bot points:[7, 7]
Bot get one more card ♦T
Player point: 14, Bot point: 17
Player lose! Money: 828.0
========================
Round #248
Player cards: [♥8, ♠9], Bot cards:[♦J, ♠A]
Player points: [17, 17], Bot points:[11, 21]
Bot get one more card ♠4
Bot get one more card ♥2
Player point: 17, Bot point: 17
Draw! Money:828.0
========================
Round #249
Player cards: [♦5, ♥9], Bot cards:[♥6, ♥Q]
Player points: [14, 14], Bot points:[16, 16]
Bot get one more card ♣Q
Player point: 14, Bot point: 26
Player win! Money: 848.0
========================
Round #250
Player cards: [♠6, ♣6], Bot cards:[♣2, ♠2]
Player points: [12, 12], Bot points:[4, 4]
-------- Split! Two hands: [12, 12], [10, 10]
Player get one more card ♠3
For second hand:
----- Double Bet! -----
Player get one more card ♣J
Bot get one more card ♠T
Bot get one more card ♦J
Player point: 15, Bot point: 24
Player win! Money: 868.0
========================
Player point: 20, Bot point: 24
Player win! Money: 908.0
========================
Round #251
New deck
Player cards: [♠5, ♥8], Bot cards:[♠7, ♦T]
Player points: [13, 13], Bot points:[17, 17]
Player get one more card ♠6
Player point: 19, Bot point: 17
Player win! Money: 928.0
========================
Round #252
Player cards: [♠6, ♠Q], Bot cards:[♣3, ♥4]
Player points: [16, 16], Bot points:[7, 7]
Bot get one more card ♥6
Bot get one more card ♥Q
Player point: 16, Bot point: 23
Player win! Money: 948.0
========================
Round #253
Player cards: [♣2, ♥7], Bot cards:[♣2, ♥A]
Player points: [9, 9], Bot points:[3, 13]
Player get one more card ♦7
Bot get one more card ♠K
Bot get one more card ♠J
Player point: 16, Bot point: 23
Player win! Money: 968.0
========================
Round #254
Player cards: [♣4, ♠9], Bot cards:[♥3, ♣A]
Player points: [13, 13], Bot points:[4, 14]
Bot get one more card ♠8
Bot get one more card ♥7
Player point: 13, Bot point: 19
Player lose! Money: 948.0
========================
Round #255
Player cards: [♥T, ♥A], Bot cards:[♠9, ♥K]
Player points: [11, 21], Bot points:[19, 19]
Player point: 21, Bot point: 19
------ BlackJack!! ------
Player win! Money: 974.0
========================
Round #256
Player cards: [♥2, ♥J], Bot cards:[♣2, ♥4]
Player points: [12, 12], Bot points:[6, 6]
Player get one more card ♣T
Bot get one more card ♣Q
Bot get one more card ♠9
Player point: 22, Bot point: 25
Player lose! Money: 954.0
========================
Round #257
Player cards: [♦8, ♦T], Bot cards:[♦9, ♥K]
Player points: [18, 18], Bot points:[19, 19]
Player point: 18, Bot point: 19
Player lose! Money: 934.0
========================
Round #258
Player cards: [♠4, ♥9], Bot cards:[♦4, ♠5]
Player points: [13, 13], Bot points:[9, 9]
Bot get one more card ♠J
Player point: 13, Bot point: 19
Player lose! Money: 914.0
========================
Round #259
Player cards: [♥T, ♣J], Bot cards:[♦5, ♠A]
Player points: [20, 20], Bot points:[6, 16]
Bot get one more card ♣3
Bot get one more card ♠3
Bot get one more card ♠Q
Player point: 20, Bot point: 22
Player win! Money: 934.0
========================
Round #260
Player cards: [♥7, ♠9], Bot cards:[♦Q, ♠K]
Player points: [16, 16], Bot points:[20, 20]
Player get one more card ♣7
Player point: 23, Bot point: 20
Player lose! Money: 914.0
========================
Round #261
Player cards: [♥9, ♦A], Bot cards:[♥5, ♣7]
Player points: [10, 20], Bot points:[12, 12]
Bot get one more card ♣2
Bot get one more card ♥A
Bot get one more card ♣7
Player point: 20, Bot point: 22
Player win! Money: 934.0
========================
Round #262
Player cards: [♣5, ♣9], Bot cards:[♦3, ♦7]
Player points: [14, 14], Bot points:[10, 10]
Bot get one more card ♠A
Bot get one more card ♣9
Player point: 14, Bot point: 20
Player lose! Money: 914.0
========================
Round #263
Player cards: [♣8, ♥T], Bot cards:[♦5, ♣6]
Player points: [18, 18], Bot points:[11, 11]
Bot get one more card ♠8
Player point: 18, Bot point: 19
Player lose! Money: 894.0
========================
Round #264
Player cards: [♥3, ♦7], Bot cards:[♦3, ♥5]
Player points: [10, 10], Bot points:[8, 8]
----- Double Bet! -----
Player get one more card ♠J
Bot get one more card ♣4
Bot get one more card ♦3
Bot get one more card ♣7
Player point: 20, Bot point: 22
Player win! Money: 934.0
========================
Round #265
Player cards: [♥6, ♣Q], Bot cards:[♠4, ♦9]
Player points: [16, 16], Bot points:[13, 13]
Bot get one more card ♠2
Bot get one more card ♠3
Player point: 16, Bot point: 18
Player lose! Money: 914.0
========================
Round #266
Player cards: [♣9, ♦Q], Bot cards:[♣4, ♦8]
Player points: [19, 19], Bot points:[12, 12]
Bot get one more card ♥Q
Player point: 19, Bot point: 22
Player win! Money: 934.0
========================
Round #267
Player cards: [♥6, ♠Q], Bot cards:[♥T, ♦K]
Player points: [16, 16], Bot points:[20, 20]
Player get one more card ♦T
Player point: 26, Bot point: 20
Player lose! Money: 914.0
========================
Round #268
Player cards: [♦6, ♣K], Bot cards:[♠T, ♣Q]
Player points: [16, 16], Bot points:[20, 20]
Player get one more card ♠K
Player point: 26, Bot point: 20
Player lose! Money: 894.0
========================
Round #269
Player cards: [♦2, ♠3], Bot cards:[♦9, ♣T]
Player points: [5, 5], Bot points:[19, 19]
Player get one more card ♣A
Player get one more card ♥7
Player get one more card ♠3
Player get one more card ♣A
Player point: 17, Bot point: 19
Player lose! Money: 874.0
========================
Round #270
Player cards: [♥3, ♦5], Bot cards:[♦3, ♥4]
Player points: [8, 8], Bot points:[7, 7]
Player get one more card ♥J
Bot get one more card ♦7
Bot get one more card ♥K
Player point: 18, Bot point: 24
Player win! Money: 894.0
========================
Round #271
Player cards: [♣5, ♦6], Bot cards:[♠7, ♦Q]
Player points: [11, 11], Bot points:[17, 17]
----- Double Bet! -----
Player get one more card ♠8
Player point: 19, Bot point: 17
Player win! Money: 934.0
========================
Round #272
Player cards: [♣9, ♦T], Bot cards:[♦6, ♣K]
Player points: [19, 19], Bot points:[16, 16]
Bot get one more card ♣3
Player point: 19, Bot point: 19
Draw! Money:934.0
========================
Round #273
Player cards: [♠2, ♠2], Bot cards:[♣5, ♦A]
Player points: [4, 4], Bot points:[6, 16]
-------- Split! Two hands: [12, 12], [4, 4]
For second hand:
Player get one more card ♦K
Bot get one more card ♦4
Bot get one more card ♣6
Bot get one more card ♣A
Player point: 12, Bot point: 17
Player lose! Money: 914.0
========================
Player point: 14, Bot point: 17
Player lose! Money: 894.0
========================
Round #274
Player cards: [♠T, ♠J], Bot cards:[♠T, ♣K]
Player points: [20, 20], Bot points:[20, 20]
Player point: 20, Bot point: 20
Draw! Money:894.0
========================
Round #275
Player cards: [♣8, ♥Q], Bot cards:[♥5, ♥8]
Player points: [18, 18], Bot points:[13, 13]
Bot get one more card ♠A
Bot get one more card ♠Q
Player point: 18, Bot point: 24
Player win! Money: 914.0
========================
Round #276
Player cards: [♠7, ♣8], Bot cards:[♦2, ♠6]
Player points: [15, 15], Bot points:[8, 8]
Bot get one more card ♠A
Bot get one more card ♠5
Bot get one more card ♦8
Player point: 15, Bot point: 22
Player win! Money: 934.0
========================
Round #277
Player cards: [♥6, ♣J], Bot cards:[♦2, ♦A]
Player points: [16, 16], Bot points:[3, 13]
Bot get one more card ♦J
Bot get one more card ♥9
Player point: 16, Bot point: 22
Player win! Money: 954.0
========================
Round #278
Player cards: [♣T, ♣T], Bot cards:[♦9, ♦K]
Player points: [20, 20], Bot points:[19, 19]
Player point: 20, Bot point: 19
Player win! Money: 974.0
========================
Round #279
Player cards: [♠4, ♣J], Bot cards:[♥4, ♠6]
Player points: [14, 14], Bot points:[10, 10]
Bot get one more card ♥8
Player point: 14, Bot point: 18
Player lose! Money: 954.0
========================
Round #280
Player cards: [♣3, ♣Q], Bot cards:[♥2, ♦J]
Player points: [13, 13], Bot points:[12, 12]
Bot get one more card ♠K
Player point: 13, Bot point: 22
Player win! Money: 974.0
========================
Round #281
Player cards: [♥3, ♦J], Bot cards:[♠5, ♣8]
Player points: [13, 13], Bot points:[13, 13]
Bot get one more card ♦A
Bot get one more card ♥A
Bot get one more card ♠2
Player point: 13, Bot point: 17
Player lose! Money: 954.0
========================
Round #282
Player cards: [♦6, ♠7], Bot cards:[♥8, ♦8]
Player points: [13, 13], Bot points:[16, 16]
Player get one more card ♥5
Bot get one more card ♥9
Player point: 18, Bot point: 25
Player win! Money: 974.0
========================
Round #283
Player cards: [♦4, ♣5], Bot cards:[♥2, ♥J]
Player points: [9, 9], Bot points:[12, 12]
Player get one more card ♠T
Bot get one more card ♦5
Player point: 19, Bot point: 17
Player win! Money: 994.0
========================
Round #284
Player cards: [♠8, ♥Q], Bot cards:[♣4, ♥K]
Player points: [18, 18], Bot points:[14, 14]
Bot get one more card ♦4
Player point: 18, Bot point: 18
Draw! Money:994.0
========================
Round #285
New deck
Player cards: [♣Q, ♠A], Bot cards:[♣7, ♠K]
Player points: [11, 21], Bot points:[17, 17]
Player point: 21, Bot point: 17
------ BlackJack!! ------
Player win! Money: 1020.0
========================
Round #286
Player cards: [♠7, ♠9], Bot cards:[♥5, ♣5]
Player points: [16, 16], Bot points:[10, 10]
Bot get one more card ♥8
Player point: 16, Bot point: 18
Player lose! Money: 1000.0
========================
Round #287
Player cards: [♦4, ♦Q], Bot cards:[♣8, ♣K]
Player points: [14, 14], Bot points:[18, 18]
Player get one more card ♥4
Player point: 18, Bot point: 18
Draw! Money:1000.0
========================
Round #288
Player cards: [♣7, ♠8], Bot cards:[♠2, ♦T]
Player points: [15, 15], Bot points:[12, 12]
Bot get one more card ♠Q
Player point: 15, Bot point: 22
Player win! Money: 1020.0
========================
Round #289
Player cards: [♣J, ♥J], Bot cards:[♣6, ♠A]
Player points: [20, 20], Bot points:[7, 17]
Bot get one more card ♣6
Bot get one more card ♥Q
Player point: 20, Bot point: 23
Player win! Money: 1040.0
========================
Round #290
Player cards: [♠4, ♦5], Bot cards:[♦5, ♥Q]
Player points: [9, 9], Bot points:[15, 15]
----- Double Bet! -----
Player get one more card ♦5
Bot get one more card ♦A
Bot get one more card ♣8
Player point: 14, Bot point: 24
Player win! Money: 1080.0
========================
Round #291
Player cards: [♠J, ♦K], Bot cards:[♥3, ♥4]
Player points: [20, 20], Bot points:[7, 7]
Bot get one more card ♠9
Bot get one more card ♠7
Player point: 20, Bot point: 23
Player win! Money: 1100.0
========================
Round #292
Player cards: [♦6, ♦A], Bot cards:[♥6, ♥K]
Player points: [7, 17], Bot points:[16, 16]
Bot get one more card ♥T
Player point: 17, Bot point: 26
Player win! Money: 1120.0
========================
Round #293
Player cards: [♠4, ♥Q], Bot cards:[♠7, ♦K]
Player points: [14, 14], Bot points:[17, 17]
Player get one more card ♥7
Player point: 21, Bot point: 17
Player win! Money: 1140.0
========================
Round #294
Player cards: [♠3, ♠8], Bot cards:[♦7, ♦Q]
Player points: [11, 11], Bot points:[17, 17]
----- Double Bet! -----
Player get one more card ♠Q
Player point: 21, Bot point: 17
Player win! Money: 1180.0
========================
Round #295
Player cards: [♥3, ♣K], Bot cards:[♣2, ♣K]
Player points: [13, 13], Bot points:[12, 12]
Bot get one more card ♣A
Bot get one more card ♣K
Player point: 13, Bot point: 23
Player win! Money: 1200.0
========================
Round #296
Player cards: [♥5, ♦8], Bot cards:[♥6, ♣8]
Player points: [13, 13], Bot points:[14, 14]
Bot get one more card ♦2
Bot get one more card ♠6
Player point: 13, Bot point: 22
Player win! Money: 1220.0
========================
Round #297
Player cards: [♣3, ♦6], Bot cards:[♥2, ♣A]
Player points: [9, 9], Bot points:[3, 13]
Player get one more card ♣2
Player get one more card ♦7
Bot get one more card ♦8
Bot get one more card ♦9
Player point: 18, Bot point: 20
Player lose! Money: 1200.0
========================
Round #298
Player cards: [♠2, ♠T], Bot cards:[♥A, ♠A]
Player points: [12, 12], Bot points:[2, 12]
Player get one more card ♠K
Bot get one more card ♣Q
Bot get one more card ♦Q
Player point: 22, Bot point: 22
Player lose! Money: 1180.0
========================
Round #299
Player cards: [♠J, ♦Q], Bot cards:[♥9, ♥J]
Player points: [20, 20], Bot points:[19, 19]
Player point: 20, Bot point: 19
Player win! Money: 1200.0
========================
Round #300
Player cards: [♣6, ♥8], Bot cards:[♥7, ♣J]
Player points: [14, 14], Bot points:[17, 17]
Player get one more card ♣T
Player point: 24, Bot point: 17
Player lose! Money: 1180.0
========================
Round #301
Player cards: [♥2, ♣T], Bot cards:[♠J, ♦K]
Player points: [12, 12], Bot points:[20, 20]
Player get one more card ♠K
Player point: 22, Bot point: 20
Player lose! Money: 1160.0
========================
Round #302
Player cards: [♦4, ♣5], Bot cards:[♦3, ♠T]
Player points: [9, 9], Bot points:[13, 13]
----- Double Bet! -----
Player get one more card ♣4
Bot get one more card ♠A
Bot get one more card ♥9
Player point: 13, Bot point: 23
Player win! Money: 1200.0
========================
Round #303
Player cards: [♥4, ♥J], Bot cards:[♠3, ♠4]
Player points: [14, 14], Bot points:[7, 7]
Bot get one more card ♦2
Bot get one more card ♥7
Bot get one more card ♦3
Player point: 14, Bot point: 19
Player lose! Money: 1180.0
========================
Round #304
Player cards: [♦2, ♣8], Bot cards:[♥5, ♠T]
Player points: [10, 10], Bot points:[15, 15]
----- Double Bet! -----
Player get one more card ♠9
Bot get one more card ♥Q
Player point: 19, Bot point: 25
Player win! Money: 1220.0
========================
Round #305
Player cards: [♣2, ♠Q], Bot cards:[♣K, ♥A]
Player points: [12, 12], Bot points:[11, 21]
Player get one more card ♥2
Player get one more card ♣4
Bot get one more card ♠3
Bot get one more card ♦4
Player point: 18, Bot point: 18
Draw! Money:1220.0
========================
Round #306
Player cards: [♠4, ♥K], Bot cards:[♠6, ♠T]
Player points: [14, 14], Bot points:[16, 16]
Bot get one more card ♣4
Player point: 14, Bot point: 20
Player lose! Money: 1200.0
========================
Round #307
Player cards: [♥J, ♦K], Bot cards:[♦2, ♣T]
Player points: [20, 20], Bot points:[12, 12]
Bot get one more card ♥T
Player point: 20, Bot point: 22
Player win! Money: 1220.0
========================
Round #308
Player cards: [♣3, ♣7], Bot cards:[♥8, ♦T]
Player points: [10, 10], Bot points:[18, 18]
----- Double Bet! -----
Player get one more card ♦T
Player point: 20, Bot point: 18
Player win! Money: 1260.0
========================
Round #309
Player cards: [♦6, ♠8], Bot cards:[♦9, ♦J]
Player points: [14, 14], Bot points:[19, 19]
Player get one more card ♣9
Player point: 23, Bot point: 19
Player lose! Money: 1240.0
========================
Round #310
Player cards: [♣3, ♦7], Bot cards:[♦T, ♦K]
Player points: [10, 10], Bot points:[20, 20]
Player get one more card ♥T
Player point: 20, Bot point: 20
Draw! Money:1240.0
========================
Round #311
Player cards: [♣A, ♥A], Bot cards:[♥3, ♥J]
Player points: [2, 12], Bot points:[13, 13]
-------- Split! Two hands: [6, 16], [9, 19]
For second hand:
Bot get one more card ♣J
Player point: 16, Bot point: 23
Player win! Money: 1260.0
========================
Player point: 19, Bot point: 23
Player win! Money: 1280.0
========================
Round #312
Player cards: [♠5, ♦J], Bot cards:[♣9, ♣J]
Player points: [15, 15], Bot points:[19, 19]
Player get one more card ♥9
Player point: 24, Bot point: 19
Player lose! Money: 1260.0
========================
Round #313
Player cards: [♦6, ♥T], Bot cards:[♦3, ♦Q]
Player points: [16, 16], Bot points:[13, 13]
Bot get one more card ♠8
Player point: 16, Bot point: 21
Player lose! Money: 1240.0
========================
Round #314
Player cards: [♦8, ♠Q], Bot cards:[♥4, ♠5]
Player points: [18, 18], Bot points:[9, 9]
Bot get one more card ♥3
Bot get one more card ♥A
Bot get one more card ♠2
Bot get one more card ♠2
Player point: 18, Bot point: 17
Player win! Money: 1260.0
========================
Round #315
Player cards: [♠K, ♣A], Bot cards:[♣5, ♠6]
Player points: [11, 21], Bot points:[11, 11]
Bot get one more card ♣7
Player point: 21, Bot point: 18
------ BlackJack!! ------
Player win! Money: 1286.0
========================
Round #316
Player cards: [♠7, ♣Q], Bot cards:[♥5, ♥6]
Player points: [17, 17], Bot points:[11, 11]
Bot get one more card ♣2
Bot get one more card ♦4
Player point: 17, Bot point: 17
Draw! Money:1286.0
========================
Round #317
Player cards: [♥8, ♥K], Bot cards:[♦5, ♣9]
Player points: [18, 18], Bot points:[14, 14]
Bot get one more card ♣4
Player point: 18, Bot point: 18
Draw! Money:1286.0
========================
Round #318
Player cards: [♦J, ♥K], Bot cards:[♦9, ♦J]
Player points: [20, 20], Bot points:[19, 19]
Player point: 20, Bot point: 19
Player win! Money: 1306.0
========================
Round #319
Player cards: [♣6, ♥9], Bot cards:[♠J, ♦J]
Player points: [15, 15], Bot points:[20, 20]
Player get one more card ♣3
Player point: 18, Bot point: 20
Player lose! Money: 1286.0
========================
Round #320
Player cards: [♠3, ♦3], Bot cards:[♣6, ♠9]
Player points: [6, 6], Bot points:[15, 15]
-------- Split! Two hands: [4, 14], [10, 10]
For second hand:
----- Double Bet! -----
Player get one more card ♠4
Bot get one more card ♠6
Player point: 14, Bot point: 21
Player lose! Money: 1266.0
========================
Player point: 14, Bot point: 21
Player lose! Money: 1226.0
========================
Round #321
Player cards: [♥2, ♦9], Bot cards:[♥6, ♣9]
Player points: [11, 11], Bot points:[15, 15]
----- Double Bet! -----
Player get one more card ♣Q
Bot get one more card ♣T
Player point: 21, Bot point: 25
Player win! Money: 1266.0
========================
Round #322
New deck
Player cards: [♣3, ♥3], Bot cards:[♦3, ♥4]
Player points: [6, 6], Bot points:[7, 7]
Player get one more card ♥7
Bot get one more card ♣J
Player point: 13, Bot point: 17
Player lose! Money: 1246.0
========================
Round #323
Player cards: [♠2, ♦T], Bot cards:[♠6, ♦7]
Player points: [12, 12], Bot points:[13, 13]
Bot get one more card ♥8
Player point: 12, Bot point: 21
Player lose! Money: 1226.0
========================
Round #324
Player cards: [♠T, ♦J], Bot cards:[♠4, ♠K]
Player points: [20, 20], Bot points:[14, 14]
Bot get one more card ♥8
Player point: 20, Bot point: 22
Player win! Money: 1246.0
========================
Round #325
Player cards: [♣5, ♦J], Bot cards:[♥3, ♣4]
Player points: [15, 15], Bot points:[7, 7]
Bot get one more card ♣A
Bot get one more card ♦A
Bot get one more card ♠4
Bot get one more card ♠7
Player point: 15, Bot point: 20
Player lose! Money: 1226.0
========================
Round #326
Player cards: [♦8, ♣A], Bot cards:[♣6, ♣Q]
Player points: [9, 19], Bot points:[16, 16]
Bot get one more card ♥9
Player point: 19, Bot point: 25
Player win! Money: 1246.0
========================
Round #327
Player cards: [♥2, ♣K], Bot cards:[♦9, ♦Q]
Player points: [12, 12], Bot points:[19, 19]
Player get one more card ♣4
Player get one more card ♠8
Player point: 24, Bot point: 19
Player lose! Money: 1226.0
========================
Round #328
Player cards: [♠5, ♣Q], Bot cards:[♣6, ♣8]
Player points: [15, 15], Bot points:[14, 14]
Bot get one more card ♣9
Player point: 15, Bot point: 23
Player win! Money: 1246.0
========================
Round #329
Player cards: [♥Q, ♣A], Bot cards:[♠2, ♣Q]
Player points: [11, 21], Bot points:[12, 12]
Bot get one more card ♠Q
Player point: 21, Bot point: 22
------ BlackJack!! ------
Player win! Money: 1272.0
========================
Round #330
Player cards: [♠8, ♦Q], Bot cards:[♣K, ♦A]
Player points: [18, 18], Bot points:[11, 21]
Bot get one more card ♦6
Player point: 18, Bot point: 17
Player win! Money: 1292.0
========================
Round #331
Player cards: [♥3, ♦3], Bot cards:[♠2, ♦T]
Player points: [6, 6], Bot points:[12, 12]
Player get one more card ♦2
Player get one more card ♠J
Bot get one more card ♣9
Player point: 18, Bot point: 21
Player lose! Money: 1272.0
========================
Round #332
Player cards: [♥5, ♥Q], Bot cards:[♣9, ♥Q]
Player points: [15, 15], Bot points:[19, 19]
Player get one more card ♣3
Player point: 18, Bot point: 19
Player lose! Money: 1252.0
========================
Round #333
Player cards: [♣6, ♥J], Bot cards:[♥7, ♥A]
Player points: [16, 16], Bot points:[8, 18]
Player get one more card ♥T
Bot get one more card ♣J
Player point: 26, Bot point: 18
Player lose! Money: 1232.0
========================
Round #334
Player cards: [♥2, ♠5], Bot cards:[♣8, ♠T]
Player points: [7, 7], Bot points:[18, 18]
Player get one more card ♠3
Player get one more card ♣T
Player point: 20, Bot point: 18
Player win! Money: 1252.0
========================
Round #335
Player cards: [♣4, ♣T], Bot cards:[♣5, ♦A]
Player points: [14, 14], Bot points:[6, 16]
Bot get one more card ♦5
Bot get one more card ♦7
Player point: 14, Bot point: 18
Player lose! Money: 1232.0
========================
Round #336
Player cards: [♣3, ♦9], Bot cards:[♦6, ♣T]
Player points: [12, 12], Bot points:[16, 16]
Bot get one more card ♥6
Player point: 12, Bot point: 22
Player win! Money: 1252.0
========================
Round #337
Player cards: [♠6, ♠9], Bot cards:[♠4, ♠7]
Player points: [15, 15], Bot points:[11, 11]
Bot get one more card ♦5
Bot get one more card ♦6
Player point: 15, Bot point: 22
Player win! Money: 1272.0
========================
Round #338
Player cards: [♠3, ♠K], Bot cards:[♥3, ♦J]
Player points: [13, 13], Bot points:[13, 13]
Bot get one more card ♦A
Bot get one more card ♠7
Player point: 13, Bot point: 21
Player lose! Money: 1252.0
========================
Round #339
Player cards: [♦4, ♥5], Bot cards:[♦5, ♠J]
Player points: [9, 9], Bot points:[15, 15]
----- Double Bet! -----
Player get one more card ♦K
Bot get one more card ♥6
Player point: 19, Bot point: 21
Player lose! Money: 1212.0
========================
Round #340
Player cards: [♣7, ♠8], Bot cards:[♦3, ♣K]
Player points: [15, 15], Bot points:[13, 13]
Bot get one more card ♦7
Player point: 15, Bot point: 20
Player lose! Money: 1192.0
========================
Round #341
Player cards: [♣8, ♥A], Bot cards:[♠2, ♣9]
Player points: [9, 19], Bot points:[11, 11]
Bot get one more card ♦6
Player point: 19, Bot point: 17
Player win! Money: 1212.0
========================
Round #342
Player cards: [♣7, ♣7], Bot cards:[♠5, ♥A]
Player points: [14, 14], Bot points:[6, 16]
-------- Split! Two hands: [13, 13], [12, 12]
For second hand:
Bot get one more card ♦2
Bot get one more card ♣5
Bot get one more card ♠9
Player point: 13, Bot point: 22
Player win! Money: 1232.0
========================
Player point: 12, Bot point: 22
Player win! Money: 1252.0
========================
Round #343
Player cards: [♦J, ♦Q], Bot cards:[♥T, ♠T]
Player points: [20, 20], Bot points:[20, 20]
Player point: 20, Bot point: 20
Draw! Money:1252.0
========================
Round #344
Player cards: [♠6, ♥7], Bot cards:[♣6, ♦7]
Player points: [13, 13], Bot points:[13, 13]
Bot get one more card ♠K
Player point: 13, Bot point: 23
Player win! Money: 1272.0
========================
Round #345
Player cards: [♦2, ♣J], Bot cards:[♦7, ♥9]
Player points: [12, 12], Bot points:[16, 16]
Player get one more card ♥K
Bot get one more card ♠T
Player point: 22, Bot point: 26
Player lose! Money: 1252.0
========================
Round #346
Player cards: [♣7, ♦9], Bot cards:[♣5, ♠Q]
Player points: [16, 16], Bot points:[15, 15]
Bot get one more card ♠3
Player point: 16, Bot point: 18
Player lose! Money: 1232.0
========================
Round #347
Player cards: [♣3, ♠K], Bot cards:[♥8, ♠Q]
Player points: [13, 13], Bot points:[18, 18]
Player get one more card ♦T
Player point: 23, Bot point: 18
Player lose! Money: 1212.0
========================
Round #348
Player cards: [♣2, ♠J], Bot cards:[♥J, ♥J]
Player points: [12, 12], Bot points:[20, 20]
Player get one more card ♥K
Player point: 22, Bot point: 20
Player lose! Money: 1192.0
========================
Round #349
Player cards: [♦2, ♦4], Bot cards:[♥6, ♠7]
Player points: [6, 6], Bot points:[13, 13]
Player get one more card ♥K
Bot get one more card ♣Q
Player point: 16, Bot point: 23
Player win! Money: 1212.0
========================
Round #350
Player cards: [♥2, ♠6], Bot cards:[♣5, ♥5]
Player points: [8, 8], Bot points:[10, 10]
Player get one more card ♣2
Player get one more card ♣K
Bot get one more card ♥7
Player point: 20, Bot point: 17
Player win! Money: 1232.0
========================
Round #351
Player cards: [♠9, ♥J], Bot cards:[♥6, ♥Q]
Player points: [19, 19], Bot points:[16, 16]
Bot get one more card ♠A
Player point: 19, Bot point: 17
Player win! Money: 1252.0
========================
Round #352
Player cards: [♥9, ♦K], Bot cards:[♥4, ♠A]
Player points: [19, 19], Bot points:[5, 15]
Bot get one more card ♦8
Bot get one more card ♠A
Bot get one more card ♦K
Player point: 19, Bot point: 24
Player win! Money: 1272.0
========================
Round #353
Player cards: [♣J, ♠J], Bot cards:[♦8, ♣T]
Player points: [20, 20], Bot points:[18, 18]
Player point: 20, Bot point: 18
Player win! Money: 1292.0
========================
Round #354
Player cards: [♠4, ♦K], Bot cards:[♠8, ♦Q]
Player points: [14, 14], Bot points:[18, 18]
Player get one more card ♣8
Player point: 22, Bot point: 18
Player lose! Money: 1272.0
========================
Round #355
Player cards: [♥T, ♣A], Bot cards:[♦A, ♥A]
Player points: [11, 21], Bot points:[2, 12]
Bot get one more card ♦3
Bot get one more card ♠9
Bot get one more card ♣2
Bot get one more card ♦4
Player point: 21, Bot point: 20
------ BlackJack!! ------
Player win! Money: 1298.0
========================
Round #356
Player cards: [♦2, ♥2], Bot cards:[♣4, ♦8]
Player points: [4, 4], Bot points:[12, 12]
-------- Split! Two hands: [6, 6], [7, 7]
Player get one more card ♥T
For second hand:
Player get one more card ♦9
Bot get one more card ♣2
Bot get one more card ♠A
Bot get one more card ♥4
Player point: 16, Bot point: 19
Player lose! Money: 1278.0
========================
Player point: 16, Bot point: 19
Player lose! Money: 1258.0
========================
Round #357
New deck
Player cards: [♣2, ♠K], Bot cards:[♠8, ♦A]
Player points: [12, 12], Bot points:[9, 19]
Player get one more card ♥5
Bot get one more card ♠8
Player point: 17, Bot point: 17
Draw! Money:1258.0
========================
Round #358
Player cards: [♠3, ♥T], Bot cards:[♦2, ♥5]
Player points: [13, 13], Bot points:[7, 7]
Bot get one more card ♥6
Bot get one more card ♦5
Player point: 13, Bot point: 18
Player lose! Money: 1238.0
========================
Round #359
Player cards: [♦3, ♥5], Bot cards:[♥9, ♥J]
Player points: [8, 8], Bot points:[19, 19]
Player get one more card ♦K
Player point: 18, Bot point: 19
Player lose! Money: 1218.0
========================
Round #360
Player cards: [♠4, ♣T], Bot cards:[♥3, ♣7]
Player points: [14, 14], Bot points:[10, 10]
Bot get one more card ♠3
Bot get one more card ♥A
Bot get one more card ♦9
Player point: 14, Bot point: 23
Player win! Money: 1238.0
========================
Round #361
Player cards: [♥2, ♣4], Bot cards:[♦2, ♠3]
Player points: [6, 6], Bot points:[5, 5]
Player get one more card ♥A
Bot get one more card ♥4
Bot get one more card ♦7
Bot get one more card ♥Q
Player point: 17, Bot point: 26
Player win! Money: 1258.0
========================
Round #362
Player cards: [♦3, ♣J], Bot cards:[♠Q, ♠Q]
Player points: [13, 13], Bot points:[20, 20]
Player get one more card ♠7
Player point: 20, Bot point: 20
Draw! Money:1258.0
========================
Round #363
Player cards: [♣7, ♦9], Bot cards:[♠K, ♦A]
Player points: [16, 16], Bot points:[11, 21]
Player get one more card ♥7
Bot get one more card ♠7
Player point: 23, Bot point: 18
Player lose! Money: 1238.0
========================
Round #364
Player cards: [♣K, ♠A], Bot cards:[♠6, ♥9]
Player points: [11, 21], Bot points:[15, 15]
Bot get one more card ♠5
Player point: 21, Bot point: 20
------ BlackJack!! ------
Player win! Money: 1264.0
========================
Round #365
Player cards: [♥6, ♦6], Bot cards:[♦2, ♦A]
Player points: [12, 12], Bot points:[3, 13]
-------- Split! Two hands: [12, 12], [16, 16]
Player get one more card ♠9
For second hand:
Bot get one more card ♣8
Bot get one more card ♦5
Bot get one more card ♦7
Player point: 21, Bot point: 23
Player win! Money: 1284.0
========================
Player point: 16, Bot point: 23
Player win! Money: 1304.0
========================
Round #366
Player cards: [♠2, ♠4], Bot cards:[♠2, ♠3]
Player points: [6, 6], Bot points:[5, 5]
Player get one more card ♦T
Bot get one more card ♣5
Bot get one more card ♣3
Bot get one more card ♦6
Player point: 16, Bot point: 19
Player lose! Money: 1284.0
========================
Round #367
Player cards: [♥7, ♦K], Bot cards:[♦4, ♥T]
Player points: [17, 17], Bot points:[14, 14]
Bot get one more card ♣6
Player point: 17, Bot point: 20
Player lose! Money: 1264.0
========================
Round #368
Player cards: [♠8, ♦T], Bot cards:[♣9, ♥K]
Player points: [18, 18], Bot points:[19, 19]
Player point: 18, Bot point: 19
Player lose! Money: 1244.0
========================
Round #369
Player cards: [♥K, ♣A], Bot cards:[♥2, ♦7]
Player points: [11, 21], Bot points:[9, 9]
Bot get one more card ♥2
Bot get one more card ♠T
Player point: 21, Bot point: 21
Player lose! Money: 1224.0
========================
Round #370
Player cards: [♣6, ♠Q], Bot cards:[♣9, ♥Q]
Player points: [16, 16], Bot points:[19, 19]
Player get one more card ♣3
Player point: 19, Bot point: 19
Draw! Money:1224.0
========================
Round #371
Player cards: [♠9, ♠A], Bot cards:[♦4, ♥9]
Player points: [10, 20], Bot points:[13, 13]
Bot get one more card ♦J
Player point: 20, Bot point: 23
Player win! Money: 1244.0
========================
Round #372
Player cards: [♦3, ♥5], Bot cards:[♥4, ♠5]
Player points: [8, 8], Bot points:[9, 9]
Player get one more card ♦4
Bot get one more card ♥8
Player point: 12, Bot point: 17
Player lose! Money: 1224.0
========================
Round #373
Player cards: [♥4, ♦6], Bot cards:[♠9, ♦T]
Player points: [10, 10], Bot points:[19, 19]
----- Double Bet! -----
Player get one more card ♣Q
Player point: 20, Bot point: 19
Player win! Money: 1264.0
========================
Round #374
Player cards: [♥6, ♦9], Bot cards:[♦6, ♥K]
Player points: [15, 15], Bot points:[16, 16]
Bot get one more card ♦J
Player point: 15, Bot point: 26
Player win! Money: 1284.0
========================
Round #375
Player cards: [♠Q, ♦Q], Bot cards:[♥2, ♥9]
Player points: [20, 20], Bot points:[11, 11]
Bot get one more card ♥J
Player point: 20, Bot point: 21
Player lose! Money: 1264.0
========================
Round #376
Player cards: [♦T, ♣A], Bot cards:[♦8, ♦8]
Player points: [11, 21], Bot points:[16, 16]
Bot get one more card ♣A
Player point: 21, Bot point: 17
------ BlackJack!! ------
Player win! Money: 1290.0
========================
Round #377
Player cards: [♣4, ♥8], Bot cards:[♠4, ♥8]
Player points: [12, 12], Bot points:[12, 12]
Bot get one more card ♦8
Player point: 12, Bot point: 20
Player lose! Money: 1270.0
========================
Round #378
Player cards: [♠6, ♦K], Bot cards:[♣8, ♥K]
Player points: [16, 16], Bot points:[18, 18]
Player get one more card ♣J
Player point: 26, Bot point: 18
Player lose! Money: 1250.0
========================
Round #379
Player cards: [♣J, ♥Q], Bot cards:[♠5, ♥T]
Player points: [20, 20], Bot points:[15, 15]
Bot get one more card ♥8
Player point: 20, Bot point: 23
Player win! Money: 1270.0
========================
Round #380
Player cards: [♣Q, ♠K], Bot cards:[♣8, ♠A]
Player points: [20, 20], Bot points:[9, 19]
Bot get one more card ♣Q
Player point: 20, Bot point: 19
Player win! Money: 1290.0
========================
Round #381
Player cards: [♣2, ♦5], Bot cards:[♦Q, ♠Q]
Player points: [7, 7], Bot points:[20, 20]
Player get one more card ♦T
Player point: 17, Bot point: 20
Player lose! Money: 1270.0
========================
Round #382
Player cards: [♦5, ♠T], Bot cards:[♣5, ♣8]
Player points: [15, 15], Bot points:[13, 13]
Bot get one more card ♦4
Player point: 15, Bot point: 17
Player lose! Money: 1250.0
========================
Round #383
Player cards: [♠6, ♠K], Bot cards:[♣4, ♦K]
Player points: [16, 16], Bot points:[14, 14]
Bot get one more card ♦2
Bot get one more card ♣J
Player point: 16, Bot point: 26
Player win! Money: 1270.0
========================
Round #384
Player cards: [♣T, ♠J], Bot cards:[♦3, ♠T]
Player points: [20, 20], Bot points:[13, 13]
Bot get one more card ♦9
Player point: 20, Bot point: 22
Player win! Money: 1290.0
========================
Round #385
Player cards: [♠6, ♥7], Bot cards:[♠8, ♣T]
Player points: [13, 13], Bot points:[18, 18]
Player get one more card ♣3
Player get one more card ♥3
Player point: 19, Bot point: 18
Player win! Money: 1310.0
========================
Round #386
Player cards: [♠2, ♠9], Bot cards:[♥3, ♥J]
Player points: [11, 11], Bot points:[13, 13]
----- Double Bet! -----
Player get one more card ♥K
Bot get one more card ♣K
Player point: 21, Bot point: 23
Player win! Money: 1350.0
========================
Round #387
Player cards: [♦Q, ♣A], Bot cards:[♣4, ♠7]
Player points: [11, 21], Bot points:[11, 11]
Bot get one more card ♣9
Player point: 21, Bot point: 20
------ BlackJack!! ------
Player win! Money: 1376.0
========================
Round #388
Player cards: [♣2, ♦J], Bot cards:[♣6, ♣9]
Player points: [12, 12], Bot points:[15, 15]
Bot get one more card ♥A
Bot get one more card ♦Q
Player point: 12, Bot point: 26
Player win! Money: 1396.0
========================
Round #389
Player cards: [♣7, ♦A], Bot cards:[♥4, ♥T]
Player points: [8, 18], Bot points:[14, 14]
Bot get one more card ♥J
Player point: 18, Bot point: 24
Player win! Money: 1416.0
========================
Round #390
Player cards: [♠2, ♠7], Bot cards:[♥3, ♠5]
Player points: [9, 9], Bot points:[8, 8]
----- Double Bet! -----
Player get one more card ♠J
Bot get one more card ♣7
Bot get one more card ♠4
Player point: 19, Bot point: 19
Draw! Money:1416.0
========================
Round #391
Player cards: [♣2, ♥Q], Bot cards:[♥8, ♥9]
Player points: [12, 12], Bot points:[17, 17]
Player get one more card ♥7
Player point: 19, Bot point: 17
Player win! Money: 1436.0
========================
Round #392
Player cards: [♦4, ♠J], Bot cards:[♠5, ♣K]
Player points: [14, 14], Bot points:[15, 15]
Bot get one more card ♥A
Bot get one more card ♣T
Player point: 14, Bot point: 26
Player win! Money: 1456.0
========================
Round #393
Player cards: [♣5, ♣Q], Bot cards:[♥5, ♦7]
Player points: [15, 15], Bot points:[12, 12]
Bot get one more card ♥6
Player point: 15, Bot point: 18
Player lose! Money: 1436.0
========================
Round #394
New deck
Player cards: [♠6, ♣9], Bot cards:[♠6, ♠A]
Player points: [15, 15], Bot points:[7, 17]
Bot get one more card ♦J
Player point: 15, Bot point: 17
Player lose! Money: 1416.0
========================
Round #395
Player cards: [♣K, ♣A], Bot cards:[♣3, ♥T]
Player points: [11, 21], Bot points:[13, 13]
Bot get one more card ♥5
Player point: 21, Bot point: 18
------ BlackJack!! ------
Player win! Money: 1442.0
========================
Round #396
Player cards: [♠4, ♥8], Bot cards:[♣2, ♥5]
Player points: [12, 12], Bot points:[7, 7]
Player get one more card ♠2
Bot get one more card ♠Q
Player point: 14, Bot point: 17
Player lose! Money: 1422.0
========================
Round #397
Player cards: [♣4, ♠J], Bot cards:[♠3, ♦T]
Player points: [14, 14], Bot points:[13, 13]
Bot get one more card ♦K
Player point: 14, Bot point: 23
Player win! Money: 1442.0
========================
Round #398
Player cards: [♣8, ♦Q], Bot cards:[♠9, ♥T]
Player points: [18, 18], Bot points:[19, 19]
Player point: 18, Bot point: 19
Player lose! Money: 1422.0
========================
Round #399
Player cards: [♠3, ♣4], Bot cards:[♠K, ♠A]
Player points: [7, 7], Bot points:[11, 21]
Player get one more card ♦9
Player get one more card ♠3
Bot get one more card ♦2
Bot get one more card ♣K
Player point: 19, Bot point: 23
Player win! Money: 1442.0
========================
Round #400
Player cards: [♦4, ♣A], Bot cards:[♦9, ♦T]
Player points: [5, 15], Bot points:[19, 19]
Player get one more card ♠2
Player point: 17, Bot point: 19
Player lose! Money: 1422.0
========================
Round #401
Player cards: [♦Q, ♥K], Bot cards:[♦5, ♠T]
Player points: [20, 20], Bot points:[15, 15]
Bot get one more card ♦5
Player point: 20, Bot point: 20
Draw! Money:1422.0
========================
Round #402
Player cards: [♦6, ♦7], Bot cards:[♦T, ♣Q]
Player points: [13, 13], Bot points:[20, 20]
Player get one more card ♠7
Player point: 20, Bot point: 20
Draw! Money:1422.0
========================
Round #403
Player cards: [♣2, ♣5], Bot cards:[♥4, ♠A]
Player points: [7, 7], Bot points:[5, 15]
Player get one more card ♣6
Bot get one more card ♠Q
Bot get one more card ♠3
Player point: 13, Bot point: 18
Player lose! Money: 1402.0
========================
Round #404
Player cards: [♦7, ♣8], Bot cards:[♥J, ♠J]
Player points: [15, 15], Bot points:[20, 20]
Player get one more card ♥7
Player point: 22, Bot point: 20
Player lose! Money: 1382.0
========================
Round #405
Player cards: [♠2, ♠K], Bot cards:[♣4, ♠K]
Player points: [12, 12], Bot points:[14, 14]
Bot get one more card ♣9
Player point: 12, Bot point: 23
Player win! Money: 1402.0
========================
Round #406
Player cards: [♣5, ♠8], Bot cards:[♣7, ♠J]
Player points: [13, 13], Bot points:[17, 17]
Player get one more card ♥4
Player point: 17, Bot point: 17
Draw! Money:1402.0
========================
Round #407
Player cards: [♣5, ♣8], Bot cards:[♣7, ♥9]
Player points: [13, 13], Bot points:[16, 16]
Player get one more card ♥J
Bot get one more card ♦2
Player point: 23, Bot point: 18
Player lose! Money: 1382.0
========================
Round #408
Player cards: [♥4, ♥7], Bot cards:[♦3, ♣J]
Player points: [11, 11], Bot points:[13, 13]
----- Double Bet! -----
Player get one more card ♣K
Bot get one more card ♠5
Player point: 21, Bot point: 18
Player win! Money: 1422.0
========================
Round #409
Player cards: [♠7, ♣9], Bot cards:[♥5, ♠8]
Player points: [16, 16], Bot points:[13, 13]
Bot get one more card ♣T
Player point: 16, Bot point: 23
Player win! Money: 1442.0
========================
Round #410
Player cards: [♦2, ♦4], Bot cards:[♠7, ♥9]
Player points: [6, 6], Bot points:[16, 16]
Player get one more card ♣5
Player get one more card ♣4
Bot get one more card ♥6
Player point: 15, Bot point: 22
Player win! Money: 1462.0
========================
Round #411
Player cards: [♣6, ♥Q], Bot cards:[♦5, ♠9]
Player points: [16, 16], Bot points:[14, 14]
Bot get one more card ♦Q
Player point: 16, Bot point: 24
Player win! Money: 1482.0
========================
Round #412
Player cards: [♣K, ♣A], Bot cards:[♥J, ♥A]
Player points: [11, 21], Bot points:[11, 21]
Bot get one more card ♦3
Bot get one more card ♠J
Player point: 21, Bot point: 24
------ BlackJack!! ------
Player win! Money: 1508.0
========================
Round #413
Player cards: [♣3, ♣Q], Bot cards:[♥5, ♥T]
Player points: [13, 13], Bot points:[15, 15]
Bot get one more card ♥9
Player point: 13, Bot point: 24
Player win! Money: 1528.0
========================
Round #414
Player cards: [♦8, ♣J], Bot cards:[♦9, ♠A]
Player points: [18, 18], Bot points:[10, 20]
Bot get one more card ♣3
Bot get one more card ♥T
Player point: 18, Bot point: 23
Player win! Money: 1548.0
========================
Round #415
Player cards: [♣6, ♠9], Bot cards:[♠4, ♣Q]
Player points: [15, 15], Bot points:[14, 14]
Bot get one more card ♥2
Bot get one more card ♥Q
Player point: 15, Bot point: 26
Player win! Money: 1568.0
========================
Round #416
Player cards: [♥2, ♥2], Bot cards:[♦K, ♠A]
Player points: [4, 4], Bot points:[11, 21]
Player get one more card ♠5
Player get one more card ♣A
Bot get one more card ♥Q
Player point: 20, Bot point: 21
Player lose! Money: 1548.0
========================
Round #417
Player cards: [♣3, ♦4], Bot cards:[♥4, ♠6]
Player points: [7, 7], Bot points:[10, 10]
Player get one more card ♠2
Player get one more card ♥7
Bot get one more card ♥A
Bot get one more card ♦2
Bot get one more card ♣9
Player point: 16, Bot point: 22
Player win! Money: 1568.0
========================
Round #418
Player cards: [♠9, ♦T], Bot cards:[♣2, ♥8]
Player points: [19, 19], Bot points:[10, 10]
Bot get one more card ♦A
Bot get one more card ♣8
Player point: 19, Bot point: 19
Draw! Money:1568.0
========================
Round #419
Player cards: [♥3, ♦A], Bot cards:[♣2, ♠6]
Player points: [4, 14], Bot points:[8, 8]
Bot get one more card ♥6
Bot get one more card ♥3
Player point: 14, Bot point: 17
Player lose! Money: 1548.0
========================
Round #420
Player cards: [♣7, ♥K], Bot cards:[♠T, ♣Q]
Player points: [17, 17], Bot points:[20, 20]
Player point: 17, Bot point: 20
Player lose! Money: 1528.0
========================
Round #421
Player cards: [♦8, ♦Q], Bot cards:[♠4, ♣5]
Player points: [18, 18], Bot points:[9, 9]
Bot get one more card ♥8
Player point: 18, Bot point: 17
Player win! Money: 1548.0
========================
Round #422
Player cards: [♦6, ♦8], Bot cards:[♥3, ♦8]
Player points: [14, 14], Bot points:[11, 11]
Bot get one more card ♦3
Bot get one more card ♦6
Player point: 14, Bot point: 20
Player lose! Money: 1528.0
========================
Round #423
Player cards: [♠4, ♥A], Bot cards:[♠Q, ♠K]
Player points: [5, 15], Bot points:[20, 20]
Player get one more card ♦J
Player get one more card ♠T
Player point: 25, Bot point: 20
Player lose! Money: 1508.0
========================
Round #424
Player cards: [♥8, ♥Q], Bot cards:[♥9, ♦J]
Player points: [18, 18], Bot points:[19, 19]
Player point: 18, Bot point: 19
Player lose! Money: 1488.0
========================
Round #425
Player cards: [♦J, ♦A], Bot cards:[♣6, ♠7]
Player points: [11, 21], Bot points:[13, 13]
Bot get one more card ♦7
Player point: 21, Bot point: 20
------ BlackJack!! ------
Player win! Money: 1514.0
========================
Round #426
Player cards: [♣T, ♠J], Bot cards:[♣7, ♦K]
Player points: [20, 20], Bot points:[17, 17]
Player point: 20, Bot point: 17
Player win! Money: 1534.0
========================
Round #427
Player cards: [♠8, ♥A], Bot cards:[♥6, ♠8]
Player points: [9, 19], Bot points:[14, 14]
Bot get one more card ♠3
Player point: 19, Bot point: 17
Player win! Money: 1554.0
========================
Round #428
Player cards: [♦6, ♦A], Bot cards:[♥2, ♣T]
Player points: [7, 17], Bot points:[12, 12]
Bot get one more card ♠5
Player point: 17, Bot point: 17
Draw! Money:1554.0
========================
Round #429
Player cards: [♦J, ♠Q], Bot cards:[♣J, ♣K]
Player points: [20, 20], Bot points:[20, 20]
Player point: 20, Bot point: 20
Draw! Money:1554.0
========================
Round #430
Player cards: [♦5, ♦7], Bot cards:[♦4, ♦9]
Player points: [12, 12], Bot points:[13, 13]
Bot get one more card ♥6
Player point: 12, Bot point: 19
Player lose! Money: 1534.0
========================
Round #431
Player cards: [♥3, ♥K], Bot cards:[♦8, ♣J]
Player points: [13, 13], Bot points:[18, 18]
Player get one more card ♥7
Player point: 20, Bot point: 18
Player win! Money: 1554.0
========================
Round #432
New deck
Player cards: [♥2, ♥3], Bot cards:[♣4, ♣A]
Player points: [5, 5], Bot points:[5, 15]
Player get one more card ♠Q
Bot get one more card ♣4
Bot get one more card ♥K
Player point: 15, Bot point: 19
Player lose! Money: 1534.0
========================
Round #433
Player cards: [♣3, ♦6], Bot cards:[♠3, ♦3]
Player points: [9, 9], Bot points:[6, 6]
----- Double Bet! -----
Player get one more card ♦A
Bot get one more card ♠2
Bot get one more card ♥J
Player point: 20, Bot point: 18
Player win! Money: 1574.0
========================
Round #434
Player cards: [♦3, ♦K], Bot cards:[♣6, ♣8]
Player points: [13, 13], Bot points:[14, 14]
Bot get one more card ♦7
Player point: 13, Bot point: 21
Player lose! Money: 1554.0
========================
Round #435
Player cards: [♣Q, ♠A], Bot cards:[♠7, ♥8]
Player points: [11, 21], Bot points:[15, 15]
Bot get one more card ♣9
Player point: 21, Bot point: 24
------ BlackJack!! ------
Player win! Money: 1580.0
========================
Round #436
Player cards: [♠5, ♥K], Bot cards:[♦4, ♦T]
Player points: [15, 15], Bot points:[14, 14]
Bot get one more card ♠6
Player point: 15, Bot point: 20
Player lose! Money: 1560.0
========================
Round #437
Player cards: [♣Q, ♣A], Bot cards:[♥9, ♦A]
Player points: [11, 21], Bot points:[10, 20]
Bot get one more card ♣A
Bot get one more card ♣Q
Player point: 21, Bot point: 21
Player lose! Money: 1540.0
========================
Round #438
Player cards: [♣K, ♥A], Bot cards:[♦T, ♦K]
Player points: [11, 21], Bot points:[20, 20]
Player point: 21, Bot point: 20
------ BlackJack!! ------
Player win! Money: 1566.0
========================
Round #439
Player cards: [♥5, ♦T], Bot cards:[♦3, ♦6]
Player points: [15, 15], Bot points:[9, 9]
Bot get one more card ♠A
Bot get one more card ♣Q
Player point: 15, Bot point: 20
Player lose! Money: 1546.0
========================
Round #440
Player cards: [♥4, ♣T], Bot cards:[♦8, ♠K]
Player points: [14, 14], Bot points:[18, 18]
Player get one more card ♦8
Player point: 22, Bot point: 18
Player lose! Money: 1526.0
========================
Round #441
Player cards: [♦4, ♥Q], Bot cards:[♣7, ♦Q]
Player points: [14, 14], Bot points:[17, 17]
Player get one more card ♦5
Player point: 19, Bot point: 17
Player win! Money: 1546.0
========================
Round #442
Player cards: [♣3, ♥J], Bot cards:[♥4, ♦5]
Player points: [13, 13], Bot points:[9, 9]
Bot get one more card ♠K
Player point: 13, Bot point: 19
Player lose! Money: 1526.0
========================
Round #443
Player cards: [♠4, ♠8], Bot cards:[♠2, ♦2]
Player points: [12, 12], Bot points:[4, 4]
Player get one more card ♦5
Bot get one more card ♣5
Bot get one more card ♣4
Bot get one more card ♦J
Player point: 17, Bot point: 23
Player win! Money: 1546.0
========================
Round #444
Player cards: [♥8, ♥K], Bot cards:[♦8, ♦K]
Player points: [18, 18], Bot points:[18, 18]
Player point: 18, Bot point: 18
Draw! Money:1546.0
========================
Round #445
Player cards: [♥2, ♠K], Bot cards:[♣3, ♠Q]
Player points: [12, 12], Bot points:[13, 13]
Player get one more card ♦2
Bot get one more card ♦5
Player point: 14, Bot point: 18
Player lose! Money: 1526.0
========================
Round #446
Player cards: [♠7, ♣9], Bot cards:[♠4, ♥A]
Player points: [16, 16], Bot points:[5, 15]
Bot get one more card ♥5
Bot get one more card ♠7
Player point: 16, Bot point: 17
Player lose! Money: 1506.0
========================
Round #447
Player cards: [♦6, ♠J], Bot cards:[♠4, ♦4]
Player points: [16, 16], Bot points:[8, 8]
Bot get one more card ♦J
Player point: 16, Bot point: 18
Player lose! Money: 1486.0
========================
Round #448
Player cards: [♣3, ♠9], Bot cards:[♦2, ♠6]
Player points: [12, 12], Bot points:[8, 8]
Player get one more card ♠8
Bot get one more card ♠5
Bot get one more card ♥J
Player point: 20, Bot point: 23
Player win! Money: 1506.0
========================
Round #449
Player cards: [♥9, ♥T], Bot cards:[♠5, ♥J]
Player points: [19, 19], Bot points:[15, 15]
Bot get one more card ♠9
Player point: 19, Bot point: 24
Player win! Money: 1526.0
========================
Round #450
Player cards: [♣J, ♦Q], Bot cards:[♣5, ♠T]
Player points: [20, 20], Bot points:[15, 15]
Bot get one more card ♦9
Player point: 20, Bot point: 24
Player win! Money: 1546.0
========================
Round #451
Player cards: [♥5, ♥6], Bot cards:[♥3, ♣K]
Player points: [11, 11], Bot points:[13, 13]
----- Double Bet! -----
Player get one more card ♥T
Bot get one more card ♥T
Player point: 21, Bot point: 23
Player win! Money: 1586.0
========================
Round #452
Player cards: [♥Q, ♥A], Bot cards:[♣4, ♠Q]
Player points: [11, 21], Bot points:[14, 14]
Bot get one more card ♠A
Bot get one more card ♠9
Player point: 21, Bot point: 24
------ BlackJack!! ------
Player win! Money: 1612.0
========================
Round #453
Player cards: [♠3, ♣5], Bot cards:[♦K, ♦A]
Player points: [8, 8], Bot points:[11, 21]
Player get one more card ♠5
Player get one more card ♦3
Player get one more card ♦9
Bot get one more card ♠T
Player point: 25, Bot point: 21
Player lose! Money: 1592.0
========================
Round #454
Player cards: [♦6, ♣T], Bot cards:[♣J, ♣J]
Player points: [16, 16], Bot points:[20, 20]
Player get one more card ♠T
Player point: 26, Bot point: 20
Player lose! Money: 1572.0
========================
Round #455
Player cards: [♦2, ♦7], Bot cards:[♠7, ♥9]
Player points: [9, 9], Bot points:[16, 16]
Player get one more card ♣8
Bot get one more card ♦9
Player point: 17, Bot point: 25
Player win! Money: 1592.0
========================
Round #456
Player cards: [♣T, ♦J], Bot cards:[♣2, ♥7]
Player points: [20, 20], Bot points:[9, 9]
Bot get one more card ♥2
Bot get one more card ♥6
Player point: 20, Bot point: 17
Player win! Money: 1612.0
========================
Round #457
Player cards: [♦4, ♥6], Bot cards:[♥6, ♥K]
Player points: [10, 10], Bot points:[16, 16]
----- Double Bet! -----
Player get one more card ♠5
Bot get one more card ♠T
Player point: 15, Bot point: 26
Player win! Money: 1652.0
========================
Round #458
Player cards: [♠J, ♣K], Bot cards:[♣6, ♣6]
Player points: [20, 20], Bot points:[12, 12]
Bot get one more card ♥7
Player point: 20, Bot point: 19
Player win! Money: 1672.0
========================
Round #459
Player cards: [♣3, ♦T], Bot cards:[♠6, ♠8]
Player points: [13, 13], Bot points:[14, 14]
Bot get one more card ♥J
Player point: 13, Bot point: 24
Player win! Money: 1692.0
========================
Round #460
Player cards: [♣7, ♣7], Bot cards:[♥8, ♥K]
Player points: [14, 14], Bot points:[18, 18]
Player get one more card ♦3
Player point: 17, Bot point: 18
Player lose! Money: 1672.0
========================
Round #461
Player cards: [♣T, ♥Q], Bot cards:[♣2, ♣6]
Player points: [20, 20], Bot points:[8, 8]
Bot get one more card ♣J
Player point: 20, Bot point: 18
Player win! Money: 1692.0
========================
Round #462
Player cards: [♣9, ♣9], Bot cards:[♥7, ♠J]
Player points: [18, 18], Bot points:[17, 17]
Player point: 18, Bot point: 17
Player win! Money: 1712.0
========================
Round #463
Player cards: [♠2, ♥4], Bot cards:[♠3, ♥3]
Player points: [6, 6], Bot points:[6, 6]
Player get one more card ♥4
Player get one more card ♥3
Bot get one more card ♦J
Bot get one more card ♠J
Player point: 13, Bot point: 26
Player win! Money: 1732.0
========================
Round #464
Player cards: [♣5, ♦A], Bot cards:[♣T, ♠A]
Player points: [6, 16], Bot points:[11, 21]
Player get one more card ♦Q
Player get one more card ♣2
Bot get one more card ♠4
Bot get one more card ♦9
Player point: 18, Bot point: 24
Player win! Money: 1752.0
========================
Round #465
Player cards: [♠6, ♦K], Bot cards:[♥8, ♠9]
Player points: [16, 16], Bot points:[17, 17]
Player get one more card ♥2
Player point: 18, Bot point: 17
Player win! Money: 1772.0
========================
Round #466
Player cards: [♣8, ♣K], Bot cards:[♠3, ♥7]
Player points: [18, 18], Bot points:[10, 10]
Bot get one more card ♥A
Bot get one more card ♣7
Player point: 18, Bot point: 18
Draw! Money:1772.0
========================
Round #467
Player cards: [♣8, ♠T], Bot cards:[♣2, ♠K]
Player points: [18, 18], Bot points:[12, 12]
Bot get one more card ♦8
Player point: 18, Bot point: 20
Player lose! Money: 1752.0
========================
Round #468
Player cards: [♠2, ♦7], Bot cards:[♦7, ♠8]
Player points: [9, 9], Bot points:[15, 15]
Player get one more card ♣A
Bot get one more card ♠Q
Player point: 20, Bot point: 25
Player win! Money: 1772.0
========================
Round #469
New deck
Player cards: [♦4, ♥K], Bot cards:[♦T, ♥A]
Player points: [14, 14], Bot points:[11, 21]
Player get one more card ♠4
Bot get one more card ♣3
Bot get one more card ♣J
Player point: 18, Bot point: 24
Player win! Money: 1792.0
========================
Round #470
Player cards: [♠2, ♦Q], Bot cards:[♥T, ♦Q]
Player points: [12, 12], Bot points:[20, 20]
Player get one more card ♥2
Player get one more card ♣3
Player point: 17, Bot point: 20
Player lose! Money: 1772.0
========================
Round #471
Player cards: [♦9, ♣Q], Bot cards:[♣Q, ♣A]
Player points: [19, 19], Bot points:[11, 21]
Bot get one more card ♥8
Player point: 19, Bot point: 19
Draw! Money:1772.0
========================
Round #472
Player cards: [♣9, ♥T], Bot cards:[♣6, ♠J]
Player points: [19, 19], Bot points:[16, 16]
Bot get one more card ♦J
Player point: 19, Bot point: 26
Player win! Money: 1792.0
========================
Round #473
Player cards: [♣8, ♣A], Bot cards:[♣5, ♠T]
Player points: [9, 19], Bot points:[15, 15]
Bot get one more card ♣K
Player point: 19, Bot point: 25
Player win! Money: 1812.0
========================
Round #474
Player cards: [♠7, ♣J], Bot cards:[♥3, ♥9]
Player points: [17, 17], Bot points:[12, 12]
Bot get one more card ♠6
Player point: 17, Bot point: 18
Player lose! Money: 1792.0
========================
Round #475
Player cards: [♠T, ♦K], Bot cards:[♣7, ♣8]
Player points: [20, 20], Bot points:[15, 15]
Bot get one more card ♣4
Player point: 20, Bot point: 19
Player win! Money: 1812.0
========================
Round #476
Player cards: [♦5, ♠9], Bot cards:[♦Q, ♥A]
Player points: [14, 14], Bot points:[11, 21]
Player get one more card ♠3
Bot get one more card ♦T
Player point: 17, Bot point: 21
Player lose! Money: 1792.0
========================
Round #477
Player cards: [♠J, ♦K], Bot cards:[♥4, ♣9]
Player points: [20, 20], Bot points:[13, 13]
Bot get one more card ♠6
Player point: 20, Bot point: 19
Player win! Money: 1812.0
========================
Round #478
Player cards: [♥5, ♥J], Bot cards:[♥3, ♥Q]
Player points: [15, 15], Bot points:[13, 13]
Bot get one more card ♠8
Player point: 15, Bot point: 21
Player lose! Money: 1792.0
========================
Round #479
Player cards: [♥Q, ♥A], Bot cards:[♦A, ♠A]
Player points: [11, 21], Bot points:[2, 12]
Bot get one more card ♠9
Bot get one more card ♦8
Player point: 21, Bot point: 19
------ BlackJack!! ------
Player win! Money: 1818.0
========================
Round #480
Player cards: [♣6, ♠K], Bot cards:[♠4, ♣5]
Player points: [16, 16], Bot points:[9, 9]
Bot get one more card ♥6
Bot get one more card ♣Q
Player point: 16, Bot point: 25
Player win! Money: 1838.0
========================
Round #481
Player cards: [♦K, ♦A], Bot cards:[♥6, ♥8]
Player points: [11, 21], Bot points:[14, 14]
Bot get one more card ♣4
Player point: 21, Bot point: 18
------ BlackJack!! ------
Player win! Money: 1864.0
========================
Round #482
Player cards: [♠8, ♥Q], Bot cards:[♥4, ♠6]
Player points: [18, 18], Bot points:[10, 10]
Bot get one more card ♣Q
Player point: 18, Bot point: 20
Player lose! Money: 1844.0
========================
Round #483
Player cards: [♠7, ♠A], Bot cards:[♣3, ♠5]
Player points: [8, 18], Bot points:[8, 8]
Bot get one more card ♣2
Bot get one more card ♣6
Bot get one more card ♠8
Player point: 18, Bot point: 24
Player win! Money: 1864.0
========================
Round #484
Player cards: [♦3, ♥7], Bot cards:[♥7, ♦T]
Player points: [10, 10], Bot points:[17, 17]
----- Double Bet! -----
Player get one more card ♠2
Player point: 12, Bot point: 17
Player lose! Money: 1824.0
========================
Round #485
Player cards: [♦3, ♠A], Bot cards:[♥2, ♥5]
Player points: [4, 14], Bot points:[7, 7]
Bot get one more card ♣K
Player point: 14, Bot point: 17
Player lose! Money: 1804.0
========================
Round #486
Player cards: [♣6, ♦Q], Bot cards:[♦2, ♥J]
Player points: [16, 16], Bot points:[12, 12]
Bot get one more card ♠K
Player point: 16, Bot point: 22
Player win! Money: 1824.0
========================
Round #487
Player cards: [♠3, ♦4], Bot cards:[♦J, ♥Q]
Player points: [7, 7], Bot points:[20, 20]
Player get one more card ♠Q
Player point: 17, Bot point: 20
Player lose! Money: 1804.0
========================
Round #488
Player cards: [♦5, ♦J], Bot cards:[♠3, ♥7]
Player points: [15, 15], Bot points:[10, 10]
Bot get one more card ♥9
Player point: 15, Bot point: 19
Player lose! Money: 1784.0
========================
Round #489
Player cards: [♦8, ♥T], Bot cards:[♠5, ♥K]
Player points: [18, 18], Bot points:[15, 15]
Bot get one more card ♠Q
Player point: 18, Bot point: 25
Player win! Money: 1804.0
========================
Round #490
Player cards: [♣T, ♣K], Bot cards:[♥4, ♦4]
Player points: [20, 20], Bot points:[8, 8]
Bot get one more card ♠5
Bot get one more card ♣9
Player point: 20, Bot point: 22
Player win! Money: 1824.0
========================
Round #491
Player cards: [♠7, ♥T], Bot cards:[♦9, ♠Q]
Player points: [17, 17], Bot points:[19, 19]
Player point: 17, Bot point: 19
Player lose! Money: 1804.0
========================
Round #492
Player cards: [♦5, ♦7], Bot cards:[♦2, ♣5]
Player points: [12, 12], Bot points:[7, 7]
Player get one more card ♥K
Bot get one more card ♣2
Bot get one more card ♦A
Bot get one more card ♠2
Bot get one more card ♦8
Player point: 22, Bot point: 20
Player lose! Money: 1784.0
========================
Round #493
Player cards: [♥T, ♣A], Bot cards:[♣T, ♦T]
Player points: [11, 21], Bot points:[20, 20]
Player point: 21, Bot point: 20
------ BlackJack!! ------
Player win! Money: 1810.0
========================
Round #494
Player cards: [♦6, ♠7], Bot cards:[♣J, ♣J]
Player points: [13, 13], Bot points:[20, 20]
Player get one more card ♣8
Player point: 21, Bot point: 20
Player win! Money: 1830.0
========================
Round #495
Player cards: [♥5, ♥9], Bot cards:[♣4, ♣9]
Player points: [14, 14], Bot points:[13, 13]
Bot get one more card ♦3
Bot get one more card ♦J
Player point: 14, Bot point: 26
Player win! Money: 1850.0
========================
Round #496
Player cards: [♣7, ♦Q], Bot cards:[♥5, ♠9]
Player points: [17, 17], Bot points:[14, 14]
Bot get one more card ♦2
Bot get one more card ♦7
Player point: 17, Bot point: 23
Player win! Money: 1870.0
========================
Round #497
Player cards: [♥3, ♥6], Bot cards:[♠K, ♣A]
Player points: [9, 9], Bot points:[11, 21]
Player get one more card ♥9
Bot get one more card ♦2
Bot get one more card ♠J
Player point: 18, Bot point: 23
Player win! Money: 1890.0
========================
Round #498
Player cards: [♦5, ♦6], Bot cards:[♣2, ♠9]
Player points: [11, 11], Bot points:[11, 11]
----- Double Bet! -----
Player get one more card ♠A
Bot get one more card ♥J
Player point: 12, Bot point: 21
Player lose! Money: 1850.0
========================
Round #499
Player cards: [♣4, ♠T], Bot cards:[♥2, ♦K]
Player points: [14, 14], Bot points:[12, 12]
Bot get one more card ♣7
Player point: 14, Bot point: 19
Player lose! Money: 1830.0
========================
Round #500
Player cards: [♥3, ♥5], Bot cards:[♦8, ♥J]
Player points: [8, 8], Bot points:[18, 18]
Player get one more card ♥8
Player get one more card ♠5
Player point: 21, Bot point: 18
Player win! Money: 1850.0
========================
Round #501
Player cards: [♠4, ♣T], Bot cards:[♦6, ♥9]
Player points: [14, 14], Bot points:[15, 15]
Bot get one more card ♠8
Player point: 14, Bot point: 23
Player win! Money: 1870.0
========================
Round #502
Player cards: [♥6, ♠J], Bot cards:[♠4, ♣5]
Player points: [16, 16], Bot points:[9, 9]
Bot get one more card ♥8
Player point: 16, Bot point: 17
Player lose! Money: 1850.0
========================
Round #503
Player cards: [♦7, ♥K], Bot cards:[♥2, ♣7]
Player points: [17, 17], Bot points:[9, 9]
Bot get one more card ♦3
Bot get one more card ♠6
Player point: 17, Bot point: 18
Player lose! Money: 1830.0
========================
Round #504
Player cards: [♥Q, ♠K], Bot cards:[♦7, ♦A]
Player points: [20, 20], Bot points:[8, 18]
Bot get one more card ♣3
Bot get one more card ♣8
Player point: 20, Bot point: 19
Player win! Money: 1850.0
========================
Round #505
Player cards: [♣2, ♥7], Bot cards:[♠3, ♦9]
Player points: [9, 9], Bot points:[12, 12]
----- Double Bet! -----
Player get one more card ♣T
Bot get one more card ♠2
Bot get one more card ♥A
Bot get one more card ♦4
Player point: 19, Bot point: 19
Draw! Money:1850.0
========================
Round #506
New deck
Player cards: [♦5, ♣J], Bot cards:[♠6, ♥K]
Player points: [15, 15], Bot points:[16, 16]
Bot get one more card ♣8
Player point: 15, Bot point: 24
Player win! Money: 1870.0
========================
Round #507
Player cards: [♣9, ♥9], Bot cards:[♦6, ♦J]
Player points: [18, 18], Bot points:[16, 16]
-------- Split! Two hands: [19, 19], [19, 19]
For second hand:
Bot get one more card ♥A
Player point: 19, Bot point: 17
Player win! Money: 1890.0
========================
Player point: 19, Bot point: 17
Player win! Money: 1910.0
========================
Round #508
Player cards: [♣6, ♦7], Bot cards:[♥5, ♥T]
Player points: [13, 13], Bot points:[15, 15]
Bot get one more card ♦8
Player point: 13, Bot point: 23
Player win! Money: 1930.0
========================
Round #509
Player cards: [♠5, ♦T], Bot cards:[♠J, ♣Q]
Player points: [15, 15], Bot points:[20, 20]
Player get one more card ♥3
Player point: 18, Bot point: 20
Player lose! Money: 1910.0
========================
Round #510
Player cards: [♥4, ♥K], Bot cards:[♣K, ♦A]
Player points: [14, 14], Bot points:[11, 21]
Player get one more card ♥3
Bot get one more card ♦5
Bot get one more card ♦6
Player point: 17, Bot point: 22
Player win! Money: 1930.0
========================
Round #511
Player cards: [♣6, ♦9], Bot cards:[♠4, ♣7]
Player points: [15, 15], Bot points:[11, 11]
Bot get one more card ♠2
Bot get one more card ♠4
Player point: 15, Bot point: 17
Player lose! Money: 1910.0
========================
Round #512
Player cards: [♣7, ♦A], Bot cards:[♣2, ♣Q]
Player points: [8, 18], Bot points:[12, 12]
Bot get one more card ♠9
Player point: 18, Bot point: 21
Player lose! Money: 1890.0
========================
Round #513
Player cards: [♥3, ♣9], Bot cards:[♠6, ♦A]
Player points: [12, 12], Bot points:[7, 17]
Bot get one more card ♠8
Bot get one more card ♦K
Player point: 12, Bot point: 25
Player win! Money: 1910.0
========================
Round #514
Player cards: [♥6, ♠9], Bot cards:[♠2, ♠3]
Player points: [15, 15], Bot points:[5, 5]
Bot get one more card ♠J
Bot get one more card ♦T
Player point: 15, Bot point: 25
Player win! Money: 1930.0
========================
Round #515
Player cards: [♥4, ♦J], Bot cards:[♣Q, ♠Q]
Player points: [14, 14], Bot points:[20, 20]
Player get one more card ♣9
Player point: 23, Bot point: 20
Player lose! Money: 1910.0
========================
Round #516
Player cards: [♣7, ♥Q], Bot cards:[♦4, ♥K]
Player points: [17, 17], Bot points:[14, 14]
Bot get one more card ♥9
Player point: 17, Bot point: 23
Player win! Money: 1930.0
========================
Round #517
Player cards: [♥7, ♣9], Bot cards:[♥4, ♠9]
Player points: [16, 16], Bot points:[13, 13]
Bot get one more card ♠Q
Player point: 16, Bot point: 23
Player win! Money: 1950.0
========================
Round #518
Player cards: [♠8, ♣A], Bot cards:[♣7, ♣8]
Player points: [9, 19], Bot points:[15, 15]
Bot get one more card ♣K
Player point: 19, Bot point: 25
Player win! Money: 1970.0
========================
Round #519
Player cards: [♣3, ♠3], Bot cards:[♠3, ♣Q]
Player points: [6, 6], Bot points:[13, 13]
Player get one more card ♠K
Bot get one more card ♦K
Player point: 16, Bot point: 23
Player win! Money: 1990.0
========================
Round #520
Player cards: [♥6, ♥J], Bot cards:[♣4, ♦7]
Player points: [16, 16], Bot points:[11, 11]
Bot get one more card ♣A
Bot get one more card ♠7
Player point: 16, Bot point: 19
Player lose! Money: 1970.0
========================
Round #521
Player cards: [♦3, ♣J], Bot cards:[♠5, ♦T]
Player points: [13, 13], Bot points:[15, 15]
Bot get one more card ♣5
Player point: 13, Bot point: 20
Player lose! Money: 1950.0
========================
Round #522
Player cards: [♣5, ♦Q], Bot cards:[♣T, ♣K]
Player points: [15, 15], Bot points:[20, 20]
Player get one more card ♠T
Player point: 25, Bot point: 20
Player lose! Money: 1930.0
========================
Round #523
Player cards: [♣2, ♠4], Bot cards:[♥T, ♦A]
Player points: [6, 6], Bot points:[11, 21]
Player get one more card ♣A
Bot get one more card ♣2
Bot get one more card ♠3
Bot get one more card ♣J
Player point: 17, Bot point: 26
Player win! Money: 1950.0
========================
Round #524
Player cards: [♦4, ♦8], Bot cards:[♠4, ♣5]
Player points: [12, 12], Bot points:[9, 9]
Bot get one more card ♦Q
Player point: 12, Bot point: 19
Player lose! Money: 1930.0
========================
Round #525
Player cards: [♦3, ♣4], Bot cards:[♥2, ♣6]
Player points: [7, 7], Bot points:[8, 8]
Player get one more card ♠T
Bot get one more card ♣3
Bot get one more card ♥9
Player point: 17, Bot point: 20
Player lose! Money: 1910.0
========================
Round #526
Player cards: [♦2, ♥5], Bot cards:[♦Q, ♣K]
Player points: [7, 7], Bot points:[20, 20]
Player get one more card ♥A
Player point: 18, Bot point: 20
Player lose! Money: 1890.0
========================
Round #527
Player cards: [♥5, ♥6], Bot cards:[♥2, ♦8]
Player points: [11, 11], Bot points:[10, 10]
----- Double Bet! -----
Player get one more card ♥J
Bot get one more card ♠A
Bot get one more card ♦7
Player point: 21, Bot point: 18
Player win! Money: 1930.0
========================
Round #528
Player cards: [♠8, ♥A], Bot cards:[♦2, ♠2]
Player points: [9, 19], Bot points:[4, 4]
Bot get one more card ♠Q
Bot get one more card ♠6
Player point: 19, Bot point: 20
Player lose! Money: 1910.0
========================
Round #529
Player cards: [♥5, ♥9], Bot cards:[♥7, ♠A]
Player points: [14, 14], Bot points:[8, 18]
Player get one more card ♦K
Bot get one more card ♥K
Player point: 24, Bot point: 18
Player lose! Money: 1890.0
========================
Round #530
Player cards: [♦9, ♣K], Bot cards:[♥4, ♥J]
Player points: [19, 19], Bot points:[14, 14]
Bot get one more card ♦7
Player point: 19, Bot point: 21
Player lose! Money: 1870.0
========================
Round #531
Player cards: [♦2, ♠7], Bot cards:[♥3, ♣J]
Player points: [9, 9], Bot points:[13, 13]
----- Double Bet! -----
Player get one more card ♥8
Bot get one more card ♠T
Player point: 17, Bot point: 23
Player win! Money: 1910.0
========================
Round #532
Player cards: [♥7, ♣T], Bot cards:[♥2, ♥8]
Player points: [17, 17], Bot points:[10, 10]
Bot get one more card ♣T
Player point: 17, Bot point: 20
Player lose! Money: 1890.0
========================
Round #533
Player cards: [♥T, ♣A], Bot cards:[♥2, ♠K]
Player points: [11, 21], Bot points:[12, 12]
Bot get one more card ♠9
Player point: 21, Bot point: 21
Player lose! Money: 1870.0
========================
Round #534
Player cards: [♣5, ♣8], Bot cards:[♦5, ♠K]
Player points: [13, 13], Bot points:[15, 15]
Bot get one more card ♣T
Player point: 13, Bot point: 25
Player win! Money: 1890.0
========================
Round #535
Player cards: [♠5, ♦J], Bot cards:[♦J, ♦K]
Player points: [15, 15], Bot points:[20, 20]
Player get one more card ♦6
Player point: 21, Bot point: 20
Player win! Money: 1910.0
========================
Round #536
Player cards: [♣6, ♥8], Bot cards:[♠8, ♠A]
Player points: [14, 14], Bot points:[9, 19]
Player get one more card ♦4
Bot get one more card ♥Q
Player point: 18, Bot point: 19
Player lose! Money: 1890.0
========================
Round #537
Player cards: [♣3, ♥Q], Bot cards:[♦3, ♠7]
Player points: [13, 13], Bot points:[10, 10]
Bot get one more card ♥7
Player point: 13, Bot point: 17
Player lose! Money: 1870.0
========================
Round #538
Player cards: [♠2, ♥4], Bot cards:[♦9, ♥T]
Player points: [6, 6], Bot points:[19, 19]
Player get one more card ♠T
Player get one more card ♦6
Player point: 22, Bot point: 19
Player lose! Money: 1850.0
========================
Round #539
Player cards: [♦6, ♠7], Bot cards:[♠6, ♠J]
Player points: [13, 13], Bot points:[16, 16]
Bot get one more card ♣4
Player point: 13, Bot point: 20
Player lose! Money: 1830.0
========================
Round #540
Player cards: [♣2, ♠J], Bot cards:[♠T, ♠A]
Player points: [12, 12], Bot points:[11, 21]
Player get one more card ♦8
Bot get one more card ♠Q
Player point: 20, Bot point: 21
Player lose! Money: 1810.0
========================
Round #541
Player cards: [♥6, ♥8], Bot cards:[♣8, ♦9]
Player points: [14, 14], Bot points:[17, 17]
Player get one more card ♥A
Player get one more card ♦4
Player point: 19, Bot point: 17
Player win! Money: 1830.0
========================
Round #542
Player cards: [♣3, ♥Q], Bot cards:[♦5, ♠5]
Player points: [13, 13], Bot points:[10, 10]
Bot get one more card ♠K
Player point: 13, Bot point: 20
Player lose! Money: 1810.0
========================
Round #543
New deck
Player cards: [♣2, ♣Q], Bot cards:[♣3, ♠A]
Player points: [12, 12], Bot points:[4, 14]
Player get one more card ♣9
Bot get one more card ♦K
Bot get one more card ♦Q
Player point: 21, Bot point: 24
Player win! Money: 1830.0
========================
Round #544
Player cards: [♥7, ♥Q], Bot cards:[♠5, ♠J]
Player points: [17, 17], Bot points:[15, 15]
Bot get one more card ♠A
Bot get one more card ♦A
Player point: 17, Bot point: 17
Draw! Money:1830.0
========================
Round #545
Player cards: [♠4, ♠8], Bot cards:[♦J, ♠K]
Player points: [12, 12], Bot points:[20, 20]
Player get one more card ♣8
Player point: 20, Bot point: 20
Draw! Money:1830.0
========================
Round #546
Player cards: [♥2, ♥T], Bot cards:[♥2, ♣2]
Player points: [12, 12], Bot points:[4, 4]
Player get one more card ♠A
Bot get one more card ♥5
Bot get one more card ♥Q
Player point: 13, Bot point: 19
Player lose! Money: 1810.0
========================
Round #547
Player cards: [♦3, ♦Q], Bot cards:[♠2, ♠Q]
Player points: [13, 13], Bot points:[12, 12]
Bot get one more card ♥T
Player point: 13, Bot point: 22
Player win! Money: 1830.0
========================
Round #548
Player cards: [♠6, ♣Q], Bot cards:[♠2, ♠4]
Player points: [16, 16], Bot points:[6, 6]
Bot get one more card ♣A
Bot get one more card ♦9
Bot get one more card ♣2
Player point: 16, Bot point: 18
Player lose! Money: 1810.0
========================
Round #549
Player cards: [♥5, ♣K], Bot cards:[♣6, ♠T]
Player points: [15, 15], Bot points:[16, 16]
Bot get one more card ♥9
Player point: 15, Bot point: 25
Player win! Money: 1830.0
========================
Round #550
Player cards: [♣9, ♣T], Bot cards:[♣3, ♠4]
Player points: [19, 19], Bot points:[7, 7]
Bot get one more card ♣7
Bot get one more card ♠3
Player point: 19, Bot point: 17
Player win! Money: 1850.0
========================
Round #551
Player cards: [♠5, ♣T], Bot cards:[♠3, ♣6]
Player points: [15, 15], Bot points:[9, 9]
Bot get one more card ♣5
Bot get one more card ♣2
Bot get one more card ♣J
Player point: 15, Bot point: 26
Player win! Money: 1870.0
========================
Round #552
Player cards: [♥3, ♣5], Bot cards:[♠9, ♦K]
Player points: [8, 8], Bot points:[19, 19]
Player get one more card ♥4
Player get one more card ♥J
Player point: 22, Bot point: 19
Player lose! Money: 1850.0
========================
Round #553
Player cards: [♣T, ♣K], Bot cards:[♥J, ♣Q]
Player points: [20, 20], Bot points:[20, 20]
Player point: 20, Bot point: 20
Draw! Money:1850.0
========================
Round #554
Player cards: [♥K, ♠K], Bot cards:[♠3, ♣7]
Player points: [20, 20], Bot points:[10, 10]
Bot get one more card ♦8
Player point: 20, Bot point: 18
Player win! Money: 1870.0
========================
Round #555
Player cards: [♦4, ♦8], Bot cards:[♠3, ♥8]
Player points: [12, 12], Bot points:[11, 11]
Player get one more card ♦T
Bot get one more card ♦2
Bot get one more card ♥T
Player point: 22, Bot point: 23
Player lose! Money: 1850.0
========================
Round #556
Player cards: [♠7, ♥9], Bot cards:[♥8, ♦T]
Player points: [16, 16], Bot points:[18, 18]
Player get one more card ♦K
Player point: 26, Bot point: 18
Player lose! Money: 1830.0
========================
Round #557
Player cards: [♣7, ♦K], Bot cards:[♠5, ♠9]
Player points: [17, 17], Bot points:[14, 14]
Bot get one more card ♠J
Player point: 17, Bot point: 24
Player win! Money: 1850.0
========================
Round #558
Player cards: [♣4, ♠5], Bot cards:[♠9, ♠Q]
Player points: [9, 9], Bot points:[19, 19]
Player get one more card ♣J
Player point: 19, Bot point: 19
Draw! Money:1850.0
========================
Round #559
Player cards: [♥7, ♥A], Bot cards:[♦3, ♠T]
Player points: [8, 18], Bot points:[13, 13]
Bot get one more card ♦9
Player point: 18, Bot point: 22
Player win! Money: 1870.0
========================
Round #560
Player cards: [♦7, ♣8], Bot cards:[♥Q, ♦A]
Player points: [15, 15], Bot points:[11, 21]
Player get one more card ♣9
Bot get one more card ♠8
Player point: 24, Bot point: 19
Player lose! Money: 1850.0
========================
Round #561
Player cards: [♣4, ♥6], Bot cards:[♠J, ♦Q]
Player points: [10, 10], Bot points:[20, 20]
Player get one more card ♦T
Player point: 20, Bot point: 20
Draw! Money:1850.0
========================
Round #562
Player cards: [♦6, ♦8], Bot cards:[♣3, ♠Q]
Player points: [14, 14], Bot points:[13, 13]
Bot get one more card ♣K
Player point: 14, Bot point: 23
Player win! Money: 1870.0
========================
Round #563
Player cards: [♣4, ♣A], Bot cards:[♦2, ♦4]
Player points: [5, 15], Bot points:[6, 6]
Bot get one more card ♥7
Bot get one more card ♦9
Player point: 15, Bot point: 22
Player win! Money: 1890.0
========================
Round #564
Player cards: [♣4, ♠6], Bot cards:[♦5, ♦Q]
Player points: [10, 10], Bot points:[15, 15]
----- Double Bet! -----
Player get one more card ♠6
Bot get one more card ♠Q
Player point: 16, Bot point: 25
Player win! Money: 1930.0
========================
Round #565
Player cards: [♦2, ♥3], Bot cards:[♥6, ♥A]
Player points: [5, 5], Bot points:[7, 17]
Player get one more card ♥9
Bot get one more card ♦9
Bot get one more card ♥4
Player point: 14, Bot point: 20
Player lose! Money: 1910.0
========================
Round #566
Player cards: [♦6, ♥K], Bot cards:[♠2, ♥2]
Player points: [16, 16], Bot points:[4, 4]
Bot get one more card ♥A
Bot get one more card ♥5
Bot get one more card ♣4
Bot get one more card ♦9
Player point: 16, Bot point: 23
Player win! Money: 1930.0
========================
Round #567
Player cards: [♣6, ♣J], Bot cards:[♣6, ♥8]
Player points: [16, 16], Bot points:[14, 14]
Bot get one more card ♦5
Player point: 16, Bot point: 19
Player lose! Money: 1910.0
========================
Round #568
Player cards: [♥4, ♣A], Bot cards:[♥T, ♣A]
Player points: [5, 15], Bot points:[11, 21]
Player get one more card ♣K
Player get one more card ♦2
Bot get one more card ♥Q
Player point: 17, Bot point: 21
Player lose! Money: 1890.0
========================
Round #569
Player cards: [♣5, ♥J], Bot cards:[♠7, ♣9]
Player points: [15, 15], Bot points:[16, 16]
Player get one more card ♦8
Bot get one more card ♠K
Player point: 23, Bot point: 26
Player lose! Money: 1870.0
========================
Round #570
Player cards: [♣8, ♠T], Bot cards:[♠7, ♥J]
Player points: [18, 18], Bot points:[17, 17]
Player point: 18, Bot point: 17
Player win! Money: 1890.0
========================
Round #571
Player cards: [♠9, ♠A], Bot cards:[♠6, ♦7]
Player points: [10, 20], Bot points:[13, 13]
Bot get one more card ♦5
Player point: 20, Bot point: 18
Player win! Money: 1910.0
========================
Round #572
Player cards: [♠2, ♠4], Bot cards:[♥5, ♥8]
Player points: [6, 6], Bot points:[13, 13]
Player get one more card ♣7
Bot get one more card ♠8
Player point: 13, Bot point: 21
Player lose! Money: 1890.0
========================
Round #573
Player cards: [♥K, ♥A], Bot cards:[♣5, ♠K]
Player points: [11, 21], Bot points:[15, 15]
Bot get one more card ♦T
Player point: 21, Bot point: 25
------ BlackJack!! ------
Player win! Money: 1916.0
========================
Round #574
Player cards: [♦2, ♦7], Bot cards:[♠7, ♣T]
Player points: [9, 9], Bot points:[17, 17]
Player get one more card ♥3
Player get one more card ♦A
Player get one more card ♦6
Player point: 19, Bot point: 17
Player win! Money: 1936.0
========================
Round #575
Player cards: [♦4, ♣8], Bot cards:[♠T, ♥J]
Player points: [12, 12], Bot points:[20, 20]
Player get one more card ♥3
Player get one more card ♦J
Player point: 25, Bot point: 20
Player lose! Money: 1916.0
========================
Round #576
Player cards: [♦3, ♦A], Bot cards:[♣3, ♦4]
Player points: [4, 14], Bot points:[7, 7]
Bot get one more card ♦3
Bot get one more card ♠J
Player point: 14, Bot point: 20
Player lose! Money: 1896.0
========================
Round #577
Player cards: [♥2, ♦J], Bot cards:[♦6, ♦7]
Player points: [12, 12], Bot points:[13, 13]
Bot get one more card ♥7
Player point: 12, Bot point: 20
Player lose! Money: 1876.0
========================
Round #578
Player cards: [♥4, ♥6], Bot cards:[♥9, ♣J]
Player points: [10, 10], Bot points:[19, 19]
----- Double Bet! -----
Player get one more card ♠8
Player point: 18, Bot point: 19
Player lose! Money: 1836.0
========================
Round #579
New deck
Player cards: [♣4, ♣6], Bot cards:[♦2, ♦8]
Player points: [10, 10], Bot points:[10, 10]
----- Double Bet! -----
Player get one more card ♣A
Bot get one more card ♦9
Player point: 21, Bot point: 19
Player win! Money: 1876.0
========================
Round #580
Player cards: [♥T, ♦J], Bot cards:[♣3, ♠4]
Player points: [20, 20], Bot points:[7, 7]
Bot get one more card ♥J
Player point: 20, Bot point: 17
Player win! Money: 1896.0
========================
Round #581
Player cards: [♥4, ♠5], Bot cards:[♣3, ♥8]
Player points: [9, 9], Bot points:[11, 11]
----- Double Bet! -----
Player get one more card ♣9
Bot get one more card ♠5
Bot get one more card ♠2
Player point: 18, Bot point: 18
Draw! Money:1896.0
========================
Round #582
Player cards: [♥9, ♦9], Bot cards:[♣4, ♣J]
Player points: [18, 18], Bot points:[14, 14]
-------- Split! Two hands: [17, 17], [19, 19]
For second hand:
Bot get one more card ♠Q
Player point: 17, Bot point: 24
Player win! Money: 1916.0
========================
Player point: 19, Bot point: 24
Player win! Money: 1936.0
========================
Round #583
Player cards: [♣T, ♣Q], Bot cards:[♠3, ♦4]
Player points: [20, 20], Bot points:[7, 7]
Bot get one more card ♥J
Player point: 20, Bot point: 17
Player win! Money: 1956.0
========================
Round #584
Player cards: [♦5, ♥7], Bot cards:[♥3, ♣5]
Player points: [12, 12], Bot points:[8, 8]
Player get one more card ♣8
Bot get one more card ♥7
Bot get one more card ♦3
Player point: 20, Bot point: 18
Player win! Money: 1976.0
========================
Round #585
Player cards: [♥T, ♠T], Bot cards:[♣8, ♣T]
Player points: [20, 20], Bot points:[18, 18]
Player point: 20, Bot point: 18
Player win! Money: 1996.0
========================
Round #586
Player cards: [♣6, ♠A], Bot cards:[♦2, ♦K]
Player points: [7, 17], Bot points:[12, 12]
Bot get one more card ♥9
Player point: 17, Bot point: 21
Player lose! Money: 1976.0
========================
Round #587
Player cards: [♥4, ♣9], Bot cards:[♣4, ♦J]
Player points: [13, 13], Bot points:[14, 14]
Bot get one more card ♣4
Player point: 13, Bot point: 18
Player lose! Money: 1956.0
========================
Round #588
Player cards: [♦5, ♦9], Bot cards:[♦4, ♦J]
Player points: [14, 14], Bot points:[14, 14]
Bot get one more card ♠2
Bot get one more card ♥K
Player point: 14, Bot point: 26
Player win! Money: 1976.0
========================
Round #589
Player cards: [♦7, ♠A], Bot cards:[♦T, ♣J]
Player points: [8, 18], Bot points:[20, 20]
Player point: 18, Bot point: 20
Player lose! Money: 1956.0
========================
Round #590
Player cards: [♦3, ♣7], Bot cards:[♦J, ♥A]
Player points: [10, 10], Bot points:[11, 21]
Player get one more card ♦2
Player get one more card ♦6
Bot get one more card ♦K
Player point: 18, Bot point: 21
Player lose! Money: 1936.0
========================
Round #591
Player cards: [♦6, ♦7], Bot cards:[♥2, ♥K]
Player points: [13, 13], Bot points:[12, 12]
Bot get one more card ♥6
Player point: 13, Bot point: 18
Player lose! Money: 1916.0
========================
Round #592
Player cards: [♥5, ♣6], Bot cards:[♥K, ♣K]
Player points: [11, 11], Bot points:[20, 20]
----- Double Bet! -----
Player get one more card ♠T
Player point: 21, Bot point: 20
Player win! Money: 1956.0
========================
Round #593
Player cards: [♦T, ♣Q], Bot cards:[♠T, ♣A]
Player points: [20, 20], Bot points:[11, 21]
Bot get one more card ♥K
Player point: 20, Bot point: 21
Player lose! Money: 1936.0
========================
Round #594
Player cards: [♥8, ♠9], Bot cards:[♣8, ♠K]
Player points: [17, 17], Bot points:[18, 18]
Player point: 17, Bot point: 18
Player lose! Money: 1916.0
========================
Round #595
Player cards: [♣6, ♥8], Bot cards:[♠6, ♦A]
Player points: [14, 14], Bot points:[7, 17]
Bot get one more card ♥3
Bot get one more card ♣5
Bot get one more card ♠J
Player point: 14, Bot point: 25
Player win! Money: 1936.0
========================
Round #596
Player cards: [♦4, ♣5], Bot cards:[♣8, ♣K]
Player points: [9, 9], Bot points:[18, 18]
Player get one more card ♣J
Player point: 19, Bot point: 18
Player win! Money: 1956.0
========================
Round #597
Player cards: [♦3, ♥Q], Bot cards:[♦3, ♦Q]
Player points: [13, 13], Bot points:[13, 13]
Bot get one more card ♣K
Player point: 13, Bot point: 23
Player win! Money: 1976.0
========================
Round #598
Player cards: [♥2, ♦6], Bot cards:[♥6, ♠9]
Player points: [8, 8], Bot points:[15, 15]
Player get one more card ♦A
Bot get one more card ♥3
Player point: 19, Bot point: 18
Player win! Money: 1996.0
========================
Round #599
Player cards: [♦7, ♠Q], Bot cards:[♠3, ♣T]
Player points: [17, 17], Bot points:[13, 13]
Bot get one more card ♦3
Bot get one more card ♥Q
Player point: 17, Bot point: 26
Player win! Money: 2016.0
========================
Round #600
Player cards: [♠4, ♠5], Bot cards:[♥7, ♥J]
Player points: [9, 9], Bot points:[17, 17]
Player get one more card ♣9
Player point: 18, Bot point: 17
Player win! Money: 2036.0
========================
Round #601
Player cards: [♦T, ♠Q], Bot cards:[♦K, ♥A]
Player points: [20, 20], Bot points:[11, 21]
Bot get one more card ♥5
Bot get one more card ♦K
Player point: 20, Bot point: 26
Player win! Money: 2056.0
========================
Round #602
Player cards: [♥8, ♦T], Bot cards:[♦9, ♦Q]
Player points: [18, 18], Bot points:[19, 19]
Player point: 18, Bot point: 19
Player lose! Money: 2036.0
========================
Round #603
Player cards: [♥6, ♠K], Bot cards:[♠7, ♦8]
Player points: [16, 16], Bot points:[15, 15]
Player get one more card ♠9
Bot get one more card ♥6
Player point: 25, Bot point: 21
Player lose! Money: 2016.0
========================
Round #604
Player cards: [♣T, ♦Q], Bot cards:[♦8, ♣Q]
Player points: [20, 20], Bot points:[18, 18]
Player point: 20, Bot point: 18
Player win! Money: 2036.0
========================
Round #605
Player cards: [♣2, ♦A], Bot cards:[♥J, ♥A]
Player points: [3, 13], Bot points:[11, 21]
Player get one more card ♣A
Player get one more card ♠5
Bot get one more card ♦A
Bot get one more card ♠Q
Player point: 19, Bot point: 22
Player win! Money: 2056.0
========================
Round #606
Player cards: [♥2, ♠4], Bot cards:[♦7, ♥9]
Player points: [6, 6], Bot points:[16, 16]
Player get one more card ♣2
Player get one more card ♥5
Player get one more card ♦8
Bot get one more card ♠3
Player point: 21, Bot point: 19
Player win! Money: 2076.0
========================
Round #607
Player cards: [♠6, ♥T], Bot cards:[♥4, ♠J]
Player points: [16, 16], Bot points:[14, 14]
Bot get one more card ♠7
Player point: 16, Bot point: 21
Player lose! Money: 2056.0
========================
Round #608
Player cards: [♣K, ♠A], Bot cards:[♣7, ♥A]
Player points: [11, 21], Bot points:[8, 18]
Bot get one more card ♠K
Player point: 21, Bot point: 18
------ BlackJack!! ------
Player win! Money: 2082.0
========================
Round #609
Player cards: [♦J, ♠Q], Bot cards:[♥9, ♥Q]
Player points: [20, 20], Bot points:[19, 19]
Player point: 20, Bot point: 19
Player win! Money: 2102.0
========================
Round #610
Player cards: [♥2, ♣J], Bot cards:[♠8, ♠8]
Player points: [12, 12], Bot points:[16, 16]
Player get one more card ♦Q
Bot get one more card ♣2
Player point: 22, Bot point: 18
Player lose! Money: 2082.0
========================
Round #611
Player cards: [♠6, ♠8], Bot cards:[♠2, ♠J]
Player points: [14, 14], Bot points:[12, 12]
Bot get one more card ♠6
Player point: 14, Bot point: 18
Player lose! Money: 2062.0
========================
Round #612
Player cards: [♠2, ♠3], Bot cards:[♥5, ♣7]
Player points: [5, 5], Bot points:[12, 12]
Player get one more card ♠K
Bot get one more card ♠9
Player point: 15, Bot point: 21
Player lose! Money: 2042.0
========================
Round #613
Player cards: [♣3, ♠T], Bot cards:[♣3, ♣7]
Player points: [13, 13], Bot points:[10, 10]
Bot get one more card ♥Q
Player point: 13, Bot point: 20
Player lose! Money: 2022.0
========================
Round #614
Player cards: [♠4, ♠7], Bot cards:[♥4, ♣9]
Player points: [11, 11], Bot points:[13, 13]
----- Double Bet! -----
Player get one more card ♠A
Bot get one more card ♦4
Player point: 12, Bot point: 17
Player lose! Money: 1982.0
========================
Round #615
Player cards: [♥3, ♥T], Bot cards:[♣5, ♣Q]
Player points: [13, 13], Bot points:[15, 15]
Bot get one more card ♦5
Player point: 13, Bot point: 20
Player lose! Money: 1962.0
========================
Round #616
Player cards: [♣2, ♣A], Bot cards:[♦2, ♦5]
Player points: [3, 13], Bot points:[7, 7]
Bot get one more card ♠J
Player point: 13, Bot point: 17
Player lose! Money: 1942.0
========================
Round #617
New deck
Player cards: [♣3, ♦4], Bot cards:[♣2, ♠Q]
Player points: [7, 7], Bot points:[12, 12]
Player get one more card ♣2
Player get one more card ♠J
Bot get one more card ♠8
Player point: 19, Bot point: 20
Player lose! Money: 1922.0
========================
Round #618
Player cards: [♦J, ♠K], Bot cards:[♠7, ♦Q]
Player points: [20, 20], Bot points:[17, 17]
Player point: 20, Bot point: 17
Player win! Money: 1942.0
========================
Round #619
Player cards: [♥8, ♥K], Bot cards:[♠4, ♥5]
Player points: [18, 18], Bot points:[9, 9]
Bot get one more card ♦5
Bot get one more card ♥2
Bot get one more card ♣4
Player point: 18, Bot point: 20
Player lose! Money: 1922.0
========================
Round #620
Player cards: [♦4, ♠6], Bot cards:[♠7, ♠A]
Player points: [10, 10], Bot points:[8, 18]
----- Double Bet! -----
Player get one more card ♠9
Bot get one more card ♠T
Player point: 19, Bot point: 18
Player win! Money: 1962.0
========================
Round #621
Player cards: [♠4, ♣5], Bot cards:[♦9, ♦9]
Player points: [9, 9], Bot points:[18, 18]
Player get one more card ♣9
Player point: 18, Bot point: 18
Draw! Money:1962.0
========================
Round #622
Player cards: [♦7, ♦T], Bot cards:[♠T, ♦J]
Player points: [17, 17], Bot points:[20, 20]
Player point: 17, Bot point: 20
Player lose! Money: 1942.0
========================
Round #623
Player cards: [♦2, ♦3], Bot cards:[♠J, ♦A]
Player points: [5, 5], Bot points:[11, 21]
Player get one more card ♠A
Player get one more card ♥7
Player get one more card ♣6
Bot get one more card ♠8
Player point: 19, Bot point: 19
Draw! Money:1942.0
========================
Round #624
Player cards: [♦9, ♣A], Bot cards:[♠5, ♥J]
Player points: [10, 20], Bot points:[15, 15]
Bot get one more card ♥A
Bot get one more card ♦T
Player point: 20, Bot point: 26
Player win! Money: 1962.0
========================
Round #625
Player cards: [♣T, ♠Q], Bot cards:[♦K, ♦A]
Player points: [20, 20], Bot points:[11, 21]
Bot get one more card ♠T
Player point: 20, Bot point: 21
Player lose! Money: 1942.0
========================
Round #626
Player cards: [♥2, ♥J], Bot cards:[♠3, ♣5]
Player points: [12, 12], Bot points:[8, 8]
Player get one more card ♦Q
Bot get one more card ♣3
Bot get one more card ♣5
Bot get one more card ♦8
Player point: 22, Bot point: 24
Player lose! Money: 1922.0
========================
Round #627
Player cards: [♣4, ♦K], Bot cards:[♦4, ♦7]
Player points: [14, 14], Bot points:[11, 11]
Bot get one more card ♣Q
Player point: 14, Bot point: 21
Player lose! Money: 1902.0
========================
Round #628
Player cards: [♣5, ♣K], Bot cards:[♦7, ♣A]
Player points: [15, 15], Bot points:[8, 18]
Player get one more card ♦6
Bot get one more card ♠9
Player point: 21, Bot point: 17
Player win! Money: 1922.0
========================
Round #629
Player cards: [♣6, ♥J], Bot cards:[♥7, ♥8]
Player points: [16, 16], Bot points:[15, 15]
Player get one more card ♣3
Bot get one more card ♥5
Player point: 19, Bot point: 20
Player lose! Money: 1902.0
========================
Round #630
Player cards: [♣9, ♥K], Bot cards:[♥3, ♣A]
Player points: [19, 19], Bot points:[4, 14]
Bot get one more card ♦2
Bot get one more card ♠8
Bot get one more card ♠4
Player point: 19, Bot point: 18
Player win! Money: 1922.0
========================
Round #631
Player cards: [♠5, ♥A], Bot cards:[♦8, ♣T]
Player points: [6, 16], Bot points:[18, 18]
Player get one more card ♥3
Player point: 19, Bot point: 18
Player win! Money: 1942.0
========================
Round #632
Player cards: [♥8, ♠A], Bot cards:[♦J, ♠A]
Player points: [9, 19], Bot points:[11, 21]
Bot get one more card ♦K
Player point: 19, Bot point: 21
Player lose! Money: 1922.0
========================
Round #633
Player cards: [♣8, ♥9], Bot cards:[♠2, ♣K]
Player points: [17, 17], Bot points:[12, 12]
Bot get one more card ♠J
Player point: 17, Bot point: 22
Player win! Money: 1942.0
========================
Round #634
Player cards: [♦6, ♥6], Bot cards:[♥9, ♠Q]
Player points: [12, 12], Bot points:[19, 19]
Player get one more card ♣J
Player point: 22, Bot point: 19
Player lose! Money: 1922.0
========================
Round #635
Player cards: [♥2, ♣9], Bot cards:[♠8, ♣Q]
Player points: [11, 11], Bot points:[18, 18]
----- Double Bet! -----
Player get one more card ♠5
Player point: 16, Bot point: 18
Player lose! Money: 1882.0
========================
Round #636
Player cards: [♥6, ♠7], Bot cards:[♣J, ♦A]
Player points: [13, 13], Bot points:[11, 21]
Player get one more card ♦3
Player get one more card ♦9
Bot get one more card ♦2
Bot get one more card ♣K
Player point: 25, Bot point: 23
Player lose! Money: 1862.0
========================
Round #637
Player cards: [♣9, ♣T], Bot cards:[♠2, ♦4]
Player points: [19, 19], Bot points:[6, 6]
Bot get one more card ♥T
Bot get one more card ♥7
Player point: 19, Bot point: 23
Player win! Money: 1882.0
========================
Round #638
Player cards: [♣2, ♠6], Bot cards:[♣J, ♥Q]
Player points: [8, 8], Bot points:[20, 20]
Player get one more card ♥4
Player get one more card ♦6
Player point: 18, Bot point: 20
Player lose! Money: 1862.0
========================
Round #639
Player cards: [♠3, ♣T], Bot cards:[♣4, ♦T]
Player points: [13, 13], Bot points:[14, 14]
Bot get one more card ♥5
Player point: 13, Bot point: 19
Player lose! Money: 1842.0
========================
Round #640
Player cards: [♥3, ♣8], Bot cards:[♣7, ♦A]
Player points: [11, 11], Bot points:[8, 18]
----- Double Bet! -----
Player get one more card ♦Q
Bot get one more card ♥A
Bot get one more card ♠5
Bot get one more card ♥T
Player point: 21, Bot point: 24
Player win! Money: 1882.0
========================
Round #641
Player cards: [♥T, ♠J], Bot cards:[♣2, ♥T]
Player points: [20, 20], Bot points:[12, 12]
Bot get one more card ♠2
Bot get one more card ♦5
Player point: 20, Bot point: 19
Player win! Money: 1902.0
========================
Round #642
Player cards: [♠4, ♣7], Bot cards:[♥7, ♠9]
Player points: [11, 11], Bot points:[16, 16]
----- Double Bet! -----
Player get one more card ♠6
Bot get one more card ♦Q
Player point: 17, Bot point: 26
Player win! Money: 1942.0
========================
Round #643
Player cards: [♥9, ♠K], Bot cards:[♥4, ♥7]
Player points: [19, 19], Bot points:[11, 11]
Bot get one more card ♣8
Player point: 19, Bot point: 19
Draw! Money:1942.0
========================
Round #644
Player cards: [♣3, ♠7], Bot cards:[♦8, ♥Q]
Player points: [10, 10], Bot points:[18, 18]
----- Double Bet! -----
Player get one more card ♣J
Player point: 20, Bot point: 18
Player win! Money: 1982.0
========================
Round #645
Player cards: [♥5, ♦8], Bot cards:[♥K, ♣A]
Player points: [13, 13], Bot points:[11, 21]
Player get one more card ♣K
Bot get one more card ♣6
Player point: 23, Bot point: 17
Player lose! Money: 1962.0
========================
Round #646
Player cards: [♠T, ♠Q], Bot cards:[♥3, ♦6]
Player points: [20, 20], Bot points:[9, 9]
Bot get one more card ♣Q
Player point: 20, Bot point: 19
Player win! Money: 1982.0
========================
Round #647
Player cards: [♠K, ♥K], Bot cards:[♦5, ♦7]
Player points: [20, 20], Bot points:[12, 12]
Bot get one more card ♣4
Bot get one more card ♦6
Player point: 20, Bot point: 22
Player win! Money: 2002.0
========================
Round #648
Player cards: [♥9, ♥J], Bot cards:[♣6, ♣7]
Player points: [19, 19], Bot points:[13, 13]
Bot get one more card ♦3
Bot get one more card ♥Q
Player point: 19, Bot point: 26
Player win! Money: 2022.0
========================
Round #649
Player cards: [♥4, ♠6], Bot cards:[♦3, ♥6]
Player points: [10, 10], Bot points:[9, 9]
----- Double Bet! -----
Player get one more card ♦K
Bot get one more card ♣7
Bot get one more card ♥Q
Player point: 20, Bot point: 26
Player win! Money: 2062.0
========================
Round #650
Player cards: [♠9, ♥K], Bot cards:[♦T, ♣Q]
Player points: [19, 19], Bot points:[20, 20]
Player point: 19, Bot point: 20
Player lose! Money: 2042.0
========================
Round #651
Player cards: [♥2, ♥8], Bot cards:[♦2, ♠7]
Player points: [10, 10], Bot points:[9, 9]
----- Double Bet! -----
Player get one more card ♥6
Bot get one more card ♥6
Bot get one more card ♥4
Player point: 16, Bot point: 19
Player lose! Money: 2002.0
========================
Round #652
New deck
Player cards: [♠2, ♦Q], Bot cards:[♣4, ♦5]
Player points: [12, 12], Bot points:[9, 9]
Bot get one more card ♦4
Bot get one more card ♣9
Player point: 12, Bot point: 22
Player win! Money: 2022.0
========================
Round #653
Player cards: [♥6, ♣Q], Bot cards:[♠7, ♣9]
Player points: [16, 16], Bot points:[16, 16]
Player get one more card ♠5
Bot get one more card ♥A
Player point: 21, Bot point: 17
Player win! Money: 2042.0
========================
Round #654
Player cards: [♠2, ♣J], Bot cards:[♠5, ♥6]
Player points: [12, 12], Bot points:[11, 11]
Bot get one more card ♣K
Player point: 12, Bot point: 21
Player lose! Money: 2022.0
========================
Round #655
Player cards: [♥2, ♠K], Bot cards:[♠4, ♦Q]
Player points: [12, 12], Bot points:[14, 14]
Bot get one more card ♣7
Player point: 12, Bot point: 21
Player lose! Money: 2002.0
========================
Round #656
Player cards: [♣4, ♦5], Bot cards:[♦5, ♦7]
Player points: [9, 9], Bot points:[12, 12]
----- Double Bet! -----
Player get one more card ♦2
Bot get one more card ♠9
Player point: 11, Bot point: 21
Player lose! Money: 1962.0
========================
Round #657
Player cards: [♠2, ♣A], Bot cards:[♠6, ♠A]
Player points: [3, 13], Bot points:[7, 17]
Bot get one more card ♣9
Bot get one more card ♣J
Player point: 13, Bot point: 26
Player win! Money: 1982.0
========================
Round #658
Player cards: [♣5, ♣6], Bot cards:[♣2, ♥Q]
Player points: [11, 11], Bot points:[12, 12]
----- Double Bet! -----
Player get one more card ♦9
Bot get one more card ♦8
Player point: 20, Bot point: 20
Draw! Money:1982.0
========================
Round #659
Player cards: [♥J, ♥A], Bot cards:[♥2, ♦T]
Player points: [11, 21], Bot points:[12, 12]
Bot get one more card ♥8
Player point: 21, Bot point: 20
------ BlackJack!! ------
Player win! Money: 2008.0
========================
Round #660
Player cards: [♥T, ♦J], Bot cards:[♣3, ♠5]
Player points: [20, 20], Bot points:[8, 8]
Bot get one more card ♠T
Player point: 20, Bot point: 18
Player win! Money: 2028.0
========================
Round #661
Player cards: [♦4, ♦6], Bot cards:[♣3, ♣8]
Player points: [10, 10], Bot points:[11, 11]
----- Double Bet! -----
Player get one more card ♣7
Bot get one more card ♣J
Player point: 17, Bot point: 21
Player lose! Money: 1988.0
========================
Round #662
Player cards: [♠3, ♦A], Bot cards:[♥4, ♦5]
Player points: [4, 14], Bot points:[9, 9]
Bot get one more card ♠Q
Player point: 14, Bot point: 19
Player lose! Money: 1968.0
========================
Round #663
Player cards: [♥5, ♣7], Bot cards:[♦4, ♣8]
Player points: [12, 12], Bot points:[12, 12]
Bot get one more card ♥J
Player point: 12, Bot point: 22
Player win! Money: 1988.0
========================
Round #664
Player cards: [♦J, ♠K], Bot cards:[♠3, ♣6]
Player points: [20, 20], Bot points:[9, 9]
Bot get one more card ♠9
Player point: 20, Bot point: 18
Player win! Money: 2008.0
========================
Round #665
Player cards: [♠3, ♥Q], Bot cards:[♦3, ♥K]
Player points: [13, 13], Bot points:[13, 13]
Bot get one more card ♣T
Player point: 13, Bot point: 23
Player win! Money: 2028.0
========================
Round #666
Player cards: [♠8, ♣T], Bot cards:[♥7, ♠Q]
Player points: [18, 18], Bot points:[17, 17]
Player point: 18, Bot point: 17
Player win! Money: 2048.0
========================
Round #667
Player cards: [♦3, ♠K], Bot cards:[♣6, ♣K]
Player points: [13, 13], Bot points:[16, 16]
Bot get one more card ♠2
Player point: 13, Bot point: 18
Player lose! Money: 2028.0
========================
Round #668
Player cards: [♦6, ♥8], Bot cards:[♥9, ♥J]
Player points: [14, 14], Bot points:[19, 19]
Player get one more card ♥3
Player point: 17, Bot point: 19
Player lose! Money: 2008.0
========================
Round #669
Player cards: [♠Q, ♣Q], Bot cards:[♦7, ♦A]
Player points: [20, 20], Bot points:[8, 18]
Bot get one more card ♣A
Bot get one more card ♦4
Bot get one more card ♥J
Player point: 20, Bot point: 23
Player win! Money: 2028.0
========================
Round #670
Player cards: [♠J, ♣Q], Bot cards:[♠6, ♦6]
Player points: [20, 20], Bot points:[12, 12]
Bot get one more card ♥Q
Player point: 20, Bot point: 22
Player win! Money: 2048.0
========================
Round #671
Player cards: [♣8, ♠A], Bot cards:[♣4, ♠T]
Player points: [9, 19], Bot points:[14, 14]
Bot get one more card ♣7
Player point: 19, Bot point: 21
Player lose! Money: 2028.0
========================
Round #672
Player cards: [♦3, ♥K], Bot cards:[♠6, ♦8]
Player points: [13, 13], Bot points:[14, 14]
Bot get one more card ♦J
Player point: 13, Bot point: 24
Player win! Money: 2048.0
========================
Round #673
Player cards: [♠J, ♦Q], Bot cards:[♦2, ♣J]
Player points: [20, 20], Bot points:[12, 12]
Bot get one more card ♥4
Bot get one more card ♥A
Player point: 20, Bot point: 17
Player win! Money: 2068.0
========================
Round #674
Player cards: [♥7, ♥T], Bot cards:[♥2, ♠8]
Player points: [17, 17], Bot points:[10, 10]
Bot get one more card ♠9
Player point: 17, Bot point: 19
Player lose! Money: 2048.0
========================
Round #675
Player cards: [♥2, ♠6], Bot cards:[♣9, ♠K]
Player points: [8, 8], Bot points:[19, 19]
Player get one more card ♠4
Player get one more card ♠7
Player point: 19, Bot point: 19
Draw! Money:2048.0
========================
Round #676
Player cards: [♦5, ♦7], Bot cards:[♦8, ♣K]
Player points: [12, 12], Bot points:[18, 18]
Player get one more card ♦3
Player get one more card ♥5
Player point: 20, Bot point: 18
Player win! Money: 2068.0
========================
Round #677
Player cards: [♦6, ♥7], Bot cards:[♦2, ♣5]
Player points: [13, 13], Bot points:[7, 7]
Bot get one more card ♣2
Bot get one more card ♥8
Player point: 13, Bot point: 17
Player lose! Money: 2048.0
========================
Round #678
Player cards: [♠3, ♣8], Bot cards:[♥4, ♥T]
Player points: [11, 11], Bot points:[14, 14]
----- Double Bet! -----
Player get one more card ♠3
Bot get one more card ♠2
Bot get one more card ♠J
Player point: 14, Bot point: 26
Player win! Money: 2088.0
========================
Round #679
Player cards: [♠T, ♥Q], Bot cards:[♦Q, ♦K]
Player points: [20, 20], Bot points:[20, 20]
Player point: 20, Bot point: 20
Draw! Money:2088.0
========================
Round #680
Player cards: [♦2, ♠A], Bot cards:[♠8, ♣K]
Player points: [3, 13], Bot points:[18, 18]
Player get one more card ♣5
Player point: 18, Bot point: 18
Draw! Money:2088.0
========================
Round #681
Player cards: [♥T, ♠Q], Bot cards:[♥7, ♠9]
Player points: [20, 20], Bot points:[16, 16]
Bot get one more card ♣T
Player point: 20, Bot point: 26
Player win! Money: 2108.0
========================
Round #682
Player cards: [♣8, ♥9], Bot cards:[♦9, ♦T]
Player points: [17, 17], Bot points:[19, 19]
Player point: 17, Bot point: 19
Player lose! Money: 2088.0
========================
Round #683
Player cards: [♣3, ♥9], Bot cards:[♦J, ♦K]
Player points: [12, 12], Bot points:[20, 20]
Player get one more card ♥9
Player point: 21, Bot point: 20
Player win! Money: 2108.0
========================
Round #684
Player cards: [♣2, ♥K], Bot cards:[♥3, ♥8]
Player points: [12, 12], Bot points:[11, 11]
Player get one more card ♥3
Bot get one more card ♥3
Bot get one more card ♦9
Player point: 15, Bot point: 23
Player win! Money: 2128.0
========================
Round #685
Player cards: [♣6, ♣A], Bot cards:[♠7, ♦A]
Player points: [7, 17], Bot points:[8, 18]
Bot get one more card ♦J
Player point: 17, Bot point: 18
Player lose! Money: 2108.0
========================
Round #686
Player cards: [♥4, ♦K], Bot cards:[♠4, ♣5]
Player points: [14, 14], Bot points:[9, 9]
Bot get one more card ♥6
Bot get one more card ♥5
Player point: 14, Bot point: 20
Player lose! Money: 2088.0
========================
Round #687
Player cards: [♣2, ♣3], Bot cards:[♦T, ♣A]
Player points: [5, 5], Bot points:[11, 21]
Player get one more card ♥A
Player get one more card ♣Q
Player get one more card ♦5
Bot get one more card ♣T
Player point: 21, Bot point: 21
Player lose! Money: 2068.0
========================
Round #688
Player cards: [♠8, ♦K], Bot cards:[♠3, ♦7]
Player points: [18, 18], Bot points:[10, 10]
Bot get one more card ♦T
Player point: 18, Bot point: 20
Player lose! Money: 2048.0
========================
Round #689
Player cards: [♦9, ♥K], Bot cards:[♠4, ♥5]
Player points: [19, 19], Bot points:[9, 9]
Bot get one more card ♠J
Player point: 19, Bot point: 19
Draw! Money:2048.0
========================
Round #690
Player cards: [♥6, ♦A], Bot cards:[♣4, ♠5]
Player points: [7, 17], Bot points:[9, 9]
Bot get one more card ♠T
Player point: 17, Bot point: 19
Player lose! Money: 2028.0
========================
Round #691
New deck
Player cards: [♠7, ♥8], Bot cards:[♠3, ♣T]
Player points: [15, 15], Bot points:[13, 13]
Bot get one more card ♣5
Player point: 15, Bot point: 18
Player lose! Money: 2008.0
========================
Round #692
Player cards: [♦7, ♠T], Bot cards:[♥4, ♣T]
Player points: [17, 17], Bot points:[14, 14]
Bot get one more card ♦J
Player point: 17, Bot point: 24
Player win! Money: 2028.0
========================
Round #693
Player cards: [♣T, ♣K], Bot cards:[♠8, ♣8]
Player points: [20, 20], Bot points:[16, 16]
Bot get one more card ♣3
Player point: 20, Bot point: 19
Player win! Money: 2048.0
========================
Round #694
Player cards: [♥3, ♠5], Bot cards:[♣8, ♠A]
Player points: [8, 8], Bot points:[9, 19]
Player get one more card ♠Q
Bot get one more card ♦J
Player point: 18, Bot point: 19
Player lose! Money: 2028.0
========================
Round #695
Player cards: [♥A, ♥A], Bot cards:[♠3, ♣T]
Player points: [2, 12], Bot points:[13, 13]
-------- Split! Two hands: [5, 15], [11, 21]
For second hand:
Bot get one more card ♥4
Player point: 15, Bot point: 17
Player lose! Money: 2008.0
========================
Player point: 21, Bot point: 17
------ BlackJack!! ------
Player win! Money: 2034.0
========================
Round #696
Player cards: [♠J, ♠A], Bot cards:[♠8, ♦Q]
Player points: [11, 21], Bot points:[18, 18]
Player point: 21, Bot point: 18
------ BlackJack!! ------
Player win! Money: 2060.0
========================
Round #697
Player cards: [♠6, ♠6], Bot cards:[♥3, ♠T]
Player points: [12, 12], Bot points:[13, 13]
-------- Split! Two hands: [9, 9], [15, 15]
----- Double Bet! -----
Player get one more card ♣9
For second hand:
Bot get one more card ♣Q
Player point: 18, Bot point: 23
Player win! Money: 2100.0
========================
Player point: 15, Bot point: 23
Player win! Money: 2120.0
========================
Round #698
Player cards: [♥5, ♠5], Bot cards:[♦4, ♣5]
Player points: [10, 10], Bot points:[9, 9]
----- Double Bet! -----
Player get one more card ♦9
Bot get one more card ♦2
Bot get one more card ♥9
Player point: 19, Bot point: 20
Player lose! Money: 2080.0
========================
Round #699
Player cards: [♠4, ♠K], Bot cards:[♣5, ♥7]
Player points: [14, 14], Bot points:[12, 12]
Bot get one more card ♦6
Player point: 14, Bot point: 18
Player lose! Money: 2060.0
========================
Round #700
Player cards: [♣9, ♠Q], Bot cards:[♣K, ♠K]
Player points: [19, 19], Bot points:[20, 20]
Player point: 19, Bot point: 20
Player lose! Money: 2040.0
========================
Round #701
Player cards: [♣3, ♦7], Bot cards:[♣2, ♥A]
Player points: [10, 10], Bot points:[3, 13]
----- Double Bet! -----
Player get one more card ♣4
Bot get one more card ♣Q
Bot get one more card ♦Q
Player point: 14, Bot point: 23
Player win! Money: 2080.0
========================
Round #702
Player cards: [♦9, ♠Q], Bot cards:[♠7, ♠K]
Player points: [19, 19], Bot points:[17, 17]
Player point: 19, Bot point: 17
Player win! Money: 2100.0
========================
Round #703
Player cards: [♦6, ♠8], Bot cards:[♦K, ♥A]
Player points: [14, 14], Bot points:[11, 21]
Player get one more card ♣A
Player get one more card ♥5
Bot get one more card ♠7
Player point: 20, Bot point: 18
Player win! Money: 2120.0
========================
Round #704
Player cards: [♥K, ♠A], Bot cards:[♥2, ♦8]
Player points: [11, 21], Bot points:[10, 10]
Bot get one more card ♦A
Bot get one more card ♦A
Bot get one more card ♣A
Bot get one more card ♣J
Player point: 21, Bot point: 23
------ BlackJack!! ------
Player win! Money: 2146.0
========================
Round #705
Player cards: [♥3, ♦8], Bot cards:[♣2, ♠J]
Player points: [11, 11], Bot points:[12, 12]
----- Double Bet! -----
Player get one more card ♥6
Bot get one more card ♠2
Bot get one more card ♦2
Bot get one more card ♦K
Player point: 17, Bot point: 26
Player win! Money: 2186.0
========================
Round #706
Player cards: [♥8, ♦9], Bot cards:[♠6, ♣A]
Player points: [17, 17], Bot points:[7, 17]
Bot get one more card ♥Q
Player point: 17, Bot point: 17
Draw! Money:2186.0
========================
Round #707
Player cards: [♦3, ♥J], Bot cards:[♦5, ♥6]
Player points: [13, 13], Bot points:[11, 11]
Bot get one more card ♦7
Player point: 13, Bot point: 18
Player lose! Money: 2166.0
========================
Round #708
Player cards: [♣2, ♠5], Bot cards:[♥5, ♠T]
Player points: [7, 7], Bot points:[15, 15]
Player get one more card ♣7
Bot get one more card ♠K
Player point: 14, Bot point: 25
Player win! Money: 2186.0
========================
Round #709
Player cards: [♣5, ♦7], Bot cards:[♣7, ♠7]
Player points: [12, 12], Bot points:[14, 14]
Player get one more card ♥8
Bot get one more card ♣4
Player point: 20, Bot point: 18
Player win! Money: 2206.0
========================
Round #710
Player cards: [♥4, ♦8], Bot cards:[♥2, ♠8]
Player points: [12, 12], Bot points:[10, 10]
Player get one more card ♦2
Bot get one more card ♠9
Player point: 14, Bot point: 19
Player lose! Money: 2186.0
========================
Round #711
Player cards: [♣2, ♥J], Bot cards:[♦3, ♥A]
Player points: [12, 12], Bot points:[4, 14]
Player get one more card ♥8
Bot get one more card ♥4
Bot get one more card ♥7
Bot get one more card ♠2
Player point: 20, Bot point: 17
Player win! Money: 2206.0
========================
Round #712
Player cards: [♥2, ♥5], Bot cards:[♥Q, ♥K]
Player points: [7, 7], Bot points:[20, 20]
Player get one more card ♠A
Player point: 18, Bot point: 20
Player lose! Money: 2186.0
========================
Round #713
Player cards: [♠4, ♣8], Bot cards:[♠2, ♥6]
Player points: [12, 12], Bot points:[8, 8]
Player get one more card ♣Q
Bot get one more card ♣J
Player point: 22, Bot point: 18
Player lose! Money: 2166.0
========================
Round #714
Player cards: [♣6, ♦A], Bot cards:[♠J, ♦Q]
Player points: [7, 17], Bot points:[20, 20]
Player point: 17, Bot point: 20
Player lose! Money: 2146.0
========================
Round #715
Player cards: [♦4, ♥K], Bot cards:[♦3, ♠4]
Player points: [14, 14], Bot points:[7, 7]
Bot get one more card ♥Q
Player point: 14, Bot point: 17
Player lose! Money: 2126.0
========================
Round #716
Player cards: [♥T, ♠K], Bot cards:[♣3, ♣K]
Player points: [20, 20], Bot points:[13, 13]
Bot get one more card ♠2
Bot get one more card ♠5
Player point: 20, Bot point: 20
Draw! Money:2126.0
========================
Round #717
Player cards: [♣7, ♥9], Bot cards:[♦6, ♣8]
Player points: [16, 16], Bot points:[14, 14]
Bot get one more card ♦J
Player point: 16, Bot point: 24
Player win! Money: 2146.0
========================
Round #718
Player cards: [♦5, ♥Q], Bot cards:[♦6, ♠Q]
Player points: [15, 15], Bot points:[16, 16]
Bot get one more card ♦5
Player point: 15, Bot point: 21
Player lose! Money: 2126.0
========================
Round #719
Player cards: [♠9, ♦Q], Bot cards:[♦T, ♣A]
Player points: [19, 19], Bot points:[11, 21]
Bot get one more card ♦K
Player point: 19, Bot point: 21
Player lose! Money: 2106.0
========================
Round #720
Player cards: [♦3, ♣Q], Bot cards:[♥9, ♥T]
Player points: [13, 13], Bot points:[19, 19]
Player get one more card ♦A
Player get one more card ♣J
Player point: 24, Bot point: 19
Player lose! Money: 2086.0
========================
Round #721
Player cards: [♥2, ♦T], Bot cards:[♦T, ♦J]
Player points: [12, 12], Bot points:[20, 20]
Player get one more card ♥3
Player get one more card ♠J
Player point: 25, Bot point: 20
Player lose! Money: 2066.0
========================
Round #722
Player cards: [♠3, ♣J], Bot cards:[♦4, ♣9]
Player points: [13, 13], Bot points:[13, 13]
Bot get one more card ♠7
Player point: 13, Bot point: 20
Player lose! Money: 2046.0
========================
Round #723
Player cards: [♥7, ♦K], Bot cards:[♣3, ♣6]
Player points: [17, 17], Bot points:[9, 9]
Bot get one more card ♥9
Player point: 17, Bot point: 18
Player lose! Money: 2026.0
========================
Round #724
Player cards: [♦8, ♥T], Bot cards:[♣4, ♠T]
Player points: [18, 18], Bot points:[14, 14]
Bot get one more card ♣9
Player point: 18, Bot point: 23
Player win! Money: 2046.0
========================
Round #725
Player cards: [♥6, ♣7], Bot cards:[♦2, ♣6]
Player points: [13, 13], Bot points:[8, 8]
Bot get one more card ♠A
Bot get one more card ♦5
Bot get one more card ♠6
Player point: 13, Bot point: 20
Player lose! Money: 2026.0
========================
Round #726
Player cards: [♣6, ♥7], Bot cards:[♠9, ♥T]
Player points: [13, 13], Bot points:[19, 19]
Player get one more card ♦4
Player point: 17, Bot point: 19
Player lose! Money: 2006.0
========================
Round #727
New deck
Player cards: [♠5, ♣K], Bot cards:[♦5, ♣9]
Player points: [15, 15], Bot points:[14, 14]
Bot get one more card ♣6
Player point: 15, Bot point: 20
Player lose! Money: 1986.0
========================
Round #728
Player cards: [♦3, ♠9], Bot cards:[♥5, ♠5]
Player points: [12, 12], Bot points:[10, 10]
Bot get one more card ♥8
Player point: 12, Bot point: 18
Player lose! Money: 1966.0
========================
Round #729
Player cards: [♣5, ♠A], Bot cards:[♣T, ♠A]
Player points: [6, 16], Bot points:[11, 21]
Player get one more card ♥J
Player get one more card ♥K
Bot get one more card ♣A
Bot get one more card ♣8
Player point: 26, Bot point: 20
Player lose! Money: 1946.0
========================
Round #730
Player cards: [♦2, ♦3], Bot cards:[♦2, ♥J]
Player points: [5, 5], Bot points:[12, 12]
Player get one more card ♥A
Bot get one more card ♥Q
Player point: 16, Bot point: 22
Player win! Money: 1966.0
========================
Round #731
Player cards: [♣8, ♦J], Bot cards:[♦7, ♠T]
Player points: [18, 18], Bot points:[17, 17]
Player point: 18, Bot point: 17
Player win! Money: 1986.0
========================
Round #732
Player cards: [♦J, ♣K], Bot cards:[♠6, ♦A]
Player points: [20, 20], Bot points:[7, 17]
Bot get one more card ♥T
Player point: 20, Bot point: 17
Player win! Money: 2006.0
========================
Round #733
Player cards: [♦5, ♣8], Bot cards:[♠6, ♦Q]
Player points: [13, 13], Bot points:[16, 16]
Bot get one more card ♣A
Player point: 13, Bot point: 17
Player lose! Money: 1986.0
========================
Round #734
Player cards: [♣6, ♥9], Bot cards:[♥8, ♥T]
Player points: [15, 15], Bot points:[18, 18]
Player get one more card ♦T
Player point: 25, Bot point: 18
Player lose! Money: 1966.0
========================
Round #735
Player cards: [♠6, ♦K], Bot cards:[♥4, ♣9]
Player points: [16, 16], Bot points:[13, 13]
Bot get one more card ♣9
Player point: 16, Bot point: 22
Player win! Money: 1986.0
========================
Round #736
Player cards: [♠4, ♠4], Bot cards:[♣2, ♣2]
Player points: [8, 8], Bot points:[4, 4]
Player get one more card ♠A
Bot get one more card ♥J
Bot get one more card ♦8
Player point: 19, Bot point: 22
Player win! Money: 2006.0
========================
Round #737
Player cards: [♣3, ♠8], Bot cards:[♠5, ♥A]
Player points: [11, 11], Bot points:[6, 16]
----- Double Bet! -----
Player get one more card ♦7
Bot get one more card ♣5
Bot get one more card ♥6
Player point: 18, Bot point: 17
Player win! Money: 2046.0
========================
Round #738
Player cards: [♥3, ♥4], Bot cards:[♠T, ♥Q]
Player points: [7, 7], Bot points:[20, 20]
Player get one more card ♠9
Player get one more card ♣3
Player point: 19, Bot point: 20
Player lose! Money: 2026.0
========================
Round #739
Player cards: [♦4, ♥8], Bot cards:[♠7, ♦7]
Player points: [12, 12], Bot points:[14, 14]
Player get one more card ♦T
Bot get one more card ♦3
Player point: 22, Bot point: 17
Player lose! Money: 2006.0
========================
Round #740
Player cards: [♣4, ♥9], Bot cards:[♠3, ♠8]
Player points: [13, 13], Bot points:[11, 11]
Bot get one more card ♥4
Bot get one more card ♠Q
Player point: 13, Bot point: 25
Player win! Money: 2026.0
========================
Round #741
Player cards: [♣4, ♣9], Bot cards:[♦3, ♠Q]
Player points: [13, 13], Bot points:[13, 13]
Bot get one more card ♠8
Player point: 13, Bot point: 21
Player lose! Money: 2006.0
========================
Round #742
Player cards: [♣4, ♦T], Bot cards:[♠4, ♠7]
Player points: [14, 14], Bot points:[11, 11]
Bot get one more card ♣5
Bot get one more card ♣8
Player point: 14, Bot point: 24
Player win! Money: 2026.0
========================
Round #743
Player cards: [♣T, ♦K], Bot cards:[♥5, ♠K]
Player points: [20, 20], Bot points:[15, 15]
Bot get one more card ♣K
Player point: 20, Bot point: 25
Player win! Money: 2046.0
========================
Round #744
Player cards: [♠J, ♦A], Bot cards:[♥2, ♠7]
Player points: [11, 21], Bot points:[9, 9]
Bot get one more card ♦5
Bot get one more card ♠K
Player point: 21, Bot point: 24
------ BlackJack!! ------
Player win! Money: 2072.0
========================
Round #745
Player cards: [♠7, ♣K], Bot cards:[♠2, ♣K]
Player points: [17, 17], Bot points:[12, 12]
Bot get one more card ♥A
Bot get one more card ♥2
Bot get one more card ♠9
Player point: 17, Bot point: 24
Player win! Money: 2092.0
========================
Round #746
Player cards: [♦7, ♠9], Bot cards:[♦4, ♦K]
Player points: [16, 16], Bot points:[14, 14]
Bot get one more card ♥Q
Player point: 16, Bot point: 24
Player win! Money: 2112.0
========================
Round #747
Player cards: [♣2, ♦9], Bot cards:[♥3, ♣A]
Player points: [11, 11], Bot points:[4, 14]
----- Double Bet! -----
Player get one more card ♦A
Bot get one more card ♠4
Bot get one more card ♠J
Player point: 12, Bot point: 18
Player lose! Money: 2072.0
========================
Round #748
Player cards: [♥2, ♠T], Bot cards:[♥J, ♦K]
Player points: [12, 12], Bot points:[20, 20]
Player get one more card ♣5
Player point: 17, Bot point: 20
Player lose! Money: 2052.0
========================
Round #749
Player cards: [♣Q, ♠K], Bot cards:[♦6, ♠Q]
Player points: [20, 20], Bot points:[16, 16]
Bot get one more card ♥5
Player point: 20, Bot point: 21
Player lose! Money: 2032.0
========================
Round #750
Player cards: [♥Q, ♦A], Bot cards:[♥3, ♣J]
Player points: [11, 21], Bot points:[13, 13]
Bot get one more card ♦9
Player point: 21, Bot point: 22
------ BlackJack!! ------
Player win! Money: 2058.0
========================
Round #751
Player cards: [♦2, ♠2], Bot cards:[♥6, ♦8]
Player points: [4, 4], Bot points:[14, 14]
-------- Split! Two hands: [6, 6], [7, 7]
Player get one more card ♥T
For second hand:
Player get one more card ♦Q
Bot get one more card ♣T
Player point: 16, Bot point: 24
Player win! Money: 2078.0
========================
Player point: 17, Bot point: 24
Player win! Money: 2098.0
========================
Round #752
Player cards: [♠8, ♦Q], Bot cards:[♠2, ♥K]
Player points: [18, 18], Bot points:[12, 12]
Bot get one more card ♠3
Bot get one more card ♣3
Player point: 18, Bot point: 18
Draw! Money:2098.0
========================
Round #753
Player cards: [♦J, ♥J], Bot cards:[♦9, ♠J]
Player points: [20, 20], Bot points:[19, 19]
Player point: 20, Bot point: 19
Player win! Money: 2118.0
========================
Round #754
Player cards: [♥7, ♥9], Bot cards:[♥J, ♠A]
Player points: [16, 16], Bot points:[11, 21]
Player get one more card ♦2
Bot get one more card ♣7
Player point: 18, Bot point: 18
Draw! Money:2118.0
========================
Round #755
Player cards: [♣J, ♠K], Bot cards:[♦4, ♥7]
Player points: [20, 20], Bot points:[11, 11]
Bot get one more card ♥K
Player point: 20, Bot point: 21
Player lose! Money: 2098.0
========================
Round #756
Player cards: [♥2, ♣4], Bot cards:[♣J, ♣Q]
Player points: [6, 6], Bot points:[20, 20]
Player get one more card ♣Q
Player get one more card ♦5
Player point: 21, Bot point: 20
Player win! Money: 2118.0
========================
Round #757
Player cards: [♣7, ♦8], Bot cards:[♠9, ♥A]
Player points: [15, 15], Bot points:[10, 20]
Player get one more card ♠6
Bot get one more card ♣Q
Player point: 21, Bot point: 20
Player win! Money: 2138.0
========================
Round #758
Player cards: [♦6, ♣7], Bot cards:[♠3, ♣T]
Player points: [13, 13], Bot points:[13, 13]
Bot get one more card ♥9
Player point: 13, Bot point: 22
Player win! Money: 2158.0
========================
Round #759
Player cards: [♥6, ♠T], Bot cards:[♠3, ♥8]
Player points: [16, 16], Bot points:[11, 11]
Bot get one more card ♣A
Bot get one more card ♦6
Player point: 16, Bot point: 18
Player lose! Money: 2138.0
========================
Round #760
Player cards: [♣2, ♥7], Bot cards:[♥4, ♦4]
Player points: [9, 9], Bot points:[8, 8]
----- Double Bet! -----
Player get one more card ♣3
Bot get one more card ♠J
Player point: 12, Bot point: 18
Player lose! Money: 2098.0
========================
Round #761
Player cards: [♦T, ♥K], Bot cards:[♣6, ♣J]
Player points: [20, 20], Bot points:[16, 16]
Bot get one more card ♠2
Player point: 20, Bot point: 18
Player win! Money: 2118.0
========================
Round #762
Player cards: [♥5, ♦J], Bot cards:[♦6, ♥7]
Player points: [15, 15], Bot points:[13, 13]
Bot get one more card ♣7
Player point: 15, Bot point: 20
Player lose! Money: 2098.0
========================
Round #763
Player cards: [♥3, ♥6], Bot cards:[♦8, ♦9]
Player points: [9, 9], Bot points:[17, 17]
Player get one more card ♦Q
Player point: 19, Bot point: 17
Player win! Money: 2118.0
========================
Round #764
New deck
Player cards: [♠7, ♣J], Bot cards:[♠2, ♦J]
Player points: [17, 17], Bot points:[12, 12]
Bot get one more card ♠6
Player point: 17, Bot point: 18
Player lose! Money: 2098.0
========================
Round #765
Player cards: [♥8, ♣8], Bot cards:[♦Q, ♥K]
Player points: [16, 16], Bot points:[20, 20]
-------- Split! Two hands: [18, 18], [14, 14]
For second hand:
Player get one more card ♠K
Player point: 18, Bot point: 20
Player lose! Money: 2078.0
========================
Player point: 24, Bot point: 20
Player lose! Money: 2058.0
========================
Round #766
Player cards: [♠2, ♥T], Bot cards:[♥7, ♠8]
Player points: [12, 12], Bot points:[15, 15]
Player get one more card ♥8
Bot get one more card ♦6
Player point: 20, Bot point: 21
Player lose! Money: 2038.0
========================
Round #767
Player cards: [♦T, ♣T], Bot cards:[♠Q, ♦K]
Player points: [20, 20], Bot points:[20, 20]
Player point: 20, Bot point: 20
Draw! Money:2038.0
========================
Round #768
Player cards: [♦2, ♥9], Bot cards:[♦2, ♦9]
Player points: [11, 11], Bot points:[11, 11]
----- Double Bet! -----
Player get one more card ♥3
Bot get one more card ♥T
Player point: 14, Bot point: 21
Player lose! Money: 1998.0
========================
Round #769
Player cards: [♣6, ♥J], Bot cards:[♠5, ♣A]
Player points: [16, 16], Bot points:[6, 16]
Bot get one more card ♠J
Bot get one more card ♦A
Player point: 16, Bot point: 17
Player lose! Money: 1978.0
========================
Round #770
Player cards: [♥6, ♠T], Bot cards:[♠3, ♠5]
Player points: [16, 16], Bot points:[8, 8]
Bot get one more card ♠9
Player point: 16, Bot point: 17
Player lose! Money: 1958.0
========================
Round #771
Player cards: [♥3, ♣K], Bot cards:[♠6, ♠J]
Player points: [13, 13], Bot points:[16, 16]
Bot get one more card ♦Q
Player point: 13, Bot point: 26
Player win! Money: 1978.0
========================
Round #772
Player cards: [♣8, ♣8], Bot cards:[♣5, ♦J]
Player points: [16, 16], Bot points:[15, 15]
-------- Split! Two hands: [12, 12], [13, 13]
For second hand:
Bot get one more card ♥J
Player point: 12, Bot point: 25
Player win! Money: 1998.0
========================
Player point: 13, Bot point: 25
Player win! Money: 2018.0
========================
Round #773
Player cards: [♣9, ♥J], Bot cards:[♠4, ♦Q]
Player points: [19, 19], Bot points:[14, 14]
Bot get one more card ♠8
Player point: 19, Bot point: 22
Player win! Money: 2038.0
========================
Round #774
Player cards: [♦7, ♣J], Bot cards:[♣4, ♣8]
Player points: [17, 17], Bot points:[12, 12]
Bot get one more card ♣6
Player point: 17, Bot point: 18
Player lose! Money: 2018.0
========================
Round #775
Player cards: [♥5, ♣K], Bot cards:[♥3, ♣7]
Player points: [15, 15], Bot points:[10, 10]
Bot get one more card ♠K
Player point: 15, Bot point: 20
Player lose! Money: 1998.0
========================
Round #776
Player cards: [♦9, ♦A], Bot cards:[♥2, ♣6]
Player points: [10, 20], Bot points:[8, 8]
Bot get one more card ♦T
Player point: 20, Bot point: 18
Player win! Money: 2018.0
========================
Round #777
Player cards: [♠T, ♥K], Bot cards:[♦3, ♣9]
Player points: [20, 20], Bot points:[12, 12]
Bot get one more card ♦5
Player point: 20, Bot point: 17
Player win! Money: 2038.0
========================
Round #778
Player cards: [♣2, ♣2], Bot cards:[♣4, ♠T]
Player points: [4, 4], Bot points:[14, 14]
-------- Split! Two hands: [12, 12], [3, 13]
For second hand:
Bot get one more card ♣J
Player point: 12, Bot point: 24
Player win! Money: 2058.0
========================
Player point: 13, Bot point: 24
Player win! Money: 2078.0
========================
Round #779
Player cards: [♥4, ♠5], Bot cards:[♦4, ♥A]
Player points: [9, 9], Bot points:[5, 15]
----- Double Bet! -----
Player get one more card ♠9
Bot get one more card ♥2
Bot get one more card ♠J
Player point: 18, Bot point: 17
Player win! Money: 2118.0
========================
Round #780
Player cards: [♣4, ♣Q], Bot cards:[♣K, ♥A]
Player points: [14, 14], Bot points:[11, 21]
Player get one more card ♠4
Bot get one more card ♣7
Player point: 18, Bot point: 18
Draw! Money:2118.0
========================
Round #781
Player cards: [♠6, ♦6], Bot cards:[♦4, ♥T]
Player points: [12, 12], Bot points:[14, 14]
-------- Split! Two hands: [8, 8], [16, 16]
Player get one more card ♦5
For second hand:
Bot get one more card ♥9
Player point: 13, Bot point: 23
Player win! Money: 2138.0
========================
Player point: 16, Bot point: 23
Player win! Money: 2158.0
========================
Round #782
Player cards: [♥6, ♦A], Bot cards:[♥2, ♠Q]
Player points: [7, 17], Bot points:[12, 12]
Bot get one more card ♣Q
Player point: 17, Bot point: 22
Player win! Money: 2178.0
========================
Round #783
Player cards: [♦8, ♥K], Bot cards:[♥6, ♠7]
Player points: [18, 18], Bot points:[13, 13]
Bot get one more card ♦3
Bot get one more card ♣7
Player point: 18, Bot point: 23
Player win! Money: 2198.0
========================
Round #784
Player cards: [♥7, ♦7], Bot cards:[♦9, ♥K]
Player points: [14, 14], Bot points:[19, 19]
Player get one more card ♦7
Player point: 21, Bot point: 19
Player win! Money: 2218.0
========================
Round #785
Player cards: [♦3, ♥8], Bot cards:[♥2, ♦T]
Player points: [11, 11], Bot points:[12, 12]
----- Double Bet! -----
Player get one more card ♣J
Bot get one more card ♥Q
Player point: 21, Bot point: 22
Player win! Money: 2258.0
========================
Round #786
Player cards: [♣9, ♦K], Bot cards:[♠3, ♦8]
Player points: [19, 19], Bot points:[11, 11]
Bot get one more card ♥T
Player point: 19, Bot point: 21
Player lose! Money: 2238.0
========================
Round #787
Player cards: [♥4, ♦5], Bot cards:[♥4, ♦K]
Player points: [9, 9], Bot points:[14, 14]
----- Double Bet! -----
Player get one more card ♦3
Bot get one more card ♣K
Player point: 12, Bot point: 24
Player win! Money: 2278.0
========================
Round #788
Player cards: [♠5, ♠A], Bot cards:[♣3, ♠7]
Player points: [6, 16], Bot points:[10, 10]
Bot get one more card ♦8
Player point: 16, Bot point: 18
Player lose! Money: 2258.0
========================
Round #789
Player cards: [♣6, ♥9], Bot cards:[♣2, ♠4]
Player points: [15, 15], Bot points:[6, 6]
Bot get one more card ♦8
Bot get one more card ♦5
Player point: 15, Bot point: 19
Player lose! Money: 2238.0
========================
Round #790
Player cards: [♦T, ♥A], Bot cards:[♠3, ♣T]
Player points: [11, 21], Bot points:[13, 13]
Bot get one more card ♠J
Player point: 21, Bot point: 23
------ BlackJack!! ------
Player win! Money: 2264.0
========================
Round #791
Player cards: [♦4, ♦7], Bot cards:[♣3, ♦J]
Player points: [11, 11], Bot points:[13, 13]
----- Double Bet! -----
Player get one more card ♠6
Bot get one more card ♥K
Player point: 17, Bot point: 23
Player win! Money: 2304.0
========================
Round #792
Player cards: [♥Q, ♣A], Bot cards:[♠T, ♥A]
Player points: [11, 21], Bot points:[11, 21]
Bot get one more card ♠8
Player point: 21, Bot point: 19
------ BlackJack!! ------
Player win! Money: 2330.0
========================
Round #793
Player cards: [♣3, ♥7], Bot cards:[♥3, ♥7]
Player points: [10, 10], Bot points:[10, 10]
----- Double Bet! -----
Player get one more card ♠Q
Bot get one more card ♣5
Bot get one more card ♠2
Player point: 20, Bot point: 17
Player win! Money: 2370.0
========================
Round #794
Player cards: [♠4, ♦4], Bot cards:[♥4, ♥Q]
Player points: [8, 8], Bot points:[14, 14]
Player get one more card ♠9
Bot get one more card ♣9
Player point: 17, Bot point: 23
Player win! Money: 2390.0
========================
Round #795
Player cards: [♦2, ♠3], Bot cards:[♥5, ♥8]
Player points: [5, 5], Bot points:[13, 13]
Player get one more card ♣T
Bot get one more card ♦6
Player point: 15, Bot point: 19
Player lose! Money: 2370.0
========================
Round #796
Player cards: [♣T, ♦K], Bot cards:[♥J, ♣Q]
Player points: [20, 20], Bot points:[20, 20]
Player point: 20, Bot point: 20
Draw! Money:2370.0
========================
Round #797
Player cards: [♠Q, ♠A], Bot cards:[♣5, ♦6]
Player points: [11, 21], Bot points:[11, 11]
Bot get one more card ♥9
Player point: 21, Bot point: 20
------ BlackJack!! ------
Player win! Money: 2396.0
========================
Round #798
Player cards: [♦8, ♠9], Bot cards:[♣2, ♦A]
Player points: [17, 17], Bot points:[3, 13]
Bot get one more card ♦Q
Bot get one more card ♠2
Bot get one more card ♣A
Bot get one more card ♥5
Player point: 17, Bot point: 21
Player lose! Money: 2376.0
========================
Round #799
Player cards: [♠7, ♣A], Bot cards:[♦J, ♠K]
Player points: [8, 18], Bot points:[20, 20]
Player point: 18, Bot point: 20
Player lose! Money: 2356.0
========================
Round #800
New deck
Player cards: [♦5, ♣6], Bot cards:[♦3, ♣K]
Player points: [11, 11], Bot points:[13, 13]
----- Double Bet! -----
Player get one more card ♠8
Bot get one more card ♣Q
Player point: 19, Bot point: 23
Player win! Money: 2396.0
========================
Round #801
Player cards: [♠9, ♦J], Bot cards:[♥K, ♥K]
Player points: [19, 19], Bot points:[20, 20]
Player point: 19, Bot point: 20
Player lose! Money: 2376.0
========================
Round #802
Player cards: [♦7, ♦K], Bot cards:[♠T, ♣Q]
Player points: [17, 17], Bot points:[20, 20]
Player point: 17, Bot point: 20
Player lose! Money: 2356.0
========================
Round #803
Player cards: [♥6, ♠A], Bot cards:[♥6, ♠Q]
Player points: [7, 17], Bot points:[16, 16]
Bot get one more card ♦7
Player point: 17, Bot point: 23
Player win! Money: 2376.0
========================
Round #804
Player cards: [♠3, ♥4], Bot cards:[♠8, ♦A]
Player points: [7, 7], Bot points:[9, 19]
Player get one more card ♥T
Bot get one more card ♦A
Bot get one more card ♣2
Bot get one more card ♥5
Player point: 17, Bot point: 17
Draw! Money:2376.0
========================
Round #805
Player cards: [♥Q, ♦K], Bot cards:[♣2, ♠8]
Player points: [20, 20], Bot points:[10, 10]
Bot get one more card ♠K
Player point: 20, Bot point: 20
Draw! Money:2376.0
========================
Round #806
Player cards: [♣5, ♣J], Bot cards:[♦4, ♠5]
Player points: [15, 15], Bot points:[9, 9]
Bot get one more card ♦5
Bot get one more card ♥5
Player point: 15, Bot point: 19
Player lose! Money: 2356.0
========================
Round #807
Player cards: [♥6, ♠J], Bot cards:[♦6, ♣9]
Player points: [16, 16], Bot points:[15, 15]
Bot get one more card ♦5
Player point: 16, Bot point: 20
Player lose! Money: 2336.0
========================
Round #808
Player cards: [♣6, ♠J], Bot cards:[♠3, ♦Q]
Player points: [16, 16], Bot points:[13, 13]
Bot get one more card ♣8
Player point: 16, Bot point: 21
Player lose! Money: 2316.0
========================
Round #809
Player cards: [♣Q, ♣Q], Bot cards:[♥8, ♣9]
Player points: [20, 20], Bot points:[17, 17]
Player point: 20, Bot point: 17
Player win! Money: 2336.0
========================
Round #810
Player cards: [♠4, ♥Q], Bot cards:[♦6, ♦8]
Player points: [14, 14], Bot points:[14, 14]
Bot get one more card ♠K
Player point: 14, Bot point: 24
Player win! Money: 2356.0
========================
Round #811
Player cards: [♦7, ♦K], Bot cards:[♦2, ♠2]
Player points: [17, 17], Bot points:[4, 4]
Bot get one more card ♥T
Bot get one more card ♠6
Player point: 17, Bot point: 20
Player lose! Money: 2336.0
========================
Round #812
Player cards: [♥2, ♣6], Bot cards:[♠4, ♥5]
Player points: [8, 8], Bot points:[9, 9]
Player get one more card ♦T
Bot get one more card ♣K
Player point: 18, Bot point: 19
Player lose! Money: 2316.0
========================
Round #813
Player cards: [♥9, ♦T], Bot cards:[♣4, ♣8]
Player points: [19, 19], Bot points:[12, 12]
Bot get one more card ♣K
Player point: 19, Bot point: 22
Player win! Money: 2336.0
========================
Round #814
Player cards: [♣2, ♠7], Bot cards:[♣3, ♥3]
Player points: [9, 9], Bot points:[6, 6]
----- Double Bet! -----
Player get one more card ♣K
Bot get one more card ♠T
Bot get one more card ♣T
Player point: 19, Bot point: 26
Player win! Money: 2376.0
========================
Round #815
Player cards: [♠5, ♥9], Bot cards:[♠Q, ♥Q]
Player points: [14, 14], Bot points:[20, 20]
Player get one more card ♥J
Player point: 24, Bot point: 20
Player lose! Money: 2356.0
========================
Round #816
Player cards: [♥4, ♥4], Bot cards:[♥8, ♥K]
Player points: [8, 8], Bot points:[18, 18]
Player get one more card ♣J
Player point: 18, Bot point: 18
Draw! Money:2356.0
========================
Round #817
Player cards: [♥Q, ♥A], Bot cards:[♦4, ♦T]
Player points: [11, 21], Bot points:[14, 14]
Bot get one more card ♦4
Player point: 21, Bot point: 18
------ BlackJack!! ------
Player win! Money: 2382.0
========================
Round #818
Player cards: [♣3, ♣6], Bot cards:[♠7, ♥A]
Player points: [9, 9], Bot points:[8, 18]
Player get one more card ♣4
Player get one more card ♥A
Player get one more card ♠A
Player get one more card ♣T
Bot get one more card ♣A
Bot get one more card ♦9
Player point: 25, Bot point: 18
Player lose! Money: 2362.0
========================
Round #819
Player cards: [♦3, ♦Q], Bot cards:[♦2, ♥7]
Player points: [13, 13], Bot points:[9, 9]
Bot get one more card ♣7
Bot get one more card ♠3
Player point: 13, Bot point: 19
Player lose! Money: 2342.0
========================
Round #820
Player cards: [♣3, ♣5], Bot cards:[♥2, ♣9]
Player points: [8, 8], Bot points:[11, 11]
Player get one more card ♣7
Bot get one more card ♦7
Player point: 15, Bot point: 18
Player lose! Money: 2322.0
========================
Round #821
Player cards: [♥3, ♦J], Bot cards:[♦J, ♦K]
Player points: [13, 13], Bot points:[20, 20]
Player get one more card ♥3
Player get one more card ♥T
Player point: 26, Bot point: 20
Player lose! Money: 2302.0
========================
Round #822
Player cards: [♠5, ♣8], Bot cards:[♦6, ♣A]
Player points: [13, 13], Bot points:[7, 17]
Bot get one more card ♦3
Bot get one more card ♦6
Bot get one more card ♠J
Player point: 13, Bot point: 26
Player win! Money: 2322.0
========================
Round #823
Player cards: [♣3, ♥4], Bot cards:[♥2, ♣J]
Player points: [7, 7], Bot points:[12, 12]
Player get one more card ♣9
Bot get one more card ♣4
Bot get one more card ♠K
Player point: 16, Bot point: 26
Player win! Money: 2342.0
========================
Round #824
Player cards: [♠T, ♠Q], Bot cards:[♠5, ♠Q]
Player points: [20, 20], Bot points:[15, 15]
Bot get one more card ♣2
Player point: 20, Bot point: 17
Player win! Money: 2362.0
========================
Round #825
Player cards: [♦2, ♦9], Bot cards:[♦8, ♥J]
Player points: [11, 11], Bot points:[18, 18]
----- Double Bet! -----
Player get one more card ♠7
Player point: 18, Bot point: 18
Draw! Money:2362.0
========================
Round #826
Player cards: [♥6, ♠9], Bot cards:[♠3, ♥K]
Player points: [15, 15], Bot points:[13, 13]
Bot get one more card ♦8
Player point: 15, Bot point: 21
Player lose! Money: 2342.0
========================
Round #827
Player cards: [♥2, ♠4], Bot cards:[♥7, ♣7]
Player points: [6, 6], Bot points:[14, 14]
Player get one more card ♥T
Player get one more card ♠8
Bot get one more card ♣A
Bot get one more card ♥8
Player point: 24, Bot point: 23
Player lose! Money: 2322.0
========================
Round #828
Player cards: [♥T, ♦Q], Bot cards:[♣7, ♠J]
Player points: [20, 20], Bot points:[17, 17]
Player point: 20, Bot point: 17
Player win! Money: 2342.0
========================
Round #829
Player cards: [♥9, ♠Q], Bot cards:[♠6, ♦9]
Player points: [19, 19], Bot points:[15, 15]
Bot get one more card ♠6
Player point: 19, Bot point: 21
Player lose! Money: 2322.0
========================
Round #830
Player cards: [♣5, ♠A], Bot cards:[♠2, ♠K]
Player points: [6, 16], Bot points:[12, 12]
Bot get one more card ♦A
Bot get one more card ♥5
Player point: 16, Bot point: 18
Player lose! Money: 2302.0
========================
Round #831
Player cards: [♣3, ♠4], Bot cards:[♠2, ♣6]
Player points: [7, 7], Bot points:[8, 8]
Player get one more card ♠7
Bot get one more card ♠A
Bot get one more card ♣A
Bot get one more card ♦9
Player point: 14, Bot point: 19
Player lose! Money: 2282.0
========================
Round #832
Player cards: [♠6, ♦8], Bot cards:[♦T, ♥J]
Player points: [14, 14], Bot points:[20, 20]
Player get one more card ♥7
Player point: 21, Bot point: 20
Player win! Money: 2302.0
========================
Round #833
Player cards: [♥5, ♥9], Bot cards:[♥7, ♦Q]
Player points: [14, 14], Bot points:[17, 17]
Player get one more card ♦5
Player point: 19, Bot point: 17
Player win! Money: 2322.0
========================
Round #834
Player cards: [♠9, ♦A], Bot cards:[♥8, ♠8]
Player points: [10, 20], Bot points:[16, 16]
Bot get one more card ♣5
Player point: 20, Bot point: 21
Player lose! Money: 2302.0
========================
Round #835
Player cards: [♥J, ♠A], Bot cards:[♣4, ♣T]
Player points: [11, 21], Bot points:[14, 14]
Bot get one more card ♠T
Player point: 21, Bot point: 24
------ BlackJack!! ------
Player win! Money: 2328.0
========================
Round #836
Player cards: [♠2, ♠9], Bot cards:[♣7, ♥A]
Player points: [11, 11], Bot points:[8, 18]
----- Double Bet! -----
Player get one more card ♣8
Bot get one more card ♦9
Player point: 19, Bot point: 17
Player win! Money: 2368.0
========================
Round #837
New deck
Player cards: [♦5, ♠5], Bot cards:[♥2, ♦8]
Player points: [10, 10], Bot points:[10, 10]
----- Double Bet! -----
Player get one more card ♦7
Bot get one more card ♦9
Player point: 17, Bot point: 19
Player lose! Money: 2328.0
========================
Round #838
Player cards: [♠2, ♠T], Bot cards:[♦6, ♠8]
Player points: [12, 12], Bot points:[14, 14]
Bot get one more card ♦9
Player point: 12, Bot point: 23
Player win! Money: 2348.0
========================
Round #839
Player cards: [♠4, ♦7], Bot cards:[♥9, ♦J]
Player points: [11, 11], Bot points:[19, 19]
----- Double Bet! -----
Player get one more card ♣2
Player point: 13, Bot point: 19
Player lose! Money: 2308.0
========================
Round #840
Player cards: [♠4, ♠5], Bot cards:[♥2, ♦3]
Player points: [9, 9], Bot points:[5, 5]
Player get one more card ♠2
Player get one more card ♠K
Bot get one more card ♥9
Bot get one more card ♥3
Player point: 21, Bot point: 17
Player win! Money: 2328.0
========================
Round #841
Player cards: [♣2, ♠2], Bot cards:[♦7, ♥J]
Player points: [4, 4], Bot points:[17, 17]
-------- Split! Two hands: [4, 4], [3, 13]
Player get one more card ♠9
Player get one more card ♥9
For second hand:
Player get one more card ♥Q
Player get one more card ♠6
Player point: 22, Bot point: 17
Player lose! Money: 2308.0
========================
Player point: 19, Bot point: 17
Player win! Money: 2328.0
========================
Round #842
Player cards: [♦2, ♦7], Bot cards:[♥3, ♣7]
Player points: [9, 9], Bot points:[10, 10]
----- Double Bet! -----
Player get one more card ♠4
Bot get one more card ♣6
Bot get one more card ♣K
Player point: 13, Bot point: 26
Player win! Money: 2368.0
========================
Round #843
Player cards: [♣J, ♦J], Bot cards:[♠4, ♣Q]
Player points: [20, 20], Bot points:[14, 14]
Bot get one more card ♥6
Player point: 20, Bot point: 20
Draw! Money:2368.0
========================
Round #844
Player cards: [♠J, ♠A], Bot cards:[♣8, ♠J]
Player points: [11, 21], Bot points:[18, 18]
Player point: 21, Bot point: 18
------ BlackJack!! ------
Player win! Money: 2394.0
========================
Round #845
Player cards: [♣2, ♣7], Bot cards:[♥4, ♦8]
Player points: [9, 9], Bot points:[12, 12]
----- Double Bet! -----
Player get one more card ♥7
Bot get one more card ♦4
Bot get one more card ♠K
Player point: 16, Bot point: 26
Player win! Money: 2434.0
========================
Round #846
Player cards: [♣8, ♥Q], Bot cards:[♠3, ♦J]
Player points: [18, 18], Bot points:[13, 13]
Bot get one more card ♦3
Bot get one more card ♦5
Player point: 18, Bot point: 21
Player lose! Money: 2414.0
========================
Round #847
Player cards: [♦2, ♥3], Bot cards:[♦Q, ♣K]
Player points: [5, 5], Bot points:[20, 20]
Player get one more card ♦8
Player get one more card ♦T
Player point: 23, Bot point: 20
Player lose! Money: 2394.0
========================
Round #848
Player cards: [♦6, ♦K], Bot cards:[♥4, ♥A]
Player points: [16, 16], Bot points:[5, 15]
Bot get one more card ♣J
Bot get one more card ♥5
Player point: 16, Bot point: 20
Player lose! Money: 2374.0
========================
Round #849
Player cards: [♦3, ♣6], Bot cards:[♥8, ♥T]
Player points: [9, 9], Bot points:[18, 18]
Player get one more card ♣A
Player point: 20, Bot point: 18
Player win! Money: 2394.0
========================
Round #850
Player cards: [♦4, ♣J], Bot cards:[♣3, ♠J]
Player points: [14, 14], Bot points:[13, 13]
Bot get one more card ♥Q
Player point: 14, Bot point: 23
Player win! Money: 2414.0
========================
Round #851
Player cards: [♦8, ♥T], Bot cards:[♠5, ♠7]
Player points: [18, 18], Bot points:[12, 12]
Bot get one more card ♦2
Bot get one more card ♠T
Player point: 18, Bot point: 24
Player win! Money: 2434.0
========================
Round #852
Player cards: [♣7, ♣K], Bot cards:[♣T, ♦J]
Player points: [17, 17], Bot points:[20, 20]
Player point: 17, Bot point: 20
Player lose! Money: 2414.0
========================
Round #853
Player cards: [♥3, ♣J], Bot cards:[♥7, ♦Q]
Player points: [13, 13], Bot points:[17, 17]
Player get one more card ♥A
Player get one more card ♦3
Player point: 17, Bot point: 17
Draw! Money:2414.0
========================
Round #854
Player cards: [♥3, ♦K], Bot cards:[♣4, ♣K]
Player points: [13, 13], Bot points:[14, 14]
Bot get one more card ♥K
Player point: 13, Bot point: 24
Player win! Money: 2434.0
========================
Round #855
Player cards: [♦5, ♦K], Bot cards:[♦T, ♦T]
Player points: [15, 15], Bot points:[20, 20]
Player get one more card ♣3
Player point: 18, Bot point: 20
Player lose! Money: 2414.0
========================
Round #856
Player cards: [♣6, ♠9], Bot cards:[♣5, ♠6]
Player points: [15, 15], Bot points:[11, 11]
Bot get one more card ♠8
Player point: 15, Bot point: 19
Player lose! Money: 2394.0
========================
Round #857
Player cards: [♦A, ♦A], Bot cards:[♣9, ♥J]
Player points: [2, 12], Bot points:[19, 19]
-------- Split! Two hands: [4, 14], [11, 21]
Player get one more card ♦Q
Player get one more card ♠9
For second hand:
Player point: 23, Bot point: 19
Player lose! Money: 2374.0
========================
Player point: 21, Bot point: 19
------ BlackJack!! ------
Player win! Money: 2400.0
========================
Round #858
Player cards: [♣3, ♠Q], Bot cards:[♥J, ♣Q]
Player points: [13, 13], Bot points:[20, 20]
Player get one more card ♣4
Player point: 17, Bot point: 20
Player lose! Money: 2380.0
========================
Round #859
Player cards: [♥4, ♥4], Bot cards:[♠6, ♠T]
Player points: [8, 8], Bot points:[16, 16]
Player get one more card ♣3
Player get one more card ♠K
Bot get one more card ♠Q
Player point: 21, Bot point: 26
Player win! Money: 2400.0
========================
Round #860
Player cards: [♣4, ♦A], Bot cards:[♣9, ♣J]
Player points: [5, 15], Bot points:[19, 19]
Player get one more card ♠Q
Player get one more card ♥2
Player point: 17, Bot point: 19
Player lose! Money: 2380.0
========================
Round #861
Player cards: [♦9, ♣A], Bot cards:[♥K, ♥A]
Player points: [10, 20], Bot points:[11, 21]
Bot get one more card ♣T
Player point: 20, Bot point: 21
Player lose! Money: 2360.0
========================
Round #862
Player cards: [♥5, ♠T], Bot cards:[♦T, ♥T]
Player points: [15, 15], Bot points:[20, 20]
Player get one more card ♦6
Player point: 21, Bot point: 20
Player win! Money: 2380.0
========================
Round #863
Player cards: [♥6, ♠8], Bot cards:[♠J, ♦Q]
Player points: [14, 14], Bot points:[20, 20]
Player get one more card ♣7
Player point: 21, Bot point: 20
Player win! Money: 2400.0
========================
Round #864
Player cards: [♦2, ♣9], Bot cards:[♦4, ♥8]
Player points: [11, 11], Bot points:[12, 12]
----- Double Bet! -----
Player get one more card ♦9
Bot get one more card ♠Q
Player point: 20, Bot point: 22
Player win! Money: 2440.0
========================
Round #865
Player cards: [♥6, ♠7], Bot cards:[♠3, ♣5]
Player points: [13, 13], Bot points:[8, 8]
Bot get one more card ♣T
Player point: 13, Bot point: 18
Player lose! Money: 2420.0
========================
Round #866
Player cards: [♥7, ♣T], Bot cards:[♣Q, ♥Q]
Player points: [17, 17], Bot points:[20, 20]
Player point: 17, Bot point: 20
Player lose! Money: 2400.0
========================
Round #867
Player cards: [♦2, ♦J], Bot cards:[♣4, ♥7]
Player points: [12, 12], Bot points:[11, 11]
Bot get one more card ♥8
Player point: 12, Bot point: 19
Player lose! Money: 2380.0
========================
Round #868
Player cards: [♦5, ♣8], Bot cards:[♣2, ♣5]
Player points: [13, 13], Bot points:[7, 7]
Bot get one more card ♠3
Bot get one more card ♥8
Player point: 13, Bot point: 18
Player lose! Money: 2360.0
========================
Round #869
Player cards: [♥T, ♠A], Bot cards:[♣A, ♠A]
Player points: [11, 21], Bot points:[2, 12]
Bot get one more card ♥K
Bot get one more card ♠9
Player point: 21, Bot point: 21
Player lose! Money: 2340.0
========================
Round #870
Player cards: [♣5, ♦6], Bot cards:[♥6, ♣9]
Player points: [11, 11], Bot points:[15, 15]
----- Double Bet! -----
Player get one more card ♠6
Bot get one more card ♠7
Player point: 17, Bot point: 22
Player win! Money: 2380.0
========================
Round #871
Player cards: [♦3, ♠A], Bot cards:[♣8, ♣T]
Player points: [4, 14], Bot points:[18, 18]
Player get one more card ♥J
Player get one more card ♠8
Player point: 22, Bot point: 18
Player lose! Money: 2360.0
========================
Round #872
Player cards: [♠5, ♣Q], Bot cards:[♥5, ♣6]
Player points: [15, 15], Bot points:[11, 11]
Bot get one more card ♣A
Bot get one more card ♦K
Player point: 15, Bot point: 22
Player win! Money: 2380.0
========================
Round #873
New deck
Player cards: [♠9, ♦T], Bot cards:[♦4, ♠7]
Player points: [19, 19], Bot points:[11, 11]
Bot get one more card ♦8
Player point: 19, Bot point: 19
Draw! Money:2380.0
========================
Round #874
Player cards: [♥4, ♠6], Bot cards:[♠7, ♠9]
Player points: [10, 10], Bot points:[16, 16]
----- Double Bet! -----
Player get one more card ♣3
Bot get one more card ♥T
Player point: 13, Bot point: 26
Player win! Money: 2420.0
========================
Round #875
Player cards: [♥6, ♦7], Bot cards:[♥3, ♣4]
Player points: [13, 13], Bot points:[7, 7]
Bot get one more card ♠3
Bot get one more card ♠T
Player point: 13, Bot point: 20
Player lose! Money: 2400.0
========================
Round #876
Player cards: [♠7, ♠J], Bot cards:[♠3, ♦4]
Player points: [17, 17], Bot points:[7, 7]
Bot get one more card ♥7
Bot get one more card ♥2
Bot get one more card ♦2
Player point: 17, Bot point: 18
Player lose! Money: 2380.0
========================
Round #877
Player cards: [♦3, ♥4], Bot cards:[♥5, ♠8]
Player points: [7, 7], Bot points:[13, 13]
Player get one more card ♥T
Bot get one more card ♠5
Player point: 17, Bot point: 18
Player lose! Money: 2360.0
========================
Round #878
Player cards: [♦2, ♥9], Bot cards:[♦3, ♣A]
Player points: [11, 11], Bot points:[4, 14]
----- Double Bet! -----
Player get one more card ♥2
Bot get one more card ♦A
Bot get one more card ♦4
Bot get one more card ♦K
Player point: 13, Bot point: 19
Player lose! Money: 2320.0
========================
Round #879
Player cards: [♥8, ♣Q], Bot cards:[♠3, ♦A]
Player points: [18, 18], Bot points:[4, 14]
Bot get one more card ♠7
Bot get one more card ♣T
Player point: 18, Bot point: 21
Player lose! Money: 2300.0
========================
Round #880
Player cards: [♦6, ♣8], Bot cards:[♠6, ♥8]
Player points: [14, 14], Bot points:[14, 14]
Bot get one more card ♣Q
Player point: 14, Bot point: 24
Player win! Money: 2320.0
========================
Round #881
Player cards: [♦6, ♦9], Bot cards:[♦9, ♠Q]
Player points: [15, 15], Bot points:[19, 19]
Player get one more card ♠8
Player point: 23, Bot point: 19
Player lose! Money: 2300.0
========================
Round #882
Player cards: [♣2, ♦4], Bot cards:[♠2, ♦J]
Player points: [6, 6], Bot points:[12, 12]
Player get one more card ♥9
Bot get one more card ♥4
Bot get one more card ♦5
Player point: 15, Bot point: 21
Player lose! Money: 2280.0
========================
Round #883
Player cards: [♥Q, ♦A], Bot cards:[♥7, ♦A]
Player points: [11, 21], Bot points:[8, 18]
Bot get one more card ♣2
Bot get one more card ♣6
Bot get one more card ♠J
Player point: 21, Bot point: 26
------ BlackJack!! ------
Player win! Money: 2306.0
========================
Round #884
Player cards: [♥J, ♦K], Bot cards:[♥5, ♠5]
Player points: [20, 20], Bot points:[10, 10]
Bot get one more card ♣7
Player point: 20, Bot point: 17
Player win! Money: 2326.0
========================
Round #885
Player cards: [♣4, ♥A], Bot cards:[♠6, ♣A]
Player points: [5, 15], Bot points:[7, 17]
Bot get one more card ♣7
Bot get one more card ♠K
Player point: 15, Bot point: 24
Player win! Money: 2346.0
========================
Round #886
Player cards: [♣7, ♥8], Bot cards:[♦J, ♥J]
Player points: [15, 15], Bot points:[20, 20]
Player get one more card ♦5
Player point: 20, Bot point: 20
Draw! Money:2346.0
========================
Round #887
Player cards: [♥3, ♦6], Bot cards:[♠3, ♠K]
Player points: [9, 9], Bot points:[13, 13]
----- Double Bet! -----
Player get one more card ♦Q
Bot get one more card ♥K
Player point: 19, Bot point: 23
Player win! Money: 2386.0
========================
Round #888
Player cards: [♦6, ♥8], Bot cards:[♠4, ♣5]
Player points: [14, 14], Bot points:[9, 9]
Bot get one more card ♠K
Player point: 14, Bot point: 19
Player lose! Money: 2366.0
========================
Round #889
Player cards: [♣4, ♥K], Bot cards:[♠J, ♥A]
Player points: [14, 14], Bot points:[11, 21]
Player get one more card ♠Q
Bot get one more card ♦9
Player point: 24, Bot point: 20
Player lose! Money: 2346.0
========================
Round #890
Player cards: [♣9, ♣K], Bot cards:[♦2, ♥K]
Player points: [19, 19], Bot points:[12, 12]
Bot get one more card ♠A
Bot get one more card ♦8
Player point: 19, Bot point: 21
Player lose! Money: 2326.0
========================
Round #891
Player cards: [♠8, ♣T], Bot cards:[♥7, ♥Q]
Player points: [18, 18], Bot points:[17, 17]
Player point: 18, Bot point: 17
Player win! Money: 2346.0
========================
Round #892
Player cards: [♥7, ♦8], Bot cards:[♥4, ♥9]
Player points: [15, 15], Bot points:[13, 13]
Bot get one more card ♠K
Player point: 15, Bot point: 23
Player win! Money: 2366.0
========================
Round #893
Player cards: [♥3, ♥9], Bot cards:[♣3, ♣A]
Player points: [12, 12], Bot points:[4, 14]
Player get one more card ♣A
Bot get one more card ♥A
Bot get one more card ♣8
Bot get one more card ♠T
Player point: 13, Bot point: 23
Player win! Money: 2386.0
========================
Round #894
Player cards: [♥2, ♦Q], Bot cards:[♣3, ♣J]
Player points: [12, 12], Bot points:[13, 13]
Player get one more card ♠5
Bot get one more card ♦2
Bot get one more card ♣2
Player point: 17, Bot point: 17
Draw! Money:2386.0
========================
Round #895
Player cards: [♣3, ♣4], Bot cards:[♣7, ♠9]
Player points: [7, 7], Bot points:[16, 16]
Player get one more card ♣J
Bot get one more card ♠T
Player point: 17, Bot point: 26
Player win! Money: 2406.0
========================
Round #896
Player cards: [♦T, ♦K], Bot cards:[♣5, ♦Q]
Player points: [20, 20], Bot points:[15, 15]
Bot get one more card ♥J
Player point: 20, Bot point: 25
Player win! Money: 2426.0
========================
Round #897
Player cards: [♦4, ♣K], Bot cards:[♥6, ♦Q]
Player points: [14, 14], Bot points:[16, 16]
Bot get one more card ♥5
Player point: 14, Bot point: 21
Player lose! Money: 2406.0
========================
Round #898
Player cards: [♦3, ♣6], Bot cards:[♦7, ♣8]
Player points: [9, 9], Bot points:[15, 15]
Player get one more card ♥Q
Bot get one more card ♣5
Player point: 19, Bot point: 20
Player lose! Money: 2386.0
========================
Round #899
Player cards: [♠4, ♠A], Bot cards:[♣5, ♥5]
Player points: [5, 15], Bot points:[10, 10]
Bot get one more card ♣T
Player point: 15, Bot point: 20
Player lose! Money: 2366.0
========================
Round #900
Player cards: [♠Q, ♥K], Bot cards:[♦T, ♣Q]
Player points: [20, 20], Bot points:[20, 20]
Player point: 20, Bot point: 20
Draw! Money:2366.0
========================
Round #901
Player cards: [♦5, ♥J], Bot cards:[♦7, ♠Q]
Player points: [15, 15], Bot points:[17, 17]
Player get one more card ♣J
Player point: 25, Bot point: 17
Player lose! Money: 2346.0
========================
Round #902
Player cards: [♣9, ♣K], Bot cards:[♠2, ♦K]
Player points: [19, 19], Bot points:[12, 12]
Bot get one more card ♦7
Player point: 19, Bot point: 19
Draw! Money:2346.0
========================
Round #903
Player cards: [♠4, ♥9], Bot cards:[♥3, ♠4]
Player points: [13, 13], Bot points:[7, 7]
Bot get one more card ♠7
Bot get one more card ♥2
Bot get one more card ♠T
Player point: 13, Bot point: 26
Player win! Money: 2366.0
========================
Round #904
Player cards: [♠2, ♥T], Bot cards:[♣9, ♣Q]
Player points: [12, 12], Bot points:[19, 19]
Player get one more card ♣6
Player point: 18, Bot point: 19
Player lose! Money: 2346.0
========================
Round #905
Player cards: [♥6, ♠6], Bot cards:[♠8, ♣T]
Player points: [12, 12], Bot points:[18, 18]
Player get one more card ♣K
Player point: 22, Bot point: 18
Player lose! Money: 2326.0
========================
Round #906
Player cards: [♠9, ♥Q], Bot cards:[♥5, ♥T]
Player points: [19, 19], Bot points:[15, 15]
Bot get one more card ♣6
Player point: 19, Bot point: 21
Player lose! Money: 2306.0
========================
Round #907
Player cards: [♠2, ♣8], Bot cards:[♠5, ♦J]
Player points: [10, 10], Bot points:[15, 15]
----- Double Bet! -----
Player get one more card ♦J
Bot get one more card ♥6
Player point: 20, Bot point: 21
Player lose! Money: 2266.0
========================
Round #908
Player cards: [♠K, ♥A], Bot cards:[♥2, ♠A]
Player points: [11, 21], Bot points:[3, 13]
Bot get one more card ♣J
Bot get one more card ♦T
Player point: 21, Bot point: 23
------ BlackJack!! ------
Player win! Money: 2292.0
========================
Round #909
Player cards: [♦3, ♦8], Bot cards:[♦5, ♣9]
Player points: [11, 11], Bot points:[14, 14]
----- Double Bet! -----
Player get one more card ♦A
Bot get one more card ♦9
Player point: 12, Bot point: 23
Player win! Money: 2332.0
========================
Round #910
New deck
Player cards: [♠4, ♦K], Bot cards:[♣7, ♠A]
Player points: [14, 14], Bot points:[8, 18]
Player get one more card ♠T
Bot get one more card ♥4
Bot get one more card ♣2
Bot get one more card ♥J
Player point: 24, Bot point: 24
Player lose! Money: 2312.0
========================
Round #911
Player cards: [♦8, ♥T], Bot cards:[♥2, ♦A]
Player points: [18, 18], Bot points:[3, 13]
Bot get one more card ♣J
Bot get one more card ♣6
Player point: 18, Bot point: 19
Player lose! Money: 2292.0
========================
Round #912
Player cards: [♥6, ♣A], Bot cards:[♣3, ♦A]
Player points: [7, 17], Bot points:[4, 14]
Bot get one more card ♦Q
Bot get one more card ♠Q
Player point: 17, Bot point: 24
Player win! Money: 2312.0
========================
Round #913
Player cards: [♠4, ♦A], Bot cards:[♦6, ♥9]
Player points: [5, 15], Bot points:[15, 15]
Bot get one more card ♥A
Bot get one more card ♠Q
Player point: 15, Bot point: 26
Player win! Money: 2332.0
========================
Round #914
Player cards: [♥J, ♥A], Bot cards:[♠3, ♣4]
Player points: [11, 21], Bot points:[7, 7]
Bot get one more card ♣4
Bot get one more card ♠8
Player point: 21, Bot point: 19
------ BlackJack!! ------
Player win! Money: 2358.0
========================
Round #915
Player cards: [♥3, ♣9], Bot cards:[♥Q, ♠Q]
Player points: [12, 12], Bot points:[20, 20]
Player get one more card ♥2
Player get one more card ♣K
Player point: 24, Bot point: 20
Player lose! Money: 2338.0
========================
Round #916
Player cards: [♣4, ♣8], Bot cards:[♦4, ♣Q]
Player points: [12, 12], Bot points:[14, 14]
Bot get one more card ♣4
Player point: 12, Bot point: 18
Player lose! Money: 2318.0
========================
Round #917
Player cards: [♣6, ♥K], Bot cards:[♥4, ♠5]
Player points: [16, 16], Bot points:[9, 9]
Bot get one more card ♣T
Player point: 16, Bot point: 19
Player lose! Money: 2298.0
========================
Round #918
Player cards: [♣T, ♠A], Bot cards:[♥3, ♥8]
Player points: [11, 21], Bot points:[11, 11]
Bot get one more card ♣8
Player point: 21, Bot point: 19
------ BlackJack!! ------
Player win! Money: 2324.0
========================
Round #919
Player cards: [♥5, ♥8], Bot cards:[♣6, ♣T]
Player points: [13, 13], Bot points:[16, 16]
Bot get one more card ♥7
Player point: 13, Bot point: 23
Player win! Money: 2344.0
========================
Round #920
Player cards: [♦4, ♣5], Bot cards:[♥7, ♣J]
Player points: [9, 9], Bot points:[17, 17]
Player get one more card ♥K
Player point: 19, Bot point: 17
Player win! Money: 2364.0
========================
Round #921
Player cards: [♠3, ♠5], Bot cards:[♣7, ♥9]
Player points: [8, 8], Bot points:[16, 16]
Player get one more card ♦2
Player get one more card ♠J
Bot get one more card ♥7
Player point: 20, Bot point: 23
Player win! Money: 2384.0
========================
Round #922
Player cards: [♦7, ♥T], Bot cards:[♦2, ♦5]
Player points: [17, 17], Bot points:[7, 7]
Bot get one more card ♥J
Player point: 17, Bot point: 17
Draw! Money:2384.0
========================
Round #923
Player cards: [♥3, ♦6], Bot cards:[♠6, ♣A]
Player points: [9, 9], Bot points:[7, 17]
----- Double Bet! -----
Player get one more card ♥A
Bot get one more card ♠4
Bot get one more card ♦9
Player point: 20, Bot point: 20
Draw! Money:2384.0
========================
Round #924
Player cards: [♠7, ♦K], Bot cards:[♥2, ♠J]
Player points: [17, 17], Bot points:[12, 12]
Bot get one more card ♦Q
Player point: 17, Bot point: 22
Player win! Money: 2404.0
========================
Round #925
Player cards: [♠T, ♣J], Bot cards:[♠7, ♣J]
Player points: [20, 20], Bot points:[17, 17]
Player point: 20, Bot point: 17
Player win! Money: 2424.0
========================
Round #926
Player cards: [♣Q, ♣K], Bot cards:[♦K, ♠A]
Player points: [20, 20], Bot points:[11, 21]
Bot get one more card ♥7
Player point: 20, Bot point: 18
Player win! Money: 2444.0
========================
Round #927
Player cards: [♠6, ♠J], Bot cards:[♦4, ♦6]
Player points: [16, 16], Bot points:[10, 10]
Bot get one more card ♠T
Player point: 16, Bot point: 20
Player lose! Money: 2424.0
========================
Round #928
Player cards: [♠3, ♥6], Bot cards:[♥2, ♠8]
Player points: [9, 9], Bot points:[10, 10]
Player get one more card ♠9
Bot get one more card ♦T
Player point: 18, Bot point: 20
Player lose! Money: 2404.0
========================
Round #929
Player cards: [♠3, ♣Q], Bot cards:[♦3, ♦8]
Player points: [13, 13], Bot points:[11, 11]
Bot get one more card ♦2
Bot get one more card ♣K
Player point: 13, Bot point: 23
Player win! Money: 2424.0
========================
Round #930
Player cards: [♣8, ♥9], Bot cards:[♣3, ♦5]
Player points: [17, 17], Bot points:[8, 8]
Bot get one more card ♦9
Player point: 17, Bot point: 17
Draw! Money:2424.0
========================
Round #931
Player cards: [♠2, ♥Q], Bot cards:[♥5, ♥8]
Player points: [12, 12], Bot points:[13, 13]
Bot get one more card ♣T
Player point: 12, Bot point: 23
Player win! Money: 2444.0
========================
Round #932
Player cards: [♦7, ♠A], Bot cards:[♣3, ♠T]
Player points: [8, 18], Bot points:[13, 13]
Bot get one more card ♥8
Player point: 18, Bot point: 21
Player lose! Money: 2424.0
========================
Round #933
Player cards: [♣Q, ♠K], Bot cards:[♠4, ♦8]
Player points: [20, 20], Bot points:[12, 12]
Bot get one more card ♣7
Player point: 20, Bot point: 19
Player win! Money: 2444.0
========================
Round #934
Player cards: [♣2, ♣7], Bot cards:[♠9, ♠K]
Player points: [9, 9], Bot points:[19, 19]
Player get one more card ♦5
Player get one more card ♣9
Player point: 23, Bot point: 19
Player lose! Money: 2424.0
========================
Round #935
Player cards: [♣6, ♥9], Bot cards:[♣9, ♠9]
Player points: [15, 15], Bot points:[18, 18]
Player get one more card ♥3
Player point: 18, Bot point: 18
Draw! Money:2424.0
========================
Round #936
Player cards: [♣2, ♣5], Bot cards:[♠6, ♥K]
Player points: [7, 7], Bot points:[16, 16]
Player get one more card ♦J
Bot get one more card ♦T
Player point: 17, Bot point: 26
Player win! Money: 2444.0
========================
Round #937
Player cards: [♠8, ♠Q], Bot cards:[♣5, ♥A]
Player points: [18, 18], Bot points:[6, 16]
Bot get one more card ♠K
Bot get one more card ♦T
Player point: 18, Bot point: 26
Player win! Money: 2464.0
========================
Round #938
Player cards: [♦3, ♣K], Bot cards:[♠2, ♥6]
Player points: [13, 13], Bot points:[8, 8]
Bot get one more card ♦3
Bot get one more card ♦J
Player point: 13, Bot point: 21
Player lose! Money: 2444.0
========================
Round #939
Player cards: [♣2, ♦J], Bot cards:[♦9, ♠9]
Player points: [12, 12], Bot points:[18, 18]
Player get one more card ♠A
Player get one more card ♠2
Player get one more card ♦4
Player point: 19, Bot point: 18
Player win! Money: 2464.0
========================
Round #940
Player cards: [♥4, ♠7], Bot cards:[♥5, ♥6]
Player points: [11, 11], Bot points:[11, 11]
----- Double Bet! -----
Player get one more card ♥5
Bot get one more card ♠5
Bot get one more card ♦8
Player point: 16, Bot point: 24
Player win! Money: 2504.0
========================
Round #941
Player cards: [♠8, ♦J], Bot cards:[♥J, ♠K]
Player points: [18, 18], Bot points:[20, 20]
Player point: 18, Bot point: 20
Player lose! Money: 2484.0
========================
Round #942
Player cards: [♥Q, ♥K], Bot cards:[♦7, ♦7]
Player points: [20, 20], Bot points:[14, 14]
Bot get one more card ♠2
Bot get one more card ♥Q
Player point: 20, Bot point: 26
Player win! Money: 2504.0
========================
Round #943
Player cards: [♠5, ♠7], Bot cards:[♦2, ♥T]
Player points: [12, 12], Bot points:[12, 12]
Player get one more card ♠6
Bot get one more card ♦Q
Player point: 18, Bot point: 22
Player win! Money: 2524.0
========================
Round #944
Player cards: [♦5, ♣5], Bot cards:[♦9, ♦T]
Player points: [10, 10], Bot points:[19, 19]
----- Double Bet! -----
Player get one more card ♣A
Player point: 21, Bot point: 19
Player win! Money: 2564.0
========================
Round #945
Player cards: [♠J, ♦Q], Bot cards:[♦6, ♣8]
Player points: [20, 20], Bot points:[14, 14]
Bot get one more card ♠J
Player point: 20, Bot point: 24
Player win! Money: 2584.0
========================
Round #946
Player cards: [♦3, ♦A], Bot cards:[♣2, ♣A]
Player points: [4, 14], Bot points:[3, 13]
Bot get one more card ♦4
Bot get one more card ♦K
Player point: 14, Bot point: 17
Player lose! Money: 2564.0
========================
Round #947
New deck
Player cards: [♦3, ♠5], Bot cards:[♠Q, ♣K]
Player points: [8, 8], Bot points:[20, 20]
Player get one more card ♥T
Player point: 18, Bot point: 20
Player lose! Money: 2544.0
========================
Round #948
Player cards: [♠3, ♣Q], Bot cards:[♣5, ♥7]
Player points: [13, 13], Bot points:[12, 12]
Bot get one more card ♦9
Player point: 13, Bot point: 21
Player lose! Money: 2524.0
========================
Round #949
Player cards: [♣4, ♥K], Bot cards:[♣3, ♦7]
Player points: [14, 14], Bot points:[10, 10]
Bot get one more card ♠A
Bot get one more card ♥5
Bot get one more card ♦9
Player point: 14, Bot point: 25
Player win! Money: 2544.0
========================
Round #950
Player cards: [♥3, ♠A], Bot cards:[♣K, ♠A]
Player points: [4, 14], Bot points:[11, 21]
Player get one more card ♣2
Player get one more card ♠9
Player get one more card ♥T
Bot get one more card ♣T
Player point: 25, Bot point: 21
Player lose! Money: 2524.0
========================
Round #951
Player cards: [♣8, ♣A], Bot cards:[♠4, ♣J]
Player points: [9, 19], Bot points:[14, 14]
Bot get one more card ♥4
Player point: 19, Bot point: 18
Player win! Money: 2544.0
========================
Round #952
Player cards: [♦2, ♣A], Bot cards:[♣Q, ♣A]
Player points: [3, 13], Bot points:[11, 21]
Player get one more card ♠T
Player get one more card ♠Q
Bot get one more card ♦Q
Player point: 23, Bot point: 21
Player lose! Money: 2524.0
========================
Round #953
Player cards: [♣T, ♥Q], Bot cards:[♣9, ♣K]
Player points: [20, 20], Bot points:[19, 19]
Player point: 20, Bot point: 19
Player win! Money: 2544.0
========================
Round #954
Player cards: [♣4, ♠J], Bot cards:[♦6, ♦J]
Player points: [14, 14], Bot points:[16, 16]
Bot get one more card ♥2
Player point: 14, Bot point: 18
Player lose! Money: 2524.0
========================
Round #955
Player cards: [♦3, ♠9], Bot cards:[♣7, ♠T]
Player points: [12, 12], Bot points:[17, 17]
Player get one more card ♥2
Player get one more card ♦A
Player get one more card ♠5
Player point: 20, Bot point: 17
Player win! Money: 2544.0
========================
Round #956
Player cards: [♥K, ♦A], Bot cards:[♣2, ♥J]
Player points: [11, 21], Bot points:[12, 12]
Bot get one more card ♠K
Player point: 21, Bot point: 22
------ BlackJack!! ------
Player win! Money: 2570.0
========================
Round #957
Player cards: [♣3, ♣5], Bot cards:[♥2, ♦9]
Player points: [8, 8], Bot points:[11, 11]
Player get one more card ♥6
Bot get one more card ♥8
Player point: 14, Bot point: 19
Player lose! Money: 2550.0
========================
Round #958
Player cards: [♦4, ♥8], Bot cards:[♠4, ♠8]
Player points: [12, 12], Bot points:[12, 12]
Bot get one more card ♠J
Player point: 12, Bot point: 22
Player win! Money: 2570.0
========================
Round #959
Player cards: [♣5, ♣J], Bot cards:[♥4, ♣Q]
Player points: [15, 15], Bot points:[14, 14]
Bot get one more card ♦7
Player point: 15, Bot point: 21
Player lose! Money: 2550.0
========================
Round #960
Player cards: [♣2, ♦K], Bot cards:[♠7, ♣9]
Player points: [12, 12], Bot points:[16, 16]
Player get one more card ♦4
Player get one more card ♥J
Bot get one more card ♥J
Player point: 26, Bot point: 26
Player lose! Money: 2530.0
========================
Round #961
Player cards: [♦T, ♠Q], Bot cards:[♣6, ♠T]
Player points: [20, 20], Bot points:[16, 16]
Bot get one more card ♠6
Player point: 20, Bot point: 22
Player win! Money: 2550.0
========================
Round #962
Player cards: [♦J, ♦A], Bot cards:[♥9, ♠T]
Player points: [11, 21], Bot points:[19, 19]
Player point: 21, Bot point: 19
------ BlackJack!! ------
Player win! Money: 2576.0
========================
Round #963
Player cards: [♠3, ♥Q], Bot cards:[♠2, ♦K]
Player points: [13, 13], Bot points:[12, 12]
Bot get one more card ♦3
Bot get one more card ♥3
Player point: 13, Bot point: 18
Player lose! Money: 2556.0
========================
Round #964
Player cards: [♦8, ♠J], Bot cards:[♥4, ♦5]
Player points: [18, 18], Bot points:[9, 9]
Bot get one more card ♣8
Player point: 18, Bot point: 17
Player win! Money: 2576.0
========================
Round #965
Player cards: [♦4, ♦T], Bot cards:[♣9, ♦T]
Player points: [14, 14], Bot points:[19, 19]
Player get one more card ♥4
Player point: 18, Bot point: 19
Player lose! Money: 2556.0
========================
Round #966
Player cards: [♣3, ♥8], Bot cards:[♠6, ♦7]
Player points: [11, 11], Bot points:[13, 13]
----- Double Bet! -----
Player get one more card ♣A
Bot get one more card ♠5
Player point: 12, Bot point: 18
Player lose! Money: 2516.0
========================
Round #967
Player cards: [♥5, ♠6], Bot cards:[♦2, ♠7]
Player points: [11, 11], Bot points:[9, 9]
----- Double Bet! -----
Player get one more card ♥A
Bot get one more card ♥5
Bot get one more card ♠9
Player point: 12, Bot point: 23
Player win! Money: 2556.0
========================
Round #968
Player cards: [♦3, ♣J], Bot cards:[♥6, ♦J]
Player points: [13, 13], Bot points:[16, 16]
Bot get one more card ♥6
Player point: 13, Bot point: 22
Player win! Money: 2576.0
========================
Round #969
Player cards: [♣6, ♣9], Bot cards:[♦5, ♣8]
Player points: [15, 15], Bot points:[13, 13]
Bot get one more card ♥4
Player point: 15, Bot point: 17
Player lose! Money: 2556.0
========================
Round #970
Player cards: [♥2, ♥6], Bot cards:[♠3, ♠9]
Player points: [8, 8], Bot points:[12, 12]
Player get one more card ♣Q
Bot get one more card ♠Q
Player point: 18, Bot point: 22
Player win! Money: 2576.0
========================
Round #971
Player cards: [♦Q, ♠K], Bot cards:[♠4, ♥T]
Player points: [20, 20], Bot points:[14, 14]
Bot get one more card ♦7
Player point: 20, Bot point: 21
Player lose! Money: 2556.0
========================
Round #972
Player cards: [♦9, ♣K], Bot cards:[♦4, ♥A]
Player points: [19, 19], Bot points:[5, 15]
Bot get one more card ♦2
Bot get one more card ♥7
Bot get one more card ♥A
Bot get one more card ♥J
Player point: 19, Bot point: 25
Player win! Money: 2576.0
========================
Round #973
Player cards: [♣7, ♥T], Bot cards:[♦6, ♦Q]
Player points: [17, 17], Bot points:[16, 16]
Bot get one more card ♠7
Player point: 17, Bot point: 23
Player win! Money: 2596.0
========================
Round #974
Player cards: [♣5, ♥9], Bot cards:[♣3, ♥8]
Player points: [14, 14], Bot points:[11, 11]
Bot get one more card ♠4
Bot get one more card ♦5
Player point: 14, Bot point: 20
Player lose! Money: 2576.0
========================
Round #975
Player cards: [♠2, ♥9], Bot cards:[♦T, ♥K]
Player points: [11, 11], Bot points:[20, 20]
----- Double Bet! -----
Player get one more card ♥Q
Player point: 21, Bot point: 20
Player win! Money: 2616.0
========================
Round #976
Player cards: [♦2, ♠8], Bot cards:[♥3, ♣6]
Player points: [10, 10], Bot points:[9, 9]
----- Double Bet! -----
Player get one more card ♦6
Bot get one more card ♦8
Player point: 16, Bot point: 17
Player lose! Money: 2576.0
========================
Round #977
Player cards: [♥7, ♥7], Bot cards:[♥A, ♠A]
Player points: [14, 14], Bot points:[2, 12]
Player get one more card ♦6
Bot get one more card ♦8
Bot get one more card ♣3
Bot get one more card ♣9
Player point: 20, Bot point: 22
Player win! Money: 2596.0
========================
Round #978
Player cards: [♠3, ♣4], Bot cards:[♠2, ♦J]
Player points: [7, 7], Bot points:[12, 12]
Player get one more card ♥K
Bot get one more card ♠7
Player point: 17, Bot point: 19
Player lose! Money: 2576.0
========================
Round #979
Player cards: [♣T, ♠K], Bot cards:[♦8, ♠J]
Player points: [20, 20], Bot points:[18, 18]
Player point: 20, Bot point: 18
Player win! Money: 2596.0
========================
Round #980
Player cards: [♠6, ♠8], Bot cards:[♠5, ♣6]
Player points: [14, 14], Bot points:[11, 11]
Bot get one more card ♦A
Bot get one more card ♦Q
Player point: 14, Bot point: 22
Player win! Money: 2616.0
========================
Round #981
Player cards: [♠8, ♣J], Bot cards:[♣2, ♠K]
Player points: [18, 18], Bot points:[12, 12]
Bot get one more card ♣8
Player point: 18, Bot point: 20
Player lose! Money: 2596.0
========================
Round #982
Player cards: [♦K, ♦K], Bot cards:[♣7, ♥T]
Player points: [20, 20], Bot points:[17, 17]
Player point: 20, Bot point: 17
Player win! Money: 2616.0
========================
Round #983
New deck
Player cards: [♣4, ♣7], Bot cards:[♦3, ♠T]
Player points: [11, 11], Bot points:[13, 13]
----- Double Bet! -----
Player get one more card ♠Q
Bot get one more card ♠A
Bot get one more card ♣4
Player point: 21, Bot point: 18
Player win! Money: 2656.0
========================
Round #984
Player cards: [♣3, ♣K], Bot cards:[♣T, ♠A]
Player points: [13, 13], Bot points:[11, 21]
Player get one more card ♠3
Player get one more card ♠K
Bot get one more card ♥J
Player point: 26, Bot point: 21
Player lose! Money: 2636.0
========================
Round #985
Player cards: [♥6, ♦Q], Bot cards:[♥4, ♥5]
Player points: [16, 16], Bot points:[9, 9]
Bot get one more card ♥4
Bot get one more card ♠7
Player point: 16, Bot point: 20
Player lose! Money: 2616.0
========================
Round #986
Player cards: [♦2, ♣T], Bot cards:[♠3, ♥6]
Player points: [12, 12], Bot points:[9, 9]
Player get one more card ♣7
Bot get one more card ♠8
Player point: 19, Bot point: 17
Player win! Money: 2636.0
========================
Round #987
Player cards: [♣2, ♥Q], Bot cards:[♦J, ♣Q]
Player points: [12, 12], Bot points:[20, 20]
Player get one more card ♥2
Player get one more card ♣T
Player point: 24, Bot point: 20
Player lose! Money: 2616.0
========================
Round #988
Player cards: [♣4, ♠T], Bot cards:[♣3, ♥K]
Player points: [14, 14], Bot points:[13, 13]
Bot get one more card ♣9
Player point: 14, Bot point: 22
Player win! Money: 2636.0
========================
Round #989
Player cards: [♦2, ♠6], Bot cards:[♠2, ♥T]
Player points: [8, 8], Bot points:[12, 12]
Player get one more card ♠3
Player get one more card ♥3
Bot get one more card ♣3
Bot get one more card ♦8
Player point: 14, Bot point: 23
Player win! Money: 2656.0
========================
Round #990
Player cards: [♥2, ♣8], Bot cards:[♠2, ♣8]
Player points: [10, 10], Bot points:[10, 10]
----- Double Bet! -----
Player get one more card ♦Q
Bot get one more card ♦8
Player point: 20, Bot point: 18
Player win! Money: 2696.0
========================
Round #991
Player cards: [♥2, ♠9], Bot cards:[♣5, ♠7]
Player points: [11, 11], Bot points:[12, 12]
----- Double Bet! -----
Player get one more card ♥2
Bot get one more card ♦A
Bot get one more card ♣5
Player point: 13, Bot point: 18
Player lose! Money: 2656.0
========================
Round #992
Player cards: [♥4, ♠T], Bot cards:[♦7, ♦T]
Player points: [14, 14], Bot points:[17, 17]
Player get one more card ♦6
Player point: 20, Bot point: 17
Player win! Money: 2676.0
========================
Round #993
Player cards: [♠2, ♣A], Bot cards:[♥T, ♦J]
Player points: [3, 13], Bot points:[20, 20]
Player get one more card ♦5
Player point: 18, Bot point: 20
Player lose! Money: 2656.0
========================
Round #994
Player cards: [♥3, ♣J], Bot cards:[♥6, ♠K]
Player points: [13, 13], Bot points:[16, 16]
Bot get one more card ♥5
Player point: 13, Bot point: 21
Player lose! Money: 2636.0
========================
Round #995
Player cards: [♣9, ♣J], Bot cards:[♠J, ♣K]
Player points: [19, 19], Bot points:[20, 20]
Player point: 19, Bot point: 20
Player lose! Money: 2616.0
========================
Round #996
Player cards: [♦4, ♥6], Bot cards:[♣7, ♥T]
Player points: [10, 10], Bot points:[17, 17]
----- Double Bet! -----
Player get one more card ♥8
Player point: 18, Bot point: 17
Player win! Money: 2656.0
========================
Round #997
Player cards: [♦3, ♦T], Bot cards:[♦T, ♠A]
Player points: [13, 13], Bot points:[11, 21]
Player get one more card ♥J
Bot get one more card ♦8
Player point: 23, Bot point: 19
Player lose! Money: 2636.0
========================
Round #998
Player cards: [♠2, ♥4], Bot cards:[♠K, ♥K]
Player points: [6, 6], Bot points:[20, 20]
Player get one more card ♣A
Player point: 17, Bot point: 20
Player lose! Money: 2616.0
========================
Round #999
Total round: 1000. Blackjack count: 46
====== Game Begin! ======
Total money: 500
Player cards: [♠4, ♣A], Bot cards:[♠K, ♥K]
Player points: [5, 15], Bot points:[20, 20]
Player get one more card ♠8
Player get one more card ♠9
Player point: 22, Bot point: 20
Player lose! Money: 480
========================
Round #0
Player cards: [♣7, ♠8], Bot cards:[♣Q, ♠A]
Player points: [15, 15], Bot points:[11, 21]
Player get one more card ♣5
Bot get one more card ♠T
Player point: 20, Bot point: 21
Player lose! Money: 460
========================
Round #1
Player cards: [♦5, ♣8], Bot cards:[♣2, ♦7]
Player points: [13, 13], Bot points:[9, 9]
Bot get one more card ♦8
Player point: 13, Bot point: 17
Player lose! Money: 440
========================
Round #2
Player cards: [♦8, ♦Q], Bot cards:[♥5, ♥8]
Player points: [18, 18], Bot points:[13, 13]
Bot get one more card ♥J
Player point: 18, Bot point: 23
Player win! Money: 460
========================
Round #3
Player cards: [♠2, ♥K], Bot cards:[♥2, ♣A]
Player points: [12, 12], Bot points:[3, 13]
Player get one more card ♦7
Bot get one more card ♠9
Bot get one more card ♦A
Bot get one more card ♠A
Bot get one more card ♥2
Bot get one more card ♦3
Player point: 19, Bot point: 19
Draw! Money:460
========================
Round #4
Player cards: [♥5, ♦6], Bot cards:[♣4, ♥Q]
Player points: [11, 11], Bot points:[14, 14]
----- Double Bet! -----
Player get one more card ♦K
Bot get one more card ♣6
Player point: 21, Bot point: 20
Player win! Money: 500
========================
Round #5
Player cards: [♥T, ♦K], Bot cards:[♠2, ♠7]
Player points: [20, 20], Bot points:[9, 9]
Bot get one more card ♥7
Bot get one more card ♦3
Player point: 20, Bot point: 19
Player win! Money: 520
========================
Round #6
Player cards: [♣5, ♣9], Bot cards:[♣4, ♣6]
Player points: [14, 14], Bot points:[10, 10]
Bot get one more card ♦Q
Player point: 14, Bot point: 20
Player lose! Money: 500
========================
Round #7
Player cards: [♣K, ♥K], Bot cards:[♠J, ♠A]
Player points: [20, 20], Bot points:[11, 21]
Bot get one more card ♦T
Player point: 20, Bot point: 21
Player lose! Money: 480
========================
Round #8
Player cards: [♣5, ♥J], Bot cards:[♣T, ♦A]
Player points: [15, 15], Bot points:[11, 21]
Player get one more card ♠7
Bot get one more card ♦3
Bot get one more card ♥5
Player point: 22, Bot point: 19
Player lose! Money: 460
========================
Round #9
Player cards: [♥J, ♣Q], Bot cards:[♣3, ♥T]
Player points: [20, 20], Bot points:[13, 13]
Bot get one more card ♣Q
Player point: 20, Bot point: 23
Player win! Money: 480
========================
Round #10
Player cards: [♠3, ♥5], Bot cards:[♦5, ♠A]
Player points: [8, 8], Bot points:[6, 16]
Player get one more card ♥4
Bot get one more card ♣3
Bot get one more card ♥3
Bot get one more card ♣A
Bot get one more card ♦4
Player point: 12, Bot point: 17
Player lose! Money: 460
========================
Round #11
Player cards: [♠9, ♠K], Bot cards:[♠2, ♥7]
Player points: [19, 19], Bot points:[9, 9]
Bot get one more card ♠T
Player point: 19, Bot point: 19
Draw! Money:460
========================
Round #12
Player cards: [♦6, ♦8], Bot cards:[♥6, ♥A]
Player points: [14, 14], Bot points:[7, 17]
Bot get one more card ♥K
Player point: 14, Bot point: 17
Player lose! Money: 440
========================
Round #13
Player cards: [♣5, ♥8], Bot cards:[♦7, ♣Q]
Player points: [13, 13], Bot points:[17, 17]
Player get one more card ♠J
Player point: 23, Bot point: 17
Player lose! Money: 420
========================
Round #14
Player cards: [♣6, ♠7], Bot cards:[♣8, ♦J]
Player points: [13, 13], Bot points:[18, 18]
Player get one more card ♣A
Player get one more card ♣7
Player point: 21, Bot point: 18
Player win! Money: 440
========================
Round #15
Player cards: [♣2, ♠8], Bot cards:[♥6, ♦8]
Player points: [10, 10], Bot points:[14, 14]
----- Double Bet! -----
Player get one more card ♥A
Bot get one more card ♣T
Player point: 21, Bot point: 24
Player win! Money: 480
========================
Round #16
Player cards: [♦T, ♥T], Bot cards:[♥3, ♠5]
Player points: [20, 20], Bot points:[8, 8]
Bot get one more card ♣J
Player point: 20, Bot point: 18
Player win! Money: 500
========================
Round #17
Player cards: [♦2, ♣7], Bot cards:[♦4, ♥7]
Player points: [9, 9], Bot points:[11, 11]
----- Double Bet! -----
Player get one more card ♥7
Bot get one more card ♥9
Player point: 16, Bot point: 20
Player lose! Money: 460
========================
Round #18
Player cards: [♣3, ♠T], Bot cards:[♥4, ♥9]
Player points: [13, 13], Bot points:[13, 13]
Bot get one more card ♠2
Bot get one more card ♥3
Player point: 13, Bot point: 18
Player lose! Money: 440
========================
Round #19
Player cards: [♣2, ♦5], Bot cards:[♥3, ♦3]
Player points: [7, 7], Bot points:[6, 6]
Player get one more card ♣7
Bot get one more card ♥2
Bot get one more card ♠6
Bot get one more card ♠3
Player point: 14, Bot point: 17
Player lose! Money: 420
========================
Round #20
Player cards: [♣K, ♥A], Bot cards:[♥8, ♣J]
Player points: [11, 21], Bot points:[18, 18]
Player point: 21, Bot point: 18
------ BlackJack!! ------
Player win! Money: 446.0
========================
Round #21
Player cards: [♥4, ♦J], Bot cards:[♣2, ♦A]
Player points: [14, 14], Bot points:[3, 13]
Bot get one more card ♠8
Bot get one more card ♠3
Bot get one more card ♥J
Player point: 14, Bot point: 24
Player win! Money: 466.0
========================
Round #22
Player cards: [♥2, ♠Q], Bot cards:[♣9, ♦9]
Player points: [12, 12], Bot points:[18, 18]
Player get one more card ♦4
Player get one more card ♦7
Player point: 23, Bot point: 18
Player lose! Money: 446.0
========================
Round #23
Player cards: [♠T, ♣K], Bot cards:[♥8, ♠9]
Player points: [20, 20], Bot points:[17, 17]
Player point: 20, Bot point: 17
Player win! Money: 466.0
========================
Round #24
Player cards: [♠6, ♠J], Bot cards:[♣3, ♣K]
Player points: [16, 16], Bot points:[13, 13]
Bot get one more card ♣8
Player point: 16, Bot point: 21
Player lose! Money: 446.0
========================
Round #25
Player cards: [♠6, ♠J], Bot cards:[♦2, ♦6]
Player points: [16, 16], Bot points:[8, 8]
Bot get one more card ♥A
Bot get one more card ♠5
Bot get one more card ♠7
Player point: 16, Bot point: 21
Player lose! Money: 426.0
========================
Round #26
Player cards: [♠3, ♥Q], Bot cards:[♥6, ♠Q]
Player points: [13, 13], Bot points:[16, 16]
Bot get one more card ♦9
Player point: 13, Bot point: 25
Player win! Money: 446.0
========================
Round #27
Player cards: [♣T, ♠Q], Bot cards:[♠4, ♠5]
Player points: [20, 20], Bot points:[9, 9]
Bot get one more card ♦A
Bot get one more card ♦9
Player point: 20, Bot point: 19
Player win! Money: 466.0
========================
Round #28
Player cards: [♣6, ♣T], Bot cards:[♣4, ♠6]
Player points: [16, 16], Bot points:[10, 10]
Bot get one more card ♥Q
Player point: 16, Bot point: 20
Player lose! Money: 446.0
========================
Round #29
Player cards: [♦2, ♥6], Bot cards:[♦4, ♦T]
Player points: [8, 8], Bot points:[14, 14]
Player get one more card ♦2
Player get one more card ♦5
Bot get one more card ♠4
Player point: 15, Bot point: 18
Player lose! Money: 426.0
========================
Round #30
Player cards: [♠4, ♠5], Bot cards:[♥9, ♣9]
Player points: [9, 9], Bot points:[18, 18]
Player get one more card ♦K
Player point: 19, Bot point: 18
Player win! Money: 446.0
========================
Round #31
Player cards: [♥T, ♣J], Bot cards:[♣4, ♥9]
Player points: [20, 20], Bot points:[13, 13]
Bot get one more card ♦9
Player point: 20, Bot point: 22
Player win! Money: 466.0
========================
Round #32
Player cards: [♥4, ♦Q], Bot cards:[♣J, ♦Q]
Player points: [14, 14], Bot points:[20, 20]
Player get one more card ♣9
Player point: 23, Bot point: 20
Player lose! Money: 446.0
========================
Round #33
Player cards: [♦J, ♦J], Bot cards:[♥Q, ♠K]
Player points: [20, 20], Bot points:[20, 20]
Player point: 20, Bot point: 20
Draw! Money:446.0
========================
Round #34
New deck
Player cards: [♥7, ♠A], Bot cards:[♠2, ♠8]
Player points: [8, 18], Bot points:[10, 10]
Bot get one more card ♥4
Bot get one more card ♥5
Player point: 18, Bot point: 19
Player lose! Money: 426.0
========================
Round #35
Player cards: [♣8, ♠9], Bot cards:[♥6, ♥A]
Player points: [17, 17], Bot points:[7, 17]
Bot get one more card ♦Q
Player point: 17, Bot point: 17
Draw! Money:426.0
========================
Round #36
Player cards: [♦8, ♦T], Bot cards:[♣6, ♣9]
Player points: [18, 18], Bot points:[15, 15]
Bot get one more card ♦6
Player point: 18, Bot point: 21
Player lose! Money: 406.0
========================
Round #37
Player cards: [♦4, ♥J], Bot cards:[♣3, ♠J]
Player points: [14, 14], Bot points:[13, 13]
Bot get one more card ♠9
Player point: 14, Bot point: 22
Player win! Money: 426.0
========================
Round #38
Player cards: [♦J, ♠Q], Bot cards:[♦6, ♠8]
Player points: [20, 20], Bot points:[14, 14]
Bot get one more card ♥J
Player point: 20, Bot point: 24
Player win! Money: 446.0
========================
Round #39
Player cards: [♠2, ♥2], Bot cards:[♦6, ♣8]
Player points: [4, 4], Bot points:[14, 14]
-------- Split! Two hands: [3, 13], [7, 7]
For second hand:
Player get one more card ♥Q
Bot get one more card ♥7
Player point: 13, Bot point: 21
Player lose! Money: 426.0
========================
Player point: 17, Bot point: 21
Player lose! Money: 406.0
========================
Round #40
Player cards: [♦2, ♣6], Bot cards:[♣2, ♣2]
Player points: [8, 8], Bot points:[4, 4]
Player get one more card ♦2
Player get one more card ♣3
Bot get one more card ♥K
Bot get one more card ♠7
Player point: 13, Bot point: 21
Player lose! Money: 386.0
========================
Round #41
Player cards: [♥3, ♠K], Bot cards:[♠7, ♠9]
Player points: [13, 13], Bot points:[16, 16]
Player get one more card ♣J
Bot get one more card ♦8
Player point: 23, Bot point: 24
Player lose! Money: 366.0
========================
Round #42
Player cards: [♦6, ♦J], Bot cards:[♦T, ♣A]
Player points: [16, 16], Bot points:[11, 21]
Player get one more card ♠6
Bot get one more card ♦4
Bot get one more card ♠8
Player point: 22, Bot point: 23
Player lose! Money: 346.0
========================
Round #43
Player cards: [♥6, ♣J], Bot cards:[♦3, ♣9]
Player points: [16, 16], Bot points:[12, 12]
Bot get one more card ♣A
Bot get one more card ♠T
Player point: 16, Bot point: 23
Player win! Money: 366.0
========================
Round #44
Player cards: [♦7, ♥Q], Bot cards:[♥4, ♠A]
Player points: [17, 17], Bot points:[5, 15]
Bot get one more card ♠5
Bot get one more card ♠4
Bot get one more card ♣2
Bot get one more card ♥2
Player point: 17, Bot point: 18
Player lose! Money: 346.0
========================
Round #45
Player cards: [♣2, ♣T], Bot cards:[♠2, ♣3]
Player points: [12, 12], Bot points:[5, 5]
Player get one more card ♥Q
Bot get one more card ♦2
Bot get one more card ♣4
Bot get one more card ♣8
Player point: 22, Bot point: 19
Player lose! Money: 326.0
========================
Round #46
Player cards: [♥3, ♦A], Bot cards:[♦4, ♠Q]
Player points: [4, 14], Bot points:[14, 14]
Bot get one more card ♦7
Player point: 14, Bot point: 21
Player lose! Money: 306.0
========================
Round #47
Player cards: [♦K, ♥K], Bot cards:[♦7, ♣A]
Player points: [20, 20], Bot points:[8, 18]
Bot get one more card ♠3
Bot get one more card ♥9
Player point: 20, Bot point: 20
Draw! Money:306.0
========================
Round #48
Player cards: [♣K, ♠K], Bot cards:[♣4, ♥A]
Player points: [20, 20], Bot points:[5, 15]
Bot get one more card ♦9
Bot get one more card ♥3
Player point: 20, Bot point: 17
Player win! Money: 326.0
========================
Round #49
Player cards: [♥4, ♦6], Bot cards:[♥8, ♠J]
Player points: [10, 10], Bot points:[18, 18]
----- Double Bet! -----
Player get one more card ♦2
Player point: 12, Bot point: 18
Player lose! Money: 286.0
========================
Round #50
Player cards: [♠3, ♦7], Bot cards:[♣5, ♥T]
Player points: [10, 10], Bot points:[15, 15]
----- Double Bet! -----
Player get one more card ♣6
Bot get one more card ♣K
Player point: 16, Bot point: 25
Player win! Money: 326.0
========================
Round #51
Player cards: [♠4, ♠5], Bot cards:[♠7, ♦J]
Player points: [9, 9], Bot points:[17, 17]
Player get one more card ♠6
Player get one more card ♥8
Player point: 23, Bot point: 17
Player lose! Money: 306.0
========================
Round #52
Player cards: [♣7, ♦A], Bot cards:[♦9, ♣T]
Player points: [8, 18], Bot points:[19, 19]
Player point: 18, Bot point: 19
Player lose! Money: 286.0
========================
Round #53
Player cards: [♣9, ♠A], Bot cards:[♣7, ♥8]
Player points: [10, 20], Bot points:[15, 15]
Bot get one more card ♣6
Player point: 20, Bot point: 21
Player lose! Money: 266.0
========================
Round #54
Player cards: [♣T, ♠J], Bot cards:[♣4, ♦A]
Player points: [20, 20], Bot points:[5, 15]
Bot get one more card ♦5
Bot get one more card ♣3
Bot get one more card ♦K
Player point: 20, Bot point: 23
Player win! Money: 286.0
========================
Round #55
Player cards: [♥4, ♥J], Bot cards:[♥5, ♣8]
Player points: [14, 14], Bot points:[13, 13]
Bot get one more card ♥J
Player point: 14, Bot point: 23
Player win! Money: 306.0
========================
Round #56
Player cards: [♦5, ♣7], Bot cards:[♣8, ♥K]
Player points: [12, 12], Bot points:[18, 18]
Player get one more card ♠T
Player point: 22, Bot point: 18
Player lose! Money: 286.0
========================
Round #57
Player cards: [♥3, ♥T], Bot cards:[♦9, ♠Q]
Player points: [13, 13], Bot points:[19, 19]
Player get one more card ♥9
Player point: 22, Bot point: 19
Player lose! Money: 266.0
========================
Round #58
Player cards: [♥6, ♦A], Bot cards:[♠9, ♣J]
Player points: [7, 17], Bot points:[19, 19]
Player point: 17, Bot point: 19
Player lose! Money: 246.0
========================
Round #59
Player cards: [♣Q, ♣K], Bot cards:[♥2, ♦Q]
Player points: [20, 20], Bot points:[12, 12]
Bot get one more card ♦J
Player point: 20, Bot point: 22
Player win! Money: 266.0
========================
Round #60
Player cards: [♥8, ♦Q], Bot cards:[♣7, ♥T]
Player points: [18, 18], Bot points:[17, 17]
Player point: 18, Bot point: 17
Player win! Money: 286.0
========================
Round #61
Player cards: [♠5, ♥K], Bot cards:[♠6, ♠K]
Player points: [15, 15], Bot points:[16, 16]
Bot get one more card ♠5
Player point: 15, Bot point: 21
Player lose! Money: 266.0
========================
Round #62
Player cards: [♣T, ♠Q], Bot cards:[♠T, ♠J]
Player points: [20, 20], Bot points:[20, 20]
Player point: 20, Bot point: 20
Draw! Money:266.0
========================
Round #63
Player cards: [♥9, ♣Q], Bot cards:[♠3, ♣9]
Player points: [19, 19], Bot points:[12, 12]
Bot get one more card ♥7
Player point: 19, Bot point: 19
Draw! Money:266.0
========================
Round #64
Player cards: [♦4, ♠8], Bot cards:[♣5, ♥7]
Player points: [12, 12], Bot points:[12, 12]
Bot get one more card ♠7
Player point: 12, Bot point: 19
Player lose! Money: 246.0
========================
Round #65
Player cards: [♦9, ♥A], Bot cards:[♠6, ♦8]
Player points: [10, 20], Bot points:[14, 14]
Bot get one more card ♥9
Player point: 20, Bot point: 23
Player win! Money: 266.0
========================
Round #66
Player cards: [♦5, ♦K], Bot cards:[♦8, ♦T]
Player points: [15, 15], Bot points:[18, 18]
Player get one more card ♠A
Player get one more card ♣Q
Player point: 26, Bot point: 18
Player lose! Money: 246.0
========================
Round #67
Player cards: [♠Q, ♣A], Bot cards:[♣J, ♣K]
Player points: [11, 21], Bot points:[20, 20]
Player point: 21, Bot point: 20
------ BlackJack!! ------
Player win! Money: 272.0
========================
Round #68
Player cards: [♣4, ♦K], Bot cards:[♥5, ♦T]
Player points: [14, 14], Bot points:[15, 15]
Bot get one more card ♠3
Player point: 14, Bot point: 18
Player lose! Money: 252.0
========================
Round #69
Player cards: [♥T, ♦Q], Bot cards:[♠T, ♠K]
Player points: [20, 20], Bot points:[20, 20]
Player point: 20, Bot point: 20
Draw! Money:252.0
========================
Round #70
Player cards: [♦3, ♦3], Bot cards:[♦3, ♣5]
Player points: [6, 6], Bot points:[8, 8]
Player get one more card ♥Q
Bot get one more card ♠2
Bot get one more card ♦T
Player point: 16, Bot point: 20
Player lose! Money: 232.0
========================
Round #71
New deck
Player cards: [♠8, ♦Q], Bot cards:[♦5, ♦5]
Player points: [18, 18], Bot points:[10, 10]
Bot get one more card ♣2
Bot get one more card ♥A
Bot get one more card ♠Q
Player point: 18, Bot point: 23
Player win! Money: 252.0
========================
Round #72
Player cards: [♥9, ♠A], Bot cards:[♠5, ♦T]
Player points: [10, 20], Bot points:[15, 15]
Bot get one more card ♣6
Player point: 20, Bot point: 21
Player lose! Money: 232.0
========================
Round #73
Player cards: [♦2, ♣8], Bot cards:[♣3, ♥K]
Player points: [10, 10], Bot points:[13, 13]
----- Double Bet! -----
Player get one more card ♠6
Bot get one more card ♠5
Player point: 16, Bot point: 18
Player lose! Money: 192.0
========================
Round #74
Player cards: [♦T, ♥Q], Bot cards:[♥2, ♥9]
Player points: [20, 20], Bot points:[11, 11]
Bot get one more card ♣K
Player point: 20, Bot point: 21
Player lose! Money: 172.0
========================
Round #75
Player cards: [♠4, ♦J], Bot cards:[♦6, ♥6]
Player points: [14, 14], Bot points:[12, 12]
Bot get one more card ♠2
Bot get one more card ♣A
Bot get one more card ♠K
Player point: 14, Bot point: 25
Player win! Money: 192.0
========================
Round #76
Player cards: [♠3, ♣5], Bot cards:[♠4, ♠6]
Player points: [8, 8], Bot points:[10, 10]
Player get one more card ♥T
Bot get one more card ♣T
Player point: 18, Bot point: 20
Player lose! Money: 172.0
========================
Round #77
Player cards: [♠4, ♠4], Bot cards:[♣T, ♦A]
Player points: [8, 8], Bot points:[11, 21]
Player get one more card ♣Q
Bot get one more card ♥5
Bot get one more card ♣2
Player point: 18, Bot point: 18
Draw! Money:172.0
========================
Round #78
Player cards: [♦5, ♥9], Bot cards:[♣3, ♥A]
Player points: [14, 14], Bot points:[4, 14]
Bot get one more card ♥Q
Bot get one more card ♣A
Bot get one more card ♣3
Player point: 14, Bot point: 18
Player lose! Money: 152.0
========================
Round #79
Player cards: [♥4, ♠T], Bot cards:[♠5, ♥7]
Player points: [14, 14], Bot points:[12, 12]
Bot get one more card ♦9
Player point: 14, Bot point: 21
Player lose! Money: 132.0
========================
Round #80
Player cards: [♣8, ♦K], Bot cards:[♥2, ♠3]
Player points: [18, 18], Bot points:[5, 5]
Bot get one more card ♠6
Bot get one more card ♠J
Player point: 18, Bot point: 21
Player lose! Money: 112.0
========================
Round #81
Player cards: [♥6, ♠8], Bot cards:[♣2, ♠Q]
Player points: [14, 14], Bot points:[12, 12]
Bot get one more card ♦2
Bot get one more card ♠9
Player point: 14, Bot point: 23
Player win! Money: 132.0
========================
Round #82
Player cards: [♥5, ♦Q], Bot cards:[♣5, ♥5]
Player points: [15, 15], Bot points:[10, 10]
Bot get one more card ♦A
Bot get one more card ♥5
Bot get one more card ♥6
Player point: 15, Bot point: 22
Player win! Money: 152.0
========================
Round #83
Player cards: [♥2, ♦4], Bot cards:[♦4, ♥T]
Player points: [6, 6], Bot points:[14, 14]
Player get one more card ♥2
Player get one more card ♣A
Bot get one more card ♣6
Player point: 19, Bot point: 20
Player lose! Money: 132.0
========================
Round #84
Player cards: [♦7, ♣Q], Bot cards:[♣4, ♣K]
Player points: [17, 17], Bot points:[14, 14]
Bot get one more card ♠K
Player point: 17, Bot point: 24
Player win! Money: 152.0
========================
Round #85
Player cards: [♣J, ♠K], Bot cards:[♣2, ♣7]
Player points: [20, 20], Bot points:[9, 9]
Bot get one more card ♦8
Player point: 20, Bot point: 17
Player win! Money: 172.0
========================
Round #86
Player cards: [♣5, ♥7], Bot cards:[♠3, ♥K]
Player points: [12, 12], Bot points:[13, 13]
Player get one more card ♠2
Bot get one more card ♣7
Player point: 14, Bot point: 20
Player lose! Money: 152.0
========================
Round #87
Player cards: [♦4, ♥T], Bot cards:[♦3, ♠6]
Player points: [14, 14], Bot points:[9, 9]
Bot get one more card ♠J
Player point: 14, Bot point: 19
Player lose! Money: 132.0
========================
Round #88
Player cards: [♥6, ♠T], Bot cards:[♣7, ♣Q]
Player points: [16, 16], Bot points:[17, 17]
Player get one more card ♠K
Player point: 26, Bot point: 17
Player lose! Money: 112.0
========================
Round #89
Player cards: [♥7, ♠8], Bot cards:[♥8, ♣A]
Player points: [15, 15], Bot points:[9, 19]
Player get one more card ♠J
Bot get one more card ♣K
Player point: 25, Bot point: 19
Player lose! Money: 92.0
========================
Round #90
Player cards: [♦T, ♥Q], Bot cards:[♠3, ♠9]
Player points: [20, 20], Bot points:[12, 12]
Bot get one more card ♦J
Player point: 20, Bot point: 22
Player win! Money: 112.0
========================
Round #91
Player cards: [♥3, ♣6], Bot cards:[♣J, ♣Q]
Player points: [9, 9], Bot points:[20, 20]
Player get one more card ♦K
Player point: 19, Bot point: 20
Player lose! Money: 92.0
========================
Round #92
Player cards: [♦6, ♠J], Bot cards:[♥2, ♠7]
Player points: [16, 16], Bot points:[9, 9]
Bot get one more card ♣9
Player point: 16, Bot point: 18
Player lose! Money: 72.0
========================
Round #93
Player cards: [♣8, ♠A], Bot cards:[♦7, ♥A]
Player points: [9, 19], Bot points:[8, 18]
Bot get one more card ♠9
Player point: 19, Bot point: 17
Player win! Money: 92.0
========================
Round #94
Player cards: [♥5, ♠7], Bot cards:[♦T, ♥K]
Player points: [12, 12], Bot points:[20, 20]
Player get one more card ♥4
Player get one more card ♦K
Player point: 26, Bot point: 20
Player lose! Money: 72.0
========================
Round #95
Player cards: [♣5, ♥T], Bot cards:[♣4, ♣9]
Player points: [15, 15], Bot points:[13, 13]
Bot get one more card ♠Q
Player point: 15, Bot point: 23
Player win! Money: 92.0
========================
Round #96
Player cards: [♦8, ♣T], Bot cards:[♥4, ♦Q]
Player points: [18, 18], Bot points:[14, 14]
Bot get one more card ♥8
Player point: 18, Bot point: 22
Player win! Money: 112.0
========================
Round #97
Player cards: [♣3, ♦7], Bot cards:[♥8, ♠A]
Player points: [10, 10], Bot points:[9, 19]
----- Double Bet! -----
Player get one more card ♣4
Bot get one more card ♣7
Bot get one more card ♦9
Player point: 14, Bot point: 25
Player win! Money: 152.0
========================
Round #98
Player cards: [♦3, ♣J], Bot cards:[♦9, ♣9]
Player points: [13, 13], Bot points:[18, 18]
Player get one more card ♦A
Player get one more card ♦8
Player point: 22, Bot point: 18
Player lose! Money: 132.0
========================
Round #99
Player cards: [♦4, ♠K], Bot cards:[♥3, ♥K]
Player points: [14, 14], Bot points:[13, 13]
Bot get one more card ♥4
Player point: 14, Bot point: 17
Player lose! Money: 112.0
========================
Round #100
Player cards: [♥3, ♥J], Bot cards:[♣4, ♣K]
Player points: [13, 13], Bot points:[14, 14]
Bot get one more card ♦2
Bot get one more card ♦K
Player point: 13, Bot point: 26
Player win! Money: 132.0
========================
Round #101
Player cards: [♦5, ♥J], Bot cards:[♠9, ♥J]
Player points: [15, 15], Bot points:[19, 19]
Player get one more card ♣6
Player point: 21, Bot point: 19
Player win! Money: 152.0
========================
Round #102
Player cards: [♠5, ♦A], Bot cards:[♦2, ♠T]
Player points: [6, 16], Bot points:[12, 12]
Bot get one more card ♠4
Bot get one more card ♦J
Player point: 16, Bot point: 26
Player win! Money: 172.0
========================
Round #103
Player cards: [♠T, ♥A], Bot cards:[♦8, ♥Q]
Player points: [11, 21], Bot points:[18, 18]
Player point: 21, Bot point: 18
------ BlackJack!! ------
Player win! Money: 198.0
========================
Round #104
Player cards: [♦3, ♣J], Bot cards:[♠2, ♦3]
Player points: [13, 13], Bot points:[5, 5]
Bot get one more card ♠Q
Bot get one more card ♥J
Player point: 13, Bot point: 25
Player win! Money: 218.0
========================
Round #105
Player cards: [♦7, ♦J], Bot cards:[♣T, ♠A]
Player points: [17, 17], Bot points:[11, 21]
Bot get one more card ♦9
Player point: 17, Bot point: 20
Player lose! Money: 198.0
========================
Round #106
Player cards: [♠2, ♦K], Bot cards:[♥6, ♠7]
Player points: [12, 12], Bot points:[13, 13]
Bot get one more card ♠4
Player point: 12, Bot point: 17
Player lose! Money: 178.0
========================
Round #107
Player cards: [♣5, ♦6], Bot cards:[♦6, ♣9]
Player points: [11, 11], Bot points:[15, 15]
----- Double Bet! -----
Player get one more card ♥8
Bot get one more card ♥3
Player point: 19, Bot point: 18
Player win! Money: 218.0
========================
Round #108
New deck
Player cards: [♠2, ♦6], Bot cards:[♦8, ♦T]
Player points: [8, 8], Bot points:[18, 18]
Player get one more card ♠Q
Player point: 18, Bot point: 18
Draw! Money:218.0
========================
Round #109
Player cards: [♣7, ♣9], Bot cards:[♥7, ♥8]
Player points: [16, 16], Bot points:[15, 15]
Player get one more card ♦8
Bot get one more card ♥A
Bot get one more card ♦4
Player point: 24, Bot point: 20
Player lose! Money: 198.0
========================
Round #110
Player cards: [♦5, ♣A], Bot cards:[♥2, ♣4]
Player points: [6, 16], Bot points:[6, 6]
Bot get one more card ♥7
Bot get one more card ♦A
Bot get one more card ♥9
Player point: 16, Bot point: 23
Player win! Money: 218.0
========================
Round #111
Player cards: [♠4, ♣6], Bot cards:[♣5, ♠T]
Player points: [10, 10], Bot points:[15, 15]
----- Double Bet! -----
Player get one more card ♥T
Bot get one more card ♠8
Player point: 20, Bot point: 23
Player win! Money: 258.0
========================
Round #112
Player cards: [♦2, ♣T], Bot cards:[♠2, ♥K]
Player points: [12, 12], Bot points:[12, 12]
Player get one more card ♠3
Bot get one more card ♣7
Player point: 15, Bot point: 19
Player lose! Money: 238.0
========================
Round #113
Player cards: [♣T, ♠K], Bot cards:[♣9, ♦J]
Player points: [20, 20], Bot points:[19, 19]
Player point: 20, Bot point: 19
Player win! Money: 258.0
========================
Round #114
Player cards: [♠7, ♣Q], Bot cards:[♥8, ♣T]
Player points: [17, 17], Bot points:[18, 18]
Player point: 17, Bot point: 18
Player lose! Money: 238.0
========================
Round #115
Player cards: [♣4, ♠7], Bot cards:[♠4, ♥6]
Player points: [11, 11], Bot points:[10, 10]
----- Double Bet! -----
Player get one more card ♠6
Bot get one more card ♦Q
Player point: 17, Bot point: 20
Player lose! Money: 198.0
========================
Round #116
Player cards: [♠3, ♦8], Bot cards:[♠3, ♠J]
Player points: [11, 11], Bot points:[13, 13]
----- Double Bet! -----
Player get one more card ♠J
Bot get one more card ♣A
Bot get one more card ♣J
Player point: 21, Bot point: 24
Player win! Money: 238.0
========================
Round #117
Player cards: [♦7, ♠K], Bot cards:[♦6, ♥9]
Player points: [17, 17], Bot points:[15, 15]
Bot get one more card ♦4
Player point: 17, Bot point: 19
Player lose! Money: 218.0
========================
Round #118
Player cards: [♦3, ♠8], Bot cards:[♥J, ♦K]
Player points: [11, 11], Bot points:[20, 20]
----- Double Bet! -----
Player get one more card ♣K
Player point: 21, Bot point: 20
Player win! Money: 258.0
========================
Round #119
Player cards: [♣8, ♥K], Bot cards:[♥5, ♥A]
Player points: [18, 18], Bot points:[6, 16]
Bot get one more card ♣J
Bot get one more card ♣3
Player point: 18, Bot point: 19
Player lose! Money: 238.0
========================
Round #120
Player cards: [♠5, ♥Q], Bot cards:[♥6, ♠8]
Player points: [15, 15], Bot points:[14, 14]
Bot get one more card ♥5
Player point: 15, Bot point: 19
Player lose! Money: 218.0
========================
Round #121
Player cards: [♥3, ♦T], Bot cards:[♦3, ♦A]
Player points: [13, 13], Bot points:[4, 14]
Bot get one more card ♦2
Bot get one more card ♠6
Bot get one more card ♣2
Bot get one more card ♠5
Player point: 13, Bot point: 19
Player lose! Money: 198.0
========================
Round #122
Player cards: [♥6, ♦7], Bot cards:[♥2, ♣7]
Player points: [13, 13], Bot points:[9, 9]
Bot get one more card ♣5
Bot get one more card ♠5
Player point: 13, Bot point: 19
Player lose! Money: 178.0
========================
Round #123
Player cards: [♣6, ♣A], Bot cards:[♣4, ♠A]
Player points: [7, 17], Bot points:[5, 15]
Bot get one more card ♥2
Bot get one more card ♦2
Bot get one more card ♦7
Bot get one more card ♠T
Player point: 17, Bot point: 26
Player win! Money: 198.0
========================
Round #124
Player cards: [♥4, ♦K], Bot cards:[♣5, ♥J]
Player points: [14, 14], Bot points:[15, 15]
Bot get one more card ♣J
Player point: 14, Bot point: 25
Player win! Money: 218.0
========================
Round #125
Player cards: [♥9, ♣K], Bot cards:[♥3, ♠A]
Player points: [19, 19], Bot points:[4, 14]
Bot get one more card ♥8
Bot get one more card ♦Q
Player point: 19, Bot point: 22
Player win! Money: 238.0
========================
Round #126
Player cards: [♠3, ♦8], Bot cards:[♦3, ♦J]
Player points: [11, 11], Bot points:[13, 13]
----- Double Bet! -----
Player get one more card ♠7
Bot get one more card ♠7
Player point: 18, Bot point: 20
Player lose! Money: 198.0
========================
Round #127
Player cards: [♣9, ♦K], Bot cards:[♥5, ♠9]
Player points: [19, 19], Bot points:[14, 14]
Bot get one more card ♣4
Player point: 19, Bot point: 18
Player win! Money: 218.0
========================
Round #128
Player cards: [♦6, ♦T], Bot cards:[♠5, ♣Q]
Player points: [16, 16], Bot points:[15, 15]
Bot get one more card ♠4
Player point: 16, Bot point: 19
Player lose! Money: 198.0
========================
Round #129
Player cards: [♥Q, ♦A], Bot cards:[♠6, ♠J]
Player points: [11, 21], Bot points:[16, 16]
Bot get one more card ♦J
Player point: 21, Bot point: 26
------ BlackJack!! ------
Player win! Money: 224.0
========================
Round #130
Player cards: [♣3, ♥J], Bot cards:[♦3, ♦5]
Player points: [13, 13], Bot points:[8, 8]
Bot get one more card ♥9
Player point: 13, Bot point: 17
Player lose! Money: 204.0
========================
Round #131
Player cards: [♠2, ♦4], Bot cards:[♣8, ♦Q]
Player points: [6, 6], Bot points:[18, 18]
Player get one more card ♠9
Player get one more card ♠8
Player point: 23, Bot point: 18
Player lose! Money: 184.0
========================
Round #132
Player cards: [♥3, ♥K], Bot cards:[♥4, ♦T]
Player points: [13, 13], Bot points:[14, 14]
Bot get one more card ♣2
Bot get one more card ♦4
Player point: 13, Bot point: 20
Player lose! Money: 164.0
========================
Round #133
Player cards: [♦2, ♥A], Bot cards:[♠6, ♥Q]
Player points: [3, 13], Bot points:[16, 16]
Bot get one more card ♣K
Player point: 13, Bot point: 26
Player win! Money: 184.0
========================
Round #134
Player cards: [♦7, ♣8], Bot cards:[♦9, ♥J]
Player points: [15, 15], Bot points:[19, 19]
Player get one more card ♣Q
Player point: 25, Bot point: 19
Player lose! Money: 164.0
========================
Round #135
Player cards: [♣7, ♦Q], Bot cards:[♣Q, ♣A]
Player points: [17, 17], Bot points:[11, 21]
Bot get one more card ♠9
Player point: 17, Bot point: 20
Player lose! Money: 144.0
========================
Round #136
Player cards: [♣T, ♠A], Bot cards:[♥T, ♦J]
Player points: [11, 21], Bot points:[20, 20]
Player point: 21, Bot point: 20
------ BlackJack!! ------
Player win! Money: 170.0
========================
Round #137
Player cards: [♣6, ♣8], Bot cards:[♠2, ♠T]
Player points: [14, 14], Bot points:[12, 12]
Bot get one more card ♥2
Bot get one more card ♦A
Bot get one more card ♣3
Player point: 14, Bot point: 18
Player lose! Money: 150.0
========================
Round #138
Player cards: [♦Q, ♥A], Bot cards:[♥7, ♣K]
Player points: [11, 21], Bot points:[17, 17]
Player point: 21, Bot point: 17
------ BlackJack!! ------
Player win! Money: 176.0
========================
Round #139
Player cards: [♠9, ♥T], Bot cards:[♥5, ♥8]
Player points: [19, 19], Bot points:[13, 13]
Bot get one more card ♥9
Player point: 19, Bot point: 22
Player win! Money: 196.0
========================
Round #140
Player cards: [♣5, ♠J], Bot cards:[♥6, ♦9]
Player points: [15, 15], Bot points:[15, 15]
Bot get one more card ♥K
Player point: 15, Bot point: 25
Player win! Money: 216.0
========================
Round #141
Player cards: [♥3, ♠8], Bot cards:[♣2, ♣3]
Player points: [11, 11], Bot points:[5, 5]
----- Double Bet! -----
Player get one more card ♥T
Bot get one more card ♥Q
Bot get one more card ♠Q
Player point: 21, Bot point: 25
Player win! Money: 256.0
========================
Round #142
Player cards: [♠7, ♠Q], Bot cards:[♥4, ♠4]
Player points: [17, 17], Bot points:[8, 8]
Bot get one more card ♦K
Player point: 17, Bot point: 18
Player lose! Money: 236.0
========================
Round #143
Player cards: [♦5, ♣8], Bot cards:[♥4, ♠Q]
Player points: [13, 13], Bot points:[14, 14]
Bot get one more card ♦5
Player point: 13, Bot point: 19
Player lose! Money: 216.0
========================
Round #144
Player cards: [♣J, ♠A], Bot cards:[♦9, ♦9]
Player points: [11, 21], Bot points:[18, 18]
Player point: 21, Bot point: 18
------ BlackJack!! ------
Player win! Money: 242.0
========================
Round #145
Player cards: [♣2, ♦6], Bot cards:[♣6, ♠T]
Player points: [8, 8], Bot points:[16, 16]
Player get one more card ♣Q
Bot get one more card ♣9
Player point: 18, Bot point: 25
Player win! Money: 262.0
========================
Round #146
New deck
Player cards: [♦3, ♦A], Bot cards:[♦3, ♥9]
Player points: [4, 14], Bot points:[12, 12]
Bot get one more card ♣A
Bot get one more card ♣3
Bot get one more card ♦2
Player point: 14, Bot point: 18
Player lose! Money: 242.0
========================
Round #147
Player cards: [♦2, ♣7], Bot cards:[♦8, ♠Q]
Player points: [9, 9], Bot points:[18, 18]
Player get one more card ♣5
Player get one more card ♣4
Player point: 18, Bot point: 18
Draw! Money:242.0
========================
Round #148
Player cards: [♥2, ♣6], Bot cards:[♣7, ♦9]
Player points: [8, 8], Bot points:[16, 16]
Player get one more card ♥8
Player get one more card ♣2
Bot get one more card ♠Q
Player point: 18, Bot point: 26
Player win! Money: 262.0
========================
Round #149
Player cards: [♥3, ♥6], Bot cards:[♦6, ♥9]
Player points: [9, 9], Bot points:[15, 15]
----- Double Bet! -----
Player get one more card ♦6
Bot get one more card ♠T
Player point: 15, Bot point: 25
Player win! Money: 302.0
========================
Round #150
Player cards: [♣T, ♦Q], Bot cards:[♠5, ♥T]
Player points: [20, 20], Bot points:[15, 15]
Bot get one more card ♣8
Player point: 20, Bot point: 23
Player win! Money: 322.0
========================
Round #151
Player cards: [♣4, ♥J], Bot cards:[♦Q, ♣A]
Player points: [14, 14], Bot points:[11, 21]
Player get one more card ♠6
Bot get one more card ♥5
Bot get one more card ♣K
Player point: 20, Bot point: 26
Player win! Money: 342.0
========================
Round #152
Player cards: [♥2, ♥7], Bot cards:[♣3, ♠K]
Player points: [9, 9], Bot points:[13, 13]
----- Double Bet! -----
Player get one more card ♣A
Bot get one more card ♥J
Player point: 20, Bot point: 23
Player win! Money: 382.0
========================
Round #153
Player cards: [♥Q, ♣K], Bot cards:[♥3, ♠7]
Player points: [20, 20], Bot points:[10, 10]
Bot get one more card ♠K
Player point: 20, Bot point: 20
Draw! Money:382.0
========================
Round #154
Player cards: [♦5, ♠T], Bot cards:[♦4, ♠K]
Player points: [15, 15], Bot points:[14, 14]
Bot get one more card ♦7
Player point: 15, Bot point: 21
Player lose! Money: 362.0
========================
Round #155
Player cards: [♥4, ♠9], Bot cards:[♠5, ♣J]
Player points: [13, 13], Bot points:[15, 15]
Bot get one more card ♣Q
Player point: 13, Bot point: 25
Player win! Money: 382.0
========================
Round #156
Player cards: [♣2, ♦7], Bot cards:[♣5, ♥T]
Player points: [9, 9], Bot points:[15, 15]
----- Double Bet! -----
Player get one more card ♠3
Bot get one more card ♣7
Player point: 12, Bot point: 22
Player win! Money: 422.0
========================
Round #157
Player cards: [♠4, ♥J], Bot cards:[♥6, ♠Q]
Player points: [14, 14], Bot points:[16, 16]
Bot get one more card ♥K
Player point: 14, Bot point: 26
Player win! Money: 442.0
========================
Round #158
Player cards: [♥T, ♠J], Bot cards:[♥3, ♣5]
Player points: [20, 20], Bot points:[8, 8]
Bot get one more card ♦T
Player point: 20, Bot point: 18
Player win! Money: 462.0
========================
Round #159
Player cards: [♠7, ♠J], Bot cards:[♠7, ♣8]
Player points: [17, 17], Bot points:[15, 15]
Bot get one more card ♦9
Player point: 17, Bot point: 24
Player win! Money: 482.0
========================
Round #160
Player cards: [♥7, ♦J], Bot cards:[♠3, ♥4]
Player points: [17, 17], Bot points:[7, 7]
Bot get one more card ♣J
Player point: 17, Bot point: 17
Draw! Money:482.0
========================
Round #161
Player cards: [♦8, ♠8], Bot cards:[♠8, ♥A]
Player points: [16, 16], Bot points:[9, 19]
-------- Split! Two hands: [17, 17], [17, 17]
For second hand:
Bot get one more card ♦J
Player point: 17, Bot point: 19
Player lose! Money: 462.0
========================
Player point: 17, Bot point: 19
Player lose! Money: 442.0
========================
Round #162
Player cards: [♥7, ♥8], Bot cards:[♣6, ♥A]
Player points: [15, 15], Bot points:[7, 17]
Bot get one more card ♦A
Bot get one more card ♣6
Bot get one more card ♦J
Player point: 15, Bot point: 24
Player win! Money: 462.0
========================
Round #163
Player cards: [♠2, ♠T], Bot cards:[♣3, ♥Q]
Player points: [12, 12], Bot points:[13, 13]
Player get one more card ♥K
Bot get one more card ♦5
Player point: 22, Bot point: 18
Player lose! Money: 442.0
========================
Round #164
Player cards: [♥6, ♥8], Bot cards:[♥2, ♠9]
Player points: [14, 14], Bot points:[11, 11]
Bot get one more card ♥A
Bot get one more card ♥T
Player point: 14, Bot point: 22
Player win! Money: 462.0
========================
Round #165
Player cards: [♥7, ♦9], Bot cards:[♥K, ♠A]
Player points: [16, 16], Bot points:[11, 21]
Player get one more card ♣T
Bot get one more card ♥4
Bot get one more card ♣6
Player point: 26, Bot point: 21
Player lose! Money: 442.0
========================
Round #166
Player cards: [♦6, ♠K], Bot cards:[♠8, ♦Q]
Player points: [16, 16], Bot points:[18, 18]
Player get one more card ♥7
Player point: 23, Bot point: 18
Player lose! Money: 422.0
========================
Round #167
Player cards: [♣7, ♣Q], Bot cards:[♠2, ♥Q]
Player points: [17, 17], Bot points:[12, 12]
Bot get one more card ♦Q
Player point: 17, Bot point: 22
Player win! Money: 442.0
========================
Round #168
Player cards: [♦J, ♥Q], Bot cards:[♣Q, ♠Q]
Player points: [20, 20], Bot points:[20, 20]
Player point: 20, Bot point: 20
Draw! Money:442.0
========================
Round #169
Player cards: [♠2, ♣T], Bot cards:[♠8, ♦A]
Player points: [12, 12], Bot points:[9, 19]
Player get one more card ♦A
Player get one more card ♠5
Bot get one more card ♦5
Bot get one more card ♠9
Player point: 18, Bot point: 23
Player win! Money: 462.0
========================
Round #170
Player cards: [♥5, ♠J], Bot cards:[♠2, ♣9]
Player points: [15, 15], Bot points:[11, 11]
Bot get one more card ♣J
Player point: 15, Bot point: 21
Player lose! Money: 442.0
========================
Round #171
Player cards: [♦3, ♠6], Bot cards:[♦6, ♥A]
Player points: [9, 9], Bot points:[7, 17]
----- Double Bet! -----
Player get one more card ♠4
Bot get one more card ♦4
Bot get one more card ♣A
Bot get one more card ♦4
Bot get one more card ♥K
Player point: 13, Bot point: 26
Player win! Money: 482.0
========================
Round #172
Player cards: [♠5, ♣J], Bot cards:[♠4, ♠K]
Player points: [15, 15], Bot points:[14, 14]
Bot get one more card ♦T
Player point: 15, Bot point: 24
Player win! Money: 502.0
========================
Round #173
Player cards: [♦8, ♥8], Bot cards:[♠3, ♥9]
Player points: [16, 16], Bot points:[12, 12]
-------- Split! Two hands: [18, 18], [18, 18]
For second hand:
Bot get one more card ♣4
Bot get one more card ♥5
Player point: 18, Bot point: 21
Player lose! Money: 482.0
========================
Player point: 18, Bot point: 21
Player lose! Money: 462.0
========================
Round #174
Player cards: [♥2, ♣8], Bot cards:[♦3, ♦K]
Player points: [10, 10], Bot points:[13, 13]
----- Double Bet! -----
Player get one more card ♠T
Bot get one more card ♠A
Bot get one more card ♦7
Player point: 20, Bot point: 21
Player lose! Money: 422.0
========================
Round #175
Player cards: [♣3, ♦K], Bot cards:[♦5, ♣T]
Player points: [13, 13], Bot points:[15, 15]
Bot get one more card ♠J
Player point: 13, Bot point: 25
Player win! Money: 442.0
========================
Round #176
Player cards: [♣5, ♠A], Bot cards:[♦7, ♠A]
Player points: [6, 16], Bot points:[8, 18]
Player get one more card ♦K
Player get one more card ♦2
Bot get one more card ♠3
Bot get one more card ♦8
Player point: 18, Bot point: 19
Player lose! Money: 422.0
========================
Round #177
Player cards: [♦2, ♠6], Bot cards:[♠4, ♠7]
Player points: [8, 8], Bot points:[11, 11]
Player get one more card ♥3
Player get one more card ♦9
Bot get one more card ♣2
Bot get one more card ♥9
Player point: 20, Bot point: 22
Player win! Money: 442.0
========================
Round #178
Player cards: [♠9, ♠K], Bot cards:[♥6, ♣9]
Player points: [19, 19], Bot points:[15, 15]
Bot get one more card ♥7
Player point: 19, Bot point: 22
Player win! Money: 462.0
========================
Round #179
Player cards: [♣4, ♠6], Bot cards:[♦4, ♣8]
Player points: [10, 10], Bot points:[12, 12]
----- Double Bet! -----
Player get one more card ♦T
Bot get one more card ♥4
Bot get one more card ♣K
Player point: 20, Bot point: 26
Player win! Money: 502.0
========================
Round #180
New deck
Player cards: [♥3, ♠4], Bot cards:[♠2, ♥7]
Player points: [7, 7], Bot points:[9, 9]
Player get one more card ♥T
Bot get one more card ♥9
Player point: 17, Bot point: 18
Player lose! Money: 482.0
========================
Round #181
Player cards: [♦J, ♥K], Bot cards:[♣8, ♠Q]
Player points: [20, 20], Bot points:[18, 18]
Player point: 20, Bot point: 18
Player win! Money: 502.0
========================
Round #182
Player cards: [♥2, ♠T], Bot cards:[♥4, ♣9]
Player points: [12, 12], Bot points:[13, 13]
Bot get one more card ♦3
Bot get one more card ♣2
Player point: 12, Bot point: 18
Player lose! Money: 482.0
========================
Round #183
Player cards: [♦3, ♦K], Bot cards:[♥6, ♣T]
Player points: [13, 13], Bot points:[16, 16]
Bot get one more card ♥K
Player point: 13, Bot point: 26
Player win! Money: 502.0
========================
Round #184
Player cards: [♣T, ♠Q], Bot cards:[♠5, ♠K]
Player points: [20, 20], Bot points:[15, 15]
Bot get one more card ♣K
Player point: 20, Bot point: 25
Player win! Money: 522.0
========================
Round #185
Player cards: [♣3, ♠6], Bot cards:[♣8, ♣J]
Player points: [9, 9], Bot points:[18, 18]
Player get one more card ♦T
Player point: 19, Bot point: 18
Player win! Money: 542.0
========================
Round #186
Player cards: [♦2, ♣3], Bot cards:[♣2, ♥T]
Player points: [5, 5], Bot points:[12, 12]
Player get one more card ♥J
Bot get one more card ♠J
Player point: 15, Bot point: 22
Player win! Money: 562.0
========================
Round #187
Player cards: [♦5, ♥7], Bot cards:[♠7, ♥T]
Player points: [12, 12], Bot points:[17, 17]
Player get one more card ♣J
Player point: 22, Bot point: 17
Player lose! Money: 542.0
========================
Round #188
Player cards: [♠7, ♣K], Bot cards:[♦J, ♣K]
Player points: [17, 17], Bot points:[20, 20]
Player point: 17, Bot point: 20
Player lose! Money: 522.0
========================
Round #189
Player cards: [♥6, ♦7], Bot cards:[♣T, ♥Q]
Player points: [13, 13], Bot points:[20, 20]
Player get one more card ♣J
Player point: 23, Bot point: 20
Player lose! Money: 502.0
========================
Round #190
Player cards: [♦6, ♦A], Bot cards:[♣7, ♦T]
Player points: [7, 17], Bot points:[17, 17]
Player point: 17, Bot point: 17
Draw! Money:502.0
========================
Round #191
Player cards: [♦2, ♥3], Bot cards:[♣6, ♥8]
Player points: [5, 5], Bot points:[14, 14]
Player get one more card ♣A
Bot get one more card ♥K
Player point: 16, Bot point: 24
Player win! Money: 522.0
========================
Round #192
Player cards: [♦7, ♠K], Bot cards:[♠9, ♠J]
Player points: [17, 17], Bot points:[19, 19]
Player point: 17, Bot point: 19
Player lose! Money: 502.0
========================
Round #193
Player cards: [♠4, ♥5], Bot cards:[♣6, ♦9]
Player points: [9, 9], Bot points:[15, 15]
----- Double Bet! -----
Player get one more card ♠Q
Bot get one more card ♠9
Player point: 19, Bot point: 24
Player win! Money: 542.0
========================
Round #194
Player cards: [♠2, ♦4], Bot cards:[♣7, ♠8]
Player points: [6, 6], Bot points:[15, 15]
Player get one more card ♠8
Player get one more card ♦Q
Bot get one more card ♣6
Player point: 24, Bot point: 21
Player lose! Money: 522.0
========================
Round #195
Player cards: [♣2, ♣6], Bot cards:[♦5, ♥A]
Player points: [8, 8], Bot points:[6, 16]
Player get one more card ♥3
Player get one more card ♦Q
Bot get one more card ♠K
Bot get one more card ♣2
Player point: 21, Bot point: 18
Player win! Money: 542.0
========================
Round #196
Player cards: [♦3, ♥9], Bot cards:[♦4, ♦6]
Player points: [12, 12], Bot points:[10, 10]
Bot get one more card ♠7
Player point: 12, Bot point: 17
Player lose! Money: 522.0
========================
Round #197
Player cards: [♥7, ♦T], Bot cards:[♥K, ♣A]
Player points: [17, 17], Bot points:[11, 21]
Bot get one more card ♣A
Bot get one more card ♥A
Bot get one more card ♦K
Player point: 17, Bot point: 23
Player win! Money: 542.0
========================
Round #198
Player cards: [♣9, ♣K], Bot cards:[♣4, ♥T]
Player points: [19, 19], Bot points:[14, 14]
Bot get one more card ♥6
Player point: 19, Bot point: 20
Player lose! Money: 522.0
========================
Round #199
Player cards: [♥4, ♦Q], Bot cards:[♦T, ♣Q]
Player points: [14, 14], Bot points:[20, 20]
Player get one more card ♥J
Player point: 24, Bot point: 20
Player lose! Money: 502.0
========================
Round #200
Player cards: [♣4, ♥A], Bot cards:[♠3, ♥4]
Player points: [5, 15], Bot points:[7, 7]
Bot get one more card ♠2
Bot get one more card ♥7
Bot get one more card ♥5
Player point: 15, Bot point: 21
Player lose! Money: 482.0
========================
Round #201
Player cards: [♣8, ♠A], Bot cards:[♠J, ♣Q]
Player points: [9, 19], Bot points:[20, 20]
Player point: 19, Bot point: 20
Player lose! Money: 462.0
========================
Round #202
Player cards: [♦5, ♣5], Bot cards:[♦7, ♠8]
Player points: [10, 10], Bot points:[15, 15]
----- Double Bet! -----
Player get one more card ♠2
Bot get one more card ♣Q
Player point: 12, Bot point: 25
Player win! Money: 502.0
========================
Round #203
Player cards: [♦5, ♦J], Bot cards:[♣3, ♣T]
Player points: [15, 15], Bot points:[13, 13]
Bot get one more card ♣Q
Player point: 15, Bot point: 23
Player win! Money: 522.0
========================
Round #204
Player cards: [♦9, ♣K], Bot cards:[♥3, ♥8]
Player points: [19, 19], Bot points:[11, 11]
Bot get one more card ♠7
Player point: 19, Bot point: 18
Player win! Money: 542.0
========================
Round #205
Player cards: [♦4, ♠J], Bot cards:[♥5, ♦8]
Player points: [14, 14], Bot points:[13, 13]
Bot get one more card ♦9
Player point: 14, Bot point: 22
Player win! Money: 562.0
========================
Round #206
Player cards: [♠5, ♥8], Bot cards:[♦3, ♦9]
Player points: [13, 13], Bot points:[12, 12]
Bot get one more card ♣5
Player point: 13, Bot point: 17
Player lose! Money: 542.0
========================
Round #207
Player cards: [♥2, ♠6], Bot cards:[♠3, ♠9]
Player points: [8, 8], Bot points:[12, 12]
Player get one more card ♠5
Bot get one more card ♥J
Player point: 13, Bot point: 22
Player win! Money: 562.0
========================
Round #208
Player cards: [♠5, ♥Q], Bot cards:[♠8, ♠9]
Player points: [15, 15], Bot points:[17, 17]
Player get one more card ♦T
Player point: 25, Bot point: 17
Player lose! Money: 542.0
========================
Round #209
Player cards: [♣3, ♣9], Bot cards:[♥J, ♥Q]
Player points: [12, 12], Bot points:[20, 20]
Player get one more card ♥2
Player get one more card ♦2
Player get one more card ♦6
Player point: 22, Bot point: 20
Player lose! Money: 522.0
========================
Round #210
Player cards: [♥4, ♦J], Bot cards:[♦8, ♣8]
Player points: [14, 14], Bot points:[16, 16]
Player get one more card ♠3
Bot get one more card ♠A
Player point: 17, Bot point: 17
Draw! Money:522.0
========================
Round #211
Player cards: [♠6, ♠T], Bot cards:[♣7, ♠Q]
Player points: [16, 16], Bot points:[17, 17]
Player get one more card ♠4
Player point: 20, Bot point: 17
Player win! Money: 542.0
========================
Round #212
Player cards: [♦8, ♥A], Bot cards:[♣J, ♣A]
Player points: [9, 19], Bot points:[11, 21]
Bot get one more card ♠K
Player point: 19, Bot point: 21
Player lose! Money: 522.0
========================
Round #213
Player cards: [♣2, ♠3], Bot cards:[♣9, ♥J]
Player points: [5, 5], Bot points:[19, 19]
Player get one more card ♣7
Player get one more card ♦2
Player get one more card ♣5
Player point: 19, Bot point: 19
Draw! Money:522.0
========================
Round #214
Player cards: [♣4, ♦Q], Bot cards:[♦7, ♠A]
Player points: [14, 14], Bot points:[8, 18]
Player get one more card ♠A
Player get one more card ♥8
Bot get one more card ♣5
Bot get one more card ♣4
Player point: 23, Bot point: 17
Player lose! Money: 502.0
========================
Round #215
Player cards: [♦4, ♥9], Bot cards:[♥5, ♦A]
Player points: [13, 13], Bot points:[6, 16]
Bot get one more card ♥6
Bot get one more card ♠T
Player point: 13, Bot point: 22
Player win! Money: 522.0
========================
Round #216
Player cards: [♥2, ♦K], Bot cards:[♠4, ♦6]
Player points: [12, 12], Bot points:[10, 10]
Bot get one more card ♦A
Bot get one more card ♦K
Player point: 12, Bot point: 21
Player lose! Money: 502.0
========================
Round #217
New deck
Player cards: [♣5, ♥K], Bot cards:[♠8, ♣K]
Player points: [15, 15], Bot points:[18, 18]
Player get one more card ♠J
Player point: 25, Bot point: 18
Player lose! Money: 482.0
========================
Round #218
Player cards: [♠5, ♠9], Bot cards:[♦2, ♥8]
Player points: [14, 14], Bot points:[10, 10]
Bot get one more card ♥T
Player point: 14, Bot point: 20
Player lose! Money: 462.0
========================
Round #219
Player cards: [♥6, ♦T], Bot cards:[♥5, ♠7]
Player points: [16, 16], Bot points:[12, 12]
Bot get one more card ♠9
Player point: 16, Bot point: 21
Player lose! Money: 442.0
========================
Round #220
Player cards: [♥7, ♠8], Bot cards:[♦6, ♣Q]
Player points: [15, 15], Bot points:[16, 16]
Bot get one more card ♦4
Player point: 15, Bot point: 20
Player lose! Money: 422.0
========================
Round #221
Player cards: [♠2, ♦T], Bot cards:[♦7, ♠Q]
Player points: [12, 12], Bot points:[17, 17]
Player get one more card ♠K
Player point: 22, Bot point: 17
Player lose! Money: 402.0
========================
Round #222
Player cards: [♦2, ♦J], Bot cards:[♦3, ♥Q]
Player points: [12, 12], Bot points:[13, 13]
Player get one more card ♥Q
Bot get one more card ♠8
Player point: 22, Bot point: 21
Player lose! Money: 382.0
========================
Round #223
Player cards: [♠6, ♥T], Bot cards:[♣2, ♦5]
Player points: [16, 16], Bot points:[7, 7]
Bot get one more card ♣4
Bot get one more card ♠4
Bot get one more card ♣4
Player point: 16, Bot point: 19
Player lose! Money: 362.0
========================
Round #224
Player cards: [♥J, ♦A], Bot cards:[♣7, ♣T]
Player points: [11, 21], Bot points:[17, 17]
Player point: 21, Bot point: 17
------ BlackJack!! ------
Player win! Money: 388.0
========================
Round #225
Player cards: [♣8, ♥A], Bot cards:[♠T, ♦A]
Player points: [9, 19], Bot points:[11, 21]
Bot get one more card ♣8
Player point: 19, Bot point: 19
Draw! Money:388.0
========================
Round #226
Player cards: [♣7, ♥T], Bot cards:[♠3, ♦Q]
Player points: [17, 17], Bot points:[13, 13]
Bot get one more card ♥8
Player point: 17, Bot point: 21
Player lose! Money: 368.0
========================
Round #227
Player cards: [♣4, ♠6], Bot cards:[♣5, ♥9]
Player points: [10, 10], Bot points:[14, 14]
----- Double Bet! -----
Player get one more card ♠3
Bot get one more card ♣J
Player point: 13, Bot point: 24
Player win! Money: 408.0
========================
Round #228
Player cards: [♥3, ♣A], Bot cards:[♠Q, ♠K]
Player points: [4, 14], Bot points:[20, 20]
Player get one more card ♣3
Player point: 17, Bot point: 20
Player lose! Money: 388.0
========================
Round #229
Player cards: [♣6, ♠7], Bot cards:[♦8, ♦K]
Player points: [13, 13], Bot points:[18, 18]
Player get one more card ♠6
Player point: 19, Bot point: 18
Player win! Money: 408.0
========================
Round #230
Player cards: [♣3, ♦5], Bot cards:[♠Q, ♣A]
Player points: [8, 8], Bot points:[11, 21]
Player get one more card ♣5
Player get one more card ♣6
Bot get one more card ♣6
Player point: 19, Bot point: 17
Player win! Money: 428.0
========================
Round #231
Player cards: [♠9, ♠Q], Bot cards:[♦6, ♦8]
Player points: [19, 19], Bot points:[14, 14]
Bot get one more card ♦5
Player point: 19, Bot point: 19
Draw! Money:428.0
========================
Round #232
Player cards: [♣8, ♦J], Bot cards:[♥5, ♥9]
Player points: [18, 18], Bot points:[14, 14]
Bot get one more card ♥3
Player point: 18, Bot point: 17
Player win! Money: 448.0
========================
Round #233
Player cards: [♣J, ♦K], Bot cards:[♣2, ♦4]
Player points: [20, 20], Bot points:[6, 6]
Bot get one more card ♥J
Bot get one more card ♣4
Player point: 20, Bot point: 20
Draw! Money:448.0
========================
Round #234
Player cards: [♥2, ♣2], Bot cards:[♦2, ♠K]
Player points: [4, 4], Bot points:[12, 12]
Player get one more card ♣J
Bot get one more card ♠4
Bot get one more card ♥8
Player point: 14, Bot point: 24
Player win! Money: 468.0
========================
Round #235
Player cards: [♥3, ♣A], Bot cards:[♠8, ♠K]
Player points: [4, 14], Bot points:[18, 18]
Player get one more card ♠T
Player get one more card ♠T
Player point: 24, Bot point: 18
Player lose! Money: 448.0
========================
Round #236
Player cards: [♥3, ♦Q], Bot cards:[♥4, ♦9]
Player points: [13, 13], Bot points:[13, 13]
Bot get one more card ♦K
Player point: 13, Bot point: 23
Player win! Money: 468.0
========================
Round #237
Player cards: [♥2, ♥Q], Bot cards:[♥2, ♣9]
Player points: [12, 12], Bot points:[11, 11]
Player get one more card ♥T
Bot get one more card ♣Q
Player point: 22, Bot point: 21
Player lose! Money: 448.0
========================
Round #238
Player cards: [♣3, ♥4], Bot cards:[♥4, ♦J]
Player points: [7, 7], Bot points:[14, 14]
Player get one more card ♥A
Bot get one more card ♦7
Player point: 18, Bot point: 21
Player lose! Money: 428.0
========================
Round #239
Player cards: [♦4, ♣T], Bot cards:[♠6, ♣T]
Player points: [14, 14], Bot points:[16, 16]
Bot get one more card ♦K
Player point: 14, Bot point: 26
Player win! Money: 448.0
========================
Round #240
Player cards: [♠5, ♥K], Bot cards:[♥2, ♦T]
Player points: [15, 15], Bot points:[12, 12]
Bot get one more card ♥A
Bot get one more card ♠9
Player point: 15, Bot point: 22
Player win! Money: 468.0
========================
Round #241
Player cards: [♣3, ♣Q], Bot cards:[♥5, ♦Q]
Player points: [13, 13], Bot points:[15, 15]
Bot get one more card ♦3
Player point: 13, Bot point: 18
Player lose! Money: 448.0
========================
Round #242
Player cards: [♥6, ♣K], Bot cards:[♥9, ♣A]
Player points: [16, 16], Bot points:[10, 20]
Player get one more card ♥5
Bot get one more card ♦3
Bot get one more card ♥Q
Player point: 21, Bot point: 23
Player win! Money: 468.0
========================
Round #243
Player cards: [♥5, ♠J], Bot cards:[♣2, ♥8]
Player points: [15, 15], Bot points:[10, 10]
Bot get one more card ♥9
Player point: 15, Bot point: 19
Player lose! Money: 448.0
========================
Round #244
Player cards: [♠2, ♦A], Bot cards:[♠3, ♦8]
Player points: [3, 13], Bot points:[11, 11]
Bot get one more card ♦7
Player point: 13, Bot point: 18
Player lose! Money: 428.0
========================
Round #245
Player cards: [♣6, ♠7], Bot cards:[♠3, ♠5]
Player points: [13, 13], Bot points:[8, 8]
Bot get one more card ♠T
Player point: 13, Bot point: 18
Player lose! Money: 408.0
========================
Round #246
Player cards: [♠2, ♣9], Bot cards:[♠4, ♥7]
Player points: [11, 11], Bot points:[11, 11]
----- Double Bet! -----
Player get one more card ♣T
Bot get one more card ♥7
Player point: 21, Bot point: 18
Player win! Money: 448.0
========================
Round #247
Player cards: [♦8, ♣9], Bot cards:[♦6, ♦9]
Player points: [17, 17], Bot points:[15, 15]
Bot get one more card ♠J
Player point: 17, Bot point: 25
Player win! Money: 468.0
========================
Round #248
Player cards: [♥9, ♥Q], Bot cards:[♣9, ♠A]
Player points: [19, 19], Bot points:[10, 20]
Bot get one more card ♥4
Bot get one more card ♣J
Player point: 19, Bot point: 24
Player win! Money: 488.0
========================
Round #249
Player cards: [♥6, ♥J], Bot cards:[♣7, ♦A]
Player points: [16, 16], Bot points:[8, 18]
Player get one more card ♠4
Bot get one more card ♠2
Bot get one more card ♣Q
Player point: 20, Bot point: 20
Draw! Money:488.0
========================
Round #250
Player cards: [♣7, ♣K], Bot cards:[♠6, ♥A]
Player points: [17, 17], Bot points:[7, 17]
Bot get one more card ♦A
Bot get one more card ♦5
Bot get one more card ♦3
Bot get one more card ♥K
Player point: 17, Bot point: 26
Player win! Money: 508.0
========================
Round #251
Player cards: [♣8, ♦9], Bot cards:[♠T, ♣K]
Player points: [17, 17], Bot points:[20, 20]
Player point: 17, Bot point: 20
Player lose! Money: 488.0
========================
Round #252
Player cards: [♠5, ♦T], Bot cards:[♣5, ♦6]
Player points: [15, 15], Bot points:[11, 11]
Bot get one more card ♦4
Bot get one more card ♦Q
Player point: 15, Bot point: 25
Player win! Money: 508.0
========================
Round #253
Player cards: [♦8, ♥K], Bot cards:[♠A, ♠A]
Player points: [18, 18], Bot points:[2, 12]
Bot get one more card ♠7
Bot get one more card ♥6
Bot get one more card ♦J
Player point: 18, Bot point: 25
Player win! Money: 528.0
========================
Round #254
New deck
Player cards: [♣6, ♦9], Bot cards:[♥4, ♦9]
Player points: [15, 15], Bot points:[13, 13]
Bot get one more card ♦4
Player point: 15, Bot point: 17
Player lose! Money: 508.0
========================
Round #255
Player cards: [♥3, ♣K], Bot cards:[♣9, ♦J]
Player points: [13, 13], Bot points:[19, 19]
Player get one more card ♥A
Player get one more card ♣5
Player point: 19, Bot point: 19
Draw! Money:508.0
========================
Round #256
Player cards: [♦2, ♦8], Bot cards:[♦T, ♠A]
Player points: [10, 10], Bot points:[11, 21]
Player get one more card ♦5
Player get one more card ♠6
Bot get one more card ♥8
Player point: 21, Bot point: 19
Player win! Money: 528.0
========================
Round #257
Player cards: [♠3, ♠5], Bot cards:[♥Q, ♦Q]
Player points: [8, 8], Bot points:[20, 20]
Player get one more card ♦3
Player get one more card ♠A
Player point: 12, Bot point: 20
Player lose! Money: 508.0
========================
Round #258
Player cards: [♥2, ♥9], Bot cards:[♣3, ♥9]
Player points: [11, 11], Bot points:[12, 12]
----- Double Bet! -----
Player get one more card ♥3
Bot get one more card ♦Q
Player point: 14, Bot point: 22
Player win! Money: 548.0
========================
Round #259
Player cards: [♦7, ♠8], Bot cards:[♣J, ♣A]
Player points: [15, 15], Bot points:[11, 21]
Player get one more card ♣5
Bot get one more card ♥2
Bot get one more card ♣A
Bot get one more card ♣T
Player point: 20, Bot point: 24
Player win! Money: 568.0
========================
Round #260
Player cards: [♥6, ♦J], Bot cards:[♥3, ♥J]
Player points: [16, 16], Bot points:[13, 13]
Bot get one more card ♥A
Bot get one more card ♣2
Bot get one more card ♦T
Player point: 16, Bot point: 26
Player win! Money: 588.0
========================
Round #261
Player cards: [♣T, ♥Q], Bot cards:[♠K, ♣K]
Player points: [20, 20], Bot points:[20, 20]
Player point: 20, Bot point: 20
Draw! Money:588.0
========================
Round #262
Player cards: [♣7, ♦8], Bot cards:[♠3, ♦T]
Player points: [15, 15], Bot points:[13, 13]
Bot get one more card ♦2
Bot get one more card ♦4
Player point: 15, Bot point: 19
Player lose! Money: 568.0
========================
Round #263
Player cards: [♠7, ♣T], Bot cards:[♣7, ♦8]
Player points: [17, 17], Bot points:[15, 15]
Bot get one more card ♦5
Player point: 17, Bot point: 20
Player lose! Money: 548.0
========================
Round #264
Player cards: [♦7, ♣J], Bot cards:[♠9, ♣K]
Player points: [17, 17], Bot points:[19, 19]
Player point: 17, Bot point: 19
Player lose! Money: 528.0
========================
Round #265
Player cards: [♥2, ♠7], Bot cards:[♦3, ♣4]
Player points: [9, 9], Bot points:[7, 7]
----- Double Bet! -----
Player get one more card ♣6
Bot get one more card ♥3
Bot get one more card ♣A
Bot get one more card ♠J
Player point: 15, Bot point: 21
Player lose! Money: 488.0
========================
Round #266
Player cards: [♥6, ♥7], Bot cards:[♠6, ♥K]
Player points: [13, 13], Bot points:[16, 16]
Bot get one more card ♣5
Player point: 13, Bot point: 21
Player lose! Money: 468.0
========================
Round #267
Player cards: [♣4, ♥8], Bot cards:[♣4, ♥T]
Player points: [12, 12], Bot points:[14, 14]
Bot get one more card ♠T
Player point: 12, Bot point: 24
Player win! Money: 488.0
========================
Round #268
Player cards: [♥5, ♦K], Bot cards:[♠2, ♣9]
Player points: [15, 15], Bot points:[11, 11]
Bot get one more card ♣J
Player point: 15, Bot point: 21
Player lose! Money: 468.0
========================
Round #269
Player cards: [♥7, ♠Q], Bot cards:[♠4, ♦K]
Player points: [17, 17], Bot points:[14, 14]
Bot get one more card ♥A
Bot get one more card ♣3
Player point: 17, Bot point: 18
Player lose! Money: 448.0
========================
Round #270
Player cards: [♥2, ♦5], Bot cards:[♣9, ♦J]
Player points: [7, 7], Bot points:[19, 19]
Player get one more card ♠J
Player point: 17, Bot point: 19
Player lose! Money: 428.0
========================
Round #271
Player cards: [♠6, ♥Q], Bot cards:[♠5, ♦K]
Player points: [16, 16], Bot points:[15, 15]
Bot get one more card ♦6
Player point: 16, Bot point: 21
Player lose! Money: 408.0
========================
Round #272
Player cards: [♦6, ♣8], Bot cards:[♣4, ♥4]
Player points: [14, 14], Bot points:[8, 8]
Bot get one more card ♠6
Bot get one more card ♦A
Bot get one more card ♥5
Player point: 14, Bot point: 20
Player lose! Money: 388.0
========================
Round #273
Player cards: [♠2, ♥5], Bot cards:[♣2, ♠T]
Player points: [7, 7], Bot points:[12, 12]
Player get one more card ♣K
Bot get one more card ♥5
Player point: 17, Bot point: 17
Draw! Money:388.0
========================
Round #274
Player cards: [♠8, ♦A], Bot cards:[♣8, ♣Q]
Player points: [9, 19], Bot points:[18, 18]
Player point: 19, Bot point: 18
Player win! Money: 408.0
========================
Round #275
Player cards: [♠T, ♠A], Bot cards:[♦3, ♥Q]
Player points: [11, 21], Bot points:[13, 13]
Bot get one more card ♠T
Player point: 21, Bot point: 23
------ BlackJack!! ------
Player win! Money: 434.0
========================
Round #276
Player cards: [♣8, ♥T], Bot cards:[♠7, ♠A]
Player points: [18, 18], Bot points:[8, 18]
Bot get one more card ♠2
Bot get one more card ♠9
Player point: 18, Bot point: 19
Player lose! Money: 414.0
========================
Round #277
Player cards: [♥6, ♠8], Bot cards:[♥7, ♠K]
Player points: [14, 14], Bot points:[17, 17]
Player get one more card ♦4
Player point: 18, Bot point: 17
Player win! Money: 434.0
========================
Round #278
Player cards: [♦2, ♥J], Bot cards:[♠4, ♣Q]
Player points: [12, 12], Bot points:[14, 14]
Bot get one more card ♦7
Player point: 12, Bot point: 21
Player lose! Money: 414.0
========================
Round #279
Player cards: [♠5, ♥8], Bot cards:[♥J, ♦A]
Player points: [13, 13], Bot points:[11, 21]
Player get one more card ♦8
Bot get one more card ♥7
Player point: 21, Bot point: 18
Player win! Money: 434.0
========================
Round #280
Player cards: [♥4, ♣6], Bot cards:[♦4, ♦Q]
Player points: [10, 10], Bot points:[14, 14]
----- Double Bet! -----
Player get one more card ♠Q
Bot get one more card ♠4
Player point: 20, Bot point: 18
Player win! Money: 474.0
========================
Round #281
Player cards: [♦9, ♦Q], Bot cards:[♦2, ♣T]
Player points: [19, 19], Bot points:[12, 12]
Bot get one more card ♠3
Bot get one more card ♣Q
Player point: 19, Bot point: 25
Player win! Money: 494.0
========================
Round #282
Player cards: [♥8, ♥K], Bot cards:[♥7, ♠8]
Player points: [18, 18], Bot points:[15, 15]
Bot get one more card ♥T
Player point: 18, Bot point: 25
Player win! Money: 514.0
========================
Round #283
Player cards: [♠J, ♥A], Bot cards:[♠4, ♦7]
Player points: [11, 21], Bot points:[11, 11]
Bot get one more card ♦3
Bot get one more card ♣8
Player point: 21, Bot point: 22
------ BlackJack!! ------
Player win! Money: 540.0
========================
Round #284
Player cards: [♣3, ♦J], Bot cards:[♠K, ♣A]
Player points: [13, 13], Bot points:[11, 21]
Player get one more card ♠Q
Bot get one more card ♣6
Player point: 23, Bot point: 17
Player lose! Money: 520.0
========================
Round #285
Player cards: [♦T, ♦A], Bot cards:[♣J, ♥K]
Player points: [11, 21], Bot points:[20, 20]
Player point: 21, Bot point: 20
------ BlackJack!! ------
Player win! Money: 546.0
========================
Round #286
Player cards: [♦2, ♠A], Bot cards:[♦6, ♦7]
Player points: [3, 13], Bot points:[13, 13]
Bot get one more card ♥9
Player point: 13, Bot point: 22
Player win! Money: 566.0
========================
Round #287
Player cards: [♠7, ♦K], Bot cards:[♦5, ♠J]
Player points: [17, 17], Bot points:[15, 15]
Bot get one more card ♣2
Player point: 17, Bot point: 17
Draw! Money:566.0
========================
Round #288
Player cards: [♠9, ♥J], Bot cards:[♥T, ♠K]
Player points: [19, 19], Bot points:[20, 20]
Player point: 19, Bot point: 20
Player lose! Money: 546.0
========================
Round #289
Player cards: [♦9, ♠J], Bot cards:[♣7, ♣Q]
Player points: [19, 19], Bot points:[17, 17]
Player point: 19, Bot point: 17
Player win! Money: 566.0
========================
Round #290
Player cards: [♠3, ♥J], Bot cards:[♥4, ♥9]
Player points: [13, 13], Bot points:[13, 13]
Bot get one more card ♦9
Player point: 13, Bot point: 22
Player win! Money: 586.0
========================
Round #291
Player cards: [♦6, ♣9], Bot cards:[♠2, ♣5]
Player points: [15, 15], Bot points:[7, 7]
Bot get one more card ♠9
Bot get one more card ♠5
Player point: 15, Bot point: 21
Player lose! Money: 566.0
========================
Round #292
New deck
Player cards: [♣8, ♣T], Bot cards:[♦2, ♠2]
Player points: [18, 18], Bot points:[4, 4]
Bot get one more card ♣6
Bot get one more card ♥J
Player point: 18, Bot point: 20
Player lose! Money: 546.0
========================
Round #293
Player cards: [♥8, ♠Q], Bot cards:[♣5, ♥9]
Player points: [18, 18], Bot points:[14, 14]
Bot get one more card ♠A
Bot get one more card ♠4
Player point: 18, Bot point: 19
Player lose! Money: 526.0
========================
Round #294
Player cards: [♥3, ♣J], Bot cards:[♦Q, ♠K]
Player points: [13, 13], Bot points:[20, 20]
Player get one more card ♦5
Player point: 18, Bot point: 20
Player lose! Money: 506.0
========================
Round #295
Player cards: [♦4, ♦K], Bot cards:[♥5, ♦5]
Player points: [14, 14], Bot points:[10, 10]
Bot get one more card ♣Q
Player point: 14, Bot point: 20
Player lose! Money: 486.0
========================
Round #296
Player cards: [♠5, ♥7], Bot cards:[♣4, ♦6]
Player points: [12, 12], Bot points:[10, 10]
Bot get one more card ♥4
Bot get one more card ♠3
Player point: 12, Bot point: 17
Player lose! Money: 466.0
========================
Round #297
Player cards: [♣K, ♦K], Bot cards:[♥7, ♠J]
Player points: [20, 20], Bot points:[17, 17]
Player point: 20, Bot point: 17
Player win! Money: 486.0
========================
Round #298
Player cards: [♠8, ♦T], Bot cards:[♥T, ♣K]
Player points: [18, 18], Bot points:[20, 20]
Player point: 18, Bot point: 20
Player lose! Money: 466.0
========================
Round #299
Player cards: [♦J, ♣Q], Bot cards:[♠6, ♠8]
Player points: [20, 20], Bot points:[14, 14]
Bot get one more card ♣3
Player point: 20, Bot point: 17
Player win! Money: 486.0
========================
Round #300
Player cards: [♣5, ♥Q], Bot cards:[♠3, ♦Q]
Player points: [15, 15], Bot points:[13, 13]
Bot get one more card ♠4
Player point: 15, Bot point: 17
Player lose! Money: 466.0
========================
Round #301
Player cards: [♦4, ♦7], Bot cards:[♣3, ♠7]
Player points: [11, 11], Bot points:[10, 10]
----- Double Bet! -----
Player get one more card ♣K
Bot get one more card ♦5
Bot get one more card ♠K
Player point: 21, Bot point: 25
Player win! Money: 506.0
========================
Round #302
Player cards: [♣2, ♥A], Bot cards:[♥J, ♥J]
Player points: [3, 13], Bot points:[20, 20]
Player get one more card ♣K
Player get one more card ♣7
Player point: 20, Bot point: 20
Draw! Money:506.0
========================
Round #303
Player cards: [♥2, ♣7], Bot cards:[♥T, ♥K]
Player points: [9, 9], Bot points:[20, 20]
Player get one more card ♥5
Player get one more card ♥K
Player point: 24, Bot point: 20
Player lose! Money: 486.0
========================
Round #304
Player cards: [♣4, ♥7], Bot cards:[♦T, ♣J]
Player points: [11, 11], Bot points:[20, 20]
----- Double Bet! -----
Player get one more card ♥3
Player point: 14, Bot point: 20
Player lose! Money: 446.0
========================
Round #305
Player cards: [♠2, ♠Q], Bot cards:[♥6, ♠J]
Player points: [12, 12], Bot points:[16, 16]
Bot get one more card ♣6
Player point: 12, Bot point: 22
Player win! Money: 466.0
========================
Round #306
Player cards: [♣8, ♣9], Bot cards:[♦J, ♦J]
Player points: [17, 17], Bot points:[20, 20]
Player point: 17, Bot point: 20
Player lose! Money: 446.0
========================
Round #307
Player cards: [♠6, ♦9], Bot cards:[♥7, ♦Q]
Player points: [15, 15], Bot points:[17, 17]
Player get one more card ♥3
Player point: 18, Bot point: 17
Player win! Money: 466.0
========================
Round #308
Player cards: [♥K, ♣A], Bot cards:[♠Q, ♠K]
Player points: [11, 21], Bot points:[20, 20]
Player point: 21, Bot point: 20
------ BlackJack!! ------
Player win! Money: 492.0
========================
Round #309
Player cards: [♥6, ♥9], Bot cards:[♠2, ♦2]
Player points: [15, 15], Bot points:[4, 4]
Bot get one more card ♦6
Bot get one more card ♠T
Player point: 15, Bot point: 20
Player lose! Money: 472.0
========================
Round #310
Player cards: [♣5, ♣7], Bot cards:[♥9, ♠Q]
Player points: [12, 12], Bot points:[19, 19]
Player get one more card ♦8
Player point: 20, Bot point: 19
Player win! Money: 492.0
========================
Round #311
Player cards: [♦4, ♦K], Bot cards:[♠3, ♣5]
Player points: [14, 14], Bot points:[8, 8]
Bot get one more card ♣8
Bot get one more card ♥2
Player point: 14, Bot point: 18
Player lose! Money: 472.0
========================
Round #312
Player cards: [♠2, ♣6], Bot cards:[♠T, ♥Q]
Player points: [8, 8], Bot points:[20, 20]
Player get one more card ♦7
Player get one more card ♣3
Player point: 18, Bot point: 20
Player lose! Money: 452.0
========================
Round #313
Player cards: [♣9, ♥T], Bot cards:[♣3, ♠7]
Player points: [19, 19], Bot points:[10, 10]
Bot get one more card ♦2
Bot get one more card ♣4
Bot get one more card ♦A
Player point: 19, Bot point: 17
Player win! Money: 472.0
========================
Round #314
Player cards: [♥Q, ♣A], Bot cards:[♥2, ♦5]
Player points: [11, 21], Bot points:[7, 7]
Bot get one more card ♦9
Bot get one more card ♦K
Player point: 21, Bot point: 26
------ BlackJack!! ------
Player win! Money: 498.0
========================
Round #315
Player cards: [♦8, ♥A], Bot cards:[♠3, ♦A]
Player points: [9, 19], Bot points:[4, 14]
Bot get one more card ♦3
Bot get one more card ♥5
Bot get one more card ♠A
Bot get one more card ♥Q
Player point: 19, Bot point: 23
Player win! Money: 518.0
========================
Round #316
Player cards: [♥4, ♠6], Bot cards:[♥J, ♣Q]
Player points: [10, 10], Bot points:[20, 20]
Player get one more card ♣7
Player point: 17, Bot point: 20
Player lose! Money: 498.0
========================
Round #317
Player cards: [♦7, ♦9], Bot cards:[♣Q, ♦A]
Player points: [16, 16], Bot points:[11, 21]
Player get one more card ♦Q
Bot get one more card ♦6
Player point: 26, Bot point: 17
Player lose! Money: 478.0
========================
Round #318
Player cards: [♣2, ♥8], Bot cards:[♣6, ♥9]
Player points: [10, 10], Bot points:[15, 15]
----- Double Bet! -----
Player get one more card ♠9
Bot get one more card ♣9
Player point: 19, Bot point: 24
Player win! Money: 518.0
========================
Round #319
Player cards: [♦J, ♠J], Bot cards:[♦3, ♠5]
Player points: [20, 20], Bot points:[8, 8]
Bot get one more card ♦8
Bot get one more card ♣4
Player point: 20, Bot point: 20
Draw! Money:518.0
========================
Round #320
Player cards: [♥A, ♥A], Bot cards:[♦6, ♣A]
Player points: [2, 12], Bot points:[7, 17]
-------- Split! Two hands: [5, 15], [5, 15]
For second hand:
Bot get one more card ♣J
Player point: 15, Bot point: 17
Player lose! Money: 498.0
========================
Player point: 15, Bot point: 17
Player lose! Money: 478.0
========================
Round #321
Player cards: [♠9, ♦A], Bot cards:[♣2, ♠5]
Player points: [10, 20], Bot points:[7, 7]
Bot get one more card ♠7
Bot get one more card ♣2
Bot get one more card ♠8
Player point: 20, Bot point: 24
Player win! Money: 498.0
========================
Round #322
Player cards: [♣3, ♠9], Bot cards:[♠4, ♦4]
Player points: [12, 12], Bot points:[8, 8]
Bot get one more card ♠5
Bot get one more card ♥4
Player point: 12, Bot point: 17
Player lose! Money: 478.0
========================
Round #323
Player cards: [♥6, ♥K], Bot cards:[♣9, ♠A]
Player points: [16, 16], Bot points:[10, 20]
Player get one more card ♦3
Bot get one more card ♠K
Player point: 19, Bot point: 20
Player lose! Money: 458.0
========================
Round #324
Player cards: [♠T, ♣J], Bot cards:[♦2, ♥5]
Player points: [20, 20], Bot points:[7, 7]
Bot get one more card ♥T
Player point: 20, Bot point: 17
Player win! Money: 478.0
========================
Round #325
Player cards: [♠6, ♠8], Bot cards:[♠9, ♣T]
Player points: [14, 14], Bot points:[19, 19]
Player get one more card ♣2
Player get one more card ♣8
Player point: 24, Bot point: 19
Player lose! Money: 458.0
========================
Round #326
Player cards: [♣T, ♦T], Bot cards:[♠7, ♠A]
Player points: [20, 20], Bot points:[8, 18]
Bot get one more card ♦T
Player point: 20, Bot point: 18
Player win! Money: 478.0
========================
Round #327
Player cards: [♠Q, ♣A], Bot cards:[♥6, ♠J]
Player points: [11, 21], Bot points:[16, 16]
Bot get one more card ♦8
Player point: 21, Bot point: 24
------ BlackJack!! ------
Player win! Money: 504.0
========================
Round #328
Player cards: [♦3, ♦9], Bot cards:[♥8, ♣T]
Player points: [12, 12], Bot points:[18, 18]
Player get one more card ♥2
Player get one more card ♦7
Player point: 21, Bot point: 18
Player win! Money: 524.0
========================
Round #329
New deck
Player cards: [♣6, ♦7], Bot cards:[♣9, ♣9]
Player points: [13, 13], Bot points:[18, 18]
Player get one more card ♥8
Player point: 21, Bot point: 18
Player win! Money: 544.0
========================
Round #330
Player cards: [♦2, ♣3], Bot cards:[♦9, ♦T]
Player points: [5, 5], Bot points:[19, 19]
Player get one more card ♠6
Player get one more card ♠5
Player point: 16, Bot point: 19
Player lose! Money: 524.0
========================
Round #331
Player cards: [♥2, ♥9], Bot cards:[♠9, ♠J]
Player points: [11, 11], Bot points:[19, 19]
----- Double Bet! -----
Player get one more card ♥3
Player point: 14, Bot point: 19
Player lose! Money: 484.0
========================
Round #332
Player cards: [♠3, ♦A], Bot cards:[♠9, ♥K]
Player points: [4, 14], Bot points:[19, 19]
Player get one more card ♠5
Player point: 19, Bot point: 19
Draw! Money:484.0
========================
Round #333
Player cards: [♦6, ♥6], Bot cards:[♣3, ♦T]
Player points: [12, 12], Bot points:[13, 13]
-------- Split! Two hands: [13, 13], [12, 12]
For second hand:
Player get one more card ♦5
Bot get one more card ♣A
Bot get one more card ♦3
Player point: 13, Bot point: 17
Player lose! Money: 464.0
========================
Player point: 17, Bot point: 17
Draw! Money:464.0
========================
Round #334
Player cards: [♣3, ♣4], Bot cards:[♠3, ♦4]
Player points: [7, 7], Bot points:[7, 7]
Player get one more card ♣7
Bot get one more card ♣4
Bot get one more card ♦J
Player point: 14, Bot point: 21
Player lose! Money: 444.0
========================
Round #335
Player cards: [♥3, ♥9], Bot cards:[♥8, ♠9]
Player points: [12, 12], Bot points:[17, 17]
Player get one more card ♥4
Player get one more card ♥Q
Player point: 26, Bot point: 17
Player lose! Money: 424.0
========================
Round #336
Player cards: [♦2, ♥7], Bot cards:[♣2, ♣Q]
Player points: [9, 9], Bot points:[12, 12]
Player get one more card ♠7
Bot get one more card ♦5
Player point: 16, Bot point: 17
Player lose! Money: 404.0
========================
Round #337
Player cards: [♥5, ♦K], Bot cards:[♣5, ♥6]
Player points: [15, 15], Bot points:[11, 11]
Bot get one more card ♣Q
Player point: 15, Bot point: 21
Player lose! Money: 384.0
========================
Round #338
Player cards: [♥6, ♦9], Bot cards:[♥6, ♥T]
Player points: [15, 15], Bot points:[16, 16]
Bot get one more card ♠A
Player point: 15, Bot point: 17
Player lose! Money: 364.0
========================
Round #339
Player cards: [♣T, ♥T], Bot cards:[♠3, ♠K]
Player points: [20, 20], Bot points:[13, 13]
Bot get one more card ♠T
Player point: 20, Bot point: 23
Player win! Money: 384.0
========================
Round #340
Player cards: [♠2, ♠K], Bot cards:[♥J, ♣J]
Player points: [12, 12], Bot points:[20, 20]
Player get one more card ♠A
Player get one more card ♦J
Player point: 23, Bot point: 20
Player lose! Money: 364.0
========================
Round #341
Player cards: [♥2, ♠9], Bot cards:[♣J, ♥A]
Player points: [11, 11], Bot points:[11, 21]
----- Double Bet! -----
Player get one more card ♠8
Bot get one more card ♦8
Player point: 19, Bot point: 19
Draw! Money:364.0
========================
Round #342
Player cards: [♥2, ♦Q], Bot cards:[♣5, ♥8]
Player points: [12, 12], Bot points:[13, 13]
Bot get one more card ♥3
Bot get one more card ♦T
Player point: 12, Bot point: 26
Player win! Money: 384.0
========================
Round #343
Player cards: [♠5, ♥K], Bot cards:[♥2, ♣5]
Player points: [15, 15], Bot points:[7, 7]
Bot get one more card ♠J
Player point: 15, Bot point: 17
Player lose! Money: 364.0
========================
Round #344
Player cards: [♥7, ♠A], Bot cards:[♣8, ♠Q]
Player points: [8, 18], Bot points:[18, 18]
Player point: 18, Bot point: 18
Draw! Money:364.0
========================
Round #345
Player cards: [♠7, ♥9], Bot cards:[♠2, ♦J]
Player points: [16, 16], Bot points:[12, 12]
Bot get one more card ♣J
Player point: 16, Bot point: 22
Player win! Money: 384.0
========================
Round #346
Player cards: [♥8, ♣K], Bot cards:[♣T, ♦Q]
Player points: [18, 18], Bot points:[20, 20]
Player point: 18, Bot point: 20
Player lose! Money: 364.0
========================
Round #347
Player cards: [♥5, ♥A], Bot cards:[♦4, ♦8]
Player points: [6, 16], Bot points:[12, 12]
Bot get one more card ♣A
Bot get one more card ♣A
Bot get one more card ♦5
Player point: 16, Bot point: 19
Player lose! Money: 344.0
========================
Round #348
Player cards: [♠4, ♠J], Bot cards:[♣8, ♣K]
Player points: [14, 14], Bot points:[18, 18]
Player get one more card ♦T
Player point: 24, Bot point: 18
Player lose! Money: 324.0
========================
Round #349
Player cards: [♦2, ♦K], Bot cards:[♦8, ♦K]
Player points: [12, 12], Bot points:[18, 18]
Player get one more card ♥Q
Player point: 22, Bot point: 18
Player lose! Money: 304.0
========================
Round #350
Player cards: [♠K, ♠A], Bot cards:[♣6, ♦8]
Player points: [11, 21], Bot points:[14, 14]
Bot get one more card ♠7
Player point: 21, Bot point: 21
Player lose! Money: 284.0
========================
Round #351
Player cards: [♠4, ♣Q], Bot cards:[♥8, ♦K]
Player points: [14, 14], Bot points:[18, 18]
Player get one more card ♣9
Player point: 23, Bot point: 18
Player lose! Money: 264.0
========================
Round #352
Player cards: [♥T, ♠T], Bot cards:[♥7, ♦9]
Player points: [20, 20], Bot points:[16, 16]
Bot get one more card ♦5
Player point: 20, Bot point: 21
Player lose! Money: 244.0
========================
Round #353
Player cards: [♠6, ♣T], Bot cards:[♠4, ♣K]
Player points: [16, 16], Bot points:[14, 14]
Bot get one more card ♠J
Player point: 16, Bot point: 24
Player win! Money: 264.0
========================
Round #354
Player cards: [♥4, ♦A], Bot cards:[♦Q, ♠Q]
Player points: [5, 15], Bot points:[20, 20]
Player get one more card ♠7
Player get one more card ♦9
Player point: 21, Bot point: 20
Player win! Money: 284.0
========================
Round #355
Player cards: [♦6, ♦A], Bot cards:[♥4, ♥Q]
Player points: [7, 17], Bot points:[14, 14]
Bot get one more card ♠8
Player point: 17, Bot point: 22
Player win! Money: 304.0
========================
Round #356
Player cards: [♣4, ♦4], Bot cards:[♦3, ♣8]
Player points: [8, 8], Bot points:[11, 11]
Player get one more card ♣3
Player get one more card ♥A
Bot get one more card ♥9
Player point: 12, Bot point: 20
Player lose! Money: 284.0
========================
Round #357
Player cards: [♦4, ♣Q], Bot cards:[♠2, ♠T]
Player points: [14, 14], Bot points:[12, 12]
Bot get one more card ♦3
Bot get one more card ♣4
Player point: 14, Bot point: 19
Player lose! Money: 264.0
========================
Round #358
Player cards: [♥5, ♥K], Bot cards:[♦7, ♦A]
Player points: [15, 15], Bot points:[8, 18]
Player get one more card ♥5
Bot get one more card ♠T
Player point: 20, Bot point: 18
Player win! Money: 284.0
========================
Round #359
Player cards: [♥T, ♥K], Bot cards:[♣9, ♣T]
Player points: [20, 20], Bot points:[19, 19]
Player point: 20, Bot point: 19
Player win! Money: 304.0
========================
Round #360
Player cards: [♦7, ♠Q], Bot cards:[♥3, ♣A]
Player points: [17, 17], Bot points:[4, 14]
Bot get one more card ♥6
Bot get one more card ♠2
Bot get one more card ♣8
Player point: 17, Bot point: 20
Player lose! Money: 284.0
========================
Round #361
Player cards: [♠Q, ♥Q], Bot cards:[♦3, ♥3]
Player points: [20, 20], Bot points:[6, 6]
Bot get one more card ♣2
Bot get one more card ♥J
Player point: 20, Bot point: 18
Player win! Money: 304.0
========================
Round #362
Player cards: [♠5, ♣6], Bot cards:[♠6, ♣7]
Player points: [11, 11], Bot points:[13, 13]
----- Double Bet! -----
Player get one more card ♣2
Bot get one more card ♥J
Player point: 13, Bot point: 23
Player win! Money: 344.0
========================
Round #363
Player cards: [♦7, ♠8], Bot cards:[♠6, ♣7]
Player points: [15, 15], Bot points:[13, 13]
Bot get one more card ♥J
Player point: 15, Bot point: 23
Player win! Money: 364.0
========================
Round #364
Player cards: [♦J, ♣J], Bot cards:[♣6, ♠K]
Player points: [20, 20], Bot points:[16, 16]
Bot get one more card ♦2
Player point: 20, Bot point: 18
Player win! Money: 384.0
========================
Round #365
Player cards: [♠4, ♦6], Bot cards:[♥K, ♥A]
Player points: [10, 10], Bot points:[11, 21]
Player get one more card ♦Q
Bot get one more card ♠8
Player point: 20, Bot point: 19
Player win! Money: 404.0
========================
Round #366
New deck
Player cards: [♦5, ♥T], Bot cards:[♥T, ♠Q]
Player points: [15, 15], Bot points:[20, 20]
Player get one more card ♠6
Player point: 21, Bot point: 20
Player win! Money: 424.0
========================
Round #367
Player cards: [♦T, ♥J], Bot cards:[♣3, ♦Q]
Player points: [20, 20], Bot points:[13, 13]
Bot get one more card ♣9
Player point: 20, Bot point: 22
Player win! Money: 444.0
========================
Round #368
Player cards: [♣4, ♣A], Bot cards:[♠8, ♦A]
Player points: [5, 15], Bot points:[9, 19]
Player get one more card ♠T
Player get one more card ♥T
Bot get one more card ♣K
Player point: 25, Bot point: 19
Player lose! Money: 424.0
========================
Round #369
Player cards: [♥2, ♣J], Bot cards:[♣4, ♣9]
Player points: [12, 12], Bot points:[13, 13]
Bot get one more card ♥K
Player point: 12, Bot point: 23
Player win! Money: 444.0
========================
Round #370
Player cards: [♦7, ♠K], Bot cards:[♥7, ♠9]
Player points: [17, 17], Bot points:[16, 16]
Bot get one more card ♠A
Player point: 17, Bot point: 17
Draw! Money:444.0
========================
Round #371
Player cards: [♠9, ♣K], Bot cards:[♦3, ♥6]
Player points: [19, 19], Bot points:[9, 9]
Bot get one more card ♣4
Bot get one more card ♥K
Player point: 19, Bot point: 23
Player win! Money: 464.0
========================
Round #372
Player cards: [♠6, ♠7], Bot cards:[♣T, ♥K]
Player points: [13, 13], Bot points:[20, 20]
Player get one more card ♣5
Player point: 18, Bot point: 20
Player lose! Money: 444.0
========================
Round #373
Player cards: [♦J, ♦K], Bot cards:[♣7, ♥J]
Player points: [20, 20], Bot points:[17, 17]
Player point: 20, Bot point: 17
Player win! Money: 464.0
========================
Round #374
Player cards: [♦2, ♦3], Bot cards:[♣8, ♠K]
Player points: [5, 5], Bot points:[18, 18]
Player get one more card ♠4
Player get one more card ♦6
Player get one more card ♥Q
Player point: 25, Bot point: 18
Player lose! Money: 444.0
========================
Round #375
Player cards: [♠8, ♣Q], Bot cards:[♥4, ♥9]
Player points: [18, 18], Bot points:[13, 13]
Bot get one more card ♣J
Player point: 18, Bot point: 23
Player win! Money: 464.0
========================
Round #376
Player cards: [♠3, ♣T], Bot cards:[♥4, ♠K]
Player points: [13, 13], Bot points:[14, 14]
Bot get one more card ♥A
Bot get one more card ♠J
Player point: 13, Bot point: 25
Player win! Money: 484.0
========================
Round #377
Player cards: [♦2, ♣5], Bot cards:[♥J, ♥A]
Player points: [7, 7], Bot points:[11, 21]
Player get one more card ♣2
Player get one more card ♠Q
Bot get one more card ♠7
Player point: 19, Bot point: 18
Player win! Money: 504.0
========================
Round #378
Player cards: [♥2, ♣2], Bot cards:[♦T, ♣A]
Player points: [4, 4], Bot points:[11, 21]
Player get one more card ♠Q
Player get one more card ♣8
Bot get one more card ♦8
Player point: 22, Bot point: 19
Player lose! Money: 484.0
========================
Round #379
Player cards: [♦5, ♣6], Bot cards:[♣7, ♥9]
Player points: [11, 11], Bot points:[16, 16]
----- Double Bet! -----
Player get one more card ♦9
Bot get one more card ♠Q
Player point: 20, Bot point: 26
Player win! Money: 524.0
========================
Round #380
Player cards: [♥4, ♠5], Bot cards:[♥2, ♠A]
Player points: [9, 9], Bot points:[3, 13]
Player get one more card ♠6
Bot get one more card ♦8
Bot get one more card ♥A
Bot get one more card ♥7
Player point: 15, Bot point: 19
Player lose! Money: 504.0
========================
Round #381
Player cards: [♥9, ♣T], Bot cards:[♠T, ♠J]
Player points: [19, 19], Bot points:[20, 20]
Player point: 19, Bot point: 20
Player lose! Money: 484.0
========================
Round #382
Player cards: [♥6, ♦T], Bot cards:[♠4, ♥7]
Player points: [16, 16], Bot points:[11, 11]
Bot get one more card ♦8
Player point: 16, Bot point: 19
Player lose! Money: 464.0
========================
Round #383
Player cards: [♥3, ♠A], Bot cards:[♦J, ♥K]
Player points: [4, 14], Bot points:[20, 20]
Player get one more card ♦2
Player get one more card ♣7
Player get one more card ♣6
Player point: 19, Bot point: 20
Player lose! Money: 444.0
========================
Round #384
Player cards: [♦3, ♣5], Bot cards:[♠J, ♣K]
Player points: [8, 8], Bot points:[20, 20]
Player get one more card ♥Q
Player point: 18, Bot point: 20
Player lose! Money: 424.0
========================
Round #385
Player cards: [♦5, ♣9], Bot cards:[♣2, ♣5]
Player points: [14, 14], Bot points:[7, 7]
Bot get one more card ♦6
Bot get one more card ♥9
Player point: 14, Bot point: 22
Player win! Money: 444.0
========================
Round #386
Player cards: [♦J, ♦K], Bot cards:[♣3, ♦A]
Player points: [20, 20], Bot points:[4, 14]
Bot get one more card ♠8
Bot get one more card ♠2
Bot get one more card ♣J
Player point: 20, Bot point: 24
Player win! Money: 464.0
========================
Round #387
Player cards: [♦4, ♣9], Bot cards:[♠3, ♦3]
Player points: [13, 13], Bot points:[6, 6]
Bot get one more card ♥Q
Bot get one more card ♥4
Player point: 13, Bot point: 20
Player lose! Money: 444.0
========================
Round #388
Player cards: [♠6, ♠J], Bot cards:[♥7, ♦Q]
Player points: [16, 16], Bot points:[17, 17]
Player get one more card ♦A
Player point: 17, Bot point: 17
Draw! Money:444.0
========================
Round #389
Player cards: [♥5, ♦Q], Bot cards:[♥3, ♠7]
Player points: [15, 15], Bot points:[10, 10]
Bot get one more card ♥8
Player point: 15, Bot point: 18
Player lose! Money: 424.0
========================
Round #390
Player cards: [♥6, ♣7], Bot cards:[♥2, ♣7]
Player points: [13, 13], Bot points:[9, 9]
Bot get one more card ♠7
Bot get one more card ♣J
Player point: 13, Bot point: 26
Player win! Money: 444.0
========================
Round #391
Player cards: [♥5, ♣8], Bot cards:[♦4, ♣6]
Player points: [13, 13], Bot points:[10, 10]
Bot get one more card ♦7
Player point: 13, Bot point: 17
Player lose! Money: 424.0
========================
Round #392
Player cards: [♠4, ♠5], Bot cards:[♦2, ♣4]
Player points: [9, 9], Bot points:[6, 6]
Player get one more card ♠5
Bot get one more card ♠2
Bot get one more card ♣2
Bot get one more card ♠9
Player point: 14, Bot point: 19
Player lose! Money: 404.0
========================
Round #393
Player cards: [♠2, ♣Q], Bot cards:[♠2, ♠T]
Player points: [12, 12], Bot points:[12, 12]
Player get one more card ♦6
Bot get one more card ♥7
Player point: 18, Bot point: 19
Player lose! Money: 384.0
========================
Round #394
Player cards: [♥8, ♦9], Bot cards:[♣K, ♥A]
Player points: [17, 17], Bot points:[11, 21]
Bot get one more card ♦9
Player point: 17, Bot point: 20
Player lose! Money: 364.0
========================
Round #395
Player cards: [♦Q, ♥Q], Bot cards:[♠3, ♦9]
Player points: [20, 20], Bot points:[12, 12]
Bot get one more card ♥T
Player point: 20, Bot point: 22
Player win! Money: 384.0
========================
Round #396
Player cards: [♥8, ♦K], Bot cards:[♦4, ♣Q]
Player points: [18, 18], Bot points:[14, 14]
Bot get one more card ♠T
Player point: 18, Bot point: 24
Player win! Money: 404.0
========================
Round #397
Player cards: [♣6, ♦8], Bot cards:[♥5, ♠T]
Player points: [14, 14], Bot points:[15, 15]
Bot get one more card ♣A
Bot get one more card ♦J
Player point: 14, Bot point: 26
Player win! Money: 424.0
========================
Round #398
Player cards: [♣3, ♠K], Bot cards:[♣T, ♣K]
Player points: [13, 13], Bot points:[20, 20]
Player get one more card ♥3
Player get one more card ♠A
Player point: 17, Bot point: 20
Player lose! Money: 404.0
========================
Round #399
Player cards: [♦7, ♥J], Bot cards:[♣8, ♥8]
Player points: [17, 17], Bot points:[16, 16]
Bot get one more card ♦6
Player point: 17, Bot point: 22
Player win! Money: 424.0
========================
Round #400
Player cards: [♦5, ♦T], Bot cards:[♣5, ♦7]
Player points: [15, 15], Bot points:[12, 12]
Bot get one more card ♠3
Bot get one more card ♥3
Player point: 15, Bot point: 18
Player lose! Money: 404.0
========================
Round #401
Player cards: [♠8, ♣A], Bot cards:[♣2, ♠5]
Player points: [9, 19], Bot points:[7, 7]
Bot get one more card ♥5
Bot get one more card ♠3
Bot get one more card ♦A
Bot get one more card ♥6
Player point: 19, Bot point: 22
Player win! Money: 424.0
========================
Round #402
New deck
Player cards: [♥4, ♣9], Bot cards:[♠9, ♥K]
Player points: [13, 13], Bot points:[19, 19]
Player get one more card ♦4
Player point: 17, Bot point: 19
Player lose! Money: 404.0
========================
Round #403
Player cards: [♠6, ♠T], Bot cards:[♦T, ♦A]
Player points: [16, 16], Bot points:[11, 21]
Player get one more card ♣J
Bot get one more card ♠3
Bot get one more card ♠4
Player point: 26, Bot point: 18
Player lose! Money: 384.0
========================
Round #404
Player cards: [♥3, ♥7], Bot cards:[♥6, ♣A]
Player points: [10, 10], Bot points:[7, 17]
----- Double Bet! -----
Player get one more card ♠8
Bot get one more card ♠2
Bot get one more card ♦T
Player point: 18, Bot point: 19
Player lose! Money: 344.0
========================
Round #405
Player cards: [♥4, ♦6], Bot cards:[♦4, ♥7]
Player points: [10, 10], Bot points:[11, 11]
----- Double Bet! -----
Player get one more card ♦T
Bot get one more card ♠4
Bot get one more card ♦A
Bot get one more card ♦4
Player point: 20, Bot point: 20
Draw! Money:344.0
========================
Round #406
Player cards: [♠7, ♦8], Bot cards:[♣J, ♥A]
Player points: [15, 15], Bot points:[11, 21]
Player get one more card ♣2
Bot get one more card ♦4
Bot get one more card ♥9
Player point: 17, Bot point: 24
Player win! Money: 364.0
========================
Round #407
Player cards: [♥Q, ♣K], Bot cards:[♠8, ♦9]
Player points: [20, 20], Bot points:[17, 17]
Player point: 20, Bot point: 17
Player win! Money: 384.0
========================
Round #408
Player cards: [♥2, ♦7], Bot cards:[♥3, ♦4]
Player points: [9, 9], Bot points:[7, 7]
----- Double Bet! -----
Player get one more card ♠9
Bot get one more card ♣T
Player point: 18, Bot point: 17
Player win! Money: 424.0
========================
Round #409
Player cards: [♣3, ♠K], Bot cards:[♦6, ♠Q]
Player points: [13, 13], Bot points:[16, 16]
Bot get one more card ♥7
Player point: 13, Bot point: 23
Player win! Money: 444.0
========================
Round #410
Player cards: [♥8, ♠9], Bot cards:[♣3, ♦8]
Player points: [17, 17], Bot points:[11, 11]
Bot get one more card ♥T
Player point: 17, Bot point: 21
Player lose! Money: 424.0
========================
Round #411
Player cards: [♥6, ♠K], Bot cards:[♥5, ♥A]
Player points: [16, 16], Bot points:[6, 16]
Bot get one more card ♦K
Bot get one more card ♥J
Player point: 16, Bot point: 26
Player win! Money: 444.0
========================
Round #412
Player cards: [♠4, ♦Q], Bot cards:[♥T, ♠J]
Player points: [14, 14], Bot points:[20, 20]
Player get one more card ♦9
Player point: 23, Bot point: 20
Player lose! Money: 424.0
========================
Round #413
Player cards: [♠8, ♠J], Bot cards:[♦5, ♦K]
Player points: [18, 18], Bot points:[15, 15]
Bot get one more card ♦6
Player point: 18, Bot point: 21
Player lose! Money: 404.0
========================
Round #414
Player cards: [♠5, ♦7], Bot cards:[♠3, ♥6]
Player points: [12, 12], Bot points:[9, 9]
Player get one more card ♥Q
Bot get one more card ♣A
Bot get one more card ♥T
Player point: 22, Bot point: 20
Player lose! Money: 384.0
========================
Round #415
Player cards: [♣6, ♦A], Bot cards:[♦2, ♥T]
Player points: [7, 17], Bot points:[12, 12]
Bot get one more card ♠Q
Player point: 17, Bot point: 22
Player win! Money: 404.0
========================
Round #416
Player cards: [♠2, ♠7], Bot cards:[♠3, ♦3]
Player points: [9, 9], Bot points:[6, 6]
----- Double Bet! -----
Player get one more card ♦2
Bot get one more card ♠6
Bot get one more card ♦8
Player point: 11, Bot point: 20
Player lose! Money: 364.0
========================
Round #417
Player cards: [♣4, ♦5], Bot cards:[♠9, ♠K]
Player points: [9, 9], Bot points:[19, 19]
Player get one more card ♥4
Player get one more card ♥2
Player get one more card ♣3
Player point: 18, Bot point: 19
Player lose! Money: 344.0
========================
Round #418
Player cards: [♠3, ♥Q], Bot cards:[♠7, ♥9]
Player points: [13, 13], Bot points:[16, 16]
Player get one more card ♣T
Bot get one more card ♦8
Player point: 23, Bot point: 24
Player lose! Money: 324.0
========================
Round #419
Player cards: [♠5, ♣9], Bot cards:[♣3, ♦K]
Player points: [14, 14], Bot points:[13, 13]
Bot get one more card ♦3
Bot get one more card ♠J
Player point: 14, Bot point: 26
Player win! Money: 344.0
========================
Round #420
Player cards: [♣J, ♣A], Bot cards:[♥5, ♠Q]
Player points: [11, 21], Bot points:[15, 15]
Bot get one more card ♥6
Player point: 21, Bot point: 21
Player lose! Money: 324.0
========================
Round #421
Player cards: [♣4, ♦K], Bot cards:[♠2, ♣Q]
Player points: [14, 14], Bot points:[12, 12]
Bot get one more card ♠Q
Player point: 14, Bot point: 22
Player win! Money: 344.0
========================
Round #422
Player cards: [♠6, ♥J], Bot cards:[♥4, ♥9]
Player points: [16, 16], Bot points:[13, 13]
Bot get one more card ♠2
Bot get one more card ♦K
Player point: 16, Bot point: 25
Player win! Money: 364.0
========================
Round #423
Player cards: [♠4, ♣T], Bot cards:[♣6, ♣A]
Player points: [14, 14], Bot points:[7, 17]
Bot get one more card ♦2
Bot get one more card ♣K
Player point: 14, Bot point: 19
Player lose! Money: 344.0
========================
Round #424
Player cards: [♣5, ♠T], Bot cards:[♦Q, ♥K]
Player points: [15, 15], Bot points:[20, 20]
Player get one more card ♣8
Player point: 23, Bot point: 20
Player lose! Money: 324.0
========================
Round #425
Player cards: [♥2, ♣9], Bot cards:[♥3, ♥A]
Player points: [11, 11], Bot points:[4, 14]
----- Double Bet! -----
Player get one more card ♣K
Bot get one more card ♣J
Bot get one more card ♦A
Bot get one more card ♦Q
Player point: 21, Bot point: 25
Player win! Money: 364.0
========================
Round #426
Player cards: [♣Q, ♠A], Bot cards:[♦7, ♥J]
Player points: [11, 21], Bot points:[17, 17]
Player point: 21, Bot point: 17
------ BlackJack!! ------
Player win! Money: 390.0
========================
Round #427
Player cards: [♦3, ♠J], Bot cards:[♥7, ♦Q]
Player points: [13, 13], Bot points:[17, 17]
Player get one more card ♣5
Player point: 18, Bot point: 17
Player win! Money: 410.0
========================
Round #428
Player cards: [♣7, ♣T], Bot cards:[♥3, ♥9]
Player points: [17, 17], Bot points:[12, 12]
Bot get one more card ♣8
Player point: 17, Bot point: 20
Player lose! Money: 390.0
========================
Round #429
Player cards: [♦3, ♠7], Bot cards:[♣Q, ♠A]
Player points: [10, 10], Bot points:[11, 21]
Player get one more card ♠T
Bot get one more card ♣4
Bot get one more card ♥J
Player point: 20, Bot point: 25
Player win! Money: 410.0
========================
Round #430
Player cards: [♣3, ♠4], Bot cards:[♥4, ♣8]
Player points: [7, 7], Bot points:[12, 12]
Player get one more card ♣2
Player get one more card ♥K
Bot get one more card ♠K
Player point: 19, Bot point: 22
Player win! Money: 430.0
========================
Round #431
Player cards: [♦9, ♦J], Bot cards:[♣Q, ♥K]
Player points: [19, 19], Bot points:[20, 20]
Player point: 19, Bot point: 20
Player lose! Money: 410.0
========================
Round #432
Player cards: [♣7, ♦T], Bot cards:[♣5, ♥8]
Player points: [17, 17], Bot points:[13, 13]
Bot get one more card ♠8
Player point: 17, Bot point: 21
Player lose! Money: 390.0
========================
Round #433
Player cards: [♦J, ♠A], Bot cards:[♠5, ♠A]
Player points: [11, 21], Bot points:[6, 16]
Bot get one more card ♣Q
Bot get one more card ♦9
Player point: 21, Bot point: 25
------ BlackJack!! ------
Player win! Money: 416.0
========================
Round #434
Player cards: [♦5, ♣K], Bot cards:[♦2, ♠6]
Player points: [15, 15], Bot points:[8, 8]
Bot get one more card ♣2
Bot get one more card ♣2
Bot get one more card ♥Q
Player point: 15, Bot point: 22
Player win! Money: 436.0
========================
Round #435
Player cards: [♣5, ♦6], Bot cards:[♣6, ♥8]
Player points: [11, 11], Bot points:[14, 14]
----- Double Bet! -----
Player get one more card ♥5
Bot get one more card ♦7
Player point: 16, Bot point: 21
Player lose! Money: 396.0
========================
Round #436
Player cards: [♦5, ♠9], Bot cards:[♠T, ♦J]
Player points: [14, 14], Bot points:[20, 20]
Player get one more card ♣7
Player point: 21, Bot point: 20
Player win! Money: 416.0
========================
Round #437
Player cards: [♣4, ♥5], Bot cards:[♣6, ♣9]
Player points: [9, 9], Bot points:[15, 15]
----- Double Bet! -----
Player get one more card ♣8
Bot get one more card ♥8
Player point: 17, Bot point: 23
Player win! Money: 456.0
========================
Round #438
New deck
Player cards: [♣5, ♦K], Bot cards:[♥9, ♦T]
Player points: [15, 15], Bot points:[19, 19]
Player get one more card ♥T
Player point: 25, Bot point: 19
Player lose! Money: 436.0
========================
Round #439
Player cards: [♣9, ♠Q], Bot cards:[♠7, ♦A]
Player points: [19, 19], Bot points:[8, 18]
Bot get one more card ♦A
Bot get one more card ♦9
Player point: 19, Bot point: 18
Player win! Money: 456.0
========================
Round #440
Player cards: [♠5, ♥9], Bot cards:[♣2, ♥2]
Player points: [14, 14], Bot points:[4, 4]
Bot get one more card ♦7
Bot get one more card ♣Q
Player point: 14, Bot point: 21
Player lose! Money: 436.0
========================
Round #441
Player cards: [♠2, ♥5], Bot cards:[♥3, ♣8]
Player points: [7, 7], Bot points:[11, 11]
Player get one more card ♥K
Bot get one more card ♦2
Bot get one more card ♦9
Player point: 17, Bot point: 22
Player win! Money: 456.0
========================
Round #442
Player cards: [♥Q, ♥A], Bot cards:[♦7, ♥K]
Player points: [11, 21], Bot points:[17, 17]
Player point: 21, Bot point: 17
------ BlackJack!! ------
Player win! Money: 482.0
========================
Round #443
Player cards: [♠6, ♥J], Bot cards:[♠J, ♣Q]
Player points: [16, 16], Bot points:[20, 20]
Player get one more card ♥7
Player point: 23, Bot point: 20
Player lose! Money: 462.0
========================
Round #444
Player cards: [♠6, ♦T], Bot cards:[♦7, ♣J]
Player points: [16, 16], Bot points:[17, 17]
Player get one more card ♣2
Player point: 18, Bot point: 17
Player win! Money: 482.0
========================
Round #445
Player cards: [♠9, ♣9], Bot cards:[♥7, ♥Q]
Player points: [18, 18], Bot points:[17, 17]
Player point: 18, Bot point: 17
Player win! Money: 502.0
========================
Round #446
Player cards: [♥2, ♣Q], Bot cards:[♣4, ♠Q]
Player points: [12, 12], Bot points:[14, 14]
Bot get one more card ♦J
Player point: 12, Bot point: 24
Player win! Money: 522.0
========================
Round #447
Player cards: [♣7, ♥J], Bot cards:[♥4, ♥6]
Player points: [17, 17], Bot points:[10, 10]
Bot get one more card ♦A
Bot get one more card ♠T
Player point: 17, Bot point: 21
Player lose! Money: 502.0
========================
Round #448
Player cards: [♠5, ♦Q], Bot cards:[♠8, ♣A]
Player points: [15, 15], Bot points:[9, 19]
Player get one more card ♣8
Bot get one more card ♣3
Bot get one more card ♠Q
Player point: 23, Bot point: 22
Player lose! Money: 482.0
========================
Round #449
Player cards: [♣4, ♠J], Bot cards:[♣5, ♥Q]
Player points: [14, 14], Bot points:[15, 15]
Bot get one more card ♦5
Player point: 14, Bot point: 20
Player lose! Money: 462.0
========================
Round #450
Player cards: [♠J, ♦A], Bot cards:[♦3, ♣3]
Player points: [11, 21], Bot points:[6, 6]
Bot get one more card ♥9
Bot get one more card ♠K
Player point: 21, Bot point: 25
------ BlackJack!! ------
Player win! Money: 488.0
========================
Round #451
Player cards: [♣3, ♣K], Bot cards:[♠K, ♣A]
Player points: [13, 13], Bot points:[11, 21]
Player get one more card ♣8
Bot get one more card ♦3
Bot get one more card ♣7
Player point: 21, Bot point: 21
Player lose! Money: 468.0
========================
Round #452
Player cards: [♦4, ♦K], Bot cards:[♣7, ♠T]
Player points: [14, 14], Bot points:[17, 17]
Player get one more card ♣6
Player point: 20, Bot point: 17
Player win! Money: 488.0
========================
Round #453
Player cards: [♦2, ♦8], Bot cards:[♠3, ♣3]
Player points: [10, 10], Bot points:[6, 6]
----- Double Bet! -----
Player get one more card ♠5
Bot get one more card ♠8
Bot get one more card ♠9
Player point: 15, Bot point: 23
Player win! Money: 528.0
========================
Round #454
Player cards: [♣9, ♣T], Bot cards:[♥3, ♣J]
Player points: [19, 19], Bot points:[13, 13]
Bot get one more card ♠2
Bot get one more card ♠4
Player point: 19, Bot point: 19
Draw! Money:528.0
========================
Round #455
Player cards: [♦4, ♦Q], Bot cards:[♥3, ♣J]
Player points: [14, 14], Bot points:[13, 13]
Bot get one more card ♠8
Player point: 14, Bot point: 21
Player lose! Money: 508.0
========================
Round #456
Player cards: [♠3, ♣T], Bot cards:[♣6, ♠7]
Player points: [13, 13], Bot points:[13, 13]
Bot get one more card ♠T
Player point: 13, Bot point: 23
Player win! Money: 528.0
========================
Round #457
Player cards: [♦6, ♣T], Bot cards:[♠6, ♠K]
Player points: [16, 16], Bot points:[16, 16]
Bot get one more card ♠A
Player point: 16, Bot point: 17
Player lose! Money: 508.0
========================
Round #458
Player cards: [♠4, ♠9], Bot cards:[♣T, ♠K]
Player points: [13, 13], Bot points:[20, 20]
Player get one more card ♣4
Player point: 17, Bot point: 20
Player lose! Money: 488.0
========================
Round #459
Player cards: [♠3, ♣Q], Bot cards:[♦J, ♣K]
Player points: [13, 13], Bot points:[20, 20]
Player get one more card ♠4
Player point: 17, Bot point: 20
Player lose! Money: 468.0
========================
Round #460
Player cards: [♦Q, ♦K], Bot cards:[♥8, ♥A]
Player points: [20, 20], Bot points:[9, 19]
Bot get one more card ♣6
Bot get one more card ♠A
Bot get one more card ♦9
Player point: 20, Bot point: 25
Player win! Money: 488.0
========================
Round #461
Player cards: [♦4, ♥9], Bot cards:[♣7, ♥K]
Player points: [13, 13], Bot points:[17, 17]
Player get one more card ♥A
Player get one more card ♣K
Player point: 24, Bot point: 17
Player lose! Money: 468.0
========================
Round #462
Player cards: [♦6, ♣K], Bot cards:[♦3, ♠7]
Player points: [16, 16], Bot points:[10, 10]
Bot get one more card ♥4
Bot get one more card ♥A
Bot get one more card ♦8
Player point: 16, Bot point: 23
Player win! Money: 488.0
========================
Round #463
Player cards: [♠2, ♥5], Bot cards:[♦J, ♦J]
Player points: [7, 7], Bot points:[20, 20]
Player get one more card ♠J
Player point: 17, Bot point: 20
Player lose! Money: 468.0
========================
Round #464
Player cards: [♦8, ♥A], Bot cards:[♣5, ♦8]
Player points: [9, 19], Bot points:[13, 13]
Bot get one more card ♥5
Player point: 19, Bot point: 18
Player win! Money: 488.0
========================
Round #465
Player cards: [♠5, ♠Q], Bot cards:[♥Q, ♣A]
Player points: [15, 15], Bot points:[11, 21]
Player get one more card ♣A
Player get one more card ♥T
Bot get one more card ♣9
Player point: 26, Bot point: 20
Player lose! Money: 468.0
========================
Round #466
Player cards: [♥2, ♠5], Bot cards:[♦5, ♦6]
Player points: [7, 7], Bot points:[11, 11]
Player get one more card ♦9
Bot get one more card ♦4
Bot get one more card ♦5
Player point: 16, Bot point: 20
Player lose! Money: 448.0
========================
Round #467
Player cards: [♥7, ♠8], Bot cards:[♥6, ♥8]
Player points: [15, 15], Bot points:[14, 14]
Bot get one more card ♣8
Player point: 15, Bot point: 22
Player win! Money: 468.0
========================
Round #468
Player cards: [♥2, ♥J], Bot cards:[♠9, ♦T]
Player points: [12, 12], Bot points:[19, 19]
Player get one more card ♦J
Player point: 22, Bot point: 19
Player lose! Money: 448.0
========================
Round #469
Player cards: [♥4, ♥6], Bot cards:[♥5, ♦6]
Player points: [10, 10], Bot points:[11, 11]
----- Double Bet! -----
Player get one more card ♥2
Bot get one more card ♠3
Bot get one more card ♣6
Player point: 12, Bot point: 20
Player lose! Money: 408.0
========================
Round #470
Player cards: [♠2, ♥8], Bot cards:[♥K, ♠A]
Player points: [10, 10], Bot points:[11, 21]
Player get one more card ♣4
Player get one more card ♦Q
Bot get one more card ♦K
Player point: 24, Bot point: 21
Player lose! Money: 388.0
========================
Round #471
Player cards: [♦3, ♥6], Bot cards:[♥3, ♣J]
Player points: [9, 9], Bot points:[13, 13]
----- Double Bet! -----
Player get one more card ♥T
Bot get one more card ♥4
Player point: 19, Bot point: 17
Player win! Money: 428.0
========================
Round #472
Player cards: [♦2, ♠T], Bot cards:[♦7, ♣7]
Player points: [12, 12], Bot points:[14, 14]
Player get one more card ♣2
Player get one more card ♥T
Bot get one more card ♣2
Bot get one more card ♠7
Player point: 24, Bot point: 23
Player lose! Money: 408.0
========================
Round #473
Player cards: [♦5, ♥8], Bot cards:[♦T, ♠A]
Player points: [13, 13], Bot points:[11, 21]
Player get one more card ♦2
Player get one more card ♣5
Bot get one more card ♠4
Bot get one more card ♥J
Player point: 20, Bot point: 25
Player win! Money: 428.0
========================
Round #474
New deck
Player cards: [♠T, ♠Q], Bot cards:[♣3, ♠K]
Player points: [20, 20], Bot points:[13, 13]
Bot get one more card ♠Q
Player point: 20, Bot point: 23
Player win! Money: 448.0
========================
Round #475
Player cards: [♦J, ♣K], Bot cards:[♦9, ♦Q]
Player points: [20, 20], Bot points:[19, 19]
Player point: 20, Bot point: 19
Player win! Money: 468.0
========================
Round #476
Player cards: [♦3, ♣T], Bot cards:[♣5, ♥9]
Player points: [13, 13], Bot points:[14, 14]
Bot get one more card ♠2
Bot get one more card ♦A
Player point: 13, Bot point: 17
Player lose! Money: 448.0
========================
Round #477
Player cards: [♠5, ♣5], Bot cards:[♥7, ♣8]
Player points: [10, 10], Bot points:[15, 15]
----- Double Bet! -----
Player get one more card ♦2
Bot get one more card ♣3
Player point: 12, Bot point: 18
Player lose! Money: 408.0
========================
Round #478
Player cards: [♦2, ♣6], Bot cards:[♦7, ♠8]
Player points: [8, 8], Bot points:[15, 15]
Player get one more card ♦9
Bot get one more card ♣A
Bot get one more card ♦7
Player point: 17, Bot point: 23
Player win! Money: 428.0
========================
Round #479
Player cards: [♣2, ♠K], Bot cards:[♠6, ♣6]
Player points: [12, 12], Bot points:[12, 12]
Bot get one more card ♦8
Player point: 12, Bot point: 20
Player lose! Money: 408.0
========================
Round #480
Player cards: [♣9, ♦A], Bot cards:[♥7, ♦A]
Player points: [10, 20], Bot points:[8, 18]
Bot get one more card ♦A
Bot get one more card ♣A
Bot get one more card ♠4
Bot get one more card ♣2
Bot get one more card ♣6
Player point: 20, Bot point: 22
Player win! Money: 428.0
========================
Round #481
Player cards: [♥2, ♠J], Bot cards:[♥6, ♥9]
Player points: [12, 12], Bot points:[15, 15]
Bot get one more card ♥5
Player point: 12, Bot point: 20
Player lose! Money: 408.0
========================
Round #482
Player cards: [♦T, ♣J], Bot cards:[♣4, ♠6]
Player points: [20, 20], Bot points:[10, 10]
Bot get one more card ♣J
Player point: 20, Bot point: 20
Draw! Money:408.0
========================
Round #483
Player cards: [♠5, ♠J], Bot cards:[♣4, ♦Q]
Player points: [15, 15], Bot points:[14, 14]
Bot get one more card ♥7
Player point: 15, Bot point: 21
Player lose! Money: 388.0
========================
Round #484
Player cards: [♦3, ♣3], Bot cards:[♠8, ♣Q]
Player points: [6, 6], Bot points:[18, 18]
Player get one more card ♠T
Player get one more card ♦8
Player point: 24, Bot point: 18
Player lose! Money: 368.0
========================
Round #485
Player cards: [♣8, ♣T], Bot cards:[♠2, ♦5]
Player points: [18, 18], Bot points:[7, 7]
Bot get one more card ♦3
Bot get one more card ♦7
Player point: 18, Bot point: 17
Player win! Money: 388.0
========================
Round #486
Player cards: [♦T, ♠K], Bot cards:[♦Q, ♠K]
Player points: [20, 20], Bot points:[20, 20]
Player point: 20, Bot point: 20
Draw! Money:388.0
========================
Round #487
Player cards: [♥3, ♣T], Bot cards:[♣J, ♠Q]
Player points: [13, 13], Bot points:[20, 20]
Player get one more card ♥5
Player point: 18, Bot point: 20
Player lose! Money: 368.0
========================
Round #488
Player cards: [♠2, ♥6], Bot cards:[♦5, ♣8]
Player points: [8, 8], Bot points:[13, 13]
Player get one more card ♦7
Bot get one more card ♠3
Bot get one more card ♦4
Player point: 15, Bot point: 20
Player lose! Money: 348.0
========================
Round #489
Player cards: [♥T, ♦Q], Bot cards:[♣9, ♥J]
Player points: [20, 20], Bot points:[19, 19]
Player point: 20, Bot point: 19
Player win! Money: 368.0
========================
Round #490
Player cards: [♣6, ♥K], Bot cards:[♠2, ♦6]
Player points: [16, 16], Bot points:[8, 8]
Bot get one more card ♦4
Bot get one more card ♠J
Player point: 16, Bot point: 22
Player win! Money: 388.0
========================
Round #491
Player cards: [♠8, ♠A], Bot cards:[♦4, ♥A]
Player points: [9, 19], Bot points:[5, 15]
Bot get one more card ♠6
Bot get one more card ♠5
Bot get one more card ♥2
Player point: 19, Bot point: 18
Player win! Money: 408.0
========================
Round #492
Player cards: [♥4, ♣A], Bot cards:[♣4, ♠T]
Player points: [5, 15], Bot points:[14, 14]
Bot get one more card ♦K
Player point: 15, Bot point: 24
Player win! Money: 428.0
========================
Round #493
Player cards: [♥2, ♠5], Bot cards:[♠9, ♥K]
Player points: [7, 7], Bot points:[19, 19]
Player get one more card ♥A
Player point: 18, Bot point: 19
Player lose! Money: 408.0
========================
Round #494
Player cards: [♠4, ♥4], Bot cards:[♠7, ♣Q]
Player points: [8, 8], Bot points:[17, 17]
Player get one more card ♠3
Player get one more card ♠7
Player point: 18, Bot point: 17
Player win! Money: 428.0
========================
Round #495
Player cards: [♦T, ♥A], Bot cards:[♠9, ♥T]
Player points: [11, 21], Bot points:[19, 19]
Player point: 21, Bot point: 19
------ BlackJack!! ------
Player win! Money: 454.0
========================
Round #496
Player cards: [♥T, ♥Q], Bot cards:[♠4, ♠Q]
Player points: [20, 20], Bot points:[14, 14]
Bot get one more card ♥9
Player point: 20, Bot point: 23
Player win! Money: 474.0
========================
Round #497
Player cards: [♦6, ♠A], Bot cards:[♠3, ♦T]
Player points: [7, 17], Bot points:[13, 13]
Bot get one more card ♥5
Player point: 17, Bot point: 18
Player lose! Money: 454.0
========================
Round #498
Player cards: [♠9, ♣Q], Bot cards:[♠7, ♣9]
Player points: [19, 19], Bot points:[16, 16]
Bot get one more card ♠7
Player point: 19, Bot point: 23
Player win! Money: 474.0
========================
Round #499
Player cards: [♦4, ♥J], Bot cards:[♦2, ♥7]
Player points: [14, 14], Bot points:[9, 9]
Bot get one more card ♣K
Player point: 14, Bot point: 19
Player lose! Money: 454.0
========================
Round #500
Player cards: [♥7, ♥Q], Bot cards:[♦6, ♥Q]
Player points: [17, 17], Bot points:[16, 16]
Bot get one more card ♥3
Player point: 17, Bot point: 19
Player lose! Money: 434.0
========================
Round #501
Player cards: [♦5, ♦6], Bot cards:[♣4, ♠T]
Player points: [11, 11], Bot points:[14, 14]
----- Double Bet! -----
Player get one more card ♥4
Bot get one more card ♦3
Player point: 15, Bot point: 17
Player lose! Money: 394.0
========================
Round #502
Player cards: [♣9, ♥K], Bot cards:[♥8, ♦J]
Player points: [19, 19], Bot points:[18, 18]
Player point: 19, Bot point: 18
Player win! Money: 414.0
========================
Round #503
Player cards: [♠3, ♥8], Bot cards:[♥3, ♦8]
Player points: [11, 11], Bot points:[11, 11]
----- Double Bet! -----
Player get one more card ♣2
Bot get one more card ♣T
Player point: 13, Bot point: 21
Player lose! Money: 374.0
========================
Round #504
Player cards: [♣7, ♠9], Bot cards:[♥8, ♣K]
Player points: [16, 16], Bot points:[18, 18]
Player get one more card ♣7
Player point: 23, Bot point: 18
Player lose! Money: 354.0
========================
Round #505
Player cards: [♥K, ♥A], Bot cards:[♠J, ♣J]
Player points: [11, 21], Bot points:[20, 20]
Player point: 21, Bot point: 20
------ BlackJack!! ------
Player win! Money: 380.0
========================
Round #506
Player cards: [♣2, ♥9], Bot cards:[♥6, ♥J]
Player points: [11, 11], Bot points:[16, 16]
----- Double Bet! -----
Player get one more card ♣K
Bot get one more card ♦J
Player point: 21, Bot point: 26
Player win! Money: 420.0
========================
Round #507
Player cards: [♦J, ♠A], Bot cards:[♥4, ♥T]
Player points: [11, 21], Bot points:[14, 14]
Bot get one more card ♥2
Bot get one more card ♠8
Player point: 21, Bot point: 24
------ BlackJack!! ------
Player win! Money: 446.0
========================
Round #508
Player cards: [♠4, ♣7], Bot cards:[♦9, ♣Q]
Player points: [11, 11], Bot points:[19, 19]
----- Double Bet! -----
Player get one more card ♣A
Player point: 12, Bot point: 19
Player lose! Money: 406.0
========================
Round #509
Player cards: [♠6, ♣7], Bot cards:[♥5, ♥8]
Player points: [13, 13], Bot points:[13, 13]
Bot get one more card ♣5
Player point: 13, Bot point: 18
Player lose! Money: 386.0
========================
Round #510
Player cards: [♣5, ♥Q], Bot cards:[♦9, ♦K]
Player points: [15, 15], Bot points:[19, 19]
Player get one more card ♣3
Player point: 18, Bot point: 19
Player lose! Money: 366.0
========================
Round #511
Player cards: [♦5, ♦8], Bot cards:[♠6, ♥6]
Player points: [13, 13], Bot points:[12, 12]
Bot get one more card ♦K
Player point: 13, Bot point: 22
Player win! Money: 386.0
========================
Round #512
New deck
Player cards: [♥3, ♠3], Bot cards:[♥4, ♦Q]
Player points: [6, 6], Bot points:[14, 14]
-------- Split! Two hands: [11, 11], [7, 7]
----- Double Bet! -----
Player get one more card ♥Q
For second hand:
Player get one more card ♦6
Bot get one more card ♣5
Player point: 21, Bot point: 19
Player win! Money: 426.0
========================
Player point: 13, Bot point: 19
Player lose! Money: 406.0
========================
Round #513
Player cards: [♥2, ♦K], Bot cards:[♦4, ♣6]
Player points: [12, 12], Bot points:[10, 10]
Bot get one more card ♦Q
Player point: 12, Bot point: 20
Player lose! Money: 386.0
========================
Round #514
Player cards: [♠2, ♦4], Bot cards:[♣7, ♣9]
Player points: [6, 6], Bot points:[16, 16]
Player get one more card ♦8
Player get one more card ♦2
Player get one more card ♣7
Bot get one more card ♠Q
Player point: 23, Bot point: 26
Player lose! Money: 366.0
========================
Round #515
Player cards: [♣9, ♣Q], Bot cards:[♣6, ♦K]
Player points: [19, 19], Bot points:[16, 16]
Bot get one more card ♠5
Player point: 19, Bot point: 21
Player lose! Money: 346.0
========================
Round #516
Player cards: [♦T, ♠J], Bot cards:[♥K, ♥K]
Player points: [20, 20], Bot points:[20, 20]
Player point: 20, Bot point: 20
Draw! Money:346.0
========================
Round #517
Player cards: [♥J, ♣K], Bot cards:[♠8, ♥T]
Player points: [20, 20], Bot points:[18, 18]
Player point: 20, Bot point: 18
Player win! Money: 366.0
========================
Round #518
Player cards: [♥4, ♠5], Bot cards:[♦4, ♠7]
Player points: [9, 9], Bot points:[11, 11]
----- Double Bet! -----
Player get one more card ♣9
Bot get one more card ♥5
Bot get one more card ♠4
Player point: 18, Bot point: 20
Player lose! Money: 326.0
========================
Round #519
Player cards: [♠5, ♦K], Bot cards:[♠8, ♦T]
Player points: [15, 15], Bot points:[18, 18]
Player get one more card ♥6
Player point: 21, Bot point: 18
Player win! Money: 346.0
========================
Round #520
Player cards: [♠2, ♦6], Bot cards:[♥9, ♥9]
Player points: [8, 8], Bot points:[18, 18]
Player get one more card ♦2
Player get one more card ♥3
Player point: 13, Bot point: 18
Player lose! Money: 326.0
========================
Round #521
Player cards: [♣4, ♠8], Bot cards:[♣T, ♥A]
Player points: [12, 12], Bot points:[11, 21]
Player get one more card ♦Q
Bot get one more card ♥J
Player point: 22, Bot point: 21
Player lose! Money: 306.0
========================
Round #522
Player cards: [♠7, ♠9], Bot cards:[♦8, ♣J]
Player points: [16, 16], Bot points:[18, 18]
Player get one more card ♣6
Player point: 22, Bot point: 18
Player lose! Money: 286.0
========================
Round #523
Player cards: [♦T, ♦J], Bot cards:[♠8, ♣K]
Player points: [20, 20], Bot points:[18, 18]
Player point: 20, Bot point: 18
Player win! Money: 306.0
========================
Round #524
Player cards: [♠2, ♣8], Bot cards:[♦7, ♦A]
Player points: [10, 10], Bot points:[8, 18]
----- Double Bet! -----
Player get one more card ♥4
Bot get one more card ♦T
Player point: 14, Bot point: 18
Player lose! Money: 266.0
========================
Round #525
Player cards: [♠5, ♠9], Bot cards:[♦3, ♣8]
Player points: [14, 14], Bot points:[11, 11]
Bot get one more card ♦6
Player point: 14, Bot point: 17
Player lose! Money: 246.0
========================
Round #526
Player cards: [♥5, ♠A], Bot cards:[♥2, ♥6]
Player points: [6, 16], Bot points:[8, 8]
Bot get one more card ♣J
Player point: 16, Bot point: 18
Player lose! Money: 226.0
========================
Round #527
Player cards: [♠6, ♣A], Bot cards:[♥A, ♣A]
Player points: [7, 17], Bot points:[2, 12]
Bot get one more card ♥7
Bot get one more card ♥T
Player point: 17, Bot point: 19
Player lose! Money: 206.0
========================
Round #528
Player cards: [♦4, ♥7], Bot cards:[♦9, ♣K]
Player points: [11, 11], Bot points:[19, 19]
----- Double Bet! -----
Player get one more card ♥8
Player point: 19, Bot point: 19
Draw! Money:206.0
========================
Round #529
Player cards: [♥2, ♥K], Bot cards:[♠6, ♣Q]
Player points: [12, 12], Bot points:[16, 16]
Bot get one more card ♥K
Player point: 12, Bot point: 26
Player win! Money: 226.0
========================
Round #530
Player cards: [♣3, ♠T], Bot cards:[♦J, ♣A]
Player points: [13, 13], Bot points:[11, 21]
Player get one more card ♥6
Bot get one more card ♣T
Player point: 19, Bot point: 21
Player lose! Money: 206.0
========================
Round #531
Player cards: [♦3, ♥A], Bot cards:[♠3, ♣Q]
Player points: [4, 14], Bot points:[13, 13]
Bot get one more card ♣3
Bot get one more card ♠3
Player point: 14, Bot point: 19
Player lose! Money: 186.0
========================
Round #532
Player cards: [♣3, ♥8], Bot cards:[♣2, ♦5]
Player points: [11, 11], Bot points:[7, 7]
----- Double Bet! -----
Player get one more card ♥A
Bot get one more card ♠2
Bot get one more card ♦A
Bot get one more card ♦A
Bot get one more card ♦K
Player point: 12, Bot point: 21
Player lose! Money: 146.0
========================
Round #533
Player cards: [♦9, ♠Q], Bot cards:[♣8, ♣T]
Player points: [19, 19], Bot points:[18, 18]
Player point: 19, Bot point: 18
Player win! Money: 166.0
========================
Round #534
Player cards: [♦2, ♠3], Bot cards:[♣2, ♥6]
Player points: [5, 5], Bot points:[8, 8]
Player get one more card ♣K
Bot get one more card ♠9
Player point: 15, Bot point: 17
Player lose! Money: 146.0
========================
Round #535
Player cards: [♣2, ♣8], Bot cards:[♥3, ♣Q]
Player points: [10, 10], Bot points:[13, 13]
----- Double Bet! -----
Player get one more card ♦3
Bot get one more card ♣4
Player point: 13, Bot point: 17
Player lose! Money: 106.0
========================
Round #536
Player cards: [♥9, ♣J], Bot cards:[♠A, ♠A]
Player points: [19, 19], Bot points:[2, 12]
Bot get one more card ♦9
Bot get one more card ♦7
Player point: 19, Bot point: 18
Player win! Money: 126.0
========================
Round #537
Player cards: [♦7, ♠9], Bot cards:[♥3, ♣4]
Player points: [16, 16], Bot points:[7, 7]
Bot get one more card ♠4
Bot get one more card ♠7
Player point: 16, Bot point: 18
Player lose! Money: 106.0
========================
Round #538
Player cards: [♥8, ♦J], Bot cards:[♥3, ♥7]
Player points: [18, 18], Bot points:[10, 10]
Bot get one more card ♥5
Bot get one more card ♠6
Player point: 18, Bot point: 21
Player lose! Money: 86.0
========================
Round #539
Player cards: [♠4, ♠7], Bot cards:[♥5, ♦K]
Player points: [11, 11], Bot points:[15, 15]
----- Double Bet! -----
Player get one more card ♥Q
Bot get one more card ♣A
Bot get one more card ♣5
Player point: 21, Bot point: 21
Player lose! Money: 46.0
========================
Round #540
Player cards: [♣8, ♠J], Bot cards:[♥7, ♠A]
Player points: [18, 18], Bot points:[8, 18]
Bot get one more card ♣T
Player point: 18, Bot point: 18
Draw! Money:46.0
========================
Round #541
Player cards: [♣3, ♠K], Bot cards:[♦2, ♥9]
Player points: [13, 13], Bot points:[11, 11]
Bot get one more card ♠4
Bot get one more card ♥T
Player point: 13, Bot point: 25
Player win! Money: 66.0
========================
Round #542
Player cards: [♠6, ♦7], Bot cards:[♣7, ♥Q]
Player points: [13, 13], Bot points:[17, 17]
Player get one more card ♦5
Player point: 18, Bot point: 17
Player win! Money: 86.0
========================
Round #543
Player cards: [♣J, ♠Q], Bot cards:[♦2, ♠T]
Player points: [20, 20], Bot points:[12, 12]
Bot get one more card ♦6
Player point: 20, Bot point: 18
Player win! Money: 106.0
========================
Round #544
Player cards: [♥2, ♦Q], Bot cards:[♦J, ♦A]
Player points: [12, 12], Bot points:[11, 21]
Player get one more card ♠J
Bot get one more card ♠Q
Player point: 22, Bot point: 21
Player lose! Money: 86.0
========================
Round #545
Player cards: [♦5, ♣7], Bot cards:[♣5, ♠T]
Player points: [12, 12], Bot points:[15, 15]
Bot get one more card ♠T
Player point: 12, Bot point: 25
Player win! Money: 106.0
========================
Round #546
Player cards: [♣2, ♥8], Bot cards:[♥4, ♥J]
Player points: [10, 10], Bot points:[14, 14]
----- Double Bet! -----
Player get one more card ♥Q
Bot get one more card ♠J
Player point: 20, Bot point: 24
Player win! Money: 146.0
========================
Round #547
Player cards: [♣6, ♥J], Bot cards:[♣5, ♠K]
Player points: [16, 16], Bot points:[15, 15]
Bot get one more card ♦5
Player point: 16, Bot point: 20
Player lose! Money: 126.0
========================
Round #548
New deck
Player cards: [♥J, ♦J], Bot cards:[♣5, ♣9]
Player points: [20, 20], Bot points:[14, 14]
Bot get one more card ♦9
Player point: 20, Bot point: 23
Player win! Money: 146.0
========================
Round #549
Player cards: [♥7, ♥8], Bot cards:[♦2, ♦3]
Player points: [15, 15], Bot points:[5, 5]
Bot get one more card ♦T
Bot get one more card ♥2
Player point: 15, Bot point: 17
Player lose! Money: 126.0
========================
Round #550
Player cards: [♥4, ♥K], Bot cards:[♣7, ♦8]
Player points: [14, 14], Bot points:[15, 15]
Player get one more card ♣Q
Bot get one more card ♠8
Player point: 24, Bot point: 23
Player lose! Money: 106.0
========================
Round #551
Player cards: [♣7, ♦7], Bot cards:[♣4, ♠4]
Player points: [14, 14], Bot points:[8, 8]
-------- Split! Two hands: [9, 9], [13, 13]
----- Double Bet! -----
Player get one more card ♦3
For second hand:
Bot get one more card ♠Q
Player point: 12, Bot point: 18
Player lose! Money: 66.0
========================
Player point: 13, Bot point: 18
Player lose! Money: 46.0
========================
Round #552
Player cards: [♣4, ♠9], Bot cards:[♥7, ♥T]
Player points: [13, 13], Bot points:[17, 17]
Player get one more card ♣4
Player point: 17, Bot point: 17
Draw! Money:46.0
========================
Round #553
Player cards: [♠6, ♣Q], Bot cards:[♦5, ♠5]
Player points: [16, 16], Bot points:[10, 10]
Bot get one more card ♥9
Player point: 16, Bot point: 19
Player lose! Money: 26.0
========================
Round #554
Player cards: [♥6, ♠A], Bot cards:[♥8, ♠9]
Player points: [7, 17], Bot points:[17, 17]
Player point: 17, Bot point: 17
Draw! Money:26.0
========================
Round #555
Player cards: [♥8, ♠Q], Bot cards:[♥T, ♣K]
Player points: [18, 18], Bot points:[20, 20]
Player point: 18, Bot point: 20
Player lose! Money: 6.0
========================
Round #556
Player cards: [♠J, ♠A], Bot cards:[♣2, ♠5]
Player points: [11, 21], Bot points:[7, 7]
Bot get one more card ♠9
Bot get one more card ♥T
Player point: 21, Bot point: 26
------ BlackJack!! ------
Player win! Money: 32.0
========================
Round #557
Player cards: [♥6, ♣A], Bot cards:[♠4, ♦A]
Player points: [7, 17], Bot points:[5, 15]
Bot get one more card ♣J
Bot get one more card ♣A
Bot get one more card ♥2
Player point: 17, Bot point: 18
Player lose! Money: 12.0
========================
Round #558
Player cards: [♦5, ♦K], Bot cards:[♥7, ♣J]
Player points: [15, 15], Bot points:[17, 17]
Player get one more card ♥K
Player point: 25, Bot point: 17
Player lose! Money: -8.0
========================
Round #559
Total round: 560. Blackjack count: 22
====== Game Begin! ======
Total money: 500
Player cards: [♥8, ♦J], Bot cards:[♣5, ♦9]
Player points: [18, 18], Bot points:[14, 14]
Bot get one more card ♣K
Player point: 18, Bot point: 24
Player win! Money: 520
========================
Round #0
Player cards: [♠3, ♦Q], Bot cards:[♣2, ♠5]
Player points: [13, 13], Bot points:[7, 7]
Bot get one more card ♠K
Player point: 13, Bot point: 17
Player lose! Money: 500
========================
Round #1
Player cards: [♥T, ♠Q], Bot cards:[♣5, ♦J]
Player points: [20, 20], Bot points:[15, 15]
Bot get one more card ♠8
Player point: 20, Bot point: 23
Player win! Money: 520
========================
Round #2
Player cards: [♦2, ♣A], Bot cards:[♣3, ♠5]
Player points: [3, 13], Bot points:[8, 8]
Bot get one more card ♠7
Bot get one more card ♣T
Player point: 13, Bot point: 25
Player win! Money: 540
========================
Round #3
Player cards: [♥4, ♠T], Bot cards:[♠2, ♣9]
Player points: [14, 14], Bot points:[11, 11]
Bot get one more card ♥4
Bot get one more card ♥8
Player point: 14, Bot point: 23
Player win! Money: 560
========================
Round #4
Player cards: [♣J, ♣Q], Bot cards:[♥6, ♦J]
Player points: [20, 20], Bot points:[16, 16]
Bot get one more card ♠A
Player point: 20, Bot point: 17
Player win! Money: 580
========================
Round #5
Player cards: [♣2, ♣3], Bot cards:[♠4, ♦8]
Player points: [5, 5], Bot points:[12, 12]
Player get one more card ♣K
Bot get one more card ♥Q
Player point: 15, Bot point: 22
Player win! Money: 600
========================
Round #6
Player cards: [♣2, ♠8], Bot cards:[♠9, ♣A]
Player points: [10, 10], Bot points:[10, 20]
----- Double Bet! -----
Player get one more card ♥A
Bot get one more card ♠K
Player point: 21, Bot point: 20
Player win! Money: 640
========================
Round #7
Player cards: [♠8, ♠A], Bot cards:[♠6, ♠6]
Player points: [9, 19], Bot points:[12, 12]
Bot get one more card ♦K
Player point: 19, Bot point: 22
Player win! Money: 660
========================
Round #8
Player cards: [♠9, ♦K], Bot cards:[♥5, ♦7]
Player points: [19, 19], Bot points:[12, 12]
Bot get one more card ♦8
Player point: 19, Bot point: 20
Player lose! Money: 640
========================
Round #9
Player cards: [♣3, ♥9], Bot cards:[♠4, ♣7]
Player points: [12, 12], Bot points:[11, 11]
Bot get one more card ♦A
Bot get one more card ♠J
Player point: 12, Bot point: 22
Player win! Money: 660
========================
Round #10
Player cards: [♥7, ♥9], Bot cards:[♠2, ♠Q]
Player points: [16, 16], Bot points:[12, 12]
Bot get one more card ♥Q
Player point: 16, Bot point: 22
Player win! Money: 680
========================
Round #11
Player cards: [♥8, ♣T], Bot cards:[♥6, ♣8]
Player points: [18, 18], Bot points:[14, 14]
Bot get one more card ♥3
Player point: 18, Bot point: 17
Player win! Money: 700
========================
Round #12
Player cards: [♠3, ♣J], Bot cards:[♣T, ♣K]
Player points: [13, 13], Bot points:[20, 20]
Player get one more card ♥T
Player point: 23, Bot point: 20
Player lose! Money: 680
========================
Round #13
Player cards: [♠J, ♦K], Bot cards:[♠9, ♥9]
Player points: [20, 20], Bot points:[18, 18]
Player point: 20, Bot point: 18
Player win! Money: 700
========================
Round #14
Player cards: [♦2, ♣9], Bot cards:[♦8, ♥T]
Player points: [11, 11], Bot points:[18, 18]
----- Double Bet! -----
Player get one more card ♠K
Player point: 21, Bot point: 18
Player win! Money: 740
========================
Round #15
Player cards: [♦9, ♠T], Bot cards:[♣4, ♦5]
Player points: [19, 19], Bot points:[9, 9]
Bot get one more card ♠7
Bot get one more card ♥A
Player point: 19, Bot point: 17
Player win! Money: 760
========================
Round #16
Player cards: [♦4, ♦A], Bot cards:[♦Q, ♥K]
Player points: [5, 15], Bot points:[20, 20]
Player get one more card ♠J
Player get one more card ♠7
Player point: 22, Bot point: 20
Player lose! Money: 740
========================
Round #17
Player cards: [♥5, ♠A], Bot cards:[♠3, ♣7]
Player points: [6, 16], Bot points:[10, 10]
Bot get one more card ♠3
Bot get one more card ♣8
Player point: 16, Bot point: 21
Player lose! Money: 720
========================
Round #18
Player cards: [♦6, ♠A], Bot cards:[♠2, ♣6]
Player points: [7, 17], Bot points:[8, 8]
Bot get one more card ♣8
Bot get one more card ♣Q
Player point: 17, Bot point: 26
Player win! Money: 740
========================
Round #19
Player cards: [♠7, ♥K], Bot cards:[♠T, ♣Q]
Player points: [17, 17], Bot points:[20, 20]
Player point: 17, Bot point: 20
Player lose! Money: 720
========================
Round #20
Player cards: [♥2, ♦A], Bot cards:[♦4, ♦T]
Player points: [3, 13], Bot points:[14, 14]
Bot get one more card ♥A
Bot get one more card ♠4
Player point: 13, Bot point: 19
Player lose! Money: 700
========================
Round #21
Player cards: [♠4, ♦5], Bot cards:[♣4, ♣T]
Player points: [9, 9], Bot points:[14, 14]
----- Double Bet! -----
Player get one more card ♥T
Bot get one more card ♦Q
Player point: 19, Bot point: 24
Player win! Money: 740
========================
Round #22
Player cards: [♥7, ♥J], Bot cards:[♥2, ♠2]
Player points: [17, 17], Bot points:[4, 4]
Bot get one more card ♥2
Bot get one more card ♣7
Bot get one more card ♣J
Player point: 17, Bot point: 23
Player win! Money: 760
========================
Round #23
Player cards: [♥4, ♣6], Bot cards:[♣3, ♣6]
Player points: [10, 10], Bot points:[9, 9]
----- Double Bet! -----
Player get one more card ♠Q
Bot get one more card ♥Q
Player point: 20, Bot point: 19
Player win! Money: 800
========================
Round #24
Player cards: [♣8, ♦9], Bot cards:[♦3, ♦Q]
Player points: [17, 17], Bot points:[13, 13]
Bot get one more card ♠6
Player point: 17, Bot point: 19
Player lose! Money: 780
========================
Round #25
Player cards: [♣5, ♣6], Bot cards:[♦4, ♦8]
Player points: [11, 11], Bot points:[12, 12]
----- Double Bet! -----
Player get one more card ♥5
Bot get one more card ♦6
Player point: 16, Bot point: 18
Player lose! Money: 740
========================
Round #26
Player cards: [♣5, ♦6], Bot cards:[♥3, ♣J]
Player points: [11, 11], Bot points:[13, 13]
----- Double Bet! -----
Player get one more card ♥A
Bot get one more card ♣9
Player point: 12, Bot point: 22
Player win! Money: 780
========================
Round #27
Player cards: [♦5, ♣A], Bot cards:[♠Q, ♦K]
Player points: [6, 16], Bot points:[20, 20]
Player get one more card ♥Q
Player get one more card ♣4
Player point: 20, Bot point: 20
Draw! Money:780
========================
Round #28
Player cards: [♠6, ♦T], Bot cards:[♦2, ♣4]
Player points: [16, 16], Bot points:[6, 6]
Bot get one more card ♥J
Bot get one more card ♥7
Player point: 16, Bot point: 23
Player win! Money: 800
========================
Round #29
Player cards: [♦5, ♠J], Bot cards:[♦6, ♥K]
Player points: [15, 15], Bot points:[16, 16]
Bot get one more card ♥6
Player point: 15, Bot point: 22
Player win! Money: 820
========================
Round #30
Player cards: [♣2, ♥K], Bot cards:[♥3, ♣A]
Player points: [12, 12], Bot points:[4, 14]
Player get one more card ♠5
Bot get one more card ♣9
Bot get one more card ♦J
Player point: 17, Bot point: 23
Player win! Money: 840
========================
Round #31
Player cards: [♥7, ♣Q], Bot cards:[♦3, ♦7]
Player points: [17, 17], Bot points:[10, 10]
Bot get one more card ♥2
Bot get one more card ♠9
Player point: 17, Bot point: 21
Player lose! Money: 820
========================
Round #32
Player cards: [♦3, ♥J], Bot cards:[♠8, ♠T]
Player points: [13, 13], Bot points:[18, 18]
Player get one more card ♦7
Player point: 20, Bot point: 18
Player win! Money: 840
========================
Round #33
Player cards: [♦T, ♦T], Bot cards:[♦2, ♥3]
Player points: [20, 20], Bot points:[5, 5]
Bot get one more card ♥9
Bot get one more card ♦3
Player point: 20, Bot point: 17
Player win! Money: 860
========================
Round #34
Player cards: [♥8, ♦9], Bot cards:[♦7, ♣K]
Player points: [17, 17], Bot points:[17, 17]
Player point: 17, Bot point: 17
Draw! Money:860
========================
Round #35
New deck
Player cards: [♥9, ♠T], Bot cards:[♣7, ♥8]
Player points: [19, 19], Bot points:[15, 15]
Bot get one more card ♠3
Player point: 19, Bot point: 18
Player win! Money: 880
========================
Round #36
Player cards: [♥2, ♦5], Bot cards:[♦2, ♦J]
Player points: [7, 7], Bot points:[12, 12]
Player get one more card ♥8
Bot get one more card ♦9
Player point: 15, Bot point: 21
Player lose! Money: 860
========================
Round #37
Player cards: [♥6, ♥J], Bot cards:[♠2, ♦3]
Player points: [16, 16], Bot points:[5, 5]
Bot get one more card ♠4
Bot get one more card ♣5
Bot get one more card ♣8
Player point: 16, Bot point: 22
Player win! Money: 880
========================
Round #38
Player cards: [♦J, ♥A], Bot cards:[♥4, ♥6]
Player points: [11, 21], Bot points:[10, 10]
Bot get one more card ♣Q
Player point: 21, Bot point: 20
------ BlackJack!! ------
Player win! Money: 906.0
========================
Round #39
Player cards: [♠5, ♣K], Bot cards:[♠9, ♠A]
Player points: [15, 15], Bot points:[10, 20]
Player get one more card ♠J
Bot get one more card ♣4
Bot get one more card ♠A
Bot get one more card ♥8
Player point: 25, Bot point: 23
Player lose! Money: 886.0
========================
Round #40
Player cards: [♠5, ♣T], Bot cards:[♠T, ♠J]
Player points: [15, 15], Bot points:[20, 20]
Player get one more card ♠2
Player point: 17, Bot point: 20
Player lose! Money: 866.0
========================
Round #41
Player cards: [♦T, ♦K], Bot cards:[♥3, ♠A]
Player points: [20, 20], Bot points:[4, 14]
Bot get one more card ♣7
Bot get one more card ♦4
Bot get one more card ♦A
Bot get one more card ♦T
Player point: 20, Bot point: 26
Player win! Money: 886.0
========================
Round #42
Player cards: [♠2, ♦8], Bot cards:[♦K, ♦A]
Player points: [10, 10], Bot points:[11, 21]
Player get one more card ♣6
Player get one more card ♠8
Bot get one more card ♠7
Player point: 24, Bot point: 18
Player lose! Money: 866.0
========================
Round #43
Player cards: [♥Q, ♥K], Bot cards:[♠4, ♠7]
Player points: [20, 20], Bot points:[11, 11]
Bot get one more card ♠4
Bot get one more card ♦9
Player point: 20, Bot point: 24
Player win! Money: 886.0
========================
Round #44
Player cards: [♦4, ♦8], Bot cards:[♣4, ♣J]
Player points: [12, 12], Bot points:[14, 14]
Bot get one more card ♦J
Player point: 12, Bot point: 24
Player win! Money: 906.0
========================
Round #45
Player cards: [♠J, ♦Q], Bot cards:[♠5, ♦7]
Player points: [20, 20], Bot points:[12, 12]
Bot get one more card ♣A
Bot get one more card ♠Q
Player point: 20, Bot point: 23
Player win! Money: 926.0
========================
Round #46
Player cards: [♣9, ♥T], Bot cards:[♠K, ♦K]
Player points: [19, 19], Bot points:[20, 20]
Player point: 19, Bot point: 20
Player lose! Money: 906.0
========================
Round #47
Player cards: [♦5, ♥A], Bot cards:[♦4, ♥7]
Player points: [6, 16], Bot points:[11, 11]
Bot get one more card ♠Q
Player point: 16, Bot point: 21
Player lose! Money: 886.0
========================
Round #48
Player cards: [♦2, ♦9], Bot cards:[♥4, ♣6]
Player points: [11, 11], Bot points:[10, 10]
----- Double Bet! -----
Player get one more card ♣5
Bot get one more card ♦K
Player point: 16, Bot point: 20
Player lose! Money: 846.0
========================
Round #49
Player cards: [♣7, ♣T], Bot cards:[♠3, ♦T]
Player points: [17, 17], Bot points:[13, 13]
Bot get one more card ♠T
Player point: 17, Bot point: 23
Player win! Money: 866.0
========================
Round #50
Player cards: [♥6, ♥7], Bot cards:[♣9, ♦A]
Player points: [13, 13], Bot points:[10, 20]
Player get one more card ♦3
Player get one more card ♥9
Bot get one more card ♠7
Player point: 25, Bot point: 17
Player lose! Money: 846.0
========================
Round #51
Player cards: [♥7, ♠K], Bot cards:[♦8, ♣A]
Player points: [17, 17], Bot points:[9, 19]
Bot get one more card ♥J
Player point: 17, Bot point: 19
Player lose! Money: 826.0
========================
Round #52
Player cards: [♣4, ♣A], Bot cards:[♦6, ♥J]
Player points: [5, 15], Bot points:[16, 16]
Bot get one more card ♣Q
Player point: 15, Bot point: 26
Player win! Money: 846.0
========================
Round #53
Player cards: [♦7, ♠K], Bot cards:[♠6, ♣T]
Player points: [17, 17], Bot points:[16, 16]
Bot get one more card ♣8
Player point: 17, Bot point: 24
Player win! Money: 866.0
========================
Round #54
Player cards: [♥4, ♣J], Bot cards:[♦2, ♣J]
Player points: [14, 14], Bot points:[12, 12]
Bot get one more card ♠6
Player point: 14, Bot point: 18
Player lose! Money: 846.0
========================
Round #55
Player cards: [♦5, ♦Q], Bot cards:[♥3, ♥5]
Player points: [15, 15], Bot points:[8, 8]
Bot get one more card ♥K
Player point: 15, Bot point: 18
Player lose! Money: 826.0
========================
Round #56
Player cards: [♠2, ♠9], Bot cards:[♣6, ♠T]
Player points: [11, 11], Bot points:[16, 16]
----- Double Bet! -----
Player get one more card ♦6
Bot get one more card ♦A
Player point: 17, Bot point: 17
Draw! Money:826.0
========================
Round #57
Player cards: [♥9, ♠K], Bot cards:[♣9, ♠K]
Player points: [19, 19], Bot points:[19, 19]
Player point: 19, Bot point: 19
Draw! Money:826.0
========================
Round #58
Player cards: [♠5, ♥K], Bot cards:[♣2, ♣3]
Player points: [15, 15], Bot points:[5, 5]
Bot get one more card ♠Q
Bot get one more card ♥T
Player point: 15, Bot point: 25
Player win! Money: 846.0
========================
Round #59
Player cards: [♠Q, ♥A], Bot cards:[♥7, ♥Q]
Player points: [11, 21], Bot points:[17, 17]
Player point: 21, Bot point: 17
------ BlackJack!! ------
Player win! Money: 872.0
========================
Round #60
Player cards: [♣7, ♠8], Bot cards:[♥5, ♥J]
Player points: [15, 15], Bot points:[15, 15]
Bot get one more card ♥9
Player point: 15, Bot point: 24
Player win! Money: 892.0
========================
Round #61
Player cards: [♣5, ♥8], Bot cards:[♣2, ♠4]
Player points: [13, 13], Bot points:[6, 6]
Bot get one more card ♣3
Bot get one more card ♣7
Bot get one more card ♥4
Player point: 13, Bot point: 20
Player lose! Money: 872.0
========================
Round #62
Player cards: [♣2, ♥5], Bot cards:[♦4, ♦T]
Player points: [7, 7], Bot points:[14, 14]
Player get one more card ♠8
Bot get one more card ♥A
Bot get one more card ♥2
Player point: 15, Bot point: 17
Player lose! Money: 852.0
========================
Round #63
Player cards: [♠9, ♥T], Bot cards:[♥6, ♣K]
Player points: [19, 19], Bot points:[16, 16]
Bot get one more card ♦A
Player point: 19, Bot point: 17
Player win! Money: 872.0
========================
Round #64
Player cards: [♥3, ♥K], Bot cards:[♦9, ♥Q]
Player points: [13, 13], Bot points:[19, 19]
Player get one more card ♠3
Player get one more card ♥5
Player point: 21, Bot point: 19
Player win! Money: 892.0
========================
Round #65
Player cards: [♥J, ♣Q], Bot cards:[♣6, ♦Q]
Player points: [20, 20], Bot points:[16, 16]
Bot get one more card ♦6
Player point: 20, Bot point: 22
Player win! Money: 912.0
========================
Round #66
Player cards: [♣2, ♠J], Bot cards:[♠5, ♠8]
Player points: [12, 12], Bot points:[13, 13]
Bot get one more card ♣T
Player point: 12, Bot point: 23
Player win! Money: 932.0
========================
Round #67
Player cards: [♥2, ♦7], Bot cards:[♠3, ♣K]
Player points: [9, 9], Bot points:[13, 13]
----- Double Bet! -----
Player get one more card ♥Q
Bot get one more card ♦8
Player point: 19, Bot point: 21
Player lose! Money: 892.0
========================
Round #68
Player cards: [♣3, ♥3], Bot cards:[♦4, ♠A]
Player points: [6, 6], Bot points:[5, 15]
-------- Split! Two hands: [7, 7], [10, 10]
Player get one more card ♥2
Player get one more card ♦2
For second hand:
----- Double Bet! -----
Player get one more card ♦Q
Bot get one more card ♣K
Bot get one more card ♦J
Player point: 11, Bot point: 25
Player win! Money: 912.0
========================
Player point: 20, Bot point: 25
Player win! Money: 952.0
========================
Round #69
Player cards: [♠6, ♣8], Bot cards:[♣3, ♥T]
Player points: [14, 14], Bot points:[13, 13]
Bot get one more card ♣5
Player point: 14, Bot point: 18
Player lose! Money: 932.0
========================
Round #70
Player cards: [♣J, ♣Q], Bot cards:[♣8, ♣A]
Player points: [20, 20], Bot points:[9, 19]
Bot get one more card ♠7
Bot get one more card ♦3
Player point: 20, Bot point: 19
Player win! Money: 952.0
========================
Round #71
New deck
Player cards: [♠2, ♠4], Bot cards:[♦6, ♣T]
Player points: [6, 6], Bot points:[16, 16]
Player get one more card ♦3
Player get one more card ♠Q
Bot get one more card ♥2
Player point: 19, Bot point: 18
Player win! Money: 972.0
========================
Round #72
Player cards: [♣7, ♠9], Bot cards:[♠2, ♠T]
Player points: [16, 16], Bot points:[12, 12]
Bot get one more card ♦T
Player point: 16, Bot point: 22
Player win! Money: 992.0
========================
Round #73
Player cards: [♦6, ♠J], Bot cards:[♦3, ♦7]
Player points: [16, 16], Bot points:[10, 10]
Bot get one more card ♠2
Bot get one more card ♥5
Player point: 16, Bot point: 17
Player lose! Money: 972.0
========================
Round #74
Player cards: [♥7, ♠T], Bot cards:[♦2, ♣K]
Player points: [17, 17], Bot points:[12, 12]
Bot get one more card ♥J
Player point: 17, Bot point: 22
Player win! Money: 992.0
========================
Round #75
Player cards: [♠8, ♦J], Bot cards:[♣3, ♦4]
Player points: [18, 18], Bot points:[7, 7]
Bot get one more card ♥A
Bot get one more card ♦Q
Player point: 18, Bot point: 18
Draw! Money:992.0
========================
Round #76
Player cards: [♦K, ♥A], Bot cards:[♥5, ♥8]
Player points: [11, 21], Bot points:[13, 13]
Bot get one more card ♣5
Player point: 21, Bot point: 18
------ BlackJack!! ------
Player win! Money: 1018.0
========================
Round #77
Player cards: [♣2, ♥2], Bot cards:[♥T, ♠Q]
Player points: [4, 4], Bot points:[20, 20]
Player get one more card ♠6
Player get one more card ♣5
Player get one more card ♠J
Player point: 25, Bot point: 20
Player lose! Money: 998.0
========================
Round #78
Player cards: [♠4, ♠A], Bot cards:[♦5, ♠K]
Player points: [5, 15], Bot points:[15, 15]
Bot get one more card ♣6
Player point: 15, Bot point: 21
Player lose! Money: 978.0
========================
Round #79
Player cards: [♣9, ♣A], Bot cards:[♠3, ♥4]
Player points: [10, 20], Bot points:[7, 7]
Bot get one more card ♦K
Player point: 20, Bot point: 17
Player win! Money: 998.0
========================
Round #80
Player cards: [♦6, ♠7], Bot cards:[♥6, ♠A]
Player points: [13, 13], Bot points:[7, 17]
Bot get one more card ♦A
Bot get one more card ♣3
Bot get one more card ♥J
Player point: 13, Bot point: 21
Player lose! Money: 978.0
========================
Round #81
Player cards: [♠6, ♠A], Bot cards:[♦3, ♠5]
Player points: [7, 17], Bot points:[8, 8]
Bot get one more card ♠Q
Player point: 17, Bot point: 18
Player lose! Money: 958.0
========================
Round #82
Player cards: [♦5, ♥8], Bot cards:[♠6, ♦J]
Player points: [13, 13], Bot points:[16, 16]
Bot get one more card ♦A
Player point: 13, Bot point: 17
Player lose! Money: 938.0
========================
Round #83
Player cards: [♣5, ♥K], Bot cards:[♠6, ♠9]
Player points: [15, 15], Bot points:[15, 15]
Bot get one more card ♠A
Bot get one more card ♦8
Player point: 15, Bot point: 24
Player win! Money: 958.0
========================
Round #84
Player cards: [♥6, ♠T], Bot cards:[♦2, ♠K]
Player points: [16, 16], Bot points:[12, 12]
Bot get one more card ♠5
Player point: 16, Bot point: 17
Player lose! Money: 938.0
========================
Round #85
Player cards: [♥3, ♥K], Bot cards:[♠7, ♦9]
Player points: [13, 13], Bot points:[16, 16]
Player get one more card ♠5
Bot get one more card ♦6
Player point: 18, Bot point: 22
Player win! Money: 958.0
========================
Round #86
Player cards: [♥3, ♦Q], Bot cards:[♥7, ♣J]
Player points: [13, 13], Bot points:[17, 17]
Player get one more card ♦9
Player point: 22, Bot point: 17
Player lose! Money: 938.0
========================
Round #87
Player cards: [♠3, ♠3], Bot cards:[♠8, ♠9]
Player points: [6, 6], Bot points:[17, 17]
Player get one more card ♣9
Player get one more card ♣T
Player point: 25, Bot point: 17
Player lose! Money: 918.0
========================
Round #88
Player cards: [♥Q, ♥K], Bot cards:[♦7, ♥8]
Player points: [20, 20], Bot points:[15, 15]
Bot get one more card ♣T
Player point: 20, Bot point: 25
Player win! Money: 938.0
========================
Round #89
Player cards: [♥4, ♥8], Bot cards:[♥3, ♥Q]
Player points: [12, 12], Bot points:[13, 13]
Player get one more card ♣J
Bot get one more card ♥9
Player point: 22, Bot point: 22
Player lose! Money: 918.0
========================
Round #90
Player cards: [♥4, ♦K], Bot cards:[♥J, ♦A]
Player points: [14, 14], Bot points:[11, 21]
Player get one more card ♣2
Player get one more card ♠K
Bot get one more card ♣6
Player point: 26, Bot point: 17
Player lose! Money: 898.0
========================
Round #91
Player cards: [♣4, ♦5], Bot cards:[♣2, ♣J]
Player points: [9, 9], Bot points:[12, 12]
Player get one more card ♥T
Bot get one more card ♦T
Player point: 19, Bot point: 22
Player win! Money: 918.0
========================
Round #92
Player cards: [♦2, ♥7], Bot cards:[♥7, ♣Q]
Player points: [9, 9], Bot points:[17, 17]
Player get one more card ♦3
Player get one more card ♦A
Player get one more card ♠9
Player point: 22, Bot point: 17
Player lose! Money: 898.0
========================
Round #93
Player cards: [♣2, ♣8], Bot cards:[♣Q, ♠K]
Player points: [10, 10], Bot points:[20, 20]
Player get one more card ♣K
Player point: 20, Bot point: 20
Draw! Money:898.0
========================
Round #94
Player cards: [♥5, ♠8], Bot cards:[♣3, ♦J]
Player points: [13, 13], Bot points:[13, 13]
Bot get one more card ♥K
Player point: 13, Bot point: 23
Player win! Money: 918.0
========================
Round #95
Player cards: [♣8, ♥T], Bot cards:[♠7, ♣A]
Player points: [18, 18], Bot points:[8, 18]
Bot get one more card ♥5
Bot get one more card ♣6
Player point: 18, Bot point: 19
Player lose! Money: 898.0
========================
Round #96
Player cards: [♦8, ♣A], Bot cards:[♥9, ♥Q]
Player points: [9, 19], Bot points:[19, 19]
Player point: 19, Bot point: 19
Draw! Money:898.0
========================
Round #97
Player cards: [♦4, ♣K], Bot cards:[♣4, ♥9]
Player points: [14, 14], Bot points:[13, 13]
Bot get one more card ♥6
Player point: 14, Bot point: 19
Player lose! Money: 878.0
========================
Round #98
Player cards: [♠2, ♣6], Bot cards:[♥2, ♦4]
Player points: [8, 8], Bot points:[6, 6]
Player get one more card ♣3
Player get one more card ♦9
Bot get one more card ♥A
Bot get one more card ♦9
Bot get one more card ♦Q
Player point: 20, Bot point: 26
Player win! Money: 898.0
========================
Round #99
Player cards: [♣5, ♥T], Bot cards:[♠T, ♠Q]
Player points: [15, 15], Bot points:[20, 20]
Player get one more card ♦5
Player point: 20, Bot point: 20
Draw! Money:898.0
========================
Round #100
Player cards: [♣9, ♣Q], Bot cards:[♥6, ♦Q]
Player points: [19, 19], Bot points:[16, 16]
Bot get one more card ♦3
Player point: 19, Bot point: 19
Draw! Money:898.0
========================
Round #101
Player cards: [♣8, ♠J], Bot cards:[♣7, ♦T]
Player points: [18, 18], Bot points:[17, 17]
Player point: 18, Bot point: 17
Player win! Money: 918.0
========================
Round #102
Player cards: [♠5, ♣K], Bot cards:[♥5, ♣7]
Player points: [15, 15], Bot points:[12, 12]
Bot get one more card ♦T
Player point: 15, Bot point: 22
Player win! Money: 938.0
========================
Round #103
Player cards: [♣4, ♠9], Bot cards:[♦2, ♥A]
Player points: [13, 13], Bot points:[3, 13]
Bot get one more card ♥J
Bot get one more card ♠6
Player point: 13, Bot point: 19
Player lose! Money: 918.0
========================
Round #104
Player cards: [♥9, ♣9], Bot cards:[♥3, ♦J]
Player points: [18, 18], Bot points:[13, 13]
-------- Split! Two hands: [19, 19], [19, 19]
For second hand:
Bot get one more card ♦4
Player point: 19, Bot point: 17
Player win! Money: 938.0
========================
Player point: 19, Bot point: 17
Player win! Money: 958.0
========================
Round #105
Player cards: [♦5, ♥6], Bot cards:[♠4, ♦6]
Player points: [11, 11], Bot points:[10, 10]
----- Double Bet! -----
Player get one more card ♣T
Bot get one more card ♠4
Bot get one more card ♦8
Player point: 21, Bot point: 22
Player win! Money: 998.0
========================
Round #106
Player cards: [♠3, ♥4], Bot cards:[♣4, ♦7]
Player points: [7, 7], Bot points:[11, 11]
Player get one more card ♦7
Bot get one more card ♥4
Bot get one more card ♠J
Player point: 14, Bot point: 25
Player win! Money: 1018.0
========================
Round #107
Player cards: [♥2, ♠8], Bot cards:[♦8, ♣Q]
Player points: [10, 10], Bot points:[18, 18]
----- Double Bet! -----
Player get one more card ♣7
Player point: 17, Bot point: 18
Player lose! Money: 978.0
========================
Round #108
New deck
Player cards: [♠K, ♥K], Bot cards:[♣5, ♠Q]
Player points: [20, 20], Bot points:[15, 15]
Bot get one more card ♦Q
Player point: 20, Bot point: 25
Player win! Money: 998.0
========================
Round #109
Player cards: [♠6, ♣J], Bot cards:[♠3, ♦K]
Player points: [16, 16], Bot points:[13, 13]
Bot get one more card ♣Q
Player point: 16, Bot point: 23
Player win! Money: 1018.0
========================
Round #110
Player cards: [♦8, ♥9], Bot cards:[♦3, ♥J]
Player points: [17, 17], Bot points:[13, 13]
Bot get one more card ♠J
Player point: 17, Bot point: 23
Player win! Money: 1038.0
========================
Round #111
Player cards: [♥6, ♥8], Bot cards:[♦7, ♦T]
Player points: [14, 14], Bot points:[17, 17]
Player get one more card ♦Q
Player point: 24, Bot point: 17
Player lose! Money: 1018.0
========================
Round #112
Player cards: [♦3, ♣6], Bot cards:[♣Q, ♥K]
Player points: [9, 9], Bot points:[20, 20]
Player get one more card ♠2
Player get one more card ♣K
Player point: 21, Bot point: 20
Player win! Money: 1038.0
========================
Round #113
Player cards: [♦4, ♠T], Bot cards:[♥4, ♣A]
Player points: [14, 14], Bot points:[5, 15]
Bot get one more card ♠3
Bot get one more card ♦A
Bot get one more card ♥5
Bot get one more card ♦K
Player point: 14, Bot point: 24
Player win! Money: 1058.0
========================
Round #114
Player cards: [♠5, ♣A], Bot cards:[♣2, ♣7]
Player points: [6, 16], Bot points:[9, 9]
Bot get one more card ♥J
Player point: 16, Bot point: 19
Player lose! Money: 1038.0
========================
Round #115
Player cards: [♠9, ♣Q], Bot cards:[♣3, ♣7]
Player points: [19, 19], Bot points:[10, 10]
Bot get one more card ♣7
Player point: 19, Bot point: 17
Player win! Money: 1058.0
========================
Round #116
Player cards: [♦J, ♣K], Bot cards:[♣6, ♣J]
Player points: [20, 20], Bot points:[16, 16]
Bot get one more card ♦7
Player point: 20, Bot point: 23
Player win! Money: 1078.0
========================
Round #117
Player cards: [♣9, ♥Q], Bot cards:[♠4, ♦7]
Player points: [19, 19], Bot points:[11, 11]
Bot get one more card ♣8
Player point: 19, Bot point: 19
Draw! Money:1078.0
========================
Round #118
Player cards: [♠2, ♠J], Bot cards:[♥4, ♠J]
Player points: [12, 12], Bot points:[14, 14]
Bot get one more card ♠A
Bot get one more card ♦5
Player point: 12, Bot point: 20
Player lose! Money: 1058.0
========================
Round #119
Player cards: [♦3, ♥Q], Bot cards:[♦4, ♥K]
Player points: [13, 13], Bot points:[14, 14]
Bot get one more card ♦6
Player point: 13, Bot point: 20
Player lose! Money: 1038.0
========================
Round #120
Player cards: [♣2, ♣A], Bot cards:[♦7, ♠J]
Player points: [3, 13], Bot points:[17, 17]
Player get one more card ♣T
Player get one more card ♥7
Player point: 20, Bot point: 17
Player win! Money: 1058.0
========================
Round #121
Player cards: [♥Q, ♦A], Bot cards:[♥5, ♠Q]
Player points: [11, 21], Bot points:[15, 15]
Bot get one more card ♥3
Player point: 21, Bot point: 18
------ BlackJack!! ------
Player win! Money: 1084.0
========================
Round #122
Player cards: [♠3, ♣8], Bot cards:[♥2, ♥3]
Player points: [11, 11], Bot points:[5, 5]
----- Double Bet! -----
Player get one more card ♥4
Bot get one more card ♦8
Bot get one more card ♦5
Player point: 15, Bot point: 18
Player lose! Money: 1044.0
========================
Round #123
Player cards: [♠9, ♦T], Bot cards:[♦9, ♦A]
Player points: [19, 19], Bot points:[10, 20]
Bot get one more card ♥T
Player point: 19, Bot point: 20
Player lose! Money: 1024.0
========================
Round #124
Player cards: [♥2, ♥8], Bot cards:[♦4, ♠9]
Player points: [10, 10], Bot points:[13, 13]
----- Double Bet! -----
Player get one more card ♣K
Bot get one more card ♠5
Player point: 20, Bot point: 18
Player win! Money: 1064.0
========================
Round #125
Player cards: [♥3, ♥J], Bot cards:[♣2, ♠8]
Player points: [13, 13], Bot points:[10, 10]
Bot get one more card ♠Q
Player point: 13, Bot point: 20
Player lose! Money: 1044.0
========================
Round #126
Player cards: [♦6, ♠9], Bot cards:[♣6, ♦9]
Player points: [15, 15], Bot points:[15, 15]
Bot get one more card ♦6
Player point: 15, Bot point: 21
Player lose! Money: 1024.0
========================
Round #127
Player cards: [♣4, ♣J], Bot cards:[♦4, ♠7]
Player points: [14, 14], Bot points:[11, 11]
Bot get one more card ♥8
Player point: 14, Bot point: 19
Player lose! Money: 1004.0
========================
Round #128
Player cards: [♠T, ♦A], Bot cards:[♣5, ♣T]
Player points: [11, 21], Bot points:[15, 15]
Bot get one more card ♦8
Player point: 21, Bot point: 23
------ BlackJack!! ------
Player win! Money: 1030.0
========================
Round #129
Player cards: [♥5, ♠A], Bot cards:[♠4, ♠8]
Player points: [6, 16], Bot points:[12, 12]
Bot get one more card ♣3
Bot get one more card ♦9
Player point: 16, Bot point: 24
Player win! Money: 1050.0
========================
Round #130
Player cards: [♠2, ♦J], Bot cards:[♣4, ♣5]
Player points: [12, 12], Bot points:[9, 9]
Bot get one more card ♦Q
Player point: 12, Bot point: 19
Player lose! Money: 1030.0
========================
Round #131
Player cards: [♣J, ♥A], Bot cards:[♥2, ♦Q]
Player points: [11, 21], Bot points:[12, 12]
Bot get one more card ♦T
Player point: 21, Bot point: 22
------ BlackJack!! ------
Player win! Money: 1056.0
========================
Round #132
Player cards: [♠6, ♣Q], Bot cards:[♠6, ♦J]
Player points: [16, 16], Bot points:[16, 16]
Bot get one more card ♣T
Player point: 16, Bot point: 26
Player win! Money: 1076.0
========================
Round #133
Player cards: [♠5, ♠7], Bot cards:[♠Q, ♦K]
Player points: [12, 12], Bot points:[20, 20]
Player get one more card ♣8
Player point: 20, Bot point: 20
Draw! Money:1076.0
========================
Round #134
Player cards: [♦6, ♣9], Bot cards:[♣6, ♥Q]
Player points: [15, 15], Bot points:[16, 16]
Bot get one more card ♦2
Player point: 15, Bot point: 18
Player lose! Money: 1056.0
========================
Round #135
Player cards: [♣4, ♥7], Bot cards:[♣9, ♦K]
Player points: [11, 11], Bot points:[19, 19]
----- Double Bet! -----
Player get one more card ♥K
Player point: 21, Bot point: 19
Player win! Money: 1096.0
========================
Round #136
Player cards: [♦5, ♣A], Bot cards:[♥3, ♥6]
Player points: [6, 16], Bot points:[9, 9]
Bot get one more card ♥6
Bot get one more card ♠5
Player point: 16, Bot point: 20
Player lose! Money: 1076.0
========================
Round #137
Player cards: [♥9, ♠K], Bot cards:[♠7, ♦T]
Player points: [19, 19], Bot points:[17, 17]
Player point: 19, Bot point: 17
Player win! Money: 1096.0
========================
Round #138
Player cards: [♦3, ♠6], Bot cards:[♣2, ♥T]
Player points: [9, 9], Bot points:[12, 12]
Player get one more card ♠4
Bot get one more card ♥A
Bot get one more card ♣J
Player point: 13, Bot point: 23
Player win! Money: 1116.0
========================
Round #139
Player cards: [♣3, ♥6], Bot cards:[♠T, ♣K]
Player points: [9, 9], Bot points:[20, 20]
Player get one more card ♥9
Player point: 18, Bot point: 20
Player lose! Money: 1096.0
========================
Round #140
Player cards: [♠7, ♠8], Bot cards:[♥7, ♦9]
Player points: [15, 15], Bot points:[16, 16]
Player get one more card ♦2
Bot get one more card ♣A
Player point: 17, Bot point: 17
Draw! Money:1096.0
========================
Round #141
Player cards: [♦2, ♦8], Bot cards:[♠8, ♠A]
Player points: [10, 10], Bot points:[9, 19]
----- Double Bet! -----
Player get one more card ♠T
Bot get one more card ♣4
Bot get one more card ♦2
Bot get one more card ♣8
Player point: 20, Bot point: 23
Player win! Money: 1136.0
========================
Round #142
Player cards: [♣8, ♣T], Bot cards:[♥2, ♥9]
Player points: [18, 18], Bot points:[11, 11]
Bot get one more card ♣7
Player point: 18, Bot point: 18
Draw! Money:1136.0
========================
Round #143
Player cards: [♣9, ♥A], Bot cards:[♠3, ♦5]
Player points: [10, 20], Bot points:[8, 8]
Bot get one more card ♥T
Player point: 20, Bot point: 18
Player win! Money: 1156.0
========================
Round #144
Player cards: [♥5, ♣9], Bot cards:[♠4, ♥J]
Player points: [14, 14], Bot points:[14, 14]
Bot get one more card ♥8
Player point: 14, Bot point: 22
Player win! Money: 1176.0
========================
Round #145
Player cards: [♦J, ♠K], Bot cards:[♥7, ♥T]
Player points: [20, 20], Bot points:[17, 17]
Player point: 20, Bot point: 17
Player win! Money: 1196.0
========================
Round #146
New deck
Player cards: [♥2, ♠7], Bot cards:[♦2, ♠8]
Player points: [9, 9], Bot points:[10, 10]
Player get one more card ♠7
Bot get one more card ♦K
Player point: 16, Bot point: 20
Player lose! Money: 1176.0
========================
Round #147
Player cards: [♦2, ♥J], Bot cards:[♣T, ♠T]
Player points: [12, 12], Bot points:[20, 20]
Player get one more card ♠4
Player get one more card ♥7
Player point: 23, Bot point: 20
Player lose! Money: 1156.0
========================
Round #148
Player cards: [♦5, ♠9], Bot cards:[♥4, ♥K]
Player points: [14, 14], Bot points:[14, 14]
Bot get one more card ♥4
Player point: 14, Bot point: 18
Player lose! Money: 1136.0
========================
Round #149
Player cards: [♠3, ♠Q], Bot cards:[♠8, ♣T]
Player points: [13, 13], Bot points:[18, 18]
Player get one more card ♣8
Player point: 21, Bot point: 18
Player win! Money: 1156.0
========================
Round #150
Player cards: [♦J, ♦J], Bot cards:[♣4, ♠A]
Player points: [20, 20], Bot points:[5, 15]
Bot get one more card ♦3
Bot get one more card ♠6
Bot get one more card ♦5
Player point: 20, Bot point: 19
Player win! Money: 1176.0
========================
Round #151
Player cards: [♣T, ♠K], Bot cards:[♠6, ♥Q]
Player points: [20, 20], Bot points:[16, 16]
Bot get one more card ♠8
Player point: 20, Bot point: 24
Player win! Money: 1196.0
========================
Round #152
Player cards: [♥4, ♣5], Bot cards:[♦7, ♥9]
Player points: [9, 9], Bot points:[16, 16]
Player get one more card ♦3
Player get one more card ♣5
Bot get one more card ♠T
Player point: 17, Bot point: 26
Player win! Money: 1216.0
========================
Round #153
Player cards: [♦6, ♣9], Bot cards:[♠T, ♦K]
Player points: [15, 15], Bot points:[20, 20]
Player get one more card ♠A
Player get one more card ♥A
Player point: 17, Bot point: 20
Player lose! Money: 1196.0
========================
Round #154
Player cards: [♣4, ♠J], Bot cards:[♥8, ♥J]
Player points: [14, 14], Bot points:[18, 18]
Player get one more card ♣A
Player get one more card ♥5
Player point: 20, Bot point: 18
Player win! Money: 1216.0
========================
Round #155
Player cards: [♣2, ♠J], Bot cards:[♣9, ♠A]
Player points: [12, 12], Bot points:[10, 20]
Player get one more card ♣8
Bot get one more card ♣J
Player point: 20, Bot point: 20
Draw! Money:1216.0
========================
Round #156
Player cards: [♣6, ♥8], Bot cards:[♠J, ♣J]
Player points: [14, 14], Bot points:[20, 20]
Player get one more card ♠K
Player point: 24, Bot point: 20
Player lose! Money: 1196.0
========================
Round #157
Player cards: [♣2, ♦4], Bot cards:[♠5, ♣T]
Player points: [6, 6], Bot points:[15, 15]
Player get one more card ♠2
Player get one more card ♦T
Bot get one more card ♠Q
Player point: 18, Bot point: 25
Player win! Money: 1216.0
========================
Round #158
Player cards: [♥2, ♣6], Bot cards:[♥9, ♠A]
Player points: [8, 8], Bot points:[10, 20]
Player get one more card ♣4
Player get one more card ♣Q
Bot get one more card ♠8
Player point: 22, Bot point: 18
Player lose! Money: 1196.0
========================
Round #159
Player cards: [♥6, ♠Q], Bot cards:[♦3, ♠Q]
Player points: [16, 16], Bot points:[13, 13]
Bot get one more card ♥3
Bot get one more card ♠9
Player point: 16, Bot point: 25
Player win! Money: 1216.0
========================
Round #160
Player cards: [♦2, ♦6], Bot cards:[♠4, ♣Q]
Player points: [8, 8], Bot points:[14, 14]
Player get one more card ♠4
Bot get one more card ♥3
Player point: 12, Bot point: 17
Player lose! Money: 1196.0
========================
Round #161
Player cards: [♣9, ♦9], Bot cards:[♥9, ♣K]
Player points: [18, 18], Bot points:[19, 19]
-------- Split! Two hands: [19, 19], [19, 19]
For second hand:
Player point: 19, Bot point: 19
Draw! Money:1196.0
========================
Player point: 19, Bot point: 19
Draw! Money:1196.0
========================
Round #162
Player cards: [♦7, ♠9], Bot cards:[♥5, ♠5]
Player points: [16, 16], Bot points:[10, 10]
Bot get one more card ♥Q
Player point: 16, Bot point: 20
Player lose! Money: 1176.0
========================
Round #163
Player cards: [♦6, ♠T], Bot cards:[♣3, ♠5]
Player points: [16, 16], Bot points:[8, 8]
Bot get one more card ♦6
Bot get one more card ♥6
Player point: 16, Bot point: 20
Player lose! Money: 1156.0
========================
Round #164
Player cards: [♣3, ♣7], Bot cards:[♠9, ♠K]
Player points: [10, 10], Bot points:[19, 19]
----- Double Bet! -----
Player get one more card ♠5
Player point: 15, Bot point: 19
Player lose! Money: 1116.0
========================
Round #165
Player cards: [♣7, ♦K], Bot cards:[♥Q, ♦Q]
Player points: [17, 17], Bot points:[20, 20]
Player point: 17, Bot point: 20
Player lose! Money: 1096.0
========================
Round #166
Player cards: [♦3, ♥3], Bot cards:[♠4, ♣J]
Player points: [6, 6], Bot points:[14, 14]
-------- Split! Two hands: [13, 13], [5, 5]
For second hand:
Player get one more card ♣A
Bot get one more card ♣A
Bot get one more card ♥A
Bot get one more card ♦A
Player point: 13, Bot point: 17
Player lose! Money: 1076.0
========================
Player point: 16, Bot point: 17
Player lose! Money: 1056.0
========================
Round #167
Player cards: [♣K, ♥A], Bot cards:[♥6, ♥7]
Player points: [11, 21], Bot points:[13, 13]
Bot get one more card ♦9
Player point: 21, Bot point: 22
------ BlackJack!! ------
Player win! Money: 1082.0
========================
Round #168
Player cards: [♠3, ♦Q], Bot cards:[♠2, ♣A]
Player points: [13, 13], Bot points:[3, 13]
Bot get one more card ♣J
Bot get one more card ♦A
Bot get one more card ♥J
Player point: 13, Bot point: 24
Player win! Money: 1102.0
========================
Round #169
Player cards: [♦T, ♦Q], Bot cards:[♠6, ♥A]
Player points: [20, 20], Bot points:[7, 17]
Bot get one more card ♣9
Bot get one more card ♠K
Player point: 20, Bot point: 26
Player win! Money: 1122.0
========================
Round #170
Player cards: [♥5, ♣6], Bot cards:[♣Q, ♦A]
Player points: [11, 11], Bot points:[11, 21]
----- Double Bet! -----
Player get one more card ♦5
Bot get one more card ♥K
Player point: 16, Bot point: 21
Player lose! Money: 1082.0
========================
Round #171
Player cards: [♥2, ♣8], Bot cards:[♠2, ♦4]
Player points: [10, 10], Bot points:[6, 6]
----- Double Bet! -----
Player get one more card ♦T
Bot get one more card ♦5
Bot get one more card ♣Q
Player point: 20, Bot point: 21
Player lose! Money: 1042.0
========================
Round #172
Player cards: [♥5, ♦7], Bot cards:[♥2, ♦8]
Player points: [12, 12], Bot points:[10, 10]
Player get one more card ♠K
Bot get one more card ♥J
Player point: 22, Bot point: 20
Player lose! Money: 1022.0
========================
Round #173
Player cards: [♥9, ♥Q], Bot cards:[♥7, ♦Q]
Player points: [19, 19], Bot points:[17, 17]
Player point: 19, Bot point: 17
Player win! Money: 1042.0
========================
Round #174
Player cards: [♦4, ♥8], Bot cards:[♣4, ♠7]
Player points: [12, 12], Bot points:[11, 11]
Bot get one more card ♣K
Player point: 12, Bot point: 21
Player lose! Money: 1022.0
========================
Round #175
Player cards: [♦7, ♥T], Bot cards:[♣8, ♣K]
Player points: [17, 17], Bot points:[18, 18]
Player point: 17, Bot point: 18
Player lose! Money: 1002.0
========================
Round #176
Player cards: [♥4, ♥A], Bot cards:[♣5, ♠J]
Player points: [5, 15], Bot points:[15, 15]
Bot get one more card ♠3
Player point: 15, Bot point: 18
Player lose! Money: 982.0
========================
Round #177
Player cards: [♣3, ♥6], Bot cards:[♦4, ♠A]
Player points: [9, 9], Bot points:[5, 15]
----- Double Bet! -----
Player get one more card ♦J
Bot get one more card ♣7
Bot get one more card ♥T
Player point: 19, Bot point: 22
Player win! Money: 1022.0
========================
Round #178
Player cards: [♦2, ♠3], Bot cards:[♦8, ♦A]
Player points: [5, 5], Bot points:[9, 19]
Player get one more card ♠2
Player get one more card ♦8
Player get one more card ♣7
Bot get one more card ♠6
Bot get one more card ♣2
Player point: 22, Bot point: 17
Player lose! Money: 1002.0
========================
Round #179
Player cards: [♣5, ♦T], Bot cards:[♥4, ♦9]
Player points: [15, 15], Bot points:[13, 13]
Bot get one more card ♥T
Player point: 15, Bot point: 23
Player win! Money: 1022.0
========================
Round #180
Player cards: [♥3, ♥K], Bot cards:[♣2, ♣5]
Player points: [13, 13], Bot points:[7, 7]
Bot get one more card ♥7
Bot get one more card ♠7
Player point: 13, Bot point: 21
Player lose! Money: 1002.0
========================
Round #181
New deck
Player cards: [♦5, ♥6], Bot cards:[♣7, ♦8]
Player points: [11, 11], Bot points:[15, 15]
----- Double Bet! -----
Player get one more card ♠T
Bot get one more card ♦Q
Player point: 21, Bot point: 25
Player win! Money: 1042.0
========================
Round #182
Player cards: [♣9, ♦A], Bot cards:[♥6, ♥T]
Player points: [10, 20], Bot points:[16, 16]
Bot get one more card ♠9
Player point: 20, Bot point: 25
Player win! Money: 1062.0
========================
Round #183
Player cards: [♠9, ♣Q], Bot cards:[♦2, ♥K]
Player points: [19, 19], Bot points:[12, 12]
Bot get one more card ♣T
Player point: 19, Bot point: 22
Player win! Money: 1082.0
========================
Round #184
Player cards: [♦5, ♥6], Bot cards:[♥2, ♣6]
Player points: [11, 11], Bot points:[8, 8]
----- Double Bet! -----
Player get one more card ♦Q
Bot get one more card ♠Q
Player point: 21, Bot point: 18
Player win! Money: 1122.0
========================
Round #185
Player cards: [♣3, ♣J], Bot cards:[♥3, ♥5]
Player points: [13, 13], Bot points:[8, 8]
Bot get one more card ♣5
Bot get one more card ♣5
Player point: 13, Bot point: 18
Player lose! Money: 1102.0
========================
Round #186
Player cards: [♣J, ♥Q], Bot cards:[♠3, ♦5]
Player points: [20, 20], Bot points:[8, 8]
Bot get one more card ♠J
Player point: 20, Bot point: 18
Player win! Money: 1122.0
========================
Round #187
Player cards: [♣3, ♥4], Bot cards:[♥K, ♦A]
Player points: [7, 7], Bot points:[11, 21]
Player get one more card ♥4
Player get one more card ♥8
Bot get one more card ♦7
Player point: 19, Bot point: 18
Player win! Money: 1142.0
========================
Round #188
Player cards: [♥J, ♠A], Bot cards:[♥7, ♠T]
Player points: [11, 21], Bot points:[17, 17]
Player point: 21, Bot point: 17
------ BlackJack!! ------
Player win! Money: 1168.0
========================
Round #189
Player cards: [♠3, ♠T], Bot cards:[♦4, ♣7]
Player points: [13, 13], Bot points:[11, 11]
Bot get one more card ♣5
Bot get one more card ♠7
Player point: 13, Bot point: 23
Player win! Money: 1188.0
========================
Round #190
Player cards: [♣Q, ♠K], Bot cards:[♠6, ♣K]
Player points: [20, 20], Bot points:[16, 16]
Bot get one more card ♠K
Player point: 20, Bot point: 26
Player win! Money: 1208.0
========================
Round #191
Player cards: [♠2, ♦K], Bot cards:[♠4, ♣T]
Player points: [12, 12], Bot points:[14, 14]
Bot get one more card ♠6
Player point: 12, Bot point: 20
Player lose! Money: 1188.0
========================
Round #192
Player cards: [♥2, ♠A], Bot cards:[♣6, ♠K]
Player points: [3, 13], Bot points:[16, 16]
Bot get one more card ♣6
Player point: 13, Bot point: 22
Player win! Money: 1208.0
========================
Round #193
Player cards: [♦6, ♠K], Bot cards:[♦3, ♠4]
Player points: [16, 16], Bot points:[7, 7]
Bot get one more card ♣7
Bot get one more card ♣A
Bot get one more card ♦T
Player point: 16, Bot point: 25
Player win! Money: 1228.0
========================
Round #194
Player cards: [♣K, ♥K], Bot cards:[♣2, ♥5]
Player points: [20, 20], Bot points:[7, 7]
Bot get one more card ♥Q
Player point: 20, Bot point: 17
Player win! Money: 1248.0
========================
Round #195
Player cards: [♥7, ♠J], Bot cards:[♣4, ♥5]
Player points: [17, 17], Bot points:[9, 9]
Bot get one more card ♦3
Bot get one more card ♠3
Bot get one more card ♦9
Player point: 17, Bot point: 24
Player win! Money: 1268.0
========================
Round #196
Player cards: [♦2, ♠6], Bot cards:[♥J, ♣Q]
Player points: [8, 8], Bot points:[20, 20]
Player get one more card ♦6
Player get one more card ♠3
Player point: 17, Bot point: 20
Player lose! Money: 1248.0
========================
Round #197
Player cards: [♠5, ♣9], Bot cards:[♥3, ♥Q]
Player points: [14, 14], Bot points:[13, 13]
Bot get one more card ♦2
Bot get one more card ♦J
Player point: 14, Bot point: 25
Player win! Money: 1268.0
========================
Round #198
Player cards: [♥8, ♣K], Bot cards:[♦T, ♣T]
Player points: [18, 18], Bot points:[20, 20]
Player point: 18, Bot point: 20
Player lose! Money: 1248.0
========================
Round #199
Player cards: [♣4, ♦9], Bot cards:[♦4, ♣7]
Player points: [13, 13], Bot points:[11, 11]
Bot get one more card ♥5
Bot get one more card ♦9
Player point: 13, Bot point: 25
Player win! Money: 1268.0
========================
Round #200
Player cards: [♣8, ♦K], Bot cards:[♣4, ♦4]
Player points: [18, 18], Bot points:[8, 8]
Bot get one more card ♣A
Bot get one more card ♥8
Player point: 18, Bot point: 17
Player win! Money: 1288.0
========================
Round #201
Player cards: [♥8, ♦K], Bot cards:[♠5, ♣8]
Player points: [18, 18], Bot points:[13, 13]
Bot get one more card ♥A
Bot get one more card ♠4
Player point: 18, Bot point: 18
Draw! Money:1288.0
========================
Round #202
Player cards: [♦7, ♠7], Bot cards:[♠8, ♥A]
Player points: [14, 14], Bot points:[9, 19]
Player get one more card ♦9
Bot get one more card ♥9
Player point: 23, Bot point: 18
Player lose! Money: 1268.0
========================
Round #203
Player cards: [♦7, ♠8], Bot cards:[♦6, ♦9]
Player points: [15, 15], Bot points:[15, 15]
Bot get one more card ♦T
Player point: 15, Bot point: 25
Player win! Money: 1288.0
========================
Round #204
Player cards: [♦J, ♠J], Bot cards:[♦8, ♥Q]
Player points: [20, 20], Bot points:[18, 18]
Player point: 20, Bot point: 18
Player win! Money: 1308.0
========================
Round #205
Player cards: [♠Q, ♠Q], Bot cards:[♦4, ♣A]
Player points: [20, 20], Bot points:[5, 15]
Bot get one more card ♠9
Bot get one more card ♠A
Bot get one more card ♠Q
Player point: 20, Bot point: 25
Player win! Money: 1328.0
========================
Round #206
Player cards: [♥J, ♦J], Bot cards:[♠6, ♦A]
Player points: [20, 20], Bot points:[7, 17]
Bot get one more card ♥2
Bot get one more card ♣9
Player point: 20, Bot point: 18
Player win! Money: 1348.0
========================
Round #207
Player cards: [♣6, ♥K], Bot cards:[♣8, ♥9]
Player points: [16, 16], Bot points:[17, 17]
Player get one more card ♣2
Player point: 18, Bot point: 17
Player win! Money: 1368.0
========================
Round #208
Player cards: [♦2, ♥9], Bot cards:[♦K, ♥A]
Player points: [11, 11], Bot points:[11, 21]
----- Double Bet! -----
Player get one more card ♣T
Bot get one more card ♥K
Player point: 21, Bot point: 21
Player lose! Money: 1328.0
========================
Round #209
Player cards: [♣J, ♣A], Bot cards:[♣3, ♦Q]
Player points: [11, 21], Bot points:[13, 13]
Bot get one more card ♠8
Player point: 21, Bot point: 21
Player lose! Money: 1308.0
========================
Round #210
Player cards: [♠8, ♥J], Bot cards:[♣4, ♦A]
Player points: [18, 18], Bot points:[5, 15]
Bot get one more card ♥4
Bot get one more card ♣2
Bot get one more card ♠9
Player point: 18, Bot point: 20
Player lose! Money: 1288.0
========================
Round #211
Player cards: [♠T, ♥A], Bot cards:[♦8, ♦Q]
Player points: [11, 21], Bot points:[18, 18]
Player point: 21, Bot point: 18
------ BlackJack!! ------
Player win! Money: 1314.0
========================
Round #212
Player cards: [♦6, ♥8], Bot cards:[♠J, ♠A]
Player points: [14, 14], Bot points:[11, 21]
Player get one more card ♦T
Bot get one more card ♠2
Bot get one more card ♠2
Bot get one more card ♣8
Player point: 24, Bot point: 23
Player lose! Money: 1294.0
========================
Round #213
Player cards: [♣3, ♥4], Bot cards:[♥3, ♣Q]
Player points: [7, 7], Bot points:[13, 13]
Player get one more card ♠7
Bot get one more card ♥T
Player point: 14, Bot point: 23
Player win! Money: 1314.0
========================
Round #214
Player cards: [♦3, ♠5], Bot cards:[♣2, ♦5]
Player points: [8, 8], Bot points:[7, 7]
Player get one more card ♥7
Bot get one more card ♦8
Bot get one more card ♥9
Player point: 15, Bot point: 24
Player win! Money: 1334.0
========================
Round #215
Player cards: [♥7, ♣K], Bot cards:[♥2, ♦J]
Player points: [17, 17], Bot points:[12, 12]
Bot get one more card ♠5
Player point: 17, Bot point: 17
Draw! Money:1334.0
========================
Round #216
Player cards: [♠2, ♣3], Bot cards:[♠7, ♣9]
Player points: [5, 5], Bot points:[16, 16]
Player get one more card ♣5
Player get one more card ♥T
Bot get one more card ♥3
Player point: 20, Bot point: 19
Player win! Money: 1354.0
========================
Round #217
Player cards: [♥6, ♣6], Bot cards:[♦8, ♥T]
Player points: [12, 12], Bot points:[18, 18]
Player get one more card ♠7
Player point: 19, Bot point: 18
Player win! Money: 1374.0
========================
Round #218
New deck
Player cards: [♣3, ♣J], Bot cards:[♠2, ♠5]
Player points: [13, 13], Bot points:[7, 7]
Bot get one more card ♣J
Player point: 13, Bot point: 17
Player lose! Money: 1354.0
========================
Round #219
Player cards: [♥3, ♣8], Bot cards:[♣3, ♦J]
Player points: [11, 11], Bot points:[13, 13]
----- Double Bet! -----
Player get one more card ♦2
Bot get one more card ♠K
Player point: 13, Bot point: 23
Player win! Money: 1394.0
========================
Round #220
Player cards: [♣6, ♠8], Bot cards:[♣3, ♦J]
Player points: [14, 14], Bot points:[13, 13]
Bot get one more card ♠5
Player point: 14, Bot point: 18
Player lose! Money: 1374.0
========================
Round #221
Player cards: [♥A, ♦A], Bot cards:[♣J, ♣A]
Player points: [2, 12], Bot points:[11, 21]
-------- Split! Two hands: [11, 21], [4, 14]
For second hand:
Player get one more card ♠J
Player get one more card ♣6
Bot get one more card ♠T
Player point: 21, Bot point: 21
Player lose! Money: 1354.0
========================
Player point: 20, Bot point: 21
Player lose! Money: 1334.0
========================
Round #222
Player cards: [♠8, ♦9], Bot cards:[♣4, ♦8]
Player points: [17, 17], Bot points:[12, 12]
Bot get one more card ♥2
Bot get one more card ♦4
Player point: 17, Bot point: 18
Player lose! Money: 1314.0
========================
Round #223
Player cards: [♣7, ♣9], Bot cards:[♦7, ♠8]
Player points: [16, 16], Bot points:[15, 15]
Player get one more card ♥5
Bot get one more card ♦J
Player point: 21, Bot point: 25
Player win! Money: 1334.0
========================
Round #224
Player cards: [♦7, ♣8], Bot cards:[♣9, ♠K]
Player points: [15, 15], Bot points:[19, 19]
Player get one more card ♥4
Player point: 19, Bot point: 19
Draw! Money:1334.0
========================
Round #225
Player cards: [♠2, ♣T], Bot cards:[♠9, ♦K]
Player points: [12, 12], Bot points:[19, 19]
Player get one more card ♦T
Player point: 22, Bot point: 19
Player lose! Money: 1314.0
========================
Round #226
Player cards: [♥2, ♦8], Bot cards:[♥4, ♥9]
Player points: [10, 10], Bot points:[13, 13]
----- Double Bet! -----
Player get one more card ♠5
Bot get one more card ♥8
Player point: 15, Bot point: 21
Player lose! Money: 1274.0
========================
Round #227
Player cards: [♦9, ♠J], Bot cards:[♠6, ♦8]
Player points: [19, 19], Bot points:[14, 14]
Bot get one more card ♥A
Bot get one more card ♠6
Player point: 19, Bot point: 21
Player lose! Money: 1254.0
========================
Round #228
Player cards: [♣Q, ♥A], Bot cards:[♦9, ♣J]
Player points: [11, 21], Bot points:[19, 19]
Player point: 21, Bot point: 19
------ BlackJack!! ------
Player win! Money: 1280.0
========================
Round #229
Player cards: [♠4, ♦Q], Bot cards:[♣2, ♠7]
Player points: [14, 14], Bot points:[9, 9]
Bot get one more card ♦Q
Player point: 14, Bot point: 19
Player lose! Money: 1260.0
========================
Round #230
Player cards: [♣7, ♥7], Bot cards:[♠4, ♦J]
Player points: [14, 14], Bot points:[14, 14]
-------- Split! Two hands: [10, 10], [14, 14]
----- Double Bet! -----
Player get one more card ♣2
For second hand:
Bot get one more card ♠7
Player point: 12, Bot point: 21
Player lose! Money: 1220.0
========================
Player point: 14, Bot point: 21
Player lose! Money: 1200.0
========================
Round #231
Player cards: [♥7, ♣K], Bot cards:[♥6, ♣Q]
Player points: [17, 17], Bot points:[16, 16]
Bot get one more card ♠4
Player point: 17, Bot point: 20
Player lose! Money: 1180.0
========================
Round #232
Player cards: [♣2, ♥9], Bot cards:[♥K, ♦K]
Player points: [11, 11], Bot points:[20, 20]
----- Double Bet! -----
Player get one more card ♠7
Player point: 18, Bot point: 20
Player lose! Money: 1140.0
========================
Round #233
Player cards: [♠6, ♣9], Bot cards:[♥6, ♦7]
Player points: [15, 15], Bot points:[13, 13]
Bot get one more card ♠J
Player point: 15, Bot point: 23
Player win! Money: 1160.0
========================
Round #234
Player cards: [♣Q, ♦A], Bot cards:[♣6, ♥J]
Player points: [11, 21], Bot points:[16, 16]
Bot get one more card ♠5
Player point: 21, Bot point: 21
Player lose! Money: 1140.0
========================
Round #235
Player cards: [♠4, ♣8], Bot cards:[♠3, ♦3]
Player points: [12, 12], Bot points:[6, 6]
Player get one more card ♣T
Bot get one more card ♦Q
Bot get one more card ♠Q
Player point: 22, Bot point: 26
Player lose! Money: 1120.0
========================
Round #236
Player cards: [♦2, ♦3], Bot cards:[♠2, ♠2]
Player points: [5, 5], Bot points:[4, 4]
Player get one more card ♣3
Player get one more card ♣J
Bot get one more card ♠9
Bot get one more card ♥8
Player point: 18, Bot point: 21
Player lose! Money: 1100.0
========================
Round #237
Player cards: [♣T, ♠A], Bot cards:[♦T, ♠A]
Player points: [11, 21], Bot points:[11, 21]
Bot get one more card ♥9
Player point: 21, Bot point: 20
------ BlackJack!! ------
Player win! Money: 1126.0
========================
Round #238
Player cards: [♦9, ♠A], Bot cards:[♦2, ♦3]
Player points: [10, 20], Bot points:[5, 5]
Bot get one more card ♥9
Bot get one more card ♠8
Player point: 20, Bot point: 22
Player win! Money: 1146.0
========================
Round #239
Player cards: [♣K, ♣A], Bot cards:[♣5, ♥T]
Player points: [11, 21], Bot points:[15, 15]
Bot get one more card ♦3
Player point: 21, Bot point: 18
------ BlackJack!! ------
Player win! Money: 1172.0
========================
Round #240
Player cards: [♦T, ♦A], Bot cards:[♣T, ♥K]
Player points: [11, 21], Bot points:[20, 20]
Player point: 21, Bot point: 20
------ BlackJack!! ------
Player win! Money: 1198.0
========================
Round #241
Player cards: [♠J, ♣Q], Bot cards:[♦4, ♠7]
Player points: [20, 20], Bot points:[11, 11]
Bot get one more card ♥6
Player point: 20, Bot point: 17
Player win! Money: 1218.0
========================
Round #242
Player cards: [♥3, ♠T], Bot cards:[♦5, ♥T]
Player points: [13, 13], Bot points:[15, 15]
Bot get one more card ♥4
Player point: 13, Bot point: 19
Player lose! Money: 1198.0
========================
Round #243
Player cards: [♥3, ♠3], Bot cards:[♥Q, ♣K]
Player points: [6, 6], Bot points:[20, 20]
Player get one more card ♣7
Player get one more card ♥J
Player point: 23, Bot point: 20
Player lose! Money: 1178.0
========================
Round #244
Player cards: [♣4, ♦7], Bot cards:[♦6, ♦A]
Player points: [11, 11], Bot points:[7, 17]
----- Double Bet! -----
Player get one more card ♦4
Bot get one more card ♣4
Bot get one more card ♥J
Player point: 15, Bot point: 21
Player lose! Money: 1138.0
========================
Round #245
Player cards: [♠6, ♥Q], Bot cards:[♥4, ♣A]
Player points: [16, 16], Bot points:[5, 15]
Bot get one more card ♦K
Bot get one more card ♠K
Player point: 16, Bot point: 25
Player win! Money: 1158.0
========================
Round #246
Player cards: [♥2, ♠Q], Bot cards:[♦5, ♥8]
Player points: [12, 12], Bot points:[13, 13]
Bot get one more card ♥7
Player point: 12, Bot point: 20
Player lose! Money: 1138.0
========================
Round #247
Player cards: [♠9, ♥J], Bot cards:[♦7, ♦T]
Player points: [19, 19], Bot points:[17, 17]
Player point: 19, Bot point: 17
Player win! Money: 1158.0
========================
Round #248
Player cards: [♦6, ♥T], Bot cards:[♥6, ♣K]
Player points: [16, 16], Bot points:[16, 16]
Bot get one more card ♠9
Player point: 16, Bot point: 25
Player win! Money: 1178.0
========================
Round #249
Player cards: [♦K, ♥A], Bot cards:[♣2, ♠T]
Player points: [11, 21], Bot points:[12, 12]
Bot get one more card ♣3
Bot get one more card ♣8
Player point: 21, Bot point: 23
------ BlackJack!! ------
Player win! Money: 1204.0
========================
Round #250
Player cards: [♣4, ♥T], Bot cards:[♦5, ♦8]
Player points: [14, 14], Bot points:[13, 13]
Bot get one more card ♥5
Player point: 14, Bot point: 18
Player lose! Money: 1184.0
========================
Round #251
Player cards: [♥5, ♥K], Bot cards:[♦Q, ♠K]
Player points: [15, 15], Bot points:[20, 20]
Player get one more card ♦4
Player point: 19, Bot point: 20
Player lose! Money: 1164.0
========================
Round #252
Player cards: [♥2, ♠4], Bot cards:[♦3, ♦5]
Player points: [6, 6], Bot points:[8, 8]
Player get one more card ♥5
Player get one more card ♠Q
Bot get one more card ♦6
Bot get one more card ♠3
Player point: 21, Bot point: 17
Player win! Money: 1184.0
========================
Round #253
Player cards: [♦6, ♥8], Bot cards:[♣A, ♠A]
Player points: [14, 14], Bot points:[2, 12]
Player get one more card ♥Q
Bot get one more card ♣9
Bot get one more card ♣5
Bot get one more card ♥Q
Player point: 24, Bot point: 26
Player lose! Money: 1164.0
========================
Round #254
New deck
Player cards: [♠7, ♠T], Bot cards:[♦8, ♣9]
Player points: [17, 17], Bot points:[17, 17]
Player point: 17, Bot point: 17
Draw! Money:1164.0
========================
Round #255
Player cards: [♦5, ♣T], Bot cards:[♣4, ♥7]
Player points: [15, 15], Bot points:[11, 11]
Bot get one more card ♠8
Player point: 15, Bot point: 19
Player lose! Money: 1144.0
========================
Round #256
Player cards: [♠8, ♥T], Bot cards:[♠J, ♣A]
Player points: [18, 18], Bot points:[11, 21]
Bot get one more card ♣5
Bot get one more card ♥2
Player point: 18, Bot point: 18
Draw! Money:1144.0
========================
Round #257
Player cards: [♠5, ♠Q], Bot cards:[♠4, ♦4]
Player points: [15, 15], Bot points:[8, 8]
Bot get one more card ♦Q
Player point: 15, Bot point: 18
Player lose! Money: 1124.0
========================
Round #258
Player cards: [♣4, ♣5], Bot cards:[♦3, ♦7]
Player points: [9, 9], Bot points:[10, 10]
----- Double Bet! -----
Player get one more card ♠K
Bot get one more card ♥K
Player point: 19, Bot point: 20
Player lose! Money: 1084.0
========================
Round #259
Player cards: [♥2, ♦K], Bot cards:[♠5, ♦9]
Player points: [12, 12], Bot points:[14, 14]
Bot get one more card ♠3
Player point: 12, Bot point: 17
Player lose! Money: 1064.0
========================
Round #260
Player cards: [♣4, ♠5], Bot cards:[♣6, ♥K]
Player points: [9, 9], Bot points:[16, 16]
----- Double Bet! -----
Player get one more card ♥3
Bot get one more card ♥5
Player point: 12, Bot point: 21
Player lose! Money: 1024.0
========================
Round #261
Player cards: [♥4, ♣9], Bot cards:[♦J, ♦K]
Player points: [13, 13], Bot points:[20, 20]
Player get one more card ♦2
Player get one more card ♥5
Player point: 20, Bot point: 20
Draw! Money:1024.0
========================
Round #262
Player cards: [♥J, ♦J], Bot cards:[♣2, ♠A]
Player points: [20, 20], Bot points:[3, 13]
Bot get one more card ♥T
Bot get one more card ♥9
Player point: 20, Bot point: 22
Player win! Money: 1044.0
========================
Round #263
Player cards: [♠9, ♥A], Bot cards:[♦2, ♠T]
Player points: [10, 20], Bot points:[12, 12]
Bot get one more card ♣9
Player point: 20, Bot point: 21
Player lose! Money: 1024.0
========================
Round #264
Player cards: [♦6, ♠T], Bot cards:[♦9, ♣T]
Player points: [16, 16], Bot points:[19, 19]
Player get one more card ♥T
Player point: 26, Bot point: 19
Player lose! Money: 1004.0
========================
Round #265
Player cards: [♠7, ♥J], Bot cards:[♥7, ♦K]
Player points: [17, 17], Bot points:[17, 17]
Player point: 17, Bot point: 17
Draw! Money:1004.0
========================
Round #266
Player cards: [♦2, ♣K], Bot cards:[♦7, ♠A]
Player points: [12, 12], Bot points:[8, 18]
Player get one more card ♥Q
Bot get one more card ♠6
Bot get one more card ♥4
Player point: 22, Bot point: 18
Player lose! Money: 984.0
========================
Round #267
Player cards: [♣2, ♥A], Bot cards:[♦4, ♥J]
Player points: [3, 13], Bot points:[14, 14]
Bot get one more card ♠3
Player point: 13, Bot point: 17
Player lose! Money: 964.0
========================
Round #268
Player cards: [♠8, ♠9], Bot cards:[♦8, ♦J]
Player points: [17, 17], Bot points:[18, 18]
Player point: 17, Bot point: 18
Player lose! Money: 944.0
========================
Round #269
Player cards: [♠T, ♠J], Bot cards:[♦4, ♠4]
Player points: [20, 20], Bot points:[8, 8]
Bot get one more card ♣J
Player point: 20, Bot point: 18
Player win! Money: 964.0
========================
Round #270
Player cards: [♦2, ♣7], Bot cards:[♦T, ♥K]
Player points: [9, 9], Bot points:[20, 20]
Player get one more card ♠Q
Player point: 19, Bot point: 20
Player lose! Money: 944.0
========================
Round #271
Player cards: [♣6, ♦T], Bot cards:[♦3, ♠5]
Player points: [16, 16], Bot points:[8, 8]
Bot get one more card ♥9
Player point: 16, Bot point: 17
Player lose! Money: 924.0
========================
Round #272
Player cards: [♥8, ♣Q], Bot cards:[♦Q, ♦A]
Player points: [18, 18], Bot points:[11, 21]
Bot get one more card ♥3
Bot get one more card ♣8
Player point: 18, Bot point: 22
Player win! Money: 944.0
========================
Round #273
Player cards: [♣5, ♠6], Bot cards:[♣3, ♦7]
Player points: [11, 11], Bot points:[10, 10]
----- Double Bet! -----
Player get one more card ♠6
Bot get one more card ♦5
Bot get one more card ♥7
Player point: 17, Bot point: 22
Player win! Money: 984.0
========================
Round #274
Player cards: [♠4, ♦T], Bot cards:[♠2, ♥3]
Player points: [14, 14], Bot points:[5, 5]
Bot get one more card ♣6
Bot get one more card ♥6
Player point: 14, Bot point: 17
Player lose! Money: 964.0
========================
Round #275
Player cards: [♣7, ♦8], Bot cards:[♥9, ♣A]
Player points: [15, 15], Bot points:[10, 20]
Player get one more card ♥J
Bot get one more card ♦5
Bot get one more card ♥4
Player point: 25, Bot point: 19
Player lose! Money: 944.0
========================
Round #276
Player cards: [♣5, ♠8], Bot cards:[♠3, ♠K]
Player points: [13, 13], Bot points:[13, 13]
Bot get one more card ♦6
Player point: 13, Bot point: 19
Player lose! Money: 924.0
========================
Round #277
Player cards: [♣J, ♦K], Bot cards:[♣T, ♣K]
Player points: [20, 20], Bot points:[20, 20]
Player point: 20, Bot point: 20
Draw! Money:924.0
========================
Round #278
Player cards: [♣Q, ♣K], Bot cards:[♦7, ♣8]
Player points: [20, 20], Bot points:[15, 15]
Bot get one more card ♠T
Player point: 20, Bot point: 25
Player win! Money: 944.0
========================
Round #279
Player cards: [♠4, ♥8], Bot cards:[♣9, ♠A]
Player points: [12, 12], Bot points:[10, 20]
Player get one more card ♥4
Player get one more card ♠K
Bot get one more card ♣3
Bot get one more card ♥T
Player point: 26, Bot point: 23
Player lose! Money: 924.0
========================
Round #280
Player cards: [♦4, ♦8], Bot cards:[♦3, ♦A]
Player points: [12, 12], Bot points:[4, 14]
Player get one more card ♣J
Bot get one more card ♠A
Bot get one more card ♥2
Bot get one more card ♥2
Bot get one more card ♦9
Player point: 22, Bot point: 18
Player lose! Money: 904.0
========================
Round #281
Player cards: [♣2, ♣A], Bot cards:[♣6, ♣Q]
Player points: [3, 13], Bot points:[16, 16]
Bot get one more card ♣4
Player point: 13, Bot point: 20
Player lose! Money: 884.0
========================
Round #282
Player cards: [♦3, ♣T], Bot cards:[♣J, ♣Q]
Player points: [13, 13], Bot points:[20, 20]
Player get one more card ♣K
Player point: 23, Bot point: 20
Player lose! Money: 864.0
========================
Round #283
Player cards: [♣3, ♠J], Bot cards:[♠6, ♦A]
Player points: [13, 13], Bot points:[7, 17]
Bot get one more card ♣7
Bot get one more card ♥Q
Player point: 13, Bot point: 24
Player win! Money: 884.0
========================
Round #284
Player cards: [♠3, ♥K], Bot cards:[♥6, ♠7]
Player points: [13, 13], Bot points:[13, 13]
Bot get one more card ♥7
Player point: 13, Bot point: 20
Player lose! Money: 864.0
========================
Round #285
Player cards: [♥5, ♦5], Bot cards:[♠2, ♣3]
Player points: [10, 10], Bot points:[5, 5]
----- Double Bet! -----
Player get one more card ♠2
Bot get one more card ♥A
Bot get one more card ♣5
Bot get one more card ♦T
Player point: 12, Bot point: 21
Player lose! Money: 824.0
========================
Round #286
Player cards: [♥3, ♥8], Bot cards:[♣6, ♥8]
Player points: [11, 11], Bot points:[14, 14]
----- Double Bet! -----
Player get one more card ♣A
Bot get one more card ♠2
Bot get one more card ♣8
Player point: 12, Bot point: 24
Player win! Money: 864.0
========================
Round #287
Player cards: [♥9, ♦A], Bot cards:[♣7, ♦J]
Player points: [10, 20], Bot points:[17, 17]
Player point: 20, Bot point: 17
Player win! Money: 884.0
========================
Round #288
Player cards: [♠9, ♠Q], Bot cards:[♦9, ♦Q]
Player points: [19, 19], Bot points:[19, 19]
Player point: 19, Bot point: 19
Draw! Money:884.0
========================
Round #289
Player cards: [♣5, ♦Q], Bot cards:[♣2, ♥6]
Player points: [15, 15], Bot points:[8, 8]
Bot get one more card ♠9
Player point: 15, Bot point: 17
Player lose! Money: 864.0
========================
Round #290
Player cards: [♠7, ♣8], Bot cards:[♦6, ♠Q]
Player points: [15, 15], Bot points:[16, 16]
Bot get one more card ♦2
Player point: 15, Bot point: 18
Player lose! Money: 844.0
========================
Round #291
Player cards: [♠K, ♥A], Bot cards:[♦6, ♥K]
Player points: [11, 21], Bot points:[16, 16]
Bot get one more card ♥6
Player point: 21, Bot point: 22
------ BlackJack!! ------
Player win! Money: 870.0
========================
Round #292
New deck
Player cards: [♠T, ♥K], Bot cards:[♠9, ♦Q]
Player points: [20, 20], Bot points:[19, 19]
Player point: 20, Bot point: 19
Player win! Money: 890.0
========================
Round #293
Player cards: [♣5, ♦7], Bot cards:[♥7, ♣Q]
Player points: [12, 12], Bot points:[17, 17]
Player get one more card ♦2
Player get one more card ♠4
Player point: 18, Bot point: 17
Player win! Money: 910.0
========================
Round #294
Player cards: [♠4, ♠5], Bot cards:[♣6, ♥9]
Player points: [9, 9], Bot points:[15, 15]
----- Double Bet! -----
Player get one more card ♥5
Bot get one more card ♦5
Player point: 14, Bot point: 20
Player lose! Money: 870.0
========================
Round #295
Player cards: [♠J, ♥A], Bot cards:[♠5, ♦9]
Player points: [11, 21], Bot points:[14, 14]
Bot get one more card ♥Q
Player point: 21, Bot point: 24
------ BlackJack!! ------
Player win! Money: 896.0
========================
Round #296
Player cards: [♥2, ♥T], Bot cards:[♥8, ♠8]
Player points: [12, 12], Bot points:[16, 16]
Player get one more card ♦Q
Bot get one more card ♣9
Player point: 22, Bot point: 25
Player lose! Money: 876.0
========================
Round #297
Player cards: [♦6, ♥Q], Bot cards:[♣6, ♠6]
Player points: [16, 16], Bot points:[12, 12]
Bot get one more card ♣J
Player point: 16, Bot point: 22
Player win! Money: 896.0
========================
Round #298
Player cards: [♥K, ♠A], Bot cards:[♦4, ♠K]
Player points: [11, 21], Bot points:[14, 14]
Bot get one more card ♥Q
Player point: 21, Bot point: 24
------ BlackJack!! ------
Player win! Money: 922.0
========================
Round #299
Player cards: [♠4, ♦T], Bot cards:[♠6, ♥7]
Player points: [14, 14], Bot points:[13, 13]
Bot get one more card ♦4
Player point: 14, Bot point: 17
Player lose! Money: 902.0
========================
Round #300
Player cards: [♠J, ♣A], Bot cards:[♣9, ♠A]
Player points: [11, 21], Bot points:[10, 20]
Bot get one more card ♦J
Player point: 21, Bot point: 20
------ BlackJack!! ------
Player win! Money: 928.0
========================
Round #301
Player cards: [♦2, ♠Q], Bot cards:[♥5, ♣7]
Player points: [12, 12], Bot points:[12, 12]
Bot get one more card ♠2
Bot get one more card ♥6
Player point: 12, Bot point: 20
Player lose! Money: 908.0
========================
Round #302
Player cards: [♠2, ♥J], Bot cards:[♣K, ♥A]
Player points: [12, 12], Bot points:[11, 21]
Player get one more card ♥5
Bot get one more card ♦J
Player point: 17, Bot point: 21
Player lose! Money: 888.0
========================
Round #303
Player cards: [♣9, ♦Q], Bot cards:[♥3, ♦5]
Player points: [19, 19], Bot points:[8, 8]
Bot get one more card ♥J
Player point: 19, Bot point: 18
Player win! Money: 908.0
========================
Round #304
Player cards: [♠5, ♠7], Bot cards:[♦2, ♦T]
Player points: [12, 12], Bot points:[12, 12]
Player get one more card ♣7
Bot get one more card ♥Q
Player point: 19, Bot point: 22
Player win! Money: 928.0
========================
Round #305
Player cards: [♣5, ♦J], Bot cards:[♥2, ♦3]
Player points: [15, 15], Bot points:[5, 5]
Bot get one more card ♣8
Bot get one more card ♥6
Player point: 15, Bot point: 19
Player lose! Money: 908.0
========================
Round #306
Player cards: [♦8, ♥K], Bot cards:[♣2, ♣K]
Player points: [18, 18], Bot points:[12, 12]
Bot get one more card ♥4
Bot get one more card ♦3
Player point: 18, Bot point: 19
Player lose! Money: 888.0
========================
Round #307
Player cards: [♥T, ♠T], Bot cards:[♣3, ♠T]
Player points: [20, 20], Bot points:[13, 13]
Bot get one more card ♠3
Bot get one more card ♣5
Player point: 20, Bot point: 21
Player lose! Money: 868.0
========================
Round #308
Player cards: [♣5, ♥Q], Bot cards:[♥8, ♣A]
Player points: [15, 15], Bot points:[9, 19]
Player get one more card ♥3
Bot get one more card ♦9
Player point: 18, Bot point: 18
Draw! Money:868.0
========================
Round #309
Player cards: [♥4, ♦7], Bot cards:[♦T, ♣J]
Player points: [11, 11], Bot points:[20, 20]
----- Double Bet! -----
Player get one more card ♦7
Player point: 18, Bot point: 20
Player lose! Money: 828.0
========================
Round #310
Player cards: [♠6, ♠7], Bot cards:[♣3, ♠J]
Player points: [13, 13], Bot points:[13, 13]
Bot get one more card ♠3
Bot get one more card ♥7
Player point: 13, Bot point: 23
Player win! Money: 848.0
========================
Round #311
Player cards: [♠Q, ♠A], Bot cards:[♦2, ♦A]
Player points: [11, 21], Bot points:[3, 13]
Bot get one more card ♠A
Bot get one more card ♦8
Bot get one more card ♥T
Player point: 21, Bot point: 22
------ BlackJack!! ------
Player win! Money: 874.0
========================
Round #312
Player cards: [♠8, ♥Q], Bot cards:[♠9, ♠K]
Player points: [18, 18], Bot points:[19, 19]
Player point: 18, Bot point: 19
Player lose! Money: 854.0
========================
Round #313
Player cards: [♠2, ♥3], Bot cards:[♥2, ♦Q]
Player points: [5, 5], Bot points:[12, 12]
Player get one more card ♥4
Player get one more card ♦9
Bot get one more card ♣Q
Player point: 18, Bot point: 22
Player win! Money: 874.0
========================
Round #314
Player cards: [♠6, ♥9], Bot cards:[♥3, ♦8]
Player points: [15, 15], Bot points:[11, 11]
Bot get one more card ♦6
Player point: 15, Bot point: 17
Player lose! Money: 854.0
========================
Round #315
Player cards: [♦3, ♣8], Bot cards:[♥7, ♠9]
Player points: [11, 11], Bot points:[16, 16]
----- Double Bet! -----
Player get one more card ♣2
Bot get one more card ♥9
Player point: 13, Bot point: 25
Player win! Money: 894.0
========================
Round #316
Player cards: [♠8, ♦K], Bot cards:[♠Q, ♦A]
Player points: [18, 18], Bot points:[11, 21]
Bot get one more card ♠9
Player point: 18, Bot point: 20
Player lose! Money: 874.0
========================
Round #317
Player cards: [♠J, ♦A], Bot cards:[♦T, ♠T]
Player points: [11, 21], Bot points:[20, 20]
Player point: 21, Bot point: 20
------ BlackJack!! ------
Player win! Money: 900.0
========================
Round #318
Player cards: [♠4, ♦6], Bot cards:[♣8, ♠J]
Player points: [10, 10], Bot points:[18, 18]
----- Double Bet! -----
Player get one more card ♣6
Player point: 16, Bot point: 18
Player lose! Money: 860.0
========================
Round #319
Player cards: [♣2, ♣4], Bot cards:[♥5, ♦8]
Player points: [6, 6], Bot points:[13, 13]
Player get one more card ♠5
Player get one more card ♥T
Bot get one more card ♥8
Player point: 21, Bot point: 21
Player lose! Money: 840.0
========================
Round #320
Player cards: [♠7, ♥9], Bot cards:[♣6, ♠K]
Player points: [16, 16], Bot points:[16, 16]
Bot get one more card ♦K
Player point: 16, Bot point: 26
Player win! Money: 860.0
========================
Round #321
Player cards: [♣7, ♣9], Bot cards:[♦4, ♠7]
Player points: [16, 16], Bot points:[11, 11]
Bot get one more card ♣8
Player point: 16, Bot point: 19
Player lose! Money: 840.0
========================
Round #322
Player cards: [♦J, ♥K], Bot cards:[♥J, ♣A]
Player points: [20, 20], Bot points:[11, 21]
Bot get one more card ♥6
Player point: 20, Bot point: 17
Player win! Money: 860.0
========================
Round #323
Player cards: [♥2, ♣3], Bot cards:[♦9, ♦K]
Player points: [5, 5], Bot points:[19, 19]
Player get one more card ♥4
Player get one more card ♦5
Player get one more card ♥A
Player get one more card ♣J
Player point: 25, Bot point: 19
Player lose! Money: 840.0
========================
Round #324
Player cards: [♣Q, ♣K], Bot cards:[♠Q, ♠K]
Player points: [20, 20], Bot points:[20, 20]
Player point: 20, Bot point: 20
Draw! Money:840.0
========================
Round #325
Player cards: [♣T, ♥A], Bot cards:[♣4, ♣4]
Player points: [11, 21], Bot points:[8, 8]
Bot get one more card ♥6
Bot get one more card ♦3
Player point: 21, Bot point: 17
------ BlackJack!! ------
Player win! Money: 866.0
========================
Round #326
Player cards: [♠3, ♠3], Bot cards:[♣Q, ♣K]
Player points: [6, 6], Bot points:[20, 20]
Player get one more card ♦K
Player get one more card ♥7
Player point: 23, Bot point: 20
Player lose! Money: 846.0
========================
Round #327
Player cards: [♦6, ♣T], Bot cards:[♣T, ♣T]
Player points: [16, 16], Bot points:[20, 20]
Player get one more card ♣A
Player point: 17, Bot point: 20
Player lose! Money: 826.0
========================
Round #328
Player cards: [♥5, ♣J], Bot cards:[♦7, ♦A]
Player points: [15, 15], Bot points:[8, 18]
Player get one more card ♣2
Bot get one more card ♦4
Bot get one more card ♦5
Player point: 17, Bot point: 17
Draw! Money:826.0
========================
Round #329
New deck
Player cards: [♥5, ♦8], Bot cards:[♠6, ♣A]
Player points: [13, 13], Bot points:[7, 17]
Bot get one more card ♣4
Bot get one more card ♥2
Bot get one more card ♣K
Player point: 13, Bot point: 23
Player win! Money: 846.0
========================
Round #330
Player cards: [♠2, ♥A], Bot cards:[♠5, ♣T]
Player points: [3, 13], Bot points:[15, 15]
Bot get one more card ♣3
Player point: 13, Bot point: 18
Player lose! Money: 826.0
========================
Round #331
Player cards: [♥6, ♠A], Bot cards:[♣6, ♥8]
Player points: [7, 17], Bot points:[14, 14]
Bot get one more card ♦6
Player point: 17, Bot point: 20
Player lose! Money: 806.0
========================
Round #332
Player cards: [♥3, ♠7], Bot cards:[♦J, ♥A]
Player points: [10, 10], Bot points:[11, 21]
Player get one more card ♠J
Bot get one more card ♥7
Player point: 20, Bot point: 18
Player win! Money: 826.0
========================
Round #333
Player cards: [♣7, ♣9], Bot cards:[♦3, ♥Q]
Player points: [16, 16], Bot points:[13, 13]
Bot get one more card ♥T
Player point: 16, Bot point: 23
Player win! Money: 846.0
========================
Round #334
Player cards: [♥6, ♠6], Bot cards:[♦2, ♠5]
Player points: [12, 12], Bot points:[7, 7]
-------- Split! Two hands: [16, 16], [7, 17]
For second hand:
Bot get one more card ♦Q
Player point: 16, Bot point: 17
Player lose! Money: 826.0
========================
Player point: 17, Bot point: 17
Draw! Money:826.0
========================
Round #335
Player cards: [♦3, ♦4], Bot cards:[♠4, ♣Q]
Player points: [7, 7], Bot points:[14, 14]
Player get one more card ♦T
Bot get one more card ♥6
Player point: 17, Bot point: 20
Player lose! Money: 806.0
========================
Round #336
Player cards: [♥4, ♠T], Bot cards:[♥7, ♥9]
Player points: [14, 14], Bot points:[16, 16]
Player get one more card ♦6
Bot get one more card ♣8
Player point: 20, Bot point: 24
Player win! Money: 826.0
========================
Round #337
Player cards: [♠6, ♦T], Bot cards:[♥J, ♦K]
Player points: [16, 16], Bot points:[20, 20]
Player get one more card ♠8
Player point: 24, Bot point: 20
Player lose! Money: 806.0
========================
Round #338
Player cards: [♠K, ♠K], Bot cards:[♣9, ♥T]
Player points: [20, 20], Bot points:[19, 19]
Player point: 20, Bot point: 19
Player win! Money: 826.0
========================
Round #339
Player cards: [♥Q, ♦K], Bot cards:[♠2, ♥3]
Player points: [20, 20], Bot points:[5, 5]
Bot get one more card ♣K
Bot get one more card ♠9
Player point: 20, Bot point: 24
Player win! Money: 846.0
========================
Round #340
Player cards: [♠6, ♥T], Bot cards:[♦5, ♠T]
Player points: [16, 16], Bot points:[15, 15]
Bot get one more card ♥K
Player point: 16, Bot point: 25
Player win! Money: 866.0
========================
Round #341
Player cards: [♠3, ♦4], Bot cards:[♣3, ♠T]
Player points: [7, 7], Bot points:[13, 13]
Player get one more card ♣4
Player get one more card ♦3
Bot get one more card ♣4
Player point: 14, Bot point: 17
Player lose! Money: 846.0
========================
Round #342
Player cards: [♥2, ♥2], Bot cards:[♦2, ♥T]
Player points: [4, 4], Bot points:[12, 12]
Player get one more card ♠J
Bot get one more card ♠K
Player point: 14, Bot point: 22
Player win! Money: 866.0
========================
Round #343
Player cards: [♠8, ♦A], Bot cards:[♦4, ♠7]
Player points: [9, 19], Bot points:[11, 11]
Bot get one more card ♣5
Bot get one more card ♣3
Player point: 19, Bot point: 19
Draw! Money:866.0
========================
Round #344
Player cards: [♠7, ♠T], Bot cards:[♣8, ♥8]
Player points: [17, 17], Bot points:[16, 16]
Bot get one more card ♠9
Player point: 17, Bot point: 25
Player win! Money: 886.0
========================
Round #345
Player cards: [♥Q, ♥A], Bot cards:[♠J, ♠Q]
Player points: [11, 21], Bot points:[20, 20]
Player point: 21, Bot point: 20
------ BlackJack!! ------
Player win! Money: 912.0
========================
Round #346
Player cards: [♥3, ♠K], Bot cards:[♣2, ♠A]
Player points: [13, 13], Bot points:[3, 13]
Bot get one more card ♠8
Bot get one more card ♣5
Bot get one more card ♣6
Player point: 13, Bot point: 22
Player win! Money: 932.0
========================
Round #347
Player cards: [♠3, ♣3], Bot cards:[♥8, ♦K]
Player points: [6, 6], Bot points:[18, 18]
Player get one more card ♣4
Player get one more card ♣9
Player point: 19, Bot point: 18
Player win! Money: 952.0
========================
Round #348
Player cards: [♦7, ♥9], Bot cards:[♠9, ♦J]
Player points: [16, 16], Bot points:[19, 19]
Player get one more card ♥7
Player point: 23, Bot point: 19
Player lose! Money: 932.0
========================
Round #349
Player cards: [♥5, ♣Q], Bot cards:[♦5, ♦8]
Player points: [15, 15], Bot points:[13, 13]
Bot get one more card ♣J
Player point: 15, Bot point: 23
Player win! Money: 952.0
========================
Round #350
Player cards: [♠5, ♣A], Bot cards:[♣2, ♥K]
Player points: [6, 16], Bot points:[12, 12]
Bot get one more card ♦6
Player point: 16, Bot point: 18
Player lose! Money: 932.0
========================
Round #351
Player cards: [♣J, ♣A], Bot cards:[♣2, ♣K]
Player points: [11, 21], Bot points:[12, 12]
Bot get one more card ♣7
Player point: 21, Bot point: 19
------ BlackJack!! ------
Player win! Money: 958.0
========================
Round #352
Player cards: [♠9, ♥J], Bot cards:[♦9, ♦J]
Player points: [19, 19], Bot points:[19, 19]
Player point: 19, Bot point: 19
Draw! Money:958.0
========================
Round #353
Player cards: [♦7, ♦9], Bot cards:[♣7, ♣8]
Player points: [16, 16], Bot points:[15, 15]
Player get one more card ♠Q
Bot get one more card ♥J
Player point: 26, Bot point: 25
Player lose! Money: 938.0
========================
Round #354
Player cards: [♣2, ♥Q], Bot cards:[♦2, ♥K]
Player points: [12, 12], Bot points:[12, 12]
Player get one more card ♥5
Bot get one more card ♦Q
Player point: 17, Bot point: 22
Player win! Money: 958.0
========================
Round #355
Player cards: [♠3, ♦K], Bot cards:[♥J, ♠Q]
Player points: [13, 13], Bot points:[20, 20]
Player get one more card ♠2
Player get one more card ♦5
Player point: 20, Bot point: 20
Draw! Money:958.0
========================
Round #356
Player cards: [♦4, ♥4], Bot cards:[♥2, ♦Q]
Player points: [8, 8], Bot points:[12, 12]
Player get one more card ♠8
Bot get one more card ♣K
Player point: 16, Bot point: 22
Player win! Money: 978.0
========================
Round #357
Player cards: [♣5, ♣6], Bot cards:[♦3, ♣6]
Player points: [11, 11], Bot points:[9, 9]
----- Double Bet! -----
Player get one more card ♠7
Bot get one more card ♥7
Bot get one more card ♥9
Player point: 18, Bot point: 25
Player win! Money: 1018.0
========================
Round #358
Player cards: [♦2, ♠A], Bot cards:[♠5, ♥9]
Player points: [3, 13], Bot points:[14, 14]
Bot get one more card ♣A
Bot get one more card ♥A
Bot get one more card ♣7
Player point: 13, Bot point: 23
Player win! Money: 1038.0
========================
Round #359
Player cards: [♠8, ♠A], Bot cards:[♦7, ♦8]
Player points: [9, 19], Bot points:[15, 15]
Bot get one more card ♥8
Player point: 19, Bot point: 23
Player win! Money: 1058.0
========================
Round #360
Player cards: [♦9, ♥J], Bot cards:[♥K, ♦A]
Player points: [19, 19], Bot points:[11, 21]
Bot get one more card ♦5
Bot get one more card ♣3
Player point: 19, Bot point: 19
Draw! Money:1058.0
========================
Round #361
Player cards: [♥3, ♥6], Bot cards:[♥4, ♦J]
Player points: [9, 9], Bot points:[14, 14]
----- Double Bet! -----
Player get one more card ♦T
Bot get one more card ♣J
Player point: 19, Bot point: 24
Player win! Money: 1098.0
========================
Round #362
Player cards: [♠3, ♣4], Bot cards:[♥4, ♦6]
Player points: [7, 7], Bot points:[10, 10]
Player get one more card ♣J
Bot get one more card ♣T
Player point: 17, Bot point: 20
Player lose! Money: 1078.0
========================
Round #363
Player cards: [♠2, ♣Q], Bot cards:[♣5, ♦7]
Player points: [12, 12], Bot points:[12, 12]
Bot get one more card ♣Q
Player point: 12, Bot point: 22
Player win! Money: 1098.0
========================
Round #364
Player cards: [♠4, ♦Q], Bot cards:[♥8, ♦8]
Player points: [14, 14], Bot points:[16, 16]
Player get one more card ♣7
Bot get one more card ♦9
Player point: 21, Bot point: 25
Player win! Money: 1118.0
========================
Round #365
Player cards: [♠4, ♣T], Bot cards:[♠2, ♣8]
Player points: [14, 14], Bot points:[10, 10]
Bot get one more card ♦A
Bot get one more card ♠Q
Player point: 14, Bot point: 21
Player lose! Money: 1098.0
========================
Round #366
New deck
Player cards: [♣6, ♠Q], Bot cards:[♣5, ♣7]
Player points: [16, 16], Bot points:[12, 12]
Bot get one more card ♥3
Bot get one more card ♦4
Player point: 16, Bot point: 19
Player lose! Money: 1078.0
========================
Round #367
Player cards: [♣J, ♥A], Bot cards:[♥4, ♠A]
Player points: [11, 21], Bot points:[5, 15]
Bot get one more card ♠4
Bot get one more card ♣Q
Player point: 21, Bot point: 19
------ BlackJack!! ------
Player win! Money: 1104.0
========================
Round #368
Player cards: [♣6, ♣T], Bot cards:[♣5, ♣Q]
Player points: [16, 16], Bot points:[15, 15]
Bot get one more card ♥A
Bot get one more card ♦A
Player point: 16, Bot point: 17
Player lose! Money: 1084.0
========================
Round #369
Player cards: [♣3, ♣A], Bot cards:[♥2, ♣T]
Player points: [4, 14], Bot points:[12, 12]
Bot get one more card ♣2
Bot get one more card ♠8
Player point: 14, Bot point: 22
Player win! Money: 1104.0
========================
Round #370
Player cards: [♥6, ♣8], Bot cards:[♦2, ♠J]
Player points: [14, 14], Bot points:[12, 12]
Bot get one more card ♣T
Player point: 14, Bot point: 22
Player win! Money: 1124.0
========================
Round #371
Player cards: [♣3, ♦7], Bot cards:[♥8, ♥8]
Player points: [10, 10], Bot points:[16, 16]
----- Double Bet! -----
Player get one more card ♠4
Bot get one more card ♥Q
Player point: 14, Bot point: 26
Player win! Money: 1164.0
========================
Round #372
Player cards: [♣4, ♦K], Bot cards:[♥4, ♦5]
Player points: [14, 14], Bot points:[9, 9]
Bot get one more card ♣2
Bot get one more card ♥T
Player point: 14, Bot point: 21
Player lose! Money: 1144.0
========================
Round #373
Player cards: [♥2, ♦J], Bot cards:[♥5, ♠9]
Player points: [12, 12], Bot points:[14, 14]
Bot get one more card ♦T
Player point: 12, Bot point: 24
Player win! Money: 1164.0
========================
Round #374
Player cards: [♥5, ♣5], Bot cards:[♥5, ♠J]
Player points: [10, 10], Bot points:[15, 15]
----- Double Bet! -----
Player get one more card ♠A
Bot get one more card ♦3
Player point: 21, Bot point: 18
Player win! Money: 1204.0
========================
Round #375
Player cards: [♥4, ♣4], Bot cards:[♦T, ♥K]
Player points: [8, 8], Bot points:[20, 20]
Player get one more card ♠Q
Player point: 18, Bot point: 20
Player lose! Money: 1184.0
========================
Round #376
Player cards: [♠5, ♠K], Bot cards:[♥3, ♠T]
Player points: [15, 15], Bot points:[13, 13]
Bot get one more card ♦2
Bot get one more card ♦4
Player point: 15, Bot point: 19
Player lose! Money: 1164.0
========================
Round #377
Player cards: [♥4, ♣7], Bot cards:[♦5, ♦8]
Player points: [11, 11], Bot points:[13, 13]
----- Double Bet! -----
Player get one more card ♠T
Bot get one more card ♦5
Player point: 21, Bot point: 18
Player win! Money: 1204.0
========================
Round #378
Player cards: [♣9, ♥T], Bot cards:[♠4, ♥7]
Player points: [19, 19], Bot points:[11, 11]
Bot get one more card ♣9
Player point: 19, Bot point: 20
Player lose! Money: 1184.0
========================
Round #379
Player cards: [♦9, ♥A], Bot cards:[♠8, ♦T]
Player points: [10, 20], Bot points:[18, 18]
Player point: 20, Bot point: 18
Player win! Money: 1204.0
========================
Round #380
Player cards: [♣2, ♦Q], Bot cards:[♠T, ♦J]
Player points: [12, 12], Bot points:[20, 20]
Player get one more card ♠2
Player get one more card ♥Q
Player point: 24, Bot point: 20
Player lose! Money: 1184.0
========================
Round #381
Player cards: [♥3, ♦A], Bot cards:[♠6, ♦7]
Player points: [4, 14], Bot points:[13, 13]
Bot get one more card ♣T
Player point: 14, Bot point: 23
Player win! Money: 1204.0
========================
Round #382
Player cards: [♠3, ♦4], Bot cards:[♠J, ♦Q]
Player points: [7, 7], Bot points:[20, 20]
Player get one more card ♣4
Player get one more card ♥9
Player point: 20, Bot point: 20
Draw! Money:1204.0
========================
Round #383
Player cards: [♦6, ♣K], Bot cards:[♥9, ♥K]
Player points: [16, 16], Bot points:[19, 19]
Player get one more card ♦8
Player point: 24, Bot point: 19
Player lose! Money: 1184.0
========================
Round #384
Player cards: [♠2, ♦9], Bot cards:[♣9, ♦Q]
Player points: [11, 11], Bot points:[19, 19]
----- Double Bet! -----
Player get one more card ♠A
Player point: 12, Bot point: 19
Player lose! Money: 1144.0
========================
Round #385
Player cards: [♥7, ♣J], Bot cards:[♥6, ♣K]
Player points: [17, 17], Bot points:[16, 16]
Bot get one more card ♣4
Player point: 17, Bot point: 20
Player lose! Money: 1124.0
========================
Round #386
Player cards: [♦8, ♣K], Bot cards:[♣A, ♣A]
Player points: [18, 18], Bot points:[2, 12]
Bot get one more card ♦2
Bot get one more card ♣J
Bot get one more card ♠7
Player point: 18, Bot point: 21
Player lose! Money: 1104.0
========================
Round #387
Player cards: [♣5, ♠Q], Bot cards:[♦6, ♦6]
Player points: [15, 15], Bot points:[12, 12]
Bot get one more card ♠7
Player point: 15, Bot point: 19
Player lose! Money: 1084.0
========================
Round #388
Player cards: [♦8, ♦K], Bot cards:[♥Q, ♠K]
Player points: [18, 18], Bot points:[20, 20]
Player point: 18, Bot point: 20
Player lose! Money: 1064.0
========================
Round #389
Player cards: [♠2, ♣6], Bot cards:[♥5, ♣K]
Player points: [8, 8], Bot points:[15, 15]
Player get one more card ♠T
Bot get one more card ♦3
Player point: 18, Bot point: 18
Draw! Money:1064.0
========================
Round #390
Player cards: [♠6, ♥J], Bot cards:[♥7, ♣9]
Player points: [16, 16], Bot points:[16, 16]
Player get one more card ♥K
Bot get one more card ♥3
Player point: 26, Bot point: 19
Player lose! Money: 1044.0
========================
Round #391
Player cards: [♣3, ♥K], Bot cards:[♣9, ♣A]
Player points: [13, 13], Bot points:[10, 20]
Player get one more card ♣8
Bot get one more card ♥2
Bot get one more card ♦9
Player point: 21, Bot point: 21
Player lose! Money: 1024.0
========================
Round #392
Player cards: [♠8, ♥J], Bot cards:[♦J, ♣Q]
Player points: [18, 18], Bot points:[20, 20]
Player point: 18, Bot point: 20
Player lose! Money: 1004.0
========================
Round #393
Player cards: [♠5, ♠K], Bot cards:[♠4, ♥T]
Player points: [15, 15], Bot points:[14, 14]
Bot get one more card ♥8
Player point: 15, Bot point: 22
Player win! Money: 1024.0
========================
Round #394
Player cards: [♣Q, ♦K], Bot cards:[♠7, ♣7]
Player points: [20, 20], Bot points:[14, 14]
Bot get one more card ♠8
Player point: 20, Bot point: 22
Player win! Money: 1044.0
========================
Round #395
Player cards: [♥9, ♦Q], Bot cards:[♥2, ♦9]
Player points: [19, 19], Bot points:[11, 11]
Bot get one more card ♥Q
Player point: 19, Bot point: 21
Player lose! Money: 1024.0
========================
Round #396
Player cards: [♦3, ♥A], Bot cards:[♦7, ♠9]
Player points: [4, 14], Bot points:[16, 16]
Player get one more card ♠3
Bot get one more card ♠J
Player point: 17, Bot point: 26
Player win! Money: 1044.0
========================
Round #397
Player cards: [♣8, ♠J], Bot cards:[♣6, ♦A]
Player points: [18, 18], Bot points:[7, 17]
Bot get one more card ♠4
Bot get one more card ♦A
Bot get one more card ♥9
Player point: 18, Bot point: 21
Player lose! Money: 1024.0
========================
Round #398
Player cards: [♠2, ♦J], Bot cards:[♣8, ♠Q]
Player points: [12, 12], Bot points:[18, 18]
Player get one more card ♣3
Player get one more card ♦7
Player point: 22, Bot point: 18
Player lose! Money: 1004.0
========================
Round #399
Player cards: [♠6, ♥8], Bot cards:[♠6, ♣7]
Player points: [14, 14], Bot points:[13, 13]
Bot get one more card ♣2
Bot get one more card ♦T
Player point: 14, Bot point: 25
Player win! Money: 1024.0
========================
Round #400
Player cards: [♠5, ♥T], Bot cards:[♣J, ♥J]
Player points: [15, 15], Bot points:[20, 20]
Player get one more card ♦2
Player point: 17, Bot point: 20
Player lose! Money: 1004.0
========================
Round #401
Player cards: [♦4, ♦5], Bot cards:[♦6, ♥7]
Player points: [9, 9], Bot points:[13, 13]
----- Double Bet! -----
Player get one more card ♠5
Bot get one more card ♠K
Player point: 14, Bot point: 23
Player win! Money: 1044.0
========================
Round #402
Player cards: [♥6, ♥J], Bot cards:[♦K, ♠A]
Player points: [16, 16], Bot points:[11, 21]
Player get one more card ♦3
Bot get one more card ♥6
Player point: 19, Bot point: 17
Player win! Money: 1064.0
========================
Round #403
New deck
Player cards: [♥5, ♠9], Bot cards:[♠9, ♣9]
Player points: [14, 14], Bot points:[18, 18]
Player get one more card ♣T
Player point: 24, Bot point: 18
Player lose! Money: 1044.0
========================
Round #404
Player cards: [♥7, ♠Q], Bot cards:[♥6, ♦6]
Player points: [17, 17], Bot points:[12, 12]
Bot get one more card ♥T
Player point: 17, Bot point: 22
Player win! Money: 1064.0
========================
Round #405
Player cards: [♥9, ♣9], Bot cards:[♦7, ♥J]
Player points: [18, 18], Bot points:[17, 17]
Player point: 18, Bot point: 17
Player win! Money: 1084.0
========================
Round #406
Player cards: [♥Q, ♣A], Bot cards:[♥3, ♦Q]
Player points: [11, 21], Bot points:[13, 13]
Bot get one more card ♦K
Player point: 21, Bot point: 23
------ BlackJack!! ------
Player win! Money: 1110.0
========================
Round #407
Player cards: [♥4, ♦Q], Bot cards:[♠3, ♦7]
Player points: [14, 14], Bot points:[10, 10]
Bot get one more card ♣5
Bot get one more card ♣8
Player point: 14, Bot point: 23
Player win! Money: 1130.0
========================
Round #408
Player cards: [♣4, ♥J], Bot cards:[♣K, ♣A]
Player points: [14, 14], Bot points:[11, 21]
Player get one more card ♥9
Bot get one more card ♠Q
Player point: 23, Bot point: 21
Player lose! Money: 1110.0
========================
Round #409
Player cards: [♥6, ♣7], Bot cards:[♥3, ♦J]
Player points: [13, 13], Bot points:[13, 13]
Bot get one more card ♣T
Player point: 13, Bot point: 23
Player win! Money: 1130.0
========================
Round #410
Player cards: [♦2, ♦3], Bot cards:[♠2, ♠2]
Player points: [5, 5], Bot points:[4, 4]
Player get one more card ♣6
Player get one more card ♠T
Bot get one more card ♦3
Bot get one more card ♠6
Bot get one more card ♥2
Bot get one more card ♥T
Player point: 21, Bot point: 25
Player win! Money: 1150.0
========================
Round #411
Player cards: [♠2, ♦T], Bot cards:[♥5, ♥Q]
Player points: [12, 12], Bot points:[15, 15]
Bot get one more card ♥Q
Player point: 12, Bot point: 25
Player win! Money: 1170.0
========================
Round #412
Player cards: [♦9, ♠J], Bot cards:[♦3, ♠3]
Player points: [19, 19], Bot points:[6, 6]
Bot get one more card ♥T
Bot get one more card ♥2
Player point: 19, Bot point: 18
Player win! Money: 1190.0
========================
Round #413
Player cards: [♣6, ♥A], Bot cards:[♦4, ♠7]
Player points: [7, 17], Bot points:[11, 11]
Bot get one more card ♦K
Player point: 17, Bot point: 21
Player lose! Money: 1170.0
========================
Round #414
Player cards: [♣Q, ♥A], Bot cards:[♦2, ♦A]
Player points: [11, 21], Bot points:[3, 13]
Bot get one more card ♠5
Bot get one more card ♥7
Bot get one more card ♦8
Player point: 21, Bot point: 23
------ BlackJack!! ------
Player win! Money: 1196.0
========================
Round #415
Player cards: [♦7, ♦J], Bot cards:[♥4, ♦T]
Player points: [17, 17], Bot points:[14, 14]
Bot get one more card ♠T
Player point: 17, Bot point: 24
Player win! Money: 1216.0
========================
Round #416
Player cards: [♥2, ♥K], Bot cards:[♣T, ♣K]
Player points: [12, 12], Bot points:[20, 20]
Player get one more card ♦8
Player point: 20, Bot point: 20
Draw! Money:1216.0
========================
Round #417
Player cards: [♥4, ♠J], Bot cards:[♦K, ♣A]
Player points: [14, 14], Bot points:[11, 21]
Player get one more card ♦4
Bot get one more card ♣Q
Player point: 18, Bot point: 21
Player lose! Money: 1196.0
========================
Round #418
Player cards: [♠3, ♥9], Bot cards:[♣4, ♥7]
Player points: [12, 12], Bot points:[11, 11]
Bot get one more card ♣2
Bot get one more card ♣2
Bot get one more card ♥4
Player point: 12, Bot point: 19
Player lose! Money: 1176.0
========================
Round #419
Player cards: [♥9, ♣J], Bot cards:[♠7, ♠8]
Player points: [19, 19], Bot points:[15, 15]
Bot get one more card ♦4
Player point: 19, Bot point: 19
Draw! Money:1176.0
========================
Round #420
Player cards: [♣2, ♠A], Bot cards:[♥3, ♦8]
Player points: [3, 13], Bot points:[11, 11]
Bot get one more card ♥Q
Player point: 13, Bot point: 21
Player lose! Money: 1156.0
========================
Round #421
Player cards: [♦4, ♦5], Bot cards:[♠5, ♠A]
Player points: [9, 9], Bot points:[6, 16]
----- Double Bet! -----
Player get one more card ♠9
Bot get one more card ♠4
Bot get one more card ♦J
Player point: 18, Bot point: 20
Player lose! Money: 1116.0
========================
Round #422
Player cards: [♦9, ♠K], Bot cards:[♦6, ♣K]
Player points: [19, 19], Bot points:[16, 16]
Bot get one more card ♦A
Player point: 19, Bot point: 17
Player win! Money: 1136.0
========================
Round #423
Player cards: [♦7, ♥T], Bot cards:[♥5, ♣T]
Player points: [17, 17], Bot points:[15, 15]
Bot get one more card ♥K
Player point: 17, Bot point: 25
Player win! Money: 1156.0
========================
Round #424
Player cards: [♠9, ♠T], Bot cards:[♣6, ♣Q]
Player points: [19, 19], Bot points:[16, 16]
Bot get one more card ♥K
Player point: 19, Bot point: 26
Player win! Money: 1176.0
========================
Round #425
Player cards: [♥2, ♦A], Bot cards:[♠4, ♠Q]
Player points: [3, 13], Bot points:[14, 14]
Bot get one more card ♣4
Player point: 13, Bot point: 18
Player lose! Money: 1156.0
========================
Round #426
Player cards: [♠T, ♦T], Bot cards:[♦2, ♥7]
Player points: [20, 20], Bot points:[9, 9]
Bot get one more card ♥6
Bot get one more card ♦6
Player point: 20, Bot point: 21
Player lose! Money: 1136.0
========================
Round #427
Player cards: [♥8, ♣8], Bot cards:[♠7, ♥8]
Player points: [16, 16], Bot points:[15, 15]
-------- Split! Two hands: [11, 11], [18, 18]
----- Double Bet! -----
Player get one more card ♦9
For second hand:
Bot get one more card ♦T
Player point: 20, Bot point: 25
Player win! Money: 1176.0
========================
Player point: 18, Bot point: 25
Player win! Money: 1196.0
========================
Round #428
Player cards: [♠6, ♣J], Bot cards:[♦8, ♣8]
Player points: [16, 16], Bot points:[16, 16]
Player get one more card ♣7
Bot get one more card ♠A
Player point: 23, Bot point: 17
Player lose! Money: 1176.0
========================
Round #429
Player cards: [♥8, ♣A], Bot cards:[♦5, ♣K]
Player points: [9, 19], Bot points:[15, 15]
Bot get one more card ♥J
Player point: 19, Bot point: 25
Player win! Money: 1196.0
========================
Round #430
Player cards: [♦6, ♦T], Bot cards:[♥3, ♥A]
Player points: [16, 16], Bot points:[4, 14]
Bot get one more card ♥J
Bot get one more card ♣7
Player point: 16, Bot point: 21
Player lose! Money: 1176.0
========================
Round #431
Player cards: [♠3, ♠7], Bot cards:[♦3, ♣9]
Player points: [10, 10], Bot points:[12, 12]
----- Double Bet! -----
Player get one more card ♣7
Bot get one more card ♣3
Bot get one more card ♣5
Player point: 17, Bot point: 20
Player lose! Money: 1136.0
========================
Round #432
Player cards: [♣3, ♥5], Bot cards:[♠2, ♣6]
Player points: [8, 8], Bot points:[8, 8]
Player get one more card ♦5
Bot get one more card ♣J
Player point: 13, Bot point: 18
Player lose! Money: 1116.0
========================
Round #433
Player cards: [♠6, ♦Q], Bot cards:[♠9, ♠Q]
Player points: [16, 16], Bot points:[19, 19]
Player get one more card ♣J
Player point: 26, Bot point: 19
Player lose! Money: 1096.0
========================
Round #434
Player cards: [♦2, ♠8], Bot cards:[♠4, ♣9]
Player points: [10, 10], Bot points:[13, 13]
----- Double Bet! -----
Player get one more card ♠3
Bot get one more card ♠8
Player point: 13, Bot point: 21
Player lose! Money: 1056.0
========================
Round #435
Player cards: [♠6, ♣Q], Bot cards:[♠J, ♦Q]
Player points: [16, 16], Bot points:[20, 20]
Player get one more card ♥A
Player point: 17, Bot point: 20
Player lose! Money: 1036.0
========================
Round #436
Player cards: [♣5, ♥5], Bot cards:[♥8, ♠A]
Player points: [10, 10], Bot points:[9, 19]
----- Double Bet! -----
Player get one more card ♣3
Bot get one more card ♥K
Player point: 13, Bot point: 19
Player lose! Money: 996.0
========================
Round #437
Player cards: [♠9, ♦A], Bot cards:[♠5, ♦K]
Player points: [10, 20], Bot points:[15, 15]
Bot get one more card ♠K
Player point: 20, Bot point: 25
Player win! Money: 1016.0
========================
Round #438
Player cards: [♦5, ♥6], Bot cards:[♦9, ♠K]
Player points: [11, 11], Bot points:[19, 19]
----- Double Bet! -----
Player get one more card ♦J
Player point: 21, Bot point: 19
Player win! Money: 1056.0
========================
Round #439
Player cards: [♠5, ♠8], Bot cards:[♣5, ♠7]
Player points: [13, 13], Bot points:[12, 12]
Bot get one more card ♠4
Bot get one more card ♣3
Player point: 13, Bot point: 19
Player lose! Money: 1036.0
========================
Round #440
New deck
Player cards: [♦6, ♣8], Bot cards:[♥3, ♥9]
Player points: [14, 14], Bot points:[12, 12]
Bot get one more card ♦8
Player point: 14, Bot point: 20
Player lose! Money: 1016.0
========================
Round #441
Player cards: [♠3, ♣4], Bot cards:[♣2, ♠6]
Player points: [7, 7], Bot points:[8, 8]
Player get one more card ♦4
Player get one more card ♣8
Bot get one more card ♣A
Bot get one more card ♣7
Bot get one more card ♥3
Player point: 19, Bot point: 19
Draw! Money:1016.0
========================
Round #442
Player cards: [♥T, ♦K], Bot cards:[♣2, ♥2]
Player points: [20, 20], Bot points:[4, 4]
Bot get one more card ♣T
Bot get one more card ♣3
Player point: 20, Bot point: 17
Player win! Money: 1036.0
========================
Round #443
Player cards: [♦5, ♥K], Bot cards:[♣3, ♣4]
Player points: [15, 15], Bot points:[7, 7]
Bot get one more card ♠K
Player point: 15, Bot point: 17
Player lose! Money: 1016.0
========================
Round #444
Player cards: [♦K, ♥K], Bot cards:[♦4, ♥J]
Player points: [20, 20], Bot points:[14, 14]
Bot get one more card ♦7
Player point: 20, Bot point: 21
Player lose! Money: 996.0
========================
Round #445
Player cards: [♣2, ♣4], Bot cards:[♦J, ♦A]
Player points: [6, 6], Bot points:[11, 21]
Player get one more card ♣5
Player get one more card ♥J
Bot get one more card ♥K
Player point: 21, Bot point: 21
Player lose! Money: 976.0
========================
Round #446
Player cards: [♥9, ♠K], Bot cards:[♥T, ♦A]
Player points: [19, 19], Bot points:[11, 21]
Bot get one more card ♣Q
Player point: 19, Bot point: 21
Player lose! Money: 956.0
========================
Round #447
Player cards: [♦2, ♠9], Bot cards:[♥4, ♥4]
Player points: [11, 11], Bot points:[8, 8]
----- Double Bet! -----
Player get one more card ♠2
Bot get one more card ♣J
Player point: 13, Bot point: 18
Player lose! Money: 916.0
========================
Round #448
Player cards: [♠2, ♣T], Bot cards:[♠4, ♣Q]
Player points: [12, 12], Bot points:[14, 14]
Bot get one more card ♠T
Player point: 12, Bot point: 24
Player win! Money: 936.0
========================
Round #449
Player cards: [♣K, ♣K], Bot cards:[♣T, ♥Q]
Player points: [20, 20], Bot points:[20, 20]
Player point: 20, Bot point: 20
Draw! Money:936.0
========================
Round #450
Player cards: [♥4, ♣A], Bot cards:[♥2, ♠7]
Player points: [5, 15], Bot points:[9, 9]
Bot get one more card ♠8
Player point: 15, Bot point: 17
Player lose! Money: 916.0
========================
Round #451
Player cards: [♦T, ♥K], Bot cards:[♠6, ♣9]
Player points: [20, 20], Bot points:[15, 15]
Bot get one more card ♠J
Player point: 20, Bot point: 25
Player win! Money: 936.0
========================
Round #452
Player cards: [♥5, ♦8], Bot cards:[♦6, ♦6]
Player points: [13, 13], Bot points:[12, 12]
Bot get one more card ♠4
Bot get one more card ♠A
Player point: 13, Bot point: 17
Player lose! Money: 916.0
========================
Round #453
Player cards: [♠9, ♣A], Bot cards:[♠J, ♦A]
Player points: [10, 20], Bot points:[11, 21]
Bot get one more card ♥Q
Player point: 20, Bot point: 21
Player lose! Money: 896.0
========================
Round #454
Player cards: [♣6, ♠9], Bot cards:[♣5, ♦A]
Player points: [15, 15], Bot points:[6, 16]
Bot get one more card ♥4
Bot get one more card ♠4
Bot get one more card ♠6
Player point: 15, Bot point: 20
Player lose! Money: 876.0
========================
Round #455
Player cards: [♣9, ♥J], Bot cards:[♥3, ♦Q]
Player points: [19, 19], Bot points:[13, 13]
Bot get one more card ♥A
Bot get one more card ♣9
Player point: 19, Bot point: 23
Player win! Money: 896.0
========================
Round #456
Player cards: [♣6, ♥8], Bot cards:[♥7, ♦Q]
Player points: [14, 14], Bot points:[17, 17]
Player get one more card ♥6
Player point: 20, Bot point: 17
Player win! Money: 916.0
========================
Round #457
Player cards: [♠K, ♣A], Bot cards:[♣3, ♦7]
Player points: [11, 21], Bot points:[10, 10]
Bot get one more card ♦2
Bot get one more card ♣9
Player point: 21, Bot point: 21
Player lose! Money: 896.0
========================
Round #458
Player cards: [♣J, ♠A], Bot cards:[♠4, ♠T]
Player points: [11, 21], Bot points:[14, 14]
Bot get one more card ♥A
Bot get one more card ♦5
Player point: 21, Bot point: 20
------ BlackJack!! ------
Player win! Money: 922.0
========================
Round #459
Player cards: [♣2, ♣7], Bot cards:[♥9, ♣T]
Player points: [9, 9], Bot points:[19, 19]
Player get one more card ♣J
Player point: 19, Bot point: 19
Draw! Money:922.0
========================
Round #460
Player cards: [♦4, ♣6], Bot cards:[♥6, ♣K]
Player points: [10, 10], Bot points:[16, 16]
----- Double Bet! -----
Player get one more card ♦3
Bot get one more card ♠J
Player point: 13, Bot point: 26
Player win! Money: 962.0
========================
Round #461
Player cards: [♦5, ♥T], Bot cards:[♠Q, ♥Q]
Player points: [15, 15], Bot points:[20, 20]
Player get one more card ♣6
Player point: 21, Bot point: 20
Player win! Money: 982.0
========================
Round #462
Player cards: [♣7, ♥9], Bot cards:[♠3, ♥8]
Player points: [16, 16], Bot points:[11, 11]
Bot get one more card ♣5
Bot get one more card ♠Q
Player point: 16, Bot point: 26
Player win! Money: 1002.0
========================
Round #463
Player cards: [♠7, ♠A], Bot cards:[♦Q, ♠A]
Player points: [8, 18], Bot points:[11, 21]
Bot get one more card ♠Q
Player point: 18, Bot point: 21
Player lose! Money: 982.0
========================
Round #464
Player cards: [♦4, ♣8], Bot cards:[♠5, ♥5]
Player points: [12, 12], Bot points:[10, 10]
Bot get one more card ♦9
Player point: 12, Bot point: 19
Player lose! Money: 962.0
========================
Round #465
Player cards: [♠7, ♣K], Bot cards:[♥5, ♦8]
Player points: [17, 17], Bot points:[13, 13]
Bot get one more card ♦7
Player point: 17, Bot point: 20
Player lose! Money: 942.0
========================
Round #466
Player cards: [♦T, ♣J], Bot cards:[♦3, ♠T]
Player points: [20, 20], Bot points:[13, 13]
Bot get one more card ♥7
Player point: 20, Bot point: 20
Draw! Money:942.0
========================
Round #467
Player cards: [♠5, ♠K], Bot cards:[♠5, ♦K]
Player points: [15, 15], Bot points:[15, 15]
Bot get one more card ♦9
Player point: 15, Bot point: 24
Player win! Money: 962.0
========================
Round #468
Player cards: [♠8, ♠T], Bot cards:[♣4, ♦K]
Player points: [18, 18], Bot points:[14, 14]
Bot get one more card ♥6
Player point: 18, Bot point: 20
Player lose! Money: 942.0
========================
Round #469
Player cards: [♦T, ♦J], Bot cards:[♠7, ♠Q]
Player points: [20, 20], Bot points:[17, 17]
Player point: 20, Bot point: 17
Player win! Money: 962.0
========================
Round #470
Player cards: [♦8, ♥Q], Bot cards:[♥5, ♦J]
Player points: [18, 18], Bot points:[15, 15]
Bot get one more card ♠8
Player point: 18, Bot point: 23
Player win! Money: 982.0
========================
Round #471
Player cards: [♦5, ♣Q], Bot cards:[♠2, ♥6]
Player points: [15, 15], Bot points:[8, 8]
Bot get one more card ♠8
Bot get one more card ♦7
Player point: 15, Bot point: 23
Player win! Money: 1002.0
========================
Round #472
Player cards: [♠2, ♣3], Bot cards:[♠J, ♣Q]
Player points: [5, 5], Bot points:[20, 20]
Player get one more card ♥8
Player get one more card ♥A
Player get one more card ♦J
Player point: 24, Bot point: 20
Player lose! Money: 982.0
========================
Round #473
Player cards: [♣2, ♦2], Bot cards:[♥2, ♦3]
Player points: [4, 4], Bot points:[5, 5]
Player get one more card ♠3
Player get one more card ♥T
Bot get one more card ♣8
Bot get one more card ♦9
Player point: 17, Bot point: 22
Player win! Money: 1002.0
========================
Round #474
Player cards: [♣7, ♥A], Bot cards:[♠3, ♣8]
Player points: [8, 18], Bot points:[11, 11]
Bot get one more card ♥2
Bot get one more card ♥8
Player point: 18, Bot point: 21
Player lose! Money: 982.0
========================
Round #475
Player cards: [♦2, ♦3], Bot cards:[♥3, ♥7]
Player points: [5, 5], Bot points:[10, 10]
Player get one more card ♠6
Player get one more card ♦T
Bot get one more card ♣4
Bot get one more card ♠5
Player point: 21, Bot point: 19
Player win! Money: 1002.0
========================
Round #476
New deck
Player cards: [♠2, ♠K], Bot cards:[♦9, ♠Q]
Player points: [12, 12], Bot points:[19, 19]
Player get one more card ♣5
Player point: 17, Bot point: 19
Player lose! Money: 982.0
========================
Round #477
Player cards: [♣2, ♥Q], Bot cards:[♣2, ♥6]
Player points: [12, 12], Bot points:[8, 8]
Player get one more card ♦8
Bot get one more card ♣A
Bot get one more card ♣Q
Player point: 20, Bot point: 19
Player win! Money: 1002.0
========================
Round #478
Player cards: [♦A, ♥A], Bot cards:[♠J, ♦Q]
Player points: [2, 12], Bot points:[20, 20]
-------- Split! Two hands: [11, 21], [3, 13]
For second hand:
Player get one more card ♠J
Player get one more card ♠6
Player point: 21, Bot point: 20
------ BlackJack!! ------
Player win! Money: 1028.0
========================
Player point: 19, Bot point: 20
Player lose! Money: 1008.0
========================
Round #479
Player cards: [♦2, ♣7], Bot cards:[♠5, ♣A]
Player points: [9, 9], Bot points:[6, 16]
----- Double Bet! -----
Player get one more card ♥A
Bot get one more card ♠9
Bot get one more card ♣A
Bot get one more card ♠K
Player point: 20, Bot point: 26
Player win! Money: 1048.0
========================
Round #480
Player cards: [♠3, ♣6], Bot cards:[♣4, ♠K]
Player points: [9, 9], Bot points:[14, 14]
----- Double Bet! -----
Player get one more card ♦3
Bot get one more card ♥3
Player point: 12, Bot point: 17
Player lose! Money: 1008.0
========================
Round #481
Player cards: [♥5, ♥6], Bot cards:[♦3, ♥5]
Player points: [11, 11], Bot points:[8, 8]
----- Double Bet! -----
Player get one more card ♦5
Bot get one more card ♦5
Bot get one more card ♣K
Player point: 16, Bot point: 23
Player win! Money: 1048.0
========================
Round #482
Player cards: [♥3, ♦J], Bot cards:[♠2, ♠A]
Player points: [13, 13], Bot points:[3, 13]
Bot get one more card ♣6
Bot get one more card ♣J
Player point: 13, Bot point: 19
Player lose! Money: 1028.0
========================
Round #483
Player cards: [♥2, ♦9], Bot cards:[♥T, ♣K]
Player points: [11, 11], Bot points:[20, 20]
----- Double Bet! -----
Player get one more card ♣6
Player point: 17, Bot point: 20
Player lose! Money: 988.0
========================
Round #484
Player cards: [♥8, ♠T], Bot cards:[♥4, ♦A]
Player points: [18, 18], Bot points:[5, 15]
Bot get one more card ♦6
Bot get one more card ♦2
Bot get one more card ♥Q
Player point: 18, Bot point: 23
Player win! Money: 1008.0
========================
Round #485
Player cards: [♥9, ♥J], Bot cards:[♠7, ♥J]
Player points: [19, 19], Bot points:[17, 17]
Player point: 19, Bot point: 17
Player win! Money: 1028.0
========================
Round #486
Player cards: [♠8, ♣Q], Bot cards:[♦T, ♣K]
Player points: [18, 18], Bot points:[20, 20]
Player point: 18, Bot point: 20
Player lose! Money: 1008.0
========================
Round #487
Player cards: [♠9, ♣T], Bot cards:[♥7, ♥T]
Player points: [19, 19], Bot points:[17, 17]
Player point: 19, Bot point: 17
Player win! Money: 1028.0
========================
Round #488
Player cards: [♥9, ♥J], Bot cards:[♥7, ♥8]
Player points: [19, 19], Bot points:[15, 15]
Bot get one more card ♥4
Player point: 19, Bot point: 19
Draw! Money:1028.0
========================
Round #489
Player cards: [♠2, ♦T], Bot cards:[♦8, ♠9]
Player points: [12, 12], Bot points:[17, 17]
Player get one more card ♥A
Player get one more card ♣J
Player point: 23, Bot point: 17
Player lose! Money: 1008.0
========================
Round #490
Player cards: [♠9, ♠A], Bot cards:[♠5, ♥8]
Player points: [10, 20], Bot points:[13, 13]
Bot get one more card ♣9
Player point: 20, Bot point: 22
Player win! Money: 1028.0
========================
Round #491
Player cards: [♠4, ♦K], Bot cards:[♦4, ♦Q]
Player points: [14, 14], Bot points:[14, 14]
Bot get one more card ♦2
Bot get one more card ♣8
Player point: 14, Bot point: 24
Player win! Money: 1048.0
========================
Round #492
Player cards: [♦9, ♦J], Bot cards:[♥7, ♦9]
Player points: [19, 19], Bot points:[16, 16]
Bot get one more card ♣Q
Player point: 19, Bot point: 26
Player win! Money: 1068.0
========================
Round #493
Player cards: [♠3, ♦A], Bot cards:[♠7, ♦Q]
Player points: [4, 14], Bot points:[17, 17]
Player get one more card ♣3
Player point: 17, Bot point: 17
Draw! Money:1068.0
========================
Round #494
Player cards: [♣5, ♣T], Bot cards:[♦7, ♦T]
Player points: [15, 15], Bot points:[17, 17]
Player get one more card ♥A
Player get one more card ♦3
Player point: 19, Bot point: 17
Player win! Money: 1088.0
========================
Round #495
Player cards: [♦4, ♠7], Bot cards:[♣8, ♥K]
Player points: [11, 11], Bot points:[18, 18]
----- Double Bet! -----
Player get one more card ♦7
Player point: 18, Bot point: 18
Draw! Money:1088.0
========================
Round #496
Player cards: [♦2, ♥7], Bot cards:[♠4, ♠9]
Player points: [9, 9], Bot points:[13, 13]
----- Double Bet! -----
Player get one more card ♠3
Bot get one more card ♠Q
Player point: 12, Bot point: 23
Player win! Money: 1128.0
========================
Round #497
Player cards: [♥4, ♦5], Bot cards:[♣5, ♣9]
Player points: [9, 9], Bot points:[14, 14]
----- Double Bet! -----
Player get one more card ♠A
Bot get one more card ♠3
Player point: 20, Bot point: 17
Player win! Money: 1168.0
========================
Round #498
Player cards: [♣7, ♦J], Bot cards:[♠6, ♠T]
Player points: [17, 17], Bot points:[16, 16]
Bot get one more card ♠7
Player point: 17, Bot point: 23
Player win! Money: 1188.0
========================
Round #499
Player cards: [♣J, ♠A], Bot cards:[♠6, ♣6]
Player points: [11, 21], Bot points:[12, 12]
Bot get one more card ♠8
Player point: 21, Bot point: 20
------ BlackJack!! ------
Player win! Money: 1214.0
========================
Round #500
Player cards: [♠T, ♦K], Bot cards:[♥2, ♦Q]
Player points: [20, 20], Bot points:[12, 12]
Bot get one more card ♣3
Bot get one more card ♣8
Player point: 20, Bot point: 23
Player win! Money: 1234.0
========================
Round #501
Player cards: [♥7, ♦J], Bot cards:[♠5, ♣A]
Player points: [17, 17], Bot points:[6, 16]
Bot get one more card ♠8
Bot get one more card ♣9
Player point: 17, Bot point: 23
Player win! Money: 1254.0
========================
Round #502
Player cards: [♣7, ♣K], Bot cards:[♥J, ♠Q]
Player points: [17, 17], Bot points:[20, 20]
Player point: 17, Bot point: 20
Player lose! Money: 1234.0
========================
Round #503
Player cards: [♦7, ♣9], Bot cards:[♦7, ♠J]
Player points: [16, 16], Bot points:[17, 17]
Player get one more card ♣5
Player point: 21, Bot point: 17
Player win! Money: 1254.0
========================
Round #504
Player cards: [♦6, ♥J], Bot cards:[♠4, ♥6]
Player points: [16, 16], Bot points:[10, 10]
Bot get one more card ♠8
Player point: 16, Bot point: 18
Player lose! Money: 1234.0
========================
Round #505
Player cards: [♣4, ♣T], Bot cards:[♥8, ♠T]
Player points: [14, 14], Bot points:[18, 18]
Player get one more card ♠J
Player point: 24, Bot point: 18
Player lose! Money: 1214.0
========================
Round #506
Player cards: [♣4, ♦4], Bot cards:[♥2, ♣3]
Player points: [8, 8], Bot points:[5, 5]
Player get one more card ♥T
Bot get one more card ♣2
Bot get one more card ♥5
Bot get one more card ♠5
Player point: 18, Bot point: 17
Player win! Money: 1234.0
========================
Round #507
Player cards: [♦3, ♦T], Bot cards:[♣3, ♥9]
Player points: [13, 13], Bot points:[12, 12]
Bot get one more card ♠Q
Player point: 13, Bot point: 22
Player win! Money: 1254.0
========================
Round #508
Player cards: [♣2, ♦6], Bot cards:[♦K, ♦A]
Player points: [8, 8], Bot points:[11, 21]
Player get one more card ♦9
Bot get one more card ♣Q
Player point: 17, Bot point: 21
Player lose! Money: 1234.0
========================
Round #509
Player cards: [♥3, ♦Q], Bot cards:[♥4, ♣8]
Player points: [13, 13], Bot points:[12, 12]
Bot get one more card ♥Q
Player point: 13, Bot point: 22
Player win! Money: 1254.0
========================
Round #510
Player cards: [♥3, ♠K], Bot cards:[♣5, ♥T]
Player points: [13, 13], Bot points:[15, 15]
Bot get one more card ♦8
Player point: 13, Bot point: 23
Player win! Money: 1274.0
========================
Round #511
Player cards: [♥2, ♥5], Bot cards:[♠4, ♥K]
Player points: [7, 7], Bot points:[14, 14]
Player get one more card ♦6
Bot get one more card ♦5
Player point: 13, Bot point: 19
Player lose! Money: 1254.0
========================
Round #512
Player cards: [♠6, ♥Q], Bot cards:[♦8, ♦K]
Player points: [16, 16], Bot points:[18, 18]
Player get one more card ♥K
Player point: 26, Bot point: 18
Player lose! Money: 1234.0
========================
Round #513
New deck
Player cards: [♥8, ♠K], Bot cards:[♣J, ♥A]
Player points: [18, 18], Bot points:[11, 21]
Bot get one more card ♠2
Bot get one more card ♥2
Bot get one more card ♣2
Player point: 18, Bot point: 17
Player win! Money: 1254.0
========================
Round #514
Player cards: [♥5, ♠8], Bot cards:[♠Q, ♠A]
Player points: [13, 13], Bot points:[11, 21]
Player get one more card ♣4
Bot get one more card ♠K
Player point: 17, Bot point: 21
Player lose! Money: 1234.0
========================
Round #515
Player cards: [♦5, ♦7], Bot cards:[♠9, ♣J]
Player points: [12, 12], Bot points:[19, 19]
Player get one more card ♥5
Player point: 17, Bot point: 19
Player lose! Money: 1214.0
========================
Round #516
Player cards: [♣4, ♠K], Bot cards:[♦8, ♣K]
Player points: [14, 14], Bot points:[18, 18]
Player get one more card ♣4
Player point: 18, Bot point: 18
Draw! Money:1214.0
========================
Round #517
Player cards: [♥2, ♣J], Bot cards:[♥K, ♣A]
Player points: [12, 12], Bot points:[11, 21]
Player get one more card ♥4
Player get one more card ♦Q
Bot get one more card ♥8
Player point: 26, Bot point: 19
Player lose! Money: 1194.0
========================
Round #518
Player cards: [♦4, ♣5], Bot cards:[♦6, ♠T]
Player points: [9, 9], Bot points:[16, 16]
----- Double Bet! -----
Player get one more card ♠8
Bot get one more card ♦J
Player point: 17, Bot point: 26
Player win! Money: 1234.0
========================
Round #519
Player cards: [♣3, ♦T], Bot cards:[♥3, ♣7]
Player points: [13, 13], Bot points:[10, 10]
Bot get one more card ♣T
Player point: 13, Bot point: 20
Player lose! Money: 1214.0
========================
Round #520
Player cards: [♠5, ♠Q], Bot cards:[♣T, ♠A]
Player points: [15, 15], Bot points:[11, 21]
Player get one more card ♣Q
Bot get one more card ♠J
Player point: 25, Bot point: 21
Player lose! Money: 1194.0
========================
Round #521
Player cards: [♠7, ♠J], Bot cards:[♠4, ♠6]
Player points: [17, 17], Bot points:[10, 10]
Bot get one more card ♣A
Bot get one more card ♣7
Player point: 17, Bot point: 18
Player lose! Money: 1174.0
========================
Round #522
Player cards: [♦T, ♣K], Bot cards:[♥2, ♥7]
Player points: [20, 20], Bot points:[9, 9]
Bot get one more card ♥8
Player point: 20, Bot point: 17
Player win! Money: 1194.0
========================
Round #523
Player cards: [♠4, ♥K], Bot cards:[♠6, ♠A]
Player points: [14, 14], Bot points:[7, 17]
Bot get one more card ♣7
Bot get one more card ♥6
Player point: 14, Bot point: 20
Player lose! Money: 1174.0
========================
Round #524
Player cards: [♦8, ♠J], Bot cards:[♥6, ♣T]
Player points: [18, 18], Bot points:[16, 16]
Bot get one more card ♣T
Player point: 18, Bot point: 26
Player win! Money: 1194.0
========================
Round #525
Player cards: [♥3, ♠T], Bot cards:[♦6, ♠A]
Player points: [13, 13], Bot points:[7, 17]
Bot get one more card ♦K
Player point: 13, Bot point: 17
Player lose! Money: 1174.0
========================
Round #526
Player cards: [♥7, ♣A], Bot cards:[♦3, ♦9]
Player points: [8, 18], Bot points:[12, 12]
Bot get one more card ♦4
Bot get one more card ♣K
Player point: 18, Bot point: 26
Player win! Money: 1194.0
========================
Round #527
Player cards: [♥6, ♥K], Bot cards:[♦5, ♣5]
Player points: [16, 16], Bot points:[10, 10]
Bot get one more card ♣4
Bot get one more card ♠7
Player point: 16, Bot point: 21
Player lose! Money: 1174.0
========================
Round #528
Player cards: [♥J, ♥Q], Bot cards:[♠3, ♠5]
Player points: [20, 20], Bot points:[8, 8]
Bot get one more card ♣Q
Player point: 20, Bot point: 18
Player win! Money: 1194.0
========================
Round #529
Player cards: [♥7, ♦Q], Bot cards:[♦2, ♣T]
Player points: [17, 17], Bot points:[12, 12]
Bot get one more card ♦7
Player point: 17, Bot point: 19
Player lose! Money: 1174.0
========================
Round #530
Player cards: [♣6, ♥K], Bot cards:[♦2, ♣3]
Player points: [16, 16], Bot points:[5, 5]
Bot get one more card ♣Q
Bot get one more card ♦9
Player point: 16, Bot point: 24
Player win! Money: 1194.0
========================
Round #531
Player cards: [♠6, ♣Q], Bot cards:[♦T, ♠K]
Player points: [16, 16], Bot points:[20, 20]
Player get one more card ♣5
Player point: 21, Bot point: 20
Player win! Money: 1214.0
========================
Round #532
Player cards: [♣9, ♥A], Bot cards:[♣3, ♥J]
Player points: [10, 20], Bot points:[13, 13]
Bot get one more card ♥6
Player point: 20, Bot point: 19
Player win! Money: 1234.0
========================
Round #533
Player cards: [♥5, ♥5], Bot cards:[♦3, ♠Q]
Player points: [10, 10], Bot points:[13, 13]
----- Double Bet! -----
Player get one more card ♦J
Bot get one more card ♥A
Bot get one more card ♠7
Player point: 20, Bot point: 21
Player lose! Money: 1194.0
========================
Round #534
Player cards: [♠2, ♣8], Bot cards:[♠3, ♥J]
Player points: [10, 10], Bot points:[13, 13]
----- Double Bet! -----
Player get one more card ♠3
Bot get one more card ♠8
Player point: 13, Bot point: 21
Player lose! Money: 1154.0
========================
Round #535
Player cards: [♠6, ♦T], Bot cards:[♥3, ♣5]
Player points: [16, 16], Bot points:[8, 8]
Bot get one more card ♠Q
Player point: 16, Bot point: 18
Player lose! Money: 1134.0
========================
Round #536
Player cards: [♣9, ♦A], Bot cards:[♥8, ♠9]
Player points: [10, 20], Bot points:[17, 17]
Player point: 20, Bot point: 17
Player win! Money: 1154.0
========================
Round #537
Player cards: [♣6, ♣7], Bot cards:[♥T, ♦Q]
Player points: [13, 13], Bot points:[20, 20]
Player get one more card ♦8
Player point: 21, Bot point: 20
Player win! Money: 1174.0
========================
Round #538
Player cards: [♦7, ♦Q], Bot cards:[♣2, ♥9]
Player points: [17, 17], Bot points:[11, 11]
Bot get one more card ♦4
Bot get one more card ♦7
Player point: 17, Bot point: 22
Player win! Money: 1194.0
========================
Round #539
Player cards: [♣2, ♥9], Bot cards:[♣2, ♦6]
Player points: [11, 11], Bot points:[8, 8]
----- Double Bet! -----
Player get one more card ♦K
Bot get one more card ♠7
Bot get one more card ♥Q
Player point: 21, Bot point: 25
Player win! Money: 1234.0
========================
Round #540
Player cards: [♣8, ♥T], Bot cards:[♦8, ♥9]
Player points: [18, 18], Bot points:[17, 17]
Player point: 18, Bot point: 17
Player win! Money: 1254.0
========================
Round #541
Player cards: [♦5, ♠J], Bot cards:[♣7, ♥T]
Player points: [15, 15], Bot points:[17, 17]
Player get one more card ♣9
Player point: 24, Bot point: 17
Player lose! Money: 1234.0
========================
Round #542
Player cards: [♠5, ♣9], Bot cards:[♠5, ♦9]
Player points: [14, 14], Bot points:[14, 14]
Bot get one more card ♠4
Player point: 14, Bot point: 18
Player lose! Money: 1214.0
========================
Round #543
Player cards: [♥6, ♦A], Bot cards:[♠3, ♥9]
Player points: [7, 17], Bot points:[12, 12]
Bot get one more card ♦K
Player point: 17, Bot point: 22
Player win! Money: 1234.0
========================
Round #544
Player cards: [♦3, ♥4], Bot cards:[♦2, ♥3]
Player points: [7, 7], Bot points:[5, 5]
Player get one more card ♦K
Bot get one more card ♠K
Bot get one more card ♠8
Player point: 17, Bot point: 23
Player win! Money: 1254.0
========================
Round #545
Player cards: [♥T, ♦A], Bot cards:[♣8, ♦J]
Player points: [11, 21], Bot points:[18, 18]
Player point: 21, Bot point: 18
------ BlackJack!! ------
Player win! Money: 1280.0
========================
Round #546
Player cards: [♥2, ♦4], Bot cards:[♥7, ♦J]
Player points: [6, 6], Bot points:[17, 17]
Player get one more card ♦4
Player get one more card ♦A
Player point: 21, Bot point: 17
Player win! Money: 1300.0
========================
Round #547
Player cards: [♦2, ♦3], Bot cards:[♠9, ♥Q]
Player points: [5, 5], Bot points:[19, 19]
Player get one more card ♦6
Player get one more card ♦5
Player point: 16, Bot point: 19
Player lose! Money: 1280.0
========================
Round #548
Player cards: [♥4, ♠T], Bot cards:[♠4, ♦9]
Player points: [14, 14], Bot points:[13, 13]
Bot get one more card ♥J
Player point: 14, Bot point: 23
Player win! Money: 1300.0
========================
Round #549
Player cards: [♣8, ♣K], Bot cards:[♠2, ♥9]
Player points: [18, 18], Bot points:[11, 11]
Bot get one more card ♠2
Bot get one more card ♥A
Bot get one more card ♠9
Player point: 18, Bot point: 23
Player win! Money: 1320.0
========================
Round #550
Player cards: [♣J, ♣A], Bot cards:[♥4, ♣J]
Player points: [11, 21], Bot points:[14, 14]
Bot get one more card ♣4
Player point: 21, Bot point: 18
------ BlackJack!! ------
Player win! Money: 1346.0
========================
Round #551
New deck
Player cards: [♦7, ♣A], Bot cards:[♥K, ♣A]
Player points: [8, 18], Bot points:[11, 21]
Bot get one more card ♣2
Bot get one more card ♠J
Player point: 18, Bot point: 23
Player win! Money: 1366.0
========================
Round #552
Player cards: [♣5, ♦9], Bot cards:[♥5, ♦6]
Player points: [14, 14], Bot points:[11, 11]
Bot get one more card ♠Q
Player point: 14, Bot point: 21
Player lose! Money: 1346.0
========================
Round #553
Player cards: [♥6, ♥8], Bot cards:[♣3, ♥6]
Player points: [14, 14], Bot points:[9, 9]
Bot get one more card ♥4
Bot get one more card ♠8
Player point: 14, Bot point: 21
Player lose! Money: 1326.0
========================
Round #554
Player cards: [♠3, ♦6], Bot cards:[♠T, ♦J]
Player points: [9, 9], Bot points:[20, 20]
Player get one more card ♥7
Player get one more card ♠2
Player point: 18, Bot point: 20
Player lose! Money: 1306.0
========================
Round #555
Player cards: [♠5, ♠J], Bot cards:[♠2, ♣K]
Player points: [15, 15], Bot points:[12, 12]
Bot get one more card ♥A
Bot get one more card ♠Q
Player point: 15, Bot point: 23
Player win! Money: 1326.0
========================
Round #556
Player cards: [♠K, ♣A], Bot cards:[♦4, ♣7]
Player points: [11, 21], Bot points:[11, 11]
Bot get one more card ♠T
Player point: 21, Bot point: 21
Player lose! Money: 1306.0
========================
Round #557
Player cards: [♣3, ♠T], Bot cards:[♣5, ♥K]
Player points: [13, 13], Bot points:[15, 15]
Bot get one more card ♥3
Player point: 13, Bot point: 18
Player lose! Money: 1286.0
========================
Round #558
Player cards: [♠6, ♣J], Bot cards:[♥4, ♥K]
Player points: [16, 16], Bot points:[14, 14]
Bot get one more card ♦2
Bot get one more card ♥K
Player point: 16, Bot point: 26
Player win! Money: 1306.0
========================
Round #559
Player cards: [♥2, ♦4], Bot cards:[♦6, ♣J]
Player points: [6, 6], Bot points:[16, 16]
Player get one more card ♣T
Bot get one more card ♥J
Player point: 16, Bot point: 26
Player win! Money: 1326.0
========================
Round #560
Player cards: [♦3, ♠J], Bot cards:[♥9, ♠Q]
Player points: [13, 13], Bot points:[19, 19]
Player get one more card ♠5
Player point: 18, Bot point: 19
Player lose! Money: 1306.0
========================
Round #561
Player cards: [♥3, ♦9], Bot cards:[♠6, ♣T]
Player points: [12, 12], Bot points:[16, 16]
Bot get one more card ♣9
Player point: 12, Bot point: 25
Player win! Money: 1326.0
========================
Round #562
Player cards: [♦5, ♥8], Bot cards:[♣5, ♦T]
Player points: [13, 13], Bot points:[15, 15]
Bot get one more card ♠K
Player point: 13, Bot point: 25
Player win! Money: 1346.0
========================
Round #563
Player cards: [♣J, ♦K], Bot cards:[♥2, ♠9]
Player points: [20, 20], Bot points:[11, 11]
Bot get one more card ♣6
Player point: 20, Bot point: 17
Player win! Money: 1366.0
========================
Round #564
Player cards: [♦4, ♠T], Bot cards:[♠2, ♦T]
Player points: [14, 14], Bot points:[12, 12]
Bot get one more card ♣A
Bot get one more card ♦8
Player point: 14, Bot point: 21
Player lose! Money: 1346.0
========================
Round #565
Player cards: [♦4, ♦5], Bot cards:[♣3, ♠A]
Player points: [9, 9], Bot points:[4, 14]
----- Double Bet! -----
Player get one more card ♠9
Bot get one more card ♦A
Bot get one more card ♦J
Bot get one more card ♦2
Player point: 18, Bot point: 17
Player win! Money: 1386.0
========================
Round #566
Player cards: [♥4, ♦9], Bot cards:[♣T, ♣K]
Player points: [13, 13], Bot points:[20, 20]
Player get one more card ♥A
Player get one more card ♥Q
Player point: 24, Bot point: 20
Player lose! Money: 1366.0
========================
Round #567
Player cards: [♥J, ♥A], Bot cards:[♥5, ♠8]
Player points: [11, 21], Bot points:[13, 13]
Bot get one more card ♣4
Player point: 21, Bot point: 17
------ BlackJack!! ------
Player win! Money: 1392.0
========================
Round #568
Player cards: [♣5, ♣8], Bot cards:[♥3, ♦5]
Player points: [13, 13], Bot points:[8, 8]
Bot get one more card ♦8
Bot get one more card ♣9
Player point: 13, Bot point: 25
Player win! Money: 1412.0
========================
Round #569
Player cards: [♥7, ♣9], Bot cards:[♠5, ♥Q]
Player points: [16, 16], Bot points:[15, 15]
Bot get one more card ♠7
Player point: 16, Bot point: 22
Player win! Money: 1432.0
========================
Round #570
Player cards: [♦7, ♦T], Bot cards:[♠7, ♠8]
Player points: [17, 17], Bot points:[15, 15]
Bot get one more card ♦2
Player point: 17, Bot point: 17
Draw! Money:1432.0
========================
Round #571
Player cards: [♠4, ♠J], Bot cards:[♣7, ♠8]
Player points: [14, 14], Bot points:[15, 15]
Player get one more card ♦J
Bot get one more card ♥9
Player point: 24, Bot point: 24
Player lose! Money: 1412.0
========================
Round #572
Player cards: [♣7, ♥J], Bot cards:[♠7, ♥Q]
Player points: [17, 17], Bot points:[17, 17]
Player point: 17, Bot point: 17
Draw! Money:1412.0
========================
Round #573
Player cards: [♠6, ♠Q], Bot cards:[♦9, ♥Q]
Player points: [16, 16], Bot points:[19, 19]
Player get one more card ♠K
Player point: 26, Bot point: 19
Player lose! Money: 1392.0
========================
Round #574
Player cards: [♠5, ♥T], Bot cards:[♥T, ♦A]
Player points: [15, 15], Bot points:[11, 21]
Player get one more card ♦Q
Bot get one more card ♣Q
Player point: 25, Bot point: 21
Player lose! Money: 1372.0
========================
Round #575
Player cards: [♣6, ♣9], Bot cards:[♥Q, ♦Q]
Player points: [15, 15], Bot points:[20, 20]
Player get one more card ♦6
Player point: 21, Bot point: 20
Player win! Money: 1392.0
========================
Round #576
Player cards: [♠4, ♦K], Bot cards:[♥6, ♦K]
Player points: [14, 14], Bot points:[16, 16]
Bot get one more card ♦2
Player point: 14, Bot point: 18
Player lose! Money: 1372.0
========================
Round #577
Player cards: [♣4, ♣K], Bot cards:[♦5, ♠A]
Player points: [14, 14], Bot points:[6, 16]
Bot get one more card ♠6
Bot get one more card ♣8
Player point: 14, Bot point: 20
Player lose! Money: 1352.0
========================
Round #578
Player cards: [♣3, ♥5], Bot cards:[♣7, ♥9]
Player points: [8, 8], Bot points:[16, 16]
Player get one more card ♥8
Player get one more card ♦A
Bot get one more card ♦6
Player point: 17, Bot point: 22
Player win! Money: 1372.0
========================
Round #579
Player cards: [♠2, ♦8], Bot cards:[♣4, ♠A]
Player points: [10, 10], Bot points:[5, 15]
----- Double Bet! -----
Player get one more card ♣Q
Bot get one more card ♠4
Bot get one more card ♠3
Bot get one more card ♠3
Bot get one more card ♣6
Player point: 20, Bot point: 21
Player lose! Money: 1332.0
========================
Round #580
Player cards: [♣6, ♥7], Bot cards:[♣2, ♦T]
Player points: [13, 13], Bot points:[12, 12]
Bot get one more card ♥T
Player point: 13, Bot point: 22
Player win! Money: 1352.0
========================
Round #581
Player cards: [♠9, ♣Q], Bot cards:[♣8, ♥A]
Player points: [19, 19], Bot points:[9, 19]
Bot get one more card ♥J
Player point: 19, Bot point: 19
Draw! Money:1352.0
========================
Round #582
Player cards: [♥2, ♦3], Bot cards:[♣4, ♣Q]
Player points: [5, 5], Bot points:[14, 14]
Player get one more card ♥6
Player get one more card ♥5
Bot get one more card ♠K
Player point: 16, Bot point: 24
Player win! Money: 1372.0
========================
Round #583
Player cards: [♠4, ♠T], Bot cards:[♦J, ♠A]
Player points: [14, 14], Bot points:[11, 21]
Player get one more card ♠7
Bot get one more card ♦7
Player point: 21, Bot point: 18
Player win! Money: 1392.0
========================
Round #584
Player cards: [♣6, ♣8], Bot cards:[♣6, ♦Q]
Player points: [14, 14], Bot points:[16, 16]
Bot get one more card ♥8
Player point: 14, Bot point: 24
Player win! Money: 1412.0
========================
Round #585
Player cards: [♣2, ♦Q], Bot cards:[♦3, ♣K]
Player points: [12, 12], Bot points:[13, 13]
Player get one more card ♠3
Bot get one more card ♦8
Player point: 15, Bot point: 21
Player lose! Money: 1392.0
========================
Round #586
Player cards: [♥T, ♦K], Bot cards:[♣2, ♣3]
Player points: [20, 20], Bot points:[5, 5]
Bot get one more card ♥2
Bot get one more card ♥4
Bot get one more card ♣T
Player point: 20, Bot point: 21
Player lose! Money: 1372.0
========================
Round #587
New deck
Player cards: [♥3, ♣J], Bot cards:[♣7, ♦9]
Player points: [13, 13], Bot points:[16, 16]
Player get one more card ♥3
Player get one more card ♥3
Bot get one more card ♦7
Player point: 19, Bot point: 23
Player win! Money: 1392.0
========================
Round #588
Player cards: [♣4, ♥Q], Bot cards:[♥6, ♠T]
Player points: [14, 14], Bot points:[16, 16]
Bot get one more card ♦K
Player point: 14, Bot point: 26
Player win! Money: 1412.0
========================
Round #589
Player cards: [♥8, ♠T], Bot cards:[♥K, ♥K]
Player points: [18, 18], Bot points:[20, 20]
Player point: 18, Bot point: 20
Player lose! Money: 1392.0
========================
Round #590
Player cards: [♥7, ♣T], Bot cards:[♣7, ♦J]
Player points: [17, 17], Bot points:[17, 17]
Player point: 17, Bot point: 17
Draw! Money:1392.0
========================
Round #591
Player cards: [♥3, ♠A], Bot cards:[♠6, ♦9]
Player points: [4, 14], Bot points:[15, 15]
Bot get one more card ♦A
Bot get one more card ♦4
Player point: 14, Bot point: 20
Player lose! Money: 1372.0
========================
Round #592
Player cards: [♥2, ♣8], Bot cards:[♣J, ♥Q]
Player points: [10, 10], Bot points:[20, 20]
Player get one more card ♣9
Player point: 19, Bot point: 20
Player lose! Money: 1352.0
========================
Round #593
Player cards: [♥2, ♥A], Bot cards:[♥2, ♠A]
Player points: [3, 13], Bot points:[3, 13]
Bot get one more card ♠3
Bot get one more card ♠5
Bot get one more card ♥6
Player point: 13, Bot point: 17
Player lose! Money: 1332.0
========================
Round #594
Player cards: [♥6, ♣Q], Bot cards:[♥8, ♥Q]
Player points: [16, 16], Bot points:[18, 18]
Player get one more card ♣6
Player point: 22, Bot point: 18
Player lose! Money: 1312.0
========================
Round #595
Player cards: [♦6, ♣A], Bot cards:[♥8, ♦T]
Player points: [7, 17], Bot points:[18, 18]
Player point: 17, Bot point: 18
Player lose! Money: 1292.0
========================
Round #596
Player cards: [♠9, ♥A], Bot cards:[♣6, ♦9]
Player points: [10, 20], Bot points:[15, 15]
Bot get one more card ♥5
Player point: 20, Bot point: 20
Draw! Money:1292.0
========================
Round #597
Player cards: [♣3, ♦9], Bot cards:[♥4, ♠9]
Player points: [12, 12], Bot points:[13, 13]
Bot get one more card ♠7
Player point: 12, Bot point: 20
Player lose! Money: 1272.0
========================
Round #598
Player cards: [♣6, ♦A], Bot cards:[♦J, ♠K]
Player points: [7, 17], Bot points:[20, 20]
Player point: 17, Bot point: 20
Player lose! Money: 1252.0
========================
Round #599
Player cards: [♥4, ♦A], Bot cards:[♦4, ♦6]
Player points: [5, 15], Bot points:[10, 10]
Bot get one more card ♥4
Bot get one more card ♠4
Player point: 15, Bot point: 18
Player lose! Money: 1232.0
========================
Round #600
Player cards: [♦3, ♦K], Bot cards:[♣4, ♠A]
Player points: [13, 13], Bot points:[5, 15]
Bot get one more card ♣8
Bot get one more card ♦7
Player point: 13, Bot point: 20
Player lose! Money: 1212.0
========================
Round #601
Player cards: [♣5, ♥A], Bot cards:[♦T, ♣J]
Player points: [6, 16], Bot points:[20, 20]
Player get one more card ♣5
Player point: 21, Bot point: 20
Player win! Money: 1232.0
========================
Round #602
Player cards: [♣6, ♠J], Bot cards:[♠9, ♥T]
Player points: [16, 16], Bot points:[19, 19]
Player get one more card ♥3
Player point: 19, Bot point: 19
Draw! Money:1232.0
========================
Round #603
Player cards: [♣2, ♣Q], Bot cards:[♦K, ♥K]
Player points: [12, 12], Bot points:[20, 20]
Player get one more card ♥9
Player point: 21, Bot point: 20
Player win! Money: 1252.0
========================
Round #604
Player cards: [♦2, ♦3], Bot cards:[♠8, ♥J]
Player points: [5, 5], Bot points:[18, 18]
Player get one more card ♣8
Player get one more card ♦Q
Player point: 23, Bot point: 18
Player lose! Money: 1232.0
========================
Round #605
Player cards: [♦3, ♠9], Bot cards:[♦4, ♦5]
Player points: [12, 12], Bot points:[9, 9]
Bot get one more card ♥A
Bot get one more card ♣A
Bot get one more card ♠5
Bot get one more card ♦7
Player point: 12, Bot point: 23
Player win! Money: 1252.0
========================
Round #606
Player cards: [♦2, ♣2], Bot cards:[♠J, ♣K]
Player points: [4, 4], Bot points:[20, 20]
Player get one more card ♥5
Player get one more card ♣8
Player point: 17, Bot point: 20
Player lose! Money: 1232.0
========================
Round #607
Player cards: [♠2, ♣T], Bot cards:[♦4, ♥5]
Player points: [12, 12], Bot points:[9, 9]
Bot get one more card ♠3
Bot get one more card ♦T
Player point: 12, Bot point: 22
Player win! Money: 1252.0
========================
Round #608
Player cards: [♦T, ♠K], Bot cards:[♣9, ♠K]
Player points: [20, 20], Bot points:[19, 19]
Player point: 20, Bot point: 19
Player win! Money: 1272.0
========================
Round #609
Player cards: [♥7, ♥9], Bot cards:[♣2, ♣7]
Player points: [16, 16], Bot points:[9, 9]
Bot get one more card ♠Q
Player point: 16, Bot point: 19
Player lose! Money: 1252.0
========================
Round #610
Player cards: [♠8, ♣J], Bot cards:[♣2, ♦Q]
Player points: [18, 18], Bot points:[12, 12]
Bot get one more card ♠Q
Player point: 18, Bot point: 22
Player win! Money: 1272.0
========================
Round #611
Player cards: [♣5, ♠6], Bot cards:[♠7, ♦A]
Player points: [11, 11], Bot points:[8, 18]
----- Double Bet! -----
Player get one more card ♣9
Bot get one more card ♥4
Bot get one more card ♦6
Player point: 20, Bot point: 18
Player win! Money: 1312.0
========================
Round #612
Player cards: [♥8, ♣A], Bot cards:[♥2, ♠6]
Player points: [9, 19], Bot points:[8, 8]
Bot get one more card ♣T
Player point: 19, Bot point: 18
Player win! Money: 1332.0
========================
Round #613
Player cards: [♠5, ♥J], Bot cards:[♦6, ♦8]
Player points: [15, 15], Bot points:[14, 14]
Bot get one more card ♣K
Player point: 15, Bot point: 24
Player win! Money: 1352.0
========================
Round #614
Player cards: [♠T, ♥T], Bot cards:[♠2, ♦7]
Player points: [20, 20], Bot points:[9, 9]
Bot get one more card ♥7
Bot get one more card ♣5
Player point: 20, Bot point: 21
Player lose! Money: 1332.0
========================
Round #615
Player cards: [♦5, ♠8], Bot cards:[♥J, ♠Q]
Player points: [13, 13], Bot points:[20, 20]
Player get one more card ♠2
Player get one more card ♠4
Player point: 19, Bot point: 20
Player lose! Money: 1312.0
========================
Round #616
Player cards: [♠T, ♦Q], Bot cards:[♥5, ♣K]
Player points: [20, 20], Bot points:[15, 15]
Bot get one more card ♥6
Player point: 20, Bot point: 21
Player lose! Money: 1292.0
========================
Round #617
Player cards: [♦7, ♥Q], Bot cards:[♠J, ♣Q]
Player points: [17, 17], Bot points:[20, 20]
Player point: 17, Bot point: 20
Player lose! Money: 1272.0
========================
Round #618
Player cards: [♣4, ♣9], Bot cards:[♠7, ♠9]
Player points: [13, 13], Bot points:[16, 16]
Player get one more card ♠Q
Bot get one more card ♣4
Player point: 23, Bot point: 20
Player lose! Money: 1252.0
========================
Round #619
Player cards: [♦2, ♦3], Bot cards:[♥9, ♥T]
Player points: [5, 5], Bot points:[19, 19]
Player get one more card ♠4
Player get one more card ♠8
Player point: 17, Bot point: 19
Player lose! Money: 1232.0
========================
Round #620
Player cards: [♥T, ♥J], Bot cards:[♠5, ♦8]
Player points: [20, 20], Bot points:[13, 13]
Bot get one more card ♦2
Bot get one more card ♠J
Player point: 20, Bot point: 25
Player win! Money: 1252.0
========================
Round #621
Player cards: [♦8, ♣K], Bot cards:[♦J, ♣A]
Player points: [18, 18], Bot points:[11, 21]
Bot get one more card ♥7
Player point: 18, Bot point: 18
Draw! Money:1252.0
========================
Round #622
Player cards: [♣T, ♠A], Bot cards:[♣3, ♥9]
Player points: [11, 21], Bot points:[12, 12]
Bot get one more card ♣3
Bot get one more card ♥K
Player point: 21, Bot point: 25
------ BlackJack!! ------
Player win! Money: 1278.0
========================
Round #623
Player cards: [♣7, ♦J], Bot cards:[♠3, ♣J]
Player points: [17, 17], Bot points:[13, 13]
Bot get one more card ♥7
Player point: 17, Bot point: 20
Player lose! Money: 1258.0
========================
Round #624
Player cards: [♠3, ♣Q], Bot cards:[♦3, ♠6]
Player points: [13, 13], Bot points:[9, 9]
Bot get one more card ♠2
Bot get one more card ♠7
Player point: 13, Bot point: 18
Player lose! Money: 1238.0
========================
Round #625
Player cards: [♦8, ♦A], Bot cards:[♣3, ♠K]
Player points: [9, 19], Bot points:[13, 13]
Bot get one more card ♦5
Player point: 19, Bot point: 18
Player win! Money: 1258.0
========================
Round #626
New deck
Player cards: [♠J, ♣K], Bot cards:[♣3, ♥8]
Player points: [20, 20], Bot points:[11, 11]
Bot get one more card ♣Q
Player point: 20, Bot point: 21
Player lose! Money: 1238.0
========================
Round #627
Player cards: [♣2, ♠K], Bot cards:[♥9, ♦A]
Player points: [12, 12], Bot points:[10, 20]
Player get one more card ♠T
Bot get one more card ♥4
Bot get one more card ♦K
Player point: 22, Bot point: 24
Player lose! Money: 1218.0
========================
Round #628
Player cards: [♦9, ♣J], Bot cards:[♣3, ♦5]
Player points: [19, 19], Bot points:[8, 8]
Bot get one more card ♣9
Player point: 19, Bot point: 17
Player win! Money: 1238.0
========================
Round #629
Player cards: [♥9, ♦J], Bot cards:[♣K, ♠A]
Player points: [19, 19], Bot points:[11, 21]
Bot get one more card ♠6
Player point: 19, Bot point: 17
Player win! Money: 1258.0
========================
Round #630
Player cards: [♣4, ♦7], Bot cards:[♣5, ♥9]
Player points: [11, 11], Bot points:[14, 14]
----- Double Bet! -----
Player get one more card ♥6
Bot get one more card ♦K
Player point: 17, Bot point: 24
Player win! Money: 1298.0
========================
Round #631
Player cards: [♦8, ♦Q], Bot cards:[♥9, ♣K]
Player points: [18, 18], Bot points:[19, 19]
Player point: 18, Bot point: 19
Player lose! Money: 1278.0
========================
Round #632
Player cards: [♥5, ♥K], Bot cards:[♦2, ♥4]
Player points: [15, 15], Bot points:[6, 6]
Bot get one more card ♠7
Bot get one more card ♣T
Player point: 15, Bot point: 23
Player win! Money: 1298.0
========================
Round #633
Player cards: [♣8, ♠T], Bot cards:[♠7, ♥T]
Player points: [18, 18], Bot points:[17, 17]
Player point: 18, Bot point: 17
Player win! Money: 1318.0
========================
Round #634
Player cards: [♣3, ♦Q], Bot cards:[♠4, ♥4]
Player points: [13, 13], Bot points:[8, 8]
Bot get one more card ♦K
Player point: 13, Bot point: 18
Player lose! Money: 1298.0
========================
Round #635
Player cards: [♠6, ♥J], Bot cards:[♠5, ♠A]
Player points: [16, 16], Bot points:[6, 16]
Bot get one more card ♣4
Bot get one more card ♦4
Bot get one more card ♠Q
Player point: 16, Bot point: 24
Player win! Money: 1318.0
========================
Round #636
Player cards: [♦7, ♦T], Bot cards:[♠5, ♦6]
Player points: [17, 17], Bot points:[11, 11]
Bot get one more card ♠3
Bot get one more card ♣6
Player point: 17, Bot point: 20
Player lose! Money: 1298.0
========================
Round #637
Player cards: [♥6, ♣9], Bot cards:[♣7, ♦A]
Player points: [15, 15], Bot points:[8, 18]
Player get one more card ♥A
Player get one more card ♣6
Bot get one more card ♣A
Bot get one more card ♣4
Bot get one more card ♠2
Bot get one more card ♥7
Player point: 22, Bot point: 22
Player lose! Money: 1278.0
========================
Round #638
Player cards: [♠9, ♣J], Bot cards:[♦3, ♣5]
Player points: [19, 19], Bot points:[8, 8]
Bot get one more card ♠K
Player point: 19, Bot point: 18
Player win! Money: 1298.0
========================
Round #639
Player cards: [♣3, ♥6], Bot cards:[♦5, ♣Q]
Player points: [9, 9], Bot points:[15, 15]
----- Double Bet! -----
Player get one more card ♠J
Bot get one more card ♥J
Player point: 19, Bot point: 25
Player win! Money: 1338.0
========================
Round #640
Player cards: [♠3, ♣T], Bot cards:[♠4, ♠J]
Player points: [13, 13], Bot points:[14, 14]
Bot get one more card ♣2
Bot get one more card ♦8
Player point: 13, Bot point: 24
Player win! Money: 1358.0
========================
Round #641
Player cards: [♦2, ♠Q], Bot cards:[♠2, ♣7]
Player points: [12, 12], Bot points:[9, 9]
Player get one more card ♣2
Bot get one more card ♠3
Bot get one more card ♥6
Player point: 14, Bot point: 18
Player lose! Money: 1338.0
========================
Round #642
Player cards: [♥J, ♣Q], Bot cards:[♦5, ♣A]
Player points: [20, 20], Bot points:[6, 16]
Bot get one more card ♥Q
Bot get one more card ♣9
Player point: 20, Bot point: 25
Player win! Money: 1358.0
========================
Round #643
Player cards: [♥2, ♣2], Bot cards:[♠4, ♠9]
Player points: [4, 4], Bot points:[13, 13]
-------- Split! Two hands: [4, 4], [12, 12]
Player get one more card ♠8
For second hand:
Bot get one more card ♥9
Player point: 12, Bot point: 22
Player win! Money: 1378.0
========================
Player point: 12, Bot point: 22
Player win! Money: 1398.0
========================
Round #644
Player cards: [♠6, ♣7], Bot cards:[♠8, ♦Q]
Player points: [13, 13], Bot points:[18, 18]
Player get one more card ♣K
Player point: 23, Bot point: 18
Player lose! Money: 1378.0
========================
Round #645
Player cards: [♦4, ♥8], Bot cards:[♥5, ♣T]
Player points: [12, 12], Bot points:[15, 15]
Bot get one more card ♦5
Player point: 12, Bot point: 20
Player lose! Money: 1358.0
========================
Round #646
Player cards: [♦J, ♥Q], Bot cards:[♦9, ♦A]
Player points: [20, 20], Bot points:[10, 20]
Bot get one more card ♦6
Bot get one more card ♥T
Player point: 20, Bot point: 26
Player win! Money: 1378.0
========================
Round #647
Player cards: [♦8, ♠A], Bot cards:[♥2, ♠T]
Player points: [9, 19], Bot points:[12, 12]
Bot get one more card ♥2
Bot get one more card ♥7
Player point: 19, Bot point: 21
Player lose! Money: 1358.0
========================
Round #648
Player cards: [♠5, ♠A], Bot cards:[♠2, ♣J]
Player points: [6, 16], Bot points:[12, 12]
Bot get one more card ♥3
Bot get one more card ♠7
Player point: 16, Bot point: 22
Player win! Money: 1378.0
========================
Round #649
Player cards: [♦T, ♠Q], Bot cards:[♣4, ♠T]
Player points: [20, 20], Bot points:[14, 14]
Bot get one more card ♦2
Bot get one more card ♥Q
Player point: 20, Bot point: 26
Player win! Money: 1398.0
========================
Round #650
Player cards: [♠8, ♦J], Bot cards:[♥8, ♥K]
Player points: [18, 18], Bot points:[18, 18]
Player point: 18, Bot point: 18
Draw! Money:1398.0
========================
Round #651
Player cards: [♠9, ♥A], Bot cards:[♣5, ♥T]
Player points: [10, 20], Bot points:[15, 15]
Bot get one more card ♠4
Player point: 20, Bot point: 19
Player win! Money: 1418.0
========================
Round #652
Player cards: [♦6, ♣Q], Bot cards:[♦3, ♠4]
Player points: [16, 16], Bot points:[7, 7]
Bot get one more card ♥A
Bot get one more card ♠3
Bot get one more card ♣8
Player point: 16, Bot point: 19
Player lose! Money: 1398.0
========================
Round #653
Player cards: [♠2, ♦3], Bot cards:[♦4, ♦7]
Player points: [5, 5], Bot points:[11, 11]
Player get one more card ♥J
Bot get one more card ♥A
Bot get one more card ♥7
Player point: 15, Bot point: 19
Player lose! Money: 1378.0
========================
Round #654
Player cards: [♥4, ♦T], Bot cards:[♦4, ♦6]
Player points: [14, 14], Bot points:[10, 10]
Bot get one more card ♥Q
Player point: 14, Bot point: 20
Player lose! Money: 1358.0
========================
Round #655
Player cards: [♥5, ♥T], Bot cards:[♥8, ♣A]
Player points: [15, 15], Bot points:[9, 19]
Player get one more card ♠7
Bot get one more card ♦7
Bot get one more card ♥2
Player point: 22, Bot point: 18
Player lose! Money: 1338.0
========================
Round #656
Player cards: [♦8, ♦T], Bot cards:[♥3, ♣8]
Player points: [18, 18], Bot points:[11, 11]
Bot get one more card ♦9
Player point: 18, Bot point: 20
Player lose! Money: 1318.0
========================
Round #657
Player cards: [♠6, ♥K], Bot cards:[♦J, ♦A]
Player points: [16, 16], Bot points:[11, 21]
Player get one more card ♠5
Bot get one more card ♣T
Player point: 21, Bot point: 21
Player lose! Money: 1298.0
========================
Round #658
Player cards: [♠8, ♣A], Bot cards:[♥3, ♦5]
Player points: [9, 19], Bot points:[8, 8]
Bot get one more card ♠K
Player point: 19, Bot point: 18
Player win! Money: 1318.0
========================
Round #659
Player cards: [♠K, ♥K], Bot cards:[♣7, ♦K]
Player points: [20, 20], Bot points:[17, 17]
Player point: 20, Bot point: 17
Player win! Money: 1338.0
========================
Round #660
Player cards: [♠J, ♣J], Bot cards:[♥3, ♣5]
Player points: [20, 20], Bot points:[8, 8]
Bot get one more card ♣8
Bot get one more card ♥5
Player point: 20, Bot point: 21
Player lose! Money: 1318.0
========================
Round #661
Player cards: [♣9, ♦Q], Bot cards:[♦3, ♦Q]
Player points: [19, 19], Bot points:[13, 13]
Bot get one more card ♣6
Player point: 19, Bot point: 19
Draw! Money:1318.0
========================
Round #662
New deck
Player cards: [♥6, ♥9], Bot cards:[♦6, ♥A]
Player points: [15, 15], Bot points:[7, 17]
Bot get one more card ♠5
Bot get one more card ♥J
Player point: 15, Bot point: 22
Player win! Money: 1338.0
========================
Round #663
Player cards: [♣8, ♠9], Bot cards:[♣2, ♥J]
Player points: [17, 17], Bot points:[12, 12]
Bot get one more card ♦2
Bot get one more card ♥2
Bot get one more card ♥3
Player point: 17, Bot point: 19
Player lose! Money: 1318.0
========================
Round #664
Player cards: [♠7, ♦T], Bot cards:[♥8, ♥A]
Player points: [17, 17], Bot points:[9, 19]
Bot get one more card ♥3
Bot get one more card ♣Q
Player point: 17, Bot point: 22
Player win! Money: 1338.0
========================
Round #665
Player cards: [♦9, ♠K], Bot cards:[♠6, ♦Q]
Player points: [19, 19], Bot points:[16, 16]
Bot get one more card ♣7
Player point: 19, Bot point: 23
Player win! Money: 1358.0
========================
Round #666
Player cards: [♥5, ♣Q], Bot cards:[♠5, ♠7]
Player points: [15, 15], Bot points:[12, 12]
Bot get one more card ♣2
Bot get one more card ♦3
Player point: 15, Bot point: 17
Player lose! Money: 1338.0
========================
Round #667
Player cards: [♥4, ♣T], Bot cards:[♦5, ♠9]
Player points: [14, 14], Bot points:[14, 14]
Bot get one more card ♦9
Player point: 14, Bot point: 23
Player win! Money: 1358.0
========================
Round #668
Player cards: [♣2, ♦J], Bot cards:[♦Q, ♥K]
Player points: [12, 12], Bot points:[20, 20]
Player get one more card ♣J
Player point: 22, Bot point: 20
Player lose! Money: 1338.0
========================
Round #669
Player cards: [♥Q, ♣A], Bot cards:[♠3, ♥8]
Player points: [11, 21], Bot points:[11, 11]
Bot get one more card ♥7
Player point: 21, Bot point: 18
------ BlackJack!! ------
Player win! Money: 1364.0
========================
Round #670
Player cards: [♦J, ♣Q], Bot cards:[♥6, ♦Q]
Player points: [20, 20], Bot points:[16, 16]
Bot get one more card ♣9
Player point: 20, Bot point: 25
Player win! Money: 1384.0
========================
Round #671
Player cards: [♠5, ♦J], Bot cards:[♦4, ♦7]
Player points: [15, 15], Bot points:[11, 11]
Bot get one more card ♣6
Player point: 15, Bot point: 17
Player lose! Money: 1364.0
========================
Round #672
Player cards: [♠4, ♥K], Bot cards:[♦7, ♦K]
Player points: [14, 14], Bot points:[17, 17]
Player get one more card ♦Q
Player point: 24, Bot point: 17
Player lose! Money: 1344.0
========================
Round #673
Player cards: [♥7, ♠J], Bot cards:[♥2, ♥9]
Player points: [17, 17], Bot points:[11, 11]
Bot get one more card ♣J
Player point: 17, Bot point: 21
Player lose! Money: 1324.0
========================
Round #674
Player cards: [♠7, ♥A], Bot cards:[♠2, ♣K]
Player points: [8, 18], Bot points:[12, 12]
Bot get one more card ♠2
Bot get one more card ♥5
Player point: 18, Bot point: 19
Player lose! Money: 1304.0
========================
Round #675
Player cards: [♦4, ♦A], Bot cards:[♦5, ♥9]
Player points: [5, 15], Bot points:[14, 14]
Bot get one more card ♥T
Player point: 15, Bot point: 24
Player win! Money: 1324.0
========================
Round #676
Player cards: [♣9, ♥Q], Bot cards:[♠3, ♦5]
Player points: [19, 19], Bot points:[8, 8]
Bot get one more card ♣A
Bot get one more card ♦9
Player point: 19, Bot point: 18
Player win! Money: 1344.0
========================
Round #677
Player cards: [♥3, ♦K], Bot cards:[♦7, ♠Q]
Player points: [13, 13], Bot points:[17, 17]
Player get one more card ♣K
Player point: 23, Bot point: 17
Player lose! Money: 1324.0
========================
Round #678
Player cards: [♠4, ♣5], Bot cards:[♠K, ♦A]
Player points: [9, 9], Bot points:[11, 21]
Player get one more card ♥5
Player get one more card ♥4
Bot get one more card ♣9
Player point: 18, Bot point: 20
Player lose! Money: 1304.0
========================
Round #679
Player cards: [♣4, ♠6], Bot cards:[♥5, ♣K]
Player points: [10, 10], Bot points:[15, 15]
----- Double Bet! -----
Player get one more card ♠J
Bot get one more card ♦J
Player point: 20, Bot point: 25
Player win! Money: 1344.0
========================
Round #680
Player cards: [♠3, ♦4], Bot cards:[♣7, ♦T]
Player points: [7, 7], Bot points:[17, 17]
Player get one more card ♦3
Player get one more card ♦6
Player point: 16, Bot point: 17
Player lose! Money: 1324.0
========================
Round #681
Player cards: [♣7, ♦T], Bot cards:[♠3, ♠7]
Player points: [17, 17], Bot points:[10, 10]
Bot get one more card ♦8
Player point: 17, Bot point: 18
Player lose! Money: 1304.0
========================
Round #682
Player cards: [♠4, ♥8], Bot cards:[♣4, ♠8]
Player points: [12, 12], Bot points:[12, 12]
Bot get one more card ♠2
Bot get one more card ♦3
Player point: 12, Bot point: 17
Player lose! Money: 1284.0
========================
Round #683
Player cards: [♥6, ♣8], Bot cards:[♠4, ♦8]
Player points: [14, 14], Bot points:[12, 12]
Bot get one more card ♦4
Bot get one more card ♣T
Player point: 14, Bot point: 26
Player win! Money: 1304.0
========================
Round #684
Player cards: [♦A, ♣A], Bot cards:[♦8, ♠Q]
Player points: [2, 12], Bot points:[18, 18]
-------- Split! Two hands: [4, 14], [11, 21]
Player get one more card ♣T
Player get one more card ♠T
For second hand:
Player point: 24, Bot point: 18
Player lose! Money: 1284.0
========================
Player point: 21, Bot point: 18
------ BlackJack!! ------
Player win! Money: 1310.0
========================
Round #685
Player cards: [♠2, ♦6], Bot cards:[♦2, ♥6]
Player points: [8, 8], Bot points:[8, 8]
Player get one more card ♥Q
Bot get one more card ♠8
Bot get one more card ♠8
Player point: 18, Bot point: 24
Player win! Money: 1330.0
========================
Round #686
Player cards: [♣5, ♦7], Bot cards:[♣3, ♣9]
Player points: [12, 12], Bot points:[12, 12]
Player get one more card ♥3
Bot get one more card ♣6
Player point: 15, Bot point: 18
Player lose! Money: 1310.0
========================
Round #687
Player cards: [♠T, ♠J], Bot cards:[♥J, ♠K]
Player points: [20, 20], Bot points:[20, 20]
Player point: 20, Bot point: 20
Draw! Money:1310.0
========================
Round #688
Player cards: [♠Q, ♣Q], Bot cards:[♣2, ♥7]
Player points: [20, 20], Bot points:[9, 9]
Bot get one more card ♦2
Bot get one more card ♠6
Player point: 20, Bot point: 17
Player win! Money: 1330.0
========================
Round #689
Player cards: [♠A, ♥A], Bot cards:[♠T, ♦K]
Player points: [2, 12], Bot points:[20, 20]
-------- Split! Two hands: [4, 14], [10, 20]
Player get one more card ♣5
For second hand:
Player point: 19, Bot point: 20
Player lose! Money: 1310.0
========================
Player point: 20, Bot point: 20
Draw! Money:1310.0
========================
Round #690
Player cards: [♣5, ♣8], Bot cards:[♣4, ♣J]
Player points: [13, 13], Bot points:[14, 14]
Bot get one more card ♥T
Player point: 13, Bot point: 24
Player win! Money: 1330.0
========================
Round #691
Player cards: [♥2, ♣6], Bot cards:[♦9, ♠Q]
Player points: [8, 8], Bot points:[19, 19]
Player get one more card ♦A
Player point: 19, Bot point: 19
Draw! Money:1330.0
========================
Round #692
Player cards: [♠5, ♣8], Bot cards:[♦6, ♠9]
Player points: [13, 13], Bot points:[15, 15]
Bot get one more card ♦3
Player point: 13, Bot point: 18
Player lose! Money: 1310.0
========================
Round #693
Player cards: [♠8, ♣A], Bot cards:[♥T, ♣K]
Player points: [9, 19], Bot points:[20, 20]
Player point: 19, Bot point: 20
Player lose! Money: 1290.0
========================
Round #694
Player cards: [♣6, ♦9], Bot cards:[♥T, ♥J]
Player points: [15, 15], Bot points:[20, 20]
Player get one more card ♥9
Player point: 24, Bot point: 20
Player lose! Money: 1270.0
========================
Round #695
Player cards: [♥4, ♥K], Bot cards:[♦8, ♠A]
Player points: [14, 14], Bot points:[9, 19]
Player get one more card ♣7
Bot get one more card ♥7
Bot get one more card ♦5
Player point: 21, Bot point: 21
Player lose! Money: 1250.0
========================
Round #696
Player cards: [♠T, ♥Q], Bot cards:[♥7, ♥K]
Player points: [20, 20], Bot points:[17, 17]
Player point: 20, Bot point: 17
Player win! Money: 1270.0
========================
Round #697
Player cards: [♥2, ♥8], Bot cards:[♣J, ♦K]
Player points: [10, 10], Bot points:[20, 20]
Player get one more card ♥4
Player get one more card ♠A
Player get one more card ♣6
Player point: 21, Bot point: 20
Player win! Money: 1290.0
========================
Round #698
Player cards: [♠9, ♠Q], Bot cards:[♦2, ♠J]
Player points: [19, 19], Bot points:[12, 12]
Bot get one more card ♠K
Player point: 19, Bot point: 22
Player win! Money: 1310.0
========================
Round #699
New deck
Player cards: [♥9, ♥A], Bot cards:[♦8, ♦T]
Player points: [10, 20], Bot points:[18, 18]
Player point: 20, Bot point: 18
Player win! Money: 1330.0
========================
Round #700
Player cards: [♣5, ♦T], Bot cards:[♣6, ♠K]
Player points: [15, 15], Bot points:[16, 16]
Bot get one more card ♠2
Player point: 15, Bot point: 18
Player lose! Money: 1310.0
========================
Round #701
Player cards: [♣K, ♣A], Bot cards:[♣9, ♥A]
Player points: [11, 21], Bot points:[10, 20]
Bot get one more card ♦9
Player point: 21, Bot point: 19
------ BlackJack!! ------
Player win! Money: 1336.0
========================
Round #702
Player cards: [♣5, ♦8], Bot cards:[♠2, ♠3]
Player points: [13, 13], Bot points:[5, 5]
Bot get one more card ♣4
Bot get one more card ♣Q
Player point: 13, Bot point: 19
Player lose! Money: 1316.0
========================
Round #703
Player cards: [♠4, ♦J], Bot cards:[♥6, ♥K]
Player points: [14, 14], Bot points:[16, 16]
Bot get one more card ♠9
Player point: 14, Bot point: 25
Player win! Money: 1336.0
========================
Round #704
Player cards: [♦4, ♣4], Bot cards:[♣3, ♠K]
Player points: [8, 8], Bot points:[13, 13]
Player get one more card ♠Q
Bot get one more card ♥8
Player point: 18, Bot point: 21
Player lose! Money: 1316.0
========================
Round #705
Player cards: [♦2, ♣8], Bot cards:[♥J, ♥K]
Player points: [10, 10], Bot points:[20, 20]
Player get one more card ♠A
Player point: 21, Bot point: 20
Player win! Money: 1336.0
========================
Round #706
Player cards: [♣3, ♥Q], Bot cards:[♠2, ♣J]
Player points: [13, 13], Bot points:[12, 12]
Bot get one more card ♣T
Player point: 13, Bot point: 22
Player win! Money: 1356.0
========================
Round #707
Player cards: [♥J, ♦Q], Bot cards:[♣7, ♣9]
Player points: [20, 20], Bot points:[16, 16]
Bot get one more card ♠T
Player point: 20, Bot point: 26
Player win! Money: 1376.0
========================
Round #708
Player cards: [♥8, ♦Q], Bot cards:[♦3, ♦4]
Player points: [18, 18], Bot points:[7, 7]
Bot get one more card ♠5
Bot get one more card ♥8
Player point: 18, Bot point: 20
Player lose! Money: 1356.0
========================
Round #709
Player cards: [♣8, ♠Q], Bot cards:[♦7, ♣K]
Player points: [18, 18], Bot points:[17, 17]
Player point: 18, Bot point: 17
Player win! Money: 1376.0
========================
Round #710
Player cards: [♦5, ♠A], Bot cards:[♠4, ♥A]
Player points: [6, 16], Bot points:[5, 15]
Bot get one more card ♦6
Bot get one more card ♠3
Bot get one more card ♠9
Player point: 16, Bot point: 23
Player win! Money: 1396.0
========================
Round #711
Player cards: [♣3, ♣7], Bot cards:[♦5, ♠K]
Player points: [10, 10], Bot points:[15, 15]
----- Double Bet! -----
Player get one more card ♥3
Bot get one more card ♦K
Player point: 13, Bot point: 25
Player win! Money: 1436.0
========================
Round #712
Player cards: [♠5, ♦8], Bot cards:[♦K, ♦A]
Player points: [13, 13], Bot points:[11, 21]
Player get one more card ♣7
Bot get one more card ♦A
Bot get one more card ♦K
Player point: 20, Bot point: 22
Player win! Money: 1456.0
========================
Round #713
Player cards: [♣4, ♦9], Bot cards:[♥7, ♥7]
Player points: [13, 13], Bot points:[14, 14]
Player get one more card ♥9
Bot get one more card ♠A
Bot get one more card ♥8
Player point: 22, Bot point: 23
Player lose! Money: 1436.0
========================
Round #714
Player cards: [♣T, ♦A], Bot cards:[♣3, ♠Q]
Player points: [11, 21], Bot points:[13, 13]
Bot get one more card ♣A
Bot get one more card ♥5
Player point: 21, Bot point: 19
------ BlackJack!! ------
Player win! Money: 1462.0
========================
Round #715
Player cards: [♠4, ♥4], Bot cards:[♣7, ♥7]
Player points: [8, 8], Bot points:[14, 14]
Player get one more card ♣Q
Bot get one more card ♠7
Player point: 18, Bot point: 21
Player lose! Money: 1442.0
========================
Round #716
Player cards: [♠J, ♥K], Bot cards:[♣4, ♠6]
Player points: [20, 20], Bot points:[10, 10]
Bot get one more card ♣5
Bot get one more card ♠6
Player point: 20, Bot point: 21
Player lose! Money: 1422.0
========================
Round #717
Player cards: [♦4, ♥5], Bot cards:[♦3, ♥A]
Player points: [9, 9], Bot points:[4, 14]
----- Double Bet! -----
Player get one more card ♣K
Bot get one more card ♣6
Bot get one more card ♠J
Player point: 19, Bot point: 20
Player lose! Money: 1382.0
========================
Round #718
Player cards: [♥7, ♥J], Bot cards:[♣T, ♥Q]
Player points: [17, 17], Bot points:[20, 20]
Player point: 17, Bot point: 20
Player lose! Money: 1362.0
========================
Round #719
Player cards: [♥3, ♦7], Bot cards:[♥T, ♥T]
Player points: [10, 10], Bot points:[20, 20]
Player get one more card ♠9
Player point: 19, Bot point: 20
Player lose! Money: 1342.0
========================
Round #720
Player cards: [♥9, ♥Q], Bot cards:[♦8, ♠9]
Player points: [19, 19], Bot points:[17, 17]
Player point: 19, Bot point: 17
Player win! Money: 1362.0
========================
Round #721
Player cards: [♦3, ♦Q], Bot cards:[♠3, ♠7]
Player points: [13, 13], Bot points:[10, 10]
Bot get one more card ♥J
Player point: 13, Bot point: 20
Player lose! Money: 1342.0
========================
Round #722
Player cards: [♠7, ♣A], Bot cards:[♣2, ♠7]
Player points: [8, 18], Bot points:[9, 9]
Bot get one more card ♥T
Player point: 18, Bot point: 19
Player lose! Money: 1322.0
========================
Round #723
Player cards: [♣2, ♠A], Bot cards:[♦3, ♠4]
Player points: [3, 13], Bot points:[7, 7]
Bot get one more card ♦J
Player point: 13, Bot point: 17
Player lose! Money: 1302.0
========================
Round #724
Player cards: [♠3, ♥T], Bot cards:[♠T, ♣J]
Player points: [13, 13], Bot points:[20, 20]
Player get one more card ♣9
Player point: 22, Bot point: 20
Player lose! Money: 1282.0
========================
Round #725
Player cards: [♠8, ♣J], Bot cards:[♦9, ♠J]
Player points: [18, 18], Bot points:[19, 19]
Player point: 18, Bot point: 19
Player lose! Money: 1262.0
========================
Round #726
Player cards: [♣9, ♣Q], Bot cards:[♦6, ♦J]
Player points: [19, 19], Bot points:[16, 16]
Bot get one more card ♥K
Player point: 19, Bot point: 26
Player win! Money: 1282.0
========================
Round #727
Player cards: [♠8, ♠Q], Bot cards:[♣Q, ♠A]
Player points: [18, 18], Bot points:[11, 21]
Bot get one more card ♦5
Bot get one more card ♠T
Player point: 18, Bot point: 26
Player win! Money: 1302.0
========================
Round #728
Player cards: [♦T, ♠K], Bot cards:[♦2, ♣T]
Player points: [20, 20], Bot points:[12, 12]
Bot get one more card ♣6
Player point: 20, Bot point: 18
Player win! Money: 1322.0
========================
Round #729
Player cards: [♥3, ♦7], Bot cards:[♥3, ♦9]
Player points: [10, 10], Bot points:[12, 12]
----- Double Bet! -----
Player get one more card ♥4
Bot get one more card ♣4
Bot get one more card ♠5
Player point: 14, Bot point: 21
Player lose! Money: 1282.0
========================
Round #730
Player cards: [♦5, ♠6], Bot cards:[♦2, ♥6]
Player points: [11, 11], Bot points:[8, 8]
----- Double Bet! -----
Player get one more card ♣2
Bot get one more card ♣3
Bot get one more card ♣2
Bot get one more card ♥4
Player point: 13, Bot point: 17
Player lose! Money: 1242.0
========================
Round #731
Player cards: [♥6, ♦T], Bot cards:[♥2, ♥2]
Player points: [16, 16], Bot points:[4, 4]
Bot get one more card ♣8
Bot get one more card ♥2
Bot get one more card ♣J
Player point: 16, Bot point: 24
Player win! Money: 1262.0
========================
Round #732
Player cards: [♠6, ♥Q], Bot cards:[♦2, ♦7]
Player points: [16, 16], Bot points:[9, 9]
Bot get one more card ♠J
Player point: 16, Bot point: 19
Player lose! Money: 1242.0
========================
Round #733
Player cards: [♠8, ♣T], Bot cards:[♦6, ♣K]
Player points: [18, 18], Bot points:[16, 16]
Bot get one more card ♣6
Player point: 18, Bot point: 22
Player win! Money: 1262.0
========================
Round #734
Player cards: [♠5, ♦6], Bot cards:[♥2, ♠6]
Player points: [11, 11], Bot points:[8, 8]
----- Double Bet! -----
Player get one more card ♥5
Bot get one more card ♥6
Bot get one more card ♠2
Bot get one more card ♣8
Player point: 16, Bot point: 24
Player win! Money: 1302.0
========================
Round #735
Player cards: [♥4, ♦J], Bot cards:[♣5, ♦K]
Player points: [14, 14], Bot points:[15, 15]
Bot get one more card ♣A
Bot get one more card ♦Q
Player point: 14, Bot point: 26
Player win! Money: 1322.0
========================
Round #736
New deck
Player cards: [♥2, ♥J], Bot cards:[♦2, ♠6]
Player points: [12, 12], Bot points:[8, 8]
Player get one more card ♥6
Bot get one more card ♠5
Bot get one more card ♥J
Player point: 18, Bot point: 23
Player win! Money: 1342.0
========================
Round #737
Player cards: [♦6, ♠J], Bot cards:[♣5, ♣A]
Player points: [16, 16], Bot points:[6, 16]
Bot get one more card ♥6
Bot get one more card ♣2
Bot get one more card ♥4
Player point: 16, Bot point: 18
Player lose! Money: 1322.0
========================
Round #738
Player cards: [♠4, ♦5], Bot cards:[♣3, ♠Q]
Player points: [9, 9], Bot points:[13, 13]
----- Double Bet! -----
Player get one more card ♣2
Bot get one more card ♥8
Player point: 11, Bot point: 21
Player lose! Money: 1282.0
========================
Round #739
Player cards: [♥9, ♥T], Bot cards:[♥9, ♣T]
Player points: [19, 19], Bot points:[19, 19]
Player point: 19, Bot point: 19
Draw! Money:1282.0
========================
Round #740
Player cards: [♠T, ♣J], Bot cards:[♣7, ♠J]
Player points: [20, 20], Bot points:[17, 17]
Player point: 20, Bot point: 17
Player win! Money: 1302.0
========================
Round #741
Player cards: [♣6, ♣9], Bot cards:[♣9, ♦A]
Player points: [15, 15], Bot points:[10, 20]
Player get one more card ♥K
Bot get one more card ♦T
Player point: 25, Bot point: 20
Player lose! Money: 1282.0
========================
Round #742
Player cards: [♠9, ♥Q], Bot cards:[♦4, ♣4]
Player points: [19, 19], Bot points:[8, 8]
Bot get one more card ♦9
Player point: 19, Bot point: 17
Player win! Money: 1302.0
========================
Round #743
Player cards: [♦8, ♥T], Bot cards:[♥2, ♠8]
Player points: [18, 18], Bot points:[10, 10]
Bot get one more card ♣A
Bot get one more card ♥J
Player point: 18, Bot point: 21
Player lose! Money: 1282.0
========================
Round #744
Player cards: [♠2, ♣K], Bot cards:[♥7, ♦Q]
Player points: [12, 12], Bot points:[17, 17]
Player get one more card ♠Q
Player point: 22, Bot point: 17
Player lose! Money: 1262.0
========================
Round #745
Player cards: [♥5, ♥8], Bot cards:[♥8, ♣T]
Player points: [13, 13], Bot points:[18, 18]
Player get one more card ♠A
Player get one more card ♥9
Player point: 23, Bot point: 18
Player lose! Money: 1242.0
========================
Round #746
Player cards: [♣3, ♦7], Bot cards:[♣3, ♠8]
Player points: [10, 10], Bot points:[11, 11]
----- Double Bet! -----
Player get one more card ♣8
Bot get one more card ♦3
Bot get one more card ♠7
Player point: 18, Bot point: 21
Player lose! Money: 1202.0
========================
Round #747
Player cards: [♦K, ♦A], Bot cards:[♦4, ♣8]
Player points: [11, 21], Bot points:[12, 12]
Bot get one more card ♣A
Bot get one more card ♣6
Player point: 21, Bot point: 19
------ BlackJack!! ------
Player win! Money: 1228.0
========================
Round #748
Player cards: [♦4, ♠6], Bot cards:[♦9, ♠Q]
Player points: [10, 10], Bot points:[19, 19]
----- Double Bet! -----
Player get one more card ♣4
Player point: 14, Bot point: 19
Player lose! Money: 1188.0
========================
Round #749
Player cards: [♠3, ♦7], Bot cards:[♦6, ♦K]
Player points: [10, 10], Bot points:[16, 16]
----- Double Bet! -----
Player get one more card ♣2
Bot get one more card ♣5
Player point: 12, Bot point: 21
Player lose! Money: 1148.0
========================
Round #750
Player cards: [♦4, ♦A], Bot cards:[♥T, ♣J]
Player points: [5, 15], Bot points:[20, 20]
Player get one more card ♦8
Player get one more card ♠7
Player point: 20, Bot point: 20
Draw! Money:1148.0
========================
Round #751
Player cards: [♥3, ♣8], Bot cards:[♣2, ♥3]
Player points: [11, 11], Bot points:[5, 5]
----- Double Bet! -----
Player get one more card ♦4
Bot get one more card ♠9
Bot get one more card ♦3
Player point: 15, Bot point: 17
Player lose! Money: 1108.0
========================
Round #752
Player cards: [♥3, ♠K], Bot cards:[♦2, ♦8]
Player points: [13, 13], Bot points:[10, 10]
Bot get one more card ♣K
Player point: 13, Bot point: 20
Player lose! Money: 1088.0
========================
Round #753
Player cards: [♠2, ♥Q], Bot cards:[♦Q, ♥K]
Player points: [12, 12], Bot points:[20, 20]
Player get one more card ♠4
Player get one more card ♥Q
Player point: 26, Bot point: 20
Player lose! Money: 1068.0
========================
Round #754
Player cards: [♦J, ♠A], Bot cards:[♣7, ♣Q]
Player points: [11, 21], Bot points:[17, 17]
Player point: 21, Bot point: 17
------ BlackJack!! ------
Player win! Money: 1094.0
========================
Round #755
Player cards: [♥2, ♦3], Bot cards:[♥5, ♣K]
Player points: [5, 5], Bot points:[15, 15]
Player get one more card ♥5
Player get one more card ♦K
Bot get one more card ♦2
Player point: 20, Bot point: 17
Player win! Money: 1114.0
========================
Round #756
Player cards: [♠5, ♠8], Bot cards:[♠5, ♣5]
Player points: [13, 13], Bot points:[10, 10]
Bot get one more card ♣8
Player point: 13, Bot point: 18
Player lose! Money: 1094.0
========================
Round #757
Player cards: [♣4, ♥7], Bot cards:[♦8, ♥T]
Player points: [11, 11], Bot points:[18, 18]
----- Double Bet! -----
Player get one more card ♦T
Player point: 21, Bot point: 18
Player win! Money: 1134.0
========================
Round #758
Player cards: [♥Q, ♦A], Bot cards:[♦T, ♣Q]
Player points: [11, 21], Bot points:[20, 20]
Player point: 21, Bot point: 20
------ BlackJack!! ------
Player win! Money: 1160.0
========================
Round #759
Player cards: [♦5, ♠J], Bot cards:[♠7, ♥7]
Player points: [15, 15], Bot points:[14, 14]
Player get one more card ♦T
Bot get one more card ♦2
Bot get one more card ♠T
Player point: 25, Bot point: 26
Player lose! Money: 1140.0
========================
Round #760
Player cards: [♠4, ♠9], Bot cards:[♦5, ♠6]
Player points: [13, 13], Bot points:[11, 11]
Bot get one more card ♥7
Player point: 13, Bot point: 18
Player lose! Money: 1120.0
========================
Round #761
Player cards: [♦7, ♣J], Bot cards:[♠7, ♣K]
Player points: [17, 17], Bot points:[17, 17]
Player point: 17, Bot point: 17
Draw! Money:1120.0
========================
Round #762
Player cards: [♠9, ♣Q], Bot cards:[♣J, ♥K]
Player points: [19, 19], Bot points:[20, 20]
Player point: 19, Bot point: 20
Player lose! Money: 1100.0
========================
Round #763
Player cards: [♥4, ♠A], Bot cards:[♠K, ♥A]
Player points: [5, 15], Bot points:[11, 21]
Player get one more card ♣5
Bot get one more card ♦9
Player point: 20, Bot point: 20
Draw! Money:1100.0
========================
Round #764
Player cards: [♠2, ♦J], Bot cards:[♠3, ♠Q]
Player points: [12, 12], Bot points:[13, 13]
Player get one more card ♠2
Bot get one more card ♦7
Player point: 14, Bot point: 20
Player lose! Money: 1080.0
========================
Round #765
Player cards: [♦J, ♦K], Bot cards:[♠3, ♥9]
Player points: [20, 20], Bot points:[12, 12]
Bot get one more card ♥5
Player point: 20, Bot point: 17
Player win! Money: 1100.0
========================
Round #766
Player cards: [♠T, ♣T], Bot cards:[♣3, ♣7]
Player points: [20, 20], Bot points:[10, 10]
Bot get one more card ♦6
Bot get one more card ♥4
Player point: 20, Bot point: 20
Draw! Money:1100.0
========================
Round #767
Player cards: [♥A, ♥A], Bot cards:[♠T, ♥A]
Player points: [2, 12], Bot points:[11, 21]
-------- Split! Two hands: [6, 16], [10, 20]
Player get one more card ♥K
Player get one more card ♦A
For second hand:
Bot get one more card ♦5
Bot get one more card ♣T
Player point: 17, Bot point: 26
Player win! Money: 1120.0
========================
Player point: 20, Bot point: 26
Player win! Money: 1140.0
========================
Round #768
Player cards: [♣9, ♠J], Bot cards:[♣Q, ♠K]
Player points: [19, 19], Bot points:[20, 20]
Player point: 19, Bot point: 20
Player lose! Money: 1120.0
========================
Round #769
Player cards: [♣4, ♣A], Bot cards:[♠3, ♠K]
Player points: [5, 15], Bot points:[13, 13]
Bot get one more card ♦J
Player point: 15, Bot point: 23
Player win! Money: 1140.0
========================
Round #770
Player cards: [♠T, ♦Q], Bot cards:[♠4, ♣7]
Player points: [20, 20], Bot points:[11, 11]
Bot get one more card ♥3
Bot get one more card ♣9
Player point: 20, Bot point: 23
Player win! Money: 1160.0
========================
Round #771
Player cards: [♥6, ♠A], Bot cards:[♦3, ♠8]
Player points: [7, 17], Bot points:[11, 11]
Bot get one more card ♦6
Player point: 17, Bot point: 17
Draw! Money:1160.0
========================
Round #772
Player cards: [♥4, ♦Q], Bot cards:[♣6, ♥J]
Player points: [14, 14], Bot points:[16, 16]
Bot get one more card ♥9
Player point: 14, Bot point: 25
Player win! Money: 1180.0
========================
Round #773
New deck
Player cards: [♥3, ♦6], Bot cards:[♦3, ♥6]
Player points: [9, 9], Bot points:[9, 9]
----- Double Bet! -----
Player get one more card ♣7
Bot get one more card ♦K
Player point: 16, Bot point: 19
Player lose! Money: 1140.0
========================
Round #774
Player cards: [♦T, ♥Q], Bot cards:[♥2, ♦J]
Player points: [20, 20], Bot points:[12, 12]
Bot get one more card ♥9
Player point: 20, Bot point: 21
Player lose! Money: 1120.0
========================
Round #775
Player cards: [♥5, ♥9], Bot cards:[♥7, ♦9]
Player points: [14, 14], Bot points:[16, 16]
Player get one more card ♠A
Player get one more card ♦4
Bot get one more card ♣2
Player point: 19, Bot point: 18
Player win! Money: 1140.0
========================
Round #776
Player cards: [♥3, ♥K], Bot cards:[♥3, ♣T]
Player points: [13, 13], Bot points:[13, 13]
Bot get one more card ♥T
Player point: 13, Bot point: 23
Player win! Money: 1160.0
========================
Round #777
Player cards: [♦6, ♦9], Bot cards:[♣9, ♣T]
Player points: [15, 15], Bot points:[19, 19]
Player get one more card ♣Q
Player point: 25, Bot point: 19
Player lose! Money: 1140.0
========================
Round #778
Player cards: [♦8, ♣T], Bot cards:[♥6, ♦A]
Player points: [18, 18], Bot points:[7, 17]
Bot get one more card ♠6
Bot get one more card ♣5
Player point: 18, Bot point: 18
Draw! Money:1140.0
========================
Round #779
Player cards: [♥5, ♣7], Bot cards:[♣2, ♣K]
Player points: [12, 12], Bot points:[12, 12]
Player get one more card ♣6
Bot get one more card ♦8
Player point: 18, Bot point: 20
Player lose! Money: 1120.0
========================
Round #780
Player cards: [♠2, ♣4], Bot cards:[♠6, ♥K]
Player points: [6, 6], Bot points:[16, 16]
Player get one more card ♠7
Bot get one more card ♠4
Player point: 13, Bot point: 20
Player lose! Money: 1100.0
========================
Round #781
Player cards: [♥4, ♠K], Bot cards:[♥J, ♠K]
Player points: [14, 14], Bot points:[20, 20]
Player get one more card ♥6
Player point: 20, Bot point: 20
Draw! Money:1100.0
========================
Round #782
Player cards: [♦9, ♠K], Bot cards:[♥5, ♦J]
Player points: [19, 19], Bot points:[15, 15]
Bot get one more card ♠Q
Player point: 19, Bot point: 25
Player win! Money: 1120.0
========================
Round #783
Player cards: [♣A, ♣A], Bot cards:[♠3, ♣8]
Player points: [2, 12], Bot points:[11, 11]
-------- Split! Two hands: [11, 21], [11, 21]
For second hand:
Bot get one more card ♦2
Bot get one more card ♠T
Player point: 21, Bot point: 23
------ BlackJack!! ------
Player win! Money: 1146.0
========================
Player point: 21, Bot point: 23
------ BlackJack!! ------
Player win! Money: 1172.0
========================
Round #784
Player cards: [♠9, ♠T], Bot cards:[♠3, ♠4]
Player points: [19, 19], Bot points:[7, 7]
Bot get one more card ♣8
Bot get one more card ♣T
Player point: 19, Bot point: 25
Player win! Money: 1192.0
========================
Round #785
Player cards: [♥8, ♥9], Bot cards:[♦7, ♣8]
Player points: [17, 17], Bot points:[15, 15]
Bot get one more card ♠Q
Player point: 17, Bot point: 25
Player win! Money: 1212.0
========================
Round #786
Player cards: [♥2, ♠J], Bot cards:[♦2, ♠5]
Player points: [12, 12], Bot points:[7, 7]
Player get one more card ♠3
Bot get one more card ♣3
Bot get one more card ♣Q
Player point: 15, Bot point: 20
Player lose! Money: 1192.0
========================
Round #787
Player cards: [♠4, ♥A], Bot cards:[♣4, ♦J]
Player points: [5, 15], Bot points:[14, 14]
Bot get one more card ♠8
Player point: 15, Bot point: 22
Player win! Money: 1212.0
========================
Round #788
Player cards: [♣2, ♥7], Bot cards:[♦5, ♥T]
Player points: [9, 9], Bot points:[15, 15]
----- Double Bet! -----
Player get one more card ♠5
Bot get one more card ♠T
Player point: 14, Bot point: 25
Player win! Money: 1252.0
========================
Round #789
Player cards: [♠8, ♦9], Bot cards:[♥3, ♠8]
Player points: [17, 17], Bot points:[11, 11]
Bot get one more card ♠7
Player point: 17, Bot point: 18
Player lose! Money: 1232.0
========================
Round #790
Player cards: [♦4, ♦T], Bot cards:[♠6, ♠Q]
Player points: [14, 14], Bot points:[16, 16]
Bot get one more card ♠8
Player point: 14, Bot point: 24
Player win! Money: 1252.0
========================
Round #791
Player cards: [♠J, ♦Q], Bot cards:[♠2, ♠A]
Player points: [20, 20], Bot points:[3, 13]
Bot get one more card ♦3
Bot get one more card ♦5
Bot get one more card ♦T
Player point: 20, Bot point: 21
Player lose! Money: 1232.0
========================
Round #792
Player cards: [♠2, ♣6], Bot cards:[♣7, ♦K]
Player points: [8, 8], Bot points:[17, 17]
Player get one more card ♣6
Player get one more card ♥7
Player point: 21, Bot point: 17
Player win! Money: 1252.0
========================
Round #793
Player cards: [♠J, ♦Q], Bot cards:[♥Q, ♥Q]
Player points: [20, 20], Bot points:[20, 20]
Player point: 20, Bot point: 20
Draw! Money:1252.0
========================
Round #794
Player cards: [♠4, ♥8], Bot cards:[♣6, ♣J]
Player points: [12, 12], Bot points:[16, 16]
Bot get one more card ♦4
Player point: 12, Bot point: 20
Player lose! Money: 1232.0
========================
Round #795
Player cards: [♠7, ♥8], Bot cards:[♠T, ♣A]
Player points: [15, 15], Bot points:[11, 21]
Player get one more card ♥2
Bot get one more card ♥Q
Player point: 17, Bot point: 21
Player lose! Money: 1212.0
========================
Round #796
Player cards: [♥A, ♠A], Bot cards:[♣2, ♦3]
Player points: [2, 12], Bot points:[5, 5]
-------- Split! Two hands: [11, 21], [8, 18]
For second hand:
Bot get one more card ♣8
Bot get one more card ♣9
Player point: 21, Bot point: 22
------ BlackJack!! ------
Player win! Money: 1238.0
========================
Player point: 18, Bot point: 22
Player win! Money: 1258.0
========================
Round #797
Player cards: [♥4, ♠A], Bot cards:[♦6, ♦K]
Player points: [5, 15], Bot points:[16, 16]
Bot get one more card ♥T
Player point: 15, Bot point: 26
Player win! Money: 1278.0
========================
Round #798
Player cards: [♣J, ♦A], Bot cards:[♠7, ♣7]
Player points: [11, 21], Bot points:[14, 14]
Bot get one more card ♥T
Player point: 21, Bot point: 24
------ BlackJack!! ------
Player win! Money: 1304.0
========================
Round #799
Player cards: [♣9, ♦Q], Bot cards:[♣4, ♣5]
Player points: [19, 19], Bot points:[9, 9]
Bot get one more card ♠9
Player point: 19, Bot point: 18
Player win! Money: 1324.0
========================
Round #800
Player cards: [♦2, ♦7], Bot cards:[♠6, ♦7]
Player points: [9, 9], Bot points:[13, 13]
----- Double Bet! -----
Player get one more card ♥6
Bot get one more card ♥8
Player point: 15, Bot point: 21
Player lose! Money: 1284.0
========================
Round #801
Player cards: [♠5, ♣Q], Bot cards:[♥J, ♣K]
Player points: [15, 15], Bot points:[20, 20]
Player get one more card ♣K
Player point: 25, Bot point: 20
Player lose! Money: 1264.0
========================
Round #802
Player cards: [♠6, ♦6], Bot cards:[♣5, ♦8]
Player points: [12, 12], Bot points:[13, 13]
-------- Split! Two hands: [15, 15], [16, 16]
For second hand:
Bot get one more card ♠3
Bot get one more card ♦8
Player point: 15, Bot point: 24
Player win! Money: 1284.0
========================
Player point: 16, Bot point: 24
Player win! Money: 1304.0
========================
Round #803
Player cards: [♣5, ♥6], Bot cards:[♠9, ♥A]
Player points: [11, 11], Bot points:[10, 20]
----- Double Bet! -----
Player get one more card ♥2
Bot get one more card ♦5
Bot get one more card ♣3
Player point: 13, Bot point: 18
Player lose! Money: 1264.0
========================
Round #804
Player cards: [♦T, ♦A], Bot cards:[♠2, ♣J]
Player points: [11, 21], Bot points:[12, 12]
Bot get one more card ♦7
Player point: 21, Bot point: 19
------ BlackJack!! ------
Player win! Money: 1290.0
========================
Round #805
Player cards: [♥4, ♣A], Bot cards:[♣4, ♠5]
Player points: [5, 15], Bot points:[9, 9]
Bot get one more card ♥J
Player point: 15, Bot point: 19
Player lose! Money: 1270.0
========================
Round #806
Player cards: [♦3, ♥J], Bot cards:[♥5, ♥K]
Player points: [13, 13], Bot points:[15, 15]
Bot get one more card ♣K
Player point: 13, Bot point: 25
Player win! Money: 1290.0
========================
Round #807
Player cards: [♦5, ♠J], Bot cards:[♠9, ♦K]
Player points: [15, 15], Bot points:[19, 19]
Player get one more card ♥2
Player point: 17, Bot point: 19
Player lose! Money: 1270.0
========================
Round #808
Player cards: [♦4, ♥5], Bot cards:[♦2, ♥4]
Player points: [9, 9], Bot points:[6, 6]
Player get one more card ♦J
Bot get one more card ♠8
Bot get one more card ♣6
Player point: 19, Bot point: 20
Player lose! Money: 1250.0
========================
Round #809
New deck
Player cards: [♣Q, ♦A], Bot cards:[♦J, ♦K]
Player points: [11, 21], Bot points:[20, 20]
Player point: 21, Bot point: 20
------ BlackJack!! ------
Player win! Money: 1276.0
========================
Round #810
Player cards: [♠9, ♠9], Bot cards:[♠4, ♠7]
Player points: [18, 18], Bot points:[11, 11]
-------- Split! Two hands: [13, 13], [11, 11]
For second hand:
----- Double Bet! -----
Player get one more card ♥6
Bot get one more card ♠Q
Player point: 13, Bot point: 21
Player lose! Money: 1256.0
========================
Player point: 17, Bot point: 21
Player lose! Money: 1216.0
========================
Round #811
Player cards: [♦6, ♣A], Bot cards:[♦7, ♠J]
Player points: [7, 17], Bot points:[17, 17]
Player point: 17, Bot point: 17
Draw! Money:1216.0
========================
Round #812
Player cards: [♣2, ♠6], Bot cards:[♦2, ♣A]
Player points: [8, 8], Bot points:[3, 13]
Player get one more card ♦Q
Bot get one more card ♥Q
Bot get one more card ♥T
Player point: 18, Bot point: 23
Player win! Money: 1236.0
========================
Round #813
Player cards: [♦7, ♠8], Bot cards:[♠3, ♠9]
Player points: [15, 15], Bot points:[12, 12]
Bot get one more card ♦9
Player point: 15, Bot point: 21
Player lose! Money: 1216.0
========================
Round #814
Player cards: [♠3, ♥K], Bot cards:[♦3, ♣K]
Player points: [13, 13], Bot points:[13, 13]
Bot get one more card ♣T
Player point: 13, Bot point: 23
Player win! Money: 1236.0
========================
Round #815
Player cards: [♦2, ♣8], Bot cards:[♣6, ♦9]
Player points: [10, 10], Bot points:[15, 15]
----- Double Bet! -----
Player get one more card ♦3
Bot get one more card ♣8
Player point: 13, Bot point: 23
Player win! Money: 1276.0
========================
Round #816
Player cards: [♥2, ♥8], Bot cards:[♦T, ♥J]
Player points: [10, 10], Bot points:[20, 20]
Player get one more card ♣J
Player point: 20, Bot point: 20
Draw! Money:1276.0
========================
Round #817
Player cards: [♣K, ♦A], Bot cards:[♦5, ♣8]
Player points: [11, 21], Bot points:[13, 13]
Bot get one more card ♣2
Bot get one more card ♣2
Player point: 21, Bot point: 17
------ BlackJack!! ------
Player win! Money: 1302.0
========================
Round #818
Player cards: [♥T, ♥A], Bot cards:[♣T, ♥Q]
Player points: [11, 21], Bot points:[20, 20]
Player point: 21, Bot point: 20
------ BlackJack!! ------
Player win! Money: 1328.0
========================
Round #819
Player cards: [♥T, ♥J], Bot cards:[♦4, ♠A]
Player points: [20, 20], Bot points:[5, 15]
Bot get one more card ♠3
Bot get one more card ♣7
Bot get one more card ♦4
Player point: 20, Bot point: 19
Player win! Money: 1348.0
========================
Round #820
Player cards: [♠5, ♣9], Bot cards:[♥3, ♣T]
Player points: [14, 14], Bot points:[13, 13]
Bot get one more card ♦J
Player point: 14, Bot point: 23
Player win! Money: 1368.0
========================
Round #821
Player cards: [♥7, ♥A], Bot cards:[♦7, ♥T]
Player points: [8, 18], Bot points:[17, 17]
Player point: 18, Bot point: 17
Player win! Money: 1388.0
========================
Round #822
Player cards: [♣3, ♥4], Bot cards:[♠Q, ♥Q]
Player points: [7, 7], Bot points:[20, 20]
Player get one more card ♥K
Player point: 17, Bot point: 20
Player lose! Money: 1368.0
========================
Round #823
Player cards: [♦2, ♥8], Bot cards:[♥2, ♥3]
Player points: [10, 10], Bot points:[5, 5]
----- Double Bet! -----
Player get one more card ♥2
Bot get one more card ♦A
Bot get one more card ♣J
Bot get one more card ♣7
Player point: 12, Bot point: 23
Player win! Money: 1408.0
========================
Round #824
Player cards: [♣J, ♣Q], Bot cards:[♣5, ♠7]
Player points: [20, 20], Bot points:[12, 12]
Bot get one more card ♣2
Bot get one more card ♣3
Player point: 20, Bot point: 17
Player win! Money: 1428.0
========================
Round #825
Player cards: [♠8, ♦Q], Bot cards:[♦4, ♥9]
Player points: [18, 18], Bot points:[13, 13]
Bot get one more card ♦8
Player point: 18, Bot point: 21
Player lose! Money: 1408.0
========================
Round #826
Player cards: [♥7, ♥J], Bot cards:[♣3, ♣6]
Player points: [17, 17], Bot points:[9, 9]
Bot get one more card ♣5
Bot get one more card ♣K
Player point: 17, Bot point: 24
Player win! Money: 1428.0
========================
Round #827
Player cards: [♣9, ♦J], Bot cards:[♠5, ♦A]
Player points: [19, 19], Bot points:[6, 16]
Bot get one more card ♦4
Bot get one more card ♦T
Player point: 19, Bot point: 20
Player lose! Money: 1408.0
========================
Round #828
Player cards: [♦7, ♦J], Bot cards:[♦A, ♠A]
Player points: [17, 17], Bot points:[2, 12]
Bot get one more card ♣J
Bot get one more card ♣9
Player point: 17, Bot point: 21
Player lose! Money: 1388.0
========================
Round #829
Player cards: [♣5, ♥7], Bot cards:[♥3, ♠K]
Player points: [12, 12], Bot points:[13, 13]
Player get one more card ♥9
Bot get one more card ♠2
Bot get one more card ♥4
Player point: 21, Bot point: 19
Player win! Money: 1408.0
========================
Round #830
Player cards: [♥5, ♠K], Bot cards:[♠7, ♠9]
Player points: [15, 15], Bot points:[16, 16]
Player get one more card ♣8
Bot get one more card ♣4
Player point: 23, Bot point: 20
Player lose! Money: 1388.0
========================
Round #831
Player cards: [♣4, ♣T], Bot cards:[♣4, ♠8]
Player points: [14, 14], Bot points:[12, 12]
Bot get one more card ♥5
Player point: 14, Bot point: 17
Player lose! Money: 1368.0
========================
Round #832
Player cards: [♦9, ♦K], Bot cards:[♥7, ♥9]
Player points: [19, 19], Bot points:[16, 16]
Bot get one more card ♣9
Player point: 19, Bot point: 25
Player win! Money: 1388.0
========================
Round #833
Player cards: [♥4, ♣7], Bot cards:[♠6, ♥9]
Player points: [11, 11], Bot points:[15, 15]
----- Double Bet! -----
Player get one more card ♠5
Bot get one more card ♠3
Player point: 16, Bot point: 18
Player lose! Money: 1348.0
========================
Round #834
Player cards: [♥2, ♠8], Bot cards:[♦Q, ♥A]
Player points: [10, 10], Bot points:[11, 21]
Player get one more card ♦K
Bot get one more card ♦6
Player point: 20, Bot point: 17
Player win! Money: 1368.0
========================
Round #835
Player cards: [♥4, ♠J], Bot cards:[♦T, ♥Q]
Player points: [14, 14], Bot points:[20, 20]
Player get one more card ♠4
Player point: 18, Bot point: 20
Player lose! Money: 1348.0
========================
Round #836
Player cards: [♠T, ♣A], Bot cards:[♠2, ♦8]
Player points: [11, 21], Bot points:[10, 10]
Bot get one more card ♥5
Bot get one more card ♠2
Player point: 21, Bot point: 17
------ BlackJack!! ------
Player win! Money: 1374.0
========================
Round #837
Player cards: [♦5, ♥6], Bot cards:[♣9, ♦T]
Player points: [11, 11], Bot points:[19, 19]
----- Double Bet! -----
Player get one more card ♥8
Player point: 19, Bot point: 19
Draw! Money:1374.0
========================
Round #838
Player cards: [♦8, ♣Q], Bot cards:[♦3, ♠6]
Player points: [18, 18], Bot points:[9, 9]
Bot get one more card ♠K
Player point: 18, Bot point: 19
Player lose! Money: 1354.0
========================
Round #839
Player cards: [♠2, ♣3], Bot cards:[♠4, ♦9]
Player points: [5, 5], Bot points:[13, 13]
Player get one more card ♣Q
Bot get one more card ♥8
Player point: 15, Bot point: 21
Player lose! Money: 1334.0
========================
Round #840
Player cards: [♥6, ♦K], Bot cards:[♥K, ♣A]
Player points: [16, 16], Bot points:[11, 21]
Player get one more card ♠Q
Bot get one more card ♦5
Bot get one more card ♦Q
Player point: 26, Bot point: 26
Player lose! Money: 1314.0
========================
Round #841
Player cards: [♠Q, ♠A], Bot cards:[♥8, ♠T]
Player points: [11, 21], Bot points:[18, 18]
Player point: 21, Bot point: 18
------ BlackJack!! ------
Player win! Money: 1340.0
========================
Round #842
Player cards: [♥3, ♠K], Bot cards:[♣3, ♥A]
Player points: [13, 13], Bot points:[4, 14]
Bot get one more card ♣6
Bot get one more card ♠J
Player point: 13, Bot point: 20
Player lose! Money: 1320.0
========================
Round #843
Player cards: [♣6, ♣Q], Bot cards:[♣7, ♦8]
Player points: [16, 16], Bot points:[15, 15]
Player get one more card ♥K
Bot get one more card ♠T
Player point: 26, Bot point: 25
Player lose! Money: 1300.0
========================
Round #844
Player cards: [♦5, ♠K], Bot cards:[♣4, ♣5]
Player points: [15, 15], Bot points:[9, 9]
Bot get one more card ♠5
Bot get one more card ♥J
Player point: 15, Bot point: 24
Player win! Money: 1320.0
========================
Round #845
Player cards: [♠J, ♠A], Bot cards:[♠T, ♥A]
Player points: [11, 21], Bot points:[11, 21]
Bot get one more card ♠7
Player point: 21, Bot point: 18
------ BlackJack!! ------
Player win! Money: 1346.0
========================
Round #846
New deck
Player cards: [♥9, ♣T], Bot cards:[♠6, ♣8]
Player points: [19, 19], Bot points:[14, 14]
Bot get one more card ♦Q
Player point: 19, Bot point: 24
Player win! Money: 1366.0
========================
Round #847
Player cards: [♥Q, ♣K], Bot cards:[♥7, ♦T]
Player points: [20, 20], Bot points:[17, 17]
Player point: 20, Bot point: 17
Player win! Money: 1386.0
========================
Round #848
Player cards: [♥T, ♠J], Bot cards:[♠9, ♠T]
Player points: [20, 20], Bot points:[19, 19]
Player point: 20, Bot point: 19
Player win! Money: 1406.0
========================
Round #849
Player cards: [♦2, ♥K], Bot cards:[♣3, ♣5]
Player points: [12, 12], Bot points:[8, 8]
Player get one more card ♦5
Bot get one more card ♦3
Bot get one more card ♠4
Bot get one more card ♠9
Player point: 17, Bot point: 24
Player win! Money: 1426.0
========================
Round #850
Player cards: [♦3, ♣K], Bot cards:[♥8, ♠K]
Player points: [13, 13], Bot points:[18, 18]
Player get one more card ♦J
Player point: 23, Bot point: 18
Player lose! Money: 1406.0
========================
Round #851
Player cards: [♦A, ♦A], Bot cards:[♣9, ♦K]
Player points: [2, 12], Bot points:[19, 19]
-------- Split! Two hands: [6, 16], [3, 13]
Player get one more card ♠8
Player get one more card ♥K
For second hand:
Player get one more card ♣Q
Player get one more card ♠2
Player get one more card ♦3
Player point: 24, Bot point: 19
Player lose! Money: 1386.0
========================
Player point: 18, Bot point: 19
Player lose! Money: 1366.0
========================
Round #852
Player cards: [♠9, ♠K], Bot cards:[♠4, ♣7]
Player points: [19, 19], Bot points:[11, 11]
Bot get one more card ♦J
Player point: 19, Bot point: 21
Player lose! Money: 1346.0
========================
Round #853
Player cards: [♠2, ♦9], Bot cards:[♥4, ♣8]
Player points: [11, 11], Bot points:[12, 12]
----- Double Bet! -----
Player get one more card ♠T
Bot get one more card ♦8
Player point: 21, Bot point: 20
Player win! Money: 1386.0
========================
Round #854
Player cards: [♥Q, ♥Q], Bot cards:[♣9, ♠9]
Player points: [20, 20], Bot points:[18, 18]
Player point: 20, Bot point: 18
Player win! Money: 1406.0
========================
Round #855
Player cards: [♣2, ♠7], Bot cards:[♠4, ♣8]
Player points: [9, 9], Bot points:[12, 12]
----- Double Bet! -----
Player get one more card ♣J
Bot get one more card ♣5
Player point: 19, Bot point: 17
Player win! Money: 1446.0
========================
Round #856
Player cards: [♠T, ♣J], Bot cards:[♥2, ♦4]
Player points: [20, 20], Bot points:[6, 6]
Bot get one more card ♥3
Bot get one more card ♣4
Bot get one more card ♣5
Player point: 20, Bot point: 18
Player win! Money: 1466.0
========================
Round #857
Player cards: [♦2, ♠5], Bot cards:[♠J, ♦K]
Player points: [7, 7], Bot points:[20, 20]
Player get one more card ♠7
Player get one more card ♥5
Player point: 19, Bot point: 20
Player lose! Money: 1446.0
========================
Round #858
Player cards: [♠T, ♠J], Bot cards:[♦2, ♥K]
Player points: [20, 20], Bot points:[12, 12]
Bot get one more card ♣A
Bot get one more card ♠5
Player point: 20, Bot point: 18
Player win! Money: 1466.0
========================
Round #859
Player cards: [♥5, ♥A], Bot cards:[♣Q, ♣K]
Player points: [6, 16], Bot points:[20, 20]
Player get one more card ♥7
Player get one more card ♥7
Player point: 20, Bot point: 20
Draw! Money:1466.0
========================
Round #860
Player cards: [♣7, ♠K], Bot cards:[♠2, ♦Q]
Player points: [17, 17], Bot points:[12, 12]
Bot get one more card ♣2
Bot get one more card ♥J
Player point: 17, Bot point: 24
Player win! Money: 1486.0
========================
Round #861
Player cards: [♣2, ♦6], Bot cards:[♠6, ♣7]
Player points: [8, 8], Bot points:[13, 13]
Player get one more card ♦6
Bot get one more card ♥5
Player point: 14, Bot point: 18
Player lose! Money: 1466.0
========================
Round #862
Player cards: [♦2, ♥9], Bot cards:[♣3, ♦9]
Player points: [11, 11], Bot points:[12, 12]
----- Double Bet! -----
Player get one more card ♥5
Bot get one more card ♠7
Player point: 16, Bot point: 19
Player lose! Money: 1426.0
========================
Round #863
Player cards: [♠3, ♦5], Bot cards:[♥T, ♦K]
Player points: [8, 8], Bot points:[20, 20]
Player get one more card ♦6
Player get one more card ♣K
Player point: 24, Bot point: 20
Player lose! Money: 1406.0
========================
Round #864
Player cards: [♠3, ♥J], Bot cards:[♠4, ♠Q]
Player points: [13, 13], Bot points:[14, 14]
Bot get one more card ♥8
Player point: 13, Bot point: 22
Player win! Money: 1426.0
========================
Round #865
Player cards: [♥9, ♠A], Bot cards:[♦6, ♦J]
Player points: [10, 20], Bot points:[16, 16]
Bot get one more card ♥A
Player point: 20, Bot point: 17
Player win! Money: 1446.0
========================
Round #866
Player cards: [♣5, ♣T], Bot cards:[♥9, ♦K]
Player points: [15, 15], Bot points:[19, 19]
Player get one more card ♠7
Player point: 22, Bot point: 19
Player lose! Money: 1426.0
========================
Round #867
Player cards: [♣2, ♠8], Bot cards:[♣3, ♦5]
Player points: [10, 10], Bot points:[8, 8]
----- Double Bet! -----
Player get one more card ♦Q
Bot get one more card ♣4
Bot get one more card ♥A
Bot get one more card ♦9
Player point: 20, Bot point: 22
Player win! Money: 1466.0
========================
Round #868
Player cards: [♠6, ♥6], Bot cards:[♣A, ♠A]
Player points: [12, 12], Bot points:[2, 12]
Player get one more card ♥2
Player get one more card ♣T
Bot get one more card ♣7
Bot get one more card ♦8
Player point: 24, Bot point: 17
Player lose! Money: 1446.0
========================
Round #869
Player cards: [♥7, ♥J], Bot cards:[♦6, ♠Q]
Player points: [17, 17], Bot points:[16, 16]
Bot get one more card ♦9
Player point: 17, Bot point: 25
Player win! Money: 1466.0
========================
Round #870
Player cards: [♦5, ♦Q], Bot cards:[♥2, ♣4]
Player points: [15, 15], Bot points:[6, 6]
Bot get one more card ♣A
Bot get one more card ♣6
Bot get one more card ♠Q
Player point: 15, Bot point: 23
Player win! Money: 1486.0
========================
Round #871
Player cards: [♦3, ♦7], Bot cards:[♦7, ♠Q]
Player points: [10, 10], Bot points:[17, 17]
----- Double Bet! -----
Player get one more card ♦T
Player point: 20, Bot point: 17
Player win! Money: 1526.0
========================
Round #872
Player cards: [♦4, ♥T], Bot cards:[♠3, ♠5]
Player points: [14, 14], Bot points:[8, 8]
Bot get one more card ♦A
Bot get one more card ♥6
Bot get one more card ♦4
Player point: 14, Bot point: 19
Player lose! Money: 1506.0
========================
Round #873
Player cards: [♠8, ♠A], Bot cards:[♥3, ♣Q]
Player points: [9, 19], Bot points:[13, 13]
Bot get one more card ♣3
Bot get one more card ♥2
Player point: 19, Bot point: 18
Player win! Money: 1526.0
========================
Round #874
Player cards: [♦7, ♥8], Bot cards:[♥3, ♣9]
Player points: [15, 15], Bot points:[12, 12]
Bot get one more card ♥Q
Player point: 15, Bot point: 22
Player win! Money: 1546.0
========================
Round #875
Player cards: [♥4, ♣6], Bot cards:[♣Q, ♠A]
Player points: [10, 10], Bot points:[11, 21]
Player get one more card ♣4
Player get one more card ♣T
Bot get one more card ♠6
Player point: 24, Bot point: 17
Player lose! Money: 1526.0
========================
Round #876
Player cards: [♥8, ♦A], Bot cards:[♦3, ♥6]
Player points: [9, 19], Bot points:[9, 9]
Bot get one more card ♦T
Player point: 19, Bot point: 19
Draw! Money:1526.0
========================
Round #877
Player cards: [♥T, ♥A], Bot cards:[♦6, ♥6]
Player points: [11, 21], Bot points:[12, 12]
Bot get one more card ♠J
Player point: 21, Bot point: 22
------ BlackJack!! ------
Player win! Money: 1552.0
========================
Round #878
Player cards: [♥4, ♥4], Bot cards:[♠6, ♦J]
Player points: [8, 8], Bot points:[16, 16]
Player get one more card ♠K
Bot get one more card ♦8
Player point: 18, Bot point: 24
Player win! Money: 1572.0
========================
Round #879
Player cards: [♥5, ♦8], Bot cards:[♣6, ♣9]
Player points: [13, 13], Bot points:[15, 15]
Bot get one more card ♣J
Player point: 13, Bot point: 25
Player win! Money: 1592.0
========================
Round #880
Player cards: [♣6, ♣8], Bot cards:[♦7, ♠8]
Player points: [14, 14], Bot points:[15, 15]
Player get one more card ♠3
Bot get one more card ♣J
Player point: 17, Bot point: 25
Player win! Money: 1612.0
========================
Round #881
New deck
Player cards: [♣7, ♠Q], Bot cards:[♣2, ♣J]
Player points: [17, 17], Bot points:[12, 12]
Bot get one more card ♥6
Player point: 17, Bot point: 18
Player lose! Money: 1592.0
========================
Round #882
Player cards: [♣2, ♦A], Bot cards:[♣6, ♣T]
Player points: [3, 13], Bot points:[16, 16]
Bot get one more card ♥3
Player point: 13, Bot point: 19
Player lose! Money: 1572.0
========================
Round #883
Player cards: [♠4, ♠J], Bot cards:[♣3, ♠J]
Player points: [14, 14], Bot points:[13, 13]
Bot get one more card ♠J
Player point: 14, Bot point: 23
Player win! Money: 1592.0
========================
Round #884
Player cards: [♦6, ♠6], Bot cards:[♣5, ♥9]
Player points: [12, 12], Bot points:[14, 14]
-------- Split! Two hands: [16, 16], [16, 16]
For second hand:
Bot get one more card ♠6
Player point: 16, Bot point: 20
Player lose! Money: 1572.0
========================
Player point: 16, Bot point: 20
Player lose! Money: 1552.0
========================
Round #885
Player cards: [♣7, ♥K], Bot cards:[♣5, ♥A]
Player points: [17, 17], Bot points:[6, 16]
Bot get one more card ♥T
Bot get one more card ♠7
Player point: 17, Bot point: 23
Player win! Money: 1572.0
========================
Round #886
Player cards: [♠8, ♠Q], Bot cards:[♦4, ♥J]
Player points: [18, 18], Bot points:[14, 14]
Bot get one more card ♥7
Player point: 18, Bot point: 21
Player lose! Money: 1552.0
========================
Round #887
Player cards: [♠5, ♠6], Bot cards:[♣7, ♦9]
Player points: [11, 11], Bot points:[16, 16]
----- Double Bet! -----
Player get one more card ♠K
Bot get one more card ♦8
Player point: 21, Bot point: 24
Player win! Money: 1592.0
========================
Round #888
Player cards: [♣6, ♣Q], Bot cards:[♦5, ♦9]
Player points: [16, 16], Bot points:[14, 14]
Bot get one more card ♠7
Player point: 16, Bot point: 21
Player lose! Money: 1572.0
========================
Round #889
Player cards: [♥5, ♥J], Bot cards:[♠6, ♦8]
Player points: [15, 15], Bot points:[14, 14]
Bot get one more card ♦T
Player point: 15, Bot point: 24
Player win! Money: 1592.0
========================
Round #890
Player cards: [♥Q, ♦Q], Bot cards:[♣K, ♥A]
Player points: [20, 20], Bot points:[11, 21]
Bot get one more card ♣7
Player point: 20, Bot point: 18
Player win! Money: 1612.0
========================
Round #891
Player cards: [♥2, ♣A], Bot cards:[♦6, ♦K]
Player points: [3, 13], Bot points:[16, 16]
Bot get one more card ♥4
Player point: 13, Bot point: 20
Player lose! Money: 1592.0
========================
Round #892
Player cards: [♦T, ♣K], Bot cards:[♦4, ♣5]
Player points: [20, 20], Bot points:[9, 9]
Bot get one more card ♣T
Player point: 20, Bot point: 19
Player win! Money: 1612.0
========================
Round #893
Player cards: [♠2, ♦6], Bot cards:[♠3, ♥4]
Player points: [8, 8], Bot points:[7, 7]
Player get one more card ♣3
Player get one more card ♦5
Bot get one more card ♥3
Bot get one more card ♣9
Player point: 16, Bot point: 19
Player lose! Money: 1592.0
========================
Round #894
Player cards: [♥2, ♥J], Bot cards:[♦8, ♠K]
Player points: [12, 12], Bot points:[18, 18]
Player get one more card ♥9
Player point: 21, Bot point: 18
Player win! Money: 1612.0
========================
Round #895
Player cards: [♥5, ♣K], Bot cards:[♥5, ♠T]
Player points: [15, 15], Bot points:[15, 15]
Bot get one more card ♠9
Player point: 15, Bot point: 24
Player win! Money: 1632.0
========================
Round #896
Player cards: [♥3, ♣K], Bot cards:[♠T, ♥Q]
Player points: [13, 13], Bot points:[20, 20]
Player get one more card ♠4
Player point: 17, Bot point: 20
Player lose! Money: 1612.0
========================
Round #897
Player cards: [♣4, ♠K], Bot cards:[♦7, ♥8]
Player points: [14, 14], Bot points:[15, 15]
Player get one more card ♠A
Player get one more card ♦J
Bot get one more card ♥6
Player point: 25, Bot point: 21
Player lose! Money: 1592.0
========================
Round #898
Player cards: [♠2, ♣8], Bot cards:[♣2, ♠3]
Player points: [10, 10], Bot points:[5, 5]
----- Double Bet! -----
Player get one more card ♠4
Bot get one more card ♠9
Bot get one more card ♠A
Bot get one more card ♠Q
Player point: 14, Bot point: 25
Player win! Money: 1632.0
========================
Round #899
Player cards: [♦5, ♣8], Bot cards:[♥T, ♣A]
Player points: [13, 13], Bot points:[11, 21]
Player get one more card ♦7
Bot get one more card ♦4
Bot get one more card ♣T
Player point: 20, Bot point: 25
Player win! Money: 1652.0
========================
Round #900
Player cards: [♠9, ♥A], Bot cards:[♣6, ♥8]
Player points: [10, 20], Bot points:[14, 14]
Bot get one more card ♥K
Player point: 20, Bot point: 24
Player win! Money: 1672.0
========================
Round #901
Player cards: [♥4, ♥T], Bot cards:[♠8, ♥9]
Player points: [14, 14], Bot points:[17, 17]
Player get one more card ♣J
Player point: 24, Bot point: 17
Player lose! Money: 1652.0
========================
Round #902
Player cards: [♠2, ♦T], Bot cards:[♦2, ♥J]
Player points: [12, 12], Bot points:[12, 12]
Player get one more card ♣9
Bot get one more card ♣9
Player point: 21, Bot point: 21
Player lose! Money: 1632.0
========================
Round #903
Player cards: [♠7, ♥J], Bot cards:[♦K, ♦A]
Player points: [17, 17], Bot points:[11, 21]
Bot get one more card ♣Q
Player point: 17, Bot point: 21
Player lose! Money: 1612.0
========================
Round #904
Player cards: [♣6, ♥K], Bot cards:[♥3, ♣T]
Player points: [16, 16], Bot points:[13, 13]
Bot get one more card ♥7
Player point: 16, Bot point: 20
Player lose! Money: 1592.0
========================
Round #905
Player cards: [♥2, ♦Q], Bot cards:[♣4, ♠J]
Player points: [12, 12], Bot points:[14, 14]
Bot get one more card ♦7
Player point: 12, Bot point: 21
Player lose! Money: 1572.0
========================
Round #906
Player cards: [♣Q, ♣A], Bot cards:[♦2, ♠7]
Player points: [11, 21], Bot points:[9, 9]
Bot get one more card ♣2
Bot get one more card ♠A
Bot get one more card ♦9
Player point: 21, Bot point: 21
Player lose! Money: 1552.0
========================
Round #907
Player cards: [♠2, ♣3], Bot cards:[♥9, ♦T]
Player points: [5, 5], Bot points:[19, 19]
Player get one more card ♣8
Player get one more card ♣K
Player point: 23, Bot point: 19
Player lose! Money: 1532.0
========================
Round #908
Player cards: [♣Q, ♥K], Bot cards:[♦3, ♣8]
Player points: [20, 20], Bot points:[11, 11]
Bot get one more card ♥4
Bot get one more card ♥7
Player point: 20, Bot point: 22
Player win! Money: 1552.0
========================
Round #909
Player cards: [♠3, ♣J], Bot cards:[♥6, ♦6]
Player points: [13, 13], Bot points:[12, 12]
Bot get one more card ♠4
Bot get one more card ♥Q
Player point: 13, Bot point: 26
Player win! Money: 1572.0
========================
Round #910
Player cards: [♦T, ♥K], Bot cards:[♥8, ♣9]
Player points: [20, 20], Bot points:[17, 17]
Player point: 20, Bot point: 17
Player win! Money: 1592.0
========================
Round #911
Player cards: [♦2, ♣J], Bot cards:[♦4, ♠T]
Player points: [12, 12], Bot points:[14, 14]
Bot get one more card ♥T
Player point: 12, Bot point: 24
Player win! Money: 1612.0
========================
Round #912
Player cards: [♣4, ♠T], Bot cards:[♦8, ♦J]
Player points: [14, 14], Bot points:[18, 18]
Player get one more card ♦J
Player point: 24, Bot point: 18
Player lose! Money: 1592.0
========================
Round #913
Player cards: [♠5, ♣A], Bot cards:[♥5, ♥A]
Player points: [6, 16], Bot points:[6, 16]
Bot get one more card ♦2
Bot get one more card ♦4
Bot get one more card ♥8
Player point: 16, Bot point: 20
Player lose! Money: 1572.0
========================
Round #914
Player cards: [♥6, ♥7], Bot cards:[♦3, ♠K]
Player points: [13, 13], Bot points:[13, 13]
Bot get one more card ♠3
Bot get one more card ♦K
Player point: 13, Bot point: 26
Player win! Money: 1592.0
========================
Round #915
Player cards: [♠8, ♦Q], Bot cards:[♣4, ♠5]
Player points: [18, 18], Bot points:[9, 9]
Bot get one more card ♦J
Player point: 18, Bot point: 19
Player lose! Money: 1572.0
========================
Round #916
Player cards: [♦5, ♦A], Bot cards:[♣5, ♠A]
Player points: [6, 16], Bot points:[6, 16]
Bot get one more card ♥2
Bot get one more card ♠5
Bot get one more card ♣3
Bot get one more card ♥Q
Player point: 16, Bot point: 26
Player win! Money: 1592.0
========================
Round #917
Player cards: [♠8, ♦Q], Bot cards:[♥3, ♦A]
Player points: [18, 18], Bot points:[4, 14]
Bot get one more card ♣A
Bot get one more card ♥6
Bot get one more card ♠9
Player point: 18, Bot point: 20
Player lose! Money: 1572.0
========================
Round #918
New deck
Player cards: [♣6, ♣J], Bot cards:[♦8, ♣9]
Player points: [16, 16], Bot points:[17, 17]
Player get one more card ♥6
Player point: 22, Bot point: 17
Player lose! Money: 1552.0
========================
Round #919
Player cards: [♦5, ♣A], Bot cards:[♥8, ♣Q]
Player points: [6, 16], Bot points:[18, 18]
Player get one more card ♠9
Player get one more card ♥A
Player get one more card ♠2
Player point: 18, Bot point: 18
Draw! Money:1552.0
========================
Round #920
Player cards: [♣4, ♥6], Bot cards:[♥6, ♠A]
Player points: [10, 10], Bot points:[7, 17]
----- Double Bet! -----
Player get one more card ♣7
Bot get one more card ♦7
Bot get one more card ♥8
Player point: 17, Bot point: 22
Player win! Money: 1592.0
========================
Round #921
Player cards: [♣3, ♣7], Bot cards:[♦Q, ♣K]
Player points: [10, 10], Bot points:[20, 20]
Player get one more card ♠T
Player point: 20, Bot point: 20
Draw! Money:1592.0
========================
Round #922
Player cards: [♦Q, ♦K], Bot cards:[♦9, ♥J]
Player points: [20, 20], Bot points:[19, 19]
Player point: 20, Bot point: 19
Player win! Money: 1612.0
========================
Round #923
Player cards: [♠2, ♦K], Bot cards:[♣8, ♠T]
Player points: [12, 12], Bot points:[18, 18]
Player get one more card ♣K
Player point: 22, Bot point: 18
Player lose! Money: 1592.0
========================
Round #924
Player cards: [♦J, ♠K], Bot cards:[♣4, ♥K]
Player points: [20, 20], Bot points:[14, 14]
Bot get one more card ♠9
Player point: 20, Bot point: 23
Player win! Money: 1612.0
========================
Round #925
Player cards: [♠K, ♥K], Bot cards:[♥6, ♣Q]
Player points: [20, 20], Bot points:[16, 16]
Bot get one more card ♥4
Player point: 20, Bot point: 20
Draw! Money:1612.0
========================
Round #926
Player cards: [♠5, ♣T], Bot cards:[♠6, ♠Q]
Player points: [15, 15], Bot points:[16, 16]
Bot get one more card ♥3
Player point: 15, Bot point: 19
Player lose! Money: 1592.0
========================
Round #927
Player cards: [♥4, ♦4], Bot cards:[♦2, ♥2]
Player points: [8, 8], Bot points:[4, 4]
Player get one more card ♠3
Player get one more card ♦7
Bot get one more card ♦A
Bot get one more card ♣2
Bot get one more card ♠Q
Player point: 18, Bot point: 17
Player win! Money: 1612.0
========================
Round #928
Player cards: [♠4, ♠8], Bot cards:[♣3, ♠3]
Player points: [12, 12], Bot points:[6, 6]
Player get one more card ♦K
Bot get one more card ♠6
Bot get one more card ♦T
Player point: 22, Bot point: 22
Player lose! Money: 1592.0
========================
Round #929
Player cards: [♦3, ♣5], Bot cards:[♦9, ♥T]
Player points: [8, 8], Bot points:[19, 19]
Player get one more card ♠7
Player get one more card ♥2
Player point: 17, Bot point: 19
Player lose! Money: 1572.0
========================
Round #930
Player cards: [♦3, ♣J], Bot cards:[♣J, ♠Q]
Player points: [13, 13], Bot points:[20, 20]
Player get one more card ♠K
Player point: 23, Bot point: 20
Player lose! Money: 1552.0
========================
Round #931
Player cards: [♥2, ♠5], Bot cards:[♥3, ♣6]
Player points: [7, 7], Bot points:[9, 9]
Player get one more card ♣5
Player get one more card ♥Q
Bot get one more card ♠5
Bot get one more card ♦3
Player point: 22, Bot point: 17
Player lose! Money: 1532.0
========================
Round #932
Player cards: [♥5, ♥7], Bot cards:[♦6, ♥A]
Player points: [12, 12], Bot points:[7, 17]
Bot get one more card ♦Q
Player point: 12, Bot point: 17
Player lose! Money: 1512.0
========================
Round #933
Player cards: [♣3, ♣8], Bot cards:[♥T, ♥T]
Player points: [11, 11], Bot points:[20, 20]
----- Double Bet! -----
Player get one more card ♦2
Player point: 13, Bot point: 20
Player lose! Money: 1472.0
========================
Round #934
Player cards: [♥7, ♣9], Bot cards:[♥4, ♦9]
Player points: [16, 16], Bot points:[13, 13]
Bot get one more card ♠4
Player point: 16, Bot point: 17
Player lose! Money: 1452.0
========================
Round #935
Player cards: [♥3, ♣5], Bot cards:[♣6, ♠8]
Player points: [8, 8], Bot points:[14, 14]
Player get one more card ♠5
Bot get one more card ♦4
Player point: 13, Bot point: 18
Player lose! Money: 1432.0
========================
Round #936
Player cards: [♦2, ♠9], Bot cards:[♠3, ♥8]
Player points: [11, 11], Bot points:[11, 11]
----- Double Bet! -----
Player get one more card ♦A
Bot get one more card ♥J
Player point: 12, Bot point: 21
Player lose! Money: 1392.0
========================
Round #937
Player cards: [♦8, ♠J], Bot cards:[♦7, ♥9]
Player points: [18, 18], Bot points:[16, 16]
Bot get one more card ♦2
Player point: 18, Bot point: 18
Draw! Money:1392.0
========================
Round #938
Player cards: [♦5, ♦5], Bot cards:[♦4, ♥9]
Player points: [10, 10], Bot points:[13, 13]
----- Double Bet! -----
Player get one more card ♣3
Bot get one more card ♠4
Player point: 13, Bot point: 17
Player lose! Money: 1352.0
========================
Round #939
Player cards: [♣6, ♦T], Bot cards:[♥9, ♠T]
Player points: [16, 16], Bot points:[19, 19]
Player get one more card ♣K
Player point: 26, Bot point: 19
Player lose! Money: 1332.0
========================
Round #940
Player cards: [♦7, ♠9], Bot cards:[♦J, ♥A]
Player points: [16, 16], Bot points:[11, 21]
Player get one more card ♣J
Bot get one more card ♦T
Player point: 26, Bot point: 21
Player lose! Money: 1312.0
========================
Round #941
Player cards: [♦6, ♦9], Bot cards:[♠7, ♥8]
Player points: [15, 15], Bot points:[15, 15]
Player get one more card ♦J
Bot get one more card ♦8
Player point: 25, Bot point: 23
Player lose! Money: 1292.0
========================
Round #942
Player cards: [♠2, ♥J], Bot cards:[♦3, ♥7]
Player points: [12, 12], Bot points:[10, 10]
Player get one more card ♦5
Bot get one more card ♦J
Player point: 17, Bot point: 20
Player lose! Money: 1272.0
========================
Round #943
Player cards: [♣2, ♠K], Bot cards:[♦K, ♠A]
Player points: [12, 12], Bot points:[11, 21]
Player get one more card ♠7
Bot get one more card ♠2
Bot get one more card ♣9
Player point: 19, Bot point: 22
Player win! Money: 1292.0
========================
Round #944
Player cards: [♣7, ♥K], Bot cards:[♣T, ♥K]
Player points: [17, 17], Bot points:[20, 20]
Player point: 17, Bot point: 20
Player lose! Money: 1272.0
========================
Round #945
Player cards: [♦3, ♥9], Bot cards:[♣T, ♥Q]
Player points: [12, 12], Bot points:[20, 20]
Player get one more card ♥4
Player get one more card ♥2
Player point: 18, Bot point: 20
Player lose! Money: 1252.0
========================
Round #946
Player cards: [♠6, ♠Q], Bot cards:[♥Q, ♠A]
Player points: [16, 16], Bot points:[11, 21]
Player get one more card ♦T
Bot get one more card ♥T
Player point: 26, Bot point: 21
Player lose! Money: 1232.0
========================
Round #947
Player cards: [♥5, ♦A], Bot cards:[♥5, ♥Q]
Player points: [6, 16], Bot points:[15, 15]
Bot get one more card ♦6
Player point: 16, Bot point: 21
Player lose! Money: 1212.0
========================
Round #948
Player cards: [♣7, ♣T], Bot cards:[♠4, ♣Q]
Player points: [17, 17], Bot points:[14, 14]
Bot get one more card ♠J
Player point: 17, Bot point: 24
Player win! Money: 1232.0
========================
Round #949
Player cards: [♣5, ♣A], Bot cards:[♣K, ♦A]
Player points: [6, 16], Bot points:[11, 21]
Player get one more card ♥3
Bot get one more card ♣A
Bot get one more card ♦9
Player point: 19, Bot point: 21
Player lose! Money: 1212.0
========================
Round #950
Player cards: [♣4, ♠J], Bot cards:[♣4, ♦Q]
Player points: [14, 14], Bot points:[14, 14]
Bot get one more card ♠J
Player point: 14, Bot point: 24
Player win! Money: 1232.0
========================
Round #951
Player cards: [♠3, ♥7], Bot cards:[♥5, ♣8]
Player points: [10, 10], Bot points:[13, 13]
----- Double Bet! -----
Player get one more card ♠7
Bot get one more card ♣9
Player point: 17, Bot point: 22
Player win! Money: 1272.0
========================
Round #952
Player cards: [♣2, ♠T], Bot cards:[♠8, ♣A]
Player points: [12, 12], Bot points:[9, 19]
Player get one more card ♦7
Bot get one more card ♥A
Bot get one more card ♦6
Bot get one more card ♠A
Player point: 19, Bot point: 17
Player win! Money: 1292.0
========================
Round #953
Player cards: [♦4, ♠6], Bot cards:[♦8, ♠8]
Player points: [10, 10], Bot points:[16, 16]
----- Double Bet! -----
Player get one more card ♣8
Bot get one more card ♥J
Player point: 18, Bot point: 26
Player win! Money: 1332.0
========================
Round #954
New deck
Player cards: [♥8, ♦Q], Bot cards:[♥6, ♠7]
Player points: [18, 18], Bot points:[13, 13]
Bot get one more card ♦2
Bot get one more card ♦3
Player point: 18, Bot point: 18
Draw! Money:1332.0
========================
Round #955
Player cards: [♣9, ♥Q], Bot cards:[♥6, ♦J]
Player points: [19, 19], Bot points:[16, 16]
Bot get one more card ♦4
Player point: 19, Bot point: 20
Player lose! Money: 1312.0
========================
Round #956
Player cards: [♣5, ♥A], Bot cards:[♥T, ♣A]
Player points: [6, 16], Bot points:[11, 21]
Player get one more card ♠5
Bot get one more card ♣3
Bot get one more card ♣5
Player point: 21, Bot point: 19
Player win! Money: 1332.0
========================
Round #957
Player cards: [♣7, ♦J], Bot cards:[♣8, ♠T]
Player points: [17, 17], Bot points:[18, 18]
Player point: 17, Bot point: 18
Player lose! Money: 1312.0
========================
Round #958
Player cards: [♣7, ♦J], Bot cards:[♠A, ♠A]
Player points: [17, 17], Bot points:[2, 12]
Bot get one more card ♦5
Bot get one more card ♠3
Bot get one more card ♥2
Bot get one more card ♣7
Player point: 17, Bot point: 19
Player lose! Money: 1292.0
========================
Round #959
Player cards: [♠K, ♠A], Bot cards:[♠9, ♥J]
Player points: [11, 21], Bot points:[19, 19]
Player point: 21, Bot point: 19
------ BlackJack!! ------
Player win! Money: 1318.0
========================
Round #960
Player cards: [♣4, ♣A], Bot cards:[♥5, ♠A]
Player points: [5, 15], Bot points:[6, 16]
Bot get one more card ♣4
Bot get one more card ♠Q
Player point: 15, Bot point: 20
Player lose! Money: 1298.0
========================
Round #961
Player cards: [♦6, ♣Q], Bot cards:[♥4, ♠Q]
Player points: [16, 16], Bot points:[14, 14]
Bot get one more card ♥2
Bot get one more card ♥K
Player point: 16, Bot point: 26
Player win! Money: 1318.0
========================
Round #962
Player cards: [♥5, ♣6], Bot cards:[♦5, ♥K]
Player points: [11, 11], Bot points:[15, 15]
----- Double Bet! -----
Player get one more card ♠9
Bot get one more card ♠8
Player point: 20, Bot point: 23
Player win! Money: 1358.0
========================
Round #963
Player cards: [♣3, ♥7], Bot cards:[♥J, ♦Q]
Player points: [10, 10], Bot points:[20, 20]
Player get one more card ♣2
Player get one more card ♥Q
Player point: 22, Bot point: 20
Player lose! Money: 1338.0
========================
Round #964
Player cards: [♠T, ♣A], Bot cards:[♠3, ♥K]
Player points: [11, 21], Bot points:[13, 13]
Bot get one more card ♣T
Player point: 21, Bot point: 23
------ BlackJack!! ------
Player win! Money: 1364.0
========================
Round #965
Player cards: [♦5, ♠Q], Bot cards:[♠6, ♥Q]
Player points: [15, 15], Bot points:[16, 16]
Bot get one more card ♥5
Player point: 15, Bot point: 21
Player lose! Money: 1344.0
========================
Round #966
Player cards: [♥5, ♠8], Bot cards:[♥T, ♦K]
Player points: [13, 13], Bot points:[20, 20]
Player get one more card ♥4
Player point: 17, Bot point: 20
Player lose! Money: 1324.0
========================
Round #967
Player cards: [♣T, ♣J], Bot cards:[♣J, ♠J]
Player points: [20, 20], Bot points:[20, 20]
Player point: 20, Bot point: 20
Draw! Money:1324.0
========================
Round #968
Player cards: [♠T, ♠J], Bot cards:[♥6, ♣Q]
Player points: [20, 20], Bot points:[16, 16]
Bot get one more card ♣J
Player point: 20, Bot point: 26
Player win! Money: 1344.0
========================
Round #969
Player cards: [♣9, ♣T], Bot cards:[♣2, ♦8]
Player points: [19, 19], Bot points:[10, 10]
Bot get one more card ♠6
Bot get one more card ♦2
Player point: 19, Bot point: 18
Player win! Money: 1364.0
========================
Round #970
Player cards: [♦T, ♥K], Bot cards:[♠2, ♣3]
Player points: [20, 20], Bot points:[5, 5]
Bot get one more card ♥2
Bot get one more card ♦3
Bot get one more card ♣2
Bot get one more card ♣T
Player point: 20, Bot point: 22
Player win! Money: 1384.0
========================
Round #971
Player cards: [♠8, ♦K], Bot cards:[♥T, ♦A]
Player points: [18, 18], Bot points:[11, 21]
Bot get one more card ♦T
Player point: 18, Bot point: 21
Player lose! Money: 1364.0
========================
Round #972
Player cards: [♣4, ♣6], Bot cards:[♣3, ♠K]
Player points: [10, 10], Bot points:[13, 13]
----- Double Bet! -----
Player get one more card ♦K
Bot get one more card ♣5
Player point: 20, Bot point: 18
Player win! Money: 1404.0
========================
Round #973
Player cards: [♥3, ♠7], Bot cards:[♣Q, ♦Q]
Player points: [10, 10], Bot points:[20, 20]
Player get one more card ♠T
Player point: 20, Bot point: 20
Draw! Money:1404.0
========================
Round #974
Player cards: [♠2, ♦7], Bot cards:[♦3, ♣K]
Player points: [9, 9], Bot points:[13, 13]
----- Double Bet! -----
Player get one more card ♣2
Bot get one more card ♥T
Player point: 11, Bot point: 23
Player win! Money: 1444.0
========================
Round #975
Player cards: [♣2, ♣6], Bot cards:[♦8, ♦9]
Player points: [8, 8], Bot points:[17, 17]
Player get one more card ♠J
Player point: 18, Bot point: 17
Player win! Money: 1464.0
========================
Round #976
Player cards: [♠7, ♦9], Bot cards:[♠2, ♥3]
Player points: [16, 16], Bot points:[5, 5]
Bot get one more card ♦T
Bot get one more card ♣Q
Player point: 16, Bot point: 25
Player win! Money: 1484.0
========================
Round #977
Player cards: [♦9, ♠K], Bot cards:[♥2, ♣A]
Player points: [19, 19], Bot points:[3, 13]
Bot get one more card ♣Q
Bot get one more card ♦A
Bot get one more card ♠4
Player point: 19, Bot point: 18
Player win! Money: 1504.0
========================
Round #978
Player cards: [♦4, ♦6], Bot cards:[♥8, ♥9]
Player points: [10, 10], Bot points:[17, 17]
----- Double Bet! -----
Player get one more card ♦7
Player point: 17, Bot point: 17
Draw! Money:1504.0
========================
Round #979
Player cards: [♦3, ♥9], Bot cards:[♥4, ♣6]
Player points: [12, 12], Bot points:[10, 10]
Bot get one more card ♥J
Player point: 12, Bot point: 20
Player lose! Money: 1484.0
========================
Round #980
Player cards: [♠3, ♠5], Bot cards:[♥3, ♠9]
Player points: [8, 8], Bot points:[12, 12]
Player get one more card ♦A
Bot get one more card ♠7
Player point: 19, Bot point: 19
Draw! Money:1484.0
========================
Round #981
Player cards: [♥A, ♦A], Bot cards:[♠5, ♦8]
Player points: [2, 12], Bot points:[13, 13]
-------- Split! Two hands: [11, 21], [9, 19]
For second hand:
Bot get one more card ♦5
Player point: 21, Bot point: 18
------ BlackJack!! ------
Player win! Money: 1510.0
========================
Player point: 19, Bot point: 18
Player win! Money: 1530.0
========================
Round #982
Player cards: [♠J, ♥J], Bot cards:[♥7, ♠Q]
Player points: [20, 20], Bot points:[17, 17]
Player point: 20, Bot point: 17
Player win! Money: 1550.0
========================
Round #983
Player cards: [♦7, ♦7], Bot cards:[♦6, ♥8]
Player points: [14, 14], Bot points:[14, 14]
-------- Split! Two hands: [17, 17], [17, 17]
For second hand:
Bot get one more card ♦8
Player point: 17, Bot point: 22
Player win! Money: 1570.0
========================
Player point: 17, Bot point: 22
Player win! Money: 1590.0
========================
Round #984
Player cards: [♥8, ♣9], Bot cards:[♠4, ♣8]
Player points: [17, 17], Bot points:[12, 12]
Bot get one more card ♠4
Bot get one more card ♥4
Player point: 17, Bot point: 20
Player lose! Money: 1570.0
========================
Round #985
Player cards: [♣4, ♣8], Bot cards:[♣7, ♣J]
Player points: [12, 12], Bot points:[17, 17]
Player get one more card ♦6
Player point: 18, Bot point: 17
Player win! Money: 1590.0
========================
Round #986
Player cards: [♠4, ♦T], Bot cards:[♦2, ♦J]
Player points: [14, 14], Bot points:[12, 12]
Bot get one more card ♦Q
Player point: 14, Bot point: 22
Player win! Money: 1610.0
========================
Round #987
Player cards: [♥7, ♥9], Bot cards:[♣3, ♠8]
Player points: [16, 16], Bot points:[11, 11]
Bot get one more card ♠3
Bot get one more card ♥Q
Player point: 16, Bot point: 24
Player win! Money: 1630.0
========================
Round #988
Player cards: [♠9, ♥A], Bot cards:[♥9, ♥A]
Player points: [10, 20], Bot points:[10, 20]
Bot get one more card ♠5
Bot get one more card ♦4
Player point: 20, Bot point: 19
Player win! Money: 1650.0
========================
Round #989
Player cards: [♦2, ♠6], Bot cards:[♠6, ♣K]
Player points: [8, 8], Bot points:[16, 16]
Player get one more card ♦9
Bot get one more card ♣5
Player point: 17, Bot point: 21
Player lose! Money: 1630.0
========================
Round #990
New deck
Player cards: [♣2, ♣3], Bot cards:[♦5, ♠A]
Player points: [5, 5], Bot points:[6, 16]
Player get one more card ♠A
Bot get one more card ♦A
Bot get one more card ♠T
Player point: 16, Bot point: 17
Player lose! Money: 1610.0
========================
Round #991
Player cards: [♦9, ♣9], Bot cards:[♥6, ♥Q]
Player points: [18, 18], Bot points:[16, 16]
-------- Split! Two hands: [17, 17], [16, 16]
For second hand:
Bot get one more card ♦3
Player point: 17, Bot point: 19
Player lose! Money: 1590.0
========================
Player point: 16, Bot point: 19
Player lose! Money: 1570.0
========================
Round #992
Player cards: [♦5, ♦K], Bot cards:[♦2, ♠K]
Player points: [15, 15], Bot points:[12, 12]
Bot get one more card ♠2
Bot get one more card ♥T
Player point: 15, Bot point: 24
Player win! Money: 1590.0
========================
Round #993
Player cards: [♣5, ♦T], Bot cards:[♣4, ♣7]
Player points: [15, 15], Bot points:[11, 11]
Bot get one more card ♠7
Player point: 15, Bot point: 18
Player lose! Money: 1570.0
========================
Round #994
Player cards: [♦6, ♥A], Bot cards:[♣2, ♥5]
Player points: [7, 17], Bot points:[7, 7]
Bot get one more card ♠A
Bot get one more card ♦4
Bot get one more card ♥K
Player point: 17, Bot point: 22
Player win! Money: 1590.0
========================
Round #995
Player cards: [♦2, ♥3], Bot cards:[♣8, ♥J]
Player points: [5, 5], Bot points:[18, 18]
Player get one more card ♦A
Player get one more card ♣4
Player point: 20, Bot point: 18
Player win! Money: 1610.0
========================
Round #996
Player cards: [♠3, ♦9], Bot cards:[♥9, ♣A]
Player points: [12, 12], Bot points:[10, 20]
Player get one more card ♣9
Bot get one more card ♥Q
Player point: 21, Bot point: 20
Player win! Money: 1630.0
========================
Round #997
Player cards: [♠K, ♦K], Bot cards:[♠2, ♦8]
Player points: [20, 20], Bot points:[10, 10]
Bot get one more card ♠6
Bot get one more card ♥J
Player point: 20, Bot point: 26
Player win! Money: 1650.0
========================
Round #998
Player cards: [♥J, ♠Q], Bot cards:[♦7, ♦J]
Player points: [20, 20], Bot points:[17, 17]
Player point: 20, Bot point: 17
Player win! Money: 1670.0
========================
Round #999
Total round: 1000. Blackjack count: 55
====== Game Begin! ======
Total money: 500
Player cards: [♥5, ♦7], Bot cards:[♣6, ♣K]
Player points: [12, 12], Bot points:[16, 16]
Bot get one more card ♠Q
Player point: 12, Bot point: 26
Player win! Money: 520
========================
Round #0
Player cards: [♣Q, ♠K], Bot cards:[♠9, ♠A]
Player points: [20, 20], Bot points:[10, 20]
Bot get one more card ♠T
Player point: 20, Bot point: 20
Draw! Money:520
========================
Round #1
Player cards: [♦6, ♥A], Bot cards:[♣3, ♥8]
Player points: [7, 17], Bot points:[11, 11]
Bot get one more card ♥3
Bot get one more card ♠9
Player point: 17, Bot point: 23
Player win! Money: 540
========================
Round #2
Player cards: [♠4, ♥T], Bot cards:[♦2, ♠K]
Player points: [14, 14], Bot points:[12, 12]
Bot get one more card ♥J
Player point: 14, Bot point: 22
Player win! Money: 560
========================
Round #3
Player cards: [♠T, ♦A], Bot cards:[♦2, ♣8]
Player points: [11, 21], Bot points:[10, 10]
Bot get one more card ♦9
Player point: 21, Bot point: 19
------ BlackJack!! ------
Player win! Money: 586.0
========================
Round #4
Player cards: [♦6, ♦J], Bot cards:[♦2, ♣T]
Player points: [16, 16], Bot points:[12, 12]
Bot get one more card ♣9
Player point: 16, Bot point: 21
Player lose! Money: 566.0
========================
Round #5
Player cards: [♣5, ♥8], Bot cards:[♣5, ♣T]
Player points: [13, 13], Bot points:[15, 15]
Bot get one more card ♥K
Player point: 13, Bot point: 25
Player win! Money: 586.0
========================
Round #6
Player cards: [♦9, ♥K], Bot cards:[♦3, ♦4]
Player points: [19, 19], Bot points:[7, 7]
Bot get one more card ♣8
Bot get one more card ♦K
Player point: 19, Bot point: 25
Player win! Money: 606.0
========================
Round #7
Player cards: [♠4, ♠6], Bot cards:[♣3, ♣T]
Player points: [10, 10], Bot points:[13, 13]
----- Double Bet! -----
Player get one more card ♠8
Bot get one more card ♣J
Player point: 18, Bot point: 23
Player win! Money: 646.0
========================
Round #8
Player cards: [♣7, ♦T], Bot cards:[♦6, ♣T]
Player points: [17, 17], Bot points:[16, 16]
Bot get one more card ♦3
Player point: 17, Bot point: 19
Player lose! Money: 626.0
========================
Round #9
Player cards: [♥9, ♠Q], Bot cards:[♥5, ♥Q]
Player points: [19, 19], Bot points:[15, 15]
Bot get one more card ♥9
Player point: 19, Bot point: 24
Player win! Money: 646.0
========================
Round #10
Player cards: [♦8, ♥Q], Bot cards:[♠3, ♦A]
Player points: [18, 18], Bot points:[4, 14]
Bot get one more card ♥J
Bot get one more card ♦7
Player point: 18, Bot point: 21
Player lose! Money: 626.0
========================
Round #11
Player cards: [♠7, ♦A], Bot cards:[♣9, ♠9]
Player points: [8, 18], Bot points:[18, 18]
Player point: 18, Bot point: 18
Draw! Money:626.0
========================
Round #12
Player cards: [♣6, ♦T], Bot cards:[♠2, ♦4]
Player points: [16, 16], Bot points:[6, 6]
Bot get one more card ♥3
Bot get one more card ♣A
Bot get one more card ♠A
Bot get one more card ♥A
Bot get one more card ♥2
Bot get one more card ♣6
Player point: 16, Bot point: 20
Player lose! Money: 606.0
========================
Round #13
Player cards: [♥3, ♠5], Bot cards:[♣J, ♣K]
Player points: [8, 8], Bot points:[20, 20]
Player get one more card ♦3
Player get one more card ♥T
Player point: 21, Bot point: 20
Player win! Money: 626.0
========================
Round #14
Player cards: [♦T, ♠T], Bot cards:[♣5, ♠A]
Player points: [20, 20], Bot points:[6, 16]
Bot get one more card ♥5
Bot get one more card ♣2
Bot get one more card ♣7
Player point: 20, Bot point: 20
Draw! Money:626.0
========================
Round #15
Player cards: [♣9, ♠J], Bot cards:[♦K, ♣A]
Player points: [19, 19], Bot points:[11, 21]
Bot get one more card ♥4
Bot get one more card ♦8
Player point: 19, Bot point: 23
Player win! Money: 646.0
========================
Round #16
Player cards: [♥8, ♥8], Bot cards:[♠5, ♠7]
Player points: [16, 16], Bot points:[12, 12]
-------- Split! Two hands: [14, 14], [18, 18]
For second hand:
Bot get one more card ♣8
Player point: 14, Bot point: 20
Player lose! Money: 626.0
========================
Player point: 18, Bot point: 20
Player lose! Money: 606.0
========================
Round #17
Player cards: [♠J, ♦J], Bot cards:[♣4, ♠8]
Player points: [20, 20], Bot points:[12, 12]
Bot get one more card ♦Q
Player point: 20, Bot point: 22
Player win! Money: 626.0
========================
Round #18
Player cards: [♣4, ♠9], Bot cards:[♥2, ♠8]
Player points: [13, 13], Bot points:[10, 10]
Bot get one more card ♥Q
Player point: 13, Bot point: 20
Player lose! Money: 606.0
========================
Round #19
Player cards: [♣2, ♥4], Bot cards:[♣8, ♠T]
Player points: [6, 6], Bot points:[18, 18]
Player get one more card ♠7
Player get one more card ♦9
Player point: 22, Bot point: 18
Player lose! Money: 586.0
========================
Round #20
Player cards: [♥2, ♦K], Bot cards:[♥6, ♣7]
Player points: [12, 12], Bot points:[13, 13]
Bot get one more card ♣9
Player point: 12, Bot point: 22
Player win! Money: 606.0
========================
Round #21
Player cards: [♠3, ♣3], Bot cards:[♠4, ♥Q]
Player points: [6, 6], Bot points:[14, 14]
-------- Split! Two hands: [5, 5], [7, 7]
Player get one more card ♣3
Player get one more card ♦5
For second hand:
Player get one more card ♠5
Bot get one more card ♥5
Player point: 13, Bot point: 19
Player lose! Money: 586.0
========================
Player point: 12, Bot point: 19
Player lose! Money: 566.0
========================
Round #22
Player cards: [♥7, ♥7], Bot cards:[♠2, ♦8]
Player points: [14, 14], Bot points:[10, 10]
-------- Split! Two hands: [17, 17], [17, 17]
For second hand:
Bot get one more card ♥J
Player point: 17, Bot point: 20
Player lose! Money: 546.0
========================
Player point: 17, Bot point: 20
Player lose! Money: 526.0
========================
Round #23
Player cards: [♦9, ♣J], Bot cards:[♥9, ♥A]
Player points: [19, 19], Bot points:[10, 20]
Bot get one more card ♣K
Player point: 19, Bot point: 20
Player lose! Money: 506.0
========================
Round #24
Player cards: [♠3, ♣7], Bot cards:[♦5, ♠A]
Player points: [10, 10], Bot points:[6, 16]
----- Double Bet! -----
Player get one more card ♠J
Bot get one more card ♥T
Bot get one more card ♠6
Player point: 20, Bot point: 22
Player win! Money: 546.0
========================
Round #25
Player cards: [♦4, ♦5], Bot cards:[♦6, ♥6]
Player points: [9, 9], Bot points:[12, 12]
----- Double Bet! -----
Player get one more card ♥9
Bot get one more card ♥3
Bot get one more card ♠7
Player point: 18, Bot point: 22
Player win! Money: 586.0
========================
Round #26
Player cards: [♥2, ♦J], Bot cards:[♣6, ♣Q]
Player points: [12, 12], Bot points:[16, 16]
Bot get one more card ♠K
Player point: 12, Bot point: 26
Player win! Money: 606.0
========================
Round #27
Player cards: [♦2, ♥K], Bot cards:[♠2, ♠J]
Player points: [12, 12], Bot points:[12, 12]
Player get one more card ♠4
Bot get one more card ♦T
Player point: 16, Bot point: 22
Player win! Money: 626.0
========================
Round #28
Player cards: [♦3, ♦8], Bot cards:[♥7, ♦A]
Player points: [11, 11], Bot points:[8, 18]
----- Double Bet! -----
Player get one more card ♣A
Bot get one more card ♥T
Player point: 12, Bot point: 18
Player lose! Money: 586.0
========================
Round #29
Player cards: [♦J, ♦Q], Bot cards:[♠3, ♦4]
Player points: [20, 20], Bot points:[7, 7]
Bot get one more card ♥7
Bot get one more card ♣4
Player point: 20, Bot point: 18
Player win! Money: 606.0
========================
Round #30
Player cards: [♠2, ♦Q], Bot cards:[♠8, ♣Q]
Player points: [12, 12], Bot points:[18, 18]
Player get one more card ♣K
Player point: 22, Bot point: 18
Player lose! Money: 586.0
========================
Round #31
Player cards: [♦5, ♣A], Bot cards:[♠5, ♥A]
Player points: [6, 16], Bot points:[6, 16]
Bot get one more card ♠Q
Bot get one more card ♦7
Player point: 16, Bot point: 23
Player win! Money: 606.0
========================
Round #32
Player cards: [♠6, ♦7], Bot cards:[♥4, ♠K]
Player points: [13, 13], Bot points:[14, 14]
Bot get one more card ♥4
Player point: 13, Bot point: 18
Player lose! Money: 586.0
========================
Round #33
New deck
Player cards: [♦T, ♦J], Bot cards:[♥6, ♥7]
Player points: [20, 20], Bot points:[13, 13]
Bot get one more card ♣A
Bot get one more card ♣2
Bot get one more card ♣A
Player point: 20, Bot point: 17
Player win! Money: 606.0
========================
Round #34
Player cards: [♣4, ♦9], Bot cards:[♥3, ♦K]
Player points: [13, 13], Bot points:[13, 13]
Bot get one more card ♣2
Bot get one more card ♥5
Player point: 13, Bot point: 20
Player lose! Money: 586.0
========================
Round #35
Player cards: [♠5, ♣9], Bot cards:[♥6, ♦Q]
Player points: [14, 14], Bot points:[16, 16]
Bot get one more card ♣Q
Player point: 14, Bot point: 26
Player win! Money: 606.0
========================
Round #36
Player cards: [♥K, ♠K], Bot cards:[♣T, ♥A]
Player points: [20, 20], Bot points:[11, 21]
Bot get one more card ♣5
Bot get one more card ♥A
Player point: 20, Bot point: 17
Player win! Money: 626.0
========================
Round #37
Player cards: [♣7, ♦K], Bot cards:[♥5, ♥A]
Player points: [17, 17], Bot points:[6, 16]
Bot get one more card ♥9
Bot get one more card ♠2
Player point: 17, Bot point: 17
Draw! Money:626.0
========================
Round #38
Player cards: [♦2, ♠9], Bot cards:[♥4, ♥8]
Player points: [11, 11], Bot points:[12, 12]
----- Double Bet! -----
Player get one more card ♣5
Bot get one more card ♦7
Player point: 16, Bot point: 19
Player lose! Money: 586.0
========================
Round #39
Player cards: [♥7, ♥T], Bot cards:[♣3, ♦Q]
Player points: [17, 17], Bot points:[13, 13]
Bot get one more card ♥3
Bot get one more card ♥6
Player point: 17, Bot point: 22
Player win! Money: 606.0
========================
Round #40
Player cards: [♥3, ♦Q], Bot cards:[♦6, ♦8]
Player points: [13, 13], Bot points:[14, 14]
Bot get one more card ♦4
Player point: 13, Bot point: 18
Player lose! Money: 586.0
========================
Round #41
Player cards: [♦7, ♦T], Bot cards:[♦T, ♠T]
Player points: [17, 17], Bot points:[20, 20]
Player point: 17, Bot point: 20
Player lose! Money: 566.0
========================
Round #42
Player cards: [♦7, ♥8], Bot cards:[♣4, ♣8]
Player points: [15, 15], Bot points:[12, 12]
Bot get one more card ♦3
Bot get one more card ♥J
Player point: 15, Bot point: 25
Player win! Money: 586.0
========================
Round #43
Player cards: [♥Q, ♣K], Bot cards:[♦5, ♠6]
Player points: [20, 20], Bot points:[11, 11]
Bot get one more card ♥T
Player point: 20, Bot point: 21
Player lose! Money: 566.0
========================
Round #44
Player cards: [♥K, ♠A], Bot cards:[♥2, ♠T]
Player points: [11, 21], Bot points:[12, 12]
Bot get one more card ♠4
Bot get one more card ♥9
Player point: 21, Bot point: 25
------ BlackJack!! ------
Player win! Money: 592.0
========================
Round #45
Player cards: [♦9, ♣T], Bot cards:[♣2, ♠J]
Player points: [19, 19], Bot points:[12, 12]
Bot get one more card ♠2
Bot get one more card ♥J
Player point: 19, Bot point: 24
Player win! Money: 612.0
========================
Round #46
Player cards: [♣J, ♥A], Bot cards:[♣4, ♣6]
Player points: [11, 21], Bot points:[10, 10]
Bot get one more card ♣K
Player point: 21, Bot point: 20
------ BlackJack!! ------
Player win! Money: 638.0
========================
Round #47
Player cards: [♦4, ♥9], Bot cards:[♠3, ♥Q]
Player points: [13, 13], Bot points:[13, 13]
Bot get one more card ♠K
Player point: 13, Bot point: 23
Player win! Money: 658.0
========================
Round #48
Player cards: [♦8, ♣T], Bot cards:[♥T, ♦Q]
Player points: [18, 18], Bot points:[20, 20]
Player point: 18, Bot point: 20
Player lose! Money: 638.0
========================
Round #49
Player cards: [♦5, ♣J], Bot cards:[♥5, ♠T]
Player points: [15, 15], Bot points:[15, 15]
Bot get one more card ♦4
Player point: 15, Bot point: 19
Player lose! Money: 618.0
========================
Round #50
Player cards: [♣6, ♣J], Bot cards:[♣3, ♦4]
Player points: [16, 16], Bot points:[7, 7]
Bot get one more card ♦K
Player point: 16, Bot point: 17
Player lose! Money: 598.0
========================
Round #51
Player cards: [♠7, ♦A], Bot cards:[♥7, ♥K]
Player points: [8, 18], Bot points:[17, 17]
Player point: 18, Bot point: 17
Player win! Money: 618.0
========================
Round #52
Player cards: [♥3, ♥Q], Bot cards:[♣9, ♠A]
Player points: [13, 13], Bot points:[10, 20]
Player get one more card ♣5
Bot get one more card ♥4
Bot get one more card ♠6
Player point: 18, Bot point: 20
Player lose! Money: 598.0
========================
Round #53
Player cards: [♠2, ♠3], Bot cards:[♠6, ♥K]
Player points: [5, 5], Bot points:[16, 16]
Player get one more card ♠7
Bot get one more card ♠5
Player point: 12, Bot point: 21
Player lose! Money: 578.0
========================
Round #54
Player cards: [♣5, ♣6], Bot cards:[♥4, ♣A]
Player points: [11, 11], Bot points:[5, 15]
----- Double Bet! -----
Player get one more card ♠Q
Bot get one more card ♦9
Bot get one more card ♣9
Player point: 21, Bot point: 23
Player win! Money: 618.0
========================
Round #55
Player cards: [♣7, ♣8], Bot cards:[♣4, ♦6]
Player points: [15, 15], Bot points:[10, 10]
Bot get one more card ♥T
Player point: 15, Bot point: 20
Player lose! Money: 598.0
========================
Round #56
Player cards: [♥8, ♣9], Bot cards:[♦5, ♣7]
Player points: [17, 17], Bot points:[12, 12]
Bot get one more card ♥K
Player point: 17, Bot point: 22
Player win! Money: 618.0
========================
Round #57
Player cards: [♠2, ♠A], Bot cards:[♠4, ♠6]
Player points: [3, 13], Bot points:[10, 10]
Bot get one more card ♠6
Bot get one more card ♦3
Player point: 13, Bot point: 19
Player lose! Money: 598.0
========================
Round #58
Player cards: [♣2, ♠8], Bot cards:[♠3, ♠J]
Player points: [10, 10], Bot points:[13, 13]
----- Double Bet! -----
Player get one more card ♠7
Bot get one more card ♥J
Player point: 17, Bot point: 23
Player win! Money: 638.0
========================
Round #59
Player cards: [♥6, ♣7], Bot cards:[♠4, ♠K]
Player points: [13, 13], Bot points:[14, 14]
Bot get one more card ♦9
Player point: 13, Bot point: 23
Player win! Money: 658.0
========================
Round #60
Player cards: [♥9, ♠K], Bot cards:[♣2, ♠8]
Player points: [19, 19], Bot points:[10, 10]
Bot get one more card ♣Q
Player point: 19, Bot point: 20
Player lose! Money: 638.0
========================
Round #61
Player cards: [♦2, ♠T], Bot cards:[♣8, ♠Q]
Player points: [12, 12], Bot points:[18, 18]
Player get one more card ♣3
Player get one more card ♦Q
Player point: 25, Bot point: 18
Player lose! Money: 618.0
========================
Round #62
Player cards: [♥8, ♣Q], Bot cards:[♦7, ♦A]
Player points: [18, 18], Bot points:[8, 18]
Bot get one more card ♦J
Player point: 18, Bot point: 18
Draw! Money:618.0
========================
Round #63
Player cards: [♥J, ♣K], Bot cards:[♠8, ♦8]
Player points: [20, 20], Bot points:[16, 16]
Bot get one more card ♠8
Player point: 20, Bot point: 24
Player win! Money: 638.0
========================
Round #64
Player cards: [♠3, ♦3], Bot cards:[♦3, ♠9]
Player points: [6, 6], Bot points:[12, 12]
Player get one more card ♥2
Player get one more card ♥6
Bot get one more card ♦T
Player point: 14, Bot point: 22
Player win! Money: 658.0
========================
Round #65
Player cards: [♥5, ♠A], Bot cards:[♦2, ♦5]
Player points: [6, 16], Bot points:[7, 7]
Bot get one more card ♣T
Player point: 16, Bot point: 17
Player lose! Money: 638.0
========================
Round #66
Player cards: [♥2, ♠5], Bot cards:[♣3, ♠5]
Player points: [7, 7], Bot points:[8, 8]
Player get one more card ♥Q
Bot get one more card ♦6
Bot get one more card ♦K
Player point: 17, Bot point: 24
Player win! Money: 658.0
========================
Round #67
Player cards: [♥J, ♦J], Bot cards:[♦J, ♣K]
Player points: [20, 20], Bot points:[20, 20]
Player point: 20, Bot point: 20
Draw! Money:658.0
========================
Round #68
Player cards: [♦8, ♠9], Bot cards:[♠Q, ♠Q]
Player points: [17, 17], Bot points:[20, 20]
Player point: 17, Bot point: 20
Player lose! Money: 638.0
========================
Round #69
Player cards: [♣5, ♠J], Bot cards:[♦6, ♣Q]
Player points: [15, 15], Bot points:[16, 16]
Bot get one more card ♠7
Player point: 15, Bot point: 23
Player win! Money: 658.0
========================
Round #70
Player cards: [♦2, ♥7], Bot cards:[♠J, ♣A]
Player points: [9, 9], Bot points:[11, 21]
Player get one more card ♣6
Player get one more card ♦A
Player get one more card ♣J
Bot get one more card ♠4
Bot get one more card ♣8
Player point: 26, Bot point: 23
Player lose! Money: 638.0
========================
Round #71
New deck
Player cards: [♦6, ♦K], Bot cards:[♦6, ♠T]
Player points: [16, 16], Bot points:[16, 16]
Bot get one more card ♦7
Player point: 16, Bot point: 23
Player win! Money: 658.0
========================
Round #72
Player cards: [♣8, ♥9], Bot cards:[♦2, ♥9]
Player points: [17, 17], Bot points:[11, 11]
Bot get one more card ♠Q
Player point: 17, Bot point: 21
Player lose! Money: 638.0
========================
Round #73
Player cards: [♥6, ♠J], Bot cards:[♣2, ♠6]
Player points: [16, 16], Bot points:[8, 8]
Bot get one more card ♥J
Player point: 16, Bot point: 18
Player lose! Money: 618.0
========================
Round #74
Player cards: [♠5, ♥A], Bot cards:[♣T, ♣Q]
Player points: [6, 16], Bot points:[20, 20]
Player get one more card ♠4
Player point: 20, Bot point: 20
Draw! Money:618.0
========================
Round #75
Player cards: [♣5, ♠6], Bot cards:[♥2, ♦T]
Player points: [11, 11], Bot points:[12, 12]
----- Double Bet! -----
Player get one more card ♥7
Bot get one more card ♣2
Bot get one more card ♥5
Player point: 18, Bot point: 19
Player lose! Money: 578.0
========================
Round #76
Player cards: [♥2, ♣9], Bot cards:[♦J, ♣Q]
Player points: [11, 11], Bot points:[20, 20]
----- Double Bet! -----
Player get one more card ♥J
Player point: 21, Bot point: 20
Player win! Money: 618.0
========================
Round #77
Player cards: [♣6, ♣9], Bot cards:[♥7, ♠Q]
Player points: [15, 15], Bot points:[17, 17]
Player get one more card ♦3
Player point: 18, Bot point: 17
Player win! Money: 638.0
========================
Round #78
Player cards: [♣2, ♣9], Bot cards:[♠7, ♦A]
Player points: [11, 11], Bot points:[8, 18]
----- Double Bet! -----
Player get one more card ♣Q
Bot get one more card ♣4
Bot get one more card ♥Q
Player point: 21, Bot point: 22
Player win! Money: 678.0
========================
Round #79
Player cards: [♥8, ♣K], Bot cards:[♦4, ♠9]
Player points: [18, 18], Bot points:[13, 13]
Bot get one more card ♠7
Player point: 18, Bot point: 20
Player lose! Money: 658.0
========================
Round #80
Player cards: [♥6, ♠T], Bot cards:[♠8, ♠J]
Player points: [16, 16], Bot points:[18, 18]
Player get one more card ♠K
Player point: 26, Bot point: 18
Player lose! Money: 638.0
========================
Round #81
Player cards: [♠4, ♥8], Bot cards:[♥9, ♥K]
Player points: [12, 12], Bot points:[19, 19]
Player get one more card ♣Q
Player point: 22, Bot point: 19
Player lose! Money: 618.0
========================
Round #82
Player cards: [♥5, ♥Q], Bot cards:[♥T, ♦J]
Player points: [15, 15], Bot points:[20, 20]
Player get one more card ♠Q
Player point: 25, Bot point: 20
Player lose! Money: 598.0
========================
Round #83
Player cards: [♣7, ♥7], Bot cards:[♥3, ♦4]
Player points: [14, 14], Bot points:[7, 7]
-------- Split! Two hands: [13, 13], [17, 17]
For second hand:
Bot get one more card ♠8
Bot get one more card ♦T
Player point: 13, Bot point: 25
Player win! Money: 618.0
========================
Player point: 17, Bot point: 25
Player win! Money: 638.0
========================
Round #84
Player cards: [♣7, ♥A], Bot cards:[♣6, ♥K]
Player points: [8, 18], Bot points:[16, 16]
Bot get one more card ♣7
Player point: 18, Bot point: 23
Player win! Money: 658.0
========================
Round #85
Player cards: [♥5, ♠T], Bot cards:[♣8, ♥Q]
Player points: [15, 15], Bot points:[18, 18]
Player get one more card ♠7
Player point: 22, Bot point: 18
Player lose! Money: 638.0
========================
Round #86
Player cards: [♠7, ♣A], Bot cards:[♠4, ♦9]
Player points: [8, 18], Bot points:[13, 13]
Bot get one more card ♥4
Player point: 18, Bot point: 17
Player win! Money: 658.0
========================
Round #87
Player cards: [♣9, ♣T], Bot cards:[♣4, ♠9]
Player points: [19, 19], Bot points:[13, 13]
Bot get one more card ♦9
Player point: 19, Bot point: 22
Player win! Money: 678.0
========================
Round #88
Player cards: [♥4, ♦8], Bot cards:[♣T, ♠A]
Player points: [12, 12], Bot points:[11, 21]
Player get one more card ♣2
Player get one more card ♠6
Bot get one more card ♦K
Player point: 20, Bot point: 21
Player lose! Money: 658.0
========================
Round #89
Player cards: [♦8, ♣J], Bot cards:[♠2, ♥A]
Player points: [18, 18], Bot points:[3, 13]
Bot get one more card ♦A
Bot get one more card ♠A
Bot get one more card ♦5
Bot get one more card ♥6
Bot get one more card ♠9
Player point: 18, Bot point: 25
Player win! Money: 678.0
========================
Round #90
Player cards: [♣6, ♣A], Bot cards:[♥3, ♣J]
Player points: [7, 17], Bot points:[13, 13]
Bot get one more card ♦A
Bot get one more card ♦5
Player point: 17, Bot point: 19
Player lose! Money: 658.0
========================
Round #91
Player cards: [♦2, ♥8], Bot cards:[♠Q, ♥A]
Player points: [10, 10], Bot points:[11, 21]
Player get one more card ♦3
Player get one more card ♥9
Bot get one more card ♠J
Player point: 22, Bot point: 21
Player lose! Money: 638.0
========================
Round #92
Player cards: [♠6, ♣7], Bot cards:[♦3, ♥4]
Player points: [13, 13], Bot points:[7, 7]
Bot get one more card ♣A
Bot get one more card ♣A
Bot get one more card ♦Q
Player point: 13, Bot point: 19
Player lose! Money: 618.0
========================
Round #93
Player cards: [♠5, ♦J], Bot cards:[♣3, ♦6]
Player points: [15, 15], Bot points:[9, 9]
Bot get one more card ♥2
Bot get one more card ♦2
Bot get one more card ♥8
Player point: 15, Bot point: 21
Player lose! Money: 598.0
========================
Round #94
Player cards: [♥6, ♣T], Bot cards:[♦K, ♠A]
Player points: [16, 16], Bot points:[11, 21]
Player get one more card ♠K
Bot get one more card ♥Q
Player point: 26, Bot point: 21
Player lose! Money: 578.0
========================
Round #95
Player cards: [♦7, ♥7], Bot cards:[♥4, ♣8]
Player points: [14, 14], Bot points:[12, 12]
-------- Split! Two hands: [14, 14], [9, 9]
For second hand:
----- Double Bet! -----
Player get one more card ♣K
Bot get one more card ♦6
Player point: 14, Bot point: 18
Player lose! Money: 558.0
========================
Player point: 19, Bot point: 18
Player win! Money: 598.0
========================
Round #96
Player cards: [♦5, ♥K], Bot cards:[♣3, ♦9]
Player points: [15, 15], Bot points:[12, 12]
Bot get one more card ♦T
Player point: 15, Bot point: 22
Player win! Money: 618.0
========================
Round #97
Player cards: [♥T, ♥J], Bot cards:[♥2, ♦A]
Player points: [20, 20], Bot points:[3, 13]
Bot get one more card ♦7
Bot get one more card ♠8
Player point: 20, Bot point: 18
Player win! Money: 638.0
========================
Round #98
Player cards: [♥K, ♣K], Bot cards:[♣5, ♥J]
Player points: [20, 20], Bot points:[15, 15]
Bot get one more card ♦8
Player point: 20, Bot point: 23
Player win! Money: 658.0
========================
Round #99
Player cards: [♠2, ♦5], Bot cards:[♠3, ♠K]
Player points: [7, 7], Bot points:[13, 13]
Player get one more card ♣8
Bot get one more card ♠9
Player point: 15, Bot point: 22
Player win! Money: 678.0
========================
Round #100
Player cards: [♣5, ♦J], Bot cards:[♣3, ♣J]
Player points: [15, 15], Bot points:[13, 13]
Bot get one more card ♠K
Player point: 15, Bot point: 23
Player win! Money: 698.0
========================
Round #101
Player cards: [♥T, ♣K], Bot cards:[♠4, ♥5]
Player points: [20, 20], Bot points:[9, 9]
Bot get one more card ♦T
Player point: 20, Bot point: 19
Player win! Money: 718.0
========================
Round #102
Player cards: [♦8, ♠8], Bot cards:[♠3, ♣J]
Player points: [16, 16], Bot points:[13, 13]
-------- Split! Two hands: [10, 10], [11, 11]
----- Double Bet! -----
Player get one more card ♣4
For second hand:
----- Double Bet! -----
Player get one more card ♠9
Bot get one more card ♣4
Player point: 14, Bot point: 17
Player lose! Money: 678.0
========================
Player point: 20, Bot point: 17
Player win! Money: 718.0
========================
Round #103
Player cards: [♠3, ♠T], Bot cards:[♠5, ♦Q]
Player points: [13, 13], Bot points:[15, 15]
Bot get one more card ♠2
Player point: 13, Bot point: 17
Player lose! Money: 698.0
========================
Round #104
Player cards: [♦4, ♦A], Bot cards:[♦4, ♦K]
Player points: [5, 15], Bot points:[14, 14]
Bot get one more card ♦3
Player point: 15, Bot point: 17
Player lose! Money: 678.0
========================
Round #105
Player cards: [♠2, ♣5], Bot cards:[♠5, ♠A]
Player points: [7, 7], Bot points:[6, 16]
Player get one more card ♦Q
Bot get one more card ♠Q
Bot get one more card ♣3
Player point: 17, Bot point: 19
Player lose! Money: 658.0
========================
Round #106
New deck
Player cards: [♠6, ♣8], Bot cards:[♣2, ♥3]
Player points: [14, 14], Bot points:[5, 5]
Bot get one more card ♥T
Bot get one more card ♥Q
Player point: 14, Bot point: 25
Player win! Money: 678.0
========================
Round #107
Player cards: [♦6, ♥A], Bot cards:[♦T, ♠K]
Player points: [7, 17], Bot points:[20, 20]
Player point: 17, Bot point: 20
Player lose! Money: 658.0
========================
Round #108
Player cards: [♠6, ♦8], Bot cards:[♦K, ♠A]
Player points: [14, 14], Bot points:[11, 21]
Player get one more card ♦K
Bot get one more card ♦7
Player point: 24, Bot point: 18
Player lose! Money: 638.0
========================
Round #109
Player cards: [♠7, ♥J], Bot cards:[♣6, ♠9]
Player points: [17, 17], Bot points:[15, 15]
Bot get one more card ♦5
Player point: 17, Bot point: 20
Player lose! Money: 618.0
========================
Round #110
Player cards: [♠3, ♥5], Bot cards:[♦3, ♥6]
Player points: [8, 8], Bot points:[9, 9]
Player get one more card ♦Q
Bot get one more card ♠J
Player point: 18, Bot point: 19
Player lose! Money: 598.0
========================
Round #111
Player cards: [♠3, ♦8], Bot cards:[♠5, ♦9]
Player points: [11, 11], Bot points:[14, 14]
----- Double Bet! -----
Player get one more card ♣Q
Bot get one more card ♠T
Player point: 21, Bot point: 24
Player win! Money: 638.0
========================
Round #112
Player cards: [♦2, ♠T], Bot cards:[♦2, ♦J]
Player points: [12, 12], Bot points:[12, 12]
Player get one more card ♠Q
Bot get one more card ♣A
Bot get one more card ♠5
Player point: 22, Bot point: 18
Player lose! Money: 618.0
========================
Round #113
Player cards: [♣4, ♦A], Bot cards:[♠Q, ♦Q]
Player points: [5, 15], Bot points:[20, 20]
Player get one more card ♦6
Player point: 21, Bot point: 20
Player win! Money: 638.0
========================
Round #114
Player cards: [♥9, ♥A], Bot cards:[♠2, ♥K]
Player points: [10, 20], Bot points:[12, 12]
Bot get one more card ♣8
Player point: 20, Bot point: 20
Draw! Money:638.0
========================
Round #115
Player cards: [♠5, ♦A], Bot cards:[♦3, ♥5]
Player points: [6, 16], Bot points:[8, 8]
Bot get one more card ♥3
Bot get one more card ♦2
Bot get one more card ♣7
Player point: 16, Bot point: 20
Player lose! Money: 618.0
========================
Round #116
Player cards: [♦5, ♦9], Bot cards:[♠2, ♦T]
Player points: [14, 14], Bot points:[12, 12]
Bot get one more card ♥3
Bot get one more card ♥K
Player point: 14, Bot point: 25
Player win! Money: 638.0
========================
Round #117
Player cards: [♣9, ♣K], Bot cards:[♥6, ♠8]
Player points: [19, 19], Bot points:[14, 14]
Bot get one more card ♦7
Player point: 19, Bot point: 21
Player lose! Money: 618.0
========================
Round #118
Player cards: [♠2, ♥8], Bot cards:[♥J, ♠K]
Player points: [10, 10], Bot points:[20, 20]
Player get one more card ♣T
Player point: 20, Bot point: 20
Draw! Money:618.0
========================
Round #119
Player cards: [♥K, ♠A], Bot cards:[♥5, ♠8]
Player points: [11, 21], Bot points:[13, 13]
Bot get one more card ♠3
Bot get one more card ♥7
Player point: 21, Bot point: 23
------ BlackJack!! ------
Player win! Money: 644.0
========================
Round #120
Player cards: [♦8, ♥T], Bot cards:[♥3, ♦4]
Player points: [18, 18], Bot points:[7, 7]
Bot get one more card ♣K
Player point: 18, Bot point: 17
Player win! Money: 664.0
========================
Round #121
Player cards: [♠3, ♥T], Bot cards:[♥4, ♠9]
Player points: [13, 13], Bot points:[13, 13]
Bot get one more card ♠7
Player point: 13, Bot point: 20
Player lose! Money: 644.0
========================
Round #122
Player cards: [♥2, ♥8], Bot cards:[♣8, ♠T]
Player points: [10, 10], Bot points:[18, 18]
----- Double Bet! -----
Player get one more card ♣K
Player point: 20, Bot point: 18
Player win! Money: 684.0
========================
Round #123
Player cards: [♣6, ♣Q], Bot cards:[♦4, ♣A]
Player points: [16, 16], Bot points:[5, 15]
Bot get one more card ♦9
Bot get one more card ♥4
Player point: 16, Bot point: 18
Player lose! Money: 664.0
========================
Round #124
Player cards: [♦4, ♦4], Bot cards:[♣J, ♠J]
Player points: [8, 8], Bot points:[20, 20]
Player get one more card ♦6
Player get one more card ♣J
Player point: 24, Bot point: 20
Player lose! Money: 644.0
========================
Round #125
Player cards: [♣3, ♦9], Bot cards:[♠5, ♥9]
Player points: [12, 12], Bot points:[14, 14]
Bot get one more card ♥4
Player point: 12, Bot point: 18
Player lose! Money: 624.0
========================
Round #126
Player cards: [♥7, ♦J], Bot cards:[♣5, ♦J]
Player points: [17, 17], Bot points:[15, 15]
Bot get one more card ♣K
Player point: 17, Bot point: 25
Player win! Money: 644.0
========================
Round #127
Player cards: [♣5, ♦K], Bot cards:[♣5, ♠J]
Player points: [15, 15], Bot points:[15, 15]
Bot get one more card ♣2
Player point: 15, Bot point: 17
Player lose! Money: 624.0
========================
Round #128
Player cards: [♥7, ♣7], Bot cards:[♥6, ♦A]
Player points: [14, 14], Bot points:[7, 17]
-------- Split! Two hands: [17, 17], [17, 17]
For second hand:
Bot get one more card ♥T
Player point: 17, Bot point: 17
Draw! Money:624.0
========================
Player point: 17, Bot point: 17
Draw! Money:624.0
========================
Round #129
Player cards: [♠K, ♠K], Bot cards:[♠4, ♥6]
Player points: [20, 20], Bot points:[10, 10]
Bot get one more card ♣J
Player point: 20, Bot point: 20
Draw! Money:624.0
========================
Round #130
Player cards: [♥J, ♦J], Bot cards:[♦T, ♣Q]
Player points: [20, 20], Bot points:[20, 20]
Player point: 20, Bot point: 20
Draw! Money:624.0
========================
Round #131
Player cards: [♥3, ♣6], Bot cards:[♣3, ♠A]
Player points: [9, 9], Bot points:[4, 14]
----- Double Bet! -----
Player get one more card ♥4
Bot get one more card ♥K
Bot get one more card ♠7
Player point: 13, Bot point: 21
Player lose! Money: 584.0
========================
Round #132
Player cards: [♥5, ♦K], Bot cards:[♦T, ♦Q]
Player points: [15, 15], Bot points:[20, 20]
Player get one more card ♣A
Player get one more card ♠2
Player point: 18, Bot point: 20
Player lose! Money: 564.0
========================
Round #133
Player cards: [♥8, ♣A], Bot cards:[♦5, ♠9]
Player points: [9, 19], Bot points:[14, 14]
Bot get one more card ♣T
Player point: 19, Bot point: 24
Player win! Money: 584.0
========================
Round #134
Player cards: [♣4, ♣J], Bot cards:[♣2, ♦Q]
Player points: [14, 14], Bot points:[12, 12]
Bot get one more card ♣8
Player point: 14, Bot point: 20
Player lose! Money: 564.0
========================
Round #135
Player cards: [♠4, ♦8], Bot cards:[♠4, ♠Q]
Player points: [12, 12], Bot points:[14, 14]
Bot get one more card ♠6
Player point: 12, Bot point: 20
Player lose! Money: 544.0
========================
Round #136
Player cards: [♥8, ♣Q], Bot cards:[♥2, ♥9]
Player points: [18, 18], Bot points:[11, 11]
Bot get one more card ♣9
Player point: 18, Bot point: 20
Player lose! Money: 524.0
========================
Round #137
Player cards: [♣4, ♥9], Bot cards:[♦3, ♥4]
Player points: [13, 13], Bot points:[7, 7]
Bot get one more card ♣5
Bot get one more card ♠T
Player point: 13, Bot point: 22
Player win! Money: 544.0
========================
Round #138
Player cards: [♥J, ♥Q], Bot cards:[♦7, ♠Q]
Player points: [20, 20], Bot points:[17, 17]
Player point: 20, Bot point: 17
Player win! Money: 564.0
========================
Round #139
Player cards: [♥7, ♠8], Bot cards:[♣2, ♠6]
Player points: [15, 15], Bot points:[8, 8]
Bot get one more card ♣9
Player point: 15, Bot point: 17
Player lose! Money: 544.0
========================
Round #140
Player cards: [♣T, ♥A], Bot cards:[♣6, ♠J]
Player points: [11, 21], Bot points:[16, 16]
Bot get one more card ♦Q
Player point: 21, Bot point: 26
------ BlackJack!! ------
Player win! Money: 570.0
========================
Round #141
Player cards: [♦2, ♠4], Bot cards:[♣4, ♣9]
Player points: [6, 6], Bot points:[13, 13]
Player get one more card ♣3
Player get one more card ♥2
Bot get one more card ♥Q
Player point: 11, Bot point: 23
Player win! Money: 590.0
========================
Round #142
Player cards: [♦6, ♦7], Bot cards:[♣7, ♠8]
Player points: [13, 13], Bot points:[15, 15]
Player get one more card ♦9
Bot get one more card ♥A
Bot get one more card ♥3
Player point: 22, Bot point: 19
Player lose! Money: 570.0
========================
Round #143
Player cards: [♣3, ♦5], Bot cards:[♠9, ♣T]
Player points: [8, 8], Bot points:[19, 19]
Player get one more card ♥2
Player get one more card ♦A
Player point: 21, Bot point: 19
Player win! Money: 590.0
========================
Round #144
New deck
Player cards: [♦4, ♥4], Bot cards:[♦8, ♥K]
Player points: [8, 8], Bot points:[18, 18]
Player get one more card ♣A
Player point: 19, Bot point: 18
Player win! Money: 610.0
========================
Round #145
Player cards: [♠5, ♥8], Bot cards:[♥4, ♥5]
Player points: [13, 13], Bot points:[9, 9]
Bot get one more card ♦8
Player point: 13, Bot point: 17
Player lose! Money: 590.0
========================
Round #146
Player cards: [♦2, ♦K], Bot cards:[♣2, ♣7]
Player points: [12, 12], Bot points:[9, 9]
Player get one more card ♦K
Bot get one more card ♣A
Bot get one more card ♠A
Bot get one more card ♥K
Player point: 22, Bot point: 21
Player lose! Money: 570.0
========================
Round #147
Player cards: [♦4, ♥9], Bot cards:[♠2, ♣4]
Player points: [13, 13], Bot points:[6, 6]
Bot get one more card ♦5
Bot get one more card ♠7
Player point: 13, Bot point: 18
Player lose! Money: 550.0
========================
Round #148
Player cards: [♥9, ♦Q], Bot cards:[♦6, ♠8]
Player points: [19, 19], Bot points:[14, 14]
Bot get one more card ♠6
Player point: 19, Bot point: 20
Player lose! Money: 530.0
========================
Round #149
Player cards: [♠2, ♠3], Bot cards:[♥7, ♦9]
Player points: [5, 5], Bot points:[16, 16]
Player get one more card ♥Q
Player get one more card ♦2
Bot get one more card ♣3
Player point: 17, Bot point: 19
Player lose! Money: 510.0
========================
Round #150
Player cards: [♦9, ♥J], Bot cards:[♦3, ♥6]
Player points: [19, 19], Bot points:[9, 9]
Bot get one more card ♦Q
Player point: 19, Bot point: 19
Draw! Money:510.0
========================
Round #151
Player cards: [♥5, ♥7], Bot cards:[♣6, ♦T]
Player points: [12, 12], Bot points:[16, 16]
Bot get one more card ♠Q
Player point: 12, Bot point: 26
Player win! Money: 530.0
========================
Round #152
Player cards: [♣9, ♠9], Bot cards:[♠7, ♠A]
Player points: [18, 18], Bot points:[8, 18]
Bot get one more card ♥K
Player point: 18, Bot point: 18
Draw! Money:530.0
========================
Round #153
Player cards: [♥6, ♠A], Bot cards:[♠9, ♦A]
Player points: [7, 17], Bot points:[10, 20]
Bot get one more card ♠4
Bot get one more card ♠6
Player point: 17, Bot point: 20
Player lose! Money: 510.0
========================
Round #154
Player cards: [♠3, ♥K], Bot cards:[♦4, ♥9]
Player points: [13, 13], Bot points:[13, 13]
Bot get one more card ♦2
Bot get one more card ♠T
Player point: 13, Bot point: 25
Player win! Money: 530.0
========================
Round #155
Player cards: [♦3, ♦3], Bot cards:[♣5, ♥7]
Player points: [6, 6], Bot points:[12, 12]
-------- Split! Two hands: [7, 7], [13, 13]
Player get one more card ♦A
For second hand:
Bot get one more card ♦5
Player point: 18, Bot point: 17
Player win! Money: 550.0
========================
Player point: 13, Bot point: 17
Player lose! Money: 530.0
========================
Round #156
Player cards: [♥2, ♣J], Bot cards:[♦3, ♣8]
Player points: [12, 12], Bot points:[11, 11]
Player get one more card ♣2
Bot get one more card ♣K
Player point: 14, Bot point: 21
Player lose! Money: 510.0
========================
Round #157
Player cards: [♦4, ♠8], Bot cards:[♥3, ♦8]
Player points: [12, 12], Bot points:[11, 11]
Player get one more card ♠T
Bot get one more card ♣3
Bot get one more card ♠9
Player point: 22, Bot point: 23
Player lose! Money: 490.0
========================
Round #158
Player cards: [♥5, ♣9], Bot cards:[♣7, ♠K]
Player points: [14, 14], Bot points:[17, 17]
Player get one more card ♥T
Player point: 24, Bot point: 17
Player lose! Money: 470.0
========================
Round #159
Player cards: [♠4, ♦T], Bot cards:[♦6, ♠T]
Player points: [14, 14], Bot points:[16, 16]
Bot get one more card ♣2
Player point: 14, Bot point: 18
Player lose! Money: 450.0
========================
Round #160
Player cards: [♠2, ♠6], Bot cards:[♠2, ♥A]
Player points: [8, 8], Bot points:[3, 13]
Player get one more card ♣J
Bot get one more card ♦J
Bot get one more card ♥2
Bot get one more card ♥3
Player point: 18, Bot point: 18
Draw! Money:450.0
========================
Round #161
Player cards: [♥J, ♥A], Bot cards:[♦7, ♣7]
Player points: [11, 21], Bot points:[14, 14]
Bot get one more card ♠J
Player point: 21, Bot point: 24
------ BlackJack!! ------
Player win! Money: 476.0
========================
Round #162
Player cards: [♥4, ♠7], Bot cards:[♣5, ♠A]
Player points: [11, 11], Bot points:[6, 16]
----- Double Bet! -----
Player get one more card ♠7
Bot get one more card ♣8
Bot get one more card ♠3
Player point: 18, Bot point: 17
Player win! Money: 516.0
========================
Round #163
Player cards: [♦9, ♦Q], Bot cards:[♥7, ♦T]
Player points: [19, 19], Bot points:[17, 17]
Player point: 19, Bot point: 17
Player win! Money: 536.0
========================
Round #164
Player cards: [♣6, ♣K], Bot cards:[♣3, ♣Q]
Player points: [16, 16], Bot points:[13, 13]
Bot get one more card ♣J
Player point: 16, Bot point: 23
Player win! Money: 556.0
========================
Round #165
Player cards: [♠3, ♣Q], Bot cards:[♣3, ♣4]
Player points: [13, 13], Bot points:[7, 7]
Bot get one more card ♦5
Bot get one more card ♠5
Player point: 13, Bot point: 17
Player lose! Money: 536.0
========================
Round #166
Player cards: [♥3, ♠K], Bot cards:[♦3, ♥T]
Player points: [13, 13], Bot points:[13, 13]
Bot get one more card ♦8
Player point: 13, Bot point: 21
Player lose! Money: 516.0
========================
Round #167
Player cards: [♠8, ♠J], Bot cards:[♣8, ♦K]
Player points: [18, 18], Bot points:[18, 18]
Player point: 18, Bot point: 18
Draw! Money:516.0
========================
Round #168
Player cards: [♦J, ♦Q], Bot cards:[♥2, ♠Q]
Player points: [20, 20], Bot points:[12, 12]
Bot get one more card ♠Q
Player point: 20, Bot point: 22
Player win! Money: 536.0
========================
Round #169
Player cards: [♣7, ♥8], Bot cards:[♥J, ♠J]
Player points: [15, 15], Bot points:[20, 20]
Player get one more card ♦A
Player get one more card ♦6
Player point: 22, Bot point: 20
Player lose! Money: 516.0
========================
Round #170
Player cards: [♥9, ♦A], Bot cards:[♠4, ♣6]
Player points: [10, 20], Bot points:[10, 10]
Bot get one more card ♦7
Player point: 20, Bot point: 17
Player win! Money: 536.0
========================
Round #171
Player cards: [♥3, ♣Q], Bot cards:[♣T, ♠A]
Player points: [13, 13], Bot points:[11, 21]
Player get one more card ♣8
Bot get one more card ♦T
Player point: 21, Bot point: 21
Player lose! Money: 516.0
========================
Round #172
Player cards: [♠4, ♥8], Bot cards:[♦6, ♣9]
Player points: [12, 12], Bot points:[15, 15]
Bot get one more card ♣T
Player point: 12, Bot point: 25
Player win! Money: 536.0
========================
Round #173
Player cards: [♦2, ♥Q], Bot cards:[♦K, ♥A]
Player points: [12, 12], Bot points:[11, 21]
Player get one more card ♥Q
Bot get one more card ♣Q
Player point: 22, Bot point: 21
Player lose! Money: 516.0
========================
Round #174
Player cards: [♣T, ♣K], Bot cards:[♦9, ♣K]
Player points: [20, 20], Bot points:[19, 19]
Player point: 20, Bot point: 19
Player win! Money: 536.0
========================
Round #175
Player cards: [♥8, ♠K], Bot cards:[♥4, ♦J]
Player points: [18, 18], Bot points:[14, 14]
Bot get one more card ♣5
Player point: 18, Bot point: 19
Player lose! Money: 516.0
========================
Round #176
Player cards: [♠5, ♣9], Bot cards:[♦5, ♠Q]
Player points: [14, 14], Bot points:[15, 15]
Bot get one more card ♥6
Player point: 14, Bot point: 21
Player lose! Money: 496.0
========================
Round #177
Player cards: [♠5, ♣A], Bot cards:[♦7, ♥T]
Player points: [6, 16], Bot points:[17, 17]
Player get one more card ♣A
Player point: 17, Bot point: 17
Draw! Money:496.0
========================
Round #178
Player cards: [♠6, ♠T], Bot cards:[♣5, ♠K]
Player points: [16, 16], Bot points:[15, 15]
Bot get one more card ♠J
Player point: 16, Bot point: 25
Player win! Money: 516.0
========================
Round #179
Player cards: [♣4, ♥5], Bot cards:[♠7, ♣7]
Player points: [9, 9], Bot points:[14, 14]
Player get one more card ♦7
Player get one more card ♠8
Bot get one more card ♣2
Bot get one more card ♥2
Player point: 24, Bot point: 18
Player lose! Money: 496.0
========================
Round #180
New deck
Player cards: [♥Q, ♥K], Bot cards:[♣3, ♠8]
Player points: [20, 20], Bot points:[11, 11]
Bot get one more card ♠7
Player point: 20, Bot point: 18
Player win! Money: 516.0
========================
Round #181
Player cards: [♣4, ♦J], Bot cards:[♠8, ♦A]
Player points: [14, 14], Bot points:[9, 19]
Player get one more card ♠T
Bot get one more card ♣8
Player point: 24, Bot point: 17
Player lose! Money: 496.0
========================
Round #182
Player cards: [♥6, ♦Q], Bot cards:[♥3, ♦T]
Player points: [16, 16], Bot points:[13, 13]
Bot get one more card ♦8
Player point: 16, Bot point: 21
Player lose! Money: 476.0
========================
Round #183
Player cards: [♦4, ♥Q], Bot cards:[♦3, ♠T]
Player points: [14, 14], Bot points:[13, 13]
Bot get one more card ♠5
Player point: 14, Bot point: 18
Player lose! Money: 456.0
========================
Round #184
Player cards: [♣5, ♥5], Bot cards:[♣6, ♣J]
Player points: [10, 10], Bot points:[16, 16]
----- Double Bet! -----
Player get one more card ♠7
Bot get one more card ♣2
Player point: 17, Bot point: 18
Player lose! Money: 416.0
========================
Round #185
Player cards: [♥J, ♦J], Bot cards:[♣Q, ♥A]
Player points: [20, 20], Bot points:[11, 21]
Bot get one more card ♥4
Bot get one more card ♣7
Player point: 20, Bot point: 22
Player win! Money: 436.0
========================
Round #186
Player cards: [♦3, ♥5], Bot cards:[♦J, ♦K]
Player points: [8, 8], Bot points:[20, 20]
Player get one more card ♣7
Player get one more card ♣A
Player get one more card ♥2
Player point: 18, Bot point: 20
Player lose! Money: 416.0
========================
Round #187
Player cards: [♠7, ♣9], Bot cards:[♥4, ♥9]
Player points: [16, 16], Bot points:[13, 13]
Bot get one more card ♥9
Player point: 16, Bot point: 22
Player win! Money: 436.0
========================
Round #188
Player cards: [♣6, ♦A], Bot cards:[♣8, ♣J]
Player points: [7, 17], Bot points:[18, 18]
Player point: 17, Bot point: 18
Player lose! Money: 416.0
========================
Round #189
Player cards: [♥3, ♥3], Bot cards:[♦T, ♦K]
Player points: [6, 6], Bot points:[20, 20]
Player get one more card ♠K
Player get one more card ♥A
Player point: 17, Bot point: 20
Player lose! Money: 396.0
========================
Round #190
Player cards: [♣7, ♠K], Bot cards:[♣J, ♦Q]
Player points: [17, 17], Bot points:[20, 20]
Player point: 17, Bot point: 20
Player lose! Money: 376.0
========================
Round #191
Player cards: [♣T, ♦A], Bot cards:[♣2, ♦A]
Player points: [11, 21], Bot points:[3, 13]
Bot get one more card ♣4
Bot get one more card ♦7
Bot get one more card ♠6
Player point: 21, Bot point: 20
------ BlackJack!! ------
Player win! Money: 402.0
========================
Round #192
Player cards: [♠4, ♥7], Bot cards:[♥Q, ♣A]
Player points: [11, 11], Bot points:[11, 21]
----- Double Bet! -----
Player get one more card ♠9
Bot get one more card ♠5
Bot get one more card ♥8
Player point: 20, Bot point: 24
Player win! Money: 442.0
========================
Round #193
Player cards: [♣3, ♣9], Bot cards:[♥9, ♥J]
Player points: [12, 12], Bot points:[19, 19]
Player get one more card ♠4
Player get one more card ♠3
Player point: 19, Bot point: 19
Draw! Money:442.0
========================
Round #194
Player cards: [♥8, ♦Q], Bot cards:[♠Q, ♥K]
Player points: [18, 18], Bot points:[20, 20]
Player point: 18, Bot point: 20
Player lose! Money: 422.0
========================
Round #195
Player cards: [♦5, ♣K], Bot cards:[♣3, ♠Q]
Player points: [15, 15], Bot points:[13, 13]
Bot get one more card ♠A
Bot get one more card ♣A
Bot get one more card ♠3
Player point: 15, Bot point: 18
Player lose! Money: 402.0
========================
Round #196
Player cards: [♥6, ♠6], Bot cards:[♦2, ♠7]
Player points: [12, 12], Bot points:[9, 9]
-------- Split! Two hands: [13, 13], [16, 16]
For second hand:
Bot get one more card ♥6
Bot get one more card ♣Q
Player point: 13, Bot point: 25
Player win! Money: 422.0
========================
Player point: 16, Bot point: 25
Player win! Money: 442.0
========================
Round #197
Player cards: [♠2, ♣K], Bot cards:[♦9, ♥9]
Player points: [12, 12], Bot points:[18, 18]
Player get one more card ♠5
Player point: 17, Bot point: 18
Player lose! Money: 422.0
========================
Round #198
Player cards: [♦6, ♠A], Bot cards:[♠4, ♥7]
Player points: [7, 17], Bot points:[11, 11]
Bot get one more card ♦7
Player point: 17, Bot point: 18
Player lose! Money: 402.0
========================
Round #199
Player cards: [♦2, ♥J], Bot cards:[♥4, ♠6]
Player points: [12, 12], Bot points:[10, 10]
Bot get one more card ♠9
Player point: 12, Bot point: 19
Player lose! Money: 382.0
========================
Round #200
Player cards: [♠Q, ♠A], Bot cards:[♣2, ♥8]
Player points: [11, 21], Bot points:[10, 10]
Bot get one more card ♠T
Player point: 21, Bot point: 20
------ BlackJack!! ------
Player win! Money: 408.0
========================
Round #201
Player cards: [♣5, ♦8], Bot cards:[♥2, ♠3]
Player points: [13, 13], Bot points:[5, 5]
Bot get one more card ♥J
Bot get one more card ♥A
Bot get one more card ♣J
Player point: 13, Bot point: 26
Player win! Money: 428.0
========================
Round #202
Player cards: [♣2, ♣T], Bot cards:[♠2, ♥A]
Player points: [12, 12], Bot points:[3, 13]
Player get one more card ♦T
Bot get one more card ♠Q
Bot get one more card ♥5
Player point: 22, Bot point: 18
Player lose! Money: 408.0
========================
Round #203
Player cards: [♦4, ♣6], Bot cards:[♦3, ♦8]
Player points: [10, 10], Bot points:[11, 11]
----- Double Bet! -----
Player get one more card ♣9
Bot get one more card ♠8
Player point: 19, Bot point: 19
Draw! Money:408.0
========================
Round #204
Player cards: [♥2, ♠T], Bot cards:[♥8, ♦J]
Player points: [12, 12], Bot points:[18, 18]
Player get one more card ♥7
Player point: 19, Bot point: 18
Player win! Money: 428.0
========================
Round #205
Player cards: [♦6, ♦9], Bot cards:[♦5, ♠5]
Player points: [15, 15], Bot points:[10, 10]
Bot get one more card ♥5
Bot get one more card ♦8
Player point: 15, Bot point: 23
Player win! Money: 448.0
========================
Round #206
Player cards: [♦7, ♣8], Bot cards:[♣Q, ♣Q]
Player points: [15, 15], Bot points:[20, 20]
Player get one more card ♥T
Player point: 25, Bot point: 20
Player lose! Money: 428.0
========================
Round #207
Player cards: [♦2, ♦4], Bot cards:[♠2, ♥Q]
Player points: [6, 6], Bot points:[12, 12]
Player get one more card ♣K
Bot get one more card ♥K
Player point: 16, Bot point: 22
Player win! Money: 448.0
========================
Round #208
Player cards: [♣6, ♠9], Bot cards:[♦3, ♥3]
Player points: [15, 15], Bot points:[6, 6]
Bot get one more card ♥Q
Bot get one more card ♥T
Player point: 15, Bot point: 26
Player win! Money: 468.0
========================
Round #209
Player cards: [♦6, ♠8], Bot cards:[♠4, ♣T]
Player points: [14, 14], Bot points:[14, 14]
Bot get one more card ♠A
Bot get one more card ♦K
Player point: 14, Bot point: 25
Player win! Money: 488.0
========================
Round #210
Player cards: [♥4, ♣T], Bot cards:[♦9, ♥K]
Player points: [14, 14], Bot points:[19, 19]
Player get one more card ♠K
Player point: 24, Bot point: 19
Player lose! Money: 468.0
========================
Round #211
Player cards: [♣9, ♣A], Bot cards:[♦9, ♠J]
Player points: [10, 20], Bot points:[19, 19]
Player point: 20, Bot point: 19
Player win! Money: 488.0
========================
Round #212
Player cards: [♦5, ♣5], Bot cards:[♣3, ♥A]
Player points: [10, 10], Bot points:[4, 14]
----- Double Bet! -----
Player get one more card ♠K
Bot get one more card ♦6
Bot get one more card ♠9
Player point: 20, Bot point: 19
Player win! Money: 528.0
========================
Round #213
Player cards: [♥2, ♣J], Bot cards:[♣4, ♣K]
Player points: [12, 12], Bot points:[14, 14]
Bot get one more card ♥T
Player point: 12, Bot point: 24
Player win! Money: 548.0
========================
Round #214
Player cards: [♦5, ♣6], Bot cards:[♦7, ♦K]
Player points: [11, 11], Bot points:[17, 17]
----- Double Bet! -----
Player get one more card ♠2
Player point: 13, Bot point: 17
Player lose! Money: 508.0
========================
Round #215
Player cards: [♦2, ♥6], Bot cards:[♣5, ♠J]
Player points: [8, 8], Bot points:[15, 15]
Player get one more card ♥7
Bot get one more card ♠3
Player point: 15, Bot point: 18
Player lose! Money: 488.0
========================
Round #216
Player cards: [♣T, ♦Q], Bot cards:[♣8, ♠9]
Player points: [20, 20], Bot points:[17, 17]
Player point: 20, Bot point: 17
Player win! Money: 508.0
========================
Round #217
New deck
Player cards: [♠2, ♦5], Bot cards:[♦7, ♠8]
Player points: [7, 7], Bot points:[15, 15]
Player get one more card ♣K
Bot get one more card ♠8
Player point: 17, Bot point: 23
Player win! Money: 528.0
========================
Round #218
Player cards: [♦4, ♠J], Bot cards:[♥9, ♠A]
Player points: [14, 14], Bot points:[10, 20]
Player get one more card ♠4
Bot get one more card ♦4
Bot get one more card ♠T
Player point: 18, Bot point: 24
Player win! Money: 548.0
========================
Round #219
Player cards: [♣2, ♣J], Bot cards:[♦9, ♠Q]
Player points: [12, 12], Bot points:[19, 19]
Player get one more card ♦2
Player get one more card ♥T
Player point: 24, Bot point: 19
Player lose! Money: 528.0
========================
Round #220
Player cards: [♠3, ♠9], Bot cards:[♥Q, ♥K]
Player points: [12, 12], Bot points:[20, 20]
Player get one more card ♦3
Player get one more card ♠T
Player point: 25, Bot point: 20
Player lose! Money: 508.0
========================
Round #221
Player cards: [♠4, ♠9], Bot cards:[♦3, ♠3]
Player points: [13, 13], Bot points:[6, 6]
Bot get one more card ♦T
Bot get one more card ♣3
Player point: 13, Bot point: 19
Player lose! Money: 488.0
========================
Round #222
Player cards: [♣Q, ♠A], Bot cards:[♦3, ♠9]
Player points: [11, 21], Bot points:[12, 12]
Bot get one more card ♥6
Player point: 21, Bot point: 18
------ BlackJack!! ------
Player win! Money: 514.0
========================
Round #223
Player cards: [♠2, ♠5], Bot cards:[♣9, ♠K]
Player points: [7, 7], Bot points:[19, 19]
Player get one more card ♣2
Player get one more card ♥J
Player point: 19, Bot point: 19
Draw! Money:514.0
========================
Round #224
Player cards: [♣4, ♦K], Bot cards:[♥T, ♥A]
Player points: [14, 14], Bot points:[11, 21]
Player get one more card ♦A
Player get one more card ♠4
Bot get one more card ♥9
Player point: 19, Bot point: 20
Player lose! Money: 494.0
========================
Round #225
Player cards: [♦9, ♥Q], Bot cards:[♥9, ♦9]
Player points: [19, 19], Bot points:[18, 18]
Player point: 19, Bot point: 18
Player win! Money: 514.0
========================
Round #226
Player cards: [♠2, ♦Q], Bot cards:[♦4, ♥5]
Player points: [12, 12], Bot points:[9, 9]
Bot get one more card ♠8
Player point: 12, Bot point: 17
Player lose! Money: 494.0
========================
Round #227
Player cards: [♦2, ♣A], Bot cards:[♣5, ♥A]
Player points: [3, 13], Bot points:[6, 16]
Bot get one more card ♦Q
Bot get one more card ♣5
Player point: 13, Bot point: 21
Player lose! Money: 474.0
========================
Round #228
Player cards: [♣3, ♠J], Bot cards:[♦Q, ♦A]
Player points: [13, 13], Bot points:[11, 21]
Player get one more card ♣J
Bot get one more card ♣Q
Player point: 23, Bot point: 21
Player lose! Money: 454.0
========================
Round #229
Player cards: [♠3, ♥T], Bot cards:[♥5, ♦J]
Player points: [13, 13], Bot points:[15, 15]
Bot get one more card ♣5
Player point: 13, Bot point: 20
Player lose! Money: 434.0
========================
Round #230
Player cards: [♥7, ♣8], Bot cards:[♥6, ♣K]
Player points: [15, 15], Bot points:[16, 16]
Bot get one more card ♠T
Player point: 15, Bot point: 26
Player win! Money: 454.0
========================
Round #231
Player cards: [♦4, ♥A], Bot cards:[♦J, ♦A]
Player points: [5, 15], Bot points:[11, 21]
Player get one more card ♠6
Bot get one more card ♦2
Bot get one more card ♣6
Player point: 21, Bot point: 19
Player win! Money: 474.0
========================
Round #232
Player cards: [♦6, ♣T], Bot cards:[♦8, ♦A]
Player points: [16, 16], Bot points:[9, 19]
Player get one more card ♠8
Bot get one more card ♥T
Player point: 24, Bot point: 19
Player lose! Money: 454.0
========================
Round #233
Player cards: [♣3, ♣T], Bot cards:[♣2, ♥K]
Player points: [13, 13], Bot points:[12, 12]
Bot get one more card ♠7
Player point: 13, Bot point: 19
Player lose! Money: 434.0
========================
Round #234
Player cards: [♦3, ♥A], Bot cards:[♠2, ♠Q]
Player points: [4, 14], Bot points:[12, 12]
Bot get one more card ♥5
Player point: 14, Bot point: 17
Player lose! Money: 414.0
========================
Round #235
Player cards: [♥3, ♠J], Bot cards:[♠4, ♣4]
Player points: [13, 13], Bot points:[8, 8]
Bot get one more card ♣4
Bot get one more card ♥2
Bot get one more card ♠7
Player point: 13, Bot point: 21
Player lose! Money: 394.0
========================
Round #236
Player cards: [♥6, ♦K], Bot cards:[♠7, ♥9]
Player points: [16, 16], Bot points:[16, 16]
Player get one more card ♥3
Bot get one more card ♥2
Player point: 19, Bot point: 18
Player win! Money: 414.0
========================
Round #237
Player cards: [♣4, ♥Q], Bot cards:[♠7, ♠J]
Player points: [14, 14], Bot points:[17, 17]
Player get one more card ♦K
Player point: 24, Bot point: 17
Player lose! Money: 394.0
========================
Round #238
Player cards: [♣8, ♥J], Bot cards:[♦4, ♠K]
Player points: [18, 18], Bot points:[14, 14]
Bot get one more card ♣2
Bot get one more card ♣6
Player point: 18, Bot point: 22
Player win! Money: 414.0
========================
Round #239
Player cards: [♦J, ♣K], Bot cards:[♣4, ♥7]
Player points: [20, 20], Bot points:[11, 11]
Bot get one more card ♠9
Player point: 20, Bot point: 20
Draw! Money:414.0
========================
Round #240
Player cards: [♥2, ♣A], Bot cards:[♦6, ♠6]
Player points: [3, 13], Bot points:[12, 12]
Bot get one more card ♥K
Player point: 13, Bot point: 22
Player win! Money: 434.0
========================
Round #241
Player cards: [♥8, ♣Q], Bot cards:[♥T, ♣T]
Player points: [18, 18], Bot points:[20, 20]
Player point: 18, Bot point: 20
Player lose! Money: 414.0
========================
Round #242
Player cards: [♠5, ♣T], Bot cards:[♠6, ♣7]
Player points: [15, 15], Bot points:[13, 13]
Bot get one more card ♠T
Player point: 15, Bot point: 23
Player win! Money: 434.0
========================
Round #243
Player cards: [♦2, ♠5], Bot cards:[♥6, ♠Q]
Player points: [7, 7], Bot points:[16, 16]
Player get one more card ♦8
Bot get one more card ♦T
Player point: 15, Bot point: 26
Player win! Money: 454.0
========================
Round #244
Player cards: [♣6, ♦9], Bot cards:[♠6, ♠J]
Player points: [15, 15], Bot points:[16, 16]
Bot get one more card ♦8
Player point: 15, Bot point: 24
Player win! Money: 474.0
========================
Round #245
Player cards: [♣7, ♣8], Bot cards:[♥7, ♥K]
Player points: [15, 15], Bot points:[17, 17]
Player get one more card ♦8
Player point: 23, Bot point: 17
Player lose! Money: 454.0
========================
Round #246
Player cards: [♥3, ♦5], Bot cards:[♠5, ♣6]
Player points: [8, 8], Bot points:[11, 11]
Player get one more card ♦6
Bot get one more card ♥8
Player point: 14, Bot point: 19
Player lose! Money: 434.0
========================
Round #247
Player cards: [♣5, ♦T], Bot cards:[♣9, ♣K]
Player points: [15, 15], Bot points:[19, 19]
Player get one more card ♥J
Player point: 25, Bot point: 19
Player lose! Money: 414.0
========================
Round #248
Player cards: [♥3, ♦5], Bot cards:[♦6, ♦Q]
Player points: [8, 8], Bot points:[16, 16]
Player get one more card ♥J
Bot get one more card ♠6
Player point: 18, Bot point: 22
Player win! Money: 434.0
========================
Round #249
Player cards: [♥4, ♦T], Bot cards:[♣3, ♣9]
Player points: [14, 14], Bot points:[12, 12]
Bot get one more card ♣J
Player point: 14, Bot point: 22
Player win! Money: 454.0
========================
Round #250
Player cards: [♦7, ♣7], Bot cards:[♦7, ♣A]
Player points: [14, 14], Bot points:[8, 18]
-------- Split! Two hands: [17, 17], [17, 17]
For second hand:
Bot get one more card ♠A
Bot get one more card ♦5
Bot get one more card ♥8
Player point: 17, Bot point: 22
Player win! Money: 474.0
========================
Player point: 17, Bot point: 22
Player win! Money: 494.0
========================
Round #251
Player cards: [♣J, ♠K], Bot cards:[♥4, ♣Q]
Player points: [20, 20], Bot points:[14, 14]
Bot get one more card ♥4
Player point: 20, Bot point: 18
Player win! Money: 514.0
========================
Round #252
Player cards: [♥8, ♣9], Bot cards:[♥6, ♦J]
Player points: [17, 17], Bot points:[16, 16]
Bot get one more card ♥7
Player point: 17, Bot point: 23
Player win! Money: 534.0
========================
Round #253
Player cards: [♥T, ♠A], Bot cards:[♣7, ♠Q]
Player points: [11, 21], Bot points:[17, 17]
Player point: 21, Bot point: 17
------ BlackJack!! ------
Player win! Money: 560.0
========================
Round #254
Player cards: [♥Q, ♠K], Bot cards:[♥2, ♦7]
Player points: [20, 20], Bot points:[9, 9]
Bot get one more card ♥4
Bot get one more card ♣A
Bot get one more card ♣8
Player point: 20, Bot point: 22
Player win! Money: 580.0
========================
Round #255
New deck
Player cards: [♣3, ♠8], Bot cards:[♠2, ♦T]
Player points: [11, 11], Bot points:[12, 12]
----- Double Bet! -----
Player get one more card ♣K
Bot get one more card ♣Q
Player point: 21, Bot point: 22
Player win! Money: 620.0
========================
Round #256
Player cards: [♦2, ♦9], Bot cards:[♥9, ♠9]
Player points: [11, 11], Bot points:[18, 18]
----- Double Bet! -----
Player get one more card ♦3
Player point: 14, Bot point: 18
Player lose! Money: 580.0
========================
Round #257
Player cards: [♥8, ♥A], Bot cards:[♠4, ♦4]
Player points: [9, 19], Bot points:[8, 8]
Bot get one more card ♠T
Player point: 19, Bot point: 18
Player win! Money: 600.0
========================
Round #258
Player cards: [♥T, ♦J], Bot cards:[♣5, ♥5]
Player points: [20, 20], Bot points:[10, 10]
Bot get one more card ♦5
Bot get one more card ♥2
Player point: 20, Bot point: 17
Player win! Money: 620.0
========================
Round #259
Player cards: [♦3, ♥8], Bot cards:[♥3, ♥Q]
Player points: [11, 11], Bot points:[13, 13]
----- Double Bet! -----
Player get one more card ♠J
Bot get one more card ♣A
Bot get one more card ♥7
Player point: 21, Bot point: 21
Player lose! Money: 580.0
========================
Round #260
Player cards: [♠5, ♣A], Bot cards:[♣2, ♦T]
Player points: [6, 16], Bot points:[12, 12]
Bot get one more card ♥3
Bot get one more card ♣7
Player point: 16, Bot point: 22
Player win! Money: 600.0
========================
Round #261
Player cards: [♥5, ♦6], Bot cards:[♦4, ♠A]
Player points: [11, 11], Bot points:[5, 15]
----- Double Bet! -----
Player get one more card ♣7
Bot get one more card ♥J
Bot get one more card ♥4
Player point: 18, Bot point: 19
Player lose! Money: 560.0
========================
Round #262
Player cards: [♠3, ♦4], Bot cards:[♦2, ♦3]
Player points: [7, 7], Bot points:[5, 5]
Player get one more card ♣8
Bot get one more card ♣K
Bot get one more card ♦5
Player point: 15, Bot point: 20
Player lose! Money: 540.0
========================
Round #263
Player cards: [♥7, ♦7], Bot cards:[♣9, ♣T]
Player points: [14, 14], Bot points:[19, 19]
Player get one more card ♦2
Player get one more card ♣5
Player point: 21, Bot point: 19
Player win! Money: 560.0
========================
Round #264
Player cards: [♥6, ♥J], Bot cards:[♣4, ♦K]
Player points: [16, 16], Bot points:[14, 14]
Bot get one more card ♥Q
Player point: 16, Bot point: 24
Player win! Money: 580.0
========================
Round #265
Player cards: [♣2, ♥K], Bot cards:[♦7, ♠7]
Player points: [12, 12], Bot points:[14, 14]
Player get one more card ♥5
Bot get one more card ♣6
Player point: 17, Bot point: 20
Player lose! Money: 560.0
========================
Round #266
Player cards: [♠4, ♠8], Bot cards:[♦2, ♥A]
Player points: [12, 12], Bot points:[3, 13]
Player get one more card ♣K
Bot get one more card ♣8
Bot get one more card ♣4
Bot get one more card ♠K
Player point: 22, Bot point: 25
Player lose! Money: 540.0
========================
Round #267
Player cards: [♣6, ♣9], Bot cards:[♦8, ♠9]
Player points: [15, 15], Bot points:[17, 17]
Player get one more card ♣3
Player point: 18, Bot point: 17
Player win! Money: 560.0
========================
Round #268
Player cards: [♥3, ♣J], Bot cards:[♠T, ♥J]
Player points: [13, 13], Bot points:[20, 20]
Player get one more card ♠2
Player get one more card ♠Q
Player point: 25, Bot point: 20
Player lose! Money: 540.0
========================
Round #269
Player cards: [♥6, ♣8], Bot cards:[♠Q, ♥A]
Player points: [14, 14], Bot points:[11, 21]
Player get one more card ♣T
Bot get one more card ♦6
Player point: 24, Bot point: 17
Player lose! Money: 520.0
========================
Round #270
Player cards: [♦8, ♦K], Bot cards:[♠5, ♦K]
Player points: [18, 18], Bot points:[15, 15]
Bot get one more card ♦T
Player point: 18, Bot point: 25
Player win! Money: 540.0
========================
Round #271
Player cards: [♥8, ♠K], Bot cards:[♠4, ♦J]
Player points: [18, 18], Bot points:[14, 14]
Bot get one more card ♣Q
Player point: 18, Bot point: 24
Player win! Money: 560.0
========================
Round #272
Player cards: [♥7, ♦A], Bot cards:[♠6, ♠A]
Player points: [8, 18], Bot points:[7, 17]
Bot get one more card ♣5
Bot get one more card ♣J
Player point: 18, Bot point: 22
Player win! Money: 580.0
========================
Round #273
Player cards: [♣2, ♣5], Bot cards:[♥6, ♣Q]
Player points: [7, 7], Bot points:[16, 16]
Player get one more card ♦K
Bot get one more card ♠J
Player point: 17, Bot point: 26
Player win! Money: 600.0
========================
Round #274
Player cards: [♥4, ♠K], Bot cards:[♥6, ♥7]
Player points: [14, 14], Bot points:[13, 13]
Bot get one more card ♦Q
Player point: 14, Bot point: 23
Player win! Money: 620.0
========================
Round #275
Player cards: [♣8, ♣Q], Bot cards:[♦Q, ♠K]
Player points: [18, 18], Bot points:[20, 20]
Player point: 18, Bot point: 20
Player lose! Money: 600.0
========================
Round #276
Player cards: [♣4, ♥5], Bot cards:[♦9, ♠T]
Player points: [9, 9], Bot points:[19, 19]
Player get one more card ♣A
Player point: 20, Bot point: 19
Player win! Money: 620.0
========================
Round #277
Player cards: [♥T, ♠J], Bot cards:[♠6, ♣A]
Player points: [20, 20], Bot points:[7, 17]
Bot get one more card ♠Q
Player point: 20, Bot point: 17
Player win! Money: 640.0
========================
Round #278
Player cards: [♠7, ♣7], Bot cards:[♣3, ♥4]
Player points: [14, 14], Bot points:[7, 7]
-------- Split! Two hands: [17, 17], [16, 16]
For second hand:
Bot get one more card ♥2
Bot get one more card ♥2
Bot get one more card ♥9
Player point: 17, Bot point: 20
Player lose! Money: 620.0
========================
Player point: 16, Bot point: 20
Player lose! Money: 600.0
========================
Round #279
Player cards: [♣2, ♦4], Bot cards:[♥K, ♠A]
Player points: [6, 6], Bot points:[11, 21]
Player get one more card ♦A
Bot get one more card ♣9
Player point: 17, Bot point: 20
Player lose! Money: 580.0
========================
Round #280
Player cards: [♠7, ♥Q], Bot cards:[♣J, ♦Q]
Player points: [17, 17], Bot points:[20, 20]
Player point: 17, Bot point: 20
Player lose! Money: 560.0
========================
Round #281
Player cards: [♥2, ♠4], Bot cards:[♣T, ♥Q]
Player points: [6, 6], Bot points:[20, 20]
Player get one more card ♠8
Player get one more card ♥K
Player point: 24, Bot point: 20
Player lose! Money: 540.0
========================
Round #282
Player cards: [♠5, ♠J], Bot cards:[♠5, ♠9]
Player points: [15, 15], Bot points:[14, 14]
Bot get one more card ♠8
Player point: 15, Bot point: 22
Player win! Money: 560.0
========================
Round #283
Player cards: [♥8, ♠A], Bot cards:[♦9, ♥A]
Player points: [9, 19], Bot points:[10, 20]
Bot get one more card ♠3
Bot get one more card ♠T
Player point: 19, Bot point: 23
Player win! Money: 580.0
========================
Round #284
Player cards: [♦7, ♦K], Bot cards:[♥J, ♦Q]
Player points: [17, 17], Bot points:[20, 20]
Player point: 17, Bot point: 20
Player lose! Money: 560.0
========================
Round #285
Player cards: [♦7, ♦9], Bot cards:[♣J, ♦J]
Player points: [16, 16], Bot points:[20, 20]
Player get one more card ♦8
Player point: 24, Bot point: 20
Player lose! Money: 540.0
========================
Round #286
Player cards: [♠7, ♥9], Bot cards:[♣3, ♣K]
Player points: [16, 16], Bot points:[13, 13]
Bot get one more card ♣4
Player point: 16, Bot point: 17
Player lose! Money: 520.0
========================
Round #287
Player cards: [♣9, ♦J], Bot cards:[♠3, ♦3]
Player points: [19, 19], Bot points:[6, 6]
Bot get one more card ♠2
Bot get one more card ♦T
Player point: 19, Bot point: 18
Player win! Money: 540.0
========================
Round #288
Player cards: [♠6, ♦A], Bot cards:[♥4, ♣6]
Player points: [7, 17], Bot points:[10, 10]
Bot get one more card ♣6
Bot get one more card ♥5
Player point: 17, Bot point: 21
Player lose! Money: 520.0
========================
Round #289
Player cards: [♠3, ♠6], Bot cards:[♠9, ♥T]
Player points: [9, 9], Bot points:[19, 19]
Player get one more card ♦5
Player get one more card ♦5
Player point: 19, Bot point: 19
Draw! Money:520.0
========================
Round #290
Player cards: [♦6, ♦6], Bot cards:[♠2, ♥K]
Player points: [12, 12], Bot points:[12, 12]
-------- Split! Two hands: [16, 16], [7, 17]
For second hand:
Bot get one more card ♥T
Player point: 16, Bot point: 22
Player win! Money: 540.0
========================
Player point: 17, Bot point: 22
Player win! Money: 560.0
========================
Round #291
New deck
Player cards: [♦6, ♠8], Bot cards:[♠4, ♦7]
Player points: [14, 14], Bot points:[11, 11]
Bot get one more card ♣A
Bot get one more card ♦T
Player point: 14, Bot point: 22
Player win! Money: 580.0
========================
Round #292
Player cards: [♠2, ♠7], Bot cards:[♥3, ♦7]
Player points: [9, 9], Bot points:[10, 10]
----- Double Bet! -----
Player get one more card ♥6
Bot get one more card ♣K
Player point: 15, Bot point: 20
Player lose! Money: 540.0
========================
Round #293
Player cards: [♥8, ♣9], Bot cards:[♣5, ♥A]
Player points: [17, 17], Bot points:[6, 16]
Bot get one more card ♣3
Bot get one more card ♣6
Bot get one more card ♣Q
Player point: 17, Bot point: 25
Player win! Money: 560.0
========================
Round #294
Player cards: [♣4, ♣Q], Bot cards:[♠3, ♣K]
Player points: [14, 14], Bot points:[13, 13]
Bot get one more card ♣2
Bot get one more card ♠9
Player point: 14, Bot point: 24
Player win! Money: 580.0
========================
Round #295
Player cards: [♠6, ♣8], Bot cards:[♠9, ♥Q]
Player points: [14, 14], Bot points:[19, 19]
Player get one more card ♦3
Player point: 17, Bot point: 19
Player lose! Money: 560.0
========================
Round #296
Player cards: [♣T, ♠A], Bot cards:[♥2, ♦8]
Player points: [11, 21], Bot points:[10, 10]
Bot get one more card ♠3
Bot get one more card ♦6
Player point: 21, Bot point: 19
------ BlackJack!! ------
Player win! Money: 586.0
========================
Round #297
Player cards: [♣4, ♣Q], Bot cards:[♣6, ♦Q]
Player points: [14, 14], Bot points:[16, 16]
Bot get one more card ♦4
Player point: 14, Bot point: 20
Player lose! Money: 566.0
========================
Round #298
Player cards: [♥3, ♦9], Bot cards:[♦9, ♦J]
Player points: [12, 12], Bot points:[19, 19]
Player get one more card ♠9
Player point: 21, Bot point: 19
Player win! Money: 586.0
========================
Round #299
Player cards: [♥5, ♣7], Bot cards:[♠6, ♦T]
Player points: [12, 12], Bot points:[16, 16]
Bot get one more card ♦K
Player point: 12, Bot point: 26
Player win! Money: 606.0
========================
Round #300
Player cards: [♥T, ♣K], Bot cards:[♥6, ♣J]
Player points: [20, 20], Bot points:[16, 16]
Bot get one more card ♠4
Player point: 20, Bot point: 20
Draw! Money:606.0
========================
Round #301
Player cards: [♦2, ♦A], Bot cards:[♣T, ♥K]
Player points: [3, 13], Bot points:[20, 20]
Player get one more card ♠K
Player get one more card ♦K
Player point: 23, Bot point: 20
Player lose! Money: 586.0
========================
Round #302
Player cards: [♠3, ♥K], Bot cards:[♦9, ♥Q]
Player points: [13, 13], Bot points:[19, 19]
Player get one more card ♣3
Player get one more card ♦K
Player point: 26, Bot point: 19
Player lose! Money: 566.0
========================
Round #303
Player cards: [♣6, ♠6], Bot cards:[♣2, ♠A]
Player points: [12, 12], Bot points:[3, 13]
-------- Split! Two hands: [13, 13], [10, 10]
For second hand:
----- Double Bet! -----
Player get one more card ♣2
Bot get one more card ♥J
Bot get one more card ♦8
Player point: 13, Bot point: 21
Player lose! Money: 546.0
========================
Player point: 12, Bot point: 21
Player lose! Money: 506.0
========================
Round #304
Player cards: [♣7, ♥8], Bot cards:[♠J, ♠A]
Player points: [15, 15], Bot points:[11, 21]
Player get one more card ♣3
Bot get one more card ♠4
Bot get one more card ♦8
Player point: 18, Bot point: 23
Player win! Money: 526.0
========================
Round #305
Player cards: [♣Q, ♠Q], Bot cards:[♠7, ♦J]
Player points: [20, 20], Bot points:[17, 17]
Player point: 20, Bot point: 17
Player win! Money: 546.0
========================
Round #306
Player cards: [♣8, ♦T], Bot cards:[♠4, ♣5]
Player points: [18, 18], Bot points:[9, 9]
Bot get one more card ♦3
Bot get one more card ♠5
Player point: 18, Bot point: 17
Player win! Money: 566.0
========================
Round #307
Player cards: [♠3, ♥J], Bot cards:[♥8, ♥Q]
Player points: [13, 13], Bot points:[18, 18]
Player get one more card ♠J
Player point: 23, Bot point: 18
Player lose! Money: 546.0
========================
Round #308
Player cards: [♣6, ♥T], Bot cards:[♥7, ♠K]
Player points: [16, 16], Bot points:[17, 17]
Player get one more card ♠6
Player point: 22, Bot point: 17
Player lose! Money: 526.0
========================
Round #309
Player cards: [♥6, ♦9], Bot cards:[♥3, ♠8]
Player points: [15, 15], Bot points:[11, 11]
Bot get one more card ♦J
Player point: 15, Bot point: 21
Player lose! Money: 506.0
========================
Round #310
Player cards: [♥5, ♣K], Bot cards:[♠5, ♥K]
Player points: [15, 15], Bot points:[15, 15]
Bot get one more card ♠2
Player point: 15, Bot point: 17
Player lose! Money: 486.0
========================
Round #311
Player cards: [♥4, ♠A], Bot cards:[♥2, ♣7]
Player points: [5, 15], Bot points:[9, 9]
Bot get one more card ♠5
Bot get one more card ♣J
Player point: 15, Bot point: 24
Player win! Money: 506.0
========================
Round #312
Player cards: [♦3, ♥3], Bot cards:[♣2, ♣8]
Player points: [6, 6], Bot points:[10, 10]
Player get one more card ♠3
Player get one more card ♦A
Bot get one more card ♥9
Player point: 20, Bot point: 19
Player win! Money: 526.0
========================
Round #313
Player cards: [♠T, ♦A], Bot cards:[♥2, ♥7]
Player points: [11, 21], Bot points:[9, 9]
Bot get one more card ♣8
Player point: 21, Bot point: 17
------ BlackJack!! ------
Player win! Money: 552.0
========================
Round #314
Player cards: [♣9, ♦A], Bot cards:[♠J, ♠Q]
Player points: [10, 20], Bot points:[20, 20]
Player point: 20, Bot point: 20
Draw! Money:552.0
========================
Round #315
Player cards: [♦4, ♥A], Bot cards:[♠T, ♥J]
Player points: [5, 15], Bot points:[20, 20]
Player get one more card ♠Q
Player get one more card ♠2
Player point: 17, Bot point: 20
Player lose! Money: 532.0
========================
Round #316
Player cards: [♦2, ♣9], Bot cards:[♥3, ♥4]
Player points: [11, 11], Bot points:[7, 7]
----- Double Bet! -----
Player get one more card ♥9
Bot get one more card ♥T
Player point: 20, Bot point: 17
Player win! Money: 572.0
========================
Round #317
Player cards: [♥5, ♠8], Bot cards:[♣T, ♣J]
Player points: [13, 13], Bot points:[20, 20]
Player get one more card ♥5
Player point: 18, Bot point: 20
Player lose! Money: 552.0
========================
Round #318
Player cards: [♦6, ♦Q], Bot cards:[♣5, ♦6]
Player points: [16, 16], Bot points:[11, 11]
Bot get one more card ♥A
Bot get one more card ♣5
Player point: 16, Bot point: 17
Player lose! Money: 532.0
========================
Round #319
Player cards: [♥4, ♥A], Bot cards:[♥4, ♠K]
Player points: [5, 15], Bot points:[14, 14]
Bot get one more card ♦2
Bot get one more card ♥Q
Player point: 15, Bot point: 26
Player win! Money: 552.0
========================
Round #320
Player cards: [♠9, ♠J], Bot cards:[♠5, ♣T]
Player points: [19, 19], Bot points:[15, 15]
Bot get one more card ♣7
Player point: 19, Bot point: 22
Player win! Money: 572.0
========================
Round #321
Player cards: [♠2, ♥K], Bot cards:[♥9, ♦Q]
Player points: [12, 12], Bot points:[19, 19]
Player get one more card ♥6
Player point: 18, Bot point: 19
Player lose! Money: 552.0
========================
Round #322
Player cards: [♥7, ♦8], Bot cards:[♦4, ♦5]
Player points: [15, 15], Bot points:[9, 9]
Bot get one more card ♦7
Bot get one more card ♠7
Player point: 15, Bot point: 23
Player win! Money: 572.0
========================
Round #323
Player cards: [♦2, ♦K], Bot cards:[♥7, ♠Q]
Player points: [12, 12], Bot points:[17, 17]
Player get one more card ♣A
Player get one more card ♣9
Player point: 22, Bot point: 17
Player lose! Money: 552.0
========================
Round #324
Player cards: [♠T, ♥J], Bot cards:[♦5, ♠T]
Player points: [20, 20], Bot points:[15, 15]
Bot get one more card ♣7
Player point: 20, Bot point: 22
Player win! Money: 572.0
========================
Round #325
Player cards: [♦8, ♠8], Bot cards:[♥2, ♥T]
Player points: [16, 16], Bot points:[12, 12]
-------- Split! Two hands: [17, 17], [15, 15]
For second hand:
Bot get one more card ♦T
Player point: 17, Bot point: 22
Player win! Money: 592.0
========================
Player point: 15, Bot point: 22
Player win! Money: 612.0
========================
Round #326
Player cards: [♦5, ♥8], Bot cards:[♣J, ♣A]
Player points: [13, 13], Bot points:[11, 21]
Player get one more card ♣4
Bot get one more card ♦J
Player point: 17, Bot point: 21
Player lose! Money: 592.0
========================
Round #327
New deck
Player cards: [♦4, ♦9], Bot cards:[♦9, ♣Q]
Player points: [13, 13], Bot points:[19, 19]
Player get one more card ♦3
Player get one more card ♣5
Player point: 21, Bot point: 19
Player win! Money: 612.0
========================
Round #328
Player cards: [♥2, ♠J], Bot cards:[♦A, ♦A]
Player points: [12, 12], Bot points:[2, 12]
Player get one more card ♠Q
Bot get one more card ♣3
Bot get one more card ♦T
Bot get one more card ♠2
Player point: 22, Bot point: 17
Player lose! Money: 592.0
========================
Round #329
Player cards: [♠9, ♠Q], Bot cards:[♣2, ♦T]
Player points: [19, 19], Bot points:[12, 12]
Bot get one more card ♠6
Player point: 19, Bot point: 18
Player win! Money: 612.0
========================
Round #330
Player cards: [♦2, ♦3], Bot cards:[♠4, ♥Q]
Player points: [5, 5], Bot points:[14, 14]
Player get one more card ♠8
Bot get one more card ♦Q
Player point: 13, Bot point: 24
Player win! Money: 632.0
========================
Round #331
Player cards: [♣8, ♣K], Bot cards:[♣3, ♦8]
Player points: [18, 18], Bot points:[11, 11]
Bot get one more card ♣8
Player point: 18, Bot point: 19
Player lose! Money: 612.0
========================
Round #332
Player cards: [♣7, ♣A], Bot cards:[♦2, ♥8]
Player points: [8, 18], Bot points:[10, 10]
Bot get one more card ♠5
Bot get one more card ♥2
Player point: 18, Bot point: 17
Player win! Money: 632.0
========================
Round #333
Player cards: [♥6, ♥9], Bot cards:[♦5, ♥K]
Player points: [15, 15], Bot points:[15, 15]
Bot get one more card ♠K
Player point: 15, Bot point: 25
Player win! Money: 652.0
========================
Round #334
Player cards: [♦K, ♣A], Bot cards:[♣3, ♣K]
Player points: [11, 21], Bot points:[13, 13]
Bot get one more card ♥8
Player point: 21, Bot point: 21
Player lose! Money: 632.0
========================
Round #335
Player cards: [♥6, ♦J], Bot cards:[♦6, ♥Q]
Player points: [16, 16], Bot points:[16, 16]
Bot get one more card ♣5
Player point: 16, Bot point: 21
Player lose! Money: 612.0
========================
Round #336
Player cards: [♥5, ♣9], Bot cards:[♥7, ♠K]
Player points: [14, 14], Bot points:[17, 17]
Player get one more card ♦4
Player point: 18, Bot point: 17
Player win! Money: 632.0
========================
Round #337
Player cards: [♦2, ♦2], Bot cards:[♦4, ♠K]
Player points: [4, 4], Bot points:[14, 14]
-------- Split! Two hands: [12, 12], [6, 6]
For second hand:
Player get one more card ♦T
Bot get one more card ♣Q
Player point: 12, Bot point: 24
Player win! Money: 652.0
========================
Player point: 16, Bot point: 24
Player win! Money: 672.0
========================
Round #338
Player cards: [♦7, ♠A], Bot cards:[♥9, ♦A]
Player points: [8, 18], Bot points:[10, 20]
Bot get one more card ♠2
Bot get one more card ♠3
Bot get one more card ♣A
Bot get one more card ♣6
Player point: 18, Bot point: 22
Player win! Money: 692.0
========================
Round #339
Player cards: [♦Q, ♥Q], Bot cards:[♥5, ♠A]
Player points: [20, 20], Bot points:[6, 16]
Bot get one more card ♠8
Bot get one more card ♠9
Player point: 20, Bot point: 23
Player win! Money: 712.0
========================
Round #340
Player cards: [♠7, ♣T], Bot cards:[♦3, ♥A]
Player points: [17, 17], Bot points:[4, 14]
Bot get one more card ♥K
Bot get one more card ♦6
Player point: 17, Bot point: 20
Player lose! Money: 692.0
========================
Round #341
Player cards: [♥4, ♠9], Bot cards:[♠9, ♦A]
Player points: [13, 13], Bot points:[10, 20]
Player get one more card ♣4
Bot get one more card ♣3
Bot get one more card ♠5
Player point: 17, Bot point: 18
Player lose! Money: 672.0
========================
Round #342
Player cards: [♥2, ♦T], Bot cards:[♣2, ♣8]
Player points: [12, 12], Bot points:[10, 10]
Player get one more card ♥T
Bot get one more card ♥3
Bot get one more card ♥9
Player point: 22, Bot point: 22
Player lose! Money: 652.0
========================
Round #343
Player cards: [♥6, ♥J], Bot cards:[♣6, ♥T]
Player points: [16, 16], Bot points:[16, 16]
Bot get one more card ♠4
Player point: 16, Bot point: 20
Player lose! Money: 632.0
========================
Round #344
Player cards: [♦8, ♥J], Bot cards:[♣6, ♥K]
Player points: [18, 18], Bot points:[16, 16]
Bot get one more card ♥5
Player point: 18, Bot point: 21
Player lose! Money: 612.0
========================
Round #345
Player cards: [♣2, ♥9], Bot cards:[♦3, ♥7]
Player points: [11, 11], Bot points:[10, 10]
----- Double Bet! -----
Player get one more card ♦8
Bot get one more card ♦Q
Player point: 19, Bot point: 20
Player lose! Money: 572.0
========================
Round #346
Player cards: [♦4, ♣T], Bot cards:[♠6, ♦J]
Player points: [14, 14], Bot points:[16, 16]
Bot get one more card ♥A
Player point: 14, Bot point: 17
Player lose! Money: 552.0
========================
Round #347
Player cards: [♦5, ♥T], Bot cards:[♥Q, ♥K]
Player points: [15, 15], Bot points:[20, 20]
Player get one more card ♦7
Player point: 22, Bot point: 20
Player lose! Money: 532.0
========================
Round #348
Player cards: [♠T, ♣K], Bot cards:[♠4, ♣J]
Player points: [20, 20], Bot points:[14, 14]
Bot get one more card ♣J
Player point: 20, Bot point: 24
Player win! Money: 552.0
========================
Round #349
Player cards: [♥3, ♠A], Bot cards:[♠7, ♠A]
Player points: [4, 14], Bot points:[8, 18]
Player get one more card ♦9
Player get one more card ♣5
Bot get one more card ♥5
Bot get one more card ♠K
Player point: 18, Bot point: 23
Player win! Money: 572.0
========================
Round #350
Player cards: [♦K, ♥A], Bot cards:[♥2, ♣J]
Player points: [11, 21], Bot points:[12, 12]
Bot get one more card ♥4
Bot get one more card ♠7
Player point: 21, Bot point: 23
------ BlackJack!! ------
Player win! Money: 598.0
========================
Round #351
Player cards: [♣5, ♣9], Bot cards:[♣7, ♥J]
Player points: [14, 14], Bot points:[17, 17]
Player get one more card ♦5
Player point: 19, Bot point: 17
Player win! Money: 618.0
========================
Round #352
Player cards: [♠4, ♦6], Bot cards:[♦6, ♦Q]
Player points: [10, 10], Bot points:[16, 16]
----- Double Bet! -----
Player get one more card ♣9
Bot get one more card ♥7
Player point: 19, Bot point: 23
Player win! Money: 658.0
========================
Round #353
Player cards: [♠J, ♣Q], Bot cards:[♠T, ♣A]
Player points: [20, 20], Bot points:[11, 21]
Bot get one more card ♦3
Bot get one more card ♣Q
Player point: 20, Bot point: 24
Player win! Money: 678.0
========================
Round #354
Player cards: [♦7, ♥8], Bot cards:[♠6, ♠Q]
Player points: [15, 15], Bot points:[16, 16]
Bot get one more card ♥A
Player point: 15, Bot point: 17
Player lose! Money: 658.0
========================
Round #355
Player cards: [♥6, ♠J], Bot cards:[♣3, ♠6]
Player points: [16, 16], Bot points:[9, 9]
Bot get one more card ♦8
Player point: 16, Bot point: 17
Player lose! Money: 638.0
========================
Round #356
Player cards: [♠3, ♥3], Bot cards:[♥4, ♣6]
Player points: [6, 6], Bot points:[10, 10]
-------- Split! Two hands: [11, 11], [13, 13]
----- Double Bet! -----
Player get one more card ♠7
For second hand:
Bot get one more card ♠T
Player point: 18, Bot point: 20
Player lose! Money: 598.0
========================
Player point: 13, Bot point: 20
Player lose! Money: 578.0
========================
Round #357
Player cards: [♠5, ♠8], Bot cards:[♦5, ♥7]
Player points: [13, 13], Bot points:[12, 12]
Bot get one more card ♥4
Bot get one more card ♣9
Player point: 13, Bot point: 25
Player win! Money: 598.0
========================
Round #358
Player cards: [♣4, ♣7], Bot cards:[♣2, ♣T]
Player points: [11, 11], Bot points:[12, 12]
----- Double Bet! -----
Player get one more card ♥3
Bot get one more card ♥T
Player point: 14, Bot point: 22
Player win! Money: 638.0
========================
Round #359
Player cards: [♣4, ♦K], Bot cards:[♠5, ♦K]
Player points: [14, 14], Bot points:[15, 15]
Bot get one more card ♣A
Bot get one more card ♠K
Player point: 14, Bot point: 26
Player win! Money: 658.0
========================
Round #360
Player cards: [♠8, ♦J], Bot cards:[♠2, ♠3]
Player points: [18, 18], Bot points:[5, 5]
Bot get one more card ♦9
Bot get one more card ♥J
Player point: 18, Bot point: 24
Player win! Money: 678.0
========================
Round #361
Player cards: [♠3, ♣K], Bot cards:[♦5, ♦Q]
Player points: [13, 13], Bot points:[15, 15]
Bot get one more card ♠J
Player point: 13, Bot point: 25
Player win! Money: 698.0
========================
Round #362
New deck
Player cards: [♦2, ♦J], Bot cards:[♣8, ♦9]
Player points: [12, 12], Bot points:[17, 17]
Player get one more card ♠9
Player point: 21, Bot point: 17
Player win! Money: 718.0
========================
Round #363
Player cards: [♦5, ♦7], Bot cards:[♠5, ♥7]
Player points: [12, 12], Bot points:[12, 12]
Bot get one more card ♥3
Bot get one more card ♣J
Player point: 12, Bot point: 25
Player win! Money: 738.0
========================
Round #364
Player cards: [♣5, ♣K], Bot cards:[♣6, ♠K]
Player points: [15, 15], Bot points:[16, 16]
Bot get one more card ♠J
Player point: 15, Bot point: 26
Player win! Money: 758.0
========================
Round #365
Player cards: [♥2, ♣3], Bot cards:[♠2, ♥K]
Player points: [5, 5], Bot points:[12, 12]
Player get one more card ♣7
Player get one more card ♣4
Bot get one more card ♦Q
Player point: 16, Bot point: 22
Player win! Money: 778.0
========================
Round #366
Player cards: [♥A, ♠A], Bot cards:[♣5, ♠K]
Player points: [2, 12], Bot points:[15, 15]
-------- Split! Two hands: [8, 18], [9, 19]
For second hand:
Bot get one more card ♠T
Player point: 18, Bot point: 25
Player win! Money: 798.0
========================
Player point: 19, Bot point: 25
Player win! Money: 818.0
========================
Round #367
Player cards: [♣4, ♠6], Bot cards:[♣6, ♣A]
Player points: [10, 10], Bot points:[7, 17]
----- Double Bet! -----
Player get one more card ♣2
Bot get one more card ♣K
Player point: 12, Bot point: 17
Player lose! Money: 778.0
========================
Round #368
Player cards: [♣6, ♥8], Bot cards:[♣2, ♠T]
Player points: [14, 14], Bot points:[12, 12]
Bot get one more card ♠5
Player point: 14, Bot point: 17
Player lose! Money: 758.0
========================
Round #369
Player cards: [♦3, ♥9], Bot cards:[♣3, ♦5]
Player points: [12, 12], Bot points:[8, 8]
Player get one more card ♥5
Bot get one more card ♥A
Bot get one more card ♦6
Bot get one more card ♣4
Player point: 17, Bot point: 19
Player lose! Money: 738.0
========================
Round #370
Player cards: [♥8, ♦A], Bot cards:[♥5, ♦A]
Player points: [9, 19], Bot points:[6, 16]
Bot get one more card ♣2
Bot get one more card ♥8
Bot get one more card ♠9
Player point: 19, Bot point: 25
Player win! Money: 758.0
========================
Round #371
Player cards: [♣5, ♠Q], Bot cards:[♥7, ♠A]
Player points: [15, 15], Bot points:[8, 18]
Player get one more card ♣6
Bot get one more card ♦5
Bot get one more card ♠2
Bot get one more card ♦8
Player point: 21, Bot point: 23
Player win! Money: 778.0
========================
Round #372
Player cards: [♠3, ♠Q], Bot cards:[♦4, ♠K]
Player points: [13, 13], Bot points:[14, 14]
Bot get one more card ♣Q
Player point: 13, Bot point: 24
Player win! Money: 798.0
========================
Round #373
Player cards: [♠5, ♣T], Bot cards:[♥9, ♣T]
Player points: [15, 15], Bot points:[19, 19]
Player get one more card ♦J
Player point: 25, Bot point: 19
Player lose! Money: 778.0
========================
Round #374
Player cards: [♥4, ♠T], Bot cards:[♦6, ♦Q]
Player points: [14, 14], Bot points:[16, 16]
Bot get one more card ♦T
Player point: 14, Bot point: 26
Player win! Money: 798.0
========================
Round #375
Player cards: [♦5, ♣9], Bot cards:[♠8, ♥A]
Player points: [14, 14], Bot points:[9, 19]
Player get one more card ♦9
Bot get one more card ♦2
Bot get one more card ♠2
Bot get one more card ♠5
Player point: 23, Bot point: 18
Player lose! Money: 778.0
========================
Round #376
Player cards: [♥6, ♦8], Bot cards:[♠9, ♠A]
Player points: [14, 14], Bot points:[10, 20]
Player get one more card ♠7
Bot get one more card ♠K
Player point: 21, Bot point: 20
Player win! Money: 798.0
========================
Round #377
Player cards: [♣T, ♣J], Bot cards:[♥8, ♥9]
Player points: [20, 20], Bot points:[17, 17]
Player point: 20, Bot point: 17
Player win! Money: 818.0
========================
Round #378
Player cards: [♥3, ♠9], Bot cards:[♠8, ♥Q]
Player points: [12, 12], Bot points:[18, 18]
Player get one more card ♣Q
Player point: 22, Bot point: 18
Player lose! Money: 798.0
========================
Round #379
Player cards: [♠2, ♣J], Bot cards:[♠2, ♥A]
Player points: [12, 12], Bot points:[3, 13]
Player get one more card ♥7
Bot get one more card ♦4
Bot get one more card ♣8
Bot get one more card ♠4
Player point: 19, Bot point: 19
Draw! Money:798.0
========================
Round #380
Player cards: [♦7, ♠8], Bot cards:[♥T, ♣Q]
Player points: [15, 15], Bot points:[20, 20]
Player get one more card ♥2
Player point: 17, Bot point: 20
Player lose! Money: 778.0
========================
Round #381
Player cards: [♣7, ♦8], Bot cards:[♦9, ♣A]
Player points: [15, 15], Bot points:[10, 20]
Player get one more card ♠3
Bot get one more card ♦7
Player point: 18, Bot point: 17
Player win! Money: 798.0
========================
Round #382
Player cards: [♦2, ♣9], Bot cards:[♥6, ♥8]
Player points: [11, 11], Bot points:[14, 14]
----- Double Bet! -----
Player get one more card ♣A
Bot get one more card ♠4
Player point: 12, Bot point: 18
Player lose! Money: 758.0
========================
Round #383
Player cards: [♦T, ♦A], Bot cards:[♠4, ♠Q]
Player points: [11, 21], Bot points:[14, 14]
Bot get one more card ♦4
Player point: 21, Bot point: 18
------ BlackJack!! ------
Player win! Money: 784.0
========================
Round #384
Player cards: [♦T, ♥J], Bot cards:[♠Q, ♦K]
Player points: [20, 20], Bot points:[20, 20]
Player point: 20, Bot point: 20
Draw! Money:784.0
========================
Round #385
Player cards: [♦3, ♠6], Bot cards:[♠J, ♥Q]
Player points: [9, 9], Bot points:[20, 20]
Player get one more card ♥4
Player get one more card ♠7
Player point: 20, Bot point: 20
Draw! Money:784.0
========================
Round #386
Player cards: [♦6, ♠8], Bot cards:[♠J, ♣J]
Player points: [14, 14], Bot points:[20, 20]
Player get one more card ♥J
Player point: 24, Bot point: 20
Player lose! Money: 764.0
========================
Round #387
Player cards: [♦Q, ♣K], Bot cards:[♦7, ♦A]
Player points: [20, 20], Bot points:[8, 18]
Bot get one more card ♦2
Bot get one more card ♥T
Player point: 20, Bot point: 20
Draw! Money:764.0
========================
Round #388
Player cards: [♦3, ♦J], Bot cards:[♥5, ♠6]
Player points: [13, 13], Bot points:[11, 11]
Bot get one more card ♣4
Bot get one more card ♣7
Player point: 13, Bot point: 22
Player win! Money: 784.0
========================
Round #389
Player cards: [♥2, ♠3], Bot cards:[♠7, ♥9]
Player points: [5, 5], Bot points:[16, 16]
Player get one more card ♦4
Player get one more card ♦T
Bot get one more card ♠Q
Player point: 19, Bot point: 26
Player win! Money: 804.0
========================
Round #390
Player cards: [♦J, ♥J], Bot cards:[♦6, ♦7]
Player points: [20, 20], Bot points:[13, 13]
Bot get one more card ♦9
Player point: 20, Bot point: 22
Player win! Money: 824.0
========================
Round #391
Player cards: [♦3, ♥Q], Bot cards:[♥6, ♠6]
Player points: [13, 13], Bot points:[12, 12]
Bot get one more card ♣4
Bot get one more card ♣K
Player point: 13, Bot point: 26
Player win! Money: 844.0
========================
Round #392
Player cards: [♣9, ♣A], Bot cards:[♥4, ♣8]
Player points: [10, 20], Bot points:[12, 12]
Bot get one more card ♥Q
Player point: 20, Bot point: 22
Player win! Money: 864.0
========================
Round #393
Player cards: [♥6, ♣7], Bot cards:[♥3, ♥4]
Player points: [13, 13], Bot points:[7, 7]
Bot get one more card ♣3
Bot get one more card ♥3
Bot get one more card ♥K
Player point: 13, Bot point: 23
Player win! Money: 884.0
========================
Round #394
Player cards: [♣5, ♥T], Bot cards:[♥7, ♠T]
Player points: [15, 15], Bot points:[17, 17]
Player get one more card ♥T
Player point: 25, Bot point: 17
Player lose! Money: 864.0
========================
Round #395
Player cards: [♣T, ♦K], Bot cards:[♥5, ♣9]
Player points: [20, 20], Bot points:[14, 14]
Bot get one more card ♠T
Player point: 20, Bot point: 24
Player win! Money: 884.0
========================
Round #396
Player cards: [♣2, ♦J], Bot cards:[♥J, ♦K]
Player points: [12, 12], Bot points:[20, 20]
Player get one more card ♣Q
Player point: 22, Bot point: 20
Player lose! Money: 864.0
========================
Round #397
Player cards: [♦Q, ♠A], Bot cards:[♦8, ♥K]
Player points: [11, 21], Bot points:[18, 18]
Player point: 21, Bot point: 18
------ BlackJack!! ------
Player win! Money: 890.0
========================
Round #398
New deck
Player cards: [♠2, ♣5], Bot cards:[♣3, ♠5]
Player points: [7, 7], Bot points:[8, 8]
Player get one more card ♠2
Player get one more card ♦5
Bot get one more card ♥7
Bot get one more card ♥2
Player point: 14, Bot point: 17
Player lose! Money: 870.0
========================
Round #399
Player cards: [♥J, ♠A], Bot cards:[♣3, ♥9]
Player points: [11, 21], Bot points:[12, 12]
Bot get one more card ♠3
Bot get one more card ♥2
Player point: 21, Bot point: 17
------ BlackJack!! ------
Player win! Money: 896.0
========================
Round #400
Player cards: [♠5, ♥8], Bot cards:[♣7, ♦A]
Player points: [13, 13], Bot points:[8, 18]
Player get one more card ♥2
Player get one more card ♥T
Bot get one more card ♠3
Bot get one more card ♠4
Bot get one more card ♥9
Player point: 25, Bot point: 24
Player lose! Money: 876.0
========================
Round #401
Player cards: [♣8, ♦J], Bot cards:[♠3, ♣4]
Player points: [18, 18], Bot points:[7, 7]
Bot get one more card ♦K
Player point: 18, Bot point: 17
Player win! Money: 896.0
========================
Round #402
Player cards: [♥3, ♦7], Bot cards:[♠J, ♦Q]
Player points: [10, 10], Bot points:[20, 20]
Player get one more card ♠J
Player point: 20, Bot point: 20
Draw! Money:896.0
========================
Round #403
Player cards: [♠T, ♦K], Bot cards:[♠4, ♦Q]
Player points: [20, 20], Bot points:[14, 14]
Bot get one more card ♣Q
Player point: 20, Bot point: 24
Player win! Money: 916.0
========================
Round #404
Player cards: [♦5, ♠Q], Bot cards:[♣J, ♥J]
Player points: [15, 15], Bot points:[20, 20]
Player get one more card ♦4
Player point: 19, Bot point: 20
Player lose! Money: 896.0
========================
Round #405
Player cards: [♠J, ♣A], Bot cards:[♣3, ♠6]
Player points: [11, 21], Bot points:[9, 9]
Bot get one more card ♦J
Player point: 21, Bot point: 19
------ BlackJack!! ------
Player win! Money: 922.0
========================
Round #406
Player cards: [♥4, ♦9], Bot cards:[♦3, ♣T]
Player points: [13, 13], Bot points:[13, 13]
Bot get one more card ♥4
Player point: 13, Bot point: 17
Player lose! Money: 902.0
========================
Round #407
Player cards: [♣3, ♠9], Bot cards:[♥6, ♥K]
Player points: [12, 12], Bot points:[16, 16]
Bot get one more card ♥7
Player point: 12, Bot point: 23
Player win! Money: 922.0
========================
Round #408
Player cards: [♥3, ♠A], Bot cards:[♥5, ♦9]
Player points: [4, 14], Bot points:[14, 14]
Bot get one more card ♥5
Player point: 14, Bot point: 19
Player lose! Money: 902.0
========================
Round #409
Player cards: [♠6, ♣K], Bot cards:[♠7, ♦9]
Player points: [16, 16], Bot points:[16, 16]
Player get one more card ♦7
Bot get one more card ♥3
Player point: 23, Bot point: 19
Player lose! Money: 882.0
========================
Round #410
Player cards: [♥3, ♥8], Bot cards:[♠2, ♠4]
Player points: [11, 11], Bot points:[6, 6]
----- Double Bet! -----
Player get one more card ♣7
Bot get one more card ♥7
Bot get one more card ♠J
Player point: 18, Bot point: 23
Player win! Money: 922.0
========================
Round #411
Player cards: [♣4, ♠7], Bot cards:[♦4, ♠Q]
Player points: [11, 11], Bot points:[14, 14]
----- Double Bet! -----
Player get one more card ♦9
Bot get one more card ♦7
Player point: 20, Bot point: 21
Player lose! Money: 882.0
========================
Round #412
Player cards: [♥8, ♥Q], Bot cards:[♥7, ♥T]
Player points: [18, 18], Bot points:[17, 17]
Player point: 18, Bot point: 17
Player win! Money: 902.0
========================
Round #413
Player cards: [♣2, ♠8], Bot cards:[♠K, ♥K]
Player points: [10, 10], Bot points:[20, 20]
Player get one more card ♣2
Player get one more card ♦5
Player point: 17, Bot point: 20
Player lose! Money: 882.0
========================
Round #414
Player cards: [♣6, ♥A], Bot cards:[♣3, ♠A]
Player points: [7, 17], Bot points:[4, 14]
Bot get one more card ♦K
Bot get one more card ♣J
Player point: 17, Bot point: 24
Player win! Money: 902.0
========================
Round #415
Player cards: [♦5, ♣A], Bot cards:[♥4, ♦T]
Player points: [6, 16], Bot points:[14, 14]
Bot get one more card ♦Q
Player point: 16, Bot point: 24
Player win! Money: 922.0
========================
Round #416
Player cards: [♥6, ♣7], Bot cards:[♥Q, ♦K]
Player points: [13, 13], Bot points:[20, 20]
Player get one more card ♠T
Player point: 23, Bot point: 20
Player lose! Money: 902.0
========================
Round #417
Player cards: [♣7, ♣K], Bot cards:[♦T, ♥Q]
Player points: [17, 17], Bot points:[20, 20]
Player point: 17, Bot point: 20
Player lose! Money: 882.0
========================
Round #418
Player cards: [♦3, ♠9], Bot cards:[♠9, ♠K]
Player points: [12, 12], Bot points:[19, 19]
Player get one more card ♣A
Player get one more card ♥J
Player point: 23, Bot point: 19
Player lose! Money: 862.0
========================
Round #419
Player cards: [♠9, ♥T], Bot cards:[♦A, ♠A]
Player points: [19, 19], Bot points:[2, 12]
Bot get one more card ♦8
Bot get one more card ♠K
Player point: 19, Bot point: 20
Player lose! Money: 842.0
========================
Round #420
Player cards: [♠2, ♥A], Bot cards:[♥5, ♠T]
Player points: [3, 13], Bot points:[15, 15]
Bot get one more card ♣6
Player point: 13, Bot point: 21
Player lose! Money: 822.0
========================
Round #421
Player cards: [♠7, ♥J], Bot cards:[♦8, ♣T]
Player points: [17, 17], Bot points:[18, 18]
Player point: 17, Bot point: 18
Player lose! Money: 802.0
========================
Round #422
Player cards: [♦2, ♦6], Bot cards:[♣5, ♦A]
Player points: [8, 8], Bot points:[6, 16]
Player get one more card ♦K
Bot get one more card ♠3
Bot get one more card ♠4
Bot get one more card ♣K
Player point: 18, Bot point: 23
Player win! Money: 822.0
========================
Round #423
Player cards: [♥6, ♥9], Bot cards:[♦6, ♠Q]
Player points: [15, 15], Bot points:[16, 16]
Bot get one more card ♣9
Player point: 15, Bot point: 25
Player win! Money: 842.0
========================
Round #424
Player cards: [♠K, ♥A], Bot cards:[♣2, ♥K]
Player points: [11, 21], Bot points:[12, 12]
Bot get one more card ♣9
Player point: 21, Bot point: 21
Player lose! Money: 822.0
========================
Round #425
Player cards: [♣5, ♦J], Bot cards:[♦6, ♣9]
Player points: [15, 15], Bot points:[15, 15]
Bot get one more card ♥9
Player point: 15, Bot point: 24
Player win! Money: 842.0
========================
Round #426
Player cards: [♣7, ♦8], Bot cards:[♣2, ♠J]
Player points: [15, 15], Bot points:[12, 12]
Bot get one more card ♣8
Player point: 15, Bot point: 20
Player lose! Money: 822.0
========================
Round #427
Player cards: [♣5, ♦6], Bot cards:[♠7, ♥T]
Player points: [11, 11], Bot points:[17, 17]
----- Double Bet! -----
Player get one more card ♠4
Player point: 15, Bot point: 17
Player lose! Money: 782.0
========================
Round #428
Player cards: [♦2, ♠5], Bot cards:[♥Q, ♥A]
Player points: [7, 7], Bot points:[11, 21]
Player get one more card ♦Q
Bot get one more card ♣J
Player point: 17, Bot point: 21
Player lose! Money: 762.0
========================
Round #429
Player cards: [♦3, ♣T], Bot cards:[♠8, ♣Q]
Player points: [13, 13], Bot points:[18, 18]
Player get one more card ♣4
Player point: 17, Bot point: 18
Player lose! Money: 742.0
========================
Round #430
Player cards: [♦8, ♦T], Bot cards:[♦T, ♣J]
Player points: [18, 18], Bot points:[20, 20]
Player point: 18, Bot point: 20
Player lose! Money: 722.0
========================
Round #431
Player cards: [♦4, ♠5], Bot cards:[♥6, ♠T]
Player points: [9, 9], Bot points:[16, 16]
----- Double Bet! -----
Player get one more card ♥2
Bot get one more card ♥8
Player point: 11, Bot point: 24
Player win! Money: 762.0
========================
Round #432
Player cards: [♦7, ♠8], Bot cards:[♣9, ♦A]
Player points: [15, 15], Bot points:[10, 20]
Player get one more card ♦J
Bot get one more card ♣Q
Player point: 25, Bot point: 20
Player lose! Money: 742.0
========================
Round #433
Player cards: [♠Q, ♣A], Bot cards:[♣8, ♥K]
Player points: [11, 21], Bot points:[18, 18]
Player point: 21, Bot point: 18
------ BlackJack!! ------
Player win! Money: 768.0
========================
Round #434
Player cards: [♥2, ♦4], Bot cards:[♣6, ♥K]
Player points: [6, 6], Bot points:[16, 16]
Player get one more card ♠6
Bot get one more card ♠6
Player point: 12, Bot point: 22
Player win! Money: 788.0
========================
Round #435
Player cards: [♦3, ♠8], Bot cards:[♦2, ♣8]
Player points: [11, 11], Bot points:[10, 10]
----- Double Bet! -----
Player get one more card ♠3
Bot get one more card ♥5
Bot get one more card ♣6
Player point: 14, Bot point: 21
Player lose! Money: 748.0
========================
Round #436
New deck
Player cards: [♣3, ♦4], Bot cards:[♣2, ♦J]
Player points: [7, 7], Bot points:[12, 12]
Player get one more card ♠8
Bot get one more card ♥A
Bot get one more card ♦K
Player point: 15, Bot point: 23
Player win! Money: 768.0
========================
Round #437
Player cards: [♠Q, ♣A], Bot cards:[♥6, ♦Q]
Player points: [11, 21], Bot points:[16, 16]
Bot get one more card ♦K
Player point: 21, Bot point: 26
------ BlackJack!! ------
Player win! Money: 794.0
========================
Round #438
Player cards: [♣4, ♠J], Bot cards:[♥K, ♣A]
Player points: [14, 14], Bot points:[11, 21]
Player get one more card ♥3
Bot get one more card ♥2
Bot get one more card ♥5
Player point: 17, Bot point: 18
Player lose! Money: 774.0
========================
Round #439
Player cards: [♥T, ♣A], Bot cards:[♥7, ♠8]
Player points: [11, 21], Bot points:[15, 15]
Bot get one more card ♦4
Player point: 21, Bot point: 19
------ BlackJack!! ------
Player win! Money: 800.0
========================
Round #440
Player cards: [♦6, ♦A], Bot cards:[♠4, ♥5]
Player points: [7, 17], Bot points:[9, 9]
Bot get one more card ♣T
Player point: 17, Bot point: 19
Player lose! Money: 780.0
========================
Round #441
Player cards: [♦9, ♣Q], Bot cards:[♣3, ♥4]
Player points: [19, 19], Bot points:[7, 7]
Bot get one more card ♣T
Player point: 19, Bot point: 17
Player win! Money: 800.0
========================
Round #442
Player cards: [♦4, ♠6], Bot cards:[♠3, ♥4]
Player points: [10, 10], Bot points:[7, 7]
----- Double Bet! -----
Player get one more card ♥Q
Bot get one more card ♠5
Bot get one more card ♣8
Player point: 20, Bot point: 20
Draw! Money:800.0
========================
Round #443
Player cards: [♥4, ♣7], Bot cards:[♣4, ♥T]
Player points: [11, 11], Bot points:[14, 14]
----- Double Bet! -----
Player get one more card ♥3
Bot get one more card ♣Q
Player point: 14, Bot point: 24
Player win! Money: 840.0
========================
Round #444
Player cards: [♦3, ♦5], Bot cards:[♦6, ♣6]
Player points: [8, 8], Bot points:[12, 12]
Player get one more card ♦T
Bot get one more card ♣J
Player point: 18, Bot point: 22
Player win! Money: 860.0
========================
Round #445
Player cards: [♠6, ♣K], Bot cards:[♥J, ♥K]
Player points: [16, 16], Bot points:[20, 20]
Player get one more card ♣4
Player point: 20, Bot point: 20
Draw! Money:860.0
========================
Round #446
Player cards: [♣5, ♦9], Bot cards:[♥9, ♣K]
Player points: [14, 14], Bot points:[19, 19]
Player get one more card ♠9
Player point: 23, Bot point: 19
Player lose! Money: 840.0
========================
Round #447
Player cards: [♥8, ♥8], Bot cards:[♣5, ♦8]
Player points: [16, 16], Bot points:[13, 13]
-------- Split! Two hands: [11, 11], [9, 19]
----- Double Bet! -----
Player get one more card ♥Q
For second hand:
Bot get one more card ♠6
Player point: 21, Bot point: 19
Player win! Money: 880.0
========================
Player point: 19, Bot point: 19
Draw! Money:880.0
========================
Round #448
Player cards: [♣J, ♣K], Bot cards:[♣5, ♦Q]
Player points: [20, 20], Bot points:[15, 15]
Bot get one more card ♦2
Player point: 20, Bot point: 17
Player win! Money: 900.0
========================
Round #449
Player cards: [♦3, ♣Q], Bot cards:[♥3, ♣9]
Player points: [13, 13], Bot points:[12, 12]
Bot get one more card ♠8
Player point: 13, Bot point: 20
Player lose! Money: 880.0
========================
Round #450
Player cards: [♣2, ♠9], Bot cards:[♦2, ♠5]
Player points: [11, 11], Bot points:[7, 7]
----- Double Bet! -----
Player get one more card ♠2
Bot get one more card ♥8
Bot get one more card ♦9
Player point: 13, Bot point: 24
Player win! Money: 920.0
========================
Round #451
Player cards: [♠Q, ♥K], Bot cards:[♥3, ♣9]
Player points: [20, 20], Bot points:[12, 12]
Bot get one more card ♦9
Player point: 20, Bot point: 21
Player lose! Money: 900.0
========================
Round #452
Player cards: [♦6, ♦J], Bot cards:[♦5, ♣T]
Player points: [16, 16], Bot points:[15, 15]
Bot get one more card ♠K
Player point: 16, Bot point: 25
Player win! Money: 920.0
========================
Round #453
Player cards: [♥4, ♠6], Bot cards:[♣2, ♦J]
Player points: [10, 10], Bot points:[12, 12]
----- Double Bet! -----
Player get one more card ♦5
Bot get one more card ♣Q
Player point: 15, Bot point: 22
Player win! Money: 960.0
========================
Round #454
Player cards: [♥7, ♠J], Bot cards:[♥2, ♣4]
Player points: [17, 17], Bot points:[6, 6]
Bot get one more card ♦3
Bot get one more card ♥5
Bot get one more card ♦2
Bot get one more card ♣6
Player point: 17, Bot point: 22
Player win! Money: 980.0
========================
Round #455
Player cards: [♠7, ♠Q], Bot cards:[♣6, ♠T]
Player points: [17, 17], Bot points:[16, 16]
Bot get one more card ♠7
Player point: 17, Bot point: 23
Player win! Money: 1000.0
========================
Round #456
Player cards: [♠4, ♠8], Bot cards:[♥9, ♠A]
Player points: [12, 12], Bot points:[10, 20]
Player get one more card ♦K
Bot get one more card ♠A
Bot get one more card ♥7
Player point: 22, Bot point: 18
Player lose! Money: 980.0
========================
Round #457
Player cards: [♦3, ♠Q], Bot cards:[♦2, ♥6]
Player points: [13, 13], Bot points:[8, 8]
Bot get one more card ♣8
Bot get one more card ♦Q
Player point: 13, Bot point: 26
Player win! Money: 1000.0
========================
Round #458
Player cards: [♥J, ♠A], Bot cards:[♦6, ♦8]
Player points: [11, 21], Bot points:[14, 14]
Bot get one more card ♠K
Player point: 21, Bot point: 24
------ BlackJack!! ------
Player win! Money: 1026.0
========================
Round #459
Player cards: [♣6, ♣K], Bot cards:[♣5, ♣T]
Player points: [16, 16], Bot points:[15, 15]
Bot get one more card ♦8
Player point: 16, Bot point: 23
Player win! Money: 1046.0
========================
Round #460
Player cards: [♣2, ♦Q], Bot cards:[♠T, ♥T]
Player points: [12, 12], Bot points:[20, 20]
Player get one more card ♠J
Player point: 22, Bot point: 20
Player lose! Money: 1026.0
========================
Round #461
Player cards: [♥6, ♥K], Bot cards:[♦7, ♦T]
Player points: [16, 16], Bot points:[17, 17]
Player get one more card ♥J
Player point: 26, Bot point: 17
Player lose! Money: 1006.0
========================
Round #462
Player cards: [♠T, ♥Q], Bot cards:[♠7, ♣8]
Player points: [20, 20], Bot points:[15, 15]
Bot get one more card ♦5
Player point: 20, Bot point: 20
Draw! Money:1006.0
========================
Round #463
Player cards: [♠2, ♣A], Bot cards:[♠7, ♦K]
Player points: [3, 13], Bot points:[17, 17]
Player get one more card ♠3
Player get one more card ♦A
Player point: 17, Bot point: 17
Draw! Money:1006.0
========================
Round #464
Player cards: [♠9, ♥A], Bot cards:[♣3, ♠9]
Player points: [10, 20], Bot points:[12, 12]
Bot get one more card ♠4
Bot get one more card ♠5
Player point: 20, Bot point: 21
Player lose! Money: 986.0
========================
Round #465
Player cards: [♦4, ♣J], Bot cards:[♦J, ♥A]
Player points: [14, 14], Bot points:[11, 21]
Player get one more card ♣9
Bot get one more card ♣7
Player point: 23, Bot point: 18
Player lose! Money: 966.0
========================
Round #466
Player cards: [♥2, ♠A], Bot cards:[♥4, ♦7]
Player points: [3, 13], Bot points:[11, 11]
Bot get one more card ♦2
Bot get one more card ♥A
Bot get one more card ♠T
Player point: 13, Bot point: 24
Player win! Money: 986.0
========================
Round #467
Player cards: [♥7, ♥8], Bot cards:[♥9, ♠J]
Player points: [15, 15], Bot points:[19, 19]
Player get one more card ♠5
Player point: 20, Bot point: 19
Player win! Money: 1006.0
========================
Round #468
Player cards: [♦T, ♠K], Bot cards:[♥5, ♦A]
Player points: [20, 20], Bot points:[6, 16]
Bot get one more card ♥Q
Bot get one more card ♥2
Player point: 20, Bot point: 18
Player win! Money: 1026.0
========================
Round #469
Player cards: [♠3, ♥6], Bot cards:[♠3, ♥9]
Player points: [9, 9], Bot points:[12, 12]
----- Double Bet! -----
Player get one more card ♣4
Bot get one more card ♥T
Player point: 13, Bot point: 22
Player win! Money: 1066.0
========================
Round #470
Player cards: [♠4, ♦8], Bot cards:[♣7, ♣Q]
Player points: [12, 12], Bot points:[17, 17]
Player get one more card ♣8
Player point: 20, Bot point: 17
Player win! Money: 1086.0
========================
Round #471
Player cards: [♣7, ♣9], Bot cards:[♦7, ♦T]
Player points: [16, 16], Bot points:[17, 17]
Player get one more card ♥J
Player point: 26, Bot point: 17
Player lose! Money: 1066.0
========================
Round #472
New deck
Player cards: [♥2, ♥T], Bot cards:[♣2, ♣Q]
Player points: [12, 12], Bot points:[12, 12]
Player get one more card ♠7
Bot get one more card ♥5
Player point: 19, Bot point: 17
Player win! Money: 1086.0
========================
Round #473
Player cards: [♠5, ♦7], Bot cards:[♣4, ♥9]
Player points: [12, 12], Bot points:[13, 13]
Bot get one more card ♣Q
Player point: 12, Bot point: 23
Player win! Money: 1106.0
========================
Round #474
Player cards: [♦8, ♥T], Bot cards:[♠4, ♥J]
Player points: [18, 18], Bot points:[14, 14]
Bot get one more card ♦J
Player point: 18, Bot point: 24
Player win! Money: 1126.0
========================
Round #475
Player cards: [♦4, ♣8], Bot cards:[♦9, ♠T]
Player points: [12, 12], Bot points:[19, 19]
Player get one more card ♦8
Player point: 20, Bot point: 19
Player win! Money: 1146.0
========================
Round #476
Player cards: [♣3, ♠7], Bot cards:[♦8, ♦9]
Player points: [10, 10], Bot points:[17, 17]
----- Double Bet! -----
Player get one more card ♠2
Player point: 12, Bot point: 17
Player lose! Money: 1106.0
========================
Round #477
Player cards: [♣5, ♠8], Bot cards:[♠5, ♥Q]
Player points: [13, 13], Bot points:[15, 15]
Bot get one more card ♣6
Player point: 13, Bot point: 21
Player lose! Money: 1086.0
========================
Round #478
Player cards: [♠6, ♥7], Bot cards:[♦7, ♦Q]
Player points: [13, 13], Bot points:[17, 17]
Player get one more card ♠4
Player point: 17, Bot point: 17
Draw! Money:1086.0
========================
Round #479
Player cards: [♠5, ♦A], Bot cards:[♦2, ♥3]
Player points: [6, 16], Bot points:[5, 5]
Bot get one more card ♥Q
Bot get one more card ♥5
Player point: 16, Bot point: 20
Player lose! Money: 1066.0
========================
Round #480
Player cards: [♣4, ♥5], Bot cards:[♦A, ♣A]
Player points: [9, 9], Bot points:[2, 12]
Player get one more card ♣K
Bot get one more card ♠6
Bot get one more card ♠T
Player point: 19, Bot point: 18
Player win! Money: 1086.0
========================
Round #481
Player cards: [♠4, ♦J], Bot cards:[♦4, ♣K]
Player points: [14, 14], Bot points:[14, 14]
Bot get one more card ♠7
Player point: 14, Bot point: 21
Player lose! Money: 1066.0
========================
Round #482
Player cards: [♣9, ♣T], Bot cards:[♥7, ♦K]
Player points: [19, 19], Bot points:[17, 17]
Player point: 19, Bot point: 17
Player win! Money: 1086.0
========================
Round #483
Player cards: [♠6, ♠Q], Bot cards:[♠9, ♦T]
Player points: [16, 16], Bot points:[19, 19]
Player get one more card ♣6
Player point: 22, Bot point: 19
Player lose! Money: 1066.0
========================
Round #484
Player cards: [♥4, ♦6], Bot cards:[♠8, ♥9]
Player points: [10, 10], Bot points:[17, 17]
----- Double Bet! -----
Player get one more card ♣5
Player point: 15, Bot point: 17
Player lose! Money: 1026.0
========================
Round #485
Player cards: [♦K, ♥K], Bot cards:[♠8, ♥A]
Player points: [20, 20], Bot points:[9, 19]
Bot get one more card ♠K
Player point: 20, Bot point: 19
Player win! Money: 1046.0
========================
Round #486
Player cards: [♣T, ♣A], Bot cards:[♣7, ♦K]
Player points: [11, 21], Bot points:[17, 17]
Player point: 21, Bot point: 17
------ BlackJack!! ------
Player win! Money: 1072.0
========================
Round #487
Player cards: [♠2, ♣T], Bot cards:[♥2, ♠3]
Player points: [12, 12], Bot points:[5, 5]
Player get one more card ♥3
Bot get one more card ♣9
Bot get one more card ♥2
Bot get one more card ♠J
Player point: 15, Bot point: 26
Player win! Money: 1092.0
========================
Round #488
Player cards: [♣8, ♥J], Bot cards:[♠5, ♥9]
Player points: [18, 18], Bot points:[14, 14]
Bot get one more card ♠3
Player point: 18, Bot point: 17
Player win! Money: 1112.0
========================
Round #489
Player cards: [♣9, ♣A], Bot cards:[♣T, ♦Q]
Player points: [10, 20], Bot points:[20, 20]
Player point: 20, Bot point: 20
Draw! Money:1112.0
========================
Round #490
Player cards: [♦T, ♠T], Bot cards:[♦3, ♦5]
Player points: [20, 20], Bot points:[8, 8]
Bot get one more card ♠2
Bot get one more card ♠4
Bot get one more card ♠9
Player point: 20, Bot point: 23
Player win! Money: 1132.0
========================
Round #491
Player cards: [♦6, ♦K], Bot cards:[♥Q, ♥A]
Player points: [16, 16], Bot points:[11, 21]
Player get one more card ♥J
Bot get one more card ♠A
Bot get one more card ♣2
Bot get one more card ♣7
Player point: 26, Bot point: 21
Player lose! Money: 1112.0
========================
Round #492
Player cards: [♣2, ♥K], Bot cards:[♥T, ♠A]
Player points: [12, 12], Bot points:[11, 21]
Player get one more card ♥5
Bot get one more card ♥3
Bot get one more card ♥6
Player point: 17, Bot point: 20
Player lose! Money: 1092.0
========================
Round #493
Player cards: [♣2, ♥A], Bot cards:[♥J, ♦A]
Player points: [3, 13], Bot points:[11, 21]
Player get one more card ♥9
Player get one more card ♣Q
Bot get one more card ♣3
Bot get one more card ♠T
Player point: 22, Bot point: 24
Player lose! Money: 1072.0
========================
Round #494
Player cards: [♦4, ♥8], Bot cards:[♦3, ♣J]
Player points: [12, 12], Bot points:[13, 13]
Player get one more card ♠J
Bot get one more card ♣T
Player point: 22, Bot point: 23
Player lose! Money: 1052.0
========================
Round #495
Player cards: [♦3, ♦6], Bot cards:[♣3, ♠7]
Player points: [9, 9], Bot points:[10, 10]
----- Double Bet! -----
Player get one more card ♣3
Bot get one more card ♥4
Bot get one more card ♣K
Player point: 12, Bot point: 24
Player win! Money: 1092.0
========================
Round #496
Player cards: [♣6, ♠K], Bot cards:[♥4, ♠K]
Player points: [16, 16], Bot points:[14, 14]
Bot get one more card ♦2
Bot get one more card ♠3
Player point: 16, Bot point: 19
Player lose! Money: 1072.0
========================
Round #497
Player cards: [♣J, ♣J], Bot cards:[♦6, ♠Q]
Player points: [20, 20], Bot points:[16, 16]
Bot get one more card ♦7
Player point: 20, Bot point: 23
Player win! Money: 1092.0
========================
Round #498
Player cards: [♣7, ♥K], Bot cards:[♣7, ♦9]
Player points: [17, 17], Bot points:[16, 16]
Bot get one more card ♠8
Player point: 17, Bot point: 24
Player win! Money: 1112.0
========================
Round #499
Player cards: [♠Q, ♦A], Bot cards:[♥7, ♥A]
Player points: [11, 21], Bot points:[8, 18]
Bot get one more card ♥8
Bot get one more card ♠J
Player point: 21, Bot point: 26
------ BlackJack!! ------
Player win! Money: 1138.0
========================
Round #500
Player cards: [♣4, ♦Q], Bot cards:[♠9, ♥T]
Player points: [14, 14], Bot points:[19, 19]
Player get one more card ♦T
Player point: 24, Bot point: 19
Player lose! Money: 1118.0
========================
Round #501
Player cards: [♠3, ♦5], Bot cards:[♣5, ♦J]
Player points: [8, 8], Bot points:[15, 15]
Player get one more card ♠K
Bot get one more card ♦3
Player point: 18, Bot point: 18
Draw! Money:1118.0
========================
Round #502
Player cards: [♣8, ♣K], Bot cards:[♥4, ♣8]
Player points: [18, 18], Bot points:[12, 12]
Bot get one more card ♥6
Player point: 18, Bot point: 18
Draw! Money:1118.0
========================
Round #503
Player cards: [♠9, ♦J], Bot cards:[♦Q, ♠A]
Player points: [19, 19], Bot points:[11, 21]
Bot get one more card ♠A
Bot get one more card ♣4
Bot get one more card ♦9
Player point: 19, Bot point: 25
Player win! Money: 1138.0
========================
Round #504
Player cards: [♦4, ♣J], Bot cards:[♦7, ♥7]
Player points: [14, 14], Bot points:[14, 14]
Player get one more card ♥8
Bot get one more card ♠6
Player point: 22, Bot point: 20
Player lose! Money: 1118.0
========================
Round #505
Player cards: [♥2, ♣J], Bot cards:[♣6, ♥8]
Player points: [12, 12], Bot points:[14, 14]
Bot get one more card ♦T
Player point: 12, Bot point: 24
Player win! Money: 1138.0
========================
Round #506
Player cards: [♦2, ♥6], Bot cards:[♦5, ♥Q]
Player points: [8, 8], Bot points:[15, 15]
Player get one more card ♠Q
Bot get one more card ♣K
Player point: 18, Bot point: 25
Player win! Money: 1158.0
========================
Round #507
Player cards: [♦8, ♥K], Bot cards:[♦5, ♣Q]
Player points: [18, 18], Bot points:[15, 15]
Bot get one more card ♥3
Player point: 18, Bot point: 18
Draw! Money:1158.0
========================
Round #508
Player cards: [♠2, ♠2], Bot cards:[♣5, ♣9]
Player points: [4, 4], Bot points:[14, 14]
-------- Split! Two hands: [8, 8], [4, 4]
Player get one more card ♣A
For second hand:
Player get one more card ♠J
Bot get one more card ♦7
Player point: 19, Bot point: 21
Player lose! Money: 1138.0
========================
Player point: 14, Bot point: 21
Player lose! Money: 1118.0
========================
Round #509
New deck
Player cards: [♠6, ♥K], Bot cards:[♠7, ♠8]
Player points: [16, 16], Bot points:[15, 15]
Player get one more card ♥A
Bot get one more card ♠6
Player point: 17, Bot point: 21
Player lose! Money: 1098.0
========================
Round #510
Player cards: [♠5, ♣J], Bot cards:[♠3, ♥7]
Player points: [15, 15], Bot points:[10, 10]
Bot get one more card ♥3
Bot get one more card ♦5
Player point: 15, Bot point: 18
Player lose! Money: 1078.0
========================
Round #511
Player cards: [♣5, ♣6], Bot cards:[♥5, ♥7]
Player points: [11, 11], Bot points:[12, 12]
----- Double Bet! -----
Player get one more card ♦Q
Bot get one more card ♦Q
Player point: 21, Bot point: 22
Player win! Money: 1118.0
========================
Round #512
Player cards: [♣3, ♦T], Bot cards:[♥9, ♣A]
Player points: [13, 13], Bot points:[10, 20]
Player get one more card ♦8
Bot get one more card ♠9
Player point: 21, Bot point: 19
Player win! Money: 1138.0
========================
Round #513
Player cards: [♥6, ♥T], Bot cards:[♦J, ♠Q]
Player points: [16, 16], Bot points:[20, 20]
Player get one more card ♦K
Player point: 26, Bot point: 20
Player lose! Money: 1118.0
========================
Round #514
Player cards: [♠3, ♦A], Bot cards:[♥4, ♠K]
Player points: [4, 14], Bot points:[14, 14]
Bot get one more card ♠8
Player point: 14, Bot point: 22
Player win! Money: 1138.0
========================
Round #515
Player cards: [♠7, ♠A], Bot cards:[♦4, ♣9]
Player points: [8, 18], Bot points:[13, 13]
Bot get one more card ♠5
Player point: 18, Bot point: 18
Draw! Money:1138.0
========================
Round #516
Player cards: [♣2, ♥7], Bot cards:[♦8, ♠A]
Player points: [9, 9], Bot points:[9, 19]
Player get one more card ♣T
Bot get one more card ♥J
Player point: 19, Bot point: 19
Draw! Money:1138.0
========================
Round #517
Player cards: [♦3, ♥8], Bot cards:[♠4, ♥8]
Player points: [11, 11], Bot points:[12, 12]
----- Double Bet! -----
Player get one more card ♦Q
Bot get one more card ♥9
Player point: 21, Bot point: 21
Player lose! Money: 1098.0
========================
Round #518
Player cards: [♣4, ♥5], Bot cards:[♦2, ♥8]
Player points: [9, 9], Bot points:[10, 10]
Player get one more card ♣2
Player get one more card ♣K
Bot get one more card ♥8
Player point: 21, Bot point: 18
Player win! Money: 1118.0
========================
Round #519
Player cards: [♣5, ♠T], Bot cards:[♦2, ♣4]
Player points: [15, 15], Bot points:[6, 6]
Bot get one more card ♣3
Bot get one more card ♠2
Bot get one more card ♣6
Player point: 15, Bot point: 17
Player lose! Money: 1098.0
========================
Round #520
Player cards: [♥4, ♠T], Bot cards:[♥5, ♣K]
Player points: [14, 14], Bot points:[15, 15]
Bot get one more card ♣6
Player point: 14, Bot point: 21
Player lose! Money: 1078.0
========================
Round #521
Player cards: [♥T, ♥Q], Bot cards:[♦4, ♣T]
Player points: [20, 20], Bot points:[14, 14]
Bot get one more card ♠K
Player point: 20, Bot point: 24
Player win! Money: 1098.0
========================
Round #522
Player cards: [♦9, ♦J], Bot cards:[♥6, ♦7]
Player points: [19, 19], Bot points:[13, 13]
Bot get one more card ♦4
Player point: 19, Bot point: 17
Player win! Money: 1118.0
========================
Round #523
Player cards: [♦7, ♥9], Bot cards:[♥5, ♠6]
Player points: [16, 16], Bot points:[11, 11]
Bot get one more card ♣8
Player point: 16, Bot point: 19
Player lose! Money: 1098.0
========================
Round #524
Player cards: [♥7, ♥A], Bot cards:[♥3, ♠J]
Player points: [8, 18], Bot points:[13, 13]
Bot get one more card ♦9
Player point: 18, Bot point: 22
Player win! Money: 1118.0
========================
Round #525
Player cards: [♠7, ♥Q], Bot cards:[♠Q, ♠K]
Player points: [17, 17], Bot points:[20, 20]
Player point: 17, Bot point: 20
Player lose! Money: 1098.0
========================
Round #526
Player cards: [♣4, ♦6], Bot cards:[♣7, ♠J]
Player points: [10, 10], Bot points:[17, 17]
----- Double Bet! -----
Player get one more card ♦6
Player point: 16, Bot point: 17
Player lose! Money: 1058.0
========================
Round #527
Player cards: [♠9, ♥Q], Bot cards:[♣2, ♠J]
Player points: [19, 19], Bot points:[12, 12]
Bot get one more card ♦8
Player point: 19, Bot point: 20
Player lose! Money: 1038.0
========================
Round #528
Player cards: [♦3, ♣7], Bot cards:[♦2, ♣8]
Player points: [10, 10], Bot points:[10, 10]
----- Double Bet! -----
Player get one more card ♠6
Bot get one more card ♥K
Player point: 16, Bot point: 20
Player lose! Money: 998.0
========================
Round #529
Player cards: [♣8, ♦8], Bot cards:[♠4, ♣5]
Player points: [16, 16], Bot points:[9, 9]
-------- Split! Two hands: [18, 18], [15, 15]
For second hand:
Bot get one more card ♦5
Bot get one more card ♠9
Player point: 18, Bot point: 23
Player win! Money: 1018.0
========================
Player point: 15, Bot point: 23
Player win! Money: 1038.0
========================
Round #530
Player cards: [♦9, ♣A], Bot cards:[♦Q, ♥A]
Player points: [10, 20], Bot points:[11, 21]
Bot get one more card ♦5
Bot get one more card ♥K
Player point: 20, Bot point: 26
Player win! Money: 1058.0
========================
Round #531
Player cards: [♦2, ♣Q], Bot cards:[♦5, ♦T]
Player points: [12, 12], Bot points:[15, 15]
Bot get one more card ♠A
Bot get one more card ♠3
Player point: 12, Bot point: 19
Player lose! Money: 1038.0
========================
Round #532
Player cards: [♥9, ♠T], Bot cards:[♠2, ♥4]
Player points: [19, 19], Bot points:[6, 6]
Bot get one more card ♦A
Bot get one more card ♥J
Player point: 19, Bot point: 17
Player win! Money: 1058.0
========================
Round #533
Player cards: [♥6, ♥T], Bot cards:[♦2, ♦7]
Player points: [16, 16], Bot points:[9, 9]
Bot get one more card ♦J
Player point: 16, Bot point: 19
Player lose! Money: 1038.0
========================
Round #534
Player cards: [♥3, ♦K], Bot cards:[♣7, ♥T]
Player points: [13, 13], Bot points:[17, 17]
Player get one more card ♦3
Player get one more card ♠T
Player point: 26, Bot point: 17
Player lose! Money: 1018.0
========================
Round #535
Player cards: [♣T, ♥J], Bot cards:[♥6, ♠Q]
Player points: [20, 20], Bot points:[16, 16]
Bot get one more card ♣9
Player point: 20, Bot point: 25
Player win! Money: 1038.0
========================
Round #536
Player cards: [♣3, ♦T], Bot cards:[♠4, ♦4]
Player points: [13, 13], Bot points:[8, 8]
Bot get one more card ♦K
Player point: 13, Bot point: 18
Player lose! Money: 1018.0
========================
Round #537
Player cards: [♣9, ♣Q], Bot cards:[♣4, ♣Q]
Player points: [19, 19], Bot points:[14, 14]
Bot get one more card ♠J
Player point: 19, Bot point: 24
Player win! Money: 1038.0
========================
Round #538
Player cards: [♥2, ♠5], Bot cards:[♣K, ♦A]
Player points: [7, 7], Bot points:[11, 21]
Player get one more card ♣7
Player get one more card ♣8
Bot get one more card ♠K
Player point: 22, Bot point: 21
Player lose! Money: 1018.0
========================
Round #539
Player cards: [♠3, ♦7], Bot cards:[♠8, ♣A]
Player points: [10, 10], Bot points:[9, 19]
----- Double Bet! -----
Player get one more card ♥2
Bot get one more card ♦6
Bot get one more card ♣2
Player point: 12, Bot point: 17
Player lose! Money: 978.0
========================
Round #540
Player cards: [♦9, ♦A], Bot cards:[♠2, ♠9]
Player points: [10, 20], Bot points:[11, 11]
Bot get one more card ♠4
Bot get one more card ♣T
Player point: 20, Bot point: 25
Player win! Money: 998.0
========================
Round #541
Player cards: [♣J, ♦K], Bot cards:[♠2, ♣3]
Player points: [20, 20], Bot points:[5, 5]
Bot get one more card ♥Q
Bot get one more card ♠A
Bot get one more card ♥2
Player point: 20, Bot point: 18
Player win! Money: 1018.0
========================
Round #542
Player cards: [♠8, ♦J], Bot cards:[♦T, ♣J]
Player points: [18, 18], Bot points:[20, 20]
Player point: 18, Bot point: 20
Player lose! Money: 998.0
========================
Round #543
Player cards: [♥2, ♣J], Bot cards:[♥3, ♦6]
Player points: [12, 12], Bot points:[9, 9]
Player get one more card ♣6
Bot get one more card ♦3
Bot get one more card ♣A
Bot get one more card ♣K
Player point: 18, Bot point: 23
Player win! Money: 1018.0
========================
Round #544
New deck
Player cards: [♥9, ♦J], Bot cards:[♥6, ♠A]
Player points: [19, 19], Bot points:[7, 17]
Bot get one more card ♣7
Bot get one more card ♣T
Player point: 19, Bot point: 24
Player win! Money: 1038.0
========================
Round #545
Player cards: [♣J, ♠K], Bot cards:[♦3, ♣9]
Player points: [20, 20], Bot points:[12, 12]
Bot get one more card ♦6
Player point: 20, Bot point: 18
Player win! Money: 1058.0
========================
Round #546
Player cards: [♣5, ♥7], Bot cards:[♠6, ♥A]
Player points: [12, 12], Bot points:[7, 17]
Bot get one more card ♣Q
Player point: 12, Bot point: 17
Player lose! Money: 1038.0
========================
Round #547
Player cards: [♠2, ♠K], Bot cards:[♥7, ♦T]
Player points: [12, 12], Bot points:[17, 17]
Player get one more card ♠5
Player point: 17, Bot point: 17
Draw! Money:1038.0
========================
Round #548
Player cards: [♣8, ♥K], Bot cards:[♦6, ♣Q]
Player points: [18, 18], Bot points:[16, 16]
Bot get one more card ♥A
Player point: 18, Bot point: 17
Player win! Money: 1058.0
========================
Round #549
Player cards: [♦2, ♣4], Bot cards:[♣6, ♦Q]
Player points: [6, 6], Bot points:[16, 16]
Player get one more card ♦3
Player get one more card ♣5
Bot get one more card ♣3
Player point: 14, Bot point: 19
Player lose! Money: 1038.0
========================
Round #550
Player cards: [♥T, ♦Q], Bot cards:[♠3, ♦9]
Player points: [20, 20], Bot points:[12, 12]
Bot get one more card ♦3
Bot get one more card ♥9
Player point: 20, Bot point: 24
Player win! Money: 1058.0
========================
Round #551
Player cards: [♠2, ♥7], Bot cards:[♦2, ♣4]
Player points: [9, 9], Bot points:[6, 6]
Player get one more card ♦8
Bot get one more card ♦A
Bot get one more card ♣3
Bot get one more card ♣3
Bot get one more card ♦J
Player point: 17, Bot point: 23
Player win! Money: 1078.0
========================
Round #552
Player cards: [♠K, ♥A], Bot cards:[♦9, ♥J]
Player points: [11, 21], Bot points:[19, 19]
Player point: 21, Bot point: 19
------ BlackJack!! ------
Player win! Money: 1104.0
========================
Round #553
Player cards: [♣6, ♥Q], Bot cards:[♠3, ♣T]
Player points: [16, 16], Bot points:[13, 13]
Bot get one more card ♦4
Player point: 16, Bot point: 17
Player lose! Money: 1084.0
========================
Round #554
Player cards: [♦9, ♠A], Bot cards:[♦5, ♦J]
Player points: [10, 20], Bot points:[15, 15]
Bot get one more card ♣3
Player point: 20, Bot point: 18
Player win! Money: 1104.0
========================
Round #555
Player cards: [♣5, ♦9], Bot cards:[♣7, ♠9]
Player points: [14, 14], Bot points:[16, 16]
Player get one more card ♣7
Bot get one more card ♠T
Player point: 21, Bot point: 26
Player win! Money: 1124.0
========================
Round #556
Player cards: [♥9, ♣J], Bot cards:[♠5, ♦J]
Player points: [19, 19], Bot points:[15, 15]
Bot get one more card ♦5
Player point: 19, Bot point: 20
Player lose! Money: 1104.0
========================
Round #557
Player cards: [♠6, ♦8], Bot cards:[♥T, ♥Q]
Player points: [14, 14], Bot points:[20, 20]
Player get one more card ♥T
Player point: 24, Bot point: 20
Player lose! Money: 1084.0
========================
Round #558
Player cards: [♣8, ♠J], Bot cards:[♥5, ♣K]
Player points: [18, 18], Bot points:[15, 15]
Bot get one more card ♠5
Player point: 18, Bot point: 20
Player lose! Money: 1064.0
========================
Round #559
Player cards: [♥2, ♥3], Bot cards:[♠8, ♦A]
Player points: [5, 5], Bot points:[9, 19]
Player get one more card ♣6
Player get one more card ♥2
Bot get one more card ♣K
Player point: 13, Bot point: 19
Player lose! Money: 1044.0
========================
Round #560
Player cards: [♠7, ♦Q], Bot cards:[♥J, ♠A]
Player points: [17, 17], Bot points:[11, 21]
Bot get one more card ♣2
Bot get one more card ♣Q
Player point: 17, Bot point: 23
Player win! Money: 1064.0
========================
Round #561
Player cards: [♥8, ♠9], Bot cards:[♦Q, ♣K]
Player points: [17, 17], Bot points:[20, 20]
Player point: 17, Bot point: 20
Player lose! Money: 1044.0
========================
Round #562
Player cards: [♠4, ♣9], Bot cards:[♠8, ♠9]
Player points: [13, 13], Bot points:[17, 17]
Player get one more card ♣8
Player point: 21, Bot point: 17
Player win! Money: 1064.0
========================
Round #563
Player cards: [♥6, ♣Q], Bot cards:[♠Q, ♠Q]
Player points: [16, 16], Bot points:[20, 20]
Player get one more card ♣9
Player point: 25, Bot point: 20
Player lose! Money: 1044.0
========================
Round #564
Player cards: [♣6, ♠J], Bot cards:[♥8, ♣T]
Player points: [16, 16], Bot points:[18, 18]
Player get one more card ♦6
Player point: 22, Bot point: 18
Player lose! Money: 1024.0
========================
Round #565
Player cards: [♥4, ♦K], Bot cards:[♦5, ♥Q]
Player points: [14, 14], Bot points:[15, 15]
Bot get one more card ♦A
Bot get one more card ♣J
Player point: 14, Bot point: 26
Player win! Money: 1044.0
========================
Round #566
Player cards: [♣2, ♦8], Bot cards:[♠4, ♠J]
Player points: [10, 10], Bot points:[14, 14]
----- Double Bet! -----
Player get one more card ♣5
Bot get one more card ♥4
Player point: 15, Bot point: 18
Player lose! Money: 1004.0
========================
Round #567
Player cards: [♦2, ♦7], Bot cards:[♠3, ♦4]
Player points: [9, 9], Bot points:[7, 7]
----- Double Bet! -----
Player get one more card ♥3
Bot get one more card ♥2
Bot get one more card ♦T
Player point: 12, Bot point: 19
Player lose! Money: 964.0
========================
Round #568
Player cards: [♣2, ♥T], Bot cards:[♦5, ♣9]
Player points: [12, 12], Bot points:[14, 14]
Bot get one more card ♥A
Bot get one more card ♥K
Player point: 12, Bot point: 25
Player win! Money: 984.0
========================
Round #569
Player cards: [♦K, ♦K], Bot cards:[♠Q, ♣A]
Player points: [20, 20], Bot points:[11, 21]
Bot get one more card ♥A
Bot get one more card ♠4
Bot get one more card ♠5
Player point: 20, Bot point: 21
Player lose! Money: 964.0
========================
Round #570
Player cards: [♠T, ♦T], Bot cards:[♠T, ♥J]
Player points: [20, 20], Bot points:[20, 20]
Player point: 20, Bot point: 20
Draw! Money:964.0
========================
Round #571
Player cards: [♥7, ♠Q], Bot cards:[♦3, ♥J]
Player points: [17, 17], Bot points:[13, 13]
Bot get one more card ♣Q
Player point: 17, Bot point: 23
Player win! Money: 984.0
========================
Round #572
Player cards: [♥3, ♥4], Bot cards:[♠5, ♦7]
Player points: [7, 7], Bot points:[12, 12]
Player get one more card ♠2
Player get one more card ♥5
Bot get one more card ♣K
Player point: 14, Bot point: 22
Player win! Money: 1004.0
========================
Round #573
Player cards: [♣4, ♣A], Bot cards:[♦6, ♦T]
Player points: [5, 15], Bot points:[16, 16]
Bot get one more card ♥J
Player point: 15, Bot point: 26
Player win! Money: 1024.0
========================
Round #574
Player cards: [♠7, ♥8], Bot cards:[♥5, ♠T]
Player points: [15, 15], Bot points:[15, 15]
Bot get one more card ♥6
Player point: 15, Bot point: 21
Player lose! Money: 1004.0
========================
Round #575
Player cards: [♣4, ♠K], Bot cards:[♣7, ♣9]
Player points: [14, 14], Bot points:[16, 16]
Player get one more card ♣5
Bot get one more card ♠3
Player point: 19, Bot point: 19
Draw! Money:1004.0
========================
Round #576
Player cards: [♥2, ♠J], Bot cards:[♠6, ♠7]
Player points: [12, 12], Bot points:[13, 13]
Bot get one more card ♥4
Player point: 12, Bot point: 17
Player lose! Money: 984.0
========================
Round #577
Player cards: [♦4, ♦8], Bot cards:[♥9, ♥K]
Player points: [12, 12], Bot points:[19, 19]
Player get one more card ♥3
Player get one more card ♠6
Player point: 21, Bot point: 19
Player win! Money: 1004.0
========================
Round #578
Player cards: [♥4, ♠8], Bot cards:[♦4, ♣T]
Player points: [12, 12], Bot points:[14, 14]
Bot get one more card ♦2
Bot get one more card ♦7
Player point: 12, Bot point: 23
Player win! Money: 1024.0
========================
Round #579
Player cards: [♠Q, ♣A], Bot cards:[♥6, ♣8]
Player points: [11, 21], Bot points:[14, 14]
Bot get one more card ♠2
Bot get one more card ♥5
Player point: 21, Bot point: 21
Player lose! Money: 1004.0
========================
Round #580
Player cards: [♠7, ♦A], Bot cards:[♥Q, ♥K]
Player points: [8, 18], Bot points:[20, 20]
Player point: 18, Bot point: 20
Player lose! Money: 984.0
========================
Round #581
Player cards: [♥K, ♣A], Bot cards:[♦7, ♠8]
Player points: [11, 21], Bot points:[15, 15]
Bot get one more card ♣J
Player point: 21, Bot point: 25
------ BlackJack!! ------
Player win! Money: 1010.0
========================
Round #582
New deck
Player cards: [♠3, ♥9], Bot cards:[♦J, ♥A]
Player points: [12, 12], Bot points:[11, 21]
Player get one more card ♦7
Bot get one more card ♠5
Bot get one more card ♠T
Player point: 19, Bot point: 26
Player win! Money: 1030.0
========================
Round #583
Player cards: [♠2, ♦K], Bot cards:[♥2, ♦9]
Player points: [12, 12], Bot points:[11, 11]
Player get one more card ♠4
Bot get one more card ♣J
Player point: 16, Bot point: 21
Player lose! Money: 1010.0
========================
Round #584
Player cards: [♠3, ♦K], Bot cards:[♣K, ♠A]
Player points: [13, 13], Bot points:[11, 21]
Player get one more card ♦T
Bot get one more card ♣5
Bot get one more card ♣2
Player point: 23, Bot point: 18
Player lose! Money: 990.0
========================
Round #585
Player cards: [♥2, ♥8], Bot cards:[♣6, ♦Q]
Player points: [10, 10], Bot points:[16, 16]
----- Double Bet! -----
Player get one more card ♦4
Bot get one more card ♥J
Player point: 14, Bot point: 26
Player win! Money: 1030.0
========================
Round #586
Player cards: [♥4, ♠7], Bot cards:[♠T, ♠K]
Player points: [11, 11], Bot points:[20, 20]
----- Double Bet! -----
Player get one more card ♦9
Player point: 20, Bot point: 20
Draw! Money:1030.0
========================
Round #587
Player cards: [♣7, ♥Q], Bot cards:[♣4, ♣5]
Player points: [17, 17], Bot points:[9, 9]
Bot get one more card ♠9
Player point: 17, Bot point: 18
Player lose! Money: 1010.0
========================
Round #588
Player cards: [♣4, ♣Q], Bot cards:[♣2, ♣K]
Player points: [14, 14], Bot points:[12, 12]
Bot get one more card ♥J
Player point: 14, Bot point: 22
Player win! Money: 1030.0
========================
Round #589
Player cards: [♠T, ♦Q], Bot cards:[♣4, ♠7]
Player points: [20, 20], Bot points:[11, 11]
Bot get one more card ♥T
Player point: 20, Bot point: 21
Player lose! Money: 1010.0
========================
Round #590
Player cards: [♥4, ♥7], Bot cards:[♠5, ♣9]
Player points: [11, 11], Bot points:[14, 14]
----- Double Bet! -----
Player get one more card ♠Q
Bot get one more card ♦2
Bot get one more card ♠2
Player point: 21, Bot point: 18
Player win! Money: 1050.0
========================
Round #591
Player cards: [♣7, ♣A], Bot cards:[♥3, ♦5]
Player points: [8, 18], Bot points:[8, 8]
Bot get one more card ♠4
Bot get one more card ♦A
Bot get one more card ♣K
Player point: 18, Bot point: 23
Player win! Money: 1070.0
========================
Round #592
Player cards: [♦3, ♥Q], Bot cards:[♥3, ♠6]
Player points: [13, 13], Bot points:[9, 9]
Bot get one more card ♠8
Player point: 13, Bot point: 17
Player lose! Money: 1050.0
========================
Round #593
Player cards: [♣4, ♣Q], Bot cards:[♠8, ♦Q]
Player points: [14, 14], Bot points:[18, 18]
Player get one more card ♥K
Player point: 24, Bot point: 18
Player lose! Money: 1030.0
========================
Round #594
Player cards: [♦4, ♣A], Bot cards:[♦4, ♥7]
Player points: [5, 15], Bot points:[11, 11]
Bot get one more card ♦3
Bot get one more card ♦2
Bot get one more card ♥9
Player point: 15, Bot point: 25
Player win! Money: 1050.0
========================
Round #595
Player cards: [♦7, ♠T], Bot cards:[♣8, ♣Q]
Player points: [17, 17], Bot points:[18, 18]
Player point: 17, Bot point: 18
Player lose! Money: 1030.0
========================
Round #596
Player cards: [♦7, ♥8], Bot cards:[♥3, ♠J]
Player points: [15, 15], Bot points:[13, 13]
Bot get one more card ♥T
Player point: 15, Bot point: 23
Player win! Money: 1050.0
========================
Round #597
Player cards: [♥8, ♦J], Bot cards:[♥9, ♦K]
Player points: [18, 18], Bot points:[19, 19]
Player point: 18, Bot point: 19
Player lose! Money: 1030.0
========================
Round #598
Player cards: [♦3, ♥K], Bot cards:[♦4, ♠J]
Player points: [13, 13], Bot points:[14, 14]
Bot get one more card ♦9
Player point: 13, Bot point: 23
Player win! Money: 1050.0
========================
Round #599
Player cards: [♦2, ♣2], Bot cards:[♣T, ♠K]
Player points: [4, 4], Bot points:[20, 20]
Player get one more card ♥A
Player get one more card ♥9
Player get one more card ♠Q
Player point: 24, Bot point: 20
Player lose! Money: 1030.0
========================
Round #600
Player cards: [♣8, ♠J], Bot cards:[♣9, ♦T]
Player points: [18, 18], Bot points:[19, 19]
Player point: 18, Bot point: 19
Player lose! Money: 1010.0
========================
Round #601
Player cards: [♥T, ♦T], Bot cards:[♦5, ♣T]
Player points: [20, 20], Bot points:[15, 15]
Bot get one more card ♥5
Player point: 20, Bot point: 20
Draw! Money:1010.0
========================
Round #602
Player cards: [♦Q, ♠A], Bot cards:[♠9, ♣A]
Player points: [11, 21], Bot points:[10, 20]
Bot get one more card ♣K
Player point: 21, Bot point: 20
------ BlackJack!! ------
Player win! Money: 1036.0
========================
Round #603
Player cards: [♠Q, ♥A], Bot cards:[♥4, ♦8]
Player points: [11, 21], Bot points:[12, 12]
Bot get one more card ♠4
Bot get one more card ♣T
Player point: 21, Bot point: 26
------ BlackJack!! ------
Player win! Money: 1062.0
========================
Round #604
Player cards: [♣3, ♦9], Bot cards:[♥5, ♥5]
Player points: [12, 12], Bot points:[10, 10]
Bot get one more card ♠4
Bot get one more card ♥2
Bot get one more card ♦A
Player point: 12, Bot point: 17
Player lose! Money: 1042.0
========================
Round #605
Player cards: [♠2, ♦6], Bot cards:[♥6, ♦T]
Player points: [8, 8], Bot points:[16, 16]
Player get one more card ♥8
Bot get one more card ♦5
Player point: 16, Bot point: 21
Player lose! Money: 1022.0
========================
Round #606
Player cards: [♣7, ♠K], Bot cards:[♦6, ♣9]
Player points: [17, 17], Bot points:[15, 15]
Bot get one more card ♠5
Player point: 17, Bot point: 20
Player lose! Money: 1002.0
========================
Round #607
Player cards: [♦5, ♦A], Bot cards:[♠2, ♣6]
Player points: [6, 16], Bot points:[8, 8]
Bot get one more card ♣8
Bot get one more card ♥3
Player point: 16, Bot point: 19
Player lose! Money: 982.0
========================
Round #608
Player cards: [♠7, ♥7], Bot cards:[♠4, ♠6]
Player points: [14, 14], Bot points:[10, 10]
-------- Split! Two hands: [17, 17], [14, 14]
For second hand:
Bot get one more card ♥Q
Player point: 17, Bot point: 20
Player lose! Money: 962.0
========================
Player point: 14, Bot point: 20
Player lose! Money: 942.0
========================
Round #609
Player cards: [♥2, ♦8], Bot cards:[♠5, ♥6]
Player points: [10, 10], Bot points:[11, 11]
----- Double Bet! -----
Player get one more card ♠6
Bot get one more card ♥5
Bot get one more card ♠8
Player point: 16, Bot point: 24
Player win! Money: 982.0
========================
Round #610
Player cards: [♦3, ♣8], Bot cards:[♠7, ♦A]
Player points: [11, 11], Bot points:[8, 18]
----- Double Bet! -----
Player get one more card ♥J
Bot get one more card ♠9
Player point: 21, Bot point: 17
Player win! Money: 1022.0
========================
Round #611
Player cards: [♠J, ♠A], Bot cards:[♦8, ♣A]
Player points: [11, 21], Bot points:[9, 19]
Bot get one more card ♣2
Bot get one more card ♥J
Player point: 21, Bot point: 21
Player lose! Money: 1002.0
========================
Round #612
Player cards: [♣5, ♥8], Bot cards:[♠3, ♣J]
Player points: [13, 13], Bot points:[13, 13]
Bot get one more card ♦6
Player point: 13, Bot point: 19
Player lose! Money: 982.0
========================
Round #613
Player cards: [♣3, ♥T], Bot cards:[♦K, ♦K]
Player points: [13, 13], Bot points:[20, 20]
Player get one more card ♦8
Player point: 21, Bot point: 20
Player win! Money: 1002.0
========================
Round #614
Player cards: [♦J, ♠A], Bot cards:[♣2, ♣3]
Player points: [11, 21], Bot points:[5, 5]
Bot get one more card ♠Q
Bot get one more card ♣3
Player point: 21, Bot point: 18
------ BlackJack!! ------
Player win! Money: 1028.0
========================
Round #615
Player cards: [♠3, ♥K], Bot cards:[♣J, ♥A]
Player points: [13, 13], Bot points:[11, 21]
Player get one more card ♠9
Bot get one more card ♣6
Player point: 22, Bot point: 17
Player lose! Money: 1008.0
========================
Round #616
Player cards: [♦J, ♣J], Bot cards:[♠9, ♣Q]
Player points: [20, 20], Bot points:[19, 19]
Player point: 20, Bot point: 19
Player win! Money: 1028.0
========================
Round #617
Player cards: [♣9, ♥Q], Bot cards:[♠6, ♠8]
Player points: [19, 19], Bot points:[14, 14]
Bot get one more card ♦2
Bot get one more card ♥7
Player point: 19, Bot point: 23
Player win! Money: 1048.0
========================
Round #618
Player cards: [♥4, ♣5], Bot cards:[♥6, ♠K]
Player points: [9, 9], Bot points:[16, 16]
----- Double Bet! -----
Player get one more card ♦7
Bot get one more card ♣6
Player point: 16, Bot point: 22
Player win! Money: 1088.0
========================
Round #619
New deck
Player cards: [♦9, ♣Q], Bot cards:[♠9, ♥Q]
Player points: [19, 19], Bot points:[19, 19]
Player point: 19, Bot point: 19
Draw! Money:1088.0
========================
Round #620
Player cards: [♦T, ♥T], Bot cards:[♥J, ♠K]
Player points: [20, 20], Bot points:[20, 20]
Player point: 20, Bot point: 20
Draw! Money:1088.0
========================
Round #621
Player cards: [♠4, ♦A], Bot cards:[♣3, ♠4]
Player points: [5, 15], Bot points:[7, 7]
Bot get one more card ♦5
Bot get one more card ♣J
Player point: 15, Bot point: 22
Player win! Money: 1108.0
========================
Round #622
Player cards: [♦2, ♣K], Bot cards:[♣8, ♥J]
Player points: [12, 12], Bot points:[18, 18]
Player get one more card ♦7
Player point: 19, Bot point: 18
Player win! Money: 1128.0
========================
Round #623
Player cards: [♦T, ♠A], Bot cards:[♦6, ♥A]
Player points: [11, 21], Bot points:[7, 17]
Bot get one more card ♥5
Bot get one more card ♣5
Player point: 21, Bot point: 17
------ BlackJack!! ------
Player win! Money: 1154.0
========================
Round #624
Player cards: [♠2, ♠5], Bot cards:[♦6, ♦9]
Player points: [7, 7], Bot points:[15, 15]
Player get one more card ♣T
Bot get one more card ♥T
Player point: 17, Bot point: 25
Player win! Money: 1174.0
========================
Round #625
Player cards: [♠8, ♣K], Bot cards:[♠7, ♠J]
Player points: [18, 18], Bot points:[17, 17]
Player point: 18, Bot point: 17
Player win! Money: 1194.0
========================
Round #626
Player cards: [♠8, ♦8], Bot cards:[♥8, ♠J]
Player points: [16, 16], Bot points:[18, 18]
-------- Split! Two hands: [18, 18], [13, 13]
For second hand:
Player get one more card ♥8
Player point: 18, Bot point: 18
Draw! Money:1194.0
========================
Player point: 21, Bot point: 18
Player win! Money: 1214.0
========================
Round #627
Player cards: [♣J, ♦A], Bot cards:[♥2, ♥8]
Player points: [11, 21], Bot points:[10, 10]
Bot get one more card ♦4
Bot get one more card ♥4
Player point: 21, Bot point: 18
------ BlackJack!! ------
Player win! Money: 1240.0
========================
Round #628
Player cards: [♠5, ♣A], Bot cards:[♥3, ♠A]
Player points: [6, 16], Bot points:[4, 14]
Bot get one more card ♦2
Bot get one more card ♥A
Bot get one more card ♦8
Bot get one more card ♠2
Player point: 16, Bot point: 17
Player lose! Money: 1220.0
========================
Round #629
Player cards: [♦3, ♠Q], Bot cards:[♣9, ♦K]
Player points: [13, 13], Bot points:[19, 19]
Player get one more card ♥Q
Player point: 23, Bot point: 19
Player lose! Money: 1200.0
========================
Round #630
Player cards: [♣5, ♥5], Bot cards:[♥2, ♦6]
Player points: [10, 10], Bot points:[8, 8]
----- Double Bet! -----
Player get one more card ♦T
Bot get one more card ♣8
Bot get one more card ♥2
Player point: 20, Bot point: 18
Player win! Money: 1240.0
========================
Round #631
Player cards: [♠7, ♥K], Bot cards:[♦6, ♣J]
Player points: [17, 17], Bot points:[16, 16]
Bot get one more card ♠T
Player point: 17, Bot point: 26
Player win! Money: 1260.0
========================
Round #632
Player cards: [♣Q, ♦A], Bot cards:[♠3, ♥3]
Player points: [11, 21], Bot points:[6, 6]
Bot get one more card ♠6
Bot get one more card ♣4
Bot get one more card ♥6
Player point: 21, Bot point: 22
------ BlackJack!! ------
Player win! Money: 1286.0
========================
Round #633
Player cards: [♣7, ♦Q], Bot cards:[♠7, ♦Q]
Player points: [17, 17], Bot points:[17, 17]
Player point: 17, Bot point: 17
Draw! Money:1286.0
========================
Round #634
Player cards: [♥4, ♠T], Bot cards:[♦8, ♠Q]
Player points: [14, 14], Bot points:[18, 18]
Player get one more card ♦6
Player point: 20, Bot point: 18
Player win! Money: 1306.0
========================
Round #635
Player cards: [♦2, ♥4], Bot cards:[♠6, ♥9]
Player points: [6, 6], Bot points:[15, 15]
Player get one more card ♦7
Bot get one more card ♥3
Player point: 13, Bot point: 18
Player lose! Money: 1286.0
========================
Round #636
Player cards: [♣6, ♥6], Bot cards:[♥3, ♠5]
Player points: [12, 12], Bot points:[8, 8]
-------- Split! Two hands: [16, 16], [9, 9]
For second hand:
----- Double Bet! -----
Player get one more card ♠T
Bot get one more card ♣Q
Player point: 16, Bot point: 18
Player lose! Money: 1266.0
========================
Player point: 19, Bot point: 18
Player win! Money: 1306.0
========================
Round #637
Player cards: [♦3, ♦J], Bot cards:[♣2, ♣T]
Player points: [13, 13], Bot points:[12, 12]
Bot get one more card ♥A
Bot get one more card ♦J
Player point: 13, Bot point: 23
Player win! Money: 1326.0
========================
Round #638
Player cards: [♥4, ♥6], Bot cards:[♥7, ♣Q]
Player points: [10, 10], Bot points:[17, 17]
----- Double Bet! -----
Player get one more card ♦T
Player point: 20, Bot point: 17
Player win! Money: 1366.0
========================
Round #639
Player cards: [♣5, ♥9], Bot cards:[♠4, ♣9]
Player points: [14, 14], Bot points:[13, 13]
Bot get one more card ♣A
Bot get one more card ♣7
Player point: 14, Bot point: 21
Player lose! Money: 1346.0
========================
Round #640
Player cards: [♣3, ♣T], Bot cards:[♥2, ♥K]
Player points: [13, 13], Bot points:[12, 12]
Bot get one more card ♥J
Player point: 13, Bot point: 22
Player win! Money: 1366.0
========================
Round #641
Player cards: [♦9, ♥A], Bot cards:[♠4, ♦5]
Player points: [10, 20], Bot points:[9, 9]
Bot get one more card ♣7
Bot get one more card ♠8
Player point: 20, Bot point: 24
Player win! Money: 1386.0
========================
Round #642
Player cards: [♦5, ♦A], Bot cards:[♣2, ♠J]
Player points: [6, 16], Bot points:[12, 12]
Bot get one more card ♦Q
Player point: 16, Bot point: 22
Player win! Money: 1406.0
========================
Round #643
Player cards: [♣4, ♦K], Bot cards:[♠9, ♣J]
Player points: [14, 14], Bot points:[19, 19]
Player get one more card ♠3
Player point: 17, Bot point: 19
Player lose! Money: 1386.0
========================
Round #644
Player cards: [♦7, ♥K], Bot cards:[♥Q, ♠A]
Player points: [17, 17], Bot points:[11, 21]
Bot get one more card ♥9
Player point: 17, Bot point: 20
Player lose! Money: 1366.0
========================
Round #645
Player cards: [♦9, ♠Q], Bot cards:[♦8, ♣A]
Player points: [19, 19], Bot points:[9, 19]
Bot get one more card ♥Q
Player point: 19, Bot point: 19
Draw! Money:1366.0
========================
Round #646
Player cards: [♣9, ♣K], Bot cards:[♠3, ♠J]
Player points: [19, 19], Bot points:[13, 13]
Bot get one more card ♣4
Player point: 19, Bot point: 17
Player win! Money: 1386.0
========================
Round #647
Player cards: [♠2, ♥7], Bot cards:[♠5, ♥T]
Player points: [9, 9], Bot points:[15, 15]
----- Double Bet! -----
Player get one more card ♠K
Bot get one more card ♥T
Player point: 19, Bot point: 25
Player win! Money: 1426.0
========================
Round #648
Player cards: [♣5, ♥7], Bot cards:[♥6, ♥K]
Player points: [12, 12], Bot points:[16, 16]
Bot get one more card ♣3
Player point: 12, Bot point: 19
Player lose! Money: 1406.0
========================
Round #649
Player cards: [♦4, ♦J], Bot cards:[♠8, ♠9]
Player points: [14, 14], Bot points:[17, 17]
Player get one more card ♥9
Player point: 23, Bot point: 17
Player lose! Money: 1386.0
========================
Round #650
Player cards: [♠K, ♣A], Bot cards:[♣4, ♣K]
Player points: [11, 21], Bot points:[14, 14]
Bot get one more card ♠6
Player point: 21, Bot point: 20
------ BlackJack!! ------
Player win! Money: 1412.0
========================
Round #651
Player cards: [♦5, ♣8], Bot cards:[♦3, ♦J]
Player points: [13, 13], Bot points:[13, 13]
Bot get one more card ♣3
Bot get one more card ♣6
Player point: 13, Bot point: 22
Player win! Money: 1432.0
========================
Round #652
Player cards: [♦3, ♦4], Bot cards:[♠7, ♥7]
Player points: [7, 7], Bot points:[14, 14]
Player get one more card ♠A
Bot get one more card ♥8
Player point: 18, Bot point: 22
Player win! Money: 1452.0
========================
Round #653
Player cards: [♠6, ♦7], Bot cards:[♠2, ♣T]
Player points: [13, 13], Bot points:[12, 12]
Bot get one more card ♣2
Bot get one more card ♣6
Player point: 13, Bot point: 20
Player lose! Money: 1432.0
========================
Round #654
Player cards: [♥5, ♣6], Bot cards:[♥6, ♣8]
Player points: [11, 11], Bot points:[14, 14]
----- Double Bet! -----
Player get one more card ♠T
Bot get one more card ♠9
Player point: 21, Bot point: 23
Player win! Money: 1472.0
========================
Round #655
Player cards: [♦4, ♠K], Bot cards:[♥J, ♠A]
Player points: [14, 14], Bot points:[11, 21]
Player get one more card ♣T
Bot get one more card ♦2
Bot get one more card ♣9
Player point: 24, Bot point: 22
Player lose! Money: 1452.0
========================
Round #656
New deck
Player cards: [♦2, ♥5], Bot cards:[♣4, ♣K]
Player points: [7, 7], Bot points:[14, 14]
Player get one more card ♠Q
Bot get one more card ♦J
Player point: 17, Bot point: 24
Player win! Money: 1472.0
========================
Round #657
Player cards: [♣J, ♦A], Bot cards:[♣6, ♥8]
Player points: [11, 21], Bot points:[14, 14]
Bot get one more card ♣5
Player point: 21, Bot point: 19
------ BlackJack!! ------
Player win! Money: 1498.0
========================
Round #658
Player cards: [♦7, ♠9], Bot cards:[♣8, ♠K]
Player points: [16, 16], Bot points:[18, 18]
Player get one more card ♠2
Player point: 18, Bot point: 18
Draw! Money:1498.0
========================
Round #659
Player cards: [♦7, ♦8], Bot cards:[♦7, ♠J]
Player points: [15, 15], Bot points:[17, 17]
Player get one more card ♣3
Player point: 18, Bot point: 17
Player win! Money: 1518.0
========================
Round #660
Player cards: [♥9, ♣Q], Bot cards:[♠7, ♦K]
Player points: [19, 19], Bot points:[17, 17]
Player point: 19, Bot point: 17
Player win! Money: 1538.0
========================
Round #661
Player cards: [♣3, ♣K], Bot cards:[♣2, ♥6]
Player points: [13, 13], Bot points:[8, 8]
Bot get one more card ♥3
Bot get one more card ♣K
Player point: 13, Bot point: 21
Player lose! Money: 1518.0
========================
Round #662
Player cards: [♠2, ♠6], Bot cards:[♠7, ♦8]
Player points: [8, 8], Bot points:[15, 15]
Player get one more card ♠Q
Bot get one more card ♦4
Player point: 18, Bot point: 19
Player lose! Money: 1498.0
========================
Round #663
Player cards: [♠3, ♥7], Bot cards:[♠T, ♦Q]
Player points: [10, 10], Bot points:[20, 20]
Player get one more card ♥A
Player point: 21, Bot point: 20
Player win! Money: 1518.0
========================
Round #664
Player cards: [♣9, ♣Q], Bot cards:[♦6, ♦T]
Player points: [19, 19], Bot points:[16, 16]
Bot get one more card ♦5
Player point: 19, Bot point: 21
Player lose! Money: 1498.0
========================
Round #665
Player cards: [♥2, ♣A], Bot cards:[♥8, ♠9]
Player points: [3, 13], Bot points:[17, 17]
Player get one more card ♣A
Player get one more card ♦6
Player point: 20, Bot point: 17
Player win! Money: 1518.0
========================
Round #666
Player cards: [♣2, ♥J], Bot cards:[♦7, ♦Q]
Player points: [12, 12], Bot points:[17, 17]
Player get one more card ♦8
Player point: 20, Bot point: 17
Player win! Money: 1538.0
========================
Round #667
Player cards: [♦T, ♥J], Bot cards:[♥T, ♠Q]
Player points: [20, 20], Bot points:[20, 20]
Player point: 20, Bot point: 20
Draw! Money:1538.0
========================
Round #668
Player cards: [♥2, ♠7], Bot cards:[♣7, ♦A]
Player points: [9, 9], Bot points:[8, 18]
Player get one more card ♦J
Bot get one more card ♥5
Bot get one more card ♥7
Player point: 19, Bot point: 20
Player lose! Money: 1518.0
========================
Round #669
Player cards: [♣5, ♥9], Bot cards:[♦4, ♥8]
Player points: [14, 14], Bot points:[12, 12]
Bot get one more card ♦6
Player point: 14, Bot point: 18
Player lose! Money: 1498.0
========================
Round #670
Player cards: [♠3, ♥4], Bot cards:[♣6, ♣8]
Player points: [7, 7], Bot points:[14, 14]
Player get one more card ♠J
Bot get one more card ♥Q
Player point: 17, Bot point: 24
Player win! Money: 1518.0
========================
Round #671
Player cards: [♥3, ♣T], Bot cards:[♣2, ♦T]
Player points: [13, 13], Bot points:[12, 12]
Bot get one more card ♦2
Bot get one more card ♠5
Player point: 13, Bot point: 19
Player lose! Money: 1498.0
========================
Round #672
Player cards: [♠2, ♣Q], Bot cards:[♣4, ♥T]
Player points: [12, 12], Bot points:[14, 14]
Bot get one more card ♦A
Bot get one more card ♦9
Player point: 12, Bot point: 24
Player win! Money: 1518.0
========================
Round #673
Player cards: [♠4, ♥J], Bot cards:[♥4, ♦9]
Player points: [14, 14], Bot points:[13, 13]
Bot get one more card ♠6
Player point: 14, Bot point: 19
Player lose! Money: 1498.0
========================
Round #674
Player cards: [♠4, ♠6], Bot cards:[♥T, ♦K]
Player points: [10, 10], Bot points:[20, 20]
Player get one more card ♥Q
Player point: 20, Bot point: 20
Draw! Money:1498.0
========================
Round #675
Player cards: [♦2, ♦5], Bot cards:[♠5, ♦Q]
Player points: [7, 7], Bot points:[15, 15]
Player get one more card ♠T
Bot get one more card ♠A
Bot get one more card ♥5
Player point: 17, Bot point: 21
Player lose! Money: 1478.0
========================
Round #676
Player cards: [♥3, ♠8], Bot cards:[♠8, ♠A]
Player points: [11, 11], Bot points:[9, 19]
----- Double Bet! -----
Player get one more card ♥2
Bot get one more card ♦8
Player point: 13, Bot point: 17
Player lose! Money: 1438.0
========================
Round #677
Player cards: [♦2, ♣T], Bot cards:[♦3, ♠Q]
Player points: [12, 12], Bot points:[13, 13]
Player get one more card ♣9
Bot get one more card ♣Q
Player point: 21, Bot point: 23
Player win! Money: 1458.0
========================
Round #678
Player cards: [♥4, ♥J], Bot cards:[♥Q, ♦Q]
Player points: [14, 14], Bot points:[20, 20]
Player get one more card ♦Q
Player point: 24, Bot point: 20
Player lose! Money: 1438.0
========================
Round #679
Player cards: [♥2, ♦J], Bot cards:[♦9, ♦K]
Player points: [12, 12], Bot points:[19, 19]
Player get one more card ♦K
Player point: 22, Bot point: 19
Player lose! Money: 1418.0
========================
Round #680
Player cards: [♦3, ♠J], Bot cards:[♥6, ♥A]
Player points: [13, 13], Bot points:[7, 17]
Bot get one more card ♣7
Bot get one more card ♣6
Player point: 13, Bot point: 20
Player lose! Money: 1398.0
========================
Round #681
Player cards: [♣3, ♠9], Bot cards:[♠3, ♠T]
Player points: [12, 12], Bot points:[13, 13]
Player get one more card ♣K
Bot get one more card ♣4
Player point: 22, Bot point: 17
Player lose! Money: 1378.0
========================
Round #682
Player cards: [♦T, ♥A], Bot cards:[♣9, ♠K]
Player points: [11, 21], Bot points:[19, 19]
Player point: 21, Bot point: 19
------ BlackJack!! ------
Player win! Money: 1404.0
========================
Round #683
Player cards: [♥6, ♥K], Bot cards:[♣7, ♠8]
Player points: [16, 16], Bot points:[15, 15]
Player get one more card ♥8
Bot get one more card ♠K
Player point: 24, Bot point: 25
Player lose! Money: 1384.0
========================
Round #684
Player cards: [♦9, ♣A], Bot cards:[♥6, ♣J]
Player points: [10, 20], Bot points:[16, 16]
Bot get one more card ♥7
Player point: 20, Bot point: 23
Player win! Money: 1404.0
========================
Round #685
Player cards: [♣2, ♦5], Bot cards:[♠3, ♥4]
Player points: [7, 7], Bot points:[7, 7]
Player get one more card ♥T
Bot get one more card ♠4
Bot get one more card ♦6
Player point: 17, Bot point: 17
Draw! Money:1404.0
========================
Round #686
Player cards: [♣3, ♥K], Bot cards:[♠5, ♠T]
Player points: [13, 13], Bot points:[15, 15]
Bot get one more card ♠5
Player point: 13, Bot point: 20
Player lose! Money: 1384.0
========================
Round #687
Player cards: [♥5, ♠7], Bot cards:[♦4, ♣7]
Player points: [12, 12], Bot points:[11, 11]
Bot get one more card ♣5
Bot get one more card ♣8
Player point: 12, Bot point: 24
Player win! Money: 1404.0
========================
Round #688
Player cards: [♠J, ♣J], Bot cards:[♠K, ♣A]
Player points: [20, 20], Bot points:[11, 21]
Bot get one more card ♠2
Bot get one more card ♣2
Bot get one more card ♠A
Bot get one more card ♠8
Player point: 20, Bot point: 24
Player win! Money: 1424.0
========================
Round #689
Player cards: [♣J, ♥A], Bot cards:[♣8, ♥K]
Player points: [11, 21], Bot points:[18, 18]
Player point: 21, Bot point: 18
------ BlackJack!! ------
Player win! Money: 1450.0
========================
Round #690
Player cards: [♥3, ♦4], Bot cards:[♠9, ♦A]
Player points: [7, 7], Bot points:[10, 20]
Player get one more card ♥9
Player get one more card ♦K
Bot get one more card ♣4
Bot get one more card ♣7
Player point: 26, Bot point: 21
Player lose! Money: 1430.0
========================
Round #691
Player cards: [♠4, ♥7], Bot cards:[♦5, ♥K]
Player points: [11, 11], Bot points:[15, 15]
----- Double Bet! -----
Player get one more card ♣T
Bot get one more card ♥Q
Player point: 21, Bot point: 25
Player win! Money: 1470.0
========================
Round #692
Player cards: [♣5, ♣9], Bot cards:[♠6, ♥9]
Player points: [14, 14], Bot points:[15, 15]
Bot get one more card ♣T
Player point: 14, Bot point: 25
Player win! Money: 1490.0
========================
Round #693
New deck
Player cards: [♣3, ♥9], Bot cards:[♦2, ♦A]
Player points: [12, 12], Bot points:[3, 13]
Player get one more card ♣5
Bot get one more card ♠3
Bot get one more card ♣T
Bot get one more card ♠A
Player point: 17, Bot point: 17
Draw! Money:1490.0
========================
Round #694
Player cards: [♣8, ♦K], Bot cards:[♠2, ♣6]
Player points: [18, 18], Bot points:[8, 8]
Bot get one more card ♣K
Player point: 18, Bot point: 18
Draw! Money:1490.0
========================
Round #695
Player cards: [♦2, ♣4], Bot cards:[♥5, ♦7]
Player points: [6, 6], Bot points:[12, 12]
Player get one more card ♠6
Bot get one more card ♦4
Bot get one more card ♥4
Player point: 12, Bot point: 20
Player lose! Money: 1470.0
========================
Round #696
Player cards: [♣5, ♥T], Bot cards:[♠3, ♦J]
Player points: [15, 15], Bot points:[13, 13]
Bot get one more card ♥6
Player point: 15, Bot point: 19
Player lose! Money: 1450.0
========================
Round #697
Player cards: [♥5, ♥J], Bot cards:[♦J, ♦A]
Player points: [15, 15], Bot points:[11, 21]
Player get one more card ♥A
Player get one more card ♠4
Bot get one more card ♥5
Bot get one more card ♠9
Player point: 20, Bot point: 25
Player win! Money: 1470.0
========================
Round #698
Player cards: [♥3, ♦8], Bot cards:[♥T, ♦K]
Player points: [11, 11], Bot points:[20, 20]
----- Double Bet! -----
Player get one more card ♣3
Player point: 14, Bot point: 20
Player lose! Money: 1430.0
========================
Round #699
Player cards: [♥7, ♥8], Bot cards:[♦8, ♠Q]
Player points: [15, 15], Bot points:[18, 18]
Player get one more card ♦T
Player point: 25, Bot point: 18
Player lose! Money: 1410.0
========================
Round #700
Player cards: [♠K, ♠K], Bot cards:[♦3, ♠J]
Player points: [20, 20], Bot points:[13, 13]
Bot get one more card ♥4
Player point: 20, Bot point: 17
Player win! Money: 1430.0
========================
Round #701
Player cards: [♠7, ♥Q], Bot cards:[♣9, ♣A]
Player points: [17, 17], Bot points:[10, 20]
Bot get one more card ♥Q
Player point: 17, Bot point: 20
Player lose! Money: 1410.0
========================
Round #702
Player cards: [♣Q, ♣A], Bot cards:[♦3, ♥K]
Player points: [11, 21], Bot points:[13, 13]
Bot get one more card ♥J
Player point: 21, Bot point: 23
------ BlackJack!! ------
Player win! Money: 1436.0
========================
Round #703
Player cards: [♠8, ♣9], Bot cards:[♠3, ♦K]
Player points: [17, 17], Bot points:[13, 13]
Bot get one more card ♣4
Player point: 17, Bot point: 17
Draw! Money:1436.0
========================
Round #704
Player cards: [♦5, ♠A], Bot cards:[♠6, ♦J]
Player points: [6, 16], Bot points:[16, 16]
Bot get one more card ♣8
Player point: 16, Bot point: 24
Player win! Money: 1456.0
========================
Round #705
Player cards: [♥7, ♣J], Bot cards:[♥T, ♣T]
Player points: [17, 17], Bot points:[20, 20]
Player point: 17, Bot point: 20
Player lose! Money: 1436.0
========================
Round #706
Player cards: [♠4, ♣6], Bot cards:[♠Q, ♦K]
Player points: [10, 10], Bot points:[20, 20]
Player get one more card ♣2
Player get one more card ♠4
Player get one more card ♥J
Player point: 26, Bot point: 20
Player lose! Money: 1416.0
========================
Round #707
Player cards: [♠2, ♠6], Bot cards:[♠T, ♦A]
Player points: [8, 8], Bot points:[11, 21]
Player get one more card ♠8
Player get one more card ♦6
Bot get one more card ♣K
Player point: 22, Bot point: 21
Player lose! Money: 1396.0
========================
Round #708
Player cards: [♣3, ♥4], Bot cards:[♣3, ♣8]
Player points: [7, 7], Bot points:[11, 11]
Player get one more card ♦9
Bot get one more card ♣6
Player point: 16, Bot point: 17
Player lose! Money: 1376.0
========================
Round #709
Player cards: [♣9, ♠9], Bot cards:[♦9, ♥Q]
Player points: [18, 18], Bot points:[19, 19]
-------- Split! Two hands: [12, 12], [10, 20]
Player get one more card ♠8
For second hand:
Player point: 20, Bot point: 19
Player win! Money: 1396.0
========================
Player point: 20, Bot point: 19
Player win! Money: 1416.0
========================
Round #710
Player cards: [♥3, ♣K], Bot cards:[♦4, ♠A]
Player points: [13, 13], Bot points:[5, 15]
Bot get one more card ♥8
Bot get one more card ♠7
Player point: 13, Bot point: 20
Player lose! Money: 1396.0
========================
Round #711
Player cards: [♦3, ♠K], Bot cards:[♠5, ♦7]
Player points: [13, 13], Bot points:[12, 12]
Bot get one more card ♦J
Player point: 13, Bot point: 22
Player win! Money: 1416.0
========================
Round #712
Player cards: [♥2, ♠3], Bot cards:[♦4, ♠Q]
Player points: [5, 5], Bot points:[14, 14]
Player get one more card ♥6
Player get one more card ♥7
Bot get one more card ♥A
Bot get one more card ♦Q
Player point: 18, Bot point: 25
Player win! Money: 1436.0
========================
Round #713
Player cards: [♦8, ♠K], Bot cards:[♣2, ♦6]
Player points: [18, 18], Bot points:[8, 8]
Bot get one more card ♠5
Bot get one more card ♥6
Player point: 18, Bot point: 19
Player lose! Money: 1416.0
========================
Round #714
Player cards: [♥6, ♠A], Bot cards:[♠9, ♦A]
Player points: [7, 17], Bot points:[10, 20]
Bot get one more card ♠6
Bot get one more card ♥5
Player point: 17, Bot point: 21
Player lose! Money: 1396.0
========================
Round #715
Player cards: [♣7, ♥8], Bot cards:[♠7, ♠7]
Player points: [15, 15], Bot points:[14, 14]
Player get one more card ♣2
Bot get one more card ♣7
Player point: 17, Bot point: 21
Player lose! Money: 1376.0
========================
Round #716
Player cards: [♦5, ♣K], Bot cards:[♠5, ♦7]
Player points: [15, 15], Bot points:[12, 12]
Bot get one more card ♣T
Player point: 15, Bot point: 22
Player win! Money: 1396.0
========================
Round #717
Player cards: [♣7, ♥8], Bot cards:[♥2, ♥T]
Player points: [15, 15], Bot points:[12, 12]
Bot get one more card ♦5
Player point: 15, Bot point: 17
Player lose! Money: 1376.0
========================
Round #718
Player cards: [♥3, ♥9], Bot cards:[♣J, ♦J]
Player points: [12, 12], Bot points:[20, 20]
Player get one more card ♦3
Player get one more card ♠T
Player point: 25, Bot point: 20
Player lose! Money: 1356.0
========================
Round #719
Player cards: [♣8, ♠T], Bot cards:[♥3, ♥Q]
Player points: [18, 18], Bot points:[13, 13]
Bot get one more card ♥K
Player point: 18, Bot point: 23
Player win! Money: 1376.0
========================
Round #720
Player cards: [♣2, ♣A], Bot cards:[♥2, ♠4]
Player points: [3, 13], Bot points:[6, 6]
Bot get one more card ♣6
Bot get one more card ♦3
Bot get one more card ♥K
Player point: 13, Bot point: 25
Player win! Money: 1396.0
========================
Round #721
Player cards: [♠2, ♦Q], Bot cards:[♦4, ♠T]
Player points: [12, 12], Bot points:[14, 14]
Bot get one more card ♦2
Bot get one more card ♥K
Player point: 12, Bot point: 26
Player win! Money: 1416.0
========================
Round #722
Player cards: [♣4, ♠A], Bot cards:[♦9, ♦T]
Player points: [5, 15], Bot points:[19, 19]
Player get one more card ♦T
Player get one more card ♣6
Player point: 21, Bot point: 19
Player win! Money: 1436.0
========================
Round #723
Player cards: [♦5, ♣Q], Bot cards:[♣5, ♥A]
Player points: [15, 15], Bot points:[6, 16]
Bot get one more card ♠8
Bot get one more card ♠J
Player point: 15, Bot point: 24
Player win! Money: 1456.0
========================
Round #724
Player cards: [♣9, ♠J], Bot cards:[♥J, ♦Q]
Player points: [19, 19], Bot points:[20, 20]
Player point: 19, Bot point: 20
Player lose! Money: 1436.0
========================
Round #725
Player cards: [♥7, ♣7], Bot cards:[♠2, ♣J]
Player points: [14, 14], Bot points:[12, 12]
-------- Split! Two hands: [17, 17], [15, 15]
For second hand:
Bot get one more card ♦2
Bot get one more card ♦T
Player point: 17, Bot point: 24
Player win! Money: 1456.0
========================
Player point: 15, Bot point: 24
Player win! Money: 1476.0
========================
Round #726
Player cards: [♥4, ♦Q], Bot cards:[♥2, ♣Q]
Player points: [14, 14], Bot points:[12, 12]
Bot get one more card ♦7
Player point: 14, Bot point: 19
Player lose! Money: 1456.0
========================
Round #727
Player cards: [♠5, ♣T], Bot cards:[♠9, ♠J]
Player points: [15, 15], Bot points:[19, 19]
Player get one more card ♣Q
Player point: 25, Bot point: 19
Player lose! Money: 1436.0
========================
Round #728
New deck
Player cards: [♦T, ♥Q], Bot cards:[♣9, ♥J]
Player points: [20, 20], Bot points:[19, 19]
Player point: 20, Bot point: 19
Player win! Money: 1456.0
========================
Round #729
Player cards: [♠J, ♦A], Bot cards:[♠5, ♦9]
Player points: [11, 21], Bot points:[14, 14]
Bot get one more card ♣K
Player point: 21, Bot point: 24
------ BlackJack!! ------
Player win! Money: 1482.0
========================
Round #730
Player cards: [♠J, ♥Q], Bot cards:[♥T, ♥A]
Player points: [20, 20], Bot points:[11, 21]
Bot get one more card ♠J
Player point: 20, Bot point: 21
Player lose! Money: 1462.0
========================
Round #731
Player cards: [♣6, ♠6], Bot cards:[♣6, ♣7]
Player points: [12, 12], Bot points:[13, 13]
-------- Split! Two hands: [10, 10], [16, 16]
----- Double Bet! -----
Player get one more card ♥9
For second hand:
Bot get one more card ♠9
Player point: 19, Bot point: 22
Player win! Money: 1502.0
========================
Player point: 16, Bot point: 22
Player win! Money: 1522.0
========================
Round #732
Player cards: [♥4, ♦6], Bot cards:[♥J, ♠Q]
Player points: [10, 10], Bot points:[20, 20]
Player get one more card ♥3
Player get one more card ♦K
Player point: 23, Bot point: 20
Player lose! Money: 1502.0
========================
Round #733
Player cards: [♦6, ♣9], Bot cards:[♦J, ♦Q]
Player points: [15, 15], Bot points:[20, 20]
Player get one more card ♠A
Player get one more card ♥7
Player point: 23, Bot point: 20
Player lose! Money: 1482.0
========================
Round #734
Player cards: [♦2, ♠K], Bot cards:[♥7, ♥K]
Player points: [12, 12], Bot points:[17, 17]
Player get one more card ♥5
Player point: 17, Bot point: 17
Draw! Money:1482.0
========================
Round #735
Player cards: [♦8, ♦K], Bot cards:[♥2, ♥T]
Player points: [18, 18], Bot points:[12, 12]
Bot get one more card ♥5
Player point: 18, Bot point: 17
Player win! Money: 1502.0
========================
Round #736
Player cards: [♠J, ♥Q], Bot cards:[♠7, ♦7]
Player points: [20, 20], Bot points:[14, 14]
Bot get one more card ♠A
Bot get one more card ♠9
Player point: 20, Bot point: 24
Player win! Money: 1522.0
========================
Round #737
Player cards: [♠2, ♣5], Bot cards:[♣9, ♣J]
Player points: [7, 7], Bot points:[19, 19]
Player get one more card ♦9
Player get one more card ♠9
Player point: 25, Bot point: 19
Player lose! Money: 1502.0
========================
Round #738
Player cards: [♠3, ♦T], Bot cards:[♠7, ♠A]
Player points: [13, 13], Bot points:[8, 18]
Player get one more card ♦6
Bot get one more card ♦2
Bot get one more card ♣2
Bot get one more card ♥K
Player point: 19, Bot point: 22
Player win! Money: 1522.0
========================
Round #739
Player cards: [♥2, ♣J], Bot cards:[♦2, ♦4]
Player points: [12, 12], Bot points:[6, 6]
Player get one more card ♥K
Bot get one more card ♥A
Bot get one more card ♣8
Bot get one more card ♥9
Player point: 22, Bot point: 24
Player lose! Money: 1502.0
========================
Round #740
Player cards: [♣7, ♥A], Bot cards:[♦5, ♠9]
Player points: [8, 18], Bot points:[14, 14]
Bot get one more card ♣2
Bot get one more card ♦4
Player point: 18, Bot point: 20
Player lose! Money: 1482.0
========================
Round #741
Player cards: [♣3, ♥7], Bot cards:[♣7, ♥J]
Player points: [10, 10], Bot points:[17, 17]
----- Double Bet! -----
Player get one more card ♠5
Player point: 15, Bot point: 17
Player lose! Money: 1442.0
========================
Round #742
Player cards: [♥2, ♥3], Bot cards:[♦5, ♣K]
Player points: [5, 5], Bot points:[15, 15]
Player get one more card ♥3
Player get one more card ♦3
Player get one more card ♣T
Bot get one more card ♣3
Player point: 21, Bot point: 18
Player win! Money: 1462.0
========================
Round #743
Player cards: [♥5, ♣K], Bot cards:[♠3, ♥A]
Player points: [15, 15], Bot points:[4, 14]
Bot get one more card ♥9
Bot get one more card ♥9
Player point: 15, Bot point: 22
Player win! Money: 1482.0
========================
Round #744
Player cards: [♦7, ♠8], Bot cards:[♠4, ♣Q]
Player points: [15, 15], Bot points:[14, 14]
Bot get one more card ♦Q
Player point: 15, Bot point: 24
Player win! Money: 1502.0
========================
Round #745
Player cards: [♥8, ♠Q], Bot cards:[♦K, ♦A]
Player points: [18, 18], Bot points:[11, 21]
Bot get one more card ♠T
Player point: 18, Bot point: 21
Player lose! Money: 1482.0
========================
Round #746
Player cards: [♦9, ♥Q], Bot cards:[♣4, ♠K]
Player points: [19, 19], Bot points:[14, 14]
Bot get one more card ♣5
Player point: 19, Bot point: 19
Draw! Money:1482.0
========================
Round #747
Player cards: [♣5, ♥J], Bot cards:[♥9, ♦J]
Player points: [15, 15], Bot points:[19, 19]
Player get one more card ♥4
Player point: 19, Bot point: 19
Draw! Money:1482.0
========================
Round #748
Player cards: [♥7, ♠7], Bot cards:[♠3, ♣K]
Player points: [14, 14], Bot points:[13, 13]
-------- Split! Two hands: [17, 17], [13, 13]
For second hand:
Bot get one more card ♥4
Player point: 17, Bot point: 17
Draw! Money:1482.0
========================
Player point: 13, Bot point: 17
Player lose! Money: 1462.0
========================
Round #749
Player cards: [♠6, ♣Q], Bot cards:[♦2, ♣J]
Player points: [16, 16], Bot points:[12, 12]
Bot get one more card ♣8
Player point: 16, Bot point: 20
Player lose! Money: 1442.0
========================
Round #750
Player cards: [♥4, ♣4], Bot cards:[♣T, ♠T]
Player points: [8, 8], Bot points:[20, 20]
Player get one more card ♠8
Player get one more card ♠K
Player point: 26, Bot point: 20
Player lose! Money: 1422.0
========================
Round #751
Player cards: [♣4, ♦T], Bot cards:[♦8, ♦J]
Player points: [14, 14], Bot points:[18, 18]
Player get one more card ♣Q
Player point: 24, Bot point: 18
Player lose! Money: 1402.0
========================
Round #752
Player cards: [♦6, ♦7], Bot cards:[♥9, ♥A]
Player points: [13, 13], Bot points:[10, 20]
Player get one more card ♠6
Bot get one more card ♣A
Bot get one more card ♠2
Bot get one more card ♦5
Player point: 19, Bot point: 18
Player win! Money: 1422.0
========================
Round #753
Player cards: [♠2, ♦J], Bot cards:[♦4, ♦8]
Player points: [12, 12], Bot points:[12, 12]
Bot get one more card ♥K
Player point: 12, Bot point: 22
Player win! Money: 1442.0
========================
Round #754
Player cards: [♣2, ♦Q], Bot cards:[♣T, ♣A]
Player points: [12, 12], Bot points:[11, 21]
Player get one more card ♥2
Player get one more card ♠4
Bot get one more card ♣8
Player point: 18, Bot point: 19
Player lose! Money: 1422.0
========================
Round #755
Player cards: [♠6, ♣8], Bot cards:[♣2, ♥5]
Player points: [14, 14], Bot points:[7, 7]
Bot get one more card ♠4
Bot get one more card ♥8
Player point: 14, Bot point: 19
Player lose! Money: 1402.0
========================
Round #756
Player cards: [♠5, ♠A], Bot cards:[♠3, ♠7]
Player points: [6, 16], Bot points:[10, 10]
Bot get one more card ♠4
Bot get one more card ♦8
Player point: 16, Bot point: 22
Player win! Money: 1422.0
========================
Round #757
Player cards: [♦T, ♣A], Bot cards:[♥3, ♦3]
Player points: [11, 21], Bot points:[6, 6]
Bot get one more card ♠Q
Bot get one more card ♦A
Player point: 21, Bot point: 17
------ BlackJack!! ------
Player win! Money: 1448.0
========================
Round #758
Player cards: [♦3, ♦K], Bot cards:[♠8, ♠K]
Player points: [13, 13], Bot points:[18, 18]
Player get one more card ♦9
Player point: 22, Bot point: 18
Player lose! Money: 1428.0
========================
Round #759
Player cards: [♥6, ♦6], Bot cards:[♣6, ♠Q]
Player points: [12, 12], Bot points:[16, 16]
-------- Split! Two hands: [16, 16], [13, 13]
For second hand:
Bot get one more card ♦7
Player point: 16, Bot point: 23
Player win! Money: 1448.0
========================
Player point: 13, Bot point: 23
Player win! Money: 1468.0
========================
Round #760
Player cards: [♠5, ♦A], Bot cards:[♥8, ♣9]
Player points: [6, 16], Bot points:[17, 17]
Player get one more card ♠8
Player get one more card ♦4
Player point: 18, Bot point: 17
Player win! Money: 1488.0
========================
Round #761
Player cards: [♠2, ♣4], Bot cards:[♣6, ♥8]
Player points: [6, 6], Bot points:[14, 14]
Player get one more card ♠T
Bot get one more card ♦6
Player point: 16, Bot point: 20
Player lose! Money: 1468.0
========================
Round #762
Player cards: [♣3, ♣J], Bot cards:[♣3, ♣5]
Player points: [13, 13], Bot points:[8, 8]
Bot get one more card ♦9
Player point: 13, Bot point: 17
Player lose! Money: 1448.0
========================
Round #763
Player cards: [♥6, ♦Q], Bot cards:[♦3, ♥6]
Player points: [16, 16], Bot points:[9, 9]
Bot get one more card ♦5
Bot get one more card ♥T
Player point: 16, Bot point: 24
Player win! Money: 1468.0
========================
Round #764
New deck
Player cards: [♥4, ♥Q], Bot cards:[♣2, ♥K]
Player points: [14, 14], Bot points:[12, 12]
Bot get one more card ♠Q
Player point: 14, Bot point: 22
Player win! Money: 1488.0
========================
Round #765
Player cards: [♥5, ♦5], Bot cards:[♦J, ♥J]
Player points: [10, 10], Bot points:[20, 20]
Player get one more card ♦9
Player point: 19, Bot point: 20
Player lose! Money: 1468.0
========================
Round #766
Player cards: [♦2, ♠8], Bot cards:[♣4, ♣9]
Player points: [10, 10], Bot points:[13, 13]
----- Double Bet! -----
Player get one more card ♥5
Bot get one more card ♠Q
Player point: 15, Bot point: 23
Player win! Money: 1508.0
========================
Round #767
Player cards: [♣7, ♦Q], Bot cards:[♥9, ♠J]
Player points: [17, 17], Bot points:[19, 19]
Player point: 17, Bot point: 19
Player lose! Money: 1488.0
========================
Round #768
Player cards: [♣4, ♦A], Bot cards:[♠5, ♣K]
Player points: [5, 15], Bot points:[15, 15]
Bot get one more card ♦5
Player point: 15, Bot point: 20
Player lose! Money: 1468.0
========================
Round #769
Player cards: [♠3, ♠8], Bot cards:[♣3, ♠7]
Player points: [11, 11], Bot points:[10, 10]
----- Double Bet! -----
Player get one more card ♥3
Bot get one more card ♣5
Bot get one more card ♠A
Bot get one more card ♥T
Player point: 14, Bot point: 26
Player win! Money: 1508.0
========================
Round #770
Player cards: [♦4, ♣7], Bot cards:[♥9, ♦K]
Player points: [11, 11], Bot points:[19, 19]
----- Double Bet! -----
Player get one more card ♦Q
Player point: 21, Bot point: 19
Player win! Money: 1548.0
========================
Round #771
Player cards: [♦7, ♣A], Bot cards:[♥2, ♣9]
Player points: [8, 18], Bot points:[11, 11]
Bot get one more card ♠6
Player point: 18, Bot point: 17
Player win! Money: 1568.0
========================
Round #772
Player cards: [♠9, ♣A], Bot cards:[♦9, ♥J]
Player points: [10, 20], Bot points:[19, 19]
Player point: 20, Bot point: 19
Player win! Money: 1588.0
========================
Round #773
Player cards: [♠4, ♦A], Bot cards:[♣J, ♠A]
Player points: [5, 15], Bot points:[11, 21]
Player get one more card ♣Q
Player get one more card ♦6
Bot get one more card ♦3
Bot get one more card ♦7
Player point: 21, Bot point: 21
Player lose! Money: 1568.0
========================
Round #774
Player cards: [♦T, ♥Q], Bot cards:[♠3, ♠7]
Player points: [20, 20], Bot points:[10, 10]
Bot get one more card ♦4
Bot get one more card ♠3
Player point: 20, Bot point: 17
Player win! Money: 1588.0
========================
Round #775
Player cards: [♠8, ♦J], Bot cards:[♥8, ♣8]
Player points: [18, 18], Bot points:[16, 16]
Bot get one more card ♦9
Player point: 18, Bot point: 25
Player win! Money: 1608.0
========================
Round #776
Player cards: [♠3, ♣T], Bot cards:[♠4, ♠K]
Player points: [13, 13], Bot points:[14, 14]
Bot get one more card ♣4
Player point: 13, Bot point: 18
Player lose! Money: 1588.0
========================
Round #777
Player cards: [♥3, ♦5], Bot cards:[♣2, ♣K]
Player points: [8, 8], Bot points:[12, 12]
Player get one more card ♥5
Bot get one more card ♦7
Player point: 13, Bot point: 19
Player lose! Money: 1568.0
========================
Round #778
Player cards: [♥5, ♣K], Bot cards:[♣3, ♥6]
Player points: [15, 15], Bot points:[9, 9]
Bot get one more card ♦8
Player point: 15, Bot point: 17
Player lose! Money: 1548.0
========================
Round #779
Player cards: [♦5, ♠J], Bot cards:[♣6, ♥8]
Player points: [15, 15], Bot points:[14, 14]
Bot get one more card ♠6
Player point: 15, Bot point: 20
Player lose! Money: 1528.0
========================
Round #780
Player cards: [♥2, ♣2], Bot cards:[♦2, ♣5]
Player points: [4, 4], Bot points:[7, 7]
Player get one more card ♣4
Player get one more card ♥K
Bot get one more card ♣J
Player point: 18, Bot point: 17
Player win! Money: 1548.0
========================
Round #781
Player cards: [♣7, ♠9], Bot cards:[♦3, ♠8]
Player points: [16, 16], Bot points:[11, 11]
Bot get one more card ♠9
Player point: 16, Bot point: 20
Player lose! Money: 1528.0
========================
Round #782
Player cards: [♣5, ♥7], Bot cards:[♣6, ♣Q]
Player points: [12, 12], Bot points:[16, 16]
Bot get one more card ♣6
Player point: 12, Bot point: 22
Player win! Money: 1548.0
========================
Round #783
Player cards: [♦T, ♦Q], Bot cards:[♠9, ♣J]
Player points: [20, 20], Bot points:[19, 19]
Player point: 20, Bot point: 19
Player win! Money: 1568.0
========================
Round #784
Player cards: [♦8, ♥T], Bot cards:[♣3, ♠6]
Player points: [18, 18], Bot points:[9, 9]
Bot get one more card ♠T
Player point: 18, Bot point: 19
Player lose! Money: 1548.0
========================
Round #785
Player cards: [♠6, ♠J], Bot cards:[♥6, ♥A]
Player points: [16, 16], Bot points:[7, 17]
Bot get one more card ♠T
Player point: 16, Bot point: 17
Player lose! Money: 1528.0
========================
Round #786
Player cards: [♥4, ♣A], Bot cards:[♥4, ♥9]
Player points: [5, 15], Bot points:[13, 13]
Bot get one more card ♥6
Player point: 15, Bot point: 19
Player lose! Money: 1508.0
========================
Round #787
Player cards: [♦2, ♠5], Bot cards:[♦9, ♠T]
Player points: [7, 7], Bot points:[19, 19]
Player get one more card ♠Q
Player point: 17, Bot point: 19
Player lose! Money: 1488.0
========================
Round #788
Player cards: [♦4, ♦K], Bot cards:[♣T, ♦K]
Player points: [14, 14], Bot points:[20, 20]
Player get one more card ♥6
Player point: 20, Bot point: 20
Draw! Money:1488.0
========================
Round #789
Player cards: [♦8, ♥K], Bot cards:[♣9, ♥T]
Player points: [18, 18], Bot points:[19, 19]
Player point: 18, Bot point: 19
Player lose! Money: 1468.0
========================
Round #790
Player cards: [♠5, ♦8], Bot cards:[♠4, ♥J]
Player points: [13, 13], Bot points:[14, 14]
Bot get one more card ♠K
Player point: 13, Bot point: 24
Player win! Money: 1488.0
========================
Round #791
Player cards: [♣5, ♦6], Bot cards:[♥8, ♣K]
Player points: [11, 11], Bot points:[18, 18]
----- Double Bet! -----
Player get one more card ♠J
Player point: 21, Bot point: 18
Player win! Money: 1528.0
========================
Round #792
Player cards: [♣7, ♦J], Bot cards:[♥2, ♦3]
Player points: [17, 17], Bot points:[5, 5]
Bot get one more card ♣A
Bot get one more card ♣A
Bot get one more card ♥Q
Player point: 17, Bot point: 17
Draw! Money:1528.0
========================
Round #793
Player cards: [♣T, ♥A], Bot cards:[♦4, ♣J]
Player points: [11, 21], Bot points:[14, 14]
Bot get one more card ♣T
Player point: 21, Bot point: 24
------ BlackJack!! ------
Player win! Money: 1554.0
========================
Round #794
Player cards: [♠2, ♥Q], Bot cards:[♣6, ♠7]
Player points: [12, 12], Bot points:[13, 13]
Bot get one more card ♦T
Player point: 12, Bot point: 23
Player win! Money: 1574.0
========================
Round #795
Player cards: [♦3, ♦Q], Bot cards:[♠2, ♣2]
Player points: [13, 13], Bot points:[4, 4]
Bot get one more card ♠2
Bot get one more card ♥4
Bot get one more card ♣T
Player point: 13, Bot point: 20
Player lose! Money: 1554.0
========================
Round #796
Player cards: [♠T, ♠K], Bot cards:[♣5, ♠A]
Player points: [20, 20], Bot points:[6, 16]
Bot get one more card ♣9
Bot get one more card ♠7
Player point: 20, Bot point: 22
Player win! Money: 1574.0
========================
Round #797
Player cards: [♣3, ♥7], Bot cards:[♠2, ♦6]
Player points: [10, 10], Bot points:[8, 8]
----- Double Bet! -----
Player get one more card ♥T
Bot get one more card ♣8
Bot get one more card ♦A
Player point: 20, Bot point: 17
Player win! Money: 1614.0
========================
Round #798
Player cards: [♥7, ♠A], Bot cards:[♦2, ♣Q]
Player points: [8, 18], Bot points:[12, 12]
Bot get one more card ♥A
Bot get one more card ♥3
Bot get one more card ♠Q
Player point: 18, Bot point: 26
Player win! Money: 1634.0
========================
Round #799
Player cards: [♥7, ♥J], Bot cards:[♦6, ♦K]
Player points: [17, 17], Bot points:[16, 16]
Bot get one more card ♦A
Player point: 17, Bot point: 17
Draw! Money:1634.0
========================
Round #800
Player cards: [♣Q, ♥K], Bot cards:[♥8, ♠K]
Player points: [20, 20], Bot points:[18, 18]
Player point: 20, Bot point: 18
Player win! Money: 1654.0
========================
Round #801
Player cards: [♥2, ♥3], Bot cards:[♦7, ♥A]
Player points: [5, 5], Bot points:[8, 18]
Player get one more card ♦T
Player get one more card ♣8
Bot get one more card ♥9
Player point: 23, Bot point: 17
Player lose! Money: 1634.0
========================
Round #802
New deck
Player cards: [♣J, ♥A], Bot cards:[♥J, ♣Q]
Player points: [11, 21], Bot points:[20, 20]
Player point: 21, Bot point: 20
------ BlackJack!! ------
Player win! Money: 1660.0
========================
Round #803
Player cards: [♣2, ♣3], Bot cards:[♠2, ♠7]
Player points: [5, 5], Bot points:[9, 9]
Player get one more card ♦A
Bot get one more card ♥6
Bot get one more card ♦2
Player point: 16, Bot point: 17
Player lose! Money: 1640.0
========================
Round #804
Player cards: [♦9, ♦K], Bot cards:[♦T, ♦K]
Player points: [19, 19], Bot points:[20, 20]
Player point: 19, Bot point: 20
Player lose! Money: 1620.0
========================
Round #805
Player cards: [♦5, ♥Q], Bot cards:[♦6, ♦J]
Player points: [15, 15], Bot points:[16, 16]
Bot get one more card ♠9
Player point: 15, Bot point: 25
Player win! Money: 1640.0
========================
Round #806
Player cards: [♦4, ♠5], Bot cards:[♠3, ♠6]
Player points: [9, 9], Bot points:[9, 9]
----- Double Bet! -----
Player get one more card ♣5
Bot get one more card ♥K
Player point: 14, Bot point: 19
Player lose! Money: 1600.0
========================
Round #807
Player cards: [♣7, ♠J], Bot cards:[♥9, ♣Q]
Player points: [17, 17], Bot points:[19, 19]
Player point: 17, Bot point: 19
Player lose! Money: 1580.0
========================
Round #808
Player cards: [♣5, ♥7], Bot cards:[♥6, ♦Q]
Player points: [12, 12], Bot points:[16, 16]
Bot get one more card ♥J
Player point: 12, Bot point: 26
Player win! Money: 1600.0
========================
Round #809
Player cards: [♣9, ♥Q], Bot cards:[♦6, ♥T]
Player points: [19, 19], Bot points:[16, 16]
Bot get one more card ♦J
Player point: 19, Bot point: 26
Player win! Money: 1620.0
========================
Round #810
Player cards: [♥4, ♠9], Bot cards:[♦4, ♠T]
Player points: [13, 13], Bot points:[14, 14]
Bot get one more card ♠7
Player point: 13, Bot point: 21
Player lose! Money: 1600.0
========================
Round #811
Player cards: [♦2, ♠9], Bot cards:[♦K, ♦K]
Player points: [11, 11], Bot points:[20, 20]
----- Double Bet! -----
Player get one more card ♦T
Player point: 21, Bot point: 20
Player win! Money: 1640.0
========================
Round #812
Player cards: [♦6, ♦A], Bot cards:[♥3, ♣5]
Player points: [7, 17], Bot points:[8, 8]
Bot get one more card ♥Q
Player point: 17, Bot point: 18
Player lose! Money: 1620.0
========================
Round #813
Player cards: [♠4, ♣6], Bot cards:[♠4, ♣J]
Player points: [10, 10], Bot points:[14, 14]
----- Double Bet! -----
Player get one more card ♥2
Bot get one more card ♥4
Player point: 12, Bot point: 18
Player lose! Money: 1580.0
========================
Round #814
Player cards: [♠4, ♣6], Bot cards:[♠3, ♥5]
Player points: [10, 10], Bot points:[8, 8]
----- Double Bet! -----
Player get one more card ♦T
Bot get one more card ♠J
Player point: 20, Bot point: 18
Player win! Money: 1620.0
========================
Round #815
Player cards: [♣J, ♠K], Bot cards:[♠9, ♥J]
Player points: [20, 20], Bot points:[19, 19]
Player point: 20, Bot point: 19
Player win! Money: 1640.0
========================
Round #816
Player cards: [♠5, ♦7], Bot cards:[♣3, ♦7]
Player points: [12, 12], Bot points:[10, 10]
Player get one more card ♠A
Bot get one more card ♥K
Player point: 13, Bot point: 20
Player lose! Money: 1620.0
========================
Round #817
Player cards: [♠2, ♦9], Bot cards:[♦7, ♠Q]
Player points: [11, 11], Bot points:[17, 17]
----- Double Bet! -----
Player get one more card ♥8
Player point: 19, Bot point: 17
Player win! Money: 1660.0
========================
Round #818
Player cards: [♦Q, ♥K], Bot cards:[♥4, ♦9]
Player points: [20, 20], Bot points:[13, 13]
Bot get one more card ♦5
Player point: 20, Bot point: 18
Player win! Money: 1680.0
========================
Round #819
Player cards: [♣6, ♣K], Bot cards:[♥7, ♦J]
Player points: [16, 16], Bot points:[17, 17]
Player get one more card ♠K
Player point: 26, Bot point: 17
Player lose! Money: 1660.0
========================
Round #820
Player cards: [♠5, ♠A], Bot cards:[♥9, ♠J]
Player points: [6, 16], Bot points:[19, 19]
Player get one more card ♣3
Player point: 19, Bot point: 19
Draw! Money:1660.0
========================
Round #821
Player cards: [♥7, ♠J], Bot cards:[♠6, ♥8]
Player points: [17, 17], Bot points:[14, 14]
Bot get one more card ♠K
Player point: 17, Bot point: 24
Player win! Money: 1680.0
========================
Round #822
Player cards: [♦6, ♠A], Bot cards:[♠4, ♣8]
Player points: [7, 17], Bot points:[12, 12]
Bot get one more card ♥T
Player point: 17, Bot point: 22
Player win! Money: 1700.0
========================
Round #823
Player cards: [♦3, ♠6], Bot cards:[♣T, ♥A]
Player points: [9, 9], Bot points:[11, 21]
Player get one more card ♠A
Bot get one more card ♦5
Bot get one more card ♦2
Player point: 20, Bot point: 18
Player win! Money: 1720.0
========================
Round #824
Player cards: [♣9, ♣A], Bot cards:[♣8, ♥A]
Player points: [10, 20], Bot points:[9, 19]
Bot get one more card ♥5
Bot get one more card ♠T
Player point: 20, Bot point: 24
Player win! Money: 1740.0
========================
Round #825
Player cards: [♦2, ♠3], Bot cards:[♣4, ♠8]
Player points: [5, 5], Bot points:[12, 12]
Player get one more card ♦7
Bot get one more card ♣Q
Player point: 12, Bot point: 22
Player win! Money: 1760.0
========================
Round #826
Player cards: [♦T, ♦J], Bot cards:[♥8, ♣J]
Player points: [20, 20], Bot points:[18, 18]
Player point: 20, Bot point: 18
Player win! Money: 1780.0
========================
Round #827
Player cards: [♥9, ♠K], Bot cards:[♣5, ♦A]
Player points: [19, 19], Bot points:[6, 16]
Bot get one more card ♣6
Bot get one more card ♥3
Bot get one more card ♥T
Player point: 19, Bot point: 25
Player win! Money: 1800.0
========================
Round #828
Player cards: [♦3, ♣T], Bot cards:[♦8, ♥J]
Player points: [13, 13], Bot points:[18, 18]
Player get one more card ♣A
Player get one more card ♠8
Player point: 22, Bot point: 18
Player lose! Money: 1780.0
========================
Round #829
Player cards: [♥8, ♣K], Bot cards:[♣4, ♦J]
Player points: [18, 18], Bot points:[14, 14]
Bot get one more card ♣2
Bot get one more card ♥9
Player point: 18, Bot point: 25
Player win! Money: 1800.0
========================
Round #830
Player cards: [♠2, ♠8], Bot cards:[♥2, ♦5]
Player points: [10, 10], Bot points:[7, 7]
----- Double Bet! -----
Player get one more card ♠T
Bot get one more card ♦4
Bot get one more card ♣8
Player point: 20, Bot point: 19
Player win! Money: 1840.0
========================
Round #831
Player cards: [♥3, ♦A], Bot cards:[♥5, ♠7]
Player points: [4, 14], Bot points:[12, 12]
Bot get one more card ♦8
Player point: 14, Bot point: 20
Player lose! Money: 1820.0
========================
Round #832
Player cards: [♠2, ♣Q], Bot cards:[♦8, ♣8]
Player points: [12, 12], Bot points:[16, 16]
Player get one more card ♣8
Bot get one more card ♣K
Player point: 20, Bot point: 26
Player win! Money: 1840.0
========================
Round #833
Player cards: [♥7, ♣T], Bot cards:[♥6, ♣A]
Player points: [17, 17], Bot points:[7, 17]
Bot get one more card ♦8
Bot get one more card ♠6
Player point: 17, Bot point: 21
Player lose! Money: 1820.0
========================
Round #834
Player cards: [♣2, ♠3], Bot cards:[♥5, ♦Q]
Player points: [5, 5], Bot points:[15, 15]
Player get one more card ♥3
Player get one more card ♥4
Bot get one more card ♥2
Player point: 12, Bot point: 17
Player lose! Money: 1800.0
========================
Round #835
Player cards: [♥T, ♠Q], Bot cards:[♣3, ♠8]
Player points: [20, 20], Bot points:[11, 11]
Bot get one more card ♠5
Bot get one more card ♦9
Player point: 20, Bot point: 25
Player win! Money: 1820.0
========================
Round #836
Player cards: [♣7, ♠Q], Bot cards:[♣9, ♦Q]
Player points: [17, 17], Bot points:[19, 19]
Player point: 17, Bot point: 19
Player lose! Money: 1800.0
========================
Round #837
Player cards: [♥2, ♠5], Bot cards:[♠Q, ♥K]
Player points: [7, 7], Bot points:[20, 20]
Player get one more card ♦3
Player get one more card ♣9
Player point: 19, Bot point: 20
Player lose! Money: 1780.0
========================
Round #838
Player cards: [♥T, ♣K], Bot cards:[♦4, ♠7]
Player points: [20, 20], Bot points:[11, 11]
Bot get one more card ♣T
Player point: 20, Bot point: 21
Player lose! Money: 1760.0
========================
Round #839
Player cards: [♣2, ♣4], Bot cards:[♥6, ♣A]
Player points: [6, 6], Bot points:[7, 17]
Player get one more card ♠4
Player get one more card ♠T
Bot get one more card ♦3
Bot get one more card ♣7
Player point: 20, Bot point: 17
Player win! Money: 1780.0
========================
Round #840
New deck
Player cards: [♠4, ♠4], Bot cards:[♦3, ♦7]
Player points: [8, 8], Bot points:[10, 10]
Player get one more card ♣4
Player get one more card ♦T
Bot get one more card ♦A
Bot get one more card ♣9
Player point: 22, Bot point: 20
Player lose! Money: 1760.0
========================
Round #841
Player cards: [♥8, ♥Q], Bot cards:[♥2, ♠J]
Player points: [18, 18], Bot points:[12, 12]
Bot get one more card ♠9
Player point: 18, Bot point: 21
Player lose! Money: 1740.0
========================
Round #842
Player cards: [♣8, ♥J], Bot cards:[♣4, ♠J]
Player points: [18, 18], Bot points:[14, 14]
Bot get one more card ♠3
Player point: 18, Bot point: 17
Player win! Money: 1760.0
========================
Round #843
Player cards: [♣3, ♦J], Bot cards:[♠3, ♠K]
Player points: [13, 13], Bot points:[13, 13]
Bot get one more card ♣3
Bot get one more card ♠5
Player point: 13, Bot point: 21
Player lose! Money: 1740.0
========================
Round #844
Player cards: [♣5, ♥7], Bot cards:[♣7, ♥Q]
Player points: [12, 12], Bot points:[17, 17]
Player get one more card ♦2
Player get one more card ♦8
Player point: 22, Bot point: 17
Player lose! Money: 1720.0
========================
Round #845
Player cards: [♠2, ♦9], Bot cards:[♠7, ♥A]
Player points: [11, 11], Bot points:[8, 18]
----- Double Bet! -----
Player get one more card ♣K
Bot get one more card ♥3
Bot get one more card ♠K
Player point: 21, Bot point: 21
Player lose! Money: 1680.0
========================
Round #846
Player cards: [♣J, ♣Q], Bot cards:[♦T, ♣J]
Player points: [20, 20], Bot points:[20, 20]
Player point: 20, Bot point: 20
Draw! Money:1680.0
========================
Round #847
Player cards: [♦Q, ♠Q], Bot cards:[♦3, ♣K]
Player points: [20, 20], Bot points:[13, 13]
Bot get one more card ♠Q
Player point: 20, Bot point: 23
Player win! Money: 1700.0
========================
Round #848
Player cards: [♣6, ♥A], Bot cards:[♠8, ♠A]
Player points: [7, 17], Bot points:[9, 19]
Bot get one more card ♦Q
Player point: 17, Bot point: 19
Player lose! Money: 1680.0
========================
Round #849
Player cards: [♠4, ♠K], Bot cards:[♥3, ♦K]
Player points: [14, 14], Bot points:[13, 13]
Bot get one more card ♥7
Player point: 14, Bot point: 20
Player lose! Money: 1660.0
========================
Round #850
Player cards: [♦2, ♥9], Bot cards:[♣6, ♥Q]
Player points: [11, 11], Bot points:[16, 16]
----- Double Bet! -----
Player get one more card ♥Q
Bot get one more card ♠K
Player point: 21, Bot point: 26
Player win! Money: 1700.0
========================
Round #851
Player cards: [♥4, ♠T], Bot cards:[♣A, ♠A]
Player points: [14, 14], Bot points:[2, 12]
Player get one more card ♠J
Bot get one more card ♠J
Bot get one more card ♠7
Player point: 24, Bot point: 19
Player lose! Money: 1680.0
========================
Round #852
Player cards: [♠9, ♣Q], Bot cards:[♥K, ♦A]
Player points: [19, 19], Bot points:[11, 21]
Bot get one more card ♣2
Bot get one more card ♠7
Player point: 19, Bot point: 20
Player lose! Money: 1660.0
========================
Round #853
Player cards: [♠6, ♦K], Bot cards:[♣K, ♥K]
Player points: [16, 16], Bot points:[20, 20]
Player get one more card ♦5
Player point: 21, Bot point: 20
Player win! Money: 1680.0
========================
Round #854
Player cards: [♥6, ♥K], Bot cards:[♥T, ♣Q]
Player points: [16, 16], Bot points:[20, 20]
Player get one more card ♦9
Player point: 25, Bot point: 20
Player lose! Money: 1660.0
========================
Round #855
Player cards: [♠2, ♦5], Bot cards:[♥8, ♠T]
Player points: [7, 7], Bot points:[18, 18]
Player get one more card ♥4
Player get one more card ♥5
Player point: 16, Bot point: 18
Player lose! Money: 1640.0
========================
Round #856
Player cards: [♠4, ♥T], Bot cards:[♠3, ♣5]
Player points: [14, 14], Bot points:[8, 8]
Bot get one more card ♥3
Bot get one more card ♣J
Player point: 14, Bot point: 21
Player lose! Money: 1620.0
========================
Round #857
Player cards: [♥2, ♥2], Bot cards:[♥5, ♠T]
Player points: [4, 4], Bot points:[15, 15]
-------- Split! Two hands: [8, 8], [3, 13]
Player get one more card ♣5
For second hand:
Bot get one more card ♥9
Player point: 13, Bot point: 24
Player win! Money: 1640.0
========================
Player point: 13, Bot point: 24
Player win! Money: 1660.0
========================
Round #858
Player cards: [♦6, ♦9], Bot cards:[♣9, ♥T]
Player points: [15, 15], Bot points:[19, 19]
Player get one more card ♥T
Player point: 25, Bot point: 19
Player lose! Money: 1640.0
========================
Round #859
Player cards: [♠7, ♦J], Bot cards:[♦7, ♣Q]
Player points: [17, 17], Bot points:[17, 17]
Player point: 17, Bot point: 17
Draw! Money:1640.0
========================
Round #860
Player cards: [♠5, ♠Q], Bot cards:[♥9, ♦K]
Player points: [15, 15], Bot points:[19, 19]
Player get one more card ♦7
Player point: 22, Bot point: 19
Player lose! Money: 1620.0
========================
Round #861
Player cards: [♣2, ♦J], Bot cards:[♣4, ♠A]
Player points: [12, 12], Bot points:[5, 15]
Bot get one more card ♥K
Bot get one more card ♦T
Player point: 12, Bot point: 25
Player win! Money: 1640.0
========================
Round #862
Player cards: [♥4, ♥8], Bot cards:[♠5, ♦6]
Player points: [12, 12], Bot points:[11, 11]
Bot get one more card ♦K
Player point: 12, Bot point: 21
Player lose! Money: 1620.0
========================
Round #863
Player cards: [♣2, ♦5], Bot cards:[♣T, ♣K]
Player points: [7, 7], Bot points:[20, 20]
Player get one more card ♠6
Player get one more card ♦T
Player point: 23, Bot point: 20
Player lose! Money: 1600.0
========================
Round #864
Player cards: [♦4, ♣7], Bot cards:[♦4, ♦J]
Player points: [11, 11], Bot points:[14, 14]
----- Double Bet! -----
Player get one more card ♥A
Bot get one more card ♦Q
Player point: 12, Bot point: 24
Player win! Money: 1640.0
========================
Round #865
Player cards: [♥J, ♠Q], Bot cards:[♣8, ♦8]
Player points: [20, 20], Bot points:[16, 16]
Bot get one more card ♥5
Player point: 20, Bot point: 21
Player lose! Money: 1620.0
========================
Round #866
Player cards: [♦2, ♥6], Bot cards:[♠8, ♠9]
Player points: [8, 8], Bot points:[17, 17]
Player get one more card ♣6
Player get one more card ♥J
Player point: 24, Bot point: 17
Player lose! Money: 1600.0
========================
Round #867
Player cards: [♦4, ♣A], Bot cards:[♦5, ♠T]
Player points: [5, 15], Bot points:[15, 15]
Bot get one more card ♠8
Player point: 15, Bot point: 23
Player win! Money: 1620.0
========================
Round #868
Player cards: [♥2, ♥6], Bot cards:[♥8, ♦Q]
Player points: [8, 8], Bot points:[18, 18]
Player get one more card ♣3
Player get one more card ♠8
Player point: 19, Bot point: 18
Player win! Money: 1640.0
========================
Round #869
Player cards: [♣8, ♣9], Bot cards:[♣4, ♦8]
Player points: [17, 17], Bot points:[12, 12]
Bot get one more card ♦3
Bot get one more card ♠9
Player point: 17, Bot point: 24
Player win! Money: 1660.0
========================
Round #870
Player cards: [♣8, ♣9], Bot cards:[♠2, ♦7]
Player points: [17, 17], Bot points:[9, 9]
Bot get one more card ♦8
Player point: 17, Bot point: 17
Draw! Money:1660.0
========================
Round #871
Player cards: [♣4, ♣7], Bot cards:[♥7, ♣A]
Player points: [11, 11], Bot points:[8, 18]
----- Double Bet! -----
Player get one more card ♥A
Bot get one more card ♠6
Bot get one more card ♥7
Player point: 12, Bot point: 21
Player lose! Money: 1620.0
========================
Round #872
Player cards: [♣2, ♦3], Bot cards:[♦2, ♦6]
Player points: [5, 5], Bot points:[8, 8]
Player get one more card ♣T
Bot get one more card ♥9
Player point: 15, Bot point: 17
Player lose! Money: 1600.0
========================
Round #873
Player cards: [♠A, ♦A], Bot cards:[♣7, ♦9]
Player points: [2, 12], Bot points:[16, 16]
-------- Split! Two hands: [4, 14], [6, 16]
Player get one more card ♠2
Player get one more card ♣J
Player get one more card ♥4
For second hand:
Player get one more card ♠3
Bot get one more card ♣T
Player point: 20, Bot point: 26
Player win! Money: 1620.0
========================
Player point: 19, Bot point: 26
Player win! Money: 1640.0
========================
Round #874
Player cards: [♣7, ♥Q], Bot cards:[♣5, ♦6]
Player points: [17, 17], Bot points:[11, 11]
Bot get one more card ♥A
Bot get one more card ♣A
Bot get one more card ♣6
Player point: 17, Bot point: 19
Player lose! Money: 1620.0
========================
Round #875
New deck
Player cards: [♦7, ♦T], Bot cards:[♦4, ♥T]
Player points: [17, 17], Bot points:[14, 14]
Bot get one more card ♥J
Player point: 17, Bot point: 24
Player win! Money: 1640.0
========================
Round #876
Player cards: [♠3, ♣8], Bot cards:[♥4, ♠T]
Player points: [11, 11], Bot points:[14, 14]
----- Double Bet! -----
Player get one more card ♦3
Bot get one more card ♣A
Bot get one more card ♠Q
Player point: 14, Bot point: 25
Player win! Money: 1680.0
========================
Round #877
Player cards: [♦7, ♥T], Bot cards:[♣T, ♥Q]
Player points: [17, 17], Bot points:[20, 20]
Player point: 17, Bot point: 20
Player lose! Money: 1660.0
========================
Round #878
Player cards: [♠Q, ♦Q], Bot cards:[♣8, ♦K]
Player points: [20, 20], Bot points:[18, 18]
Player point: 20, Bot point: 18
Player win! Money: 1680.0
========================
Round #879
Player cards: [♠3, ♥5], Bot cards:[♦2, ♥5]
Player points: [8, 8], Bot points:[7, 7]
Player get one more card ♥4
Player get one more card ♥J
Bot get one more card ♦A
Bot get one more card ♥7
Bot get one more card ♣K
Player point: 22, Bot point: 25
Player lose! Money: 1660.0
========================
Round #880
Player cards: [♥5, ♣K], Bot cards:[♦4, ♦5]
Player points: [15, 15], Bot points:[9, 9]
Bot get one more card ♥A
Bot get one more card ♥9
Player point: 15, Bot point: 19
Player lose! Money: 1640.0
========================
Round #881
Player cards: [♦J, ♣Q], Bot cards:[♣3, ♣7]
Player points: [20, 20], Bot points:[10, 10]
Bot get one more card ♣2
Bot get one more card ♣4
Bot get one more card ♥T
Player point: 20, Bot point: 26
Player win! Money: 1660.0
========================
Round #882
Player cards: [♥2, ♦4], Bot cards:[♦5, ♦Q]
Player points: [6, 6], Bot points:[15, 15]
Player get one more card ♠K
Bot get one more card ♥5
Player point: 16, Bot point: 20
Player lose! Money: 1640.0
========================
Round #883
Player cards: [♥3, ♥A], Bot cards:[♥3, ♣4]
Player points: [4, 14], Bot points:[7, 7]
Bot get one more card ♥8
Bot get one more card ♣6
Player point: 14, Bot point: 21
Player lose! Money: 1620.0
========================
Round #884
Player cards: [♣9, ♠A], Bot cards:[♠5, ♥7]
Player points: [10, 20], Bot points:[12, 12]
Bot get one more card ♥5
Player point: 20, Bot point: 17
Player win! Money: 1640.0
========================
Round #885
Player cards: [♣T, ♥K], Bot cards:[♦2, ♣Q]
Player points: [20, 20], Bot points:[12, 12]
Bot get one more card ♠A
Bot get one more card ♠6
Player point: 20, Bot point: 19
Player win! Money: 1660.0
========================
Round #886
Player cards: [♠A, ♥A], Bot cards:[♣9, ♦9]
Player points: [2, 12], Bot points:[18, 18]
-------- Split! Two hands: [11, 21], [11, 21]
For second hand:
Player point: 21, Bot point: 18
------ BlackJack!! ------
Player win! Money: 1686.0
========================
Player point: 21, Bot point: 18
------ BlackJack!! ------
Player win! Money: 1712.0
========================
Round #887
Player cards: [♦8, ♠T], Bot cards:[♠2, ♠J]
Player points: [18, 18], Bot points:[12, 12]
Bot get one more card ♣8
Player point: 18, Bot point: 20
Player lose! Money: 1692.0
========================
Round #888
Player cards: [♠6, ♦A], Bot cards:[♦J, ♠K]
Player points: [7, 17], Bot points:[20, 20]
Player point: 17, Bot point: 20
Player lose! Money: 1672.0
========================
Round #889
Player cards: [♠8, ♠K], Bot cards:[♠2, ♠9]
Player points: [18, 18], Bot points:[11, 11]
Bot get one more card ♦6
Player point: 18, Bot point: 17
Player win! Money: 1692.0
========================
Round #890
Player cards: [♣2, ♣7], Bot cards:[♠2, ♣J]
Player points: [9, 9], Bot points:[12, 12]
Player get one more card ♥9
Bot get one more card ♥4
Bot get one more card ♠3
Player point: 18, Bot point: 19
Player lose! Money: 1672.0
========================
Round #891
Player cards: [♠T, ♦T], Bot cards:[♠2, ♣3]
Player points: [20, 20], Bot points:[5, 5]
Bot get one more card ♠8
Bot get one more card ♠7
Player point: 20, Bot point: 20
Draw! Money:1672.0
========================
Round #892
Player cards: [♦9, ♦J], Bot cards:[♠7, ♦9]
Player points: [19, 19], Bot points:[16, 16]
Bot get one more card ♥A
Player point: 19, Bot point: 17
Player win! Money: 1692.0
========================
Round #893
Player cards: [♦6, ♦J], Bot cards:[♠4, ♣A]
Player points: [16, 16], Bot points:[5, 15]
Bot get one more card ♦7
Bot get one more card ♥J
Player point: 16, Bot point: 22
Player win! Money: 1712.0
========================
Round #894
Player cards: [♣4, ♥K], Bot cards:[♣5, ♥6]
Player points: [14, 14], Bot points:[11, 11]
Bot get one more card ♠7
Player point: 14, Bot point: 18
Player lose! Money: 1692.0
========================
Round #895
Player cards: [♦7, ♥K], Bot cards:[♣3, ♣T]
Player points: [17, 17], Bot points:[13, 13]
Bot get one more card ♣T
Player point: 17, Bot point: 23
Player win! Money: 1712.0
========================
Round #896
Player cards: [♦4, ♠Q], Bot cards:[♣5, ♠9]
Player points: [14, 14], Bot points:[14, 14]
Bot get one more card ♥3
Player point: 14, Bot point: 17
Player lose! Money: 1692.0
========================
Round #897
Player cards: [♠8, ♣9], Bot cards:[♣6, ♠Q]
Player points: [17, 17], Bot points:[16, 16]
Bot get one more card ♠4
Player point: 17, Bot point: 20
Player lose! Money: 1672.0
========================
Round #898
Player cards: [♥4, ♠5], Bot cards:[♦3, ♣7]
Player points: [9, 9], Bot points:[10, 10]
----- Double Bet! -----
Player get one more card ♠4
Bot get one more card ♠J
Player point: 13, Bot point: 20
Player lose! Money: 1632.0
========================
Round #899
Player cards: [♣3, ♥6], Bot cards:[♠8, ♥J]
Player points: [9, 9], Bot points:[18, 18]
Player get one more card ♥6
Player get one more card ♠9
Player point: 24, Bot point: 18
Player lose! Money: 1612.0
========================
Round #900
Player cards: [♦T, ♣A], Bot cards:[♣9, ♣Q]
Player points: [11, 21], Bot points:[19, 19]
Player point: 21, Bot point: 19
------ BlackJack!! ------
Player win! Money: 1638.0
========================
Round #901
Player cards: [♣7, ♥J], Bot cards:[♠5, ♥Q]
Player points: [17, 17], Bot points:[15, 15]
Bot get one more card ♦5
Player point: 17, Bot point: 20
Player lose! Money: 1618.0
========================
Round #902
Player cards: [♣2, ♠4], Bot cards:[♠7, ♠K]
Player points: [6, 6], Bot points:[17, 17]
Player get one more card ♠5
Player get one more card ♠9
Player point: 20, Bot point: 17
Player win! Money: 1638.0
========================
Round #903
Player cards: [♣6, ♠6], Bot cards:[♦2, ♦Q]
Player points: [12, 12], Bot points:[12, 12]
-------- Split! Two hands: [12, 12], [16, 16]
Player get one more card ♦A
For second hand:
Bot get one more card ♦6
Player point: 13, Bot point: 18
Player lose! Money: 1618.0
========================
Player point: 16, Bot point: 18
Player lose! Money: 1598.0
========================
Round #904
Player cards: [♣5, ♥6], Bot cards:[♥7, ♣K]
Player points: [11, 11], Bot points:[17, 17]
----- Double Bet! -----
Player get one more card ♣5
Player point: 16, Bot point: 17
Player lose! Money: 1558.0
========================
Round #905
Player cards: [♣6, ♠J], Bot cards:[♦9, ♣T]
Player points: [16, 16], Bot points:[19, 19]
Player get one more card ♦K
Player point: 26, Bot point: 19
Player lose! Money: 1538.0
========================
Round #906
Player cards: [♥2, ♦T], Bot cards:[♣J, ♦Q]
Player points: [12, 12], Bot points:[20, 20]
Player get one more card ♥2
Player get one more card ♠J
Player point: 24, Bot point: 20
Player lose! Money: 1518.0
========================
Round #907
Player cards: [♦3, ♠3], Bot cards:[♥3, ♣Q]
Player points: [6, 6], Bot points:[13, 13]
Player get one more card ♥8
Bot get one more card ♦K
Player point: 14, Bot point: 23
Player win! Money: 1538.0
========================
Round #908
Player cards: [♥2, ♣8], Bot cards:[♦A, ♣A]
Player points: [10, 10], Bot points:[2, 12]
Player get one more card ♦8
Bot get one more card ♥8
Bot get one more card ♥3
Bot get one more card ♣K
Player point: 18, Bot point: 23
Player win! Money: 1558.0
========================
Round #909
Player cards: [♥Q, ♦K], Bot cards:[♥7, ♣J]
Player points: [20, 20], Bot points:[17, 17]
Player point: 20, Bot point: 17
Player win! Money: 1578.0
========================
Round #910
Player cards: [♥9, ♥T], Bot cards:[♥8, ♥9]
Player points: [19, 19], Bot points:[17, 17]
Player point: 19, Bot point: 17
Player win! Money: 1598.0
========================
Round #911
Player cards: [♦3, ♠A], Bot cards:[♣2, ♦2]
Player points: [4, 14], Bot points:[4, 4]
Bot get one more card ♠6
Bot get one more card ♦6
Bot get one more card ♦5
Player point: 14, Bot point: 21
Player lose! Money: 1578.0
========================
Round #912
New deck
Player cards: [♣3, ♠7], Bot cards:[♦J, ♣K]
Player points: [10, 10], Bot points:[20, 20]
Player get one more card ♠Q
Player point: 20, Bot point: 20
Draw! Money:1578.0
========================
Round #913
Player cards: [♣2, ♠3], Bot cards:[♦7, ♦T]
Player points: [5, 5], Bot points:[17, 17]
Player get one more card ♥6
Player get one more card ♠3
Player point: 14, Bot point: 17
Player lose! Money: 1558.0
========================
Round #914
Player cards: [♠8, ♣9], Bot cards:[♦4, ♦4]
Player points: [17, 17], Bot points:[8, 8]
Bot get one more card ♦Q
Player point: 17, Bot point: 18
Player lose! Money: 1538.0
========================
Round #915
Player cards: [♥6, ♣K], Bot cards:[♠6, ♦6]
Player points: [16, 16], Bot points:[12, 12]
Bot get one more card ♠2
Bot get one more card ♦3
Player point: 16, Bot point: 17
Player lose! Money: 1518.0
========================
Round #916
Player cards: [♠T, ♠K], Bot cards:[♥8, ♠J]
Player points: [20, 20], Bot points:[18, 18]
Player point: 20, Bot point: 18
Player win! Money: 1538.0
========================
Round #917
Player cards: [♣8, ♣Q], Bot cards:[♣3, ♣3]
Player points: [18, 18], Bot points:[6, 6]
Bot get one more card ♠6
Bot get one more card ♦Q
Player point: 18, Bot point: 22
Player win! Money: 1558.0
========================
Round #918
Player cards: [♠T, ♣J], Bot cards:[♣2, ♣6]
Player points: [20, 20], Bot points:[8, 8]
Bot get one more card ♣3
Bot get one more card ♣T
Player point: 20, Bot point: 21
Player lose! Money: 1538.0
========================
Round #919
Player cards: [♦6, ♦7], Bot cards:[♣4, ♥8]
Player points: [13, 13], Bot points:[12, 12]
Bot get one more card ♣7
Player point: 13, Bot point: 19
Player lose! Money: 1518.0
========================
Round #920
Player cards: [♥2, ♠T], Bot cards:[♦2, ♠T]
Player points: [12, 12], Bot points:[12, 12]
Player get one more card ♦2
Bot get one more card ♣6
Player point: 14, Bot point: 18
Player lose! Money: 1498.0
========================
Round #921
Player cards: [♦K, ♦A], Bot cards:[♦8, ♠J]
Player points: [11, 21], Bot points:[18, 18]
Player point: 21, Bot point: 18
------ BlackJack!! ------
Player win! Money: 1524.0
========================
Round #922
Player cards: [♥2, ♦8], Bot cards:[♥8, ♥9]
Player points: [10, 10], Bot points:[17, 17]
----- Double Bet! -----
Player get one more card ♣K
Player point: 20, Bot point: 17
Player win! Money: 1564.0
========================
Round #923
Player cards: [♠3, ♥T], Bot cards:[♦8, ♥A]
Player points: [13, 13], Bot points:[9, 19]
Player get one more card ♠6
Bot get one more card ♠8
Player point: 19, Bot point: 17
Player win! Money: 1584.0
========================
Round #924
Player cards: [♦5, ♦K], Bot cards:[♠9, ♣J]
Player points: [15, 15], Bot points:[19, 19]
Player get one more card ♦5
Player point: 20, Bot point: 19
Player win! Money: 1604.0
========================
Round #925
Player cards: [♦4, ♥7], Bot cards:[♠4, ♥5]
Player points: [11, 11], Bot points:[9, 9]
----- Double Bet! -----
Player get one more card ♠6
Bot get one more card ♣J
Player point: 17, Bot point: 19
Player lose! Money: 1564.0
========================
Round #926
Player cards: [♥4, ♣T], Bot cards:[♠J, ♣A]
Player points: [14, 14], Bot points:[11, 21]
Player get one more card ♣2
Player get one more card ♣T
Bot get one more card ♥A
Bot get one more card ♠A
Bot get one more card ♦3
Bot get one more card ♦A
Player point: 26, Bot point: 17
Player lose! Money: 1544.0
========================
Round #927
Player cards: [♠5, ♥Q], Bot cards:[♠7, ♦Q]
Player points: [15, 15], Bot points:[17, 17]
Player get one more card ♥7
Player point: 22, Bot point: 17
Player lose! Money: 1524.0
========================
Round #928
Player cards: [♣8, ♥T], Bot cards:[♥J, ♠K]
Player points: [18, 18], Bot points:[20, 20]
Player point: 18, Bot point: 20
Player lose! Money: 1504.0
========================
Round #929
Player cards: [♦2, ♥J], Bot cards:[♠5, ♠K]
Player points: [12, 12], Bot points:[15, 15]
Bot get one more card ♥K
Player point: 12, Bot point: 25
Player win! Money: 1524.0
========================
Round #930
Player cards: [♣4, ♠7], Bot cards:[♣5, ♠K]
Player points: [11, 11], Bot points:[15, 15]
----- Double Bet! -----
Player get one more card ♥5
Bot get one more card ♣6
Player point: 16, Bot point: 21
Player lose! Money: 1484.0
========================
Round #931
Player cards: [♥5, ♣A], Bot cards:[♥2, ♦J]
Player points: [6, 16], Bot points:[12, 12]
Bot get one more card ♠9
Player point: 16, Bot point: 21
Player lose! Money: 1464.0
========================
Round #932
Player cards: [♦8, ♥K], Bot cards:[♣7, ♦K]
Player points: [18, 18], Bot points:[17, 17]
Player point: 18, Bot point: 17
Player win! Money: 1484.0
========================
Round #933
Player cards: [♠4, ♥8], Bot cards:[♦3, ♦8]
Player points: [12, 12], Bot points:[11, 11]
Player get one more card ♥4
Bot get one more card ♠Q
Player point: 16, Bot point: 21
Player lose! Money: 1464.0
========================
Round #934
Player cards: [♦2, ♦4], Bot cards:[♣5, ♥6]
Player points: [6, 6], Bot points:[11, 11]
Player get one more card ♣7
Bot get one more card ♥5
Bot get one more card ♣Q
Player point: 13, Bot point: 26
Player win! Money: 1484.0
========================
Round #935
Player cards: [♦6, ♠8], Bot cards:[♠4, ♥9]
Player points: [14, 14], Bot points:[13, 13]
Bot get one more card ♣Q
Player point: 14, Bot point: 23
Player win! Money: 1504.0
========================
Round #936
Player cards: [♥3, ♣7], Bot cards:[♠2, ♥3]
Player points: [10, 10], Bot points:[5, 5]
----- Double Bet! -----
Player get one more card ♦7
Bot get one more card ♥6
Bot get one more card ♦T
Player point: 17, Bot point: 21
Player lose! Money: 1464.0
========================
Round #937
Player cards: [♠3, ♣5], Bot cards:[♥K, ♥A]
Player points: [8, 8], Bot points:[11, 21]
Player get one more card ♦9
Bot get one more card ♠9
Player point: 17, Bot point: 20
Player lose! Money: 1444.0
========================
Round #938
Player cards: [♣2, ♦J], Bot cards:[♠4, ♦7]
Player points: [12, 12], Bot points:[11, 11]
Bot get one more card ♣8
Player point: 12, Bot point: 19
Player lose! Money: 1424.0
========================
Round #939
Player cards: [♥4, ♦9], Bot cards:[♣4, ♦K]
Player points: [13, 13], Bot points:[14, 14]
Bot get one more card ♣8
Player point: 13, Bot point: 22
Player win! Money: 1444.0
========================
Round #940
Player cards: [♥7, ♠A], Bot cards:[♥T, ♦A]
Player points: [8, 18], Bot points:[11, 21]
Bot get one more card ♦A
Bot get one more card ♣Q
Player point: 18, Bot point: 22
Player win! Money: 1464.0
========================
Round #941
Player cards: [♠8, ♥J], Bot cards:[♣9, ♠J]
Player points: [18, 18], Bot points:[19, 19]
Player point: 18, Bot point: 19
Player lose! Money: 1444.0
========================
Round #942
Player cards: [♦Q, ♥Q], Bot cards:[♦4, ♦5]
Player points: [20, 20], Bot points:[9, 9]
Bot get one more card ♣J
Player point: 20, Bot point: 19
Player win! Money: 1464.0
========================
Round #943
Player cards: [♥2, ♠A], Bot cards:[♦5, ♦T]
Player points: [3, 13], Bot points:[15, 15]
Bot get one more card ♦6
Player point: 13, Bot point: 21
Player lose! Money: 1444.0
========================
Round #944
Player cards: [♥3, ♠Q], Bot cards:[♥9, ♣J]
Player points: [13, 13], Bot points:[19, 19]
Player get one more card ♥A
Player get one more card ♣6
Player point: 20, Bot point: 19
Player win! Money: 1464.0
========================
Round #945
Player cards: [♣4, ♥7], Bot cards:[♦9, ♥K]
Player points: [11, 11], Bot points:[19, 19]
----- Double Bet! -----
Player get one more card ♠A
Player point: 12, Bot point: 19
Player lose! Money: 1424.0
========================
Round #946
Player cards: [♠2, ♣9], Bot cards:[♠7, ♣A]
Player points: [11, 11], Bot points:[8, 18]
----- Double Bet! -----
Player get one more card ♦T
Bot get one more card ♣5
Bot get one more card ♦3
Bot get one more card ♣9
Player point: 21, Bot point: 25
Player win! Money: 1464.0
========================
Round #947
Player cards: [♦8, ♣T], Bot cards:[♥3, ♥4]
Player points: [18, 18], Bot points:[7, 7]
Bot get one more card ♦9
Bot get one more card ♥T
Player point: 18, Bot point: 26
Player win! Money: 1484.0
========================
Round #948
Player cards: [♣4, ♠5], Bot cards:[♥Q, ♣K]
Player points: [9, 9], Bot points:[20, 20]
Player get one more card ♠Q
Player point: 19, Bot point: 20
Player lose! Money: 1464.0
========================
Round #949
New deck
Player cards: [♥9, ♠A], Bot cards:[♣7, ♣A]
Player points: [10, 20], Bot points:[8, 18]
Bot get one more card ♦K
Player point: 20, Bot point: 18
Player win! Money: 1484.0
========================
Round #950
Player cards: [♠T, ♦Q], Bot cards:[♣4, ♣Q]
Player points: [20, 20], Bot points:[14, 14]
Bot get one more card ♠4
Player point: 20, Bot point: 18
Player win! Money: 1504.0
========================
Round #951
Player cards: [♥2, ♥K], Bot cards:[♦6, ♦9]
Player points: [12, 12], Bot points:[15, 15]
Bot get one more card ♥5
Player point: 12, Bot point: 20
Player lose! Money: 1484.0
========================
Round #952
Player cards: [♠3, ♥9], Bot cards:[♥3, ♠T]
Player points: [12, 12], Bot points:[13, 13]
Player get one more card ♦J
Bot get one more card ♥A
Bot get one more card ♥8
Player point: 22, Bot point: 22
Player lose! Money: 1464.0
========================
Round #953
Player cards: [♦T, ♠A], Bot cards:[♥3, ♣T]
Player points: [11, 21], Bot points:[13, 13]
Bot get one more card ♦7
Player point: 21, Bot point: 20
------ BlackJack!! ------
Player win! Money: 1490.0
========================
Round #954
Player cards: [♠7, ♦K], Bot cards:[♣9, ♠Q]
Player points: [17, 17], Bot points:[19, 19]
Player point: 17, Bot point: 19
Player lose! Money: 1470.0
========================
Round #955
Player cards: [♦6, ♥J], Bot cards:[♣3, ♠8]
Player points: [16, 16], Bot points:[11, 11]
Bot get one more card ♣3
Bot get one more card ♦Q
Player point: 16, Bot point: 24
Player win! Money: 1490.0
========================
Round #956
Player cards: [♥3, ♠5], Bot cards:[♣8, ♥9]
Player points: [8, 8], Bot points:[17, 17]
Player get one more card ♦5
Player get one more card ♥9
Player point: 22, Bot point: 17
Player lose! Money: 1470.0
========================
Round #957
Player cards: [♣5, ♠8], Bot cards:[♣7, ♣J]
Player points: [13, 13], Bot points:[17, 17]
Player get one more card ♦7
Player point: 20, Bot point: 17
Player win! Money: 1490.0
========================
Round #958
Player cards: [♣3, ♣T], Bot cards:[♠J, ♠Q]
Player points: [13, 13], Bot points:[20, 20]
Player get one more card ♠2
Player get one more card ♥K
Player point: 25, Bot point: 20
Player lose! Money: 1470.0
========================
Round #959
Player cards: [♠3, ♣A], Bot cards:[♠5, ♠K]
Player points: [4, 14], Bot points:[15, 15]
Bot get one more card ♣Q
Player point: 14, Bot point: 25
Player win! Money: 1490.0
========================
Round #960
Player cards: [♥A, ♥A], Bot cards:[♠7, ♥T]
Player points: [2, 12], Bot points:[17, 17]
-------- Split! Two hands: [7, 17], [11, 21]
For second hand:
Player point: 17, Bot point: 17
Draw! Money:1490.0
========================
Player point: 21, Bot point: 17
------ BlackJack!! ------
Player win! Money: 1516.0
========================
Round #961
Player cards: [♦8, ♦T], Bot cards:[♥4, ♦5]
Player points: [18, 18], Bot points:[9, 9]
Bot get one more card ♥Q
Player point: 18, Bot point: 19
Player lose! Money: 1496.0
========================
Round #962
Player cards: [♥2, ♥9], Bot cards:[♦2, ♥7]
Player points: [11, 11], Bot points:[9, 9]
----- Double Bet! -----
Player get one more card ♦T
Bot get one more card ♣J
Player point: 21, Bot point: 19
Player win! Money: 1536.0
========================
Round #963
Player cards: [♠8, ♠T], Bot cards:[♦7, ♥J]
Player points: [18, 18], Bot points:[17, 17]
Player point: 18, Bot point: 17
Player win! Money: 1556.0
========================
Round #964
Player cards: [♦3, ♠J], Bot cards:[♥5, ♦J]
Player points: [13, 13], Bot points:[15, 15]
Bot get one more card ♦J
Player point: 13, Bot point: 25
Player win! Money: 1576.0
========================
Round #965
Player cards: [♦4, ♦4], Bot cards:[♣4, ♦5]
Player points: [8, 8], Bot points:[9, 9]
Player get one more card ♥Q
Bot get one more card ♠2
Bot get one more card ♥K
Player point: 18, Bot point: 21
Player lose! Money: 1556.0
========================
Round #966
Player cards: [♦3, ♥J], Bot cards:[♥5, ♣9]
Player points: [13, 13], Bot points:[14, 14]
Bot get one more card ♠3
Player point: 13, Bot point: 17
Player lose! Money: 1536.0
========================
Round #967
Player cards: [♣3, ♥4], Bot cards:[♣9, ♣K]
Player points: [7, 7], Bot points:[19, 19]
Player get one more card ♦4
Player get one more card ♦5
Player point: 16, Bot point: 19
Player lose! Money: 1516.0
========================
Round #968
Player cards: [♠5, ♣K], Bot cards:[♥7, ♦8]
Player points: [15, 15], Bot points:[15, 15]
Player get one more card ♦2
Bot get one more card ♦9
Player point: 17, Bot point: 24
Player win! Money: 1536.0
========================
Round #969
Player cards: [♣7, ♦A], Bot cards:[♠6, ♥T]
Player points: [8, 18], Bot points:[16, 16]
Bot get one more card ♣K
Player point: 18, Bot point: 26
Player win! Money: 1556.0
========================
Round #970
Player cards: [♠6, ♣A], Bot cards:[♣2, ♠8]
Player points: [7, 17], Bot points:[10, 10]
Bot get one more card ♥2
Bot get one more card ♣8
Player point: 17, Bot point: 20
Player lose! Money: 1536.0
========================
Round #971
Player cards: [♦3, ♦9], Bot cards:[♥6, ♥Q]
Player points: [12, 12], Bot points:[16, 16]
Bot get one more card ♥8
Player point: 12, Bot point: 24
Player win! Money: 1556.0
========================
Round #972
Player cards: [♦9, ♥K], Bot cards:[♠4, ♥8]
Player points: [19, 19], Bot points:[12, 12]
Bot get one more card ♠2
Bot get one more card ♣J
Player point: 19, Bot point: 24
Player win! Money: 1576.0
========================
Round #973
Player cards: [♥8, ♥T], Bot cards:[♦2, ♦J]
Player points: [18, 18], Bot points:[12, 12]
Bot get one more card ♦J
Player point: 18, Bot point: 22
Player win! Money: 1596.0
========================
Round #974
Player cards: [♠6, ♠7], Bot cards:[♣4, ♣K]
Player points: [13, 13], Bot points:[14, 14]
Bot get one more card ♠Q
Player point: 13, Bot point: 24
Player win! Money: 1616.0
========================
Round #975
Player cards: [♣T, ♠Q], Bot cards:[♣6, ♦T]
Player points: [20, 20], Bot points:[16, 16]
Bot get one more card ♠6
Player point: 20, Bot point: 22
Player win! Money: 1636.0
========================
Round #976
Player cards: [♣2, ♣5], Bot cards:[♦8, ♠9]
Player points: [7, 7], Bot points:[17, 17]
Player get one more card ♦6
Player get one more card ♦K
Player point: 23, Bot point: 17
Player lose! Money: 1616.0
========================
Round #977
Player cards: [♠J, ♠K], Bot cards:[♣4, ♦6]
Player points: [20, 20], Bot points:[10, 10]
Bot get one more card ♠4
Bot get one more card ♦Q
Player point: 20, Bot point: 24
Player win! Money: 1636.0
========================
Round #978
Player cards: [♣5, ♣6], Bot cards:[♠2, ♦Q]
Player points: [11, 11], Bot points:[12, 12]
----- Double Bet! -----
Player get one more card ♦3
Bot get one more card ♥3
Bot get one more card ♠A
Bot get one more card ♥7
Player point: 14, Bot point: 23
Player win! Money: 1676.0
========================
Round #979
Player cards: [♥2, ♠J], Bot cards:[♥4, ♣6]
Player points: [12, 12], Bot points:[10, 10]
Bot get one more card ♥4
Bot get one more card ♣2
Bot get one more card ♦4
Player point: 12, Bot point: 20
Player lose! Money: 1656.0
========================
Round #980
Player cards: [♣7, ♠A], Bot cards:[♦2, ♣8]
Player points: [8, 18], Bot points:[10, 10]
Bot get one more card ♣A
Bot get one more card ♠5
Bot get one more card ♠K
Player point: 18, Bot point: 26
Player win! Money: 1676.0
========================
Round #981
Player cards: [♣5, ♥6], Bot cards:[♣J, ♥Q]
Player points: [11, 11], Bot points:[20, 20]
----- Double Bet! -----
Player get one more card ♠2
Player point: 13, Bot point: 20
Player lose! Money: 1636.0
========================
Round #982
Player cards: [♥6, ♦A], Bot cards:[♠3, ♠5]
Player points: [7, 17], Bot points:[8, 8]
Bot get one more card ♥J
Player point: 17, Bot point: 18
Player lose! Money: 1616.0
========================
Round #983
Player cards: [♦8, ♠9], Bot cards:[♣9, ♣T]
Player points: [17, 17], Bot points:[19, 19]
Player point: 17, Bot point: 19
Player lose! Money: 1596.0
========================
Round #984
Player cards: [♣Q, ♣Q], Bot cards:[♥7, ♣A]
Player points: [20, 20], Bot points:[8, 18]
Bot get one more card ♣8
Bot get one more card ♥5
Player point: 20, Bot point: 21
Player lose! Money: 1576.0
========================
Round #985
Player cards: [♦7, ♥A], Bot cards:[♥6, ♠9]
Player points: [8, 18], Bot points:[15, 15]
Bot get one more card ♠7
Player point: 18, Bot point: 22
Player win! Money: 1596.0
========================
Round #986
Player cards: [♠9, ♥T], Bot cards:[♠4, ♠T]
Player points: [19, 19], Bot points:[14, 14]
Bot get one more card ♠K
Player point: 19, Bot point: 24
Player win! Money: 1616.0
========================
Round #987
New deck
Player cards: [♠4, ♦Q], Bot cards:[♠2, ♥3]
Player points: [14, 14], Bot points:[5, 5]
Bot get one more card ♦T
Bot get one more card ♣A
Bot get one more card ♣7
Player point: 14, Bot point: 23
Player win! Money: 1636.0
========================
Round #988
Player cards: [♣9, ♦K], Bot cards:[♠3, ♦J]
Player points: [19, 19], Bot points:[13, 13]
Bot get one more card ♦8
Player point: 19, Bot point: 21
Player lose! Money: 1616.0
========================
Round #989
Player cards: [♣4, ♥8], Bot cards:[♣5, ♥T]
Player points: [12, 12], Bot points:[15, 15]
Bot get one more card ♥4
Player point: 12, Bot point: 19
Player lose! Money: 1596.0
========================
Round #990
Player cards: [♦6, ♥K], Bot cards:[♠8, ♦T]
Player points: [16, 16], Bot points:[18, 18]
Player get one more card ♣K
Player point: 26, Bot point: 18
Player lose! Money: 1576.0
========================
Round #991
Player cards: [♦7, ♠Q], Bot cards:[♣Q, ♠K]
Player points: [17, 17], Bot points:[20, 20]
Player point: 17, Bot point: 20
Player lose! Money: 1556.0
========================
Round #992
Player cards: [♠J, ♣Q], Bot cards:[♦6, ♥A]
Player points: [20, 20], Bot points:[7, 17]
Bot get one more card ♠Q
Player point: 20, Bot point: 17
Player win! Money: 1576.0
========================
Round #993
Player cards: [♥3, ♥9], Bot cards:[♦3, ♠9]
Player points: [12, 12], Bot points:[12, 12]
Player get one more card ♣T
Bot get one more card ♦A
Bot get one more card ♥J
Player point: 22, Bot point: 23
Player lose! Money: 1556.0
========================
Round #994
Player cards: [♠2, ♠8], Bot cards:[♥3, ♠Q]
Player points: [10, 10], Bot points:[13, 13]
----- Double Bet! -----
Player get one more card ♠7
Bot get one more card ♣T
Player point: 17, Bot point: 23
Player win! Money: 1596.0
========================
Round #995
Player cards: [♠K, ♥A], Bot cards:[♦3, ♥5]
Player points: [11, 21], Bot points:[8, 8]
Bot get one more card ♥2
Bot get one more card ♠K
Player point: 21, Bot point: 20
------ BlackJack!! ------
Player win! Money: 1622.0
========================
Round #996
Player cards: [♠5, ♠7], Bot cards:[♠4, ♥9]
Player points: [12, 12], Bot points:[13, 13]
Bot get one more card ♦7
Player point: 12, Bot point: 20
Player lose! Money: 1602.0
========================
Round #997
Player cards: [♣4, ♥9], Bot cards:[♠5, ♠8]
Player points: [13, 13], Bot points:[13, 13]
Bot get one more card ♦Q
Player point: 13, Bot point: 23
Player win! Money: 1622.0
========================
Round #998
Player cards: [♦9, ♦K], Bot cards:[♦5, ♠6]
Player points: [19, 19], Bot points:[11, 11]
Bot get one more card ♣Q
Player point: 19, Bot point: 21
Player lose! Money: 1602.0
========================
Round #999
Total round: 1000. Blackjack count: 47
====== Game Begin! ======
Total money: 500
Player cards: [♦4, ♦9], Bot cards:[♠Q, ♦A]
Player points: [13, 13], Bot points:[11, 21]
Player get one more card ♦5
Bot get one more card ♥7
Player point: 18, Bot point: 18
Draw! Money:500
========================
Round #0
Player cards: [♥4, ♣Q], Bot cards:[♠7, ♠A]
Player points: [14, 14], Bot points:[8, 18]
Player get one more card ♦Q
Bot get one more card ♥2
Bot get one more card ♦8
Player point: 24, Bot point: 18
Player lose! Money: 480
========================
Round #1
Player cards: [♦7, ♦7], Bot cards:[♠8, ♣9]
Player points: [14, 14], Bot points:[17, 17]
Player get one more card ♥6
Player point: 20, Bot point: 17
Player win! Money: 500
========================
Round #2
Player cards: [♠6, ♥T], Bot cards:[♠6, ♥8]
Player points: [16, 16], Bot points:[14, 14]
Bot get one more card ♠2
Bot get one more card ♦4
Player point: 16, Bot point: 20
Player lose! Money: 480
========================
Round #3
Player cards: [♥T, ♣Q], Bot cards:[♥6, ♣7]
Player points: [20, 20], Bot points:[13, 13]
Bot get one more card ♥9
Player point: 20, Bot point: 22
Player win! Money: 500
========================
Round #4
Player cards: [♦4, ♣4], Bot cards:[♣9, ♣Q]
Player points: [8, 8], Bot points:[19, 19]
Player get one more card ♠5
Player get one more card ♠7
Player point: 20, Bot point: 19
Player win! Money: 520
========================
Round #5
Player cards: [♦3, ♣9], Bot cards:[♣5, ♠9]
Player points: [12, 12], Bot points:[14, 14]
Bot get one more card ♣2
Bot get one more card ♣2
Player point: 12, Bot point: 18
Player lose! Money: 500
========================
Round #6
Player cards: [♥8, ♥T], Bot cards:[♥3, ♥J]
Player points: [18, 18], Bot points:[13, 13]
Bot get one more card ♣T
Player point: 18, Bot point: 23
Player win! Money: 520
========================
Round #7
Player cards: [♦3, ♦J], Bot cards:[♠5, ♦6]
Player points: [13, 13], Bot points:[11, 11]
Bot get one more card ♣J
Player point: 13, Bot point: 21
Player lose! Money: 500
========================
Round #8
Player cards: [♣8, ♠Q], Bot cards:[♠Q, ♥K]
Player points: [18, 18], Bot points:[20, 20]
Player point: 18, Bot point: 20
Player lose! Money: 480
========================
Round #9
Player cards: [♦2, ♦A], Bot cards:[♣J, ♥A]
Player points: [3, 13], Bot points:[11, 21]
Player get one more card ♣T
Player get one more card ♣4
Bot get one more card ♦2
Bot get one more card ♥Q
Player point: 17, Bot point: 23
Player win! Money: 500
========================
Round #10
Player cards: [♦5, ♥6], Bot cards:[♦8, ♥K]
Player points: [11, 11], Bot points:[18, 18]
----- Double Bet! -----
Player get one more card ♥3
Player point: 14, Bot point: 18
Player lose! Money: 460
========================
Round #11
Player cards: [♦T, ♣K], Bot cards:[♣6, ♠T]
Player points: [20, 20], Bot points:[16, 16]
Bot get one more card ♦T
Player point: 20, Bot point: 26
Player win! Money: 480
========================
Round #12
Player cards: [♣5, ♠J], Bot cards:[♣3, ♣6]
Player points: [15, 15], Bot points:[9, 9]
Bot get one more card ♣2
Bot get one more card ♣5
Bot get one more card ♣T
Player point: 15, Bot point: 26
Player win! Money: 500
========================
Round #13
Player cards: [♦5, ♦7], Bot cards:[♠J, ♣K]
Player points: [12, 12], Bot points:[20, 20]
Player get one more card ♦2
Player get one more card ♦2
Player get one more card ♦K
Player point: 26, Bot point: 20
Player lose! Money: 480
========================
Round #14
Player cards: [♥3, ♦K], Bot cards:[♦J, ♣A]
Player points: [13, 13], Bot points:[11, 21]
Player get one more card ♥5
Bot get one more card ♠6
Player point: 18, Bot point: 17
Player win! Money: 500
========================
Round #15
Player cards: [♠2, ♠3], Bot cards:[♠5, ♠9]
Player points: [5, 5], Bot points:[14, 14]
Player get one more card ♦3
Player get one more card ♥J
Bot get one more card ♣A
Bot get one more card ♣7
Player point: 18, Bot point: 22
Player win! Money: 520
========================
Round #16
Player cards: [♥T, ♥A], Bot cards:[♠J, ♥A]
Player points: [11, 21], Bot points:[11, 21]
Bot get one more card ♥A
Bot get one more card ♠K
Player point: 21, Bot point: 22
------ BlackJack!! ------
Player win! Money: 546.0
========================
Round #17
Player cards: [♥7, ♣J], Bot cards:[♥4, ♣9]
Player points: [17, 17], Bot points:[13, 13]
Bot get one more card ♠3
Bot get one more card ♦9
Player point: 17, Bot point: 25
Player win! Money: 566.0
========================
Round #18
Player cards: [♠4, ♦6], Bot cards:[♣7, ♥8]
Player points: [10, 10], Bot points:[15, 15]
----- Double Bet! -----
Player get one more card ♠J
Bot get one more card ♥Q
Player point: 20, Bot point: 25
Player win! Money: 606.0
========================
Round #19
Player cards: [♣Q, ♥K], Bot cards:[♦7, ♠7]
Player points: [20, 20], Bot points:[14, 14]
Bot get one more card ♦J
Player point: 20, Bot point: 24
Player win! Money: 626.0
========================
Round #20
Player cards: [♣4, ♥9], Bot cards:[♦J, ♠Q]
Player points: [13, 13], Bot points:[20, 20]
Player get one more card ♦A
Player get one more card ♣8
Player point: 22, Bot point: 20
Player lose! Money: 606.0
========================
Round #21
Player cards: [♠8, ♠A], Bot cards:[♦6, ♣8]
Player points: [9, 19], Bot points:[14, 14]
Bot get one more card ♠3
Player point: 19, Bot point: 17
Player win! Money: 626.0
========================
Round #22
Player cards: [♥2, ♦A], Bot cards:[♥2, ♠A]
Player points: [3, 13], Bot points:[3, 13]
Bot get one more card ♦5
Bot get one more card ♣K
Player point: 13, Bot point: 18
Player lose! Money: 606.0
========================
Round #23
Player cards: [♠4, ♦9], Bot cards:[♥2, ♥9]
Player points: [13, 13], Bot points:[11, 11]
Bot get one more card ♠T
Player point: 13, Bot point: 21
Player lose! Money: 586.0
========================
Round #24
Player cards: [♥8, ♥K], Bot cards:[♣6, ♣J]
Player points: [18, 18], Bot points:[16, 16]
Bot get one more card ♥7
Player point: 18, Bot point: 23
Player win! Money: 606.0
========================
Round #25
Player cards: [♦4, ♠8], Bot cards:[♥5, ♠8]
Player points: [12, 12], Bot points:[13, 13]
Bot get one more card ♦6
Player point: 12, Bot point: 19
Player lose! Money: 586.0
========================
Round #26
Player cards: [♣3, ♦3], Bot cards:[♥6, ♥J]
Player points: [6, 6], Bot points:[16, 16]
-------- Split! Two hands: [12, 12], [13, 13]
For second hand:
Bot get one more card ♠6
Player point: 12, Bot point: 22
Player win! Money: 606.0
========================
Player point: 13, Bot point: 22
Player win! Money: 626.0
========================
Round #27
Player cards: [♣4, ♣6], Bot cards:[♣T, ♦Q]
Player points: [10, 10], Bot points:[20, 20]
Player get one more card ♦T
Player point: 20, Bot point: 20
Draw! Money:626.0
========================
Round #28
Player cards: [♥4, ♥7], Bot cards:[♠4, ♥Q]
Player points: [11, 11], Bot points:[14, 14]
----- Double Bet! -----
Player get one more card ♠2
Bot get one more card ♦K
Player point: 13, Bot point: 24
Player win! Money: 666.0
========================
Round #29
Player cards: [♥5, ♦9], Bot cards:[♥4, ♠A]
Player points: [14, 14], Bot points:[5, 15]
Bot get one more card ♣8
Bot get one more card ♣5
Player point: 14, Bot point: 18
Player lose! Money: 646.0
========================
Round #30
Player cards: [♣3, ♣A], Bot cards:[♥5, ♠9]
Player points: [4, 14], Bot points:[14, 14]
Bot get one more card ♠9
Player point: 14, Bot point: 23
Player win! Money: 666.0
========================
Round #31
Player cards: [♠5, ♠T], Bot cards:[♠7, ♣K]
Player points: [15, 15], Bot points:[17, 17]
Player get one more card ♣A
Player get one more card ♦T
Player point: 26, Bot point: 17
Player lose! Money: 646.0
========================
Round #32
Player cards: [♣7, ♥Q], Bot cards:[♠3, ♠K]
Player points: [17, 17], Bot points:[13, 13]
Bot get one more card ♠T
Player point: 17, Bot point: 23
Player win! Money: 666.0
========================
Round #33
Player cards: [♦8, ♠K], Bot cards:[♠4, ♦Q]
Player points: [18, 18], Bot points:[14, 14]
Bot get one more card ♥3
Player point: 18, Bot point: 17
Player win! Money: 686.0
========================
Round #34
New deck
Player cards: [♣9, ♥Q], Bot cards:[♦4, ♦Q]
Player points: [19, 19], Bot points:[14, 14]
Bot get one more card ♦5
Player point: 19, Bot point: 19
Draw! Money:686.0
========================
Round #35
Player cards: [♠7, ♥A], Bot cards:[♣2, ♠T]
Player points: [8, 18], Bot points:[12, 12]
Bot get one more card ♥3
Bot get one more card ♣T
Player point: 18, Bot point: 25
Player win! Money: 706.0
========================
Round #36
Player cards: [♥5, ♦K], Bot cards:[♦3, ♥4]
Player points: [15, 15], Bot points:[7, 7]
Bot get one more card ♣K
Player point: 15, Bot point: 17
Player lose! Money: 686.0
========================
Round #37
Player cards: [♠3, ♥3], Bot cards:[♠6, ♣Q]
Player points: [6, 6], Bot points:[16, 16]
-------- Split! Two hands: [8, 8], [9, 9]
Player get one more card ♥8
For second hand:
----- Double Bet! -----
Player get one more card ♠Q
Bot get one more card ♥J
Player point: 16, Bot point: 26
Player win! Money: 706.0
========================
Player point: 19, Bot point: 26
Player win! Money: 746.0
========================
Round #38
Player cards: [♠T, ♦Q], Bot cards:[♠5, ♥T]
Player points: [20, 20], Bot points:[15, 15]
Bot get one more card ♦2
Player point: 20, Bot point: 17
Player win! Money: 766.0
========================
Round #39
Player cards: [♣9, ♥J], Bot cards:[♠4, ♥J]
Player points: [19, 19], Bot points:[14, 14]
Bot get one more card ♦T
Player point: 19, Bot point: 24
Player win! Money: 786.0
========================
Round #40
Player cards: [♥6, ♣T], Bot cards:[♥Q, ♠Q]
Player points: [16, 16], Bot points:[20, 20]
Player get one more card ♣3
Player point: 19, Bot point: 20
Player lose! Money: 766.0
========================
Round #41
Player cards: [♣7, ♠J], Bot cards:[♣J, ♦Q]
Player points: [17, 17], Bot points:[20, 20]
Player point: 17, Bot point: 20
Player lose! Money: 746.0
========================
Round #42
Player cards: [♥4, ♦8], Bot cards:[♣2, ♠9]
Player points: [12, 12], Bot points:[11, 11]
Player get one more card ♠K
Bot get one more card ♦5
Bot get one more card ♣Q
Player point: 22, Bot point: 26
Player lose! Money: 726.0
========================
Round #43
Player cards: [♥4, ♦8], Bot cards:[♣2, ♣2]
Player points: [12, 12], Bot points:[4, 4]
Player get one more card ♥T
Bot get one more card ♥8
Bot get one more card ♣2
Bot get one more card ♦2
Bot get one more card ♥A
Player point: 22, Bot point: 17
Player lose! Money: 706.0
========================
Round #44
Player cards: [♥8, ♦8], Bot cards:[♠6, ♠A]
Player points: [16, 16], Bot points:[7, 17]
-------- Split! Two hands: [10, 10], [17, 17]
----- Double Bet! -----
Player get one more card ♦A
For second hand:
Bot get one more card ♠9
Bot get one more card ♦6
Player point: 21, Bot point: 22
Player win! Money: 746.0
========================
Player point: 17, Bot point: 22
Player win! Money: 766.0
========================
Round #45
Player cards: [♥2, ♣T], Bot cards:[♦3, ♦4]
Player points: [12, 12], Bot points:[7, 7]
Player get one more card ♣7
Bot get one more card ♥J
Player point: 19, Bot point: 17
Player win! Money: 786.0
========================
Round #46
Player cards: [♠5, ♦Q], Bot cards:[♥3, ♥J]
Player points: [15, 15], Bot points:[13, 13]
Bot get one more card ♥3
Bot get one more card ♠A
Player point: 15, Bot point: 17
Player lose! Money: 766.0
========================
Round #47
Player cards: [♥5, ♦J], Bot cards:[♥5, ♠J]
Player points: [15, 15], Bot points:[15, 15]
Bot get one more card ♣A
Bot get one more card ♦3
Player point: 15, Bot point: 19
Player lose! Money: 746.0
========================
Round #48
Player cards: [♣4, ♥7], Bot cards:[♥8, ♥9]
Player points: [11, 11], Bot points:[17, 17]
----- Double Bet! -----
Player get one more card ♦7
Player point: 18, Bot point: 17
Player win! Money: 786.0
========================
Round #49
Player cards: [♠5, ♥7], Bot cards:[♦9, ♣K]
Player points: [12, 12], Bot points:[19, 19]
Player get one more card ♠K
Player point: 22, Bot point: 19
Player lose! Money: 766.0
========================
Round #50
Player cards: [♦7, ♥T], Bot cards:[♠2, ♠4]
Player points: [17, 17], Bot points:[6, 6]
Bot get one more card ♦A
Bot get one more card ♥7
Bot get one more card ♠K
Player point: 17, Bot point: 24
Player win! Money: 786.0
========================
Round #51
Player cards: [♣4, ♥Q], Bot cards:[♠2, ♥9]
Player points: [14, 14], Bot points:[11, 11]
Bot get one more card ♣6
Player point: 14, Bot point: 17
Player lose! Money: 766.0
========================
Round #52
Player cards: [♦6, ♦8], Bot cards:[♦2, ♠7]
Player points: [14, 14], Bot points:[9, 9]
Bot get one more card ♦9
Player point: 14, Bot point: 18
Player lose! Money: 746.0
========================
Round #53
Player cards: [♠8, ♠8], Bot cards:[♠9, ♣K]
Player points: [16, 16], Bot points:[19, 19]
-------- Split! Two hands: [14, 14], [18, 18]
Player get one more card ♦2
Player get one more card ♠K
For second hand:
Player point: 26, Bot point: 19
Player lose! Money: 726.0
========================
Player point: 18, Bot point: 19
Player lose! Money: 706.0
========================
Round #54
Player cards: [♣8, ♠9], Bot cards:[♣3, ♦J]
Player points: [17, 17], Bot points:[13, 13]
Bot get one more card ♦3
Bot get one more card ♠J
Player point: 17, Bot point: 26
Player win! Money: 726.0
========================
Round #55
Player cards: [♦9, ♠Q], Bot cards:[♦5, ♥9]
Player points: [19, 19], Bot points:[14, 14]
Bot get one more card ♠4
Player point: 19, Bot point: 18
Player win! Money: 746.0
========================
Round #56
Player cards: [♠7, ♥T], Bot cards:[♠4, ♣4]
Player points: [17, 17], Bot points:[8, 8]
Bot get one more card ♣J
Player point: 17, Bot point: 18
Player lose! Money: 726.0
========================
Round #57
Player cards: [♥2, ♥6], Bot cards:[♠T, ♦T]
Player points: [8, 8], Bot points:[20, 20]
Player get one more card ♦7
Player get one more card ♣6
Player point: 21, Bot point: 20
Player win! Money: 746.0
========================
Round #58
Player cards: [♦J, ♦Q], Bot cards:[♣9, ♣A]
Player points: [20, 20], Bot points:[10, 20]
Bot get one more card ♠A
Bot get one more card ♣J
Player point: 20, Bot point: 21
Player lose! Money: 726.0
========================
Round #59
Player cards: [♣5, ♣7], Bot cards:[♣5, ♥Q]
Player points: [12, 12], Bot points:[15, 15]
Bot get one more card ♦K
Player point: 12, Bot point: 25
Player win! Money: 746.0
========================
Round #60
Player cards: [♣Q, ♦A], Bot cards:[♣6, ♠A]
Player points: [11, 21], Bot points:[7, 17]
Bot get one more card ♥6
Bot get one more card ♠6
Player point: 21, Bot point: 19
------ BlackJack!! ------
Player win! Money: 772.0
========================
Round #61
Player cards: [♣3, ♣K], Bot cards:[♠3, ♥K]
Player points: [13, 13], Bot points:[13, 13]
Bot get one more card ♥K
Player point: 13, Bot point: 23
Player win! Money: 792.0
========================
Round #62
Player cards: [♣5, ♣J], Bot cards:[♠6, ♦T]
Player points: [15, 15], Bot points:[16, 16]
Bot get one more card ♣9
Player point: 15, Bot point: 25
Player win! Money: 812.0
========================
Round #63
Player cards: [♦6, ♠8], Bot cards:[♦8, ♦K]
Player points: [14, 14], Bot points:[18, 18]
Player get one more card ♣8
Player point: 22, Bot point: 18
Player lose! Money: 792.0
========================
Round #64
Player cards: [♥4, ♣4], Bot cards:[♠2, ♠8]
Player points: [8, 8], Bot points:[10, 10]
Player get one more card ♠2
Player get one more card ♣A
Bot get one more card ♠7
Player point: 21, Bot point: 17
Player win! Money: 812.0
========================
Round #65
Player cards: [♠3, ♦5], Bot cards:[♠5, ♣6]
Player points: [8, 8], Bot points:[11, 11]
Player get one more card ♣A
Bot get one more card ♠K
Player point: 19, Bot point: 21
Player lose! Money: 792.0
========================
Round #66
Player cards: [♦4, ♣5], Bot cards:[♠T, ♠Q]
Player points: [9, 9], Bot points:[20, 20]
Player get one more card ♦J
Player point: 19, Bot point: 20
Player lose! Money: 772.0
========================
Round #67
Player cards: [♣3, ♣T], Bot cards:[♣8, ♠J]
Player points: [13, 13], Bot points:[18, 18]
Player get one more card ♥7
Player point: 20, Bot point: 18
Player win! Money: 792.0
========================
Round #68
Player cards: [♣3, ♠3], Bot cards:[♥2, ♣8]
Player points: [6, 6], Bot points:[10, 10]
Player get one more card ♦9
Bot get one more card ♠2
Bot get one more card ♥A
Bot get one more card ♦4
Player point: 15, Bot point: 17
Player lose! Money: 772.0
========================
Round #69
New deck
Player cards: [♣7, ♥9], Bot cards:[♣7, ♠Q]
Player points: [16, 16], Bot points:[17, 17]
Player get one more card ♥K
Player point: 26, Bot point: 17
Player lose! Money: 752.0
========================
Round #70
Player cards: [♠2, ♦2], Bot cards:[♠J, ♦Q]
Player points: [4, 4], Bot points:[20, 20]
Player get one more card ♦3
Player get one more card ♦7
Player get one more card ♦2
Player get one more card ♥3
Player point: 19, Bot point: 20
Player lose! Money: 732.0
========================
Round #71
Player cards: [♣7, ♠A], Bot cards:[♣2, ♣Q]
Player points: [8, 18], Bot points:[12, 12]
Bot get one more card ♣6
Player point: 18, Bot point: 18
Draw! Money:732.0
========================
Round #72
Player cards: [♣3, ♦8], Bot cards:[♥8, ♦J]
Player points: [11, 11], Bot points:[18, 18]
----- Double Bet! -----
Player get one more card ♦9
Player point: 20, Bot point: 18
Player win! Money: 772.0
========================
Round #73
Player cards: [♥2, ♠5], Bot cards:[♣Q, ♣A]
Player points: [7, 7], Bot points:[11, 21]
Player get one more card ♦K
Bot get one more card ♠6
Player point: 17, Bot point: 17
Draw! Money:772.0
========================
Round #74
Player cards: [♠5, ♣9], Bot cards:[♦9, ♣9]
Player points: [14, 14], Bot points:[18, 18]
Player get one more card ♦J
Player point: 24, Bot point: 18
Player lose! Money: 752.0
========================
Round #75
Player cards: [♦3, ♥J], Bot cards:[♦3, ♣K]
Player points: [13, 13], Bot points:[13, 13]
Bot get one more card ♦A
Bot get one more card ♥J
Player point: 13, Bot point: 24
Player win! Money: 772.0
========================
Round #76
Player cards: [♠8, ♥8], Bot cards:[♠2, ♣A]
Player points: [16, 16], Bot points:[3, 13]
-------- Split! Two hands: [12, 12], [18, 18]
Player get one more card ♥3
For second hand:
Bot get one more card ♣7
Bot get one more card ♣J
Player point: 15, Bot point: 20
Player lose! Money: 752.0
========================
Player point: 18, Bot point: 20
Player lose! Money: 732.0
========================
Round #77
Player cards: [♥4, ♠T], Bot cards:[♣4, ♠7]
Player points: [14, 14], Bot points:[11, 11]
Bot get one more card ♠2
Bot get one more card ♠3
Bot get one more card ♥9
Player point: 14, Bot point: 25
Player win! Money: 752.0
========================
Round #78
Player cards: [♣3, ♣9], Bot cards:[♠4, ♠9]
Player points: [12, 12], Bot points:[13, 13]
Bot get one more card ♥Q
Player point: 12, Bot point: 23
Player win! Money: 772.0
========================
Round #79
Player cards: [♣8, ♠K], Bot cards:[♣5, ♣6]
Player points: [18, 18], Bot points:[11, 11]
Bot get one more card ♦6
Player point: 18, Bot point: 17
Player win! Money: 792.0
========================
Round #80
Player cards: [♦4, ♦4], Bot cards:[♣4, ♠6]
Player points: [8, 8], Bot points:[10, 10]
Player get one more card ♥A
Bot get one more card ♦J
Player point: 19, Bot point: 20
Player lose! Money: 772.0
========================
Round #81
Player cards: [♥2, ♣7], Bot cards:[♠2, ♣Q]
Player points: [9, 9], Bot points:[12, 12]
Player get one more card ♣2
Player get one more card ♦Q
Bot get one more card ♦T
Player point: 21, Bot point: 22
Player win! Money: 792.0
========================
Round #82
Player cards: [♦4, ♠Q], Bot cards:[♥6, ♦9]
Player points: [14, 14], Bot points:[15, 15]
Bot get one more card ♠3
Player point: 14, Bot point: 18
Player lose! Money: 772.0
========================
Round #83
Player cards: [♠T, ♠Q], Bot cards:[♦2, ♠6]
Player points: [20, 20], Bot points:[8, 8]
Bot get one more card ♦7
Bot get one more card ♠K
Player point: 20, Bot point: 25
Player win! Money: 792.0
========================
Round #84
Player cards: [♣5, ♠J], Bot cards:[♠A, ♦A]
Player points: [15, 15], Bot points:[2, 12]
Player get one more card ♠6
Bot get one more card ♥5
Bot get one more card ♠5
Bot get one more card ♣T
Player point: 21, Bot point: 22
Player win! Money: 812.0
========================
Round #85
Player cards: [♣4, ♥9], Bot cards:[♥2, ♥5]
Player points: [13, 13], Bot points:[7, 7]
Bot get one more card ♦6
Bot get one more card ♣9
Player point: 13, Bot point: 22
Player win! Money: 832.0
========================
Round #86
Player cards: [♣2, ♦A], Bot cards:[♦3, ♥J]
Player points: [3, 13], Bot points:[13, 13]
Bot get one more card ♥7
Player point: 13, Bot point: 20
Player lose! Money: 812.0
========================
Round #87
Player cards: [♠9, ♥T], Bot cards:[♣4, ♣J]
Player points: [19, 19], Bot points:[14, 14]
Bot get one more card ♦7
Player point: 19, Bot point: 21
Player lose! Money: 792.0
========================
Round #88
Player cards: [♣8, ♣K], Bot cards:[♣3, ♥5]
Player points: [18, 18], Bot points:[8, 8]
Bot get one more card ♥2
Bot get one more card ♥6
Bot get one more card ♥A
Player point: 18, Bot point: 17
Player win! Money: 812.0
========================
Round #89
Player cards: [♠4, ♣8], Bot cards:[♦5, ♦A]
Player points: [12, 12], Bot points:[6, 16]
Bot get one more card ♥K
Bot get one more card ♠5
Player point: 12, Bot point: 21
Player lose! Money: 792.0
========================
Round #90
Player cards: [♥4, ♦T], Bot cards:[♦2, ♠T]
Player points: [14, 14], Bot points:[12, 12]
Bot get one more card ♠A
Bot get one more card ♦Q
Player point: 14, Bot point: 23
Player win! Money: 812.0
========================
Round #91
Player cards: [♣5, ♦K], Bot cards:[♠3, ♠9]
Player points: [15, 15], Bot points:[12, 12]
Bot get one more card ♥7
Player point: 15, Bot point: 19
Player lose! Money: 792.0
========================
Round #92
Player cards: [♠8, ♥K], Bot cards:[♠7, ♥K]
Player points: [18, 18], Bot points:[17, 17]
Player point: 18, Bot point: 17
Player win! Money: 812.0
========================
Round #93
Player cards: [♠8, ♦T], Bot cards:[♦8, ♣T]
Player points: [18, 18], Bot points:[18, 18]
Player point: 18, Bot point: 18
Draw! Money:812.0
========================
Round #94
Player cards: [♦5, ♦8], Bot cards:[♣2, ♥7]
Player points: [13, 13], Bot points:[9, 9]
Bot get one more card ♦5
Bot get one more card ♣K
Player point: 13, Bot point: 24
Player win! Money: 832.0
========================
Round #95
Player cards: [♦6, ♣6], Bot cards:[♥9, ♣Q]
Player points: [12, 12], Bot points:[19, 19]
Player get one more card ♦Q
Player point: 22, Bot point: 19
Player lose! Money: 812.0
========================
Round #96
Player cards: [♥T, ♥Q], Bot cards:[♠3, ♣J]
Player points: [20, 20], Bot points:[13, 13]
Bot get one more card ♦K
Player point: 20, Bot point: 23
Player win! Money: 832.0
========================
Round #97
Player cards: [♥8, ♠Q], Bot cards:[♦6, ♦8]
Player points: [18, 18], Bot points:[14, 14]
Bot get one more card ♠A
Bot get one more card ♦9
Player point: 18, Bot point: 24
Player win! Money: 852.0
========================
Round #98
Player cards: [♥3, ♥Q], Bot cards:[♥4, ♦A]
Player points: [13, 13], Bot points:[5, 15]
Bot get one more card ♣A
Bot get one more card ♦5
Bot get one more card ♥T
Player point: 13, Bot point: 21
Player lose! Money: 832.0
========================
Round #99
Player cards: [♥6, ♠8], Bot cards:[♠7, ♥A]
Player points: [14, 14], Bot points:[8, 18]
Player get one more card ♦7
Bot get one more card ♠J
Player point: 21, Bot point: 18
Player win! Money: 852.0
========================
Round #100
Player cards: [♥7, ♣T], Bot cards:[♣3, ♠7]
Player points: [17, 17], Bot points:[10, 10]
Bot get one more card ♠4
Bot get one more card ♣5
Player point: 17, Bot point: 19
Player lose! Money: 832.0
========================
Round #101
Player cards: [♣T, ♥A], Bot cards:[♣8, ♥Q]
Player points: [11, 21], Bot points:[18, 18]
Player point: 21, Bot point: 18
------ BlackJack!! ------
Player win! Money: 858.0
========================
Round #102
Player cards: [♠4, ♣Q], Bot cards:[♠K, ♥A]
Player points: [14, 14], Bot points:[11, 21]
Player get one more card ♥K
Bot get one more card ♥T
Player point: 24, Bot point: 21
Player lose! Money: 838.0
========================
Round #103
Player cards: [♥3, ♦7], Bot cards:[♥6, ♠K]
Player points: [10, 10], Bot points:[16, 16]
----- Double Bet! -----
Player get one more card ♦4
Bot get one more card ♥8
Player point: 14, Bot point: 24
Player win! Money: 878.0
========================
Round #104
Player cards: [♦J, ♥K], Bot cards:[♠T, ♦K]
Player points: [20, 20], Bot points:[20, 20]
Player point: 20, Bot point: 20
Draw! Money:878.0
========================
Round #105
New deck
Player cards: [♦5, ♦9], Bot cards:[♦9, ♠J]
Player points: [14, 14], Bot points:[19, 19]
Player get one more card ♠J
Player point: 24, Bot point: 19
Player lose! Money: 858.0
========================
Round #106
Player cards: [♦6, ♥8], Bot cards:[♥8, ♣8]
Player points: [14, 14], Bot points:[16, 16]
Player get one more card ♦4
Bot get one more card ♥K
Player point: 18, Bot point: 26
Player win! Money: 878.0
========================
Round #107
Player cards: [♥2, ♠5], Bot cards:[♥T, ♦K]
Player points: [7, 7], Bot points:[20, 20]
Player get one more card ♦K
Player point: 17, Bot point: 20
Player lose! Money: 858.0
========================
Round #108
Player cards: [♣9, ♦J], Bot cards:[♥7, ♠9]
Player points: [19, 19], Bot points:[16, 16]
Bot get one more card ♠2
Player point: 19, Bot point: 18
Player win! Money: 878.0
========================
Round #109
Player cards: [♠5, ♠8], Bot cards:[♦T, ♠A]
Player points: [13, 13], Bot points:[11, 21]
Player get one more card ♣J
Bot get one more card ♣7
Player point: 23, Bot point: 18
Player lose! Money: 858.0
========================
Round #110
Player cards: [♥5, ♣J], Bot cards:[♠4, ♣A]
Player points: [15, 15], Bot points:[5, 15]
Bot get one more card ♣4
Bot get one more card ♦K
Player point: 15, Bot point: 19
Player lose! Money: 838.0
========================
Round #111
Player cards: [♦5, ♠T], Bot cards:[♣3, ♦T]
Player points: [15, 15], Bot points:[13, 13]
Bot get one more card ♥3
Bot get one more card ♠Q
Player point: 15, Bot point: 26
Player win! Money: 858.0
========================
Round #112
Player cards: [♣2, ♣8], Bot cards:[♣6, ♣7]
Player points: [10, 10], Bot points:[13, 13]
----- Double Bet! -----
Player get one more card ♠7
Bot get one more card ♦7
Player point: 17, Bot point: 20
Player lose! Money: 818.0
========================
Round #113
Player cards: [♠7, ♠A], Bot cards:[♣6, ♥9]
Player points: [8, 18], Bot points:[15, 15]
Bot get one more card ♣K
Player point: 18, Bot point: 25
Player win! Money: 838.0
========================
Round #114
Player cards: [♦J, ♥Q], Bot cards:[♦2, ♠4]
Player points: [20, 20], Bot points:[6, 6]
Bot get one more card ♠J
Bot get one more card ♠7
Player point: 20, Bot point: 23
Player win! Money: 858.0
========================
Round #115
Player cards: [♠6, ♠T], Bot cards:[♦8, ♥A]
Player points: [16, 16], Bot points:[9, 19]
Player get one more card ♣A
Bot get one more card ♠7
Bot get one more card ♠9
Player point: 17, Bot point: 25
Player win! Money: 878.0
========================
Round #116
Player cards: [♠5, ♠9], Bot cards:[♦4, ♥J]
Player points: [14, 14], Bot points:[14, 14]
Bot get one more card ♦4
Player point: 14, Bot point: 18
Player lose! Money: 858.0
========================
Round #117
Player cards: [♣8, ♣J], Bot cards:[♣2, ♠Q]
Player points: [18, 18], Bot points:[12, 12]
Bot get one more card ♦3
Bot get one more card ♥9
Player point: 18, Bot point: 24
Player win! Money: 878.0
========================
Round #118
Player cards: [♣J, ♦Q], Bot cards:[♥3, ♣K]
Player points: [20, 20], Bot points:[13, 13]
Bot get one more card ♥K
Player point: 20, Bot point: 23
Player win! Money: 898.0
========================
Round #119
Player cards: [♠8, ♠K], Bot cards:[♦J, ♠Q]
Player points: [18, 18], Bot points:[20, 20]
Player point: 18, Bot point: 20
Player lose! Money: 878.0
========================
Round #120
Player cards: [♠3, ♣5], Bot cards:[♦3, ♥A]
Player points: [8, 8], Bot points:[4, 14]
Player get one more card ♣5
Bot get one more card ♣7
Bot get one more card ♣K
Player point: 13, Bot point: 21
Player lose! Money: 858.0
========================
Round #121
Player cards: [♥T, ♣A], Bot cards:[♥4, ♣Q]
Player points: [11, 21], Bot points:[14, 14]
Bot get one more card ♦5
Player point: 21, Bot point: 19
------ BlackJack!! ------
Player win! Money: 884.0
========================
Round #122
Player cards: [♣2, ♥5], Bot cards:[♦2, ♦Q]
Player points: [7, 7], Bot points:[12, 12]
Player get one more card ♣T
Bot get one more card ♠K
Player point: 17, Bot point: 22
Player win! Money: 904.0
========================
Round #123
Player cards: [♣9, ♠A], Bot cards:[♠8, ♥K]
Player points: [10, 20], Bot points:[18, 18]
Player point: 20, Bot point: 18
Player win! Money: 924.0
========================
Round #124
Player cards: [♣T, ♠J], Bot cards:[♦3, ♣6]
Player points: [20, 20], Bot points:[9, 9]
Bot get one more card ♠4
Bot get one more card ♠A
Bot get one more card ♦6
Player point: 20, Bot point: 20
Draw! Money:924.0
========================
Round #125
Player cards: [♠9, ♥Q], Bot cards:[♥T, ♣T]
Player points: [19, 19], Bot points:[20, 20]
Player point: 19, Bot point: 20
Player lose! Money: 904.0
========================
Round #126
Player cards: [♠4, ♥J], Bot cards:[♥8, ♦A]
Player points: [14, 14], Bot points:[9, 19]
Player get one more card ♥Q
Bot get one more card ♦K
Player point: 24, Bot point: 19
Player lose! Money: 884.0
========================
Round #127
Player cards: [♠6, ♣6], Bot cards:[♣9, ♠Q]
Player points: [12, 12], Bot points:[19, 19]
Player get one more card ♠T
Player point: 22, Bot point: 19
Player lose! Money: 864.0
========================
Round #128
Player cards: [♣6, ♥J], Bot cards:[♣2, ♥4]
Player points: [16, 16], Bot points:[6, 6]
Bot get one more card ♥3
Bot get one more card ♦8
Player point: 16, Bot point: 17
Player lose! Money: 844.0
========================
Round #129
Player cards: [♥4, ♠9], Bot cards:[♥5, ♣7]
Player points: [13, 13], Bot points:[12, 12]
Bot get one more card ♠3
Bot get one more card ♠T
Player point: 13, Bot point: 25
Player win! Money: 864.0
========================
Round #130
Player cards: [♥2, ♦Q], Bot cards:[♥5, ♦7]
Player points: [12, 12], Bot points:[12, 12]
Bot get one more card ♣Q
Player point: 12, Bot point: 22
Player win! Money: 884.0
========================
Round #131
Player cards: [♥2, ♣T], Bot cards:[♣5, ♣8]
Player points: [12, 12], Bot points:[13, 13]
Bot get one more card ♦A
Bot get one more card ♦4
Player point: 12, Bot point: 18
Player lose! Money: 864.0
========================
Round #132
Player cards: [♣3, ♣J], Bot cards:[♦2, ♣4]
Player points: [13, 13], Bot points:[6, 6]
Bot get one more card ♣3
Bot get one more card ♠K
Player point: 13, Bot point: 19
Player lose! Money: 844.0
========================
Round #133
Player cards: [♦K, ♦A], Bot cards:[♦6, ♦T]
Player points: [11, 21], Bot points:[16, 16]
Bot get one more card ♥8
Player point: 21, Bot point: 24
------ BlackJack!! ------
Player win! Money: 870.0
========================
Round #134
Player cards: [♥6, ♥9], Bot cards:[♠J, ♥A]
Player points: [15, 15], Bot points:[11, 21]
Player get one more card ♥4
Bot get one more card ♦T
Player point: 19, Bot point: 21
Player lose! Money: 850.0
========================
Round #135
Player cards: [♥K, ♦A], Bot cards:[♥7, ♣Q]
Player points: [11, 21], Bot points:[17, 17]
Player point: 21, Bot point: 17
------ BlackJack!! ------
Player win! Money: 876.0
========================
Round #136
Player cards: [♥6, ♦8], Bot cards:[♣4, ♣Q]
Player points: [14, 14], Bot points:[14, 14]
Bot get one more card ♦Q
Player point: 14, Bot point: 24
Player win! Money: 896.0
========================
Round #137
Player cards: [♦9, ♥A], Bot cards:[♥5, ♥7]
Player points: [10, 20], Bot points:[12, 12]
Bot get one more card ♣K
Player point: 20, Bot point: 22
Player win! Money: 916.0
========================
Round #138
Player cards: [♠2, ♠3], Bot cards:[♣3, ♣9]
Player points: [5, 5], Bot points:[12, 12]
Player get one more card ♥J
Bot get one more card ♠2
Bot get one more card ♠2
Bot get one more card ♠5
Player point: 15, Bot point: 21
Player lose! Money: 896.0
========================
Round #139
Player cards: [♦3, ♦7], Bot cards:[♥6, ♦6]
Player points: [10, 10], Bot points:[12, 12]
----- Double Bet! -----
Player get one more card ♣A
Bot get one more card ♥6
Player point: 21, Bot point: 18
Player win! Money: 936.0
========================
Round #140
Player cards: [♦9, ♦J], Bot cards:[♦8, ♥J]
Player points: [19, 19], Bot points:[18, 18]
Player point: 19, Bot point: 18
Player win! Money: 956.0
========================
Round #141
Player cards: [♥3, ♣K], Bot cards:[♣5, ♠6]
Player points: [13, 13], Bot points:[11, 11]
Bot get one more card ♦5
Bot get one more card ♠3
Player point: 13, Bot point: 19
Player lose! Money: 936.0
========================
Round #142
Player cards: [♥Q, ♣A], Bot cards:[♦7, ♥7]
Player points: [11, 21], Bot points:[14, 14]
Bot get one more card ♠K
Player point: 21, Bot point: 24
------ BlackJack!! ------
Player win! Money: 962.0
========================
Round #143
New deck
Player cards: [♦6, ♣J], Bot cards:[♣8, ♥8]
Player points: [16, 16], Bot points:[16, 16]
Player get one more card ♠5
Bot get one more card ♦9
Player point: 21, Bot point: 25
Player win! Money: 982.0
========================
Round #144
Player cards: [♥5, ♥7], Bot cards:[♠8, ♠T]
Player points: [12, 12], Bot points:[18, 18]
Player get one more card ♠A
Player get one more card ♦K
Player point: 23, Bot point: 18
Player lose! Money: 962.0
========================
Round #145
Player cards: [♦7, ♠K], Bot cards:[♦T, ♣A]
Player points: [17, 17], Bot points:[11, 21]
Bot get one more card ♥J
Player point: 17, Bot point: 21
Player lose! Money: 942.0
========================
Round #146
Player cards: [♥7, ♣Q], Bot cards:[♠8, ♠Q]
Player points: [17, 17], Bot points:[18, 18]
Player point: 17, Bot point: 18
Player lose! Money: 922.0
========================
Round #147
Player cards: [♦3, ♥K], Bot cards:[♠5, ♠9]
Player points: [13, 13], Bot points:[14, 14]
Bot get one more card ♠3
Player point: 13, Bot point: 17
Player lose! Money: 902.0
========================
Round #148
Player cards: [♥4, ♦8], Bot cards:[♣3, ♣9]
Player points: [12, 12], Bot points:[12, 12]
Player get one more card ♦2
Bot get one more card ♥T
Player point: 14, Bot point: 22
Player win! Money: 922.0
========================
Round #149
Player cards: [♦4, ♠J], Bot cards:[♠3, ♦A]
Player points: [14, 14], Bot points:[4, 14]
Bot get one more card ♣Q
Bot get one more card ♠2
Bot get one more card ♥8
Player point: 14, Bot point: 24
Player win! Money: 942.0
========================
Round #150
Player cards: [♠9, ♦T], Bot cards:[♥3, ♦J]
Player points: [19, 19], Bot points:[13, 13]
Bot get one more card ♣5
Player point: 19, Bot point: 18
Player win! Money: 962.0
========================
Round #151
Player cards: [♠4, ♦7], Bot cards:[♠2, ♥T]
Player points: [11, 11], Bot points:[12, 12]
----- Double Bet! -----
Player get one more card ♥2
Bot get one more card ♥A
Bot get one more card ♥J
Player point: 13, Bot point: 23
Player win! Money: 1002.0
========================
Round #152
Player cards: [♥2, ♠Q], Bot cards:[♥2, ♦3]
Player points: [12, 12], Bot points:[5, 5]
Player get one more card ♣J
Bot get one more card ♦4
Bot get one more card ♣A
Bot get one more card ♦7
Player point: 22, Bot point: 17
Player lose! Money: 982.0
========================
Round #153
Player cards: [♦8, ♦Q], Bot cards:[♠2, ♠8]
Player points: [18, 18], Bot points:[10, 10]
Bot get one more card ♠8
Player point: 18, Bot point: 18
Draw! Money:982.0
========================
Round #154
Player cards: [♣2, ♦A], Bot cards:[♦8, ♣K]
Player points: [3, 13], Bot points:[18, 18]
Player get one more card ♦5
Player point: 18, Bot point: 18
Draw! Money:982.0
========================
Round #155
Player cards: [♣5, ♣9], Bot cards:[♦9, ♠9]
Player points: [14, 14], Bot points:[18, 18]
Player get one more card ♣2
Player get one more card ♣T
Player point: 26, Bot point: 18
Player lose! Money: 962.0
========================
Round #156
Player cards: [♦J, ♥A], Bot cards:[♣9, ♥J]
Player points: [11, 21], Bot points:[19, 19]
Player point: 21, Bot point: 19
------ BlackJack!! ------
Player win! Money: 988.0
========================
Round #157
Player cards: [♦3, ♥T], Bot cards:[♥2, ♠A]
Player points: [13, 13], Bot points:[3, 13]
Bot get one more card ♣3
Bot get one more card ♦A
Bot get one more card ♠9
Bot get one more card ♥A
Player point: 13, Bot point: 17
Player lose! Money: 968.0
========================
Round #158
Player cards: [♥4, ♠J], Bot cards:[♠3, ♣4]
Player points: [14, 14], Bot points:[7, 7]
Bot get one more card ♣T
Player point: 14, Bot point: 17
Player lose! Money: 948.0
========================
Round #159
Player cards: [♥9, ♦J], Bot cards:[♦2, ♥J]
Player points: [19, 19], Bot points:[12, 12]
Bot get one more card ♣K
Player point: 19, Bot point: 22
Player win! Money: 968.0
========================
Round #160
Player cards: [♦5, ♥7], Bot cards:[♥2, ♥6]
Player points: [12, 12], Bot points:[8, 8]
Player get one more card ♠6
Bot get one more card ♦Q
Player point: 18, Bot point: 18
Draw! Money:968.0
========================
Round #161
Player cards: [♥9, ♣Q], Bot cards:[♣6, ♠7]
Player points: [19, 19], Bot points:[13, 13]
Bot get one more card ♣6
Player point: 19, Bot point: 19
Draw! Money:968.0
========================
Round #162
Player cards: [♣4, ♣A], Bot cards:[♠Q, ♥K]
Player points: [5, 15], Bot points:[20, 20]
Player get one more card ♠5
Player point: 20, Bot point: 20
Draw! Money:968.0
========================
Round #163
Player cards: [♣8, ♠T], Bot cards:[♥5, ♣Q]
Player points: [18, 18], Bot points:[15, 15]
Bot get one more card ♦Q
Player point: 18, Bot point: 25
Player win! Money: 988.0
========================
Round #164
Player cards: [♥5, ♦9], Bot cards:[♠J, ♠K]
Player points: [14, 14], Bot points:[20, 20]
Player get one more card ♦A
Player get one more card ♣7
Player point: 22, Bot point: 20
Player lose! Money: 968.0
========================
Round #165
Player cards: [♠2, ♠4], Bot cards:[♠7, ♠A]
Player points: [6, 6], Bot points:[8, 18]
Player get one more card ♣K
Player get one more card ♥8
Bot get one more card ♥9
Player point: 24, Bot point: 17
Player lose! Money: 948.0
========================
Round #166
Player cards: [♣8, ♠T], Bot cards:[♥Q, ♥K]
Player points: [18, 18], Bot points:[20, 20]
Player point: 18, Bot point: 20
Player lose! Money: 928.0
========================
Round #167
Player cards: [♣8, ♥Q], Bot cards:[♦2, ♥9]
Player points: [18, 18], Bot points:[11, 11]
Bot get one more card ♥9
Player point: 18, Bot point: 20
Player lose! Money: 908.0
========================
Round #168
Player cards: [♠4, ♦7], Bot cards:[♦2, ♦6]
Player points: [11, 11], Bot points:[8, 8]
----- Double Bet! -----
Player get one more card ♣9
Bot get one more card ♥4
Bot get one more card ♦5
Player point: 20, Bot point: 17
Player win! Money: 948.0
========================
Round #169
Player cards: [♦4, ♣4], Bot cards:[♣6, ♦8]
Player points: [8, 8], Bot points:[14, 14]
Player get one more card ♠A
Bot get one more card ♦3
Player point: 19, Bot point: 17
Player win! Money: 968.0
========================
Round #170
Player cards: [♠6, ♣J], Bot cards:[♦6, ♠7]
Player points: [16, 16], Bot points:[13, 13]
Bot get one more card ♠4
Player point: 16, Bot point: 17
Player lose! Money: 948.0
========================
Round #171
Player cards: [♣3, ♣6], Bot cards:[♠6, ♥Q]
Player points: [9, 9], Bot points:[16, 16]
----- Double Bet! -----
Player get one more card ♥Q
Bot get one more card ♣5
Player point: 19, Bot point: 21
Player lose! Money: 908.0
========================
Round #172
Player cards: [♥6, ♥K], Bot cards:[♦5, ♠T]
Player points: [16, 16], Bot points:[15, 15]
Bot get one more card ♦9
Player point: 16, Bot point: 24
Player win! Money: 928.0
========================
Round #173
Player cards: [♣5, ♦Q], Bot cards:[♦T, ♦K]
Player points: [15, 15], Bot points:[20, 20]
Player get one more card ♦2
Player point: 17, Bot point: 20
Player lose! Money: 908.0
========================
Round #174
Player cards: [♣7, ♣T], Bot cards:[♥6, ♠7]
Player points: [17, 17], Bot points:[13, 13]
Bot get one more card ♠6
Player point: 17, Bot point: 19
Player lose! Money: 888.0
========================
Round #175
Player cards: [♣7, ♠8], Bot cards:[♦K, ♥A]
Player points: [15, 15], Bot points:[11, 21]
Player get one more card ♥4
Bot get one more card ♥T
Player point: 19, Bot point: 21
Player lose! Money: 868.0
========================
Round #176
Player cards: [♠3, ♥7], Bot cards:[♥5, ♥8]
Player points: [10, 10], Bot points:[13, 13]
----- Double Bet! -----
Player get one more card ♦4
Bot get one more card ♥3
Bot get one more card ♠K
Player point: 14, Bot point: 26
Player win! Money: 908.0
========================
Round #177
Player cards: [♠6, ♠J], Bot cards:[♥6, ♠K]
Player points: [16, 16], Bot points:[16, 16]
Bot get one more card ♣A
Player point: 16, Bot point: 17
Player lose! Money: 888.0
========================
Round #178
Player cards: [♣3, ♥T], Bot cards:[♦J, ♠Q]
Player points: [13, 13], Bot points:[20, 20]
Player get one more card ♣2
Player get one more card ♥3
Player point: 18, Bot point: 20
Player lose! Money: 868.0
========================
Round #179
Player cards: [♣4, ♣T], Bot cards:[♣7, ♦K]
Player points: [14, 14], Bot points:[17, 17]
Player get one more card ♣K
Player point: 24, Bot point: 17
Player lose! Money: 848.0
========================
Round #180
New deck
Player cards: [♦6, ♠K], Bot cards:[♣K, ♣A]
Player points: [16, 16], Bot points:[11, 21]
Player get one more card ♣6
Bot get one more card ♥6
Player point: 22, Bot point: 17
Player lose! Money: 828.0
========================
Round #181
Player cards: [♥4, ♣K], Bot cards:[♣2, ♣2]
Player points: [14, 14], Bot points:[4, 4]
Bot get one more card ♦K
Bot get one more card ♠J
Player point: 14, Bot point: 24
Player win! Money: 848.0
========================
Round #182
Player cards: [♦3, ♠4], Bot cards:[♥J, ♥K]
Player points: [7, 7], Bot points:[20, 20]
Player get one more card ♦T
Player point: 17, Bot point: 20
Player lose! Money: 828.0
========================
Round #183
Player cards: [♥7, ♥8], Bot cards:[♦4, ♠7]
Player points: [15, 15], Bot points:[11, 11]
Bot get one more card ♦7
Player point: 15, Bot point: 18
Player lose! Money: 808.0
========================
Round #184
Player cards: [♥6, ♥K], Bot cards:[♣4, ♥Q]
Player points: [16, 16], Bot points:[14, 14]
Bot get one more card ♦8
Player point: 16, Bot point: 22
Player win! Money: 828.0
========================
Round #185
Player cards: [♥5, ♠J], Bot cards:[♦7, ♥T]
Player points: [15, 15], Bot points:[17, 17]
Player get one more card ♠6
Player point: 21, Bot point: 17
Player win! Money: 848.0
========================
Round #186
Player cards: [♠3, ♠K], Bot cards:[♦6, ♦K]
Player points: [13, 13], Bot points:[16, 16]
Bot get one more card ♣8
Player point: 13, Bot point: 24
Player win! Money: 868.0
========================
Round #187
Player cards: [♣9, ♦J], Bot cards:[♠4, ♠6]
Player points: [19, 19], Bot points:[10, 10]
Bot get one more card ♣9
Player point: 19, Bot point: 19
Draw! Money:868.0
========================
Round #188
Player cards: [♦8, ♥Q], Bot cards:[♥9, ♠T]
Player points: [18, 18], Bot points:[19, 19]
Player point: 18, Bot point: 19
Player lose! Money: 848.0
========================
Round #189
Player cards: [♥2, ♣6], Bot cards:[♣8, ♠A]
Player points: [8, 8], Bot points:[9, 19]
Player get one more card ♠A
Bot get one more card ♣J
Player point: 19, Bot point: 19
Draw! Money:848.0
========================
Round #190
Player cards: [♦2, ♠5], Bot cards:[♥3, ♠4]
Player points: [7, 7], Bot points:[7, 7]
Player get one more card ♣2
Player get one more card ♠3
Bot get one more card ♥9
Bot get one more card ♠T
Player point: 12, Bot point: 26
Player win! Money: 868.0
========================
Round #191
Player cards: [♥3, ♣8], Bot cards:[♦5, ♥J]
Player points: [11, 11], Bot points:[15, 15]
----- Double Bet! -----
Player get one more card ♦A
Bot get one more card ♣A
Bot get one more card ♦7
Player point: 12, Bot point: 23
Player win! Money: 908.0
========================
Round #192
Player cards: [♥9, ♦9], Bot cards:[♦5, ♣T]
Player points: [18, 18], Bot points:[15, 15]
-------- Split! Two hands: [15, 15], [19, 19]
For second hand:
Bot get one more card ♦3
Player point: 15, Bot point: 18
Player lose! Money: 888.0
========================
Player point: 19, Bot point: 18
Player win! Money: 908.0
========================
Round #193
Player cards: [♦2, ♦T], Bot cards:[♦T, ♣K]
Player points: [12, 12], Bot points:[20, 20]
Player get one more card ♣J
Player point: 22, Bot point: 20
Player lose! Money: 888.0
========================
Round #194
Player cards: [♣5, ♠T], Bot cards:[♠8, ♦8]
Player points: [15, 15], Bot points:[16, 16]
Player get one more card ♥7
Bot get one more card ♥J
Player point: 22, Bot point: 26
Player lose! Money: 868.0
========================
Round #195
Player cards: [♥3, ♦3], Bot cards:[♠3, ♠7]
Player points: [6, 6], Bot points:[10, 10]
Player get one more card ♦6
Player get one more card ♣T
Bot get one more card ♣J
Player point: 22, Bot point: 20
Player lose! Money: 848.0
========================
Round #196
Player cards: [♥2, ♣6], Bot cards:[♠8, ♥Q]
Player points: [8, 8], Bot points:[18, 18]
Player get one more card ♣A
Player point: 19, Bot point: 18
Player win! Money: 868.0
========================
Round #197
Player cards: [♠2, ♣Q], Bot cards:[♣5, ♠9]
Player points: [12, 12], Bot points:[14, 14]
Bot get one more card ♣4
Player point: 12, Bot point: 18
Player lose! Money: 848.0
========================
Round #198
Player cards: [♣9, ♣Q], Bot cards:[♥3, ♥4]
Player points: [19, 19], Bot points:[7, 7]
Bot get one more card ♦K
Player point: 19, Bot point: 17
Player win! Money: 868.0
========================
Round #199
Player cards: [♣Q, ♠K], Bot cards:[♦8, ♠Q]
Player points: [20, 20], Bot points:[18, 18]
Player point: 20, Bot point: 18
Player win! Money: 888.0
========================
Round #200
Player cards: [♣6, ♣7], Bot cards:[♦9, ♠T]
Player points: [13, 13], Bot points:[19, 19]
Player get one more card ♥9
Player point: 22, Bot point: 19
Player lose! Money: 868.0
========================
Round #201
Player cards: [♥2, ♥Q], Bot cards:[♣2, ♦2]
Player points: [12, 12], Bot points:[4, 4]
Player get one more card ♣7
Bot get one more card ♦4
Bot get one more card ♣T
Player point: 19, Bot point: 18
Player win! Money: 888.0
========================
Round #202
Player cards: [♣3, ♥T], Bot cards:[♦4, ♣J]
Player points: [13, 13], Bot points:[14, 14]
Bot get one more card ♠Q
Player point: 13, Bot point: 24
Player win! Money: 908.0
========================
Round #203
Player cards: [♠2, ♦J], Bot cards:[♦9, ♣A]
Player points: [12, 12], Bot points:[10, 20]
Player get one more card ♦A
Player get one more card ♣J
Bot get one more card ♠Q
Player point: 23, Bot point: 20
Player lose! Money: 888.0
========================
Round #204
Player cards: [♦J, ♥K], Bot cards:[♣3, ♥7]
Player points: [20, 20], Bot points:[10, 10]
Bot get one more card ♥T
Player point: 20, Bot point: 20
Draw! Money:888.0
========================
Round #205
Player cards: [♠5, ♠J], Bot cards:[♠8, ♠K]
Player points: [15, 15], Bot points:[18, 18]
Player get one more card ♥6
Player point: 21, Bot point: 18
Player win! Money: 908.0
========================
Round #206
Player cards: [♥3, ♦A], Bot cards:[♠7, ♥8]
Player points: [4, 14], Bot points:[15, 15]
Player get one more card ♥5
Bot get one more card ♥2
Player point: 19, Bot point: 17
Player win! Money: 928.0
========================
Round #207
Player cards: [♠Q, ♥K], Bot cards:[♦3, ♥6]
Player points: [20, 20], Bot points:[9, 9]
Bot get one more card ♥T
Player point: 20, Bot point: 19
Player win! Money: 948.0
========================
Round #208
Player cards: [♦7, ♥7], Bot cards:[♦5, ♦Q]
Player points: [14, 14], Bot points:[15, 15]
-------- Split! Two hands: [8, 18], [12, 12]
For second hand:
Bot get one more card ♦T
Player point: 18, Bot point: 25
Player win! Money: 968.0
========================
Player point: 12, Bot point: 25
Player win! Money: 988.0
========================
Round #209
Player cards: [♠6, ♥A], Bot cards:[♠4, ♦Q]
Player points: [7, 17], Bot points:[14, 14]
Bot get one more card ♣4
Player point: 17, Bot point: 18
Player lose! Money: 968.0
========================
Round #210
Player cards: [♦6, ♦Q], Bot cards:[♣4, ♣8]
Player points: [16, 16], Bot points:[12, 12]
Bot get one more card ♠3
Bot get one more card ♥A
Bot get one more card ♦J
Player point: 16, Bot point: 26
Player win! Money: 988.0
========================
Round #211
Player cards: [♠J, ♥J], Bot cards:[♣4, ♠9]
Player points: [20, 20], Bot points:[13, 13]
Bot get one more card ♥A
Bot get one more card ♣9
Player point: 20, Bot point: 23
Player win! Money: 1008.0
========================
Round #212
Player cards: [♥4, ♥8], Bot cards:[♠2, ♥4]
Player points: [12, 12], Bot points:[6, 6]
Player get one more card ♥8
Bot get one more card ♦Q
Bot get one more card ♣5
Player point: 20, Bot point: 21
Player lose! Money: 988.0
========================
Round #213
Player cards: [♣K, ♦K], Bot cards:[♦2, ♣3]
Player points: [20, 20], Bot points:[5, 5]
Bot get one more card ♣7
Bot get one more card ♠2
Bot get one more card ♠6
Player point: 20, Bot point: 20
Draw! Money:988.0
========================
Round #214
Player cards: [♣3, ♥5], Bot cards:[♦5, ♠8]
Player points: [8, 8], Bot points:[13, 13]
Player get one more card ♦A
Bot get one more card ♠9
Player point: 19, Bot point: 22
Player win! Money: 1008.0
========================
Round #215
Player cards: [♠5, ♠5], Bot cards:[♣2, ♠5]
Player points: [10, 10], Bot points:[7, 7]
----- Double Bet! -----
Player get one more card ♦4
Bot get one more card ♥A
Bot get one more card ♦T
Player point: 14, Bot point: 18
Player lose! Money: 968.0
========================
Round #216
New deck
Player cards: [♥5, ♠K], Bot cards:[♣5, ♠Q]
Player points: [15, 15], Bot points:[15, 15]
Bot get one more card ♦2
Player point: 15, Bot point: 17
Player lose! Money: 948.0
========================
Round #217
Player cards: [♥6, ♠J], Bot cards:[♥5, ♣9]
Player points: [16, 16], Bot points:[14, 14]
Bot get one more card ♦J
Player point: 16, Bot point: 24
Player win! Money: 968.0
========================
Round #218
Player cards: [♥2, ♥T], Bot cards:[♣6, ♥A]
Player points: [12, 12], Bot points:[7, 17]
Bot get one more card ♣A
Bot get one more card ♦5
Bot get one more card ♦5
Player point: 12, Bot point: 18
Player lose! Money: 948.0
========================
Round #219
Player cards: [♠4, ♠4], Bot cards:[♣5, ♠5]
Player points: [8, 8], Bot points:[10, 10]
Player get one more card ♦K
Bot get one more card ♠7
Player point: 18, Bot point: 17
Player win! Money: 968.0
========================
Round #220
Player cards: [♠J, ♣Q], Bot cards:[♠7, ♣K]
Player points: [20, 20], Bot points:[17, 17]
Player point: 20, Bot point: 17
Player win! Money: 988.0
========================
Round #221
Player cards: [♥3, ♥9], Bot cards:[♣6, ♣T]
Player points: [12, 12], Bot points:[16, 16]
Bot get one more card ♣K
Player point: 12, Bot point: 26
Player win! Money: 1008.0
========================
Round #222
Player cards: [♥7, ♥7], Bot cards:[♥3, ♥K]
Player points: [14, 14], Bot points:[13, 13]
-------- Split! Two hands: [17, 17], [17, 17]
For second hand:
Bot get one more card ♦4
Player point: 17, Bot point: 17
Draw! Money:1008.0
========================
Player point: 17, Bot point: 17
Draw! Money:1008.0
========================
Round #223
Player cards: [♥Q, ♦K], Bot cards:[♠9, ♠A]
Player points: [20, 20], Bot points:[10, 20]
Bot get one more card ♥J
Player point: 20, Bot point: 20
Draw! Money:1008.0
========================
Round #224
Player cards: [♣6, ♥A], Bot cards:[♥4, ♥T]
Player points: [7, 17], Bot points:[14, 14]
Bot get one more card ♥4
Player point: 17, Bot point: 18
Player lose! Money: 988.0
========================
Round #225
Player cards: [♦4, ♦Q], Bot cards:[♣2, ♣4]
Player points: [14, 14], Bot points:[6, 6]
Bot get one more card ♥5
Bot get one more card ♣Q
Player point: 14, Bot point: 21
Player lose! Money: 968.0
========================
Round #226
Player cards: [♦3, ♦Q], Bot cards:[♥6, ♦8]
Player points: [13, 13], Bot points:[14, 14]
Bot get one more card ♦J
Player point: 13, Bot point: 24
Player win! Money: 988.0
========================
Round #227
Player cards: [♦2, ♣2], Bot cards:[♣4, ♥K]
Player points: [4, 4], Bot points:[14, 14]
-------- Split! Two hands: [12, 12], [6, 6]
For second hand:
Player get one more card ♠5
Player get one more card ♥9
Bot get one more card ♠J
Player point: 12, Bot point: 24
Player win! Money: 1008.0
========================
Player point: 20, Bot point: 24
Player win! Money: 1028.0
========================
Round #228
Player cards: [♦3, ♥4], Bot cards:[♦7, ♦J]
Player points: [7, 7], Bot points:[17, 17]
Player get one more card ♣K
Player point: 17, Bot point: 17
Draw! Money:1028.0
========================
Round #229
Player cards: [♠2, ♠8], Bot cards:[♣T, ♥A]
Player points: [10, 10], Bot points:[11, 21]
Player get one more card ♣8
Bot get one more card ♦8
Player point: 18, Bot point: 19
Player lose! Money: 1008.0
========================
Round #230
Player cards: [♣6, ♥8], Bot cards:[♦7, ♣T]
Player points: [14, 14], Bot points:[17, 17]
Player get one more card ♦6
Player point: 20, Bot point: 17
Player win! Money: 1028.0
========================
Round #231
Player cards: [♠6, ♦A], Bot cards:[♥9, ♠9]
Player points: [7, 17], Bot points:[18, 18]
Player point: 17, Bot point: 18
Player lose! Money: 1008.0
========================
Round #232
Player cards: [♣5, ♣7], Bot cards:[♥5, ♦9]
Player points: [12, 12], Bot points:[14, 14]
Bot get one more card ♦A
Bot get one more card ♦3
Player point: 12, Bot point: 18
Player lose! Money: 988.0
========================
Round #233
Player cards: [♠4, ♣A], Bot cards:[♣3, ♣5]
Player points: [5, 15], Bot points:[8, 8]
Bot get one more card ♥8
Bot get one more card ♥7
Player point: 15, Bot point: 23
Player win! Money: 1008.0
========================
Round #234
Player cards: [♥6, ♦9], Bot cards:[♠9, ♣Q]
Player points: [15, 15], Bot points:[19, 19]
Player get one more card ♦4
Player point: 19, Bot point: 19
Draw! Money:1008.0
========================
Round #235
Player cards: [♣J, ♦A], Bot cards:[♥J, ♦A]
Player points: [11, 21], Bot points:[11, 21]
Bot get one more card ♠6
Player point: 21, Bot point: 17
------ BlackJack!! ------
Player win! Money: 1034.0
========================
Round #236
Player cards: [♠8, ♦T], Bot cards:[♦9, ♦Q]
Player points: [18, 18], Bot points:[19, 19]
Player point: 18, Bot point: 19
Player lose! Money: 1014.0
========================
Round #237
Player cards: [♣8, ♣J], Bot cards:[♠9, ♠K]
Player points: [18, 18], Bot points:[19, 19]
Player point: 18, Bot point: 19
Player lose! Money: 994.0
========================
Round #238
Player cards: [♦6, ♥J], Bot cards:[♣4, ♠A]
Player points: [16, 16], Bot points:[5, 15]
Bot get one more card ♠5
Bot get one more card ♠K
Player point: 16, Bot point: 20
Player lose! Money: 974.0
========================
Round #239
Player cards: [♦5, ♠Q], Bot cards:[♣2, ♣9]
Player points: [15, 15], Bot points:[11, 11]
Bot get one more card ♦8
Player point: 15, Bot point: 19
Player lose! Money: 954.0
========================
Round #240
Player cards: [♣3, ♣8], Bot cards:[♦7, ♠T]
Player points: [11, 11], Bot points:[17, 17]
----- Double Bet! -----
Player get one more card ♥2
Player point: 13, Bot point: 17
Player lose! Money: 914.0
========================
Round #241
Player cards: [♦T, ♣K], Bot cards:[♠6, ♣A]
Player points: [20, 20], Bot points:[7, 17]
Bot get one more card ♠2
Bot get one more card ♠3
Bot get one more card ♣3
Bot get one more card ♠2
Player point: 20, Bot point: 17
Player win! Money: 934.0
========================
Round #242
Player cards: [♠2, ♠8], Bot cards:[♠K, ♥A]
Player points: [10, 10], Bot points:[11, 21]
Player get one more card ♥3
Player get one more card ♣Q
Bot get one more card ♦K
Player point: 23, Bot point: 21
Player lose! Money: 914.0
========================
Round #243
Player cards: [♥4, ♣7], Bot cards:[♣4, ♠8]
Player points: [11, 11], Bot points:[12, 12]
----- Double Bet! -----
Player get one more card ♣8
Bot get one more card ♥2
Bot get one more card ♠9
Player point: 19, Bot point: 23
Player win! Money: 954.0
========================
Round #244
Player cards: [♥Q, ♣A], Bot cards:[♣7, ♠T]
Player points: [11, 21], Bot points:[17, 17]
Player point: 21, Bot point: 17
------ BlackJack!! ------
Player win! Money: 980.0
========================
Round #245
Player cards: [♠7, ♦9], Bot cards:[♣2, ♣3]
Player points: [16, 16], Bot points:[5, 5]
Bot get one more card ♥9
Bot get one more card ♦J
Player point: 16, Bot point: 24
Player win! Money: 1000.0
========================
Round #246
Player cards: [♣7, ♣9], Bot cards:[♠7, ♠Q]
Player points: [16, 16], Bot points:[17, 17]
Player get one more card ♥3
Player point: 19, Bot point: 17
Player win! Money: 1020.0
========================
Round #247
Player cards: [♦2, ♠A], Bot cards:[♥2, ♥6]
Player points: [3, 13], Bot points:[8, 8]
Bot get one more card ♠7
Bot get one more card ♦9
Player point: 13, Bot point: 24
Player win! Money: 1040.0
========================
Round #248
Player cards: [♥T, ♦T], Bot cards:[♣T, ♠A]
Player points: [20, 20], Bot points:[11, 21]
Bot get one more card ♥K
Player point: 20, Bot point: 21
Player lose! Money: 1020.0
========================
Round #249
Player cards: [♥7, ♣Q], Bot cards:[♥J, ♠A]
Player points: [17, 17], Bot points:[11, 21]
Bot get one more card ♥T
Player point: 17, Bot point: 21
Player lose! Money: 1000.0
========================
Round #250
Player cards: [♥5, ♣J], Bot cards:[♠5, ♠6]
Player points: [15, 15], Bot points:[11, 11]
Bot get one more card ♦4
Bot get one more card ♥8
Player point: 15, Bot point: 23
Player win! Money: 1020.0
========================
Round #251
Player cards: [♦8, ♠Q], Bot cards:[♠3, ♥Q]
Player points: [18, 18], Bot points:[13, 13]
Bot get one more card ♦5
Player point: 18, Bot point: 18
Draw! Money:1020.0
========================
Round #252
Player cards: [♦T, ♦Q], Bot cards:[♦7, ♥Q]
Player points: [20, 20], Bot points:[17, 17]
Player point: 20, Bot point: 17
Player win! Money: 1040.0
========================
Round #253
Player cards: [♠3, ♦6], Bot cards:[♦6, ♦K]
Player points: [9, 9], Bot points:[16, 16]
----- Double Bet! -----
Player get one more card ♠J
Bot get one more card ♣7
Player point: 19, Bot point: 23
Player win! Money: 1080.0
========================
Round #254
New deck
Player cards: [♦8, ♥9], Bot cards:[♠T, ♦T]
Player points: [17, 17], Bot points:[20, 20]
Player point: 17, Bot point: 20
Player lose! Money: 1060.0
========================
Round #255
Player cards: [♥3, ♣8], Bot cards:[♦5, ♣T]
Player points: [11, 11], Bot points:[15, 15]
----- Double Bet! -----
Player get one more card ♥6
Bot get one more card ♠J
Player point: 17, Bot point: 25
Player win! Money: 1100.0
========================
Round #256
Player cards: [♣7, ♠T], Bot cards:[♣5, ♥6]
Player points: [17, 17], Bot points:[11, 11]
Bot get one more card ♥K
Player point: 17, Bot point: 21
Player lose! Money: 1080.0
========================
Round #257
Player cards: [♥K, ♥K], Bot cards:[♥2, ♠6]
Player points: [20, 20], Bot points:[8, 8]
Bot get one more card ♣K
Player point: 20, Bot point: 18
Player win! Money: 1100.0
========================
Round #258
Player cards: [♥9, ♣J], Bot cards:[♣6, ♥8]
Player points: [19, 19], Bot points:[14, 14]
Bot get one more card ♣2
Bot get one more card ♣T
Player point: 19, Bot point: 26
Player win! Money: 1120.0
========================
Round #259
Player cards: [♦7, ♣9], Bot cards:[♥2, ♠9]
Player points: [16, 16], Bot points:[11, 11]
Bot get one more card ♥K
Player point: 16, Bot point: 21
Player lose! Money: 1100.0
========================
Round #260
Player cards: [♠4, ♣Q], Bot cards:[♣2, ♥2]
Player points: [14, 14], Bot points:[4, 4]
Bot get one more card ♥J
Bot get one more card ♠6
Player point: 14, Bot point: 20
Player lose! Money: 1080.0
========================
Round #261
Player cards: [♠Q, ♦Q], Bot cards:[♥4, ♠Q]
Player points: [20, 20], Bot points:[14, 14]
Bot get one more card ♥5
Player point: 20, Bot point: 19
Player win! Money: 1100.0
========================
Round #262
Player cards: [♣A, ♥A], Bot cards:[♣T, ♦A]
Player points: [2, 12], Bot points:[11, 21]
-------- Split! Two hands: [11, 21], [7, 17]
For second hand:
Bot get one more card ♥9
Player point: 21, Bot point: 20
------ BlackJack!! ------
Player win! Money: 1126.0
========================
Player point: 17, Bot point: 20
Player lose! Money: 1106.0
========================
Round #263
Player cards: [♦5, ♣5], Bot cards:[♠7, ♣7]
Player points: [10, 10], Bot points:[14, 14]
----- Double Bet! -----
Player get one more card ♦K
Bot get one more card ♣9
Player point: 20, Bot point: 23
Player win! Money: 1146.0
========================
Round #264
Player cards: [♥T, ♠T], Bot cards:[♦Q, ♠K]
Player points: [20, 20], Bot points:[20, 20]
Player point: 20, Bot point: 20
Draw! Money:1146.0
========================
Round #265
Player cards: [♣7, ♦T], Bot cards:[♦4, ♥5]
Player points: [17, 17], Bot points:[9, 9]
Bot get one more card ♥3
Bot get one more card ♠Q
Player point: 17, Bot point: 22
Player win! Money: 1166.0
========================
Round #266
Player cards: [♦T, ♣K], Bot cards:[♦8, ♦9]
Player points: [20, 20], Bot points:[17, 17]
Player point: 20, Bot point: 17
Player win! Money: 1186.0
========================
Round #267
Player cards: [♦6, ♣J], Bot cards:[♥5, ♣T]
Player points: [16, 16], Bot points:[15, 15]
Bot get one more card ♠8
Player point: 16, Bot point: 23
Player win! Money: 1206.0
========================
Round #268
Player cards: [♣3, ♣9], Bot cards:[♥8, ♠J]
Player points: [12, 12], Bot points:[18, 18]
Player get one more card ♥Q
Player point: 22, Bot point: 18
Player lose! Money: 1186.0
========================
Round #269
Player cards: [♣3, ♦A], Bot cards:[♥7, ♦A]
Player points: [4, 14], Bot points:[8, 18]
Player get one more card ♥6
Bot get one more card ♣6
Bot get one more card ♦Q
Player point: 20, Bot point: 24
Player win! Money: 1206.0
========================
Round #270
Player cards: [♣3, ♥T], Bot cards:[♠4, ♥J]
Player points: [13, 13], Bot points:[14, 14]
Bot get one more card ♠K
Player point: 13, Bot point: 24
Player win! Money: 1226.0
========================
Round #271
Player cards: [♦3, ♦K], Bot cards:[♥8, ♦8]
Player points: [13, 13], Bot points:[16, 16]
Player get one more card ♦6
Bot get one more card ♣8
Player point: 19, Bot point: 24
Player win! Money: 1246.0
========================
Round #272
Player cards: [♣5, ♣A], Bot cards:[♣8, ♣9]
Player points: [6, 16], Bot points:[17, 17]
Player get one more card ♥Q
Player get one more card ♠2
Player point: 18, Bot point: 17
Player win! Money: 1266.0
========================
Round #273
Player cards: [♣6, ♣8], Bot cards:[♦2, ♣Q]
Player points: [14, 14], Bot points:[12, 12]
Bot get one more card ♣4
Bot get one more card ♠2
Player point: 14, Bot point: 18
Player lose! Money: 1246.0
========================
Round #274
Player cards: [♦4, ♦5], Bot cards:[♦3, ♦K]
Player points: [9, 9], Bot points:[13, 13]
----- Double Bet! -----
Player get one more card ♦3
Bot get one more card ♣4
Player point: 12, Bot point: 17
Player lose! Money: 1206.0
========================
Round #275
Player cards: [♦2, ♠8], Bot cards:[♣3, ♥J]
Player points: [10, 10], Bot points:[13, 13]
----- Double Bet! -----
Player get one more card ♦7
Bot get one more card ♦3
Bot get one more card ♥7
Player point: 17, Bot point: 23
Player win! Money: 1246.0
========================
Round #276
Player cards: [♠8, ♣K], Bot cards:[♥Q, ♥K]
Player points: [18, 18], Bot points:[20, 20]
Player point: 18, Bot point: 20
Player lose! Money: 1226.0
========================
Round #277
Player cards: [♦9, ♠J], Bot cards:[♣2, ♣Q]
Player points: [19, 19], Bot points:[12, 12]
Bot get one more card ♠4
Bot get one more card ♠J
Player point: 19, Bot point: 26
Player win! Money: 1246.0
========================
Round #278
Player cards: [♠7, ♦9], Bot cards:[♠3, ♥5]
Player points: [16, 16], Bot points:[8, 8]
Bot get one more card ♦2
Bot get one more card ♣J
Player point: 16, Bot point: 20
Player lose! Money: 1226.0
========================
Round #279
Player cards: [♠4, ♦8], Bot cards:[♦2, ♠A]
Player points: [12, 12], Bot points:[3, 13]
Player get one more card ♥6
Bot get one more card ♦J
Bot get one more card ♥2
Bot get one more card ♦J
Player point: 18, Bot point: 25
Player win! Money: 1246.0
========================
Round #280
Player cards: [♦7, ♠T], Bot cards:[♠3, ♦4]
Player points: [17, 17], Bot points:[7, 7]
Bot get one more card ♠6
Bot get one more card ♣9
Player point: 17, Bot point: 22
Player win! Money: 1266.0
========================
Round #281
Player cards: [♣5, ♦6], Bot cards:[♦J, ♥A]
Player points: [11, 11], Bot points:[11, 21]
----- Double Bet! -----
Player get one more card ♦K
Bot get one more card ♥T
Player point: 21, Bot point: 21
Player lose! Money: 1226.0
========================
Round #282
Player cards: [♦9, ♠A], Bot cards:[♠2, ♣4]
Player points: [10, 20], Bot points:[6, 6]
Bot get one more card ♠5
Bot get one more card ♣A
Bot get one more card ♠9
Player point: 20, Bot point: 21
Player lose! Money: 1206.0
========================
Round #283
Player cards: [♠3, ♣A], Bot cards:[♦2, ♠9]
Player points: [4, 14], Bot points:[11, 11]
Bot get one more card ♠5
Bot get one more card ♥7
Player point: 14, Bot point: 23
Player win! Money: 1226.0
========================
Round #284
Player cards: [♥3, ♠7], Bot cards:[♦7, ♣Q]
Player points: [10, 10], Bot points:[17, 17]
----- Double Bet! -----
Player get one more card ♦5
Player point: 15, Bot point: 17
Player lose! Money: 1186.0
========================
Round #285
Player cards: [♣2, ♠K], Bot cards:[♣4, ♥J]
Player points: [12, 12], Bot points:[14, 14]
Bot get one more card ♥4
Player point: 12, Bot point: 18
Player lose! Money: 1166.0
========================
Round #286
Player cards: [♣7, ♦T], Bot cards:[♦6, ♥9]
Player points: [17, 17], Bot points:[15, 15]
Bot get one more card ♠K
Player point: 17, Bot point: 25
Player win! Money: 1186.0
========================
Round #287
Player cards: [♠8, ♠A], Bot cards:[♥8, ♦J]
Player points: [9, 19], Bot points:[18, 18]
Player point: 19, Bot point: 18
Player win! Money: 1206.0
========================
Round #288
Player cards: [♠2, ♥Q], Bot cards:[♦4, ♣K]
Player points: [12, 12], Bot points:[14, 14]
Bot get one more card ♠5
Player point: 12, Bot point: 19
Player lose! Money: 1186.0
========================
Round #289
Player cards: [♠5, ♠7], Bot cards:[♠3, ♦A]
Player points: [12, 12], Bot points:[4, 14]
Player get one more card ♥4
Bot get one more card ♠Q
Bot get one more card ♥A
Bot get one more card ♥8
Player point: 16, Bot point: 23
Player win! Money: 1206.0
========================
Round #290
Player cards: [♠6, ♣J], Bot cards:[♥3, ♦3]
Player points: [16, 16], Bot points:[6, 6]
Bot get one more card ♥4
Bot get one more card ♠A
Bot get one more card ♠3
Bot get one more card ♦Q
Player point: 16, Bot point: 24
Player win! Money: 1226.0
========================
Round #291
New deck
Player cards: [♠6, ♦8], Bot cards:[♠6, ♠8]
Player points: [14, 14], Bot points:[14, 14]
Bot get one more card ♦2
Bot get one more card ♦7
Player point: 14, Bot point: 23
Player win! Money: 1246.0
========================
Round #292
Player cards: [♣3, ♣3], Bot cards:[♦8, ♦9]
Player points: [6, 6], Bot points:[17, 17]
Player get one more card ♦K
Player get one more card ♠K
Player point: 26, Bot point: 17
Player lose! Money: 1226.0
========================
Round #293
Player cards: [♠9, ♣K], Bot cards:[♥2, ♥3]
Player points: [19, 19], Bot points:[5, 5]
Bot get one more card ♥6
Bot get one more card ♥5
Bot get one more card ♦J
Player point: 19, Bot point: 26
Player win! Money: 1246.0
========================
Round #294
Player cards: [♥7, ♣T], Bot cards:[♠2, ♠3]
Player points: [17, 17], Bot points:[5, 5]
Bot get one more card ♥2
Bot get one more card ♦K
Player point: 17, Bot point: 17
Draw! Money:1246.0
========================
Round #295
Player cards: [♣3, ♥5], Bot cards:[♠2, ♥7]
Player points: [8, 8], Bot points:[9, 9]
Player get one more card ♣K
Bot get one more card ♣7
Bot get one more card ♠K
Player point: 18, Bot point: 26
Player win! Money: 1266.0
========================
Round #296
Player cards: [♣4, ♦6], Bot cards:[♣J, ♠J]
Player points: [10, 10], Bot points:[20, 20]
Player get one more card ♥Q
Player point: 20, Bot point: 20
Draw! Money:1266.0
========================
Round #297
Player cards: [♥7, ♠J], Bot cards:[♦2, ♣T]
Player points: [17, 17], Bot points:[12, 12]
Bot get one more card ♣7
Player point: 17, Bot point: 19
Player lose! Money: 1246.0
========================
Round #298
Player cards: [♠3, ♣A], Bot cards:[♦5, ♠6]
Player points: [4, 14], Bot points:[11, 11]
Bot get one more card ♥7
Player point: 14, Bot point: 18
Player lose! Money: 1226.0
========================
Round #299
Player cards: [♣9, ♠A], Bot cards:[♥3, ♣8]
Player points: [10, 20], Bot points:[11, 11]
Bot get one more card ♥A
Bot get one more card ♠Q
Player point: 20, Bot point: 22
Player win! Money: 1246.0
========================
Round #300
Player cards: [♠9, ♥Q], Bot cards:[♥7, ♠9]
Player points: [19, 19], Bot points:[16, 16]
Bot get one more card ♠4
Player point: 19, Bot point: 20
Player lose! Money: 1226.0
========================
Round #301
Player cards: [♥3, ♠J], Bot cards:[♥J, ♥Q]
Player points: [13, 13], Bot points:[20, 20]
Player get one more card ♣4
Player point: 17, Bot point: 20
Player lose! Money: 1206.0
========================
Round #302
Player cards: [♥4, ♥8], Bot cards:[♦2, ♦6]
Player points: [12, 12], Bot points:[8, 8]
Player get one more card ♥6
Bot get one more card ♣8
Bot get one more card ♠T
Player point: 18, Bot point: 26
Player win! Money: 1226.0
========================
Round #303
Player cards: [♦5, ♣J], Bot cards:[♦7, ♥J]
Player points: [15, 15], Bot points:[17, 17]
Player get one more card ♥J
Player point: 25, Bot point: 17
Player lose! Money: 1206.0
========================
Round #304
Player cards: [♦4, ♠9], Bot cards:[♠5, ♠8]
Player points: [13, 13], Bot points:[13, 13]
Bot get one more card ♥K
Player point: 13, Bot point: 23
Player win! Money: 1226.0
========================
Round #305
Player cards: [♦3, ♥9], Bot cards:[♦5, ♥A]
Player points: [12, 12], Bot points:[6, 16]
Bot get one more card ♣K
Bot get one more card ♦T
Player point: 12, Bot point: 26
Player win! Money: 1246.0
========================
Round #306
Player cards: [♣5, ♠7], Bot cards:[♣4, ♦T]
Player points: [12, 12], Bot points:[14, 14]
Bot get one more card ♦8
Player point: 12, Bot point: 22
Player win! Money: 1266.0
========================
Round #307
Player cards: [♣2, ♠7], Bot cards:[♦K, ♣A]
Player points: [9, 9], Bot points:[11, 21]
Player get one more card ♥K
Bot get one more card ♥3
Bot get one more card ♠9
Player point: 19, Bot point: 23
Player win! Money: 1286.0
========================
Round #308
Player cards: [♠7, ♠Q], Bot cards:[♦7, ♦J]
Player points: [17, 17], Bot points:[17, 17]
Player point: 17, Bot point: 17
Draw! Money:1286.0
========================
Round #309
Player cards: [♥9, ♦A], Bot cards:[♣6, ♥A]
Player points: [10, 20], Bot points:[7, 17]
Bot get one more card ♦4
Bot get one more card ♥8
Player point: 20, Bot point: 19
Player win! Money: 1306.0
========================
Round #310
Player cards: [♣9, ♠K], Bot cards:[♣6, ♥8]
Player points: [19, 19], Bot points:[14, 14]
Bot get one more card ♠2
Bot get one more card ♦6
Player point: 19, Bot point: 22
Player win! Money: 1326.0
========================
Round #311
Player cards: [♥6, ♠7], Bot cards:[♦8, ♣8]
Player points: [13, 13], Bot points:[16, 16]
Player get one more card ♠2
Player get one more card ♥A
Player get one more card ♣K
Bot get one more card ♣8
Player point: 26, Bot point: 24
Player lose! Money: 1306.0
========================
Round #312
Player cards: [♥4, ♥Q], Bot cards:[♠Q, ♦Q]
Player points: [14, 14], Bot points:[20, 20]
Player get one more card ♥4
Player point: 18, Bot point: 20
Player lose! Money: 1286.0
========================
Round #313
Player cards: [♦3, ♣9], Bot cards:[♥2, ♣9]
Player points: [12, 12], Bot points:[11, 11]
Player get one more card ♠3
Bot get one more card ♥T
Player point: 15, Bot point: 21
Player lose! Money: 1266.0
========================
Round #314
Player cards: [♦4, ♣J], Bot cards:[♦2, ♠8]
Player points: [14, 14], Bot points:[10, 10]
Bot get one more card ♣A
Bot get one more card ♠T
Player point: 14, Bot point: 21
Player lose! Money: 1246.0
========================
Round #315
Player cards: [♦T, ♣Q], Bot cards:[♠3, ♠Q]
Player points: [20, 20], Bot points:[13, 13]
Bot get one more card ♣4
Player point: 20, Bot point: 17
Player win! Money: 1266.0
========================
Round #316
Player cards: [♠T, ♠K], Bot cards:[♠8, ♣A]
Player points: [20, 20], Bot points:[9, 19]
Bot get one more card ♠A
Bot get one more card ♥4
Bot get one more card ♦A
Bot get one more card ♣J
Player point: 20, Bot point: 25
Player win! Money: 1286.0
========================
Round #317
Player cards: [♦7, ♥T], Bot cards:[♠4, ♥A]
Player points: [17, 17], Bot points:[5, 15]
Bot get one more card ♥5
Bot get one more card ♦5
Bot get one more card ♦9
Player point: 17, Bot point: 24
Player win! Money: 1306.0
========================
Round #318
Player cards: [♠4, ♠5], Bot cards:[♥T, ♣Q]
Player points: [9, 9], Bot points:[20, 20]
Player get one more card ♦T
Player point: 19, Bot point: 20
Player lose! Money: 1286.0
========================
Round #319
Player cards: [♣T, ♦Q], Bot cards:[♣2, ♣3]
Player points: [20, 20], Bot points:[5, 5]
Bot get one more card ♦J
Bot get one more card ♣7
Player point: 20, Bot point: 22
Player win! Money: 1306.0
========================
Round #320
Player cards: [♦6, ♥6], Bot cards:[♠J, ♠A]
Player points: [12, 12], Bot points:[11, 21]
Player get one more card ♠4
Player get one more card ♦J
Bot get one more card ♥5
Bot get one more card ♦A
Player point: 26, Bot point: 17
Player lose! Money: 1286.0
========================
Round #321
Player cards: [♦9, ♦K], Bot cards:[♠6, ♣Q]
Player points: [19, 19], Bot points:[16, 16]
Bot get one more card ♥K
Player point: 19, Bot point: 26
Player win! Money: 1306.0
========================
Round #322
Player cards: [♣2, ♣5], Bot cards:[♥2, ♥9]
Player points: [7, 7], Bot points:[11, 11]
Player get one more card ♣2
Player get one more card ♦3
Player get one more card ♠5
Bot get one more card ♥T
Player point: 17, Bot point: 21
Player lose! Money: 1286.0
========================
Round #323
Player cards: [♣6, ♣6], Bot cards:[♣5, ♠T]
Player points: [12, 12], Bot points:[15, 15]
-------- Split! Two hands: [14, 14], [16, 16]
For second hand:
Bot get one more card ♦9
Player point: 14, Bot point: 24
Player win! Money: 1306.0
========================
Player point: 16, Bot point: 24
Player win! Money: 1326.0
========================
Round #324
Player cards: [♣5, ♣Q], Bot cards:[♠5, ♣7]
Player points: [15, 15], Bot points:[12, 12]
Bot get one more card ♥K
Player point: 15, Bot point: 22
Player win! Money: 1346.0
========================
Round #325
New deck
Player cards: [♠2, ♥8], Bot cards:[♦3, ♣7]
Player points: [10, 10], Bot points:[10, 10]
----- Double Bet! -----
Player get one more card ♥3
Bot get one more card ♦Q
Player point: 13, Bot point: 20
Player lose! Money: 1306.0
========================
Round #326
Player cards: [♠2, ♦8], Bot cards:[♦7, ♦J]
Player points: [10, 10], Bot points:[17, 17]
----- Double Bet! -----
Player get one more card ♣4
Player point: 14, Bot point: 17
Player lose! Money: 1266.0
========================
Round #327
Player cards: [♦7, ♠8], Bot cards:[♥J, ♦K]
Player points: [15, 15], Bot points:[20, 20]
Player get one more card ♥6
Player point: 21, Bot point: 20
Player win! Money: 1286.0
========================
Round #328
Player cards: [♠5, ♣J], Bot cards:[♠3, ♠J]
Player points: [15, 15], Bot points:[13, 13]
Bot get one more card ♣6
Player point: 15, Bot point: 19
Player lose! Money: 1266.0
========================
Round #329
Player cards: [♣3, ♣3], Bot cards:[♦6, ♣J]
Player points: [6, 6], Bot points:[16, 16]
-------- Split! Two hands: [13, 13], [5, 5]
For second hand:
Player get one more card ♥A
Bot get one more card ♦A
Player point: 13, Bot point: 17
Player lose! Money: 1246.0
========================
Player point: 16, Bot point: 17
Player lose! Money: 1226.0
========================
Round #330
Player cards: [♠3, ♣T], Bot cards:[♦6, ♥A]
Player points: [13, 13], Bot points:[7, 17]
Bot get one more card ♣4
Bot get one more card ♥6
Player point: 13, Bot point: 17
Player lose! Money: 1206.0
========================
Round #331
Player cards: [♦4, ♠9], Bot cards:[♥K, ♥K]
Player points: [13, 13], Bot points:[20, 20]
Player get one more card ♣8
Player point: 21, Bot point: 20
Player win! Money: 1226.0
========================
Round #332
Player cards: [♦2, ♥6], Bot cards:[♣6, ♣K]
Player points: [8, 8], Bot points:[16, 16]
Player get one more card ♥4
Bot get one more card ♥5
Player point: 12, Bot point: 21
Player lose! Money: 1206.0
========================
Round #333
Player cards: [♠6, ♠K], Bot cards:[♥9, ♠A]
Player points: [16, 16], Bot points:[10, 20]
Player get one more card ♦Q
Bot get one more card ♦4
Bot get one more card ♦5
Player point: 26, Bot point: 19
Player lose! Money: 1186.0
========================
Round #334
Player cards: [♥7, ♣A], Bot cards:[♠4, ♣7]
Player points: [8, 18], Bot points:[11, 11]
Bot get one more card ♥3
Bot get one more card ♠Q
Player point: 18, Bot point: 24
Player win! Money: 1206.0
========================
Round #335
Player cards: [♣9, ♦Q], Bot cards:[♠8, ♦T]
Player points: [19, 19], Bot points:[18, 18]
Player point: 19, Bot point: 18
Player win! Money: 1226.0
========================
Round #336
Player cards: [♥9, ♥T], Bot cards:[♦Q, ♠A]
Player points: [19, 19], Bot points:[11, 21]
Bot get one more card ♣8
Player point: 19, Bot point: 19
Draw! Money:1226.0
========================
Round #337
Player cards: [♣6, ♥T], Bot cards:[♣2, ♣A]
Player points: [16, 16], Bot points:[3, 13]
Bot get one more card ♣Q
Bot get one more card ♦4
Player point: 16, Bot point: 17
Player lose! Money: 1206.0
========================
Round #338
Player cards: [♦T, ♠K], Bot cards:[♣8, ♣Q]
Player points: [20, 20], Bot points:[18, 18]
Player point: 20, Bot point: 18
Player win! Money: 1226.0
========================
Round #339
Player cards: [♦3, ♠K], Bot cards:[♣5, ♠T]
Player points: [13, 13], Bot points:[15, 15]
Bot get one more card ♥9
Player point: 13, Bot point: 24
Player win! Money: 1246.0
========================
Round #340
Player cards: [♥3, ♥8], Bot cards:[♣6, ♠7]
Player points: [11, 11], Bot points:[13, 13]
----- Double Bet! -----
Player get one more card ♦7
Bot get one more card ♥4
Player point: 18, Bot point: 17
Player win! Money: 1286.0
========================
Round #341
Player cards: [♠T, ♦A], Bot cards:[♠6, ♠Q]
Player points: [11, 21], Bot points:[16, 16]
Bot get one more card ♥T
Player point: 21, Bot point: 26
------ BlackJack!! ------
Player win! Money: 1312.0
========================
Round #342
Player cards: [♥8, ♠8], Bot cards:[♠6, ♦K]
Player points: [16, 16], Bot points:[16, 16]
-------- Split! Two hands: [11, 11], [15, 15]
----- Double Bet! -----
Player get one more card ♠J
For second hand:
Bot get one more card ♥9
Player point: 21, Bot point: 25
Player win! Money: 1352.0
========================
Player point: 15, Bot point: 25
Player win! Money: 1372.0
========================
Round #343
Player cards: [♠4, ♠A], Bot cards:[♦8, ♣T]
Player points: [5, 15], Bot points:[18, 18]
Player get one more card ♥9
Player get one more card ♠4
Player point: 18, Bot point: 18
Draw! Money:1372.0
========================
Round #344
Player cards: [♠2, ♠9], Bot cards:[♣9, ♣J]
Player points: [11, 11], Bot points:[19, 19]
----- Double Bet! -----
Player get one more card ♣T
Player point: 21, Bot point: 19
Player win! Money: 1412.0
========================
Round #345
Player cards: [♣7, ♠7], Bot cards:[♠Q, ♦K]
Player points: [14, 14], Bot points:[20, 20]
Player get one more card ♥J
Player point: 24, Bot point: 20
Player lose! Money: 1392.0
========================
Round #346
Player cards: [♥2, ♣T], Bot cards:[♥3, ♦3]
Player points: [12, 12], Bot points:[6, 6]
Player get one more card ♥5
Bot get one more card ♦5
Bot get one more card ♦5
Bot get one more card ♣Q
Player point: 17, Bot point: 26
Player win! Money: 1412.0
========================
Round #347
Player cards: [♥5, ♦T], Bot cards:[♦9, ♥Q]
Player points: [15, 15], Bot points:[19, 19]
Player get one more card ♦A
Player get one more card ♥2
Player point: 18, Bot point: 19
Player lose! Money: 1392.0
========================
Round #348
Player cards: [♦2, ♣5], Bot cards:[♠9, ♠Q]
Player points: [7, 7], Bot points:[19, 19]
Player get one more card ♥2
Player get one more card ♠T
Player point: 19, Bot point: 19
Draw! Money:1392.0
========================
Round #349
Player cards: [♥2, ♦5], Bot cards:[♠7, ♦A]
Player points: [7, 7], Bot points:[8, 18]
Player get one more card ♠8
Player get one more card ♥K
Bot get one more card ♠7
Bot get one more card ♠4
Player point: 25, Bot point: 19
Player lose! Money: 1372.0
========================
Round #350
Player cards: [♣7, ♦9], Bot cards:[♦J, ♥J]
Player points: [16, 16], Bot points:[20, 20]
Player get one more card ♣K
Player point: 26, Bot point: 20
Player lose! Money: 1352.0
========================
Round #351
Player cards: [♣8, ♥Q], Bot cards:[♠3, ♥A]
Player points: [18, 18], Bot points:[4, 14]
Bot get one more card ♥K
Bot get one more card ♠2
Bot get one more card ♥Q
Player point: 18, Bot point: 26
Player win! Money: 1372.0
========================
Round #352
Player cards: [♥J, ♥A], Bot cards:[♦7, ♠J]
Player points: [11, 21], Bot points:[17, 17]
Player point: 21, Bot point: 17
------ BlackJack!! ------
Player win! Money: 1398.0
========================
Round #353
Player cards: [♠5, ♣T], Bot cards:[♠5, ♥8]
Player points: [15, 15], Bot points:[13, 13]
Bot get one more card ♠9
Player point: 15, Bot point: 22
Player win! Money: 1418.0
========================
Round #354
Player cards: [♠K, ♣K], Bot cards:[♣3, ♦9]
Player points: [20, 20], Bot points:[12, 12]
Bot get one more card ♥4
Bot get one more card ♦8
Player point: 20, Bot point: 24
Player win! Money: 1438.0
========================
Round #355
Player cards: [♥Q, ♦A], Bot cards:[♥6, ♠J]
Player points: [11, 21], Bot points:[16, 16]
Bot get one more card ♣5
Player point: 21, Bot point: 21
Player lose! Money: 1418.0
========================
Round #356
Player cards: [♥7, ♣K], Bot cards:[♦Q, ♠A]
Player points: [17, 17], Bot points:[11, 21]
Bot get one more card ♦6
Player point: 17, Bot point: 17
Draw! Money:1418.0
========================
Round #357
Player cards: [♣4, ♠T], Bot cards:[♠6, ♥7]
Player points: [14, 14], Bot points:[13, 13]
Bot get one more card ♦6
Player point: 14, Bot point: 19
Player lose! Money: 1398.0
========================
Round #358
Player cards: [♣5, ♣9], Bot cards:[♠5, ♣A]
Player points: [14, 14], Bot points:[6, 16]
Bot get one more card ♥T
Bot get one more card ♦J
Player point: 14, Bot point: 26
Player win! Money: 1418.0
========================
Round #359
Player cards: [♣2, ♥5], Bot cards:[♣2, ♣A]
Player points: [7, 7], Bot points:[3, 13]
Player get one more card ♣Q
Bot get one more card ♣4
Bot get one more card ♦J
Player point: 17, Bot point: 17
Draw! Money:1418.0
========================
Round #360
Player cards: [♦2, ♦3], Bot cards:[♦9, ♥J]
Player points: [5, 5], Bot points:[19, 19]
Player get one more card ♣2
Player get one more card ♦3
Player get one more card ♥4
Player point: 14, Bot point: 19
Player lose! Money: 1398.0
========================
Round #361
New deck
Player cards: [♦4, ♠K], Bot cards:[♣6, ♣Q]
Player points: [14, 14], Bot points:[16, 16]
Bot get one more card ♥J
Player point: 14, Bot point: 26
Player win! Money: 1418.0
========================
Round #362
Player cards: [♦2, ♣4], Bot cards:[♣2, ♣3]
Player points: [6, 6], Bot points:[5, 5]
Player get one more card ♠9
Bot get one more card ♣3
Bot get one more card ♦9
Player point: 15, Bot point: 17
Player lose! Money: 1398.0
========================
Round #363
Player cards: [♣5, ♠8], Bot cards:[♠2, ♥9]
Player points: [13, 13], Bot points:[11, 11]
Bot get one more card ♥A
Bot get one more card ♣8
Player point: 13, Bot point: 20
Player lose! Money: 1378.0
========================
Round #364
Player cards: [♣8, ♦A], Bot cards:[♠2, ♦T]
Player points: [9, 19], Bot points:[12, 12]
Bot get one more card ♥A
Bot get one more card ♣K
Player point: 19, Bot point: 23
Player win! Money: 1398.0
========================
Round #365
Player cards: [♦7, ♣Q], Bot cards:[♥J, ♠Q]
Player points: [17, 17], Bot points:[20, 20]
Player point: 17, Bot point: 20
Player lose! Money: 1378.0
========================
Round #366
Player cards: [♦3, ♣7], Bot cards:[♦4, ♣K]
Player points: [10, 10], Bot points:[14, 14]
----- Double Bet! -----
Player get one more card ♠3
Bot get one more card ♥9
Player point: 13, Bot point: 23
Player win! Money: 1418.0
========================
Round #367
Player cards: [♦T, ♦K], Bot cards:[♥5, ♦5]
Player points: [20, 20], Bot points:[10, 10]
Bot get one more card ♠3
Bot get one more card ♦K
Player point: 20, Bot point: 23
Player win! Money: 1438.0
========================
Round #368
Player cards: [♠6, ♦K], Bot cards:[♣3, ♠T]
Player points: [16, 16], Bot points:[13, 13]
Bot get one more card ♦7
Player point: 16, Bot point: 20
Player lose! Money: 1418.0
========================
Round #369
Player cards: [♥2, ♣8], Bot cards:[♥2, ♣J]
Player points: [10, 10], Bot points:[12, 12]
----- Double Bet! -----
Player get one more card ♥T
Bot get one more card ♦6
Player point: 20, Bot point: 18
Player win! Money: 1458.0
========================
Round #370
Player cards: [♦K, ♥K], Bot cards:[♠J, ♠K]
Player points: [20, 20], Bot points:[20, 20]
Player point: 20, Bot point: 20
Draw! Money:1458.0
========================
Round #371
Player cards: [♦2, ♠9], Bot cards:[♥3, ♦8]
Player points: [11, 11], Bot points:[11, 11]
----- Double Bet! -----
Player get one more card ♦2
Bot get one more card ♠Q
Player point: 13, Bot point: 21
Player lose! Money: 1418.0
========================
Round #372
Player cards: [♦7, ♥J], Bot cards:[♠2, ♥6]
Player points: [17, 17], Bot points:[8, 8]
Bot get one more card ♦8
Bot get one more card ♦Q
Player point: 17, Bot point: 26
Player win! Money: 1438.0
========================
Round #373
Player cards: [♣2, ♥3], Bot cards:[♣4, ♦5]
Player points: [5, 5], Bot points:[9, 9]
Player get one more card ♣9
Bot get one more card ♠Q
Player point: 14, Bot point: 19
Player lose! Money: 1418.0
========================
Round #374
Player cards: [♥3, ♦T], Bot cards:[♣T, ♦J]
Player points: [13, 13], Bot points:[20, 20]
Player get one more card ♥5
Player point: 18, Bot point: 20
Player lose! Money: 1398.0
========================
Round #375
Player cards: [♠3, ♥4], Bot cards:[♦5, ♣9]
Player points: [7, 7], Bot points:[14, 14]
Player get one more card ♠8
Bot get one more card ♥A
Bot get one more card ♥2
Player point: 15, Bot point: 17
Player lose! Money: 1378.0
========================
Round #376
Player cards: [♠9, ♥K], Bot cards:[♦3, ♦7]
Player points: [19, 19], Bot points:[10, 10]
Bot get one more card ♠5
Bot get one more card ♦A
Bot get one more card ♠7
Player point: 19, Bot point: 23
Player win! Money: 1398.0
========================
Round #377
Player cards: [♥5, ♦5], Bot cards:[♣5, ♠6]
Player points: [10, 10], Bot points:[11, 11]
----- Double Bet! -----
Player get one more card ♠A
Bot get one more card ♠A
Bot get one more card ♦J
Player point: 21, Bot point: 22
Player win! Money: 1438.0
========================
Round #378
Player cards: [♥7, ♦9], Bot cards:[♥8, ♠T]
Player points: [16, 16], Bot points:[18, 18]
Player get one more card ♠4
Player point: 20, Bot point: 18
Player win! Money: 1458.0
========================
Round #379
Player cards: [♣9, ♠T], Bot cards:[♠2, ♣3]
Player points: [19, 19], Bot points:[5, 5]
Bot get one more card ♥4
Bot get one more card ♥8
Player point: 19, Bot point: 17
Player win! Money: 1478.0
========================
Round #380
Player cards: [♥7, ♦Q], Bot cards:[♠5, ♦Q]
Player points: [17, 17], Bot points:[15, 15]
Bot get one more card ♥6
Player point: 17, Bot point: 21
Player lose! Money: 1458.0
========================
Round #381
Player cards: [♣2, ♣6], Bot cards:[♠5, ♥Q]
Player points: [8, 8], Bot points:[15, 15]
Player get one more card ♣5
Bot get one more card ♦6
Player point: 13, Bot point: 21
Player lose! Money: 1438.0
========================
Round #382
Player cards: [♥4, ♣7], Bot cards:[♥9, ♥A]
Player points: [11, 11], Bot points:[10, 20]
----- Double Bet! -----
Player get one more card ♥9
Bot get one more card ♥J
Player point: 20, Bot point: 20
Draw! Money:1438.0
========================
Round #383
Player cards: [♦9, ♥Q], Bot cards:[♠7, ♣9]
Player points: [19, 19], Bot points:[16, 16]
Bot get one more card ♣7
Player point: 19, Bot point: 23
Player win! Money: 1458.0
========================
Round #384
Player cards: [♣J, ♣Q], Bot cards:[♠6, ♣A]
Player points: [20, 20], Bot points:[7, 17]
Bot get one more card ♦2
Bot get one more card ♣T
Player point: 20, Bot point: 19
Player win! Money: 1478.0
========================
Round #385
Player cards: [♥3, ♥K], Bot cards:[♠7, ♠8]
Player points: [13, 13], Bot points:[15, 15]
Player get one more card ♦J
Bot get one more card ♦A
Bot get one more card ♣A
Player point: 23, Bot point: 17
Player lose! Money: 1458.0
========================
Round #386
Player cards: [♣2, ♣3], Bot cards:[♦K, ♠K]
Player points: [5, 5], Bot points:[20, 20]
Player get one more card ♣J
Player get one more card ♣K
Player point: 25, Bot point: 20
Player lose! Money: 1438.0
========================
Round #387
Player cards: [♣K, ♠K], Bot cards:[♦3, ♣8]
Player points: [20, 20], Bot points:[11, 11]
Bot get one more card ♦4
Bot get one more card ♥7
Player point: 20, Bot point: 22
Player win! Money: 1458.0
========================
Round #388
Player cards: [♥4, ♠6], Bot cards:[♠7, ♠A]
Player points: [10, 10], Bot points:[8, 18]
----- Double Bet! -----
Player get one more card ♥Q
Bot get one more card ♦J
Player point: 20, Bot point: 18
Player win! Money: 1498.0
========================
Round #389
Player cards: [♠4, ♥8], Bot cards:[♠4, ♠J]
Player points: [12, 12], Bot points:[14, 14]
Bot get one more card ♣A
Bot get one more card ♥T
Player point: 12, Bot point: 25
Player win! Money: 1518.0
========================
Round #390
Player cards: [♥6, ♦8], Bot cards:[♣T, ♠Q]
Player points: [14, 14], Bot points:[20, 20]
Player get one more card ♦8
Player point: 22, Bot point: 20
Player lose! Money: 1498.0
========================
Round #391
Player cards: [♦3, ♥8], Bot cards:[♦4, ♦A]
Player points: [11, 11], Bot points:[5, 15]
----- Double Bet! -----
Player get one more card ♣9
Bot get one more card ♣4
Bot get one more card ♠J
Player point: 20, Bot point: 19
Player win! Money: 1538.0
========================
Round #392
Player cards: [♣5, ♣6], Bot cards:[♦6, ♠J]
Player points: [11, 11], Bot points:[16, 16]
----- Double Bet! -----
Player get one more card ♣6
Bot get one more card ♦8
Player point: 17, Bot point: 24
Player win! Money: 1578.0
========================
Round #393
Player cards: [♣T, ♥T], Bot cards:[♠5, ♥K]
Player points: [20, 20], Bot points:[15, 15]
Bot get one more card ♦T
Player point: 20, Bot point: 25
Player win! Money: 1598.0
========================
Round #394
Player cards: [♠3, ♣A], Bot cards:[♠4, ♣4]
Player points: [4, 14], Bot points:[8, 8]
Bot get one more card ♦4
Bot get one more card ♠A
Bot get one more card ♥6
Player point: 14, Bot point: 19
Player lose! Money: 1578.0
========================
Round #395
Player cards: [♦6, ♦T], Bot cards:[♥5, ♠9]
Player points: [16, 16], Bot points:[14, 14]
Bot get one more card ♦Q
Player point: 16, Bot point: 24
Player win! Money: 1598.0
========================
Round #396
Player cards: [♥2, ♠A], Bot cards:[♦9, ♥T]
Player points: [3, 13], Bot points:[19, 19]
Player get one more card ♦4
Player point: 17, Bot point: 19
Player lose! Money: 1578.0
========================
Round #397
New deck
Player cards: [♥5, ♥Q], Bot cards:[♦4, ♥K]
Player points: [15, 15], Bot points:[14, 14]
Bot get one more card ♥3
Player point: 15, Bot point: 17
Player lose! Money: 1558.0
========================
Round #398
Player cards: [♦3, ♣5], Bot cards:[♦4, ♠8]
Player points: [8, 8], Bot points:[12, 12]
Player get one more card ♥J
Bot get one more card ♣7
Player point: 18, Bot point: 19
Player lose! Money: 1538.0
========================
Round #399
Player cards: [♥9, ♠Q], Bot cards:[♦6, ♣8]
Player points: [19, 19], Bot points:[14, 14]
Bot get one more card ♠A
Bot get one more card ♦J
Player point: 19, Bot point: 25
Player win! Money: 1558.0
========================
Round #400
Player cards: [♣T, ♦K], Bot cards:[♠2, ♠5]
Player points: [20, 20], Bot points:[7, 7]
Bot get one more card ♠4
Bot get one more card ♦T
Player point: 20, Bot point: 21
Player lose! Money: 1538.0
========================
Round #401
Player cards: [♥7, ♣8], Bot cards:[♦3, ♦9]
Player points: [15, 15], Bot points:[12, 12]
Bot get one more card ♥Q
Player point: 15, Bot point: 22
Player win! Money: 1558.0
========================
Round #402
Player cards: [♦4, ♣T], Bot cards:[♣3, ♠8]
Player points: [14, 14], Bot points:[11, 11]
Bot get one more card ♠A
Bot get one more card ♦8
Player point: 14, Bot point: 20
Player lose! Money: 1538.0
========================
Round #403
Player cards: [♣2, ♦2], Bot cards:[♣Q, ♦A]
Player points: [4, 4], Bot points:[11, 21]
Player get one more card ♥K
Player get one more card ♥4
Bot get one more card ♥6
Player point: 18, Bot point: 17
Player win! Money: 1558.0
========================
Round #404
Player cards: [♠9, ♣J], Bot cards:[♣7, ♠8]
Player points: [19, 19], Bot points:[15, 15]
Bot get one more card ♠9
Player point: 19, Bot point: 24
Player win! Money: 1578.0
========================
Round #405
Player cards: [♠7, ♥T], Bot cards:[♣T, ♠K]
Player points: [17, 17], Bot points:[20, 20]
Player point: 17, Bot point: 20
Player lose! Money: 1558.0
========================
Round #406
Player cards: [♠3, ♣9], Bot cards:[♠7, ♦9]
Player points: [12, 12], Bot points:[16, 16]
Player get one more card ♥Q
Bot get one more card ♦7
Player point: 22, Bot point: 23
Player lose! Money: 1538.0
========================
Round #407
Player cards: [♣4, ♣J], Bot cards:[♣K, ♠A]
Player points: [14, 14], Bot points:[11, 21]
Player get one more card ♠6
Bot get one more card ♣2
Bot get one more card ♠5
Player point: 20, Bot point: 18
Player win! Money: 1558.0
========================
Round #408
Player cards: [♠2, ♥A], Bot cards:[♥J, ♣Q]
Player points: [3, 13], Bot points:[20, 20]
Player get one more card ♠9
Player get one more card ♦7
Player point: 19, Bot point: 20
Player lose! Money: 1538.0
========================
Round #409
Player cards: [♣2, ♠J], Bot cards:[♣9, ♣Q]
Player points: [12, 12], Bot points:[19, 19]
Player get one more card ♠K
Player point: 22, Bot point: 19
Player lose! Money: 1518.0
========================
Round #410
Player cards: [♣7, ♠J], Bot cards:[♥2, ♣5]
Player points: [17, 17], Bot points:[7, 7]
Bot get one more card ♣Q
Player point: 17, Bot point: 17
Draw! Money:1518.0
========================
Round #411
Player cards: [♦7, ♥8], Bot cards:[♦J, ♣Q]
Player points: [15, 15], Bot points:[20, 20]
Player get one more card ♣6
Player point: 21, Bot point: 20
Player win! Money: 1538.0
========================
Round #412
Player cards: [♠4, ♣9], Bot cards:[♦4, ♦8]
Player points: [13, 13], Bot points:[12, 12]
Bot get one more card ♠7
Player point: 13, Bot point: 19
Player lose! Money: 1518.0
========================
Round #413
Player cards: [♥9, ♣K], Bot cards:[♠T, ♦T]
Player points: [19, 19], Bot points:[20, 20]
Player point: 19, Bot point: 20
Player lose! Money: 1498.0
========================
Round #414
Player cards: [♦5, ♦K], Bot cards:[♣6, ♥J]
Player points: [15, 15], Bot points:[16, 16]
Bot get one more card ♠8
Player point: 15, Bot point: 24
Player win! Money: 1518.0
========================
Round #415
Player cards: [♦5, ♣7], Bot cards:[♠Q, ♦Q]
Player points: [12, 12], Bot points:[20, 20]
Player get one more card ♥4
Player get one more card ♠5
Player point: 21, Bot point: 20
Player win! Money: 1538.0
========================
Round #416
Player cards: [♦9, ♠Q], Bot cards:[♦J, ♣J]
Player points: [19, 19], Bot points:[20, 20]
Player point: 19, Bot point: 20
Player lose! Money: 1518.0
========================
Round #417
Player cards: [♥6, ♦A], Bot cards:[♣2, ♦J]
Player points: [7, 17], Bot points:[12, 12]
Bot get one more card ♥K
Player point: 17, Bot point: 22
Player win! Money: 1538.0
========================
Round #418
Player cards: [♦6, ♣J], Bot cards:[♣7, ♥7]
Player points: [16, 16], Bot points:[14, 14]
Player get one more card ♦A
Bot get one more card ♣9
Player point: 17, Bot point: 23
Player win! Money: 1558.0
========================
Round #419
Player cards: [♣K, ♦A], Bot cards:[♥7, ♣A]
Player points: [11, 21], Bot points:[8, 18]
Bot get one more card ♥7
Bot get one more card ♥6
Player point: 21, Bot point: 21
Player lose! Money: 1538.0
========================
Round #420
Player cards: [♠6, ♠J], Bot cards:[♦6, ♠K]
Player points: [16, 16], Bot points:[16, 16]
Bot get one more card ♣A
Player point: 16, Bot point: 17
Player lose! Money: 1518.0
========================
Round #421
Player cards: [♦7, ♠J], Bot cards:[♦2, ♣4]
Player points: [17, 17], Bot points:[6, 6]
Bot get one more card ♥T
Bot get one more card ♥A
Player point: 17, Bot point: 17
Draw! Money:1518.0
========================
Round #422
Player cards: [♦2, ♣J], Bot cards:[♣3, ♥4]
Player points: [12, 12], Bot points:[7, 7]
Player get one more card ♥6
Bot get one more card ♥9
Bot get one more card ♦6
Player point: 18, Bot point: 22
Player win! Money: 1538.0
========================
Round #423
Player cards: [♠3, ♥4], Bot cards:[♣5, ♥8]
Player points: [7, 7], Bot points:[13, 13]
Player get one more card ♦3
Player get one more card ♦Q
Bot get one more card ♣3
Bot get one more card ♥K
Player point: 20, Bot point: 26
Player win! Money: 1558.0
========================
Round #424
Player cards: [♥5, ♠T], Bot cards:[♥8, ♦Q]
Player points: [15, 15], Bot points:[18, 18]
Player get one more card ♣A
Player get one more card ♥9
Player point: 25, Bot point: 18
Player lose! Money: 1538.0
========================
Round #425
Player cards: [♠T, ♥Q], Bot cards:[♠3, ♠T]
Player points: [20, 20], Bot points:[13, 13]
Bot get one more card ♦9
Player point: 20, Bot point: 22
Player win! Money: 1558.0
========================
Round #426
Player cards: [♣8, ♠9], Bot cards:[♦3, ♠6]
Player points: [17, 17], Bot points:[9, 9]
Bot get one more card ♠K
Player point: 17, Bot point: 19
Player lose! Money: 1538.0
========================
Round #427
Player cards: [♥2, ♥8], Bot cards:[♦2, ♦T]
Player points: [10, 10], Bot points:[12, 12]
----- Double Bet! -----
Player get one more card ♥2
Bot get one more card ♦K
Player point: 12, Bot point: 22
Player win! Money: 1578.0
========================
Round #428
Player cards: [♦8, ♥T], Bot cards:[♥7, ♠Q]
Player points: [18, 18], Bot points:[17, 17]
Player point: 18, Bot point: 17
Player win! Money: 1598.0
========================
Round #429
Player cards: [♦5, ♥J], Bot cards:[♥3, ♣3]
Player points: [15, 15], Bot points:[6, 6]
Bot get one more card ♠7
Bot get one more card ♥T
Player point: 15, Bot point: 23
Player win! Money: 1618.0
========================
Round #430
Player cards: [♥Q, ♥A], Bot cards:[♠4, ♥5]
Player points: [11, 21], Bot points:[9, 9]
Bot get one more card ♠2
Bot get one more card ♥3
Bot get one more card ♣K
Player point: 21, Bot point: 24
------ BlackJack!! ------
Player win! Money: 1644.0
========================
Round #431
Player cards: [♥2, ♣A], Bot cards:[♠3, ♥A]
Player points: [3, 13], Bot points:[4, 14]
Bot get one more card ♠2
Bot get one more card ♥5
Bot get one more card ♠5
Bot get one more card ♦T
Player point: 13, Bot point: 26
Player win! Money: 1664.0
========================
Round #432
Player cards: [♠4, ♣5], Bot cards:[♣6, ♣6]
Player points: [9, 9], Bot points:[12, 12]
----- Double Bet! -----
Player get one more card ♣4
Bot get one more card ♦K
Player point: 13, Bot point: 22
Player win! Money: 1704.0
========================
Round #433
Player cards: [♣4, ♦5], Bot cards:[♥3, ♠6]
Player points: [9, 9], Bot points:[9, 9]
----- Double Bet! -----
Player get one more card ♦8
Bot get one more card ♠8
Player point: 17, Bot point: 17
Draw! Money:1704.0
========================
Round #434
New deck
Player cards: [♦3, ♠K], Bot cards:[♠3, ♦6]
Player points: [13, 13], Bot points:[9, 9]
Bot get one more card ♦4
Bot get one more card ♣5
Player point: 13, Bot point: 18
Player lose! Money: 1684.0
========================
Round #435
Player cards: [♥5, ♦J], Bot cards:[♠T, ♠K]
Player points: [15, 15], Bot points:[20, 20]
Player get one more card ♦7
Player point: 22, Bot point: 20
Player lose! Money: 1664.0
========================
Round #436
Player cards: [♣2, ♦8], Bot cards:[♣4, ♦4]
Player points: [10, 10], Bot points:[8, 8]
----- Double Bet! -----
Player get one more card ♥7
Bot get one more card ♣3
Bot get one more card ♥T
Player point: 17, Bot point: 21
Player lose! Money: 1624.0
========================
Round #437
Player cards: [♠3, ♦9], Bot cards:[♥6, ♥9]
Player points: [12, 12], Bot points:[15, 15]
Bot get one more card ♥K
Player point: 12, Bot point: 25
Player win! Money: 1644.0
========================
Round #438
Player cards: [♣Q, ♥A], Bot cards:[♥4, ♠7]
Player points: [11, 21], Bot points:[11, 11]
Bot get one more card ♥3
Bot get one more card ♠Q
Player point: 21, Bot point: 24
------ BlackJack!! ------
Player win! Money: 1670.0
========================
Round #439
Player cards: [♦4, ♦5], Bot cards:[♦6, ♦Q]
Player points: [9, 9], Bot points:[16, 16]
----- Double Bet! -----
Player get one more card ♦K
Bot get one more card ♥8
Player point: 19, Bot point: 24
Player win! Money: 1710.0
========================
Round #440
Player cards: [♠7, ♠J], Bot cards:[♥2, ♥7]
Player points: [17, 17], Bot points:[9, 9]
Bot get one more card ♦A
Bot get one more card ♥8
Player point: 17, Bot point: 18
Player lose! Money: 1690.0
========================
Round #441
Player cards: [♠6, ♣Q], Bot cards:[♣2, ♣8]
Player points: [16, 16], Bot points:[10, 10]
Bot get one more card ♠3
Bot get one more card ♥K
Player point: 16, Bot point: 23
Player win! Money: 1710.0
========================
Round #442
Player cards: [♥7, ♣9], Bot cards:[♠2, ♦Q]
Player points: [16, 16], Bot points:[12, 12]
Bot get one more card ♥9
Player point: 16, Bot point: 21
Player lose! Money: 1690.0
========================
Round #443
Player cards: [♣3, ♥A], Bot cards:[♣8, ♦T]
Player points: [4, 14], Bot points:[18, 18]
Player get one more card ♣A
Player get one more card ♥9
Player get one more card ♠4
Player point: 18, Bot point: 18
Draw! Money:1690.0
========================
Round #444
Player cards: [♠9, ♠T], Bot cards:[♥8, ♣Q]
Player points: [19, 19], Bot points:[18, 18]
Player point: 19, Bot point: 18
Player win! Money: 1710.0
========================
Round #445
Player cards: [♠9, ♠Q], Bot cards:[♣5, ♠8]
Player points: [19, 19], Bot points:[13, 13]
Bot get one more card ♥K
Player point: 19, Bot point: 23
Player win! Money: 1730.0
========================
Round #446
Player cards: [♣7, ♦9], Bot cards:[♠7, ♦J]
Player points: [16, 16], Bot points:[17, 17]
Player get one more card ♠T
Player point: 26, Bot point: 17
Player lose! Money: 1710.0
========================
Round #447
Player cards: [♥2, ♣K], Bot cards:[♥3, ♣J]
Player points: [12, 12], Bot points:[13, 13]
Player get one more card ♦9
Bot get one more card ♠8
Player point: 21, Bot point: 21
Player lose! Money: 1690.0
========================
Round #448
Player cards: [♠4, ♣K], Bot cards:[♥2, ♣J]
Player points: [14, 14], Bot points:[12, 12]
Bot get one more card ♦5
Player point: 14, Bot point: 17
Player lose! Money: 1670.0
========================
Round #449
Player cards: [♠5, ♠K], Bot cards:[♥7, ♥A]
Player points: [15, 15], Bot points:[8, 18]
Player get one more card ♠3
Bot get one more card ♥T
Player point: 18, Bot point: 18
Draw! Money:1670.0
========================
Round #450
Player cards: [♦7, ♦8], Bot cards:[♠9, ♦A]
Player points: [15, 15], Bot points:[10, 20]
Player get one more card ♣T
Bot get one more card ♣2
Bot get one more card ♦6
Player point: 25, Bot point: 18
Player lose! Money: 1650.0
========================
Round #451
Player cards: [♦2, ♣8], Bot cards:[♣8, ♦J]
Player points: [10, 10], Bot points:[18, 18]
----- Double Bet! -----
Player get one more card ♣9
Player point: 19, Bot point: 18
Player win! Money: 1690.0
========================
Round #452
Player cards: [♣4, ♠A], Bot cards:[♠8, ♦K]
Player points: [5, 15], Bot points:[18, 18]
Player get one more card ♦8
Player get one more card ♦5
Player point: 18, Bot point: 18
Draw! Money:1690.0
========================
Round #453
Player cards: [♦8, ♠J], Bot cards:[♣T, ♦K]
Player points: [18, 18], Bot points:[20, 20]
Player point: 18, Bot point: 20
Player lose! Money: 1670.0
========================
Round #454
Player cards: [♣J, ♠Q], Bot cards:[♠2, ♦K]
Player points: [20, 20], Bot points:[12, 12]
Bot get one more card ♣5
Player point: 20, Bot point: 17
Player win! Money: 1690.0
========================
Round #455
Player cards: [♥6, ♣J], Bot cards:[♦9, ♦J]
Player points: [16, 16], Bot points:[19, 19]
Player get one more card ♣A
Player point: 17, Bot point: 19
Player lose! Money: 1670.0
========================
Round #456
Player cards: [♠2, ♠9], Bot cards:[♣3, ♦A]
Player points: [11, 11], Bot points:[4, 14]
----- Double Bet! -----
Player get one more card ♣K
Bot get one more card ♠5
Bot get one more card ♣6
Bot get one more card ♠A
Bot get one more card ♥J
Player point: 21, Bot point: 26
Player win! Money: 1710.0
========================
Round #457
Player cards: [♠4, ♦4], Bot cards:[♠T, ♥J]
Player points: [8, 8], Bot points:[20, 20]
Player get one more card ♦T
Player point: 18, Bot point: 20
Player lose! Money: 1690.0
========================
Round #458
Player cards: [♦T, ♣A], Bot cards:[♥5, ♣T]
Player points: [11, 21], Bot points:[15, 15]
Bot get one more card ♥Q
Player point: 21, Bot point: 25
------ BlackJack!! ------
Player win! Money: 1716.0
========================
Round #459
Player cards: [♠5, ♥T], Bot cards:[♥3, ♦6]
Player points: [15, 15], Bot points:[9, 9]
Bot get one more card ♦2
Bot get one more card ♥6
Player point: 15, Bot point: 17
Player lose! Money: 1696.0
========================
Round #460
Player cards: [♥Q, ♥A], Bot cards:[♦7, ♦A]
Player points: [11, 21], Bot points:[8, 18]
Bot get one more card ♥4
Bot get one more card ♠Q
Player point: 21, Bot point: 22
------ BlackJack!! ------
Player win! Money: 1722.0
========================
Round #461
Player cards: [♣9, ♠J], Bot cards:[♣7, ♣A]
Player points: [19, 19], Bot points:[8, 18]
Bot get one more card ♥8
Bot get one more card ♠4
Player point: 19, Bot point: 20
Player lose! Money: 1702.0
========================
Round #462
Player cards: [♣2, ♣T], Bot cards:[♣4, ♦5]
Player points: [12, 12], Bot points:[9, 9]
Bot get one more card ♦Q
Player point: 12, Bot point: 19
Player lose! Money: 1682.0
========================
Round #463
Player cards: [♥5, ♥K], Bot cards:[♥2, ♣4]
Player points: [15, 15], Bot points:[6, 6]
Bot get one more card ♥9
Bot get one more card ♠6
Player point: 15, Bot point: 21
Player lose! Money: 1662.0
========================
Round #464
Player cards: [♥5, ♣7], Bot cards:[♣5, ♣8]
Player points: [12, 12], Bot points:[13, 13]
Bot get one more card ♦2
Bot get one more card ♥3
Player point: 12, Bot point: 18
Player lose! Money: 1642.0
========================
Round #465
Player cards: [♣3, ♣K], Bot cards:[♦2, ♥4]
Player points: [13, 13], Bot points:[6, 6]
Bot get one more card ♠J
Bot get one more card ♣7
Player point: 13, Bot point: 23
Player win! Money: 1662.0
========================
Round #466
Player cards: [♠2, ♠A], Bot cards:[♦3, ♠T]
Player points: [3, 13], Bot points:[13, 13]
Bot get one more card ♦3
Bot get one more card ♦3
Player point: 13, Bot point: 19
Player lose! Money: 1642.0
========================
Round #467
Player cards: [♣6, ♣T], Bot cards:[♥Q, ♦Q]
Player points: [16, 16], Bot points:[20, 20]
Player get one more card ♠A
Player point: 17, Bot point: 20
Player lose! Money: 1622.0
========================
Round #468
Player cards: [♠8, ♥J], Bot cards:[♥J, ♠A]
Player points: [18, 18], Bot points:[11, 21]
Bot get one more card ♥6
Player point: 18, Bot point: 17
Player win! Money: 1642.0
========================
Round #469
Player cards: [♥4, ♣Q], Bot cards:[♠6, ♥T]
Player points: [14, 14], Bot points:[16, 16]
Bot get one more card ♦Q
Player point: 14, Bot point: 26
Player win! Money: 1662.0
========================
Round #470
Player cards: [♠6, ♣9], Bot cards:[♣6, ♠7]
Player points: [15, 15], Bot points:[13, 13]
Bot get one more card ♠K
Player point: 15, Bot point: 23
Player win! Money: 1682.0
========================
Round #471
New deck
Player cards: [♠5, ♥9], Bot cards:[♠J, ♥K]
Player points: [14, 14], Bot points:[20, 20]
Player get one more card ♥7
Player point: 21, Bot point: 20
Player win! Money: 1702.0
========================
Round #472
Player cards: [♥9, ♥K], Bot cards:[♠3, ♣3]
Player points: [19, 19], Bot points:[6, 6]
Bot get one more card ♣5
Bot get one more card ♦4
Bot get one more card ♠Q
Player point: 19, Bot point: 25
Player win! Money: 1722.0
========================
Round #473
Player cards: [♦T, ♦A], Bot cards:[♣7, ♠8]
Player points: [11, 21], Bot points:[15, 15]
Bot get one more card ♦8
Player point: 21, Bot point: 23
------ BlackJack!! ------
Player win! Money: 1748.0
========================
Round #474
Player cards: [♠6, ♠7], Bot cards:[♠5, ♣6]
Player points: [13, 13], Bot points:[11, 11]
Bot get one more card ♥K
Player point: 13, Bot point: 21
Player lose! Money: 1728.0
========================
Round #475
Player cards: [♠8, ♦8], Bot cards:[♠7, ♥8]
Player points: [16, 16], Bot points:[15, 15]
-------- Split! Two hands: [14, 14], [10, 10]
Player get one more card ♥3
For second hand:
----- Double Bet! -----
Player get one more card ♦8
Bot get one more card ♠T
Player point: 17, Bot point: 25
Player win! Money: 1748.0
========================
Player point: 18, Bot point: 25
Player win! Money: 1788.0
========================
Round #476
Player cards: [♥3, ♣9], Bot cards:[♣3, ♦A]
Player points: [12, 12], Bot points:[4, 14]
Player get one more card ♣7
Bot get one more card ♦6
Bot get one more card ♥3
Bot get one more card ♠5
Player point: 19, Bot point: 18
Player win! Money: 1808.0
========================
Round #477
Player cards: [♣6, ♥J], Bot cards:[♠3, ♣4]
Player points: [16, 16], Bot points:[7, 7]
Bot get one more card ♥A
Bot get one more card ♣J
Player point: 16, Bot point: 18
Player lose! Money: 1788.0
========================
Round #478
Player cards: [♥T, ♠Q], Bot cards:[♠4, ♣K]
Player points: [20, 20], Bot points:[14, 14]
Bot get one more card ♣A
Bot get one more card ♥6
Player point: 20, Bot point: 21
Player lose! Money: 1768.0
========================
Round #479
Player cards: [♦5, ♦A], Bot cards:[♣9, ♥T]
Player points: [6, 16], Bot points:[19, 19]
Player get one more card ♠3
Player point: 19, Bot point: 19
Draw! Money:1768.0
========================
Round #480
Player cards: [♥J, ♠K], Bot cards:[♦5, ♦K]
Player points: [20, 20], Bot points:[15, 15]
Bot get one more card ♣5
Player point: 20, Bot point: 20
Draw! Money:1768.0
========================
Round #481
Player cards: [♣4, ♥6], Bot cards:[♠2, ♥7]
Player points: [10, 10], Bot points:[9, 9]
----- Double Bet! -----
Player get one more card ♣5
Bot get one more card ♦A
Bot get one more card ♣3
Bot get one more card ♠9
Player point: 15, Bot point: 22
Player win! Money: 1808.0
========================
Round #482
Player cards: [♦8, ♣K], Bot cards:[♥7, ♦J]
Player points: [18, 18], Bot points:[17, 17]
Player point: 18, Bot point: 17
Player win! Money: 1828.0
========================
Round #483
Player cards: [♣7, ♠7], Bot cards:[♠2, ♦3]
Player points: [14, 14], Bot points:[5, 5]
-------- Split! Two hands: [17, 17], [9, 9]
For second hand:
Player get one more card ♥T
Bot get one more card ♣T
Bot get one more card ♣K
Player point: 17, Bot point: 25
Player win! Money: 1848.0
========================
Player point: 19, Bot point: 25
Player win! Money: 1868.0
========================
Round #484
Player cards: [♣3, ♦7], Bot cards:[♦3, ♣Q]
Player points: [10, 10], Bot points:[13, 13]
----- Double Bet! -----
Player get one more card ♦J
Bot get one more card ♥Q
Player point: 20, Bot point: 23
Player win! Money: 1908.0
========================
Round #485
Player cards: [♥8, ♦K], Bot cards:[♠J, ♥K]
Player points: [18, 18], Bot points:[20, 20]
Player point: 18, Bot point: 20
Player lose! Money: 1888.0
========================
Round #486
Player cards: [♣T, ♦T], Bot cards:[♠4, ♣8]
Player points: [20, 20], Bot points:[12, 12]
Bot get one more card ♥T
Player point: 20, Bot point: 22
Player win! Money: 1908.0
========================
Round #487
Player cards: [♠2, ♣T], Bot cards:[♠4, ♣J]
Player points: [12, 12], Bot points:[14, 14]
Bot get one more card ♦T
Player point: 12, Bot point: 24
Player win! Money: 1928.0
========================
Round #488
Player cards: [♦2, ♥Q], Bot cards:[♥4, ♠K]
Player points: [12, 12], Bot points:[14, 14]
Bot get one more card ♣7
Player point: 12, Bot point: 21
Player lose! Money: 1908.0
========================
Round #489
Player cards: [♣6, ♠A], Bot cards:[♣2, ♦5]
Player points: [7, 17], Bot points:[7, 7]
Bot get one more card ♠8
Bot get one more card ♠A
Bot get one more card ♦7
Player point: 17, Bot point: 23
Player win! Money: 1928.0
========================
Round #490
Player cards: [♦3, ♦7], Bot cards:[♦4, ♠Q]
Player points: [10, 10], Bot points:[14, 14]
----- Double Bet! -----
Player get one more card ♠A
Bot get one more card ♣4
Player point: 21, Bot point: 18
Player win! Money: 1968.0
========================
Round #491
Player cards: [♦2, ♠5], Bot cards:[♥8, ♣T]
Player points: [7, 7], Bot points:[18, 18]
Player get one more card ♠K
Player point: 17, Bot point: 18
Player lose! Money: 1948.0
========================
Round #492
Player cards: [♠T, ♠A], Bot cards:[♥5, ♦K]
Player points: [11, 21], Bot points:[15, 15]
Bot get one more card ♣A
Bot get one more card ♠3
Player point: 21, Bot point: 19
------ BlackJack!! ------
Player win! Money: 1974.0
========================
Round #493
Player cards: [♦3, ♥J], Bot cards:[♥6, ♣Q]
Player points: [13, 13], Bot points:[16, 16]
Bot get one more card ♥Q
Player point: 13, Bot point: 26
Player win! Money: 1994.0
========================
Round #494
Player cards: [♠9, ♦T], Bot cards:[♠8, ♥9]
Player points: [19, 19], Bot points:[17, 17]
Player point: 19, Bot point: 17
Player win! Money: 2014.0
========================
Round #495
Player cards: [♥4, ♥A], Bot cards:[♦6, ♣Q]
Player points: [5, 15], Bot points:[16, 16]
Bot get one more card ♦Q
Player point: 15, Bot point: 26
Player win! Money: 2034.0
========================
Round #496
Player cards: [♥2, ♦J], Bot cards:[♦5, ♠6]
Player points: [12, 12], Bot points:[11, 11]
Bot get one more card ♣9
Player point: 12, Bot point: 20
Player lose! Money: 2014.0
========================
Round #497
Player cards: [♣2, ♠9], Bot cards:[♣2, ♣9]
Player points: [11, 11], Bot points:[11, 11]
----- Double Bet! -----
Player get one more card ♥4
Bot get one more card ♥6
Player point: 15, Bot point: 17
Player lose! Money: 1974.0
========================
Round #498
Player cards: [♦9, ♠T], Bot cards:[♥J, ♣Q]
Player points: [19, 19], Bot points:[20, 20]
Player point: 19, Bot point: 20
Player lose! Money: 1954.0
========================
Round #499
Player cards: [♣5, ♥9], Bot cards:[♣8, ♠K]
Player points: [14, 14], Bot points:[18, 18]
Player get one more card ♠Q
Player point: 24, Bot point: 18
Player lose! Money: 1934.0
========================
Round #500
Player cards: [♦4, ♠6], Bot cards:[♠J, ♥A]
Player points: [10, 10], Bot points:[11, 21]
Player get one more card ♦Q
Bot get one more card ♥4
Bot get one more card ♣J
Player point: 20, Bot point: 25
Player win! Money: 1954.0
========================
Round #501
Player cards: [♥Q, ♣K], Bot cards:[♣6, ♠7]
Player points: [20, 20], Bot points:[13, 13]
Bot get one more card ♣6
Player point: 20, Bot point: 19
Player win! Money: 1974.0
========================
Round #502
Player cards: [♦2, ♦9], Bot cards:[♠4, ♦K]
Player points: [11, 11], Bot points:[14, 14]
----- Double Bet! -----
Player get one more card ♠2
Bot get one more card ♦7
Player point: 13, Bot point: 21
Player lose! Money: 1934.0
========================
Round #503
Player cards: [♠6, ♠T], Bot cards:[♥3, ♣A]
Player points: [16, 16], Bot points:[4, 14]
Bot get one more card ♣8
Bot get one more card ♣8
Player point: 16, Bot point: 20
Player lose! Money: 1914.0
========================
Round #504
Player cards: [♥2, ♠5], Bot cards:[♥5, ♦7]
Player points: [7, 7], Bot points:[12, 12]
Player get one more card ♥2
Player get one more card ♦Q
Bot get one more card ♦T
Player point: 19, Bot point: 22
Player win! Money: 1934.0
========================
Round #505
Player cards: [♦9, ♦Q], Bot cards:[♥5, ♦9]
Player points: [19, 19], Bot points:[14, 14]
Bot get one more card ♥7
Player point: 19, Bot point: 21
Player lose! Money: 1914.0
========================
Round #506
Player cards: [♣4, ♥A], Bot cards:[♥5, ♦6]
Player points: [5, 15], Bot points:[11, 11]
Bot get one more card ♥8
Player point: 15, Bot point: 19
Player lose! Money: 1894.0
========================
Round #507
New deck
Player cards: [♦2, ♠5], Bot cards:[♣7, ♥Q]
Player points: [7, 7], Bot points:[17, 17]
Player get one more card ♣A
Player point: 18, Bot point: 17
Player win! Money: 1914.0
========================
Round #508
Player cards: [♠5, ♠K], Bot cards:[♠T, ♠Q]
Player points: [15, 15], Bot points:[20, 20]
Player get one more card ♥5
Player point: 20, Bot point: 20
Draw! Money:1914.0
========================
Round #509
Player cards: [♥3, ♣3], Bot cards:[♣6, ♠Q]
Player points: [6, 6], Bot points:[16, 16]
-------- Split! Two hands: [12, 12], [13, 13]
For second hand:
Bot get one more card ♥2
Player point: 12, Bot point: 18
Player lose! Money: 1894.0
========================
Player point: 13, Bot point: 18
Player lose! Money: 1874.0
========================
Round #510
Player cards: [♠3, ♥A], Bot cards:[♥2, ♠J]
Player points: [4, 14], Bot points:[12, 12]
Bot get one more card ♥J
Player point: 14, Bot point: 22
Player win! Money: 1894.0
========================
Round #511
Player cards: [♣7, ♠K], Bot cards:[♦5, ♥J]
Player points: [17, 17], Bot points:[15, 15]
Bot get one more card ♣2
Player point: 17, Bot point: 17
Draw! Money:1894.0
========================
Round #512
Player cards: [♣2, ♠7], Bot cards:[♠5, ♦Q]
Player points: [9, 9], Bot points:[15, 15]
----- Double Bet! -----
Player get one more card ♠K
Bot get one more card ♥6
Player point: 19, Bot point: 21
Player lose! Money: 1854.0
========================
Round #513
Player cards: [♠6, ♠9], Bot cards:[♠2, ♣J]
Player points: [15, 15], Bot points:[12, 12]
Bot get one more card ♣A
Bot get one more card ♠T
Player point: 15, Bot point: 23
Player win! Money: 1874.0
========================
Round #514
Player cards: [♣3, ♥T], Bot cards:[♥5, ♥A]
Player points: [13, 13], Bot points:[6, 16]
Bot get one more card ♥K
Bot get one more card ♥8
Player point: 13, Bot point: 24
Player win! Money: 1894.0
========================
Round #515
Player cards: [♠4, ♣Q], Bot cards:[♦8, ♦9]
Player points: [14, 14], Bot points:[17, 17]
Player get one more card ♦Q
Player point: 24, Bot point: 17
Player lose! Money: 1874.0
========================
Round #516
Player cards: [♣3, ♥9], Bot cards:[♣9, ♣T]
Player points: [12, 12], Bot points:[19, 19]
Player get one more card ♣K
Player point: 22, Bot point: 19
Player lose! Money: 1854.0
========================
Round #517
Player cards: [♦Q, ♣K], Bot cards:[♠9, ♣Q]
Player points: [20, 20], Bot points:[19, 19]
Player point: 20, Bot point: 19
Player win! Money: 1874.0
========================
Round #518
Player cards: [♣7, ♣9], Bot cards:[♠3, ♦T]
Player points: [16, 16], Bot points:[13, 13]
Bot get one more card ♥2
Bot get one more card ♠5
Player point: 16, Bot point: 20
Player lose! Money: 1854.0
========================
Round #519
Player cards: [♠6, ♠T], Bot cards:[♠2, ♠A]
Player points: [16, 16], Bot points:[3, 13]
Bot get one more card ♠7
Bot get one more card ♥4
Bot get one more card ♦J
Player point: 16, Bot point: 24
Player win! Money: 1874.0
========================
Round #520
Player cards: [♥4, ♦7], Bot cards:[♣4, ♠A]
Player points: [11, 11], Bot points:[5, 15]
----- Double Bet! -----
Player get one more card ♦4
Bot get one more card ♠3
Bot get one more card ♦7
Bot get one more card ♥6
Player point: 15, Bot point: 21
Player lose! Money: 1834.0
========================
Round #521
Player cards: [♣5, ♥K], Bot cards:[♦T, ♠J]
Player points: [15, 15], Bot points:[20, 20]
Player get one more card ♥3
Player point: 18, Bot point: 20
Player lose! Money: 1814.0
========================
Round #522
Player cards: [♥7, ♣8], Bot cards:[♦3, ♠4]
Player points: [15, 15], Bot points:[7, 7]
Bot get one more card ♠9
Bot get one more card ♦2
Player point: 15, Bot point: 18
Player lose! Money: 1794.0
========================
Round #523
Player cards: [♣5, ♦8], Bot cards:[♦4, ♣A]
Player points: [13, 13], Bot points:[5, 15]
Bot get one more card ♦J
Bot get one more card ♦9
Player point: 13, Bot point: 24
Player win! Money: 1814.0
========================
Round #524
Player cards: [♦8, ♠J], Bot cards:[♥4, ♣T]
Player points: [18, 18], Bot points:[14, 14]
Bot get one more card ♠4
Player point: 18, Bot point: 18
Draw! Money:1814.0
========================
Round #525
Player cards: [♥8, ♣K], Bot cards:[♦5, ♦T]
Player points: [18, 18], Bot points:[15, 15]
Bot get one more card ♥3
Player point: 18, Bot point: 18
Draw! Money:1814.0
========================
Round #526
Player cards: [♦8, ♥J], Bot cards:[♥8, ♦J]
Player points: [18, 18], Bot points:[18, 18]
Player point: 18, Bot point: 18
Draw! Money:1814.0
========================
Round #527
Player cards: [♠8, ♠8], Bot cards:[♣2, ♦J]
Player points: [16, 16], Bot points:[12, 12]
-------- Split! Two hands: [18, 18], [14, 14]
For second hand:
Bot get one more card ♥Q
Player point: 18, Bot point: 22
Player win! Money: 1834.0
========================
Player point: 14, Bot point: 22
Player win! Money: 1854.0
========================
Round #528
Player cards: [♥9, ♣Q], Bot cards:[♣2, ♥2]
Player points: [19, 19], Bot points:[4, 4]
Bot get one more card ♥7
Bot get one more card ♣T
Player point: 19, Bot point: 21
Player lose! Money: 1834.0
========================
Round #529
Player cards: [♦4, ♥A], Bot cards:[♥4, ♦K]
Player points: [5, 15], Bot points:[14, 14]
Bot get one more card ♦K
Player point: 15, Bot point: 24
Player win! Money: 1854.0
========================
Round #530
Player cards: [♣4, ♥6], Bot cards:[♦3, ♣A]
Player points: [10, 10], Bot points:[4, 14]
----- Double Bet! -----
Player get one more card ♠7
Bot get one more card ♠6
Bot get one more card ♣K
Player point: 17, Bot point: 20
Player lose! Money: 1814.0
========================
Round #531
Player cards: [♥3, ♣7], Bot cards:[♣4, ♠9]
Player points: [10, 10], Bot points:[13, 13]
----- Double Bet! -----
Player get one more card ♣6
Bot get one more card ♣9
Player point: 16, Bot point: 22
Player win! Money: 1854.0
========================
Round #532
Player cards: [♥5, ♦K], Bot cards:[♥6, ♥T]
Player points: [15, 15], Bot points:[16, 16]
Bot get one more card ♦9
Player point: 15, Bot point: 25
Player win! Money: 1874.0
========================
Round #533
Player cards: [♠Q, ♠A], Bot cards:[♦3, ♠7]
Player points: [11, 21], Bot points:[10, 10]
Bot get one more card ♦7
Player point: 21, Bot point: 17
------ BlackJack!! ------
Player win! Money: 1900.0
========================
Round #534
Player cards: [♠2, ♦Q], Bot cards:[♠4, ♠J]
Player points: [12, 12], Bot points:[14, 14]
Bot get one more card ♦9
Player point: 12, Bot point: 23
Player win! Money: 1920.0
========================
Round #535
Player cards: [♠9, ♥Q], Bot cards:[♣6, ♠A]
Player points: [19, 19], Bot points:[7, 17]
Bot get one more card ♦7
Bot get one more card ♣J
Player point: 19, Bot point: 24
Player win! Money: 1940.0
========================
Round #536
Player cards: [♦2, ♠8], Bot cards:[♣T, ♦K]
Player points: [10, 10], Bot points:[20, 20]
Player get one more card ♣5
Player get one more card ♥J
Player point: 25, Bot point: 20
Player lose! Money: 1920.0
========================
Round #537
Player cards: [♠8, ♥K], Bot cards:[♣8, ♦A]
Player points: [18, 18], Bot points:[9, 19]
Bot get one more card ♦6
Bot get one more card ♠6
Player point: 18, Bot point: 21
Player lose! Money: 1900.0
========================
Round #538
Player cards: [♠2, ♦T], Bot cards:[♣5, ♣6]
Player points: [12, 12], Bot points:[11, 11]
Bot get one more card ♥A
Bot get one more card ♦A
Bot get one more card ♦4
Player point: 12, Bot point: 17
Player lose! Money: 1880.0
========================
Round #539
Player cards: [♥8, ♣J], Bot cards:[♦3, ♥T]
Player points: [18, 18], Bot points:[13, 13]
Bot get one more card ♥7
Player point: 18, Bot point: 20
Player lose! Money: 1860.0
========================
Round #540
Player cards: [♦6, ♦A], Bot cards:[♦2, ♠3]
Player points: [7, 17], Bot points:[5, 5]
Bot get one more card ♣Q
Bot get one more card ♦J
Player point: 17, Bot point: 25
Player win! Money: 1880.0
========================
Round #541
Player cards: [♣2, ♠Q], Bot cards:[♣J, ♠K]
Player points: [12, 12], Bot points:[20, 20]
Player get one more card ♥5
Player point: 17, Bot point: 20
Player lose! Money: 1860.0
========================
Round #542
Player cards: [♦6, ♦A], Bot cards:[♣J, ♣A]
Player points: [7, 17], Bot points:[11, 21]
Bot get one more card ♣4
Bot get one more card ♣8
Player point: 17, Bot point: 23
Player win! Money: 1880.0
========================
Round #543
Player cards: [♣3, ♥7], Bot cards:[♦4, ♠T]
Player points: [10, 10], Bot points:[14, 14]
----- Double Bet! -----
Player get one more card ♦5
Bot get one more card ♣9
Player point: 15, Bot point: 23
Player win! Money: 1920.0
========================
Round #544
New deck
Player cards: [♥Q, ♣K], Bot cards:[♥J, ♣Q]
Player points: [20, 20], Bot points:[20, 20]
Player point: 20, Bot point: 20
Draw! Money:1920.0
========================
Round #545
Player cards: [♠9, ♦A], Bot cards:[♦9, ♠J]
Player points: [10, 20], Bot points:[19, 19]
Player point: 20, Bot point: 19
Player win! Money: 1940.0
========================
Round #546
Player cards: [♦2, ♣2], Bot cards:[♣9, ♦Q]
Player points: [4, 4], Bot points:[19, 19]
Player get one more card ♣2
Player get one more card ♠A
Player point: 17, Bot point: 19
Player lose! Money: 1920.0
========================
Round #547
Player cards: [♥9, ♣A], Bot cards:[♠5, ♣7]
Player points: [10, 20], Bot points:[12, 12]
Bot get one more card ♠2
Bot get one more card ♠A
Bot get one more card ♣K
Player point: 20, Bot point: 25
Player win! Money: 1940.0
========================
Round #548
Player cards: [♥4, ♦7], Bot cards:[♦2, ♠9]
Player points: [11, 11], Bot points:[11, 11]
----- Double Bet! -----
Player get one more card ♥J
Bot get one more card ♣T
Player point: 21, Bot point: 21
Player lose! Money: 1900.0
========================
Round #549
Player cards: [♥J, ♥J], Bot cards:[♠3, ♠6]
Player points: [20, 20], Bot points:[9, 9]
Bot get one more card ♦Q
Player point: 20, Bot point: 19
Player win! Money: 1920.0
========================
Round #550
Player cards: [♥K, ♥A], Bot cards:[♦2, ♠8]
Player points: [11, 21], Bot points:[10, 10]
Bot get one more card ♠4
Bot get one more card ♦K
Player point: 21, Bot point: 24
------ BlackJack!! ------
Player win! Money: 1946.0
========================
Round #551
Player cards: [♣3, ♥9], Bot cards:[♦2, ♦T]
Player points: [12, 12], Bot points:[12, 12]
Player get one more card ♣6
Bot get one more card ♠2
Bot get one more card ♣8
Player point: 18, Bot point: 22
Player win! Money: 1966.0
========================
Round #552
Player cards: [♣4, ♣4], Bot cards:[♠7, ♣8]
Player points: [8, 8], Bot points:[15, 15]
Player get one more card ♠5
Player get one more card ♥8
Bot get one more card ♦6
Player point: 21, Bot point: 21
Player lose! Money: 1946.0
========================
Round #553
Player cards: [♥3, ♥8], Bot cards:[♥5, ♣T]
Player points: [11, 11], Bot points:[15, 15]
----- Double Bet! -----
Player get one more card ♣5
Bot get one more card ♣J
Player point: 16, Bot point: 25
Player win! Money: 1986.0
========================
Round #554
Player cards: [♣6, ♥9], Bot cards:[♥3, ♣J]
Player points: [15, 15], Bot points:[13, 13]
Bot get one more card ♦7
Player point: 15, Bot point: 20
Player lose! Money: 1966.0
========================
Round #555
Player cards: [♦4, ♠5], Bot cards:[♦4, ♠K]
Player points: [9, 9], Bot points:[14, 14]
----- Double Bet! -----
Player get one more card ♥4
Bot get one more card ♦Q
Player point: 13, Bot point: 24
Player win! Money: 2006.0
========================
Round #556
Player cards: [♣3, ♠6], Bot cards:[♦J, ♦K]
Player points: [9, 9], Bot points:[20, 20]
Player get one more card ♦K
Player point: 19, Bot point: 20
Player lose! Money: 1986.0
========================
Round #557
Player cards: [♣7, ♥7], Bot cards:[♦3, ♠Q]
Player points: [14, 14], Bot points:[13, 13]
-------- Split! Two hands: [17, 17], [8, 18]
For second hand:
Bot get one more card ♣Q
Player point: 17, Bot point: 23
Player win! Money: 2006.0
========================
Player point: 18, Bot point: 23
Player win! Money: 2026.0
========================
Round #558
Player cards: [♦4, ♣5], Bot cards:[♦J, ♦J]
Player points: [9, 9], Bot points:[20, 20]
Player get one more card ♦T
Player point: 19, Bot point: 20
Player lose! Money: 2006.0
========================
Round #559
Player cards: [♥A, ♦A], Bot cards:[♣3, ♠4]
Player points: [2, 12], Bot points:[7, 7]
-------- Split! Two hands: [4, 14], [10, 20]
For second hand:
Bot get one more card ♦9
Bot get one more card ♦6
Player point: 14, Bot point: 22
Player win! Money: 2026.0
========================
Player point: 20, Bot point: 22
Player win! Money: 2046.0
========================
Round #560
Player cards: [♠5, ♣9], Bot cards:[♣6, ♣T]
Player points: [14, 14], Bot points:[16, 16]
Bot get one more card ♠T
Player point: 14, Bot point: 26
Player win! Money: 2066.0
========================
Round #561
Player cards: [♠8, ♥8], Bot cards:[♣8, ♠J]
Player points: [16, 16], Bot points:[18, 18]
-------- Split! Two hands: [14, 14], [9, 19]
Player get one more card ♦7
For second hand:
Player point: 21, Bot point: 18
Player win! Money: 2086.0
========================
Player point: 19, Bot point: 18
Player win! Money: 2106.0
========================
Round #562
Player cards: [♦8, ♦A], Bot cards:[♠2, ♣9]
Player points: [9, 19], Bot points:[11, 11]
Bot get one more card ♣Q
Player point: 19, Bot point: 21
Player lose! Money: 2086.0
========================
Round #563
Player cards: [♥2, ♠8], Bot cards:[♣4, ♥5]
Player points: [10, 10], Bot points:[9, 9]
----- Double Bet! -----
Player get one more card ♥7
Bot get one more card ♥7
Bot get one more card ♠Q
Player point: 17, Bot point: 26
Player win! Money: 2126.0
========================
Round #564
Player cards: [♠T, ♣K], Bot cards:[♥4, ♠T]
Player points: [20, 20], Bot points:[14, 14]
Bot get one more card ♣A
Bot get one more card ♥8
Player point: 20, Bot point: 23
Player win! Money: 2146.0
========================
Round #565
Player cards: [♣6, ♣A], Bot cards:[♦5, ♣8]
Player points: [7, 17], Bot points:[13, 13]
Bot get one more card ♦T
Player point: 17, Bot point: 23
Player win! Money: 2166.0
========================
Round #566
Player cards: [♠3, ♣Q], Bot cards:[♠4, ♥K]
Player points: [13, 13], Bot points:[14, 14]
Bot get one more card ♥T
Player point: 13, Bot point: 24
Player win! Money: 2186.0
========================
Round #567
Player cards: [♦4, ♠7], Bot cards:[♣7, ♠Q]
Player points: [11, 11], Bot points:[17, 17]
----- Double Bet! -----
Player get one more card ♦9
Player point: 20, Bot point: 17
Player win! Money: 2226.0
========================
Round #568
Player cards: [♥4, ♠4], Bot cards:[♦6, ♥T]
Player points: [8, 8], Bot points:[16, 16]
Player get one more card ♥T
Bot get one more card ♠7
Player point: 18, Bot point: 23
Player win! Money: 2246.0
========================
Round #569
Player cards: [♠2, ♥6], Bot cards:[♦T, ♠K]
Player points: [8, 8], Bot points:[20, 20]
Player get one more card ♠9
Player point: 17, Bot point: 20
Player lose! Money: 2226.0
========================
Round #570
Player cards: [♣3, ♥K], Bot cards:[♥6, ♦Q]
Player points: [13, 13], Bot points:[16, 16]
Bot get one more card ♠9
Player point: 13, Bot point: 25
Player win! Money: 2246.0
========================
Round #571
Player cards: [♦K, ♥A], Bot cards:[♥2, ♥3]
Player points: [11, 21], Bot points:[5, 5]
Bot get one more card ♥2
Bot get one more card ♦5
Bot get one more card ♦7
Player point: 21, Bot point: 19
------ BlackJack!! ------
Player win! Money: 2272.0
========================
Round #572
Player cards: [♦6, ♥Q], Bot cards:[♣7, ♥K]
Player points: [16, 16], Bot points:[17, 17]
Player get one more card ♥2
Player point: 18, Bot point: 17
Player win! Money: 2292.0
========================
Round #573
Player cards: [♥Q, ♠A], Bot cards:[♠7, ♥A]
Player points: [11, 21], Bot points:[8, 18]
Bot get one more card ♠T
Player point: 21, Bot point: 18
------ BlackJack!! ------
Player win! Money: 2318.0
========================
Round #574
Player cards: [♥9, ♥Q], Bot cards:[♠3, ♦5]
Player points: [19, 19], Bot points:[8, 8]
Bot get one more card ♥7
Bot get one more card ♠6
Player point: 19, Bot point: 21
Player lose! Money: 2298.0
========================
Round #575
Player cards: [♠8, ♥K], Bot cards:[♥9, ♦A]
Player points: [18, 18], Bot points:[10, 20]
Bot get one more card ♥3
Bot get one more card ♦9
Player point: 18, Bot point: 22
Player win! Money: 2318.0
========================
Round #576
Player cards: [♣J, ♠Q], Bot cards:[♦3, ♦8]
Player points: [20, 20], Bot points:[11, 11]
Bot get one more card ♦8
Player point: 20, Bot point: 19
Player win! Money: 2338.0
========================
Round #577
Player cards: [♦8, ♣K], Bot cards:[♣5, ♣T]
Player points: [18, 18], Bot points:[15, 15]
Bot get one more card ♣4
Player point: 18, Bot point: 19
Player lose! Money: 2318.0
========================
Round #578
Player cards: [♦J, ♠K], Bot cards:[♦3, ♠J]
Player points: [20, 20], Bot points:[13, 13]
Bot get one more card ♠J
Player point: 20, Bot point: 23
Player win! Money: 2338.0
========================
Round #579
Player cards: [♣2, ♥5], Bot cards:[♠3, ♥5]
Player points: [7, 7], Bot points:[8, 8]
Player get one more card ♣5
Player get one more card ♠K
Bot get one more card ♦5
Bot get one more card ♣8
Player point: 22, Bot point: 21
Player lose! Money: 2318.0
========================
Round #580
New deck
Player cards: [♠4, ♠T], Bot cards:[♥7, ♣K]
Player points: [14, 14], Bot points:[17, 17]
Player get one more card ♠A
Player get one more card ♦4
Player point: 19, Bot point: 17
Player win! Money: 2338.0
========================
Round #581
Player cards: [♥8, ♠J], Bot cards:[♣7, ♠K]
Player points: [18, 18], Bot points:[17, 17]
Player point: 18, Bot point: 17
Player win! Money: 2358.0
========================
Round #582
Player cards: [♥9, ♣9], Bot cards:[♠3, ♣J]
Player points: [18, 18], Bot points:[13, 13]
-------- Split! Two hands: [19, 19], [12, 12]
For second hand:
Player get one more card ♥6
Bot get one more card ♣A
Bot get one more card ♦2
Bot get one more card ♠K
Player point: 19, Bot point: 26
Player win! Money: 2378.0
========================
Player point: 18, Bot point: 26
Player win! Money: 2398.0
========================
Round #583
Player cards: [♥8, ♥T], Bot cards:[♥T, ♣K]
Player points: [18, 18], Bot points:[20, 20]
Player point: 18, Bot point: 20
Player lose! Money: 2378.0
========================
Round #584
Player cards: [♥7, ♦J], Bot cards:[♥6, ♣K]
Player points: [17, 17], Bot points:[16, 16]
Bot get one more card ♠5
Player point: 17, Bot point: 21
Player lose! Money: 2358.0
========================
Round #585
Player cards: [♣4, ♦8], Bot cards:[♥4, ♥7]
Player points: [12, 12], Bot points:[11, 11]
Bot get one more card ♥2
Bot get one more card ♦J
Player point: 12, Bot point: 23
Player win! Money: 2378.0
========================
Round #586
Player cards: [♣J, ♥K], Bot cards:[♠7, ♦7]
Player points: [20, 20], Bot points:[14, 14]
Bot get one more card ♥9
Player point: 20, Bot point: 23
Player win! Money: 2398.0
========================
Round #587
Player cards: [♦5, ♣9], Bot cards:[♥3, ♦4]
Player points: [14, 14], Bot points:[7, 7]
Bot get one more card ♣J
Player point: 14, Bot point: 17
Player lose! Money: 2378.0
========================
Round #588
Player cards: [♥5, ♣Q], Bot cards:[♠9, ♥T]
Player points: [15, 15], Bot points:[19, 19]
Player get one more card ♠Q
Player point: 25, Bot point: 19
Player lose! Money: 2358.0
========================
Round #589
Player cards: [♣3, ♠J], Bot cards:[♠2, ♦2]
Player points: [13, 13], Bot points:[4, 4]
Bot get one more card ♣8
Bot get one more card ♠8
Player point: 13, Bot point: 20
Player lose! Money: 2338.0
========================
Round #590
Player cards: [♦T, ♥A], Bot cards:[♠6, ♦J]
Player points: [11, 21], Bot points:[16, 16]
Bot get one more card ♦9
Player point: 21, Bot point: 25
------ BlackJack!! ------
Player win! Money: 2364.0
========================
Round #591
Player cards: [♥5, ♠5], Bot cards:[♠8, ♦8]
Player points: [10, 10], Bot points:[16, 16]
----- Double Bet! -----
Player get one more card ♦Q
Bot get one more card ♣J
Player point: 20, Bot point: 26
Player win! Money: 2404.0
========================
Round #592
Player cards: [♠9, ♠K], Bot cards:[♥5, ♥9]
Player points: [19, 19], Bot points:[14, 14]
Bot get one more card ♥4
Player point: 19, Bot point: 18
Player win! Money: 2424.0
========================
Round #593
Player cards: [♠7, ♥A], Bot cards:[♠T, ♣K]
Player points: [8, 18], Bot points:[20, 20]
Player point: 18, Bot point: 20
Player lose! Money: 2404.0
========================
Round #594
Player cards: [♣T, ♥K], Bot cards:[♦6, ♠6]
Player points: [20, 20], Bot points:[12, 12]
Bot get one more card ♣Q
Player point: 20, Bot point: 22
Player win! Money: 2424.0
========================
Round #595
Player cards: [♠7, ♥Q], Bot cards:[♥T, ♣A]
Player points: [17, 17], Bot points:[11, 21]
Bot get one more card ♠5
Bot get one more card ♥2
Player point: 17, Bot point: 18
Player lose! Money: 2404.0
========================
Round #596
Player cards: [♥6, ♥8], Bot cards:[♣9, ♦Q]
Player points: [14, 14], Bot points:[19, 19]
Player get one more card ♦A
Player get one more card ♥3
Player point: 18, Bot point: 19
Player lose! Money: 2384.0
========================
Round #597
Player cards: [♣3, ♦6], Bot cards:[♣2, ♣6]
Player points: [9, 9], Bot points:[8, 8]
Player get one more card ♥4
Bot get one more card ♦7
Bot get one more card ♠3
Player point: 13, Bot point: 18
Player lose! Money: 2364.0
========================
Round #598
Player cards: [♠2, ♠A], Bot cards:[♠9, ♦K]
Player points: [3, 13], Bot points:[19, 19]
Player get one more card ♣6
Player point: 19, Bot point: 19
Draw! Money:2364.0
========================
Round #599
Player cards: [♣5, ♥K], Bot cards:[♦7, ♥7]
Player points: [15, 15], Bot points:[14, 14]
Player get one more card ♣5
Bot get one more card ♦A
Bot get one more card ♥2
Player point: 20, Bot point: 17
Player win! Money: 2384.0
========================
Round #600
Player cards: [♦2, ♦K], Bot cards:[♠4, ♠A]
Player points: [12, 12], Bot points:[5, 15]
Bot get one more card ♣8
Bot get one more card ♣7
Player point: 12, Bot point: 20
Player lose! Money: 2364.0
========================
Round #601
Player cards: [♣3, ♥J], Bot cards:[♦J, ♣J]
Player points: [13, 13], Bot points:[20, 20]
Player get one more card ♦9
Player point: 22, Bot point: 20
Player lose! Money: 2344.0
========================
Round #602
Player cards: [♥J, ♠J], Bot cards:[♥4, ♥8]
Player points: [20, 20], Bot points:[12, 12]
Bot get one more card ♦K
Player point: 20, Bot point: 22
Player win! Money: 2364.0
========================
Round #603
Player cards: [♣2, ♠A], Bot cards:[♦4, ♣Q]
Player points: [3, 13], Bot points:[14, 14]
Bot get one more card ♣7
Player point: 13, Bot point: 21
Player lose! Money: 2344.0
========================
Round #604
Player cards: [♠3, ♦8], Bot cards:[♦5, ♦8]
Player points: [11, 11], Bot points:[13, 13]
----- Double Bet! -----
Player get one more card ♠4
Bot get one more card ♥6
Player point: 15, Bot point: 19
Player lose! Money: 2304.0
========================
Round #605
Player cards: [♠4, ♣Q], Bot cards:[♠7, ♠8]
Player points: [14, 14], Bot points:[15, 15]
Player get one more card ♦K
Bot get one more card ♣4
Player point: 24, Bot point: 19
Player lose! Money: 2284.0
========================
Round #606
Player cards: [♣6, ♦A], Bot cards:[♦6, ♣T]
Player points: [7, 17], Bot points:[16, 16]
Bot get one more card ♦5
Player point: 17, Bot point: 21
Player lose! Money: 2264.0
========================
Round #607
Player cards: [♣4, ♣8], Bot cards:[♦5, ♣7]
Player points: [12, 12], Bot points:[12, 12]
Bot get one more card ♠J
Player point: 12, Bot point: 22
Player win! Money: 2284.0
========================
Round #608
Player cards: [♣2, ♣A], Bot cards:[♦5, ♣9]
Player points: [3, 13], Bot points:[14, 14]
Bot get one more card ♥J
Player point: 13, Bot point: 24
Player win! Money: 2304.0
========================
Round #609
Player cards: [♠6, ♦9], Bot cards:[♠3, ♥5]
Player points: [15, 15], Bot points:[8, 8]
Bot get one more card ♥Q
Player point: 15, Bot point: 18
Player lose! Money: 2284.0
========================
Round #610
Player cards: [♥2, ♦A], Bot cards:[♠T, ♥A]
Player points: [3, 13], Bot points:[11, 21]
Player get one more card ♥3
Player get one more card ♣2
Bot get one more card ♥T
Player point: 18, Bot point: 21
Player lose! Money: 2264.0
========================
Round #611
Player cards: [♣T, ♥A], Bot cards:[♦3, ♠K]
Player points: [11, 21], Bot points:[13, 13]
Bot get one more card ♣2
Bot get one more card ♠Q
Player point: 21, Bot point: 25
------ BlackJack!! ------
Player win! Money: 2290.0
========================
Round #612
Player cards: [♣5, ♥J], Bot cards:[♦9, ♥K]
Player points: [15, 15], Bot points:[19, 19]
Player get one more card ♥6
Player point: 21, Bot point: 19
Player win! Money: 2310.0
========================
Round #613
Player cards: [♦3, ♠8], Bot cards:[♠9, ♦Q]
Player points: [11, 11], Bot points:[19, 19]
----- Double Bet! -----
Player get one more card ♠2
Player point: 13, Bot point: 19
Player lose! Money: 2270.0
========================
Round #614
Player cards: [♣3, ♦6], Bot cards:[♠Q, ♥Q]
Player points: [9, 9], Bot points:[20, 20]
Player get one more card ♣4
Player get one more card ♦7
Player point: 20, Bot point: 20
Draw! Money:2270.0
========================
Round #615
Player cards: [♦3, ♣A], Bot cards:[♠5, ♣8]
Player points: [4, 14], Bot points:[13, 13]
Bot get one more card ♦3
Bot get one more card ♦2
Player point: 14, Bot point: 18
Player lose! Money: 2250.0
========================
Round #616
Player cards: [♠6, ♠Q], Bot cards:[♥9, ♠T]
Player points: [16, 16], Bot points:[19, 19]
Player get one more card ♦T
Player point: 26, Bot point: 19
Player lose! Money: 2230.0
========================
Round #617
New deck
Player cards: [♣6, ♦A], Bot cards:[♦T, ♦Q]
Player points: [7, 17], Bot points:[20, 20]
Player point: 17, Bot point: 20
Player lose! Money: 2210.0
========================
Round #618
Player cards: [♦6, ♠T], Bot cards:[♠9, ♣Q]
Player points: [16, 16], Bot points:[19, 19]
Player get one more card ♣A
Player point: 17, Bot point: 19
Player lose! Money: 2190.0
========================
Round #619
Player cards: [♣5, ♦6], Bot cards:[♥5, ♥8]
Player points: [11, 11], Bot points:[13, 13]
----- Double Bet! -----
Player get one more card ♣5
Bot get one more card ♥A
Bot get one more card ♠K
Player point: 16, Bot point: 24
Player win! Money: 2230.0
========================
Round #620
Player cards: [♣8, ♥9], Bot cards:[♠2, ♠J]
Player points: [17, 17], Bot points:[12, 12]
Bot get one more card ♦Q
Player point: 17, Bot point: 22
Player win! Money: 2250.0
========================
Round #621
Player cards: [♠T, ♣J], Bot cards:[♠2, ♣5]
Player points: [20, 20], Bot points:[7, 7]
Bot get one more card ♣T
Player point: 20, Bot point: 17
Player win! Money: 2270.0
========================
Round #622
Player cards: [♠3, ♥8], Bot cards:[♦8, ♣K]
Player points: [11, 11], Bot points:[18, 18]
----- Double Bet! -----
Player get one more card ♣K
Player point: 21, Bot point: 18
Player win! Money: 2310.0
========================
Round #623
Player cards: [♥5, ♥K], Bot cards:[♠6, ♣6]
Player points: [15, 15], Bot points:[12, 12]
Bot get one more card ♥A
Bot get one more card ♠J
Player point: 15, Bot point: 23
Player win! Money: 2330.0
========================
Round #624
Player cards: [♦7, ♦9], Bot cards:[♠6, ♠K]
Player points: [16, 16], Bot points:[16, 16]
Bot get one more card ♣K
Player point: 16, Bot point: 26
Player win! Money: 2350.0
========================
Round #625
Player cards: [♣6, ♠7], Bot cards:[♦4, ♠8]
Player points: [13, 13], Bot points:[12, 12]
Bot get one more card ♦T
Player point: 13, Bot point: 22
Player win! Money: 2370.0
========================
Round #626
Player cards: [♣6, ♥8], Bot cards:[♣2, ♦Q]
Player points: [14, 14], Bot points:[12, 12]
Bot get one more card ♣3
Bot get one more card ♦9
Player point: 14, Bot point: 24
Player win! Money: 2390.0
========================
Round #627
Player cards: [♣J, ♦A], Bot cards:[♣J, ♥Q]
Player points: [11, 21], Bot points:[20, 20]
Player point: 21, Bot point: 20
------ BlackJack!! ------
Player win! Money: 2416.0
========================
Round #628
Player cards: [♣8, ♣A], Bot cards:[♣2, ♠K]
Player points: [9, 19], Bot points:[12, 12]
Bot get one more card ♣A
Bot get one more card ♠5
Player point: 19, Bot point: 18
Player win! Money: 2436.0
========================
Round #629
Player cards: [♥8, ♣Q], Bot cards:[♥7, ♥J]
Player points: [18, 18], Bot points:[17, 17]
Player point: 18, Bot point: 17
Player win! Money: 2456.0
========================
Round #630
Player cards: [♦8, ♥J], Bot cards:[♥2, ♦7]
Player points: [18, 18], Bot points:[9, 9]
Bot get one more card ♦3
Bot get one more card ♥9
Player point: 18, Bot point: 21
Player lose! Money: 2436.0
========================
Round #631
Player cards: [♥5, ♦8], Bot cards:[♠6, ♥A]
Player points: [13, 13], Bot points:[7, 17]
Bot get one more card ♥T
Player point: 13, Bot point: 17
Player lose! Money: 2416.0
========================
Round #632
Player cards: [♥7, ♠K], Bot cards:[♥9, ♥T]
Player points: [17, 17], Bot points:[19, 19]
Player point: 17, Bot point: 19
Player lose! Money: 2396.0
========================
Round #633
Player cards: [♦4, ♠6], Bot cards:[♦2, ♠8]
Player points: [10, 10], Bot points:[10, 10]
----- Double Bet! -----
Player get one more card ♣5
Bot get one more card ♣3
Bot get one more card ♠4
Player point: 15, Bot point: 17
Player lose! Money: 2356.0
========================
Round #634
Player cards: [♥4, ♥7], Bot cards:[♣2, ♥3]
Player points: [11, 11], Bot points:[5, 5]
----- Double Bet! -----
Player get one more card ♣J
Bot get one more card ♥5
Bot get one more card ♥2
Bot get one more card ♣9
Player point: 21, Bot point: 21
Player lose! Money: 2316.0
========================
Round #635
Player cards: [♣9, ♠9], Bot cards:[♣T, ♦K]
Player points: [18, 18], Bot points:[20, 20]
Player point: 18, Bot point: 20
Player lose! Money: 2296.0
========================
Round #636
Player cards: [♠5, ♦6], Bot cards:[♥K, ♦K]
Player points: [11, 11], Bot points:[20, 20]
----- Double Bet! -----
Player get one more card ♠Q
Player point: 21, Bot point: 20
Player win! Money: 2336.0
========================
Round #637
Player cards: [♦9, ♠Q], Bot cards:[♠2, ♦T]
Player points: [19, 19], Bot points:[12, 12]
Bot get one more card ♥K
Player point: 19, Bot point: 22
Player win! Money: 2356.0
========================
Round #638
Player cards: [♦5, ♠J], Bot cards:[♥3, ♦Q]
Player points: [15, 15], Bot points:[13, 13]
Bot get one more card ♠J
Player point: 15, Bot point: 23
Player win! Money: 2376.0
========================
Round #639
Player cards: [♠2, ♥6], Bot cards:[♦2, ♣6]
Player points: [8, 8], Bot points:[8, 8]
Player get one more card ♦K
Bot get one more card ♠6
Bot get one more card ♠7
Player point: 18, Bot point: 21
Player lose! Money: 2356.0
========================
Round #640
Player cards: [♥4, ♣9], Bot cards:[♥4, ♠4]
Player points: [13, 13], Bot points:[8, 8]
Bot get one more card ♣T
Player point: 13, Bot point: 18
Player lose! Money: 2336.0
========================
Round #641
Player cards: [♦3, ♦J], Bot cards:[♣2, ♣5]
Player points: [13, 13], Bot points:[7, 7]
Bot get one more card ♣T
Player point: 13, Bot point: 17
Player lose! Money: 2316.0
========================
Round #642
Player cards: [♣4, ♥Q], Bot cards:[♠4, ♦9]
Player points: [14, 14], Bot points:[13, 13]
Bot get one more card ♥J
Player point: 14, Bot point: 23
Player win! Money: 2336.0
========================
Round #643
Player cards: [♦6, ♠A], Bot cards:[♦J, ♦J]
Player points: [7, 17], Bot points:[20, 20]
Player point: 17, Bot point: 20
Player lose! Money: 2316.0
========================
Round #644
Player cards: [♥3, ♣7], Bot cards:[♣4, ♠5]
Player points: [10, 10], Bot points:[9, 9]
----- Double Bet! -----
Player get one more card ♦J
Bot get one more card ♦A
Bot get one more card ♦K
Player point: 20, Bot point: 20
Draw! Money:2316.0
========================
Round #645
Player cards: [♣3, ♣K], Bot cards:[♠5, ♥6]
Player points: [13, 13], Bot points:[11, 11]
Bot get one more card ♥2
Bot get one more card ♥2
Bot get one more card ♦T
Player point: 13, Bot point: 25
Player win! Money: 2336.0
========================
Round #646
Player cards: [♠2, ♣7], Bot cards:[♠7, ♦Q]
Player points: [9, 9], Bot points:[17, 17]
Player get one more card ♣7
Player get one more card ♣8
Player point: 24, Bot point: 17
Player lose! Money: 2316.0
========================
Round #647
Player cards: [♥6, ♠9], Bot cards:[♣4, ♠A]
Player points: [15, 15], Bot points:[5, 15]
Bot get one more card ♣Q
Bot get one more card ♠A
Bot get one more card ♥7
Player point: 15, Bot point: 23
Player win! Money: 2336.0
========================
Round #648
Player cards: [♦8, ♠T], Bot cards:[♦2, ♥J]
Player points: [18, 18], Bot points:[12, 12]
Bot get one more card ♥T
Player point: 18, Bot point: 22
Player win! Money: 2356.0
========================
Round #649
Player cards: [♦3, ♣7], Bot cards:[♦5, ♣8]
Player points: [10, 10], Bot points:[13, 13]
----- Double Bet! -----
Player get one more card ♦7
Bot get one more card ♥K
Player point: 17, Bot point: 23
Player win! Money: 2396.0
========================
Round #650
Player cards: [♦2, ♣4], Bot cards:[♣3, ♥Q]
Player points: [6, 6], Bot points:[13, 13]
Player get one more card ♠8
Bot get one more card ♦3
Bot get one more card ♥A
Player point: 14, Bot point: 17
Player lose! Money: 2376.0
========================
Round #651
Player cards: [♠T, ♦A], Bot cards:[♦5, ♠8]
Player points: [11, 21], Bot points:[13, 13]
Bot get one more card ♠A
Bot get one more card ♥9
Player point: 21, Bot point: 23
------ BlackJack!! ------
Player win! Money: 2402.0
========================
Round #652
Player cards: [♠4, ♠7], Bot cards:[♦4, ♥Q]
Player points: [11, 11], Bot points:[14, 14]
----- Double Bet! -----
Player get one more card ♦T
Bot get one more card ♦5
Player point: 21, Bot point: 19
Player win! Money: 2442.0
========================
Round #653
Player cards: [♠3, ♠3], Bot cards:[♥6, ♠9]
Player points: [6, 6], Bot points:[15, 15]
-------- Split! Two hands: [7, 7], [13, 13]
Player get one more card ♥3
Player get one more card ♣9
For second hand:
Bot get one more card ♣T
Player point: 19, Bot point: 25
Player win! Money: 2462.0
========================
Player point: 13, Bot point: 25
Player win! Money: 2482.0
========================
Round #654
New deck
Player cards: [♣8, ♠9], Bot cards:[♦3, ♦Q]
Player points: [17, 17], Bot points:[13, 13]
Bot get one more card ♥Q
Player point: 17, Bot point: 23
Player win! Money: 2502.0
========================
Round #655
Player cards: [♣8, ♥9], Bot cards:[♦4, ♦T]
Player points: [17, 17], Bot points:[14, 14]
Bot get one more card ♣4
Player point: 17, Bot point: 18
Player lose! Money: 2482.0
========================
Round #656
Player cards: [♦2, ♠K], Bot cards:[♠3, ♦A]
Player points: [12, 12], Bot points:[4, 14]
Player get one more card ♥8
Bot get one more card ♣3
Bot get one more card ♣K
Player point: 20, Bot point: 17
Player win! Money: 2502.0
========================
Round #657
Player cards: [♠3, ♦6], Bot cards:[♥9, ♠A]
Player points: [9, 9], Bot points:[10, 20]
Player get one more card ♥K
Bot get one more card ♠T
Player point: 19, Bot point: 20
Player lose! Money: 2482.0
========================
Round #658
Player cards: [♠3, ♣K], Bot cards:[♠4, ♥7]
Player points: [13, 13], Bot points:[11, 11]
Bot get one more card ♥2
Bot get one more card ♠Q
Player point: 13, Bot point: 23
Player win! Money: 2502.0
========================
Round #659
Player cards: [♦3, ♥A], Bot cards:[♦2, ♠3]
Player points: [4, 14], Bot points:[5, 5]
Bot get one more card ♦K
Bot get one more card ♥4
Player point: 14, Bot point: 19
Player lose! Money: 2482.0
========================
Round #660
Player cards: [♠J, ♠K], Bot cards:[♣6, ♥J]
Player points: [20, 20], Bot points:[16, 16]
Bot get one more card ♣J
Player point: 20, Bot point: 26
Player win! Money: 2502.0
========================
Round #661
Player cards: [♠9, ♠Q], Bot cards:[♠5, ♦5]
Player points: [19, 19], Bot points:[10, 10]
Bot get one more card ♣J
Player point: 19, Bot point: 20
Player lose! Money: 2482.0
========================
Round #662
Player cards: [♠2, ♦5], Bot cards:[♥3, ♥6]
Player points: [7, 7], Bot points:[9, 9]
Player get one more card ♠4
Player get one more card ♠T
Bot get one more card ♥6
Bot get one more card ♠4
Player point: 21, Bot point: 19
Player win! Money: 2502.0
========================
Round #663
Player cards: [♦6, ♠T], Bot cards:[♦J, ♦A]
Player points: [16, 16], Bot points:[11, 21]
Player get one more card ♦4
Bot get one more card ♦A
Bot get one more card ♦9
Player point: 20, Bot point: 21
Player lose! Money: 2482.0
========================
Round #664
Player cards: [♦7, ♦8], Bot cards:[♣8, ♠A]
Player points: [15, 15], Bot points:[9, 19]
Player get one more card ♥8
Bot get one more card ♣5
Bot get one more card ♦3
Player point: 23, Bot point: 17
Player lose! Money: 2462.0
========================
Round #665
Player cards: [♥9, ♦Q], Bot cards:[♠5, ♥K]
Player points: [19, 19], Bot points:[15, 15]
Bot get one more card ♠2
Player point: 19, Bot point: 17
Player win! Money: 2482.0
========================
Round #666
Player cards: [♣T, ♠Q], Bot cards:[♥4, ♦5]
Player points: [20, 20], Bot points:[9, 9]
Bot get one more card ♣Q
Player point: 20, Bot point: 19
Player win! Money: 2502.0
========================
Round #667
Player cards: [♠5, ♦K], Bot cards:[♠9, ♠J]
Player points: [15, 15], Bot points:[19, 19]
Player get one more card ♠8
Player point: 23, Bot point: 19
Player lose! Money: 2482.0
========================
Round #668
Player cards: [♦2, ♣J], Bot cards:[♦T, ♠K]
Player points: [12, 12], Bot points:[20, 20]
Player get one more card ♦5
Player point: 17, Bot point: 20
Player lose! Money: 2462.0
========================
Round #669
Player cards: [♥T, ♥K], Bot cards:[♥3, ♥A]
Player points: [20, 20], Bot points:[4, 14]
Bot get one more card ♥3
Bot get one more card ♥8
Bot get one more card ♣K
Player point: 20, Bot point: 25
Player win! Money: 2482.0
========================
Round #670
Player cards: [♣4, ♥Q], Bot cards:[♣J, ♥Q]
Player points: [14, 14], Bot points:[20, 20]
Player get one more card ♦2
Player get one more card ♠7
Player point: 23, Bot point: 20
Player lose! Money: 2462.0
========================
Round #671
Player cards: [♥4, ♠6], Bot cards:[♥2, ♠2]
Player points: [10, 10], Bot points:[4, 4]
----- Double Bet! -----
Player get one more card ♣3
Bot get one more card ♣T
Bot get one more card ♦K
Player point: 13, Bot point: 24
Player win! Money: 2502.0
========================
Round #672
Player cards: [♣7, ♠8], Bot cards:[♣2, ♠8]
Player points: [15, 15], Bot points:[10, 10]
Bot get one more card ♠Q
Player point: 15, Bot point: 20
Player lose! Money: 2482.0
========================
Round #673
Player cards: [♦K, ♣A], Bot cards:[♥8, ♥Q]
Player points: [11, 21], Bot points:[18, 18]
Player point: 21, Bot point: 18
------ BlackJack!! ------
Player win! Money: 2508.0
========================
Round #674
Player cards: [♥T, ♣A], Bot cards:[♦8, ♥K]
Player points: [11, 21], Bot points:[18, 18]
Player point: 21, Bot point: 18
------ BlackJack!! ------
Player win! Money: 2534.0
========================
Round #675
Player cards: [♦T, ♦Q], Bot cards:[♠2, ♠4]
Player points: [20, 20], Bot points:[6, 6]
Bot get one more card ♠7
Bot get one more card ♣9
Player point: 20, Bot point: 22
Player win! Money: 2554.0
========================
Round #676
Player cards: [♣T, ♠Q], Bot cards:[♥J, ♠A]
Player points: [20, 20], Bot points:[11, 21]
Bot get one more card ♦8
Player point: 20, Bot point: 19
Player win! Money: 2574.0
========================
Round #677
Player cards: [♦4, ♥5], Bot cards:[♣9, ♣Q]
Player points: [9, 9], Bot points:[19, 19]
Player get one more card ♥7
Player get one more card ♦J
Player point: 26, Bot point: 19
Player lose! Money: 2554.0
========================
Round #678
Player cards: [♦9, ♣Q], Bot cards:[♥4, ♦6]
Player points: [19, 19], Bot points:[10, 10]
Bot get one more card ♠6
Bot get one more card ♣7
Player point: 19, Bot point: 23
Player win! Money: 2574.0
========================
Round #679
Player cards: [♣4, ♦A], Bot cards:[♣4, ♣5]
Player points: [5, 15], Bot points:[9, 9]
Bot get one more card ♦4
Bot get one more card ♥5
Player point: 15, Bot point: 18
Player lose! Money: 2554.0
========================
Round #680
Player cards: [♦6, ♥T], Bot cards:[♠J, ♣Q]
Player points: [16, 16], Bot points:[20, 20]
Player get one more card ♠K
Player point: 26, Bot point: 20
Player lose! Money: 2534.0
========================
Round #681
Player cards: [♠7, ♠9], Bot cards:[♣3, ♣A]
Player points: [16, 16], Bot points:[4, 14]
Bot get one more card ♣2
Bot get one more card ♥T
Bot get one more card ♣9
Player point: 16, Bot point: 25
Player win! Money: 2554.0
========================
Round #682
Player cards: [♣5, ♥5], Bot cards:[♦7, ♣9]
Player points: [10, 10], Bot points:[16, 16]
----- Double Bet! -----
Player get one more card ♠5
Bot get one more card ♥9
Player point: 15, Bot point: 25
Player win! Money: 2594.0
========================
Round #683
Player cards: [♦7, ♦T], Bot cards:[♣3, ♦4]
Player points: [17, 17], Bot points:[7, 7]
Bot get one more card ♥3
Bot get one more card ♠7
Player point: 17, Bot point: 17
Draw! Money:2594.0
========================
Round #684
Player cards: [♥5, ♦7], Bot cards:[♦3, ♥J]
Player points: [12, 12], Bot points:[13, 13]
Player get one more card ♦Q
Bot get one more card ♣Q
Player point: 22, Bot point: 23
Player lose! Money: 2574.0
========================
Round #685
Player cards: [♠6, ♥7], Bot cards:[♣2, ♦7]
Player points: [13, 13], Bot points:[9, 9]
Bot get one more card ♦J
Player point: 13, Bot point: 19
Player lose! Money: 2554.0
========================
Round #686
Player cards: [♠A, ♣A], Bot cards:[♥6, ♥J]
Player points: [2, 12], Bot points:[16, 16]
-------- Split! Two hands: [3, 13], [11, 21]
For second hand:
Bot get one more card ♥7
Player point: 13, Bot point: 23
Player win! Money: 2574.0
========================
Player point: 21, Bot point: 23
------ BlackJack!! ------
Player win! Money: 2600.0
========================
Round #687
Player cards: [♦8, ♥T], Bot cards:[♣7, ♠J]
Player points: [18, 18], Bot points:[17, 17]
Player point: 18, Bot point: 17
Player win! Money: 2620.0
========================
Round #688
Player cards: [♥4, ♥A], Bot cards:[♦J, ♣K]
Player points: [5, 15], Bot points:[20, 20]
Player get one more card ♣6
Player point: 21, Bot point: 20
Player win! Money: 2640.0
========================
Round #689
Player cards: [♣5, ♥A], Bot cards:[♣6, ♠T]
Player points: [6, 16], Bot points:[16, 16]
Bot get one more card ♣T
Player point: 16, Bot point: 26
Player win! Money: 2660.0
========================
Round #690
Player cards: [♣8, ♣A], Bot cards:[♥2, ♥6]
Player points: [9, 19], Bot points:[8, 8]
Bot get one more card ♠8
Bot get one more card ♠6
Player point: 19, Bot point: 22
Player win! Money: 2680.0
========================
Round #691
New deck
Player cards: [♣6, ♥8], Bot cards:[♣4, ♣4]
Player points: [14, 14], Bot points:[8, 8]
Bot get one more card ♣8
Bot get one more card ♣9
Player point: 14, Bot point: 25
Player win! Money: 2700.0
========================
Round #692
Player cards: [♦9, ♥T], Bot cards:[♦J, ♦J]
Player points: [19, 19], Bot points:[20, 20]
Player point: 19, Bot point: 20
Player lose! Money: 2680.0
========================
Round #693
Player cards: [♥9, ♦T], Bot cards:[♣Q, ♠Q]
Player points: [19, 19], Bot points:[20, 20]
Player point: 19, Bot point: 20
Player lose! Money: 2660.0
========================
Round #694
Player cards: [♥3, ♦A], Bot cards:[♦4, ♦8]
Player points: [4, 14], Bot points:[12, 12]
Bot get one more card ♦3
Bot get one more card ♦4
Player point: 14, Bot point: 19
Player lose! Money: 2640.0
========================
Round #695
Player cards: [♦6, ♣8], Bot cards:[♥7, ♦J]
Player points: [14, 14], Bot points:[17, 17]
Player get one more card ♠T
Player point: 24, Bot point: 17
Player lose! Money: 2620.0
========================
Round #696
Player cards: [♠3, ♣5], Bot cards:[♦5, ♥7]
Player points: [8, 8], Bot points:[12, 12]
Player get one more card ♥T
Bot get one more card ♠2
Bot get one more card ♣J
Player point: 18, Bot point: 24
Player win! Money: 2640.0
========================
Round #697
Player cards: [♦T, ♥J], Bot cards:[♥2, ♠5]
Player points: [20, 20], Bot points:[7, 7]
Bot get one more card ♦2
Bot get one more card ♠3
Bot get one more card ♠T
Player point: 20, Bot point: 22
Player win! Money: 2660.0
========================
Round #698
Player cards: [♠Q, ♦K], Bot cards:[♥7, ♣8]
Player points: [20, 20], Bot points:[15, 15]
Bot get one more card ♥5
Player point: 20, Bot point: 20
Draw! Money:2660.0
========================
Round #699
Player cards: [♣3, ♠7], Bot cards:[♣Q, ♥A]
Player points: [10, 10], Bot points:[11, 21]
Player get one more card ♣Q
Bot get one more card ♠5
Bot get one more card ♥8
Player point: 20, Bot point: 24
Player win! Money: 2680.0
========================
Round #700
Player cards: [♦3, ♠5], Bot cards:[♥Q, ♠A]
Player points: [8, 8], Bot points:[11, 21]
Player get one more card ♦J
Bot get one more card ♦K
Player point: 18, Bot point: 21
Player lose! Money: 2660.0
========================
Round #701
Player cards: [♥3, ♣K], Bot cards:[♦2, ♦Q]
Player points: [13, 13], Bot points:[12, 12]
Bot get one more card ♠8
Player point: 13, Bot point: 20
Player lose! Money: 2640.0
========================
Round #702
Player cards: [♠Q, ♠Q], Bot cards:[♠7, ♣9]
Player points: [20, 20], Bot points:[16, 16]
Bot get one more card ♠2
Player point: 20, Bot point: 18
Player win! Money: 2660.0
========================
Round #703
Player cards: [♥5, ♥K], Bot cards:[♣7, ♣K]
Player points: [15, 15], Bot points:[17, 17]
Player get one more card ♣A
Player get one more card ♣5
Player point: 21, Bot point: 17
Player win! Money: 2680.0
========================
Round #704
Player cards: [♠2, ♦A], Bot cards:[♣6, ♣Q]
Player points: [3, 13], Bot points:[16, 16]
Bot get one more card ♥9
Player point: 13, Bot point: 25
Player win! Money: 2700.0
========================
Round #705
Player cards: [♥8, ♥J], Bot cards:[♠4, ♣J]
Player points: [18, 18], Bot points:[14, 14]
Bot get one more card ♦7
Player point: 18, Bot point: 21
Player lose! Money: 2680.0
========================
Round #706
Player cards: [♥K, ♥K], Bot cards:[♦2, ♠6]
Player points: [20, 20], Bot points:[8, 8]
Bot get one more card ♥4
Bot get one more card ♠2
Bot get one more card ♦7
Player point: 20, Bot point: 21
Player lose! Money: 2660.0
========================
Round #707
Player cards: [♦8, ♠8], Bot cards:[♥2, ♦5]
Player points: [16, 16], Bot points:[7, 7]
-------- Split! Two hands: [13, 13], [18, 18]
For second hand:
Bot get one more card ♣2
Bot get one more card ♠4
Bot get one more card ♣A
Bot get one more card ♦4
Player point: 13, Bot point: 18
Player lose! Money: 2640.0
========================
Player point: 18, Bot point: 18
Draw! Money:2640.0
========================
Round #708
Player cards: [♥5, ♠9], Bot cards:[♣9, ♦A]
Player points: [14, 14], Bot points:[10, 20]
Player get one more card ♦2
Player get one more card ♠9
Bot get one more card ♣2
Bot get one more card ♣T
Player point: 25, Bot point: 22
Player lose! Money: 2620.0
========================
Round #709
Player cards: [♠6, ♦K], Bot cards:[♠K, ♥A]
Player points: [16, 16], Bot points:[11, 21]
Player get one more card ♣6
Bot get one more card ♥7
Player point: 22, Bot point: 18
Player lose! Money: 2600.0
========================
Round #710
Player cards: [♠4, ♥9], Bot cards:[♥6, ♦7]
Player points: [13, 13], Bot points:[13, 13]
Bot get one more card ♣K
Player point: 13, Bot point: 23
Player win! Money: 2620.0
========================
Round #711
Player cards: [♠6, ♦9], Bot cards:[♦6, ♠7]
Player points: [15, 15], Bot points:[13, 13]
Bot get one more card ♣3
Bot get one more card ♥Q
Player point: 15, Bot point: 26
Player win! Money: 2640.0
========================
Round #712
Player cards: [♦8, ♣A], Bot cards:[♦5, ♦8]
Player points: [9, 19], Bot points:[13, 13]
Bot get one more card ♥Q
Player point: 19, Bot point: 23
Player win! Money: 2660.0
========================
Round #713
Player cards: [♥3, ♦K], Bot cards:[♦3, ♦4]
Player points: [13, 13], Bot points:[7, 7]
Bot get one more card ♥6
Bot get one more card ♥8
Player point: 13, Bot point: 21
Player lose! Money: 2640.0
========================
Round #714
Player cards: [♦3, ♣5], Bot cards:[♠8, ♥K]
Player points: [8, 8], Bot points:[18, 18]
Player get one more card ♣2
Player get one more card ♣6
Player point: 16, Bot point: 18
Player lose! Money: 2620.0
========================
Round #715
Player cards: [♥T, ♦Q], Bot cards:[♣8, ♠9]
Player points: [20, 20], Bot points:[17, 17]
Player point: 20, Bot point: 17
Player win! Money: 2640.0
========================
Round #716
Player cards: [♠3, ♥T], Bot cards:[♥4, ♠T]
Player points: [13, 13], Bot points:[14, 14]
Bot get one more card ♠K
Player point: 13, Bot point: 24
Player win! Money: 2660.0
========================
Round #717
Player cards: [♣4, ♠7], Bot cards:[♦9, ♦Q]
Player points: [11, 11], Bot points:[19, 19]
----- Double Bet! -----
Player get one more card ♠3
Player point: 14, Bot point: 19
Player lose! Money: 2620.0
========================
Round #718
Player cards: [♠A, ♥A], Bot cards:[♣7, ♥9]
Player points: [2, 12], Bot points:[16, 16]
-------- Split! Two hands: [11, 21], [8, 18]
For second hand:
Bot get one more card ♠J
Player point: 21, Bot point: 26
------ BlackJack!! ------
Player win! Money: 2646.0
========================
Player point: 18, Bot point: 26
Player win! Money: 2666.0
========================
Round #719
Player cards: [♣2, ♦9], Bot cards:[♣6, ♦T]
Player points: [11, 11], Bot points:[16, 16]
----- Double Bet! -----
Player get one more card ♥6
Bot get one more card ♠A
Player point: 17, Bot point: 17
Draw! Money:2666.0
========================
Round #720
Player cards: [♠3, ♣A], Bot cards:[♣7, ♣J]
Player points: [4, 14], Bot points:[17, 17]
Player get one more card ♦T
Player get one more card ♥5
Player point: 19, Bot point: 17
Player win! Money: 2686.0
========================
Round #721
Player cards: [♣3, ♣3], Bot cards:[♣4, ♣T]
Player points: [6, 6], Bot points:[14, 14]
-------- Split! Two hands: [10, 10], [9, 9]
----- Double Bet! -----
Player get one more card ♠K
For second hand:
----- Double Bet! -----
Player get one more card ♣T
Bot get one more card ♥6
Player point: 20, Bot point: 20
Draw! Money:2686.0
========================
Player point: 19, Bot point: 20
Player lose! Money: 2646.0
========================
Round #722
Player cards: [♥3, ♣K], Bot cards:[♥Q, ♠K]
Player points: [13, 13], Bot points:[20, 20]
Player get one more card ♦A
Player get one more card ♠A
Player get one more card ♥J
Player point: 25, Bot point: 20
Player lose! Money: 2626.0
========================
Round #723
Player cards: [♥2, ♣9], Bot cards:[♥4, ♠6]
Player points: [11, 11], Bot points:[10, 10]
----- Double Bet! -----
Player get one more card ♦5
Bot get one more card ♠9
Player point: 16, Bot point: 19
Player lose! Money: 2586.0
========================
Round #724
Player cards: [♦6, ♦9], Bot cards:[♣T, ♠J]
Player points: [15, 15], Bot points:[20, 20]
Player get one more card ♦9
Player point: 24, Bot point: 20
Player lose! Money: 2566.0
========================
Round #725
Player cards: [♠8, ♥A], Bot cards:[♥4, ♠J]
Player points: [9, 19], Bot points:[14, 14]
Bot get one more card ♥J
Player point: 19, Bot point: 24
Player win! Money: 2586.0
========================
Round #726
New deck
Player cards: [♣3, ♥9], Bot cards:[♦8, ♠8]
Player points: [12, 12], Bot points:[16, 16]
Player get one more card ♣A
Player get one more card ♠6
Bot get one more card ♦Q
Player point: 19, Bot point: 26
Player win! Money: 2606.0
========================
Round #727
Player cards: [♠T, ♦A], Bot cards:[♣3, ♣8]
Player points: [11, 21], Bot points:[11, 11]
Bot get one more card ♦4
Bot get one more card ♣4
Player point: 21, Bot point: 19
------ BlackJack!! ------
Player win! Money: 2632.0
========================
Round #728
Player cards: [♠Q, ♥K], Bot cards:[♥4, ♦T]
Player points: [20, 20], Bot points:[14, 14]
Bot get one more card ♥8
Player point: 20, Bot point: 22
Player win! Money: 2652.0
========================
Round #729
Player cards: [♦7, ♠7], Bot cards:[♦7, ♥T]
Player points: [14, 14], Bot points:[17, 17]
-------- Split! Two hands: [14, 14], [17, 17]
Player get one more card ♠A
Player get one more card ♣A
Player get one more card ♦8
For second hand:
Player point: 24, Bot point: 17
Player lose! Money: 2632.0
========================
Player point: 17, Bot point: 17
Draw! Money:2632.0
========================
Round #730
Player cards: [♥5, ♦K], Bot cards:[♠5, ♦K]
Player points: [15, 15], Bot points:[15, 15]
Bot get one more card ♦5
Player point: 15, Bot point: 20
Player lose! Money: 2612.0
========================
Round #731
Player cards: [♠6, ♦K], Bot cards:[♥7, ♠T]
Player points: [16, 16], Bot points:[17, 17]
Player get one more card ♣7
Player point: 23, Bot point: 17
Player lose! Money: 2592.0
========================
Round #732
Player cards: [♠7, ♠A], Bot cards:[♠2, ♣Q]
Player points: [8, 18], Bot points:[12, 12]
Bot get one more card ♦T
Player point: 18, Bot point: 22
Player win! Money: 2612.0
========================
Round #733
Player cards: [♠J, ♣J], Bot cards:[♦Q, ♥Q]
Player points: [20, 20], Bot points:[20, 20]
Player point: 20, Bot point: 20
Draw! Money:2612.0
========================
Round #734
Player cards: [♠4, ♥6], Bot cards:[♦2, ♦J]
Player points: [10, 10], Bot points:[12, 12]
----- Double Bet! -----
Player get one more card ♣5
Bot get one more card ♣A
Bot get one more card ♥J
Player point: 15, Bot point: 23
Player win! Money: 2652.0
========================
Round #735
Player cards: [♥T, ♣T], Bot cards:[♣4, ♦4]
Player points: [20, 20], Bot points:[8, 8]
Bot get one more card ♦Q
Player point: 20, Bot point: 18
Player win! Money: 2672.0
========================
Round #736
Player cards: [♠T, ♥J], Bot cards:[♠3, ♥9]
Player points: [20, 20], Bot points:[12, 12]
Bot get one more card ♥A
Bot get one more card ♦Q
Player point: 20, Bot point: 23
Player win! Money: 2692.0
========================
Round #737
Player cards: [♠8, ♣Q], Bot cards:[♥2, ♣6]
Player points: [18, 18], Bot points:[8, 8]
Bot get one more card ♦Q
Player point: 18, Bot point: 18
Draw! Money:2692.0
========================
Round #738
Player cards: [♦3, ♣3], Bot cards:[♥9, ♣K]
Player points: [6, 6], Bot points:[19, 19]
Player get one more card ♦3
Player get one more card ♦9
Player point: 18, Bot point: 19
Player lose! Money: 2672.0
========================
Round #739
Player cards: [♣4, ♥5], Bot cards:[♦6, ♥A]
Player points: [9, 9], Bot points:[7, 17]
----- Double Bet! -----
Player get one more card ♣2
Bot get one more card ♥J
Player point: 11, Bot point: 17
Player lose! Money: 2632.0
========================
Round #740
Player cards: [♣2, ♦4], Bot cards:[♦5, ♦A]
Player points: [6, 6], Bot points:[6, 16]
Player get one more card ♣8
Bot get one more card ♣T
Bot get one more card ♥K
Player point: 14, Bot point: 26
Player win! Money: 2652.0
========================
Round #741
Player cards: [♦7, ♣8], Bot cards:[♠Q, ♦A]
Player points: [15, 15], Bot points:[11, 21]
Player get one more card ♠4
Bot get one more card ♥J
Player point: 19, Bot point: 21
Player lose! Money: 2632.0
========================
Round #742
Player cards: [♦2, ♦5], Bot cards:[♠9, ♠A]
Player points: [7, 7], Bot points:[10, 20]
Player get one more card ♥2
Player get one more card ♥6
Player get one more card ♣5
Bot get one more card ♥4
Bot get one more card ♠9
Player point: 20, Bot point: 23
Player win! Money: 2652.0
========================
Round #743
Player cards: [♥6, ♥7], Bot cards:[♦5, ♣9]
Player points: [13, 13], Bot points:[14, 14]
Bot get one more card ♦7
Player point: 13, Bot point: 21
Player lose! Money: 2632.0
========================
Round #744
Player cards: [♠3, ♠4], Bot cards:[♣A, ♦A]
Player points: [7, 7], Bot points:[2, 12]
Player get one more card ♦4
Player get one more card ♠K
Bot get one more card ♥T
Bot get one more card ♣4
Bot get one more card ♦T
Player point: 21, Bot point: 26
Player win! Money: 2652.0
========================
Round #745
Player cards: [♣5, ♦9], Bot cards:[♠4, ♠6]
Player points: [14, 14], Bot points:[10, 10]
Bot get one more card ♥5
Bot get one more card ♥7
Player point: 14, Bot point: 22
Player win! Money: 2672.0
========================
Round #746
Player cards: [♣3, ♦J], Bot cards:[♣J, ♥K]
Player points: [13, 13], Bot points:[20, 20]
Player get one more card ♠7
Player point: 20, Bot point: 20
Draw! Money:2672.0
========================
Round #747
Player cards: [♣7, ♠8], Bot cards:[♥2, ♦8]
Player points: [15, 15], Bot points:[10, 10]
Bot get one more card ♦8
Player point: 15, Bot point: 18
Player lose! Money: 2652.0
========================
Round #748
Player cards: [♦9, ♦T], Bot cards:[♣2, ♠J]
Player points: [19, 19], Bot points:[12, 12]
Bot get one more card ♠K
Player point: 19, Bot point: 22
Player win! Money: 2672.0
========================
Round #749
Player cards: [♠2, ♣8], Bot cards:[♥3, ♥6]
Player points: [10, 10], Bot points:[9, 9]
----- Double Bet! -----
Player get one more card ♦3
Bot get one more card ♦6
Bot get one more card ♦6
Player point: 13, Bot point: 21
Player lose! Money: 2632.0
========================
Round #750
Player cards: [♠T, ♠K], Bot cards:[♥8, ♣9]
Player points: [20, 20], Bot points:[17, 17]
Player point: 20, Bot point: 17
Player win! Money: 2652.0
========================
Round #751
Player cards: [♠J, ♣Q], Bot cards:[♥4, ♥A]
Player points: [20, 20], Bot points:[5, 15]
Bot get one more card ♣6
Bot get one more card ♦3
Bot get one more card ♣T
Player point: 20, Bot point: 24
Player win! Money: 2672.0
========================
Round #752
Player cards: [♥5, ♥Q], Bot cards:[♠5, ♣9]
Player points: [15, 15], Bot points:[14, 14]
Bot get one more card ♠3
Player point: 15, Bot point: 17
Player lose! Money: 2652.0
========================
Round #753
Player cards: [♣6, ♦J], Bot cards:[♣9, ♠K]
Player points: [16, 16], Bot points:[19, 19]
Player get one more card ♣2
Player point: 18, Bot point: 19
Player lose! Money: 2632.0
========================
Round #754
Player cards: [♠5, ♣Q], Bot cards:[♣2, ♥Q]
Player points: [15, 15], Bot points:[12, 12]
Bot get one more card ♥9
Player point: 15, Bot point: 21
Player lose! Money: 2612.0
========================
Round #755
Player cards: [♠9, ♦K], Bot cards:[♥3, ♣K]
Player points: [19, 19], Bot points:[13, 13]
Bot get one more card ♣6
Player point: 19, Bot point: 19
Draw! Money:2612.0
========================
Round #756
Player cards: [♠2, ♠5], Bot cards:[♠7, ♦J]
Player points: [7, 7], Bot points:[17, 17]
Player get one more card ♠A
Player point: 18, Bot point: 17
Player win! Money: 2632.0
========================
Round #757
Player cards: [♣T, ♠J], Bot cards:[♥3, ♣J]
Player points: [20, 20], Bot points:[13, 13]
Bot get one more card ♥7
Player point: 20, Bot point: 20
Draw! Money:2632.0
========================
Round #758
Player cards: [♠Q, ♣K], Bot cards:[♣7, ♥T]
Player points: [20, 20], Bot points:[17, 17]
Player point: 20, Bot point: 17
Player win! Money: 2652.0
========================
Round #759
Player cards: [♥2, ♦2], Bot cards:[♠5, ♣J]
Player points: [4, 4], Bot points:[15, 15]
-------- Split! Two hands: [12, 12], [11, 11]
For second hand:
----- Double Bet! -----
Player get one more card ♦9
Bot get one more card ♠2
Player point: 12, Bot point: 17
Player lose! Money: 2632.0
========================
Player point: 20, Bot point: 17
Player win! Money: 2672.0
========================
Round #760
Player cards: [♠3, ♠4], Bot cards:[♠6, ♥A]
Player points: [7, 7], Bot points:[7, 17]
Player get one more card ♠Q
Bot get one more card ♠8
Bot get one more card ♥4
Player point: 17, Bot point: 19
Player lose! Money: 2652.0
========================
Round #761
Player cards: [♥2, ♦6], Bot cards:[♦2, ♥3]
Player points: [8, 8], Bot points:[5, 5]
Player get one more card ♥8
Bot get one more card ♥K
Bot get one more card ♣7
Player point: 16, Bot point: 22
Player win! Money: 2672.0
========================
Round #762
New deck
Player cards: [♣5, ♥J], Bot cards:[♦9, ♠A]
Player points: [15, 15], Bot points:[10, 20]
Player get one more card ♠J
Bot get one more card ♥6
Bot get one more card ♦8
Player point: 25, Bot point: 24
Player lose! Money: 2652.0
========================
Round #763
Player cards: [♦4, ♦J], Bot cards:[♠3, ♥T]
Player points: [14, 14], Bot points:[13, 13]
Bot get one more card ♥8
Player point: 14, Bot point: 21
Player lose! Money: 2632.0
========================
Round #764
Player cards: [♥6, ♦Q], Bot cards:[♦4, ♥J]
Player points: [16, 16], Bot points:[14, 14]
Bot get one more card ♥7
Player point: 16, Bot point: 21
Player lose! Money: 2612.0
========================
Round #765
Player cards: [♠3, ♥4], Bot cards:[♠4, ♦K]
Player points: [7, 7], Bot points:[14, 14]
Player get one more card ♠J
Bot get one more card ♣K
Player point: 17, Bot point: 24
Player win! Money: 2632.0
========================
Round #766
Player cards: [♦2, ♣9], Bot cards:[♥8, ♥Q]
Player points: [11, 11], Bot points:[18, 18]
----- Double Bet! -----
Player get one more card ♣2
Player point: 13, Bot point: 18
Player lose! Money: 2592.0
========================
Round #767
Player cards: [♣2, ♦6], Bot cards:[♠5, ♥J]
Player points: [8, 8], Bot points:[15, 15]
Player get one more card ♦T
Bot get one more card ♦2
Player point: 18, Bot point: 17
Player win! Money: 2612.0
========================
Round #768
Player cards: [♦5, ♥7], Bot cards:[♦2, ♦3]
Player points: [12, 12], Bot points:[5, 5]
Player get one more card ♣4
Bot get one more card ♠K
Bot get one more card ♥2
Player point: 16, Bot point: 17
Player lose! Money: 2592.0
========================
Round #769
Player cards: [♠7, ♥K], Bot cards:[♠8, ♦K]
Player points: [17, 17], Bot points:[18, 18]
Player point: 17, Bot point: 18
Player lose! Money: 2572.0
========================
Round #770
Player cards: [♥5, ♦T], Bot cards:[♣K, ♥A]
Player points: [15, 15], Bot points:[11, 21]
Player get one more card ♦9
Bot get one more card ♥4
Bot get one more card ♠K
Player point: 24, Bot point: 25
Player lose! Money: 2552.0
========================
Round #771
Player cards: [♥9, ♣A], Bot cards:[♦3, ♠6]
Player points: [10, 20], Bot points:[9, 9]
Bot get one more card ♣T
Player point: 20, Bot point: 19
Player win! Money: 2572.0
========================
Round #772
Player cards: [♠2, ♠7], Bot cards:[♠7, ♣8]
Player points: [9, 9], Bot points:[15, 15]
Player get one more card ♥J
Bot get one more card ♠T
Player point: 19, Bot point: 25
Player win! Money: 2592.0
========================
Round #773
Player cards: [♠4, ♠4], Bot cards:[♥3, ♥7]
Player points: [8, 8], Bot points:[10, 10]
Player get one more card ♥K
Bot get one more card ♦7
Player point: 18, Bot point: 17
Player win! Money: 2612.0
========================
Round #774
Player cards: [♣7, ♥Q], Bot cards:[♠6, ♥8]
Player points: [17, 17], Bot points:[14, 14]
Bot get one more card ♦J
Player point: 17, Bot point: 24
Player win! Money: 2632.0
========================
Round #775
Player cards: [♥3, ♥3], Bot cards:[♠3, ♦4]
Player points: [6, 6], Bot points:[7, 7]
Player get one more card ♦Q
Bot get one more card ♦6
Bot get one more card ♣5
Player point: 16, Bot point: 18
Player lose! Money: 2612.0
========================
Round #776
Player cards: [♦7, ♥A], Bot cards:[♦5, ♣6]
Player points: [8, 18], Bot points:[11, 11]
Bot get one more card ♥6
Player point: 18, Bot point: 17
Player win! Money: 2632.0
========================
Round #777
Player cards: [♥T, ♥K], Bot cards:[♥3, ♦6]
Player points: [20, 20], Bot points:[9, 9]
Bot get one more card ♥4
Bot get one more card ♥Q
Player point: 20, Bot point: 23
Player win! Money: 2652.0
========================
Round #778
Player cards: [♣7, ♠A], Bot cards:[♥2, ♥9]
Player points: [8, 18], Bot points:[11, 11]
Bot get one more card ♣J
Player point: 18, Bot point: 21
Player lose! Money: 2632.0
========================
Round #779
Player cards: [♦A, ♦A], Bot cards:[♣7, ♣8]
Player points: [2, 12], Bot points:[15, 15]
-------- Split! Two hands: [10, 20], [11, 21]
For second hand:
Bot get one more card ♥9
Player point: 20, Bot point: 24
Player win! Money: 2652.0
========================
Player point: 21, Bot point: 24
------ BlackJack!! ------
Player win! Money: 2678.0
========================
Round #780
Player cards: [♦3, ♠Q], Bot cards:[♦Q, ♠Q]
Player points: [13, 13], Bot points:[20, 20]
Player get one more card ♠6
Player point: 19, Bot point: 20
Player lose! Money: 2658.0
========================
Round #781
Player cards: [♦7, ♠Q], Bot cards:[♣4, ♣4]
Player points: [17, 17], Bot points:[8, 8]
Bot get one more card ♦8
Bot get one more card ♦K
Player point: 17, Bot point: 26
Player win! Money: 2678.0
========================
Round #782
Player cards: [♣5, ♥T], Bot cards:[♦5, ♣6]
Player points: [15, 15], Bot points:[11, 11]
Bot get one more card ♥8
Player point: 15, Bot point: 19
Player lose! Money: 2658.0
========================
Round #783
Player cards: [♥9, ♣K], Bot cards:[♦4, ♠Q]
Player points: [19, 19], Bot points:[14, 14]
Bot get one more card ♠9
Player point: 19, Bot point: 23
Player win! Money: 2678.0
========================
Round #784
Player cards: [♠2, ♦8], Bot cards:[♥5, ♣7]
Player points: [10, 10], Bot points:[12, 12]
----- Double Bet! -----
Player get one more card ♥A
Bot get one more card ♥6
Player point: 21, Bot point: 18
Player win! Money: 2718.0
========================
Round #785
Player cards: [♣3, ♦T], Bot cards:[♠T, ♠T]
Player points: [13, 13], Bot points:[20, 20]
Player get one more card ♣3
Player get one more card ♥7
Player point: 23, Bot point: 20
Player lose! Money: 2698.0
========================
Round #786
Player cards: [♣Q, ♦Q], Bot cards:[♠3, ♠K]
Player points: [20, 20], Bot points:[13, 13]
Bot get one more card ♣Q
Player point: 20, Bot point: 23
Player win! Money: 2718.0
========================
Round #787
Player cards: [♠2, ♥5], Bot cards:[♠5, ♠6]
Player points: [7, 7], Bot points:[11, 11]
Player get one more card ♣3
Player get one more card ♣3
Bot get one more card ♣9
Player point: 13, Bot point: 20
Player lose! Money: 2698.0
========================
Round #788
Player cards: [♠8, ♣8], Bot cards:[♠4, ♣A]
Player points: [16, 16], Bot points:[5, 15]
-------- Split! Two hands: [18, 18], [13, 13]
For second hand:
Bot get one more card ♠5
Bot get one more card ♣T
Player point: 18, Bot point: 20
Player lose! Money: 2678.0
========================
Player point: 13, Bot point: 20
Player lose! Money: 2658.0
========================
Round #789
Player cards: [♠8, ♣9], Bot cards:[♦9, ♠9]
Player points: [17, 17], Bot points:[18, 18]
Player point: 17, Bot point: 18
Player lose! Money: 2638.0
========================
Round #790
Player cards: [♥2, ♥A], Bot cards:[♠2, ♣4]
Player points: [3, 13], Bot points:[6, 6]
Bot get one more card ♦5
Bot get one more card ♦A
Bot get one more card ♦7
Player point: 13, Bot point: 19
Player lose! Money: 2618.0
========================
Round #791
Player cards: [♦J, ♦J], Bot cards:[♣2, ♠A]
Player points: [20, 20], Bot points:[3, 13]
Bot get one more card ♥5
Bot get one more card ♠T
Player point: 20, Bot point: 18
Player win! Money: 2638.0
========================
Round #792
Player cards: [♦6, ♣K], Bot cards:[♦2, ♣2]
Player points: [16, 16], Bot points:[4, 4]
Bot get one more card ♥4
Bot get one more card ♠5
Bot get one more card ♥8
Player point: 16, Bot point: 21
Player lose! Money: 2618.0
========================
Round #793
Player cards: [♠7, ♠9], Bot cards:[♦8, ♥K]
Player points: [16, 16], Bot points:[18, 18]
Player get one more card ♣Q
Player point: 26, Bot point: 18
Player lose! Money: 2598.0
========================
Round #794
Player cards: [♣6, ♣T], Bot cards:[♣8, ♣J]
Player points: [16, 16], Bot points:[18, 18]
Player get one more card ♣A
Player point: 17, Bot point: 18
Player lose! Money: 2578.0
========================
Round #795
Player cards: [♣T, ♠A], Bot cards:[♦T, ♠J]
Player points: [11, 21], Bot points:[20, 20]
Player point: 21, Bot point: 20
------ BlackJack!! ------
Player win! Money: 2604.0
========================
Round #796
Player cards: [♠9, ♣J], Bot cards:[♦3, ♣5]
Player points: [19, 19], Bot points:[8, 8]
Bot get one more card ♦K
Player point: 19, Bot point: 18
Player win! Money: 2624.0
========================
Round #797
Player cards: [♠K, ♦A], Bot cards:[♠8, ♣9]
Player points: [11, 21], Bot points:[17, 17]
Player point: 21, Bot point: 17
------ BlackJack!! ------
Player win! Money: 2650.0
========================
Round #798
New deck
Player cards: [♠4, ♦8], Bot cards:[♦4, ♣5]
Player points: [12, 12], Bot points:[9, 9]
Bot get one more card ♣6
Bot get one more card ♥6
Player point: 12, Bot point: 21
Player lose! Money: 2630.0
========================
Round #799
Player cards: [♣3, ♥Q], Bot cards:[♣7, ♥A]
Player points: [13, 13], Bot points:[8, 18]
Player get one more card ♠8
Bot get one more card ♠Q
Player point: 21, Bot point: 18
Player win! Money: 2650.0
========================
Round #800
Player cards: [♠2, ♣A], Bot cards:[♣8, ♣J]
Player points: [3, 13], Bot points:[18, 18]
Player get one more card ♥J
Player get one more card ♥7
Player point: 20, Bot point: 18
Player win! Money: 2670.0
========================
Round #801
Player cards: [♣7, ♦7], Bot cards:[♦3, ♠9]
Player points: [14, 14], Bot points:[12, 12]
-------- Split! Two hands: [12, 12], [17, 17]
Player get one more card ♥3
For second hand:
Bot get one more card ♦A
Bot get one more card ♥8
Player point: 15, Bot point: 21
Player lose! Money: 2650.0
========================
Player point: 17, Bot point: 21
Player lose! Money: 2630.0
========================
Round #802
Player cards: [♠J, ♥K], Bot cards:[♠7, ♥J]
Player points: [20, 20], Bot points:[17, 17]
Player point: 20, Bot point: 17
Player win! Money: 2650.0
========================
Round #803
Player cards: [♦7, ♣K], Bot cards:[♠6, ♣6]
Player points: [17, 17], Bot points:[12, 12]
Bot get one more card ♥9
Player point: 17, Bot point: 21
Player lose! Money: 2630.0
========================
Round #804
Player cards: [♠3, ♣5], Bot cards:[♠4, ♣6]
Player points: [8, 8], Bot points:[10, 10]
Player get one more card ♠J
Bot get one more card ♠4
Bot get one more card ♣8
Player point: 18, Bot point: 22
Player win! Money: 2650.0
========================
Round #805
Player cards: [♣3, ♣T], Bot cards:[♠6, ♣Q]
Player points: [13, 13], Bot points:[16, 16]
Bot get one more card ♦2
Player point: 13, Bot point: 18
Player lose! Money: 2630.0
========================
Round #806
Player cards: [♥3, ♥K], Bot cards:[♦T, ♥Q]
Player points: [13, 13], Bot points:[20, 20]
Player get one more card ♥Q
Player point: 23, Bot point: 20
Player lose! Money: 2610.0
========================
Round #807
Player cards: [♥7, ♠T], Bot cards:[♣4, ♥6]
Player points: [17, 17], Bot points:[10, 10]
Bot get one more card ♥3
Bot get one more card ♠2
Bot get one more card ♦6
Player point: 17, Bot point: 21
Player lose! Money: 2590.0
========================
Round #808
Player cards: [♦7, ♦8], Bot cards:[♦7, ♣J]
Player points: [15, 15], Bot points:[17, 17]
Player get one more card ♦T
Player point: 25, Bot point: 17
Player lose! Money: 2570.0
========================
Round #809
Player cards: [♦5, ♠8], Bot cards:[♦J, ♥J]
Player points: [13, 13], Bot points:[20, 20]
Player get one more card ♣9
Player point: 22, Bot point: 20
Player lose! Money: 2550.0
========================
Round #810
Player cards: [♦A, ♣A], Bot cards:[♠5, ♦J]
Player points: [2, 12], Bot points:[15, 15]
-------- Split! Two hands: [3, 13], [8, 18]
For second hand:
Bot get one more card ♠K
Player point: 13, Bot point: 25
Player win! Money: 2570.0
========================
Player point: 18, Bot point: 25
Player win! Money: 2590.0
========================
Round #811
Player cards: [♥2, ♠5], Bot cards:[♥8, ♦T]
Player points: [7, 7], Bot points:[18, 18]
Player get one more card ♥4
Player get one more card ♣Q
Player point: 21, Bot point: 18
Player win! Money: 2610.0
========================
Round #812
Player cards: [♣2, ♦4], Bot cards:[♥4, ♠A]
Player points: [6, 6], Bot points:[5, 15]
Player get one more card ♠Q
Bot get one more card ♣T
Bot get one more card ♥5
Player point: 16, Bot point: 20
Player lose! Money: 2590.0
========================
Round #813
Player cards: [♥2, ♠T], Bot cards:[♥2, ♣K]
Player points: [12, 12], Bot points:[12, 12]
Player get one more card ♥T
Bot get one more card ♦Q
Player point: 22, Bot point: 22
Player lose! Money: 2570.0
========================
Round #814
Player cards: [♦3, ♠T], Bot cards:[♣T, ♦A]
Player points: [13, 13], Bot points:[11, 21]
Player get one more card ♠5
Bot get one more card ♥4
Bot get one more card ♦5
Player point: 18, Bot point: 20
Player lose! Money: 2550.0
========================
Round #815
Player cards: [♥5, ♥6], Bot cards:[♠9, ♠K]
Player points: [11, 11], Bot points:[19, 19]
----- Double Bet! -----
Player get one more card ♥J
Player point: 21, Bot point: 19
Player win! Money: 2590.0
========================
Round #816
Player cards: [♠2, ♦J], Bot cards:[♣7, ♣J]
Player points: [12, 12], Bot points:[17, 17]
Player get one more card ♣7
Player point: 19, Bot point: 17
Player win! Money: 2610.0
========================
Round #817
Player cards: [♦4, ♦6], Bot cards:[♠3, ♥7]
Player points: [10, 10], Bot points:[10, 10]
----- Double Bet! -----
Player get one more card ♥7
Bot get one more card ♣K
Player point: 17, Bot point: 20
Player lose! Money: 2570.0
========================
Round #818
Player cards: [♠8, ♠9], Bot cards:[♠Q, ♥K]
Player points: [17, 17], Bot points:[20, 20]
Player point: 17, Bot point: 20
Player lose! Money: 2550.0
========================
Round #819
Player cards: [♦3, ♦6], Bot cards:[♣3, ♠J]
Player points: [9, 9], Bot points:[13, 13]
----- Double Bet! -----
Player get one more card ♣A
Bot get one more card ♦K
Player point: 20, Bot point: 23
Player win! Money: 2590.0
========================
Round #820
Player cards: [♠4, ♦4], Bot cards:[♦5, ♥9]
Player points: [8, 8], Bot points:[14, 14]
Player get one more card ♠J
Bot get one more card ♦8
Player point: 18, Bot point: 22
Player win! Money: 2610.0
========================
Round #821
Player cards: [♦3, ♠J], Bot cards:[♣T, ♣Q]
Player points: [13, 13], Bot points:[20, 20]
Player get one more card ♦K
Player point: 23, Bot point: 20
Player lose! Money: 2590.0
========================
Round #822
Player cards: [♣5, ♣A], Bot cards:[♥4, ♦6]
Player points: [6, 16], Bot points:[10, 10]
Bot get one more card ♣9
Player point: 16, Bot point: 19
Player lose! Money: 2570.0
========================
Round #823
Player cards: [♠6, ♣J], Bot cards:[♠8, ♥8]
Player points: [16, 16], Bot points:[16, 16]
Player get one more card ♣3
Bot get one more card ♥8
Player point: 19, Bot point: 24
Player win! Money: 2590.0
========================
Round #824
Player cards: [♣8, ♥T], Bot cards:[♣5, ♥T]
Player points: [18, 18], Bot points:[15, 15]
Bot get one more card ♥Q
Player point: 18, Bot point: 25
Player win! Money: 2610.0
========================
Round #825
Player cards: [♦J, ♠A], Bot cards:[♦9, ♥A]
Player points: [11, 21], Bot points:[10, 20]
Bot get one more card ♠3
Bot get one more card ♥Q
Player point: 21, Bot point: 23
------ BlackJack!! ------
Player win! Money: 2636.0
========================
Round #826
Player cards: [♦2, ♣8], Bot cards:[♦5, ♦Q]
Player points: [10, 10], Bot points:[15, 15]
----- Double Bet! -----
Player get one more card ♠5
Bot get one more card ♠Q
Player point: 15, Bot point: 25
Player win! Money: 2676.0
========================
Round #827
Player cards: [♥6, ♣9], Bot cards:[♣2, ♣K]
Player points: [15, 15], Bot points:[12, 12]
Bot get one more card ♦T
Player point: 15, Bot point: 22
Player win! Money: 2696.0
========================
Round #828
Player cards: [♦A, ♥A], Bot cards:[♥2, ♦K]
Player points: [2, 12], Bot points:[12, 12]
-------- Split! Two hands: [4, 14], [5, 15]
For second hand:
Bot get one more card ♦9
Player point: 14, Bot point: 21
Player lose! Money: 2676.0
========================
Player point: 15, Bot point: 21
Player lose! Money: 2656.0
========================
Round #829
Player cards: [♠7, ♠A], Bot cards:[♦9, ♥9]
Player points: [8, 18], Bot points:[18, 18]
Player point: 18, Bot point: 18
Draw! Money:2656.0
========================
Round #830
Player cards: [♦Q, ♣Q], Bot cards:[♠2, ♦K]
Player points: [20, 20], Bot points:[12, 12]
Bot get one more card ♥5
Player point: 20, Bot point: 17
Player win! Money: 2676.0
========================
Round #831
Player cards: [♣6, ♥9], Bot cards:[♦2, ♠3]
Player points: [15, 15], Bot points:[5, 5]
Bot get one more card ♠A
Bot get one more card ♥A
Bot get one more card ♣A
Bot get one more card ♠6
Bot get one more card ♦9
Player point: 15, Bot point: 23
Player win! Money: 2696.0
========================
Round #832
Player cards: [♦Q, ♥K], Bot cards:[♠7, ♥T]
Player points: [20, 20], Bot points:[17, 17]
Player point: 20, Bot point: 17
Player win! Money: 2716.0
========================
Round #833
Player cards: [♣4, ♠K], Bot cards:[♦8, ♣9]
Player points: [14, 14], Bot points:[17, 17]
Player get one more card ♠9
Player point: 23, Bot point: 17
Player lose! Money: 2696.0
========================
Round #834
New deck
Player cards: [♣4, ♣K], Bot cards:[♣5, ♦7]
Player points: [14, 14], Bot points:[12, 12]
Bot get one more card ♦3
Bot get one more card ♣9
Player point: 14, Bot point: 24
Player win! Money: 2716.0
========================
Round #835
Player cards: [♠T, ♥J], Bot cards:[♣4, ♥8]
Player points: [20, 20], Bot points:[12, 12]
Bot get one more card ♥9
Player point: 20, Bot point: 21
Player lose! Money: 2696.0
========================
Round #836
Player cards: [♦4, ♥4], Bot cards:[♦8, ♣J]
Player points: [8, 8], Bot points:[18, 18]
Player get one more card ♦A
Player point: 19, Bot point: 18
Player win! Money: 2716.0
========================
Round #837
Player cards: [♦T, ♠T], Bot cards:[♥6, ♠A]
Player points: [20, 20], Bot points:[7, 17]
Bot get one more card ♣8
Bot get one more card ♥A
Bot get one more card ♥3
Player point: 20, Bot point: 19
Player win! Money: 2736.0
========================
Round #838
Player cards: [♣J, ♥K], Bot cards:[♣7, ♦8]
Player points: [20, 20], Bot points:[15, 15]
Bot get one more card ♦9
Player point: 20, Bot point: 24
Player win! Money: 2756.0
========================
Round #839
Player cards: [♣9, ♦J], Bot cards:[♣7, ♥9]
Player points: [19, 19], Bot points:[16, 16]
Bot get one more card ♦6
Player point: 19, Bot point: 22
Player win! Money: 2776.0
========================
Round #840
Player cards: [♠3, ♥7], Bot cards:[♥3, ♠T]
Player points: [10, 10], Bot points:[13, 13]
----- Double Bet! -----
Player get one more card ♣A
Bot get one more card ♠4
Player point: 21, Bot point: 17
Player win! Money: 2816.0
========================
Round #841
Player cards: [♥5, ♦T], Bot cards:[♣T, ♥K]
Player points: [15, 15], Bot points:[20, 20]
Player get one more card ♠4
Player point: 19, Bot point: 20
Player lose! Money: 2796.0
========================
Round #842
Player cards: [♦8, ♥T], Bot cards:[♠2, ♣6]
Player points: [18, 18], Bot points:[8, 8]
Bot get one more card ♣A
Bot get one more card ♦7
Bot get one more card ♠9
Player point: 18, Bot point: 25
Player win! Money: 2816.0
========================
Round #843
Player cards: [♣5, ♠8], Bot cards:[♥T, ♥K]
Player points: [13, 13], Bot points:[20, 20]
Player get one more card ♥2
Player get one more card ♦Q
Player point: 25, Bot point: 20
Player lose! Money: 2796.0
========================
Round #844
Player cards: [♣T, ♥Q], Bot cards:[♦5, ♣6]
Player points: [20, 20], Bot points:[11, 11]
Bot get one more card ♦2
Bot get one more card ♣3
Bot get one more card ♣T
Player point: 20, Bot point: 26
Player win! Money: 2816.0
========================
Round #845
Player cards: [♦6, ♦9], Bot cards:[♥2, ♠2]
Player points: [15, 15], Bot points:[4, 4]
Bot get one more card ♣9
Bot get one more card ♣6
Player point: 15, Bot point: 19
Player lose! Money: 2796.0
========================
Round #846
Player cards: [♠5, ♥9], Bot cards:[♥5, ♣7]
Player points: [14, 14], Bot points:[12, 12]
Bot get one more card ♦3
Bot get one more card ♠9
Player point: 14, Bot point: 24
Player win! Money: 2816.0
========================
Round #847
Player cards: [♦2, ♠A], Bot cards:[♠3, ♦4]
Player points: [3, 13], Bot points:[7, 7]
Bot get one more card ♣8
Bot get one more card ♠Q
Player point: 13, Bot point: 25
Player win! Money: 2836.0
========================
Round #848
Player cards: [♥J, ♦K], Bot cards:[♦Q, ♥K]
Player points: [20, 20], Bot points:[20, 20]
Player point: 20, Bot point: 20
Draw! Money:2836.0
========================
Round #849
Player cards: [♥9, ♣Q], Bot cards:[♠3, ♣9]
Player points: [19, 19], Bot points:[12, 12]
Bot get one more card ♣K
Player point: 19, Bot point: 22
Player win! Money: 2856.0
========================
Round #850
Player cards: [♣2, ♣2], Bot cards:[♠2, ♣6]
Player points: [4, 4], Bot points:[8, 8]
Player get one more card ♠J
Bot get one more card ♥6
Bot get one more card ♥5
Player point: 14, Bot point: 19
Player lose! Money: 2836.0
========================
Round #851
Player cards: [♥2, ♥A], Bot cards:[♣2, ♠Q]
Player points: [3, 13], Bot points:[12, 12]
Bot get one more card ♦K
Player point: 13, Bot point: 22
Player win! Money: 2856.0
========================
Round #852
Player cards: [♥6, ♠K], Bot cards:[♦3, ♠7]
Player points: [16, 16], Bot points:[10, 10]
Bot get one more card ♣J
Player point: 16, Bot point: 20
Player lose! Money: 2836.0
========================
Round #853
Player cards: [♣3, ♦5], Bot cards:[♠4, ♦6]
Player points: [8, 8], Bot points:[10, 10]
Player get one more card ♠A
Bot get one more card ♦4
Bot get one more card ♦J
Player point: 19, Bot point: 24
Player win! Money: 2856.0
========================
Round #854
Player cards: [♣2, ♠5], Bot cards:[♦7, ♥Q]
Player points: [7, 7], Bot points:[17, 17]
Player get one more card ♠9
Player get one more card ♠Q
Player point: 26, Bot point: 17
Player lose! Money: 2836.0
========================
Round #855
Player cards: [♦5, ♥5], Bot cards:[♣Q, ♠K]
Player points: [10, 10], Bot points:[20, 20]
Player get one more card ♦J
Player point: 20, Bot point: 20
Draw! Money:2836.0
========================
Round #856
Player cards: [♠9, ♥T], Bot cards:[♣Q, ♥Q]
Player points: [19, 19], Bot points:[20, 20]
Player point: 19, Bot point: 20
Player lose! Money: 2816.0
========================
Round #857
Player cards: [♦Q, ♠Q], Bot cards:[♥8, ♦J]
Player points: [20, 20], Bot points:[18, 18]
Player point: 20, Bot point: 18
Player win! Money: 2836.0
========================
Round #858
Player cards: [♦T, ♦A], Bot cards:[♣4, ♣Q]
Player points: [11, 21], Bot points:[14, 14]
Bot get one more card ♥4
Player point: 21, Bot point: 18
------ BlackJack!! ------
Player win! Money: 2862.0
========================
Round #859
Player cards: [♥4, ♦6], Bot cards:[♠5, ♠8]
Player points: [10, 10], Bot points:[13, 13]
----- Double Bet! -----
Player get one more card ♦A
Bot get one more card ♣4
Player point: 21, Bot point: 17
Player win! Money: 2902.0
========================
Round #860
Player cards: [♦2, ♦8], Bot cards:[♠3, ♥7]
Player points: [10, 10], Bot points:[10, 10]
----- Double Bet! -----
Player get one more card ♣A
Bot get one more card ♦T
Player point: 21, Bot point: 20
Player win! Money: 2942.0
========================
Round #861
Player cards: [♠7, ♥7], Bot cards:[♦2, ♣T]
Player points: [14, 14], Bot points:[12, 12]
-------- Split! Two hands: [9, 9], [10, 10]
Player get one more card ♣8
For second hand:
----- Double Bet! -----
Player get one more card ♦K
Bot get one more card ♣A
Bot get one more card ♦Q
Player point: 17, Bot point: 23
Player win! Money: 2962.0
========================
Player point: 20, Bot point: 23
Player win! Money: 3002.0
========================
Round #862
Player cards: [♦5, ♥7], Bot cards:[♣3, ♠4]
Player points: [12, 12], Bot points:[7, 7]
Player get one more card ♦K
Bot get one more card ♦2
Bot get one more card ♠7
Bot get one more card ♥8
Player point: 22, Bot point: 24
Player lose! Money: 2982.0
========================
Round #863
Player cards: [♠6, ♦9], Bot cards:[♠6, ♠8]
Player points: [15, 15], Bot points:[14, 14]
Bot get one more card ♠8
Player point: 15, Bot point: 22
Player win! Money: 3002.0
========================
Round #864
Player cards: [♣7, ♦7], Bot cards:[♣6, ♦A]
Player points: [14, 14], Bot points:[7, 17]
-------- Split! Two hands: [15, 15], [17, 17]
For second hand:
Bot get one more card ♠6
Bot get one more card ♥Q
Player point: 15, Bot point: 23
Player win! Money: 3022.0
========================
Player point: 17, Bot point: 23
Player win! Money: 3042.0
========================
Round #865
Player cards: [♥2, ♣K], Bot cards:[♣5, ♣5]
Player points: [12, 12], Bot points:[10, 10]
Bot get one more card ♠J
Player point: 12, Bot point: 20
Player lose! Money: 3022.0
========================
Round #866
Player cards: [♠7, ♥T], Bot cards:[♦3, ♠K]
Player points: [17, 17], Bot points:[13, 13]
Bot get one more card ♠K
Player point: 17, Bot point: 23
Player win! Money: 3042.0
========================
Round #867
Player cards: [♥6, ♠A], Bot cards:[♣8, ♥A]
Player points: [7, 17], Bot points:[9, 19]
Bot get one more card ♦4
Bot get one more card ♥J
Player point: 17, Bot point: 23
Player win! Money: 3062.0
========================
Round #868
Player cards: [♥2, ♥3], Bot cards:[♠T, ♥J]
Player points: [5, 5], Bot points:[20, 20]
Player get one more card ♠J
Player get one more card ♠6
Player point: 21, Bot point: 20
Player win! Money: 3082.0
========================
Round #869
Player cards: [♠5, ♣K], Bot cards:[♦9, ♠T]
Player points: [15, 15], Bot points:[19, 19]
Player get one more card ♥4
Player point: 19, Bot point: 19
Draw! Money:3082.0
========================
Round #870
New deck
Player cards: [♠2, ♠J], Bot cards:[♠5, ♠K]
Player points: [12, 12], Bot points:[15, 15]
Bot get one more card ♦J
Player point: 12, Bot point: 25
Player win! Money: 3102.0
========================
Round #871
Player cards: [♠2, ♦Q], Bot cards:[♠3, ♣J]
Player points: [12, 12], Bot points:[13, 13]
Player get one more card ♥7
Bot get one more card ♣7
Player point: 19, Bot point: 20
Player lose! Money: 3082.0
========================
Round #872
Player cards: [♥6, ♦9], Bot cards:[♦6, ♠7]
Player points: [15, 15], Bot points:[13, 13]
Bot get one more card ♦6
Player point: 15, Bot point: 19
Player lose! Money: 3062.0
========================
Round #873
Player cards: [♦4, ♣4], Bot cards:[♠8, ♠J]
Player points: [8, 8], Bot points:[18, 18]
Player get one more card ♠7
Player get one more card ♦7
Player point: 22, Bot point: 18
Player lose! Money: 3042.0
========================
Round #874
Player cards: [♥T, ♠A], Bot cards:[♣K, ♣A]
Player points: [11, 21], Bot points:[11, 21]
Bot get one more card ♥K
Player point: 21, Bot point: 21
Player lose! Money: 3022.0
========================
Round #875
Player cards: [♣8, ♣A], Bot cards:[♦5, ♣6]
Player points: [9, 19], Bot points:[11, 11]
Bot get one more card ♦3
Bot get one more card ♥A
Bot get one more card ♣J
Player point: 19, Bot point: 25
Player win! Money: 3042.0
========================
Round #876
Player cards: [♣5, ♠J], Bot cards:[♥6, ♠7]
Player points: [15, 15], Bot points:[13, 13]
Bot get one more card ♥A
Bot get one more card ♠5
Player point: 15, Bot point: 19
Player lose! Money: 3022.0
========================
Round #877
Player cards: [♠6, ♦9], Bot cards:[♠2, ♣4]
Player points: [15, 15], Bot points:[6, 6]
Bot get one more card ♣T
Bot get one more card ♠J
Player point: 15, Bot point: 26
Player win! Money: 3042.0
========================
Round #878
Player cards: [♦3, ♦T], Bot cards:[♦4, ♠A]
Player points: [13, 13], Bot points:[5, 15]
Bot get one more card ♣T
Bot get one more card ♥3
Player point: 13, Bot point: 18
Player lose! Money: 3022.0
========================
Round #879
Player cards: [♠6, ♥9], Bot cards:[♣5, ♦T]
Player points: [15, 15], Bot points:[15, 15]
Bot get one more card ♣8
Player point: 15, Bot point: 23
Player win! Money: 3042.0
========================
Round #880
Player cards: [♣J, ♦A], Bot cards:[♣3, ♥5]
Player points: [11, 21], Bot points:[8, 8]
Bot get one more card ♠6
Bot get one more card ♠4
Player point: 21, Bot point: 18
------ BlackJack!! ------
Player win! Money: 3068.0
========================
Round #881
Player cards: [♠2, ♦3], Bot cards:[♦9, ♦A]
Player points: [5, 5], Bot points:[10, 20]
Player get one more card ♠8
Player get one more card ♦J
Bot get one more card ♦5
Bot get one more card ♣2
Player point: 23, Bot point: 17
Player lose! Money: 3048.0
========================
Round #882
Player cards: [♣5, ♠J], Bot cards:[♥2, ♠5]
Player points: [15, 15], Bot points:[7, 7]
Bot get one more card ♥K
Player point: 15, Bot point: 17
Player lose! Money: 3028.0
========================
Round #883
Player cards: [♠3, ♦8], Bot cards:[♠6, ♥9]
Player points: [11, 11], Bot points:[15, 15]
----- Double Bet! -----
Player get one more card ♦6
Bot get one more card ♥7
Player point: 17, Bot point: 22
Player win! Money: 3068.0
========================
Round #884
Player cards: [♠3, ♣6], Bot cards:[♥8, ♠T]
Player points: [9, 9], Bot points:[18, 18]
Player get one more card ♦9
Player point: 18, Bot point: 18
Draw! Money:3068.0
========================
Round #885
Player cards: [♦8, ♣9], Bot cards:[♣6, ♦A]
Player points: [17, 17], Bot points:[7, 17]
Bot get one more card ♠9
Bot get one more card ♥J
Player point: 17, Bot point: 26
Player win! Money: 3088.0
========================
Round #886
Player cards: [♣T, ♣Q], Bot cards:[♥3, ♣T]
Player points: [20, 20], Bot points:[13, 13]
Bot get one more card ♦7
Player point: 20, Bot point: 20
Draw! Money:3088.0
========================
Round #887
Player cards: [♥6, ♦7], Bot cards:[♣4, ♠K]
Player points: [13, 13], Bot points:[14, 14]
Bot get one more card ♥9
Player point: 13, Bot point: 23
Player win! Money: 3108.0
========================
Round #888
Player cards: [♣4, ♦Q], Bot cards:[♣6, ♣Q]
Player points: [14, 14], Bot points:[16, 16]
Bot get one more card ♠9
Player point: 14, Bot point: 25
Player win! Money: 3128.0
========================
Round #889
Player cards: [♠5, ♦J], Bot cards:[♣3, ♥5]
Player points: [15, 15], Bot points:[8, 8]
Bot get one more card ♦T
Player point: 15, Bot point: 18
Player lose! Money: 3108.0
========================
Round #890
Player cards: [♣J, ♦A], Bot cards:[♦7, ♥7]
Player points: [11, 21], Bot points:[14, 14]
Bot get one more card ♠K
Player point: 21, Bot point: 24
------ BlackJack!! ------
Player win! Money: 3134.0
========================
Round #891
Player cards: [♣2, ♦5], Bot cards:[♦8, ♠T]
Player points: [7, 7], Bot points:[18, 18]
Player get one more card ♠Q
Player point: 17, Bot point: 18
Player lose! Money: 3114.0
========================
Round #892
Player cards: [♣7, ♦8], Bot cards:[♠4, ♥7]
Player points: [15, 15], Bot points:[11, 11]
Bot get one more card ♥T
Player point: 15, Bot point: 21
Player lose! Money: 3094.0
========================
Round #893
Player cards: [♠8, ♣9], Bot cards:[♦2, ♣3]
Player points: [17, 17], Bot points:[5, 5]
Bot get one more card ♠A
Bot get one more card ♦4
Bot get one more card ♠T
Player point: 17, Bot point: 20
Player lose! Money: 3074.0
========================
Round #894
Player cards: [♥J, ♣J], Bot cards:[♥3, ♦K]
Player points: [20, 20], Bot points:[13, 13]
Bot get one more card ♣5
Player point: 20, Bot point: 18
Player win! Money: 3094.0
========================
Round #895
Player cards: [♥2, ♠4], Bot cards:[♣Q, ♦K]
Player points: [6, 6], Bot points:[20, 20]
Player get one more card ♦3
Player get one more card ♠3
Player get one more card ♠4
Player get one more card ♥J
Player point: 26, Bot point: 20
Player lose! Money: 3074.0
========================
Round #896
Player cards: [♥T, ♥K], Bot cards:[♥2, ♣8]
Player points: [20, 20], Bot points:[10, 10]
Bot get one more card ♣A
Bot get one more card ♣4
Bot get one more card ♣2
Player point: 20, Bot point: 17
Player win! Money: 3094.0
========================
Round #897
Player cards: [♣2, ♣9], Bot cards:[♠7, ♥8]
Player points: [11, 11], Bot points:[15, 15]
----- Double Bet! -----
Player get one more card ♣7
Bot get one more card ♥Q
Player point: 18, Bot point: 25
Player win! Money: 3134.0
========================
Round #898
Player cards: [♣8, ♣Q], Bot cards:[♥8, ♥A]
Player points: [18, 18], Bot points:[9, 19]
Bot get one more card ♦Q
Player point: 18, Bot point: 19
Player lose! Money: 3114.0
========================
Round #899
Player cards: [♥4, ♥A], Bot cards:[♥2, ♠Q]
Player points: [5, 15], Bot points:[12, 12]
Bot get one more card ♥T
Player point: 15, Bot point: 22
Player win! Money: 3134.0
========================
Round #900
Player cards: [♥5, ♥J], Bot cards:[♠T, ♦Q]
Player points: [15, 15], Bot points:[20, 20]
Player get one more card ♥3
Player point: 18, Bot point: 20
Player lose! Money: 3114.0
========================
Round #901
Player cards: [♥4, ♦J], Bot cards:[♣K, ♦K]
Player points: [14, 14], Bot points:[20, 20]
Player get one more card ♥A
Player get one more card ♦2
Player point: 17, Bot point: 20
Player lose! Money: 3094.0
========================
Round #902
Player cards: [♥4, ♣K], Bot cards:[♥3, ♣A]
Player points: [14, 14], Bot points:[4, 14]
Bot get one more card ♥5
Bot get one more card ♦2
Bot get one more card ♥8
Player point: 14, Bot point: 19
Player lose! Money: 3074.0
========================
Round #903
Player cards: [♥Q, ♥Q], Bot cards:[♥9, ♥T]
Player points: [20, 20], Bot points:[19, 19]
Player point: 20, Bot point: 19
Player win! Money: 3094.0
========================
Round #904
Player cards: [♥6, ♠K], Bot cards:[♠8, ♣K]
Player points: [16, 16], Bot points:[18, 18]
Player get one more card ♦T
Player point: 26, Bot point: 18
Player lose! Money: 3074.0
========================
Round #905
Player cards: [♦4, ♦K], Bot cards:[♠2, ♠9]
Player points: [14, 14], Bot points:[11, 11]
Bot get one more card ♦2
Bot get one more card ♣3
Bot get one more card ♥Q
Player point: 14, Bot point: 26
Player win! Money: 3094.0
========================
Round #906
Player cards: [♠9, ♠Q], Bot cards:[♦6, ♠A]
Player points: [19, 19], Bot points:[7, 17]
Bot get one more card ♣9
Bot get one more card ♦5
Player point: 19, Bot point: 21
Player lose! Money: 3074.0
========================
Round #907
New deck
Player cards: [♣5, ♥T], Bot cards:[♥9, ♦K]
Player points: [15, 15], Bot points:[19, 19]
Player get one more card ♠3
Player point: 18, Bot point: 19
Player lose! Money: 3054.0
========================
Round #908
Player cards: [♠Q, ♥A], Bot cards:[♠7, ♠J]
Player points: [11, 21], Bot points:[17, 17]
Player point: 21, Bot point: 17
------ BlackJack!! ------
Player win! Money: 3080.0
========================
Round #909
Player cards: [♥8, ♠J], Bot cards:[♠K, ♣K]
Player points: [18, 18], Bot points:[20, 20]
Player point: 18, Bot point: 20
Player lose! Money: 3060.0
========================
Round #910
Player cards: [♦5, ♣7], Bot cards:[♠3, ♣T]
Player points: [12, 12], Bot points:[13, 13]
Player get one more card ♣T
Bot get one more card ♦T
Player point: 22, Bot point: 23
Player lose! Money: 3040.0
========================
Round #911
Player cards: [♣7, ♦8], Bot cards:[♦Q, ♦K]
Player points: [15, 15], Bot points:[20, 20]
Player get one more card ♠T
Player point: 25, Bot point: 20
Player lose! Money: 3020.0
========================
Round #912
Player cards: [♠2, ♠6], Bot cards:[♣2, ♠A]
Player points: [8, 8], Bot points:[3, 13]
Player get one more card ♦K
Bot get one more card ♦6
Bot get one more card ♥2
Bot get one more card ♥T
Player point: 18, Bot point: 21
Player lose! Money: 3000.0
========================
Round #913
Player cards: [♥7, ♦A], Bot cards:[♣3, ♠Q]
Player points: [8, 18], Bot points:[13, 13]
Bot get one more card ♦J
Player point: 18, Bot point: 23
Player win! Money: 3020.0
========================
Round #914
Player cards: [♦4, ♥K], Bot cards:[♠7, ♥7]
Player points: [14, 14], Bot points:[14, 14]
Player get one more card ♥5
Bot get one more card ♦6
Player point: 19, Bot point: 20
Player lose! Money: 3000.0
========================
Round #915
Player cards: [♣8, ♦9], Bot cards:[♦7, ♣K]
Player points: [17, 17], Bot points:[17, 17]
Player point: 17, Bot point: 17
Draw! Money:3000.0
========================
Round #916
Player cards: [♥3, ♦7], Bot cards:[♦9, ♠Q]
Player points: [10, 10], Bot points:[19, 19]
----- Double Bet! -----
Player get one more card ♥T
Player point: 20, Bot point: 19
Player win! Money: 3040.0
========================
Round #917
Player cards: [♦T, ♣J], Bot cards:[♥3, ♣Q]
Player points: [20, 20], Bot points:[13, 13]
Bot get one more card ♠K
Player point: 20, Bot point: 23
Player win! Money: 3060.0
========================
Round #918
Player cards: [♠6, ♠A], Bot cards:[♠4, ♥4]
Player points: [7, 17], Bot points:[8, 8]
Bot get one more card ♠6
Bot get one more card ♣A
Bot get one more card ♠8
Player point: 17, Bot point: 23
Player win! Money: 3080.0
========================
Round #919
Player cards: [♦2, ♦Q], Bot cards:[♠5, ♦7]
Player points: [12, 12], Bot points:[12, 12]
Bot get one more card ♠A
Bot get one more card ♦8
Player point: 12, Bot point: 21
Player lose! Money: 3060.0
========================
Round #920
Player cards: [♠4, ♥6], Bot cards:[♥2, ♣Q]
Player points: [10, 10], Bot points:[12, 12]
----- Double Bet! -----
Player get one more card ♦A
Bot get one more card ♣2
Bot get one more card ♠9
Player point: 21, Bot point: 23
Player win! Money: 3100.0
========================
Round #921
Player cards: [♠3, ♦Q], Bot cards:[♠2, ♣4]
Player points: [13, 13], Bot points:[6, 6]
Bot get one more card ♥Q
Bot get one more card ♥4
Player point: 13, Bot point: 20
Player lose! Money: 3080.0
========================
Round #922
Player cards: [♣K, ♣A], Bot cards:[♠5, ♣9]
Player points: [11, 21], Bot points:[14, 14]
Bot get one more card ♥J
Player point: 21, Bot point: 24
------ BlackJack!! ------
Player win! Money: 3106.0
========================
Round #923
Player cards: [♣J, ♦A], Bot cards:[♥9, ♦A]
Player points: [11, 21], Bot points:[10, 20]
Bot get one more card ♣T
Player point: 21, Bot point: 20
------ BlackJack!! ------
Player win! Money: 3132.0
========================
Round #924
Player cards: [♣5, ♠Q], Bot cards:[♣3, ♥4]
Player points: [15, 15], Bot points:[7, 7]
Bot get one more card ♥6
Bot get one more card ♦4
Player point: 15, Bot point: 17
Player lose! Money: 3112.0
========================
Round #925
Player cards: [♦3, ♠9], Bot cards:[♠4, ♣Q]
Player points: [12, 12], Bot points:[14, 14]
Bot get one more card ♠7
Player point: 12, Bot point: 21
Player lose! Money: 3092.0
========================
Round #926
Player cards: [♠7, ♣T], Bot cards:[♣4, ♦5]
Player points: [17, 17], Bot points:[9, 9]
Bot get one more card ♥7
Bot get one more card ♣5
Player point: 17, Bot point: 21
Player lose! Money: 3072.0
========================
Round #927
Player cards: [♣6, ♦T], Bot cards:[♣J, ♣A]
Player points: [16, 16], Bot points:[11, 21]
Player get one more card ♣9
Bot get one more card ♣2
Bot get one more card ♣9
Player point: 25, Bot point: 22
Player lose! Money: 3052.0
========================
Round #928
Player cards: [♥K, ♥K], Bot cards:[♥4, ♣6]
Player points: [20, 20], Bot points:[10, 10]
Bot get one more card ♥3
Bot get one more card ♣7
Player point: 20, Bot point: 20
Draw! Money:3052.0
========================
Round #929
Player cards: [♠8, ♠J], Bot cards:[♣4, ♠Q]
Player points: [18, 18], Bot points:[14, 14]
Bot get one more card ♠T
Player point: 18, Bot point: 24
Player win! Money: 3072.0
========================
Round #930
Player cards: [♠5, ♠J], Bot cards:[♥7, ♦9]
Player points: [15, 15], Bot points:[16, 16]
Player get one more card ♠3
Bot get one more card ♣Q
Player point: 18, Bot point: 26
Player win! Money: 3092.0
========================
Round #931
Player cards: [♦2, ♣7], Bot cards:[♣6, ♣8]
Player points: [9, 9], Bot points:[14, 14]
----- Double Bet! -----
Player get one more card ♠2
Bot get one more card ♥2
Bot get one more card ♠K
Player point: 11, Bot point: 26
Player win! Money: 3132.0
========================
Round #932
Player cards: [♦8, ♠T], Bot cards:[♥5, ♣9]
Player points: [18, 18], Bot points:[14, 14]
Bot get one more card ♥Q
Player point: 18, Bot point: 24
Player win! Money: 3152.0
========================
Round #933
Player cards: [♠4, ♥T], Bot cards:[♦4, ♥Q]
Player points: [14, 14], Bot points:[14, 14]
Bot get one more card ♠8
Player point: 14, Bot point: 22
Player win! Money: 3172.0
========================
Round #934
Player cards: [♦8, ♣J], Bot cards:[♥8, ♠9]
Player points: [18, 18], Bot points:[17, 17]
Player point: 18, Bot point: 17
Player win! Money: 3192.0
========================
Round #935
Player cards: [♦2, ♥3], Bot cards:[♥6, ♥J]
Player points: [5, 5], Bot points:[16, 16]
Player get one more card ♥5
Player get one more card ♦5
Bot get one more card ♦6
Player point: 15, Bot point: 22
Player win! Money: 3212.0
========================
Round #936
Player cards: [♠6, ♥J], Bot cards:[♥4, ♥A]
Player points: [16, 16], Bot points:[5, 15]
Bot get one more card ♦2
Bot get one more card ♦6
Bot get one more card ♦J
Player point: 16, Bot point: 23
Player win! Money: 3232.0
========================
Round #937
Player cards: [♣6, ♦J], Bot cards:[♥8, ♥9]
Player points: [16, 16], Bot points:[17, 17]
Player get one more card ♣K
Player point: 26, Bot point: 17
Player lose! Money: 3212.0
========================
Round #938
Player cards: [♥8, ♠A], Bot cards:[♦J, ♥K]
Player points: [9, 19], Bot points:[20, 20]
Player point: 19, Bot point: 20
Player lose! Money: 3192.0
========================
Round #939
Player cards: [♣8, ♥K], Bot cards:[♠8, ♥J]
Player points: [18, 18], Bot points:[18, 18]
Player point: 18, Bot point: 18
Draw! Money:3192.0
========================
Round #940
Player cards: [♦3, ♠5], Bot cards:[♦4, ♠9]
Player points: [8, 8], Bot points:[13, 13]
Player get one more card ♦T
Bot get one more card ♣7
Player point: 18, Bot point: 20
Player lose! Money: 3172.0
========================
Round #941
Player cards: [♦3, ♣5], Bot cards:[♣4, ♠T]
Player points: [8, 8], Bot points:[14, 14]
Player get one more card ♠K
Bot get one more card ♦K
Player point: 18, Bot point: 24
Player win! Money: 3192.0
========================
Round #942
Player cards: [♥6, ♥Q], Bot cards:[♠2, ♦7]
Player points: [16, 16], Bot points:[9, 9]
Bot get one more card ♥9
Player point: 16, Bot point: 18
Player lose! Money: 3172.0
========================
Round #943
Player cards: [♣2, ♣8], Bot cards:[♣3, ♦9]
Player points: [10, 10], Bot points:[12, 12]
----- Double Bet! -----
Player get one more card ♦3
Bot get one more card ♦5
Player point: 13, Bot point: 17
Player lose! Money: 3132.0
========================
Round #944
New deck
Player cards: [♣9, ♠9], Bot cards:[♥4, ♠K]
Player points: [18, 18], Bot points:[14, 14]
-------- Split! Two hands: [19, 19], [17, 17]
For second hand:
Bot get one more card ♦7
Player point: 19, Bot point: 21
Player lose! Money: 3112.0
========================
Player point: 17, Bot point: 21
Player lose! Money: 3092.0
========================
Round #945
Player cards: [♣5, ♦J], Bot cards:[♥3, ♦7]
Player points: [15, 15], Bot points:[10, 10]
Bot get one more card ♠9
Player point: 15, Bot point: 19
Player lose! Money: 3072.0
========================
Round #946
Player cards: [♠9, ♦Q], Bot cards:[♣6, ♥J]
Player points: [19, 19], Bot points:[16, 16]
Bot get one more card ♦9
Player point: 19, Bot point: 25
Player win! Money: 3092.0
========================
Round #947
Player cards: [♦2, ♦A], Bot cards:[♥5, ♦T]
Player points: [3, 13], Bot points:[15, 15]
Bot get one more card ♥9
Player point: 13, Bot point: 24
Player win! Money: 3112.0
========================
Round #948
Player cards: [♠T, ♦K], Bot cards:[♦7, ♣T]
Player points: [20, 20], Bot points:[17, 17]
Player point: 20, Bot point: 17
Player win! Money: 3132.0
========================
Round #949
Player cards: [♠2, ♠J], Bot cards:[♦4, ♦Q]
Player points: [12, 12], Bot points:[14, 14]
Bot get one more card ♣3
Player point: 12, Bot point: 17
Player lose! Money: 3112.0
========================
Round #950
Player cards: [♣2, ♦2], Bot cards:[♦8, ♣J]
Player points: [4, 4], Bot points:[18, 18]
Player get one more card ♥Q
Player get one more card ♣Q
Player point: 24, Bot point: 18
Player lose! Money: 3092.0
========================
Round #951
Player cards: [♠3, ♥5], Bot cards:[♥J, ♠K]
Player points: [8, 8], Bot points:[20, 20]
Player get one more card ♣4
Player get one more card ♣3
Player get one more card ♠8
Player point: 23, Bot point: 20
Player lose! Money: 3072.0
========================
Round #952
Player cards: [♣2, ♠7], Bot cards:[♥2, ♣7]
Player points: [9, 9], Bot points:[9, 9]
Player get one more card ♠T
Bot get one more card ♠8
Player point: 19, Bot point: 17
Player win! Money: 3092.0
========================
Round #953
Player cards: [♠4, ♦A], Bot cards:[♦9, ♥A]
Player points: [5, 15], Bot points:[10, 20]
Player get one more card ♣5
Bot get one more card ♣T
Player point: 20, Bot point: 20
Draw! Money:3092.0
========================
Round #954
Player cards: [♦6, ♠J], Bot cards:[♦3, ♥4]
Player points: [16, 16], Bot points:[7, 7]
Bot get one more card ♣A
Bot get one more card ♦T
Player point: 16, Bot point: 18
Player lose! Money: 3072.0
========================
Round #955
Player cards: [♥6, ♥A], Bot cards:[♥6, ♠Q]
Player points: [7, 17], Bot points:[16, 16]
Bot get one more card ♠5
Player point: 17, Bot point: 21
Player lose! Money: 3052.0
========================
Round #956
Player cards: [♣9, ♥A], Bot cards:[♣7, ♥9]
Player points: [10, 20], Bot points:[16, 16]
Bot get one more card ♦K
Player point: 20, Bot point: 26
Player win! Money: 3072.0
========================
Round #957
Player cards: [♦9, ♣Q], Bot cards:[♥5, ♦7]
Player points: [19, 19], Bot points:[12, 12]
Bot get one more card ♠9
Player point: 19, Bot point: 21
Player lose! Money: 3052.0
========================
Round #958
Player cards: [♠6, ♦A], Bot cards:[♣4, ♠A]
Player points: [7, 17], Bot points:[5, 15]
Bot get one more card ♥T
Bot get one more card ♦K
Player point: 17, Bot point: 25
Player win! Money: 3072.0
========================
Round #959
Player cards: [♣6, ♥7], Bot cards:[♠T, ♦K]
Player points: [13, 13], Bot points:[20, 20]
Player get one more card ♠Q
Player point: 23, Bot point: 20
Player lose! Money: 3052.0
========================
Round #960
Player cards: [♣2, ♣5], Bot cards:[♦5, ♦Q]
Player points: [7, 7], Bot points:[15, 15]
Player get one more card ♣8
Bot get one more card ♣2
Player point: 15, Bot point: 17
Player lose! Money: 3032.0
========================
Round #961
Player cards: [♠3, ♥9], Bot cards:[♠3, ♠7]
Player points: [12, 12], Bot points:[10, 10]
Player get one more card ♦J
Bot get one more card ♣7
Player point: 22, Bot point: 17
Player lose! Money: 3012.0
========================
Round #962
Player cards: [♥5, ♣8], Bot cards:[♥T, ♦T]
Player points: [13, 13], Bot points:[20, 20]
Player get one more card ♣4
Player point: 17, Bot point: 20
Player lose! Money: 2992.0
========================
Round #963
Player cards: [♣Q, ♥K], Bot cards:[♦4, ♥5]
Player points: [20, 20], Bot points:[9, 9]
Bot get one more card ♥J
Player point: 20, Bot point: 19
Player win! Money: 3012.0
========================
Round #964
Player cards: [♥2, ♥A], Bot cards:[♦3, ♦3]
Player points: [3, 13], Bot points:[6, 6]
Bot get one more card ♣A
Bot get one more card ♥Q
Player point: 13, Bot point: 17
Player lose! Money: 2992.0
========================
Round #965
Player cards: [♦4, ♥Q], Bot cards:[♥2, ♦4]
Player points: [14, 14], Bot points:[6, 6]
Bot get one more card ♠6
Bot get one more card ♠Q
Player point: 14, Bot point: 22
Player win! Money: 3012.0
========================
Round #966
Player cards: [♣4, ♣K], Bot cards:[♦J, ♠A]
Player points: [14, 14], Bot points:[11, 21]
Player get one more card ♥K
Bot get one more card ♥T
Player point: 24, Bot point: 21
Player lose! Money: 2992.0
========================
Round #967
Player cards: [♠4, ♠J], Bot cards:[♣6, ♣T]
Player points: [14, 14], Bot points:[16, 16]
Bot get one more card ♠6
Player point: 14, Bot point: 22
Player win! Money: 3012.0
========================
Round #968
Player cards: [♠2, ♥9], Bot cards:[♦Q, ♥A]
Player points: [11, 11], Bot points:[11, 21]
----- Double Bet! -----
Player get one more card ♠5
Bot get one more card ♠7
Player point: 16, Bot point: 18
Player lose! Money: 2972.0
========================
Round #969
Player cards: [♦6, ♠8], Bot cards:[♠5, ♦5]
Player points: [14, 14], Bot points:[10, 10]
Bot get one more card ♥8
Player point: 14, Bot point: 18
Player lose! Money: 2952.0
========================
Round #970
Player cards: [♦8, ♣K], Bot cards:[♣K, ♦A]
Player points: [18, 18], Bot points:[11, 21]
Bot get one more card ♠4
Bot get one more card ♥3
Player point: 18, Bot point: 18
Draw! Money:2952.0
========================
Round #971
Player cards: [♥2, ♣9], Bot cards:[♥6, ♣Q]
Player points: [11, 11], Bot points:[16, 16]
----- Double Bet! -----
Player get one more card ♣A
Bot get one more card ♣A
Player point: 12, Bot point: 17
Player lose! Money: 2912.0
========================
Round #972
Player cards: [♦Q, ♠K], Bot cards:[♣3, ♣J]
Player points: [20, 20], Bot points:[13, 13]
Bot get one more card ♣T
Player point: 20, Bot point: 23
Player win! Money: 2932.0
========================
Round #973
Player cards: [♣8, ♣8], Bot cards:[♦5, ♠J]
Player points: [16, 16], Bot points:[15, 15]
-------- Split! Two hands: [17, 17], [12, 12]
For second hand:
Bot get one more card ♠3
Player point: 17, Bot point: 18
Player lose! Money: 2912.0
========================
Player point: 12, Bot point: 18
Player lose! Money: 2892.0
========================
Round #974
Player cards: [♥8, ♠Q], Bot cards:[♠2, ♦8]
Player points: [18, 18], Bot points:[10, 10]
Bot get one more card ♥J
Player point: 18, Bot point: 20
Player lose! Money: 2872.0
========================
Round #975
Player cards: [♠5, ♥Q], Bot cards:[♠4, ♥K]
Player points: [15, 15], Bot points:[14, 14]
Bot get one more card ♠A
Bot get one more card ♣J
Player point: 15, Bot point: 25
Player win! Money: 2892.0
========================
Round #976
Player cards: [♠7, ♦8], Bot cards:[♦5, ♣A]
Player points: [15, 15], Bot points:[6, 16]
Bot get one more card ♥4
Bot get one more card ♣7
Player point: 15, Bot point: 17
Player lose! Money: 2872.0
========================
Round #977
Player cards: [♥T, ♠T], Bot cards:[♣3, ♣5]
Player points: [20, 20], Bot points:[8, 8]
Bot get one more card ♣9
Player point: 20, Bot point: 17
Player win! Money: 2892.0
========================
Round #978
Player cards: [♥K, ♠A], Bot cards:[♥7, ♦J]
Player points: [11, 21], Bot points:[17, 17]
Player point: 21, Bot point: 17
------ BlackJack!! ------
Player win! Money: 2918.0
========================
Round #979
Player cards: [♥7, ♥8], Bot cards:[♣3, ♥7]
Player points: [15, 15], Bot points:[10, 10]
Bot get one more card ♣J
Player point: 15, Bot point: 20
Player lose! Money: 2898.0
========================
Round #980
Player cards: [♥3, ♥3], Bot cards:[♦2, ♦6]
Player points: [6, 6], Bot points:[8, 8]
Player get one more card ♠K
Bot get one more card ♦2
Bot get one more card ♠8
Player point: 16, Bot point: 18
Player lose! Money: 2878.0
========================
Round #981
New deck
Player cards: [♠J, ♦J], Bot cards:[♠3, ♥4]
Player points: [20, 20], Bot points:[7, 7]
Bot get one more card ♦2
Bot get one more card ♣T
Player point: 20, Bot point: 19
Player win! Money: 2898.0
========================
Round #982
Player cards: [♣7, ♣Q], Bot cards:[♠K, ♠A]
Player points: [17, 17], Bot points:[11, 21]
Bot get one more card ♣2
Bot get one more card ♥6
Player point: 17, Bot point: 19
Player lose! Money: 2878.0
========================
Round #983
Player cards: [♥8, ♠K], Bot cards:[♦5, ♦9]
Player points: [18, 18], Bot points:[14, 14]
Bot get one more card ♣2
Bot get one more card ♥5
Player point: 18, Bot point: 21
Player lose! Money: 2858.0
========================
Round #984
Player cards: [♥2, ♣K], Bot cards:[♥4, ♦6]
Player points: [12, 12], Bot points:[10, 10]
Bot get one more card ♣3
Bot get one more card ♣8
Player point: 12, Bot point: 21
Player lose! Money: 2838.0
========================
Round #985
Player cards: [♠3, ♦5], Bot cards:[♥8, ♥T]
Player points: [8, 8], Bot points:[18, 18]
Player get one more card ♠6
Player get one more card ♣7
Player point: 21, Bot point: 18
Player win! Money: 2858.0
========================
Round #986
Player cards: [♥3, ♠7], Bot cards:[♥3, ♠9]
Player points: [10, 10], Bot points:[12, 12]
----- Double Bet! -----
Player get one more card ♠8
Bot get one more card ♣4
Bot get one more card ♠7
Player point: 18, Bot point: 23
Player win! Money: 2898.0
========================
Round #987
Player cards: [♦3, ♠T], Bot cards:[♥3, ♠5]
Player points: [13, 13], Bot points:[8, 8]
Bot get one more card ♦K
Player point: 13, Bot point: 18
Player lose! Money: 2878.0
========================
Round #988
Player cards: [♠6, ♥Q], Bot cards:[♦4, ♦A]
Player points: [16, 16], Bot points:[5, 15]
Bot get one more card ♦Q
Bot get one more card ♦4
Player point: 16, Bot point: 19
Player lose! Money: 2858.0
========================
Round #989
Player cards: [♦5, ♦A], Bot cards:[♥4, ♥K]
Player points: [6, 16], Bot points:[14, 14]
Bot get one more card ♣T
Player point: 16, Bot point: 24
Player win! Money: 2878.0
========================
Round #990
Player cards: [♠2, ♥4], Bot cards:[♥5, ♦7]
Player points: [6, 6], Bot points:[12, 12]
Player get one more card ♠7
Bot get one more card ♦4
Bot get one more card ♣A
Player point: 13, Bot point: 17
Player lose! Money: 2858.0
========================
Round #991
Player cards: [♥8, ♠A], Bot cards:[♣2, ♦6]
Player points: [9, 19], Bot points:[8, 8]
Bot get one more card ♦8
Bot get one more card ♣K
Player point: 19, Bot point: 26
Player win! Money: 2878.0
========================
Round #992
Player cards: [♦3, ♠Q], Bot cards:[♥2, ♥9]
Player points: [13, 13], Bot points:[11, 11]
Bot get one more card ♦7
Player point: 13, Bot point: 18
Player lose! Money: 2858.0
========================
Round #993
Player cards: [♣8, ♦A], Bot cards:[♦6, ♠8]
Player points: [9, 19], Bot points:[14, 14]
Bot get one more card ♥J
Player point: 19, Bot point: 24
Player win! Money: 2878.0
========================
Round #994
Player cards: [♣6, ♦8], Bot cards:[♣5, ♦Q]
Player points: [14, 14], Bot points:[15, 15]
Bot get one more card ♥Q
Player point: 14, Bot point: 25
Player win! Money: 2898.0
========================
Round #995
Player cards: [♥8, ♣J], Bot cards:[♥2, ♣9]
Player points: [18, 18], Bot points:[11, 11]
Bot get one more card ♣J
Player point: 18, Bot point: 21
Player lose! Money: 2878.0
========================
Round #996
Player cards: [♦7, ♦Q], Bot cards:[♠3, ♦J]
Player points: [17, 17], Bot points:[13, 13]
Bot get one more card ♠Q
Player point: 17, Bot point: 23
Player win! Money: 2898.0
========================
Round #997
Player cards: [♥J, ♥K], Bot cards:[♥9, ♠Q]
Player points: [20, 20], Bot points:[19, 19]
Player point: 20, Bot point: 19
Player win! Money: 2918.0
========================
Round #998
Player cards: [♣3, ♣3], Bot cards:[♠5, ♣5]
Player points: [6, 6], Bot points:[10, 10]
-------- Split! Two hands: [10, 10], [12, 12]
----- Double Bet! -----
Player get one more card ♦A
For second hand:
Bot get one more card ♦Q
Player point: 21, Bot point: 20
Player win! Money: 2958.0
========================
Player point: 12, Bot point: 20
Player lose! Money: 2938.0
========================
Round #999
Total round: 1000. Blackjack count: 43
====== Game Begin! ======
Total money: 500
Player cards: [♣2, ♦3], Bot cards:[♦3, ♣A]
Player points: [5, 5], Bot points:[4, 14]
Player get one more card ♠9
Bot get one more card ♠T
Bot get one more card ♣9
Player point: 14, Bot point: 23
Player win! Money: 520
========================
Round #0
Player cards: [♠2, ♣Q], Bot cards:[♠7, ♣Q]
Player points: [12, 12], Bot points:[17, 17]
Player get one more card ♠K
Player point: 22, Bot point: 17
Player lose! Money: 500
========================
Round #1
Player cards: [♠T, ♣K], Bot cards:[♦2, ♠6]
Player points: [20, 20], Bot points:[8, 8]
Bot get one more card ♥J
Player point: 20, Bot point: 18
Player win! Money: 520
========================
Round #2
Player cards: [♣5, ♥5], Bot cards:[♦6, ♠Q]
Player points: [10, 10], Bot points:[16, 16]
----- Double Bet! -----
Player get one more card ♦T
Bot get one more card ♥6
Player point: 20, Bot point: 22
Player win! Money: 560
========================
Round #3
Player cards: [♥3, ♠A], Bot cards:[♣K, ♠K]
Player points: [4, 14], Bot points:[20, 20]
Player get one more card ♣6
Player point: 20, Bot point: 20
Draw! Money:560
========================
Round #4
Player cards: [♥5, ♣J], Bot cards:[♥T, ♥Q]
Player points: [15, 15], Bot points:[20, 20]
Player get one more card ♦T
Player point: 25, Bot point: 20
Player lose! Money: 540
========================
Round #5
Player cards: [♥7, ♣T], Bot cards:[♦4, ♥Q]
Player points: [17, 17], Bot points:[14, 14]
Bot get one more card ♠8
Player point: 17, Bot point: 22
Player win! Money: 560
========================
Round #6
Player cards: [♣K, ♦A], Bot cards:[♣3, ♦K]
Player points: [11, 21], Bot points:[13, 13]
Bot get one more card ♣T
Player point: 21, Bot point: 23
------ BlackJack!! ------
Player win! Money: 586.0
========================
Round #7
Player cards: [♣4, ♣5], Bot cards:[♣7, ♣8]
Player points: [9, 9], Bot points:[15, 15]
Player get one more card ♦7
Player get one more card ♣T
Bot get one more card ♣4
Player point: 26, Bot point: 19
Player lose! Money: 566.0
========================
Round #8
Player cards: [♦3, ♣5], Bot cards:[♠5, ♥K]
Player points: [8, 8], Bot points:[15, 15]
Player get one more card ♦8
Bot get one more card ♦A
Bot get one more card ♣6
Player point: 16, Bot point: 22
Player win! Money: 586.0
========================
Round #9
Player cards: [♠3, ♠5], Bot cards:[♠8, ♦Q]
Player points: [8, 8], Bot points:[18, 18]
Player get one more card ♦Q
Player point: 18, Bot point: 18
Draw! Money:586.0
========================
Round #10
Player cards: [♠3, ♦9], Bot cards:[♥T, ♦K]
Player points: [12, 12], Bot points:[20, 20]
Player get one more card ♠A
Player get one more card ♥8
Player point: 21, Bot point: 20
Player win! Money: 606.0
========================
Round #11
Player cards: [♥3, ♣8], Bot cards:[♥J, ♥K]
Player points: [11, 11], Bot points:[20, 20]
----- Double Bet! -----
Player get one more card ♠2
Player point: 13, Bot point: 20
Player lose! Money: 566.0
========================
Round #12
Player cards: [♣2, ♠9], Bot cards:[♦2, ♠A]
Player points: [11, 11], Bot points:[3, 13]
----- Double Bet! -----
Player get one more card ♣5
Bot get one more card ♦8
Bot get one more card ♣J
Player point: 16, Bot point: 21
Player lose! Money: 526.0
========================
Round #13
Player cards: [♦4, ♠5], Bot cards:[♣3, ♠4]
Player points: [9, 9], Bot points:[7, 7]
----- Double Bet! -----
Player get one more card ♦7
Bot get one more card ♦8
Bot get one more card ♦6
Player point: 16, Bot point: 21
Player lose! Money: 486.0
========================
Round #14
Player cards: [♠4, ♦J], Bot cards:[♠5, ♥J]
Player points: [14, 14], Bot points:[15, 15]
Bot get one more card ♦J
Player point: 14, Bot point: 25
Player win! Money: 506.0
========================
Round #15
Player cards: [♣6, ♥7], Bot cards:[♥4, ♥4]
Player points: [13, 13], Bot points:[8, 8]
Bot get one more card ♦9
Player point: 13, Bot point: 17
Player lose! Money: 486.0
========================
Round #16
Player cards: [♥6, ♥T], Bot cards:[♠2, ♥K]
Player points: [16, 16], Bot points:[12, 12]
Bot get one more card ♥4
Bot get one more card ♥Q
Player point: 16, Bot point: 26
Player win! Money: 506.0
========================
Round #17
Player cards: [♥T, ♠K], Bot cards:[♦6, ♣6]
Player points: [20, 20], Bot points:[12, 12]
Bot get one more card ♠A
Bot get one more card ♣4
Player point: 20, Bot point: 17
Player win! Money: 526.0
========================
Round #18
Player cards: [♦2, ♠J], Bot cards:[♦6, ♥8]
Player points: [12, 12], Bot points:[14, 14]
Bot get one more card ♠9
Player point: 12, Bot point: 23
Player win! Money: 546.0
========================
Round #19
Player cards: [♥Q, ♦K], Bot cards:[♥2, ♦Q]
Player points: [20, 20], Bot points:[12, 12]
Bot get one more card ♦8
Player point: 20, Bot point: 20
Draw! Money:546.0
========================
Round #20
Player cards: [♥2, ♥A], Bot cards:[♥2, ♦2]
Player points: [3, 13], Bot points:[4, 4]
Bot get one more card ♣7
Bot get one more card ♦9
Player point: 13, Bot point: 20
Player lose! Money: 526.0
========================
Round #21
Player cards: [♥4, ♠K], Bot cards:[♥7, ♣9]
Player points: [14, 14], Bot points:[16, 16]
Player get one more card ♣3
Bot get one more card ♠8
Player point: 17, Bot point: 24
Player win! Money: 546.0
========================
Round #22
Player cards: [♣4, ♥8], Bot cards:[♣2, ♣Q]
Player points: [12, 12], Bot points:[12, 12]
Player get one more card ♣9
Bot get one more card ♣3
Bot get one more card ♣7
Player point: 21, Bot point: 22
Player win! Money: 566.0
========================
Round #23
Player cards: [♥3, ♣9], Bot cards:[♣2, ♥A]
Player points: [12, 12], Bot points:[3, 13]
Player get one more card ♠4
Bot get one more card ♠T
Bot get one more card ♣J
Player point: 16, Bot point: 23
Player win! Money: 586.0
========================
Round #24
Player cards: [♥9, ♠T], Bot cards:[♠3, ♦T]
Player points: [19, 19], Bot points:[13, 13]
Bot get one more card ♦T
Player point: 19, Bot point: 23
Player win! Money: 606.0
========================
Round #25
Player cards: [♦5, ♥A], Bot cards:[♦7, ♠Q]
Player points: [6, 16], Bot points:[17, 17]
Player get one more card ♦K
Player get one more card ♠J
Player point: 26, Bot point: 17
Player lose! Money: 586.0
========================
Round #26
Player cards: [♣Q, ♥K], Bot cards:[♠6, ♠7]
Player points: [20, 20], Bot points:[13, 13]
Bot get one more card ♥3
Bot get one more card ♥J
Player point: 20, Bot point: 26
Player win! Money: 606.0
========================
Round #27
Player cards: [♠9, ♦9], Bot cards:[♠Q, ♣A]
Player points: [18, 18], Bot points:[11, 21]
Bot get one more card ♥9
Player point: 18, Bot point: 20
Player lose! Money: 586.0
========================
Round #28
Player cards: [♦4, ♦J], Bot cards:[♠8, ♦J]
Player points: [14, 14], Bot points:[18, 18]
Player get one more card ♥6
Player point: 20, Bot point: 18
Player win! Money: 606.0
========================
Round #29
Player cards: [♥2, ♠J], Bot cards:[♠2, ♣8]
Player points: [12, 12], Bot points:[10, 10]
Player get one more card ♥7
Bot get one more card ♣A
Bot get one more card ♣A
Bot get one more card ♠3
Bot get one more card ♦5
Player point: 19, Bot point: 20
Player lose! Money: 586.0
========================
Round #30
Player cards: [♥9, ♦Q], Bot cards:[♠7, ♦A]
Player points: [19, 19], Bot points:[8, 18]
Bot get one more card ♣8
Bot get one more card ♠7
Player point: 19, Bot point: 23
Player win! Money: 606.0
========================
Round #31
Player cards: [♠6, ♠Q], Bot cards:[♥5, ♠J]
Player points: [16, 16], Bot points:[15, 15]
Bot get one more card ♥5
Player point: 16, Bot point: 20
Player lose! Money: 586.0
========================
Round #32
Player cards: [♣J, ♥A], Bot cards:[♦7, ♣7]
Player points: [11, 21], Bot points:[14, 14]
Bot get one more card ♠4
Player point: 21, Bot point: 18
------ BlackJack!! ------
Player win! Money: 612.0
========================
Round #33
Player cards: [♦5, ♥6], Bot cards:[♦5, ♣T]
Player points: [11, 11], Bot points:[15, 15]
----- Double Bet! -----
Player get one more card ♥8
Bot get one more card ♦4
Player point: 19, Bot point: 19
Draw! Money:612.0
========================
Round #34
New deck
Player cards: [♥5, ♥A], Bot cards:[♦6, ♠8]
Player points: [6, 16], Bot points:[14, 14]
Bot get one more card ♠4
Player point: 16, Bot point: 18
Player lose! Money: 592.0
========================
Round #35
Player cards: [♣T, ♥A], Bot cards:[♥2, ♣A]
Player points: [11, 21], Bot points:[3, 13]
Bot get one more card ♣5
Bot get one more card ♣J
Player point: 21, Bot point: 18
------ BlackJack!! ------
Player win! Money: 618.0
========================
Round #36
Player cards: [♣K, ♠A], Bot cards:[♦2, ♣Q]
Player points: [11, 21], Bot points:[12, 12]
Bot get one more card ♣4
Bot get one more card ♠4
Player point: 21, Bot point: 20
------ BlackJack!! ------
Player win! Money: 644.0
========================
Round #37
Player cards: [♦3, ♥9], Bot cards:[♦5, ♥9]
Player points: [12, 12], Bot points:[14, 14]
Bot get one more card ♦Q
Player point: 12, Bot point: 24
Player win! Money: 664.0
========================
Round #38
Player cards: [♥2, ♣4], Bot cards:[♥8, ♥Q]
Player points: [6, 6], Bot points:[18, 18]
Player get one more card ♣T
Player get one more card ♦T
Player point: 26, Bot point: 18
Player lose! Money: 644.0
========================
Round #39
Player cards: [♦8, ♦9], Bot cards:[♥2, ♣8]
Player points: [17, 17], Bot points:[10, 10]
Bot get one more card ♣3
Bot get one more card ♣J
Player point: 17, Bot point: 23
Player win! Money: 664.0
========================
Round #40
Player cards: [♣6, ♠J], Bot cards:[♠4, ♠5]
Player points: [16, 16], Bot points:[9, 9]
Bot get one more card ♣4
Bot get one more card ♠Q
Player point: 16, Bot point: 23
Player win! Money: 684.0
========================
Round #41
Player cards: [♦9, ♦K], Bot cards:[♦T, ♠T]
Player points: [19, 19], Bot points:[20, 20]
Player point: 19, Bot point: 20
Player lose! Money: 664.0
========================
Round #42
Player cards: [♥7, ♠A], Bot cards:[♣J, ♥A]
Player points: [8, 18], Bot points:[11, 21]
Bot get one more card ♠8
Player point: 18, Bot point: 19
Player lose! Money: 644.0
========================
Round #43
Player cards: [♥5, ♦9], Bot cards:[♦7, ♠7]
Player points: [14, 14], Bot points:[14, 14]
Player get one more card ♣5
Bot get one more card ♠6
Player point: 19, Bot point: 20
Player lose! Money: 624.0
========================
Round #44
Player cards: [♥6, ♣K], Bot cards:[♠9, ♥T]
Player points: [16, 16], Bot points:[19, 19]
Player get one more card ♠5
Player point: 21, Bot point: 19
Player win! Money: 644.0
========================
Round #45
Player cards: [♠7, ♥A], Bot cards:[♠2, ♥6]
Player points: [8, 18], Bot points:[8, 8]
Bot get one more card ♦4
Bot get one more card ♣T
Player point: 18, Bot point: 22
Player win! Money: 664.0
========================
Round #46
Player cards: [♣3, ♦A], Bot cards:[♣2, ♠3]
Player points: [4, 14], Bot points:[5, 5]
Bot get one more card ♣4
Bot get one more card ♥7
Bot get one more card ♦2
Player point: 14, Bot point: 18
Player lose! Money: 644.0
========================
Round #47
Player cards: [♣6, ♥9], Bot cards:[♦5, ♠9]
Player points: [15, 15], Bot points:[14, 14]
Bot get one more card ♣3
Player point: 15, Bot point: 17
Player lose! Money: 624.0
========================
Round #48
Player cards: [♣3, ♠6], Bot cards:[♦5, ♥J]
Player points: [9, 9], Bot points:[15, 15]
----- Double Bet! -----
Player get one more card ♥J
Bot get one more card ♠8
Player point: 19, Bot point: 23
Player win! Money: 664.0
========================
Round #49
Player cards: [♥3, ♥Q], Bot cards:[♠J, ♠J]
Player points: [13, 13], Bot points:[20, 20]
Player get one more card ♥8
Player point: 21, Bot point: 20
Player win! Money: 684.0
========================
Round #50
Player cards: [♦T, ♣A], Bot cards:[♦7, ♣8]
Player points: [11, 21], Bot points:[15, 15]
Bot get one more card ♠K
Player point: 21, Bot point: 25
------ BlackJack!! ------
Player win! Money: 710.0
========================
Round #51
Player cards: [♣7, ♠8], Bot cards:[♠6, ♦K]
Player points: [15, 15], Bot points:[16, 16]
Bot get one more card ♣Q
Player point: 15, Bot point: 26
Player win! Money: 730.0
========================
Round #52
Player cards: [♦7, ♦A], Bot cards:[♥8, ♣A]
Player points: [8, 18], Bot points:[9, 19]
Bot get one more card ♠K
Player point: 18, Bot point: 19
Player lose! Money: 710.0
========================
Round #53
Player cards: [♥5, ♥T], Bot cards:[♦9, ♠T]
Player points: [15, 15], Bot points:[19, 19]
Player get one more card ♣6
Player point: 21, Bot point: 19
Player win! Money: 730.0
========================
Round #54
Player cards: [♠3, ♠J], Bot cards:[♥7, ♠T]
Player points: [13, 13], Bot points:[17, 17]
Player get one more card ♦Q
Player point: 23, Bot point: 17
Player lose! Money: 710.0
========================
Round #55
Player cards: [♣2, ♦T], Bot cards:[♠7, ♦K]
Player points: [12, 12], Bot points:[17, 17]
Player get one more card ♦6
Player point: 18, Bot point: 17
Player win! Money: 730.0
========================
Round #56
Player cards: [♥K, ♦A], Bot cards:[♠Q, ♠A]
Player points: [11, 21], Bot points:[11, 21]
Bot get one more card ♣6
Player point: 21, Bot point: 17
------ BlackJack!! ------
Player win! Money: 756.0
========================
Round #57
Player cards: [♠2, ♦6], Bot cards:[♥4, ♠5]
Player points: [8, 8], Bot points:[9, 9]
Player get one more card ♣Q
Bot get one more card ♥Q
Player point: 18, Bot point: 19
Player lose! Money: 736.0
========================
Round #58
Player cards: [♣K, ♦A], Bot cards:[♥6, ♠K]
Player points: [11, 21], Bot points:[16, 16]
Bot get one more card ♣A
Player point: 21, Bot point: 17
------ BlackJack!! ------
Player win! Money: 762.0
========================
Round #59
Player cards: [♦3, ♦8], Bot cards:[♠4, ♣8]
Player points: [11, 11], Bot points:[12, 12]
----- Double Bet! -----
Player get one more card ♦3
Bot get one more card ♠Q
Player point: 14, Bot point: 22
Player win! Money: 802.0
========================
Round #60
Player cards: [♥3, ♣5], Bot cards:[♣7, ♣J]
Player points: [8, 8], Bot points:[17, 17]
Player get one more card ♥4
Player get one more card ♦A
Player get one more card ♦Q
Player point: 23, Bot point: 17
Player lose! Money: 782.0
========================
Round #61
Player cards: [♦3, ♥K], Bot cards:[♣5, ♣7]
Player points: [13, 13], Bot points:[12, 12]
Bot get one more card ♥2
Bot get one more card ♠A
Bot get one more card ♣9
Player point: 13, Bot point: 24
Player win! Money: 802.0
========================
Round #62
Player cards: [♣9, ♠K], Bot cards:[♣2, ♠6]
Player points: [19, 19], Bot points:[8, 8]
Bot get one more card ♦2
Bot get one more card ♦J
Player point: 19, Bot point: 20
Player lose! Money: 782.0
========================
Round #63
Player cards: [♥5, ♦7], Bot cards:[♥3, ♥8]
Player points: [12, 12], Bot points:[11, 11]
Player get one more card ♦6
Bot get one more card ♦8
Player point: 18, Bot point: 19
Player lose! Money: 762.0
========================
Round #64
Player cards: [♣8, ♦K], Bot cards:[♠3, ♦3]
Player points: [18, 18], Bot points:[6, 6]
Bot get one more card ♥6
Bot get one more card ♣7
Player point: 18, Bot point: 19
Player lose! Money: 742.0
========================
Round #65
Player cards: [♠2, ♣Q], Bot cards:[♠9, ♣T]
Player points: [12, 12], Bot points:[19, 19]
Player get one more card ♦4
Player get one more card ♦J
Player point: 26, Bot point: 19
Player lose! Money: 722.0
========================
Round #66
Player cards: [♥T, ♥K], Bot cards:[♥7, ♦J]
Player points: [20, 20], Bot points:[17, 17]
Player point: 20, Bot point: 17
Player win! Money: 742.0
========================
Round #67
Player cards: [♦5, ♣9], Bot cards:[♥K, ♣K]
Player points: [14, 14], Bot points:[20, 20]
Player get one more card ♥9
Player point: 23, Bot point: 20
Player lose! Money: 722.0
========================
Round #68
Player cards: [♥3, ♦8], Bot cards:[♦2, ♣9]
Player points: [11, 11], Bot points:[11, 11]
----- Double Bet! -----
Player get one more card ♦4
Bot get one more card ♥T
Player point: 15, Bot point: 21
Player lose! Money: 682.0
========================
Round #69
Player cards: [♥J, ♣K], Bot cards:[♠2, ♥J]
Player points: [20, 20], Bot points:[12, 12]
Bot get one more card ♦J
Player point: 20, Bot point: 22
Player win! Money: 702.0
========================
Round #70
Player cards: [♠7, ♠9], Bot cards:[♣2, ♦Q]
Player points: [16, 16], Bot points:[12, 12]
Bot get one more card ♥4
Bot get one more card ♥Q
Player point: 16, Bot point: 26
Player win! Money: 722.0
========================
Round #71
New deck
Player cards: [♠Q, ♣K], Bot cards:[♦A, ♣A]
Player points: [20, 20], Bot points:[2, 12]
Bot get one more card ♠3
Bot get one more card ♣2
Bot get one more card ♥K
Player point: 20, Bot point: 17
Player win! Money: 742.0
========================
Round #72
Player cards: [♣2, ♥6], Bot cards:[♣9, ♣J]
Player points: [8, 8], Bot points:[19, 19]
Player get one more card ♣6
Player get one more card ♥9
Player point: 23, Bot point: 19
Player lose! Money: 722.0
========================
Round #73
Player cards: [♣3, ♣J], Bot cards:[♦7, ♦9]
Player points: [13, 13], Bot points:[16, 16]
Player get one more card ♣5
Bot get one more card ♥K
Player point: 18, Bot point: 26
Player win! Money: 742.0
========================
Round #74
Player cards: [♥9, ♦Q], Bot cards:[♣9, ♣J]
Player points: [19, 19], Bot points:[19, 19]
Player point: 19, Bot point: 19
Draw! Money:742.0
========================
Round #75
Player cards: [♠6, ♠6], Bot cards:[♠7, ♦J]
Player points: [12, 12], Bot points:[17, 17]
Player get one more card ♥8
Player point: 20, Bot point: 17
Player win! Money: 762.0
========================
Round #76
Player cards: [♣8, ♦Q], Bot cards:[♦4, ♠5]
Player points: [18, 18], Bot points:[9, 9]
Bot get one more card ♦T
Player point: 18, Bot point: 19
Player lose! Money: 742.0
========================
Round #77
Player cards: [♠6, ♠A], Bot cards:[♦2, ♠J]
Player points: [7, 17], Bot points:[12, 12]
Bot get one more card ♦5
Player point: 17, Bot point: 17
Draw! Money:742.0
========================
Round #78
Player cards: [♦3, ♥3], Bot cards:[♥8, ♣T]
Player points: [6, 6], Bot points:[18, 18]
Player get one more card ♠7
Player get one more card ♥Q
Player point: 23, Bot point: 18
Player lose! Money: 722.0
========================
Round #79
Player cards: [♦3, ♦8], Bot cards:[♥7, ♠Q]
Player points: [11, 11], Bot points:[17, 17]
----- Double Bet! -----
Player get one more card ♣4
Player point: 15, Bot point: 17
Player lose! Money: 682.0
========================
Round #80
Player cards: [♦J, ♦K], Bot cards:[♠3, ♥Q]
Player points: [20, 20], Bot points:[13, 13]
Bot get one more card ♠K
Player point: 20, Bot point: 23
Player win! Money: 702.0
========================
Round #81
Player cards: [♥5, ♠8], Bot cards:[♥3, ♠A]
Player points: [13, 13], Bot points:[4, 14]
Bot get one more card ♦K
Bot get one more card ♠4
Player point: 13, Bot point: 18
Player lose! Money: 682.0
========================
Round #82
Player cards: [♦4, ♦7], Bot cards:[♥2, ♠7]
Player points: [11, 11], Bot points:[9, 9]
----- Double Bet! -----
Player get one more card ♠5
Bot get one more card ♦J
Player point: 16, Bot point: 19
Player lose! Money: 642.0
========================
Round #83
Player cards: [♥4, ♦6], Bot cards:[♠7, ♦A]
Player points: [10, 10], Bot points:[8, 18]
----- Double Bet! -----
Player get one more card ♠A
Bot get one more card ♦A
Bot get one more card ♠9
Player point: 21, Bot point: 18
Player win! Money: 682.0
========================
Round #84
Player cards: [♣4, ♣9], Bot cards:[♠T, ♣A]
Player points: [13, 13], Bot points:[11, 21]
Player get one more card ♠9
Bot get one more card ♦2
Bot get one more card ♥J
Player point: 22, Bot point: 23
Player lose! Money: 662.0
========================
Round #85
Player cards: [♥8, ♠9], Bot cards:[♦3, ♦6]
Player points: [17, 17], Bot points:[9, 9]
Bot get one more card ♠A
Bot get one more card ♣Q
Player point: 17, Bot point: 20
Player lose! Money: 642.0
========================
Round #86
Player cards: [♦4, ♣5], Bot cards:[♦3, ♥7]
Player points: [9, 9], Bot points:[10, 10]
----- Double Bet! -----
Player get one more card ♣8
Bot get one more card ♦K
Player point: 17, Bot point: 20
Player lose! Money: 602.0
========================
Round #87
Player cards: [♥J, ♥Q], Bot cards:[♠5, ♦9]
Player points: [20, 20], Bot points:[14, 14]
Bot get one more card ♠8
Player point: 20, Bot point: 22
Player win! Money: 622.0
========================
Round #88
Player cards: [♠T, ♦T], Bot cards:[♦5, ♠5]
Player points: [20, 20], Bot points:[10, 10]
Bot get one more card ♣T
Player point: 20, Bot point: 20
Draw! Money:622.0
========================
Round #89
Player cards: [♣2, ♥3], Bot cards:[♠2, ♣7]
Player points: [5, 5], Bot points:[9, 9]
Player get one more card ♥3
Player get one more card ♠3
Player get one more card ♥4
Bot get one more card ♦4
Bot get one more card ♠4
Player point: 15, Bot point: 17
Player lose! Money: 602.0
========================
Round #90
Player cards: [♦6, ♦8], Bot cards:[♣Q, ♣K]
Player points: [14, 14], Bot points:[20, 20]
Player get one more card ♣2
Player get one more card ♦Q
Player point: 26, Bot point: 20
Player lose! Money: 582.0
========================
Round #91
Player cards: [♠Q, ♣A], Bot cards:[♦8, ♣9]
Player points: [11, 21], Bot points:[17, 17]
Player point: 21, Bot point: 17
------ BlackJack!! ------
Player win! Money: 608.0
========================
Round #92
Player cards: [♥2, ♠K], Bot cards:[♠K, ♥A]
Player points: [12, 12], Bot points:[11, 21]
Player get one more card ♦9
Bot get one more card ♠T
Player point: 21, Bot point: 21
Player lose! Money: 588.0
========================
Round #93
Player cards: [♠4, ♦T], Bot cards:[♥8, ♥T]
Player points: [14, 14], Bot points:[18, 18]
Player get one more card ♥T
Player point: 24, Bot point: 18
Player lose! Money: 568.0
========================
Round #94
Player cards: [♠T, ♥A], Bot cards:[♥Q, ♣Q]
Player points: [11, 21], Bot points:[20, 20]
Player point: 21, Bot point: 20
------ BlackJack!! ------
Player win! Money: 594.0
========================
Round #95
Player cards: [♣6, ♠J], Bot cards:[♣4, ♥K]
Player points: [16, 16], Bot points:[14, 14]
Bot get one more card ♦T
Player point: 16, Bot point: 24
Player win! Money: 614.0
========================
Round #96
Player cards: [♣3, ♦K], Bot cards:[♣7, ♥K]
Player points: [13, 13], Bot points:[17, 17]
Player get one more card ♥9
Player point: 22, Bot point: 17
Player lose! Money: 594.0
========================
Round #97
Player cards: [♣6, ♠J], Bot cards:[♥5, ♠K]
Player points: [16, 16], Bot points:[15, 15]
Bot get one more card ♥4
Player point: 16, Bot point: 19
Player lose! Money: 574.0
========================
Round #98
Player cards: [♣K, ♥A], Bot cards:[♠8, ♠T]
Player points: [11, 21], Bot points:[18, 18]
Player point: 21, Bot point: 18
------ BlackJack!! ------
Player win! Money: 600.0
========================
Round #99
Player cards: [♠2, ♥5], Bot cards:[♠2, ♣T]
Player points: [7, 7], Bot points:[12, 12]
Player get one more card ♣4
Player get one more card ♠6
Bot get one more card ♥J
Player point: 17, Bot point: 22
Player win! Money: 620.0
========================
Round #100
Player cards: [♠2, ♥T], Bot cards:[♥6, ♣7]
Player points: [12, 12], Bot points:[13, 13]
Bot get one more card ♦5
Player point: 12, Bot point: 18
Player lose! Money: 600.0
========================
Round #101
Player cards: [♥7, ♥A], Bot cards:[♣3, ♣8]
Player points: [8, 18], Bot points:[11, 11]
Bot get one more card ♠4
Bot get one more card ♦6
Player point: 18, Bot point: 21
Player lose! Money: 580.0
========================
Round #102
Player cards: [♣8, ♠J], Bot cards:[♠3, ♦8]
Player points: [18, 18], Bot points:[11, 11]
Bot get one more card ♥9
Player point: 18, Bot point: 20
Player lose! Money: 560.0
========================
Round #103
Player cards: [♥2, ♦7], Bot cards:[♠8, ♣J]
Player points: [9, 9], Bot points:[18, 18]
Player get one more card ♠9
Player point: 18, Bot point: 18
Draw! Money:560.0
========================
Round #104
Player cards: [♦5, ♦9], Bot cards:[♦A, ♣A]
Player points: [14, 14], Bot points:[2, 12]
Player get one more card ♦7
Bot get one more card ♣T
Bot get one more card ♣6
Player point: 21, Bot point: 18
Player win! Money: 580.0
========================
Round #105
Player cards: [♦2, ♦2], Bot cards:[♦4, ♥J]
Player points: [4, 4], Bot points:[14, 14]
-------- Split! Two hands: [12, 12], [5, 5]
For second hand:
Player get one more card ♣Q
Bot get one more card ♥9
Player point: 12, Bot point: 23
Player win! Money: 600.0
========================
Player point: 15, Bot point: 23
Player win! Money: 620.0
========================
Round #106
Player cards: [♥2, ♣5], Bot cards:[♠5, ♠6]
Player points: [7, 7], Bot points:[11, 11]
Player get one more card ♥5
Bot get one more card ♥4
Bot get one more card ♥4
Player point: 12, Bot point: 19
Player lose! Money: 600.0
========================
Round #107
Player cards: [♣5, ♥6], Bot cards:[♥6, ♠Q]
Player points: [11, 11], Bot points:[16, 16]
----- Double Bet! -----
Player get one more card ♠Q
Bot get one more card ♦J
Player point: 21, Bot point: 26
Player win! Money: 640.0
========================
Round #108
New deck
Player cards: [♦6, ♥7], Bot cards:[♥T, ♥A]
Player points: [13, 13], Bot points:[11, 21]
Player get one more card ♠3
Player get one more card ♣K
Bot get one more card ♠A
Bot get one more card ♥4
Bot get one more card ♦Q
Player point: 26, Bot point: 26
Player lose! Money: 620.0
========================
Round #109
Player cards: [♦Q, ♦A], Bot cards:[♥3, ♠8]
Player points: [11, 21], Bot points:[11, 11]
Bot get one more card ♣6
Player point: 21, Bot point: 17
------ BlackJack!! ------
Player win! Money: 646.0
========================
Round #110
Player cards: [♠6, ♠A], Bot cards:[♥J, ♦K]
Player points: [7, 17], Bot points:[20, 20]
Player point: 17, Bot point: 20
Player lose! Money: 626.0
========================
Round #111
Player cards: [♥6, ♠8], Bot cards:[♦7, ♥8]
Player points: [14, 14], Bot points:[15, 15]
Player get one more card ♣4
Bot get one more card ♦T
Player point: 18, Bot point: 25
Player win! Money: 646.0
========================
Round #112
Player cards: [♠3, ♠9], Bot cards:[♦2, ♣A]
Player points: [12, 12], Bot points:[3, 13]
Player get one more card ♣5
Bot get one more card ♣J
Bot get one more card ♥J
Player point: 17, Bot point: 23
Player win! Money: 666.0
========================
Round #113
Player cards: [♣7, ♥A], Bot cards:[♠2, ♥K]
Player points: [8, 18], Bot points:[12, 12]
Bot get one more card ♦8
Player point: 18, Bot point: 20
Player lose! Money: 646.0
========================
Round #114
Player cards: [♥8, ♣K], Bot cards:[♠2, ♦6]
Player points: [18, 18], Bot points:[8, 8]
Bot get one more card ♥K
Player point: 18, Bot point: 18
Draw! Money:646.0
========================
Round #115
Player cards: [♥3, ♠Q], Bot cards:[♣7, ♠T]
Player points: [13, 13], Bot points:[17, 17]
Player get one more card ♣6
Player point: 19, Bot point: 17
Player win! Money: 666.0
========================
Round #116
Player cards: [♦3, ♣K], Bot cards:[♠5, ♥T]
Player points: [13, 13], Bot points:[15, 15]
Bot get one more card ♠3
Player point: 13, Bot point: 18
Player lose! Money: 646.0
========================
Round #117
Player cards: [♥3, ♦J], Bot cards:[♠5, ♠T]
Player points: [13, 13], Bot points:[15, 15]
Bot get one more card ♣7
Player point: 13, Bot point: 22
Player win! Money: 666.0
========================
Round #118
Player cards: [♣Q, ♥A], Bot cards:[♥2, ♣3]
Player points: [11, 21], Bot points:[5, 5]
Bot get one more card ♥K
Bot get one more card ♣T
Player point: 21, Bot point: 25
------ BlackJack!! ------
Player win! Money: 692.0
========================
Round #119
Player cards: [♥6, ♠7], Bot cards:[♣6, ♥T]
Player points: [13, 13], Bot points:[16, 16]
Bot get one more card ♠6
Player point: 13, Bot point: 22
Player win! Money: 712.0
========================
Round #120
Player cards: [♥2, ♦7], Bot cards:[♥5, ♠Q]
Player points: [9, 9], Bot points:[15, 15]
----- Double Bet! -----
Player get one more card ♣8
Bot get one more card ♣2
Player point: 17, Bot point: 17
Draw! Money:712.0
========================
Round #121
Player cards: [♥6, ♦8], Bot cards:[♣9, ♣T]
Player points: [14, 14], Bot points:[19, 19]
Player get one more card ♥3
Player point: 17, Bot point: 19
Player lose! Money: 692.0
========================
Round #122
Player cards: [♥9, ♠A], Bot cards:[♠4, ♣5]
Player points: [10, 20], Bot points:[9, 9]
Bot get one more card ♦3
Bot get one more card ♦Q
Player point: 20, Bot point: 22
Player win! Money: 712.0
========================
Round #123
Player cards: [♣7, ♥J], Bot cards:[♥9, ♣Q]
Player points: [17, 17], Bot points:[19, 19]
Player point: 17, Bot point: 19
Player lose! Money: 692.0
========================
Round #124
Player cards: [♠4, ♠J], Bot cards:[♦4, ♣Q]
Player points: [14, 14], Bot points:[14, 14]
Bot get one more card ♥4
Player point: 14, Bot point: 18
Player lose! Money: 672.0
========================
Round #125
Player cards: [♦9, ♣9], Bot cards:[♣2, ♥Q]
Player points: [18, 18], Bot points:[12, 12]
-------- Split! Two hands: [10, 20], [18, 18]
For second hand:
Bot get one more card ♣9
Player point: 20, Bot point: 21
Player lose! Money: 652.0
========================
Player point: 18, Bot point: 21
Player lose! Money: 632.0
========================
Round #126
Player cards: [♣3, ♦J], Bot cards:[♦5, ♥K]
Player points: [13, 13], Bot points:[15, 15]
Bot get one more card ♣5
Player point: 13, Bot point: 20
Player lose! Money: 612.0
========================
Round #127
Player cards: [♦4, ♣8], Bot cards:[♦8, ♠J]
Player points: [12, 12], Bot points:[18, 18]
Player get one more card ♥9
Player point: 21, Bot point: 18
Player win! Money: 632.0
========================
Round #128
Player cards: [♦7, ♠Q], Bot cards:[♦4, ♦9]
Player points: [17, 17], Bot points:[13, 13]
Bot get one more card ♠2
Bot get one more card ♠2
Player point: 17, Bot point: 17
Draw! Money:632.0
========================
Round #129
Player cards: [♥6, ♥J], Bot cards:[♥2, ♠Q]
Player points: [16, 16], Bot points:[12, 12]
Bot get one more card ♥Q
Player point: 16, Bot point: 22
Player win! Money: 652.0
========================
Round #130
Player cards: [♠9, ♠A], Bot cards:[♣4, ♠K]
Player points: [10, 20], Bot points:[14, 14]
Bot get one more card ♦5
Player point: 20, Bot point: 19
Player win! Money: 672.0
========================
Round #131
Player cards: [♣7, ♦A], Bot cards:[♣K, ♠K]
Player points: [8, 18], Bot points:[20, 20]
Player point: 18, Bot point: 20
Player lose! Money: 652.0
========================
Round #132
Player cards: [♠3, ♣8], Bot cards:[♣T, ♠J]
Player points: [11, 11], Bot points:[20, 20]
----- Double Bet! -----
Player get one more card ♦7
Player point: 18, Bot point: 20
Player lose! Money: 612.0
========================
Round #133
Player cards: [♠8, ♦J], Bot cards:[♥5, ♦K]
Player points: [18, 18], Bot points:[15, 15]
Bot get one more card ♠5
Player point: 18, Bot point: 20
Player lose! Money: 592.0
========================
Round #134
Player cards: [♦6, ♦T], Bot cards:[♥7, ♦Q]
Player points: [16, 16], Bot points:[17, 17]
Player get one more card ♣K
Player point: 26, Bot point: 17
Player lose! Money: 572.0
========================
Round #135
Player cards: [♠8, ♠K], Bot cards:[♠4, ♣4]
Player points: [18, 18], Bot points:[8, 8]
Bot get one more card ♣J
Player point: 18, Bot point: 18
Draw! Money:572.0
========================
Round #136
Player cards: [♠6, ♣9], Bot cards:[♦5, ♠6]
Player points: [15, 15], Bot points:[11, 11]
Bot get one more card ♥5
Bot get one more card ♦A
Player point: 15, Bot point: 17
Player lose! Money: 552.0
========================
Round #137
Player cards: [♠7, ♦9], Bot cards:[♦2, ♥7]
Player points: [16, 16], Bot points:[9, 9]
Bot get one more card ♣6
Bot get one more card ♣3
Player point: 16, Bot point: 18
Player lose! Money: 532.0
========================
Round #138
Player cards: [♦5, ♥9], Bot cards:[♣2, ♥Q]
Player points: [14, 14], Bot points:[12, 12]
Bot get one more card ♣Q
Player point: 14, Bot point: 22
Player win! Money: 552.0
========================
Round #139
Player cards: [♥T, ♦K], Bot cards:[♣4, ♠K]
Player points: [20, 20], Bot points:[14, 14]
Bot get one more card ♦8
Player point: 20, Bot point: 22
Player win! Money: 572.0
========================
Round #140
Player cards: [♠T, ♦J], Bot cards:[♦2, ♣T]
Player points: [20, 20], Bot points:[12, 12]
Bot get one more card ♦6
Player point: 20, Bot point: 18
Player win! Money: 592.0
========================
Round #141
Player cards: [♥7, ♠9], Bot cards:[♥5, ♥8]
Player points: [16, 16], Bot points:[13, 13]
Bot get one more card ♦2
Bot get one more card ♦A
Bot get one more card ♦9
Player point: 16, Bot point: 25
Player win! Money: 612.0
========================
Round #142
Player cards: [♦3, ♥T], Bot cards:[♠3, ♣5]
Player points: [13, 13], Bot points:[8, 8]
Bot get one more card ♣J
Player point: 13, Bot point: 18
Player lose! Money: 592.0
========================
Round #143
Player cards: [♠5, ♠J], Bot cards:[♠7, ♦T]
Player points: [15, 15], Bot points:[17, 17]
Player get one more card ♥4
Player point: 19, Bot point: 17
Player win! Money: 612.0
========================
Round #144
Player cards: [♥7, ♥Q], Bot cards:[♠4, ♦K]
Player points: [17, 17], Bot points:[14, 14]
Bot get one more card ♣A
Bot get one more card ♣8
Player point: 17, Bot point: 23
Player win! Money: 632.0
========================
Round #145
Player cards: [♣2, ♥4], Bot cards:[♦T, ♥A]
Player points: [6, 6], Bot points:[11, 21]
Player get one more card ♥8
Player get one more card ♣3
Bot get one more card ♥2
Bot get one more card ♠T
Player point: 17, Bot point: 23
Player win! Money: 652.0
========================
Round #146
New deck
Player cards: [♦3, ♣6], Bot cards:[♣J, ♥A]
Player points: [9, 9], Bot points:[11, 21]
Player get one more card ♦K
Bot get one more card ♣7
Player point: 19, Bot point: 18
Player win! Money: 672.0
========================
Round #147
Player cards: [♠2, ♥8], Bot cards:[♦3, ♦8]
Player points: [10, 10], Bot points:[11, 11]
----- Double Bet! -----
Player get one more card ♥3
Bot get one more card ♠8
Player point: 13, Bot point: 19
Player lose! Money: 632.0
========================
Round #148
Player cards: [♣3, ♣T], Bot cards:[♣3, ♣J]
Player points: [13, 13], Bot points:[13, 13]
Bot get one more card ♦3
Bot get one more card ♠5
Player point: 13, Bot point: 21
Player lose! Money: 612.0
========================
Round #149
Player cards: [♠3, ♥J], Bot cards:[♦2, ♠7]
Player points: [13, 13], Bot points:[9, 9]
Bot get one more card ♣A
Bot get one more card ♠6
Bot get one more card ♦9
Player point: 13, Bot point: 25
Player win! Money: 632.0
========================
Round #150
Player cards: [♦7, ♥8], Bot cards:[♠3, ♣5]
Player points: [15, 15], Bot points:[8, 8]
Bot get one more card ♥6
Bot get one more card ♦J
Player point: 15, Bot point: 24
Player win! Money: 652.0
========================
Round #151
Player cards: [♥7, ♦J], Bot cards:[♠4, ♣J]
Player points: [17, 17], Bot points:[14, 14]
Bot get one more card ♠2
Bot get one more card ♥K
Player point: 17, Bot point: 26
Player win! Money: 672.0
========================
Round #152
Player cards: [♦9, ♦K], Bot cards:[♥8, ♠9]
Player points: [19, 19], Bot points:[17, 17]
Player point: 19, Bot point: 17
Player win! Money: 692.0
========================
Round #153
Player cards: [♦4, ♠5], Bot cards:[♠7, ♦J]
Player points: [9, 9], Bot points:[17, 17]
Player get one more card ♦6
Player get one more card ♣9
Player point: 24, Bot point: 17
Player lose! Money: 672.0
========================
Round #154
Player cards: [♥5, ♥9], Bot cards:[♥Q, ♥K]
Player points: [14, 14], Bot points:[20, 20]
Player get one more card ♥T
Player point: 24, Bot point: 20
Player lose! Money: 652.0
========================
Round #155
Player cards: [♦4, ♠9], Bot cards:[♥5, ♥6]
Player points: [13, 13], Bot points:[11, 11]
Bot get one more card ♥4
Bot get one more card ♥J
Player point: 13, Bot point: 25
Player win! Money: 672.0
========================
Round #156
Player cards: [♣2, ♣8], Bot cards:[♠7, ♠8]
Player points: [10, 10], Bot points:[15, 15]
----- Double Bet! -----
Player get one more card ♦2
Bot get one more card ♦4
Player point: 12, Bot point: 19
Player lose! Money: 632.0
========================
Round #157
Player cards: [♦5, ♥5], Bot cards:[♣9, ♣Q]
Player points: [10, 10], Bot points:[19, 19]
----- Double Bet! -----
Player get one more card ♣7
Player point: 17, Bot point: 19
Player lose! Money: 592.0
========================
Round #158
Player cards: [♦3, ♦Q], Bot cards:[♣3, ♣4]
Player points: [13, 13], Bot points:[7, 7]
Bot get one more card ♠T
Player point: 13, Bot point: 17
Player lose! Money: 572.0
========================
Round #159
Player cards: [♠5, ♠T], Bot cards:[♠2, ♠Q]
Player points: [15, 15], Bot points:[12, 12]
Bot get one more card ♠7
Player point: 15, Bot point: 19
Player lose! Money: 552.0
========================
Round #160
Player cards: [♥8, ♣Q], Bot cards:[♠6, ♣9]
Player points: [18, 18], Bot points:[15, 15]
Bot get one more card ♣7
Player point: 18, Bot point: 22
Player win! Money: 572.0
========================
Round #161
Player cards: [♠6, ♥K], Bot cards:[♣2, ♠Q]
Player points: [16, 16], Bot points:[12, 12]
Bot get one more card ♥T
Player point: 16, Bot point: 22
Player win! Money: 592.0
========================
Round #162
Player cards: [♣7, ♦9], Bot cards:[♥T, ♦A]
Player points: [16, 16], Bot points:[11, 21]
Player get one more card ♠T
Bot get one more card ♥3
Bot get one more card ♦2
Bot get one more card ♣T
Player point: 26, Bot point: 26
Player lose! Money: 572.0
========================
Round #163
Player cards: [♦5, ♦6], Bot cards:[♠7, ♦K]
Player points: [11, 11], Bot points:[17, 17]
----- Double Bet! -----
Player get one more card ♣5
Player point: 16, Bot point: 17
Player lose! Money: 532.0
========================
Round #164
Player cards: [♠9, ♣K], Bot cards:[♠2, ♣8]
Player points: [19, 19], Bot points:[10, 10]
Bot get one more card ♦T
Player point: 19, Bot point: 20
Player lose! Money: 512.0
========================
Round #165
Player cards: [♦5, ♥A], Bot cards:[♣K, ♥A]
Player points: [6, 16], Bot points:[11, 21]
Player get one more card ♠T
Player get one more card ♠K
Bot get one more card ♦8
Player point: 26, Bot point: 19
Player lose! Money: 492.0
========================
Round #166
Player cards: [♥4, ♦6], Bot cards:[♣5, ♣J]
Player points: [10, 10], Bot points:[15, 15]
----- Double Bet! -----
Player get one more card ♠3
Bot get one more card ♥7
Player point: 13, Bot point: 22
Player win! Money: 532.0
========================
Round #167
Player cards: [♥3, ♥6], Bot cards:[♥T, ♦T]
Player points: [9, 9], Bot points:[20, 20]
Player get one more card ♣A
Player point: 20, Bot point: 20
Draw! Money:532.0
========================
Round #168
Player cards: [♣4, ♠Q], Bot cards:[♥2, ♠Q]
Player points: [14, 14], Bot points:[12, 12]
Bot get one more card ♠J
Player point: 14, Bot point: 22
Player win! Money: 552.0
========================
Round #169
Player cards: [♣2, ♠5], Bot cards:[♠4, ♦Q]
Player points: [7, 7], Bot points:[14, 14]
Player get one more card ♦4
Player get one more card ♦A
Bot get one more card ♦4
Player point: 12, Bot point: 18
Player lose! Money: 532.0
========================
Round #170
Player cards: [♣5, ♠J], Bot cards:[♣4, ♣K]
Player points: [15, 15], Bot points:[14, 14]
Bot get one more card ♦7
Player point: 15, Bot point: 21
Player lose! Money: 512.0
========================
Round #171
Player cards: [♠8, ♠9], Bot cards:[♣6, ♣9]
Player points: [17, 17], Bot points:[15, 15]
Bot get one more card ♦Q
Player point: 17, Bot point: 25
Player win! Money: 532.0
========================
Round #172
Player cards: [♥7, ♦Q], Bot cards:[♣8, ♥J]
Player points: [17, 17], Bot points:[18, 18]
Player point: 17, Bot point: 18
Player lose! Money: 512.0
========================
Round #173
Player cards: [♦K, ♠A], Bot cards:[♥2, ♣Q]
Player points: [11, 21], Bot points:[12, 12]
Bot get one more card ♠8
Player point: 21, Bot point: 20
------ BlackJack!! ------
Player win! Money: 538.0
========================
Round #174
Player cards: [♥A, ♣A], Bot cards:[♥5, ♦T]
Player points: [2, 12], Bot points:[15, 15]
-------- Split! Two hands: [9, 19], [3, 13]
For second hand:
Bot get one more card ♦A
Bot get one more card ♥Q
Player point: 19, Bot point: 26
Player win! Money: 558.0
========================
Player point: 13, Bot point: 26
Player win! Money: 578.0
========================
Round #175
Player cards: [♠6, ♥Q], Bot cards:[♥4, ♠K]
Player points: [16, 16], Bot points:[14, 14]
Bot get one more card ♦6
Player point: 16, Bot point: 20
Player lose! Money: 558.0
========================
Round #176
Player cards: [♥9, ♠A], Bot cards:[♥7, ♣J]
Player points: [10, 20], Bot points:[17, 17]
Player point: 20, Bot point: 17
Player win! Money: 578.0
========================
Round #177
Player cards: [♣3, ♠A], Bot cards:[♣8, ♠K]
Player points: [4, 14], Bot points:[18, 18]
Player get one more card ♥9
Player get one more card ♦3
Player get one more card ♦T
Player point: 26, Bot point: 18
Player lose! Money: 558.0
========================
Round #178
Player cards: [♠J, ♣A], Bot cards:[♣4, ♥9]
Player points: [11, 21], Bot points:[13, 13]
Bot get one more card ♠4
Player point: 21, Bot point: 17
------ BlackJack!! ------
Player win! Money: 584.0
========================
Round #179
Player cards: [♣T, ♥J], Bot cards:[♣6, ♣T]
Player points: [20, 20], Bot points:[16, 16]
Bot get one more card ♥6
Player point: 20, Bot point: 22
Player win! Money: 604.0
========================
Round #180
Player cards: [♣Q, ♥K], Bot cards:[♦2, ♠4]
Player points: [20, 20], Bot points:[6, 6]
Bot get one more card ♥4
Bot get one more card ♣6
Bot get one more card ♥2
Player point: 20, Bot point: 18
Player win! Money: 624.0
========================
Round #181
Player cards: [♦7, ♦J], Bot cards:[♠3, ♦5]
Player points: [17, 17], Bot points:[8, 8]
Bot get one more card ♦8
Bot get one more card ♦A
Player point: 17, Bot point: 17
Draw! Money:624.0
========================
Round #182
Player cards: [♥2, ♣K], Bot cards:[♦9, ♠K]
Player points: [12, 12], Bot points:[19, 19]
Player get one more card ♠J
Player point: 22, Bot point: 19
Player lose! Money: 604.0
========================
Round #183
New deck
Player cards: [♠9, ♦T], Bot cards:[♥7, ♣Q]
Player points: [19, 19], Bot points:[17, 17]
Player point: 19, Bot point: 17
Player win! Money: 624.0
========================
Round #184
Player cards: [♥T, ♥J], Bot cards:[♠J, ♣K]
Player points: [20, 20], Bot points:[20, 20]
Player point: 20, Bot point: 20
Draw! Money:624.0
========================
Round #185
Player cards: [♥8, ♠A], Bot cards:[♦3, ♣6]
Player points: [9, 19], Bot points:[9, 9]
Bot get one more card ♦4
Bot get one more card ♥Q
Player point: 19, Bot point: 23
Player win! Money: 644.0
========================
Round #186
Player cards: [♥6, ♣A], Bot cards:[♠5, ♦Q]
Player points: [7, 17], Bot points:[15, 15]
Bot get one more card ♣J
Player point: 17, Bot point: 25
Player win! Money: 664.0
========================
Round #187
Player cards: [♣6, ♦K], Bot cards:[♣4, ♦5]
Player points: [16, 16], Bot points:[9, 9]
Bot get one more card ♠A
Bot get one more card ♦6
Bot get one more card ♦J
Player point: 16, Bot point: 26
Player win! Money: 684.0
========================
Round #188
Player cards: [♣Q, ♣A], Bot cards:[♦2, ♦7]
Player points: [11, 21], Bot points:[9, 9]
Bot get one more card ♦2
Bot get one more card ♣5
Bot get one more card ♥K
Player point: 21, Bot point: 26
------ BlackJack!! ------
Player win! Money: 710.0
========================
Round #189
Player cards: [♥5, ♥T], Bot cards:[♣3, ♦T]
Player points: [15, 15], Bot points:[13, 13]
Bot get one more card ♦J
Player point: 15, Bot point: 23
Player win! Money: 730.0
========================
Round #190
Player cards: [♥4, ♠Q], Bot cards:[♠4, ♣J]
Player points: [14, 14], Bot points:[14, 14]
Bot get one more card ♣2
Bot get one more card ♠K
Player point: 14, Bot point: 26
Player win! Money: 750.0
========================
Round #191
Player cards: [♦6, ♦9], Bot cards:[♣8, ♥T]
Player points: [15, 15], Bot points:[18, 18]
Player get one more card ♦9
Player point: 24, Bot point: 18
Player lose! Money: 730.0
========================
Round #192
Player cards: [♦6, ♣7], Bot cards:[♦T, ♠K]
Player points: [13, 13], Bot points:[20, 20]
Player get one more card ♥J
Player point: 23, Bot point: 20
Player lose! Money: 710.0
========================
Round #193
Player cards: [♠3, ♣7], Bot cards:[♠2, ♥3]
Player points: [10, 10], Bot points:[5, 5]
----- Double Bet! -----
Player get one more card ♥3
Bot get one more card ♦8
Bot get one more card ♥9
Player point: 13, Bot point: 22
Player win! Money: 750.0
========================
Round #194
Player cards: [♣2, ♥3], Bot cards:[♦4, ♠6]
Player points: [5, 5], Bot points:[10, 10]
Player get one more card ♠Q
Bot get one more card ♥2
Bot get one more card ♦J
Player point: 15, Bot point: 22
Player win! Money: 770.0
========================
Round #195
Player cards: [♣2, ♥4], Bot cards:[♥Q, ♦A]
Player points: [6, 6], Bot points:[11, 21]
Player get one more card ♣5
Player get one more card ♥6
Bot get one more card ♥8
Player point: 17, Bot point: 19
Player lose! Money: 750.0
========================
Round #196
Player cards: [♠7, ♠J], Bot cards:[♠5, ♣T]
Player points: [17, 17], Bot points:[15, 15]
Bot get one more card ♦Q
Player point: 17, Bot point: 25
Player win! Money: 770.0
========================
Round #197
Player cards: [♣6, ♣A], Bot cards:[♥5, ♣8]
Player points: [7, 17], Bot points:[13, 13]
Bot get one more card ♦8
Player point: 17, Bot point: 21
Player lose! Money: 750.0
========================
Round #198
Player cards: [♣3, ♠5], Bot cards:[♦4, ♣T]
Player points: [8, 8], Bot points:[14, 14]
Player get one more card ♣4
Bot get one more card ♦K
Player point: 12, Bot point: 24
Player win! Money: 770.0
========================
Round #199
Player cards: [♥5, ♥K], Bot cards:[♦2, ♠4]
Player points: [15, 15], Bot points:[6, 6]
Bot get one more card ♦3
Bot get one more card ♣A
Bot get one more card ♠T
Player point: 15, Bot point: 20
Player lose! Money: 750.0
========================
Round #200
Player cards: [♣8, ♥8], Bot cards:[♣3, ♣7]
Player points: [16, 16], Bot points:[10, 10]
-------- Split! Two hands: [15, 15], [13, 13]
For second hand:
Bot get one more card ♠K
Player point: 15, Bot point: 20
Player lose! Money: 730.0
========================
Player point: 13, Bot point: 20
Player lose! Money: 710.0
========================
Round #201
Player cards: [♦3, ♦7], Bot cards:[♦7, ♦A]
Player points: [10, 10], Bot points:[8, 18]
----- Double Bet! -----
Player get one more card ♣9
Bot get one more card ♣8
Bot get one more card ♥A
Player point: 19, Bot point: 17
Player win! Money: 750.0
========================
Round #202
Player cards: [♠T, ♦T], Bot cards:[♦2, ♣6]
Player points: [20, 20], Bot points:[8, 8]
Bot get one more card ♣Q
Player point: 20, Bot point: 18
Player win! Money: 770.0
========================
Round #203
Player cards: [♣4, ♦Q], Bot cards:[♥6, ♣K]
Player points: [14, 14], Bot points:[16, 16]
Bot get one more card ♣5
Player point: 14, Bot point: 21
Player lose! Money: 750.0
========================
Round #204
Player cards: [♠7, ♣A], Bot cards:[♥9, ♠J]
Player points: [8, 18], Bot points:[19, 19]
Player point: 18, Bot point: 19
Player lose! Money: 730.0
========================
Round #205
Player cards: [♠Q, ♣Q], Bot cards:[♥4, ♦9]
Player points: [20, 20], Bot points:[13, 13]
Bot get one more card ♣3
Bot get one more card ♣2
Player point: 20, Bot point: 18
Player win! Money: 750.0
========================
Round #206
Player cards: [♠T, ♠A], Bot cards:[♠6, ♦A]
Player points: [11, 21], Bot points:[7, 17]
Bot get one more card ♠8
Bot get one more card ♠2
Player point: 21, Bot point: 17
------ BlackJack!! ------
Player win! Money: 776.0
========================
Round #207
Player cards: [♥5, ♥A], Bot cards:[♠T, ♥K]
Player points: [6, 16], Bot points:[20, 20]
Player get one more card ♦7
Player get one more card ♦5
Player point: 18, Bot point: 20
Player lose! Money: 756.0
========================
Round #208
Player cards: [♣7, ♥J], Bot cards:[♠7, ♠8]
Player points: [17, 17], Bot points:[15, 15]
Bot get one more card ♥3
Player point: 17, Bot point: 18
Player lose! Money: 736.0
========================
Round #209
Player cards: [♦7, ♣K], Bot cards:[♣9, ♦K]
Player points: [17, 17], Bot points:[19, 19]
Player point: 17, Bot point: 19
Player lose! Money: 716.0
========================
Round #210
Player cards: [♦8, ♦9], Bot cards:[♥2, ♥7]
Player points: [17, 17], Bot points:[9, 9]
Bot get one more card ♠6
Bot get one more card ♥9
Player point: 17, Bot point: 24
Player win! Money: 736.0
========================
Round #211
Player cards: [♥2, ♣9], Bot cards:[♥7, ♠A]
Player points: [11, 11], Bot points:[8, 18]
----- Double Bet! -----
Player get one more card ♥J
Bot get one more card ♠3
Bot get one more card ♥Q
Player point: 21, Bot point: 21
Player lose! Money: 696.0
========================
Round #212
Player cards: [♠3, ♦5], Bot cards:[♠2, ♠8]
Player points: [8, 8], Bot points:[10, 10]
Player get one more card ♠5
Bot get one more card ♥3
Bot get one more card ♥Q
Player point: 13, Bot point: 23
Player win! Money: 716.0
========================
Round #213
Player cards: [♦A, ♥A], Bot cards:[♥Q, ♥A]
Player points: [2, 12], Bot points:[11, 21]
-------- Split! Two hands: [7, 17], [11, 21]
For second hand:
Bot get one more card ♠7
Player point: 17, Bot point: 18
Player lose! Money: 696.0
========================
Player point: 21, Bot point: 18
------ BlackJack!! ------
Player win! Money: 722.0
========================
Round #214
Player cards: [♣J, ♠Q], Bot cards:[♠3, ♠4]
Player points: [20, 20], Bot points:[7, 7]
Bot get one more card ♦4
Bot get one more card ♦J
Player point: 20, Bot point: 21
Player lose! Money: 702.0
========================
Round #215
Player cards: [♥6, ♣9], Bot cards:[♦3, ♥T]
Player points: [15, 15], Bot points:[13, 13]
Bot get one more card ♥8
Player point: 15, Bot point: 21
Player lose! Money: 682.0
========================
Round #216
Player cards: [♥4, ♠8], Bot cards:[♠2, ♦5]
Player points: [12, 12], Bot points:[7, 7]
Player get one more card ♠A
Bot get one more card ♠9
Bot get one more card ♦6
Player point: 13, Bot point: 22
Player win! Money: 702.0
========================
Round #217
Player cards: [♣T, ♦Q], Bot cards:[♠4, ♠9]
Player points: [20, 20], Bot points:[13, 13]
Bot get one more card ♠K
Player point: 20, Bot point: 23
Player win! Money: 722.0
========================
Round #218
Player cards: [♥9, ♥K], Bot cards:[♠9, ♣K]
Player points: [19, 19], Bot points:[19, 19]
Player point: 19, Bot point: 19
Draw! Money:722.0
========================
Round #219
New deck
Player cards: [♣6, ♣J], Bot cards:[♣T, ♣A]
Player points: [16, 16], Bot points:[11, 21]
Player get one more card ♠9
Bot get one more card ♠K
Player point: 25, Bot point: 21
Player lose! Money: 702.0
========================
Round #220
Player cards: [♦6, ♦9], Bot cards:[♦7, ♦A]
Player points: [15, 15], Bot points:[8, 18]
Player get one more card ♣Q
Bot get one more card ♦8
Bot get one more card ♣4
Player point: 25, Bot point: 20
Player lose! Money: 682.0
========================
Round #221
Player cards: [♠5, ♥T], Bot cards:[♠T, ♣J]
Player points: [15, 15], Bot points:[20, 20]
Player get one more card ♣2
Player point: 17, Bot point: 20
Player lose! Money: 662.0
========================
Round #222
Player cards: [♥3, ♣8], Bot cards:[♠7, ♦K]
Player points: [11, 11], Bot points:[17, 17]
----- Double Bet! -----
Player get one more card ♥A
Player point: 12, Bot point: 17
Player lose! Money: 622.0
========================
Round #223
Player cards: [♣6, ♣J], Bot cards:[♠3, ♦3]
Player points: [16, 16], Bot points:[6, 6]
Bot get one more card ♦J
Bot get one more card ♦5
Player point: 16, Bot point: 21
Player lose! Money: 602.0
========================
Round #224
Player cards: [♥5, ♠Q], Bot cards:[♣2, ♣6]
Player points: [15, 15], Bot points:[8, 8]
Bot get one more card ♦4
Bot get one more card ♦T
Player point: 15, Bot point: 22
Player win! Money: 622.0
========================
Round #225
Player cards: [♠4, ♦8], Bot cards:[♥2, ♥Q]
Player points: [12, 12], Bot points:[12, 12]
Player get one more card ♦T
Bot get one more card ♦3
Bot get one more card ♠T
Player point: 22, Bot point: 25
Player lose! Money: 602.0
========================
Round #226
Player cards: [♥4, ♣5], Bot cards:[♥9, ♠A]
Player points: [9, 9], Bot points:[10, 20]
Player get one more card ♣A
Bot get one more card ♠3
Bot get one more card ♥J
Player point: 20, Bot point: 23
Player win! Money: 622.0
========================
Round #227
Player cards: [♠J, ♠K], Bot cards:[♥3, ♠5]
Player points: [20, 20], Bot points:[8, 8]
Bot get one more card ♦3
Bot get one more card ♣3
Bot get one more card ♦6
Player point: 20, Bot point: 20
Draw! Money:622.0
========================
Round #228
Player cards: [♥T, ♦J], Bot cards:[♣8, ♦A]
Player points: [20, 20], Bot points:[9, 19]
Bot get one more card ♥6
Bot get one more card ♣5
Player point: 20, Bot point: 20
Draw! Money:622.0
========================
Round #229
Player cards: [♦8, ♥J], Bot cards:[♠3, ♦4]
Player points: [18, 18], Bot points:[7, 7]
Bot get one more card ♥A
Bot get one more card ♥9
Player point: 18, Bot point: 17
Player win! Money: 642.0
========================
Round #230
Player cards: [♦5, ♦7], Bot cards:[♠6, ♥K]
Player points: [12, 12], Bot points:[16, 16]
Bot get one more card ♣J
Player point: 12, Bot point: 26
Player win! Money: 662.0
========================
Round #231
Player cards: [♣7, ♥A], Bot cards:[♦9, ♠J]
Player points: [8, 18], Bot points:[19, 19]
Player point: 18, Bot point: 19
Player lose! Money: 642.0
========================
Round #232
Player cards: [♥3, ♠Q], Bot cards:[♥4, ♠4]
Player points: [13, 13], Bot points:[8, 8]
Bot get one more card ♣4
Bot get one more card ♣Q
Player point: 13, Bot point: 22
Player win! Money: 662.0
========================
Round #233
Player cards: [♥K, ♣A], Bot cards:[♣5, ♠7]
Player points: [11, 21], Bot points:[12, 12]
Bot get one more card ♦2
Bot get one more card ♥5
Player point: 21, Bot point: 19
------ BlackJack!! ------
Player win! Money: 688.0
========================
Round #234
Player cards: [♠7, ♠J], Bot cards:[♣5, ♥7]
Player points: [17, 17], Bot points:[12, 12]
Bot get one more card ♠4
Bot get one more card ♦T
Player point: 17, Bot point: 26
Player win! Money: 708.0
========================
Round #235
Player cards: [♦5, ♥8], Bot cards:[♣9, ♦J]
Player points: [13, 13], Bot points:[19, 19]
Player get one more card ♣4
Player point: 17, Bot point: 19
Player lose! Money: 688.0
========================
Round #236
Player cards: [♣Q, ♣K], Bot cards:[♠2, ♣9]
Player points: [20, 20], Bot points:[11, 11]
Bot get one more card ♥2
Bot get one more card ♣7
Player point: 20, Bot point: 20
Draw! Money:688.0
========================
Round #237
Player cards: [♥Q, ♦A], Bot cards:[♣T, ♠T]
Player points: [11, 21], Bot points:[20, 20]
Player point: 21, Bot point: 20
------ BlackJack!! ------
Player win! Money: 714.0
========================
Round #238
Player cards: [♣T, ♥A], Bot cards:[♦K, ♠K]
Player points: [11, 21], Bot points:[20, 20]
Player point: 21, Bot point: 20
------ BlackJack!! ------
Player win! Money: 740.0
========================
Round #239
Player cards: [♠Q, ♣K], Bot cards:[♣3, ♣T]
Player points: [20, 20], Bot points:[13, 13]
Bot get one more card ♠9
Player point: 20, Bot point: 22
Player win! Money: 760.0
========================
Round #240
Player cards: [♠2, ♣8], Bot cards:[♥7, ♦8]
Player points: [10, 10], Bot points:[15, 15]
----- Double Bet! -----
Player get one more card ♥7
Bot get one more card ♥9
Player point: 17, Bot point: 24
Player win! Money: 800.0
========================
Round #241
Player cards: [♥2, ♦8], Bot cards:[♥7, ♥Q]
Player points: [10, 10], Bot points:[17, 17]
----- Double Bet! -----
Player get one more card ♥3
Player point: 13, Bot point: 17
Player lose! Money: 760.0
========================
Round #242
Player cards: [♠5, ♦6], Bot cards:[♥4, ♠9]
Player points: [11, 11], Bot points:[13, 13]
----- Double Bet! -----
Player get one more card ♣9
Bot get one more card ♥5
Player point: 20, Bot point: 18
Player win! Money: 800.0
========================
Round #243
Player cards: [♦2, ♠6], Bot cards:[♦Q, ♦Q]
Player points: [8, 8], Bot points:[20, 20]
Player get one more card ♠K
Player point: 18, Bot point: 20
Player lose! Money: 780.0
========================
Round #244
Player cards: [♦2, ♠A], Bot cards:[♣7, ♥K]
Player points: [3, 13], Bot points:[17, 17]
Player get one more card ♠2
Player get one more card ♦2
Player point: 17, Bot point: 17
Draw! Money:780.0
========================
Round #245
Player cards: [♣3, ♠A], Bot cards:[♦3, ♦9]
Player points: [4, 14], Bot points:[12, 12]
Bot get one more card ♦Q
Player point: 14, Bot point: 22
Player win! Money: 800.0
========================
Round #246
Player cards: [♥9, ♦K], Bot cards:[♥8, ♥T]
Player points: [19, 19], Bot points:[18, 18]
Player point: 19, Bot point: 18
Player win! Money: 820.0
========================
Round #247
Player cards: [♥2, ♣8], Bot cards:[♠7, ♥Q]
Player points: [10, 10], Bot points:[17, 17]
----- Double Bet! -----
Player get one more card ♠5
Player point: 15, Bot point: 17
Player lose! Money: 780.0
========================
Round #248
Player cards: [♦Q, ♣K], Bot cards:[♠6, ♥J]
Player points: [20, 20], Bot points:[16, 16]
Bot get one more card ♦T
Player point: 20, Bot point: 26
Player win! Money: 800.0
========================
Round #249
Player cards: [♣4, ♠J], Bot cards:[♣4, ♦J]
Player points: [14, 14], Bot points:[14, 14]
Bot get one more card ♣3
Player point: 14, Bot point: 17
Player lose! Money: 780.0
========================
Round #250
Player cards: [♣Q, ♣A], Bot cards:[♥K, ♦A]
Player points: [11, 21], Bot points:[11, 21]
Bot get one more card ♦7
Player point: 21, Bot point: 18
------ BlackJack!! ------
Player win! Money: 806.0
========================
Round #251
Player cards: [♣2, ♠T], Bot cards:[♥8, ♠A]
Player points: [12, 12], Bot points:[9, 19]
Player get one more card ♥6
Bot get one more card ♠9
Player point: 18, Bot point: 18
Draw! Money:806.0
========================
Round #252
Player cards: [♥4, ♦4], Bot cards:[♠8, ♦K]
Player points: [8, 8], Bot points:[18, 18]
Player get one more card ♠8
Player get one more card ♥J
Player point: 26, Bot point: 18
Player lose! Money: 786.0
========================
Round #253
Player cards: [♥8, ♣J], Bot cards:[♠6, ♣9]
Player points: [18, 18], Bot points:[15, 15]
Bot get one more card ♥6
Player point: 18, Bot point: 21
Player lose! Money: 766.0
========================
Round #254
Player cards: [♠2, ♠8], Bot cards:[♣6, ♦9]
Player points: [10, 10], Bot points:[15, 15]
----- Double Bet! -----
Player get one more card ♦7
Bot get one more card ♣2
Player point: 17, Bot point: 17
Draw! Money:766.0
========================
Round #255
Player cards: [♠J, ♣K], Bot cards:[♠3, ♦5]
Player points: [20, 20], Bot points:[8, 8]
Bot get one more card ♣7
Bot get one more card ♦K
Player point: 20, Bot point: 25
Player win! Money: 786.0
========================
Round #256
New deck
Player cards: [♣5, ♠K], Bot cards:[♠5, ♠Q]
Player points: [15, 15], Bot points:[15, 15]
Bot get one more card ♣9
Player point: 15, Bot point: 24
Player win! Money: 806.0
========================
Round #257
Player cards: [♦3, ♣8], Bot cards:[♠3, ♠4]
Player points: [11, 11], Bot points:[7, 7]
----- Double Bet! -----
Player get one more card ♦A
Bot get one more card ♦K
Player point: 12, Bot point: 17
Player lose! Money: 766.0
========================
Round #258
Player cards: [♦5, ♥T], Bot cards:[♣2, ♠7]
Player points: [15, 15], Bot points:[9, 9]
Bot get one more card ♣A
Bot get one more card ♦A
Bot get one more card ♠J
Player point: 15, Bot point: 21
Player lose! Money: 746.0
========================
Round #259
Player cards: [♠Q, ♥A], Bot cards:[♥6, ♥T]
Player points: [11, 21], Bot points:[16, 16]
Bot get one more card ♣5
Player point: 21, Bot point: 21
Player lose! Money: 726.0
========================
Round #260
Player cards: [♦3, ♣9], Bot cards:[♦8, ♦T]
Player points: [12, 12], Bot points:[18, 18]
Player get one more card ♣T
Player point: 22, Bot point: 18
Player lose! Money: 706.0
========================
Round #261
Player cards: [♥5, ♦8], Bot cards:[♠2, ♠T]
Player points: [13, 13], Bot points:[12, 12]
Bot get one more card ♣3
Bot get one more card ♣8
Player point: 13, Bot point: 23
Player win! Money: 726.0
========================
Round #262
Player cards: [♣6, ♠T], Bot cards:[♦4, ♥8]
Player points: [16, 16], Bot points:[12, 12]
Bot get one more card ♥2
Bot get one more card ♥6
Player point: 16, Bot point: 20
Player lose! Money: 706.0
========================
Round #263
Player cards: [♠5, ♦J], Bot cards:[♥3, ♥6]
Player points: [15, 15], Bot points:[9, 9]
Bot get one more card ♠7
Bot get one more card ♣2
Player point: 15, Bot point: 18
Player lose! Money: 686.0
========================
Round #264
Player cards: [♣9, ♥Q], Bot cards:[♦T, ♠A]
Player points: [19, 19], Bot points:[11, 21]
Bot get one more card ♠A
Bot get one more card ♣T
Player point: 19, Bot point: 22
Player win! Money: 706.0
========================
Round #265
Player cards: [♣4, ♠J], Bot cards:[♥4, ♥7]
Player points: [14, 14], Bot points:[11, 11]
Bot get one more card ♠4
Bot get one more card ♠4
Player point: 14, Bot point: 19
Player lose! Money: 686.0
========================
Round #266
Player cards: [♥9, ♣K], Bot cards:[♣7, ♠8]
Player points: [19, 19], Bot points:[15, 15]
Bot get one more card ♥5
Player point: 19, Bot point: 20
Player lose! Money: 666.0
========================
Round #267
Player cards: [♦5, ♠J], Bot cards:[♠9, ♥J]
Player points: [15, 15], Bot points:[19, 19]
Player get one more card ♠4
Player point: 19, Bot point: 19
Draw! Money:666.0
========================
Round #268
Player cards: [♥5, ♦A], Bot cards:[♦7, ♦9]
Player points: [6, 16], Bot points:[16, 16]
Player get one more card ♠3
Bot get one more card ♣J
Player point: 19, Bot point: 26
Player win! Money: 686.0
========================
Round #269
Player cards: [♠6, ♣K], Bot cards:[♣2, ♦4]
Player points: [16, 16], Bot points:[6, 6]
Bot get one more card ♦6
Bot get one more card ♠9
Player point: 16, Bot point: 21
Player lose! Money: 666.0
========================
Round #270
Player cards: [♥7, ♣K], Bot cards:[♥3, ♠T]
Player points: [17, 17], Bot points:[13, 13]
Bot get one more card ♠6
Player point: 17, Bot point: 19
Player lose! Money: 646.0
========================
Round #271
Player cards: [♣6, ♥J], Bot cards:[♠6, ♦7]
Player points: [16, 16], Bot points:[13, 13]
Bot get one more card ♥2
Bot get one more card ♣4
Player point: 16, Bot point: 19
Player lose! Money: 626.0
========================
Round #272
Player cards: [♠2, ♥K], Bot cards:[♠8, ♦Q]
Player points: [12, 12], Bot points:[18, 18]
Player get one more card ♥K
Player point: 22, Bot point: 18
Player lose! Money: 606.0
========================
Round #273
Player cards: [♦2, ♣3], Bot cards:[♦3, ♦3]
Player points: [5, 5], Bot points:[6, 6]
Player get one more card ♣T
Bot get one more card ♣9
Bot get one more card ♣Q
Player point: 15, Bot point: 25
Player win! Money: 626.0
========================
Round #274
Player cards: [♠T, ♠Q], Bot cards:[♥T, ♦Q]
Player points: [20, 20], Bot points:[20, 20]
Player point: 20, Bot point: 20
Draw! Money:626.0
========================
Round #275
Player cards: [♥5, ♠5], Bot cards:[♠2, ♣A]
Player points: [10, 10], Bot points:[3, 13]
----- Double Bet! -----
Player get one more card ♦2
Bot get one more card ♥7
Bot get one more card ♠J
Player point: 12, Bot point: 20
Player lose! Money: 586.0
========================
Round #276
Player cards: [♦8, ♠Q], Bot cards:[♠3, ♣Q]
Player points: [18, 18], Bot points:[13, 13]
Bot get one more card ♠K
Player point: 18, Bot point: 23
Player win! Money: 606.0
========================
Round #277
Player cards: [♠7, ♦8], Bot cards:[♣4, ♥J]
Player points: [15, 15], Bot points:[14, 14]
Bot get one more card ♣3
Player point: 15, Bot point: 17
Player lose! Money: 586.0
========================
Round #278
Player cards: [♣2, ♦A], Bot cards:[♥9, ♦K]
Player points: [3, 13], Bot points:[19, 19]
Player get one more card ♦6
Player point: 19, Bot point: 19
Draw! Money:586.0
========================
Round #279
Player cards: [♥6, ♥Q], Bot cards:[♦6, ♠K]
Player points: [16, 16], Bot points:[16, 16]
Bot get one more card ♥8
Player point: 16, Bot point: 24
Player win! Money: 606.0
========================
Round #280
Player cards: [♣7, ♦9], Bot cards:[♥2, ♣J]
Player points: [16, 16], Bot points:[12, 12]
Bot get one more card ♥Q
Player point: 16, Bot point: 22
Player win! Money: 626.0
========================
Round #281
Player cards: [♠4, ♥K], Bot cards:[♥5, ♣A]
Player points: [14, 14], Bot points:[6, 16]
Bot get one more card ♥K
Bot get one more card ♠8
Player point: 14, Bot point: 24
Player win! Money: 646.0
========================
Round #282
Player cards: [♦4, ♣5], Bot cards:[♥3, ♦K]
Player points: [9, 9], Bot points:[13, 13]
----- Double Bet! -----
Player get one more card ♥Q
Bot get one more card ♦6
Player point: 19, Bot point: 19
Draw! Money:646.0
========================
Round #283
Player cards: [♠2, ♣K], Bot cards:[♦K, ♥A]
Player points: [12, 12], Bot points:[11, 21]
Player get one more card ♥4
Player get one more card ♦2
Bot get one more card ♥3
Bot get one more card ♠3
Player point: 18, Bot point: 17
Player win! Money: 666.0
========================
Round #284
Player cards: [♥4, ♦9], Bot cards:[♣6, ♥A]
Player points: [13, 13], Bot points:[7, 17]
Bot get one more card ♣3
Bot get one more card ♦7
Player point: 13, Bot point: 17
Player lose! Money: 646.0
========================
Round #285
Player cards: [♣4, ♣8], Bot cards:[♣6, ♠8]
Player points: [12, 12], Bot points:[14, 14]
Bot get one more card ♥2
Bot get one more card ♥7
Player point: 12, Bot point: 23
Player win! Money: 666.0
========================
Round #286
Player cards: [♦J, ♦Q], Bot cards:[♣5, ♣7]
Player points: [20, 20], Bot points:[12, 12]
Bot get one more card ♠7
Player point: 20, Bot point: 19
Player win! Money: 686.0
========================
Round #287
Player cards: [♣J, ♦J], Bot cards:[♦T, ♥J]
Player points: [20, 20], Bot points:[20, 20]
Player point: 20, Bot point: 20
Draw! Money:686.0
========================
Round #288
Player cards: [♠Q, ♥A], Bot cards:[♦7, ♦T]
Player points: [11, 21], Bot points:[17, 17]
Player point: 21, Bot point: 17
------ BlackJack!! ------
Player win! Money: 712.0
========================
Round #289
Player cards: [♠9, ♥T], Bot cards:[♠6, ♥9]
Player points: [19, 19], Bot points:[15, 15]
Bot get one more card ♦5
Player point: 19, Bot point: 20
Player lose! Money: 692.0
========================
Round #290
Player cards: [♥8, ♦Q], Bot cards:[♣8, ♣A]
Player points: [18, 18], Bot points:[9, 19]
Bot get one more card ♥4
Bot get one more card ♣T
Player point: 18, Bot point: 23
Player win! Money: 712.0
========================
Round #291
Player cards: [♠5, ♣J], Bot cards:[♠9, ♠K]
Player points: [15, 15], Bot points:[19, 19]
Player get one more card ♣Q
Player point: 25, Bot point: 19
Player lose! Money: 692.0
========================
Round #292
Player cards: [♠8, ♥T], Bot cards:[♠A, ♠A]
Player points: [18, 18], Bot points:[2, 12]
Bot get one more card ♦2
Bot get one more card ♥9
Bot get one more card ♦J
Player point: 18, Bot point: 23
Player win! Money: 712.0
========================
Round #293
Player cards: [♦4, ♦5], Bot cards:[♦6, ♣Q]
Player points: [9, 9], Bot points:[16, 16]
----- Double Bet! -----
Player get one more card ♦4
Bot get one more card ♦9
Player point: 13, Bot point: 25
Player win! Money: 752.0
========================
Round #294
New deck
Player cards: [♦5, ♠J], Bot cards:[♠3, ♣9]
Player points: [15, 15], Bot points:[12, 12]
Bot get one more card ♦5
Player point: 15, Bot point: 17
Player lose! Money: 732.0
========================
Round #295
Player cards: [♥9, ♣K], Bot cards:[♠7, ♥A]
Player points: [19, 19], Bot points:[8, 18]
Bot get one more card ♥9
Player point: 19, Bot point: 17
Player win! Money: 752.0
========================
Round #296
Player cards: [♦4, ♠5], Bot cards:[♥6, ♣8]
Player points: [9, 9], Bot points:[14, 14]
----- Double Bet! -----
Player get one more card ♥J
Bot get one more card ♣3
Player point: 19, Bot point: 17
Player win! Money: 792.0
========================
Round #297
Player cards: [♥6, ♣6], Bot cards:[♥T, ♦J]
Player points: [12, 12], Bot points:[20, 20]
Player get one more card ♦7
Player point: 19, Bot point: 20
Player lose! Money: 772.0
========================
Round #298
Player cards: [♦8, ♦T], Bot cards:[♦8, ♠Q]
Player points: [18, 18], Bot points:[18, 18]
Player point: 18, Bot point: 18
Draw! Money:772.0
========================
Round #299
Player cards: [♦2, ♠8], Bot cards:[♥6, ♥Q]
Player points: [10, 10], Bot points:[16, 16]
----- Double Bet! -----
Player get one more card ♥7
Bot get one more card ♦3
Player point: 17, Bot point: 19
Player lose! Money: 732.0
========================
Round #300
Player cards: [♣8, ♦K], Bot cards:[♣T, ♠K]
Player points: [18, 18], Bot points:[20, 20]
Player point: 18, Bot point: 20
Player lose! Money: 712.0
========================
Round #301
Player cards: [♠T, ♦Q], Bot cards:[♦6, ♥8]
Player points: [20, 20], Bot points:[14, 14]
Bot get one more card ♦9
Player point: 20, Bot point: 23
Player win! Money: 732.0
========================
Round #302
Player cards: [♥J, ♥Q], Bot cards:[♦7, ♣7]
Player points: [20, 20], Bot points:[14, 14]
Bot get one more card ♥2
Bot get one more card ♦Q
Player point: 20, Bot point: 26
Player win! Money: 752.0
========================
Round #303
Player cards: [♣T, ♣A], Bot cards:[♥4, ♣J]
Player points: [11, 21], Bot points:[14, 14]
Bot get one more card ♠3
Player point: 21, Bot point: 17
------ BlackJack!! ------
Player win! Money: 778.0
========================
Round #304
Player cards: [♦5, ♣A], Bot cards:[♥3, ♦A]
Player points: [6, 16], Bot points:[4, 14]
Bot get one more card ♠A
Bot get one more card ♦T
Bot get one more card ♠2
Player point: 16, Bot point: 17
Player lose! Money: 758.0
========================
Round #305
Player cards: [♣2, ♥8], Bot cards:[♦7, ♦A]
Player points: [10, 10], Bot points:[8, 18]
----- Double Bet! -----
Player get one more card ♣4
Bot get one more card ♦9
Player point: 14, Bot point: 17
Player lose! Money: 718.0
========================
Round #306
Player cards: [♣3, ♦3], Bot cards:[♣7, ♠A]
Player points: [6, 6], Bot points:[8, 18]
-------- Split! Two hands: [5, 5], [13, 13]
Player get one more card ♦6
Player get one more card ♠9
For second hand:
Player get one more card ♦Q
Bot get one more card ♥8
Bot get one more card ♥A
Player point: 20, Bot point: 17
Player win! Money: 738.0
========================
Player point: 23, Bot point: 17
Player lose! Money: 718.0
========================
Round #307
Player cards: [♥4, ♣7], Bot cards:[♦T, ♦J]
Player points: [11, 11], Bot points:[20, 20]
----- Double Bet! -----
Player get one more card ♦J
Player point: 21, Bot point: 20
Player win! Money: 758.0
========================
Round #308
Player cards: [♦2, ♠8], Bot cards:[♦2, ♣A]
Player points: [10, 10], Bot points:[3, 13]
----- Double Bet! -----
Player get one more card ♥2
Bot get one more card ♣5
Bot get one more card ♣6
Bot get one more card ♦7
Player point: 12, Bot point: 21
Player lose! Money: 718.0
========================
Round #309
Player cards: [♠3, ♠4], Bot cards:[♠3, ♥Q]
Player points: [7, 7], Bot points:[13, 13]
Player get one more card ♣Q
Bot get one more card ♦K
Player point: 17, Bot point: 23
Player win! Money: 738.0
========================
Round #310
Player cards: [♠4, ♣K], Bot cards:[♦4, ♥7]
Player points: [14, 14], Bot points:[11, 11]
Bot get one more card ♣2
Bot get one more card ♥K
Player point: 14, Bot point: 23
Player win! Money: 758.0
========================
Round #311
Player cards: [♣7, ♠7], Bot cards:[♣J, ♠Q]
Player points: [14, 14], Bot points:[20, 20]
Player get one more card ♠6
Player point: 20, Bot point: 20
Draw! Money:758.0
========================
Round #312
Player cards: [♥3, ♥5], Bot cards:[♥T, ♥Q]
Player points: [8, 8], Bot points:[20, 20]
Player get one more card ♥K
Player point: 18, Bot point: 20
Player lose! Money: 738.0
========================
Round #313
Player cards: [♣4, ♣K], Bot cards:[♥J, ♠J]
Player points: [14, 14], Bot points:[20, 20]
Player get one more card ♦J
Player point: 24, Bot point: 20
Player lose! Money: 718.0
========================
Round #314
Player cards: [♠6, ♦A], Bot cards:[♣7, ♥9]
Player points: [7, 17], Bot points:[16, 16]
Bot get one more card ♣J
Player point: 17, Bot point: 26
Player win! Money: 738.0
========================
Round #315
Player cards: [♣4, ♠6], Bot cards:[♠2, ♣T]
Player points: [10, 10], Bot points:[12, 12]
----- Double Bet! -----
Player get one more card ♦2
Bot get one more card ♦K
Player point: 12, Bot point: 22
Player win! Money: 778.0
========================
Round #316
Player cards: [♦3, ♣9], Bot cards:[♠7, ♠K]
Player points: [12, 12], Bot points:[17, 17]
Player get one more card ♣8
Player point: 20, Bot point: 17
Player win! Money: 798.0
========================
Round #317
Player cards: [♦3, ♣4], Bot cards:[♠8, ♥A]
Player points: [7, 7], Bot points:[9, 19]
Player get one more card ♥4
Player get one more card ♠9
Bot get one more card ♥2
Bot get one more card ♣2
Bot get one more card ♦9
Player point: 20, Bot point: 22
Player win! Money: 818.0
========================
Round #318
Player cards: [♠5, ♦6], Bot cards:[♥2, ♠6]
Player points: [11, 11], Bot points:[8, 8]
----- Double Bet! -----
Player get one more card ♣A
Bot get one more card ♠7
Bot get one more card ♥5
Player point: 12, Bot point: 20
Player lose! Money: 778.0
========================
Round #319
Player cards: [♣6, ♠T], Bot cards:[♥K, ♠K]
Player points: [16, 16], Bot points:[20, 20]
Player get one more card ♣Q
Player point: 26, Bot point: 20
Player lose! Money: 758.0
========================
Round #320
Player cards: [♣8, ♥J], Bot cards:[♥4, ♣J]
Player points: [18, 18], Bot points:[14, 14]
Bot get one more card ♥A
Bot get one more card ♦8
Player point: 18, Bot point: 23
Player win! Money: 778.0
========================
Round #321
Player cards: [♣9, ♥K], Bot cards:[♣3, ♦T]
Player points: [19, 19], Bot points:[13, 13]
Bot get one more card ♦4
Player point: 19, Bot point: 17
Player win! Money: 798.0
========================
Round #322
Player cards: [♥7, ♦A], Bot cards:[♥9, ♠J]
Player points: [8, 18], Bot points:[19, 19]
Player point: 18, Bot point: 19
Player lose! Money: 778.0
========================
Round #323
Player cards: [♣5, ♥5], Bot cards:[♣3, ♦4]
Player points: [10, 10], Bot points:[7, 7]
----- Double Bet! -----
Player get one more card ♠2
Bot get one more card ♠T
Player point: 12, Bot point: 17
Player lose! Money: 738.0
========================
Round #324
Player cards: [♣5, ♦9], Bot cards:[♠J, ♦K]
Player points: [14, 14], Bot points:[20, 20]
Player get one more card ♥8
Player point: 22, Bot point: 20
Player lose! Money: 718.0
========================
Round #325
Player cards: [♥2, ♠9], Bot cards:[♥3, ♥6]
Player points: [11, 11], Bot points:[9, 9]
----- Double Bet! -----
Player get one more card ♠4
Bot get one more card ♥T
Player point: 15, Bot point: 19
Player lose! Money: 678.0
========================
Round #326
Player cards: [♠Q, ♦Q], Bot cards:[♣5, ♠T]
Player points: [20, 20], Bot points:[15, 15]
Bot get one more card ♦8
Player point: 20, Bot point: 23
Player win! Money: 698.0
========================
Round #327
Player cards: [♣6, ♥8], Bot cards:[♠2, ♠8]
Player points: [14, 14], Bot points:[10, 10]
Bot get one more card ♠A
Bot get one more card ♠5
Bot get one more card ♥T
Player point: 14, Bot point: 26
Player win! Money: 718.0
========================
Round #328
Player cards: [♥6, ♣K], Bot cards:[♠4, ♥5]
Player points: [16, 16], Bot points:[9, 9]
Bot get one more card ♠A
Bot get one more card ♣Q
Player point: 16, Bot point: 20
Player lose! Money: 698.0
========================
Round #329
Player cards: [♥7, ♠Q], Bot cards:[♠9, ♣Q]
Player points: [17, 17], Bot points:[19, 19]
Player point: 17, Bot point: 19
Player lose! Money: 678.0
========================
Round #330
New deck
Player cards: [♠4, ♣A], Bot cards:[♥T, ♦Q]
Player points: [5, 15], Bot points:[20, 20]
Player get one more card ♠5
Player point: 20, Bot point: 20
Draw! Money:678.0
========================
Round #331
Player cards: [♣5, ♣9], Bot cards:[♥6, ♦J]
Player points: [14, 14], Bot points:[16, 16]
Bot get one more card ♠A
Player point: 14, Bot point: 17
Player lose! Money: 658.0
========================
Round #332
Player cards: [♥7, ♦Q], Bot cards:[♠6, ♥7]
Player points: [17, 17], Bot points:[13, 13]
Bot get one more card ♦K
Player point: 17, Bot point: 23
Player win! Money: 678.0
========================
Round #333
Player cards: [♠8, ♣T], Bot cards:[♣7, ♥9]
Player points: [18, 18], Bot points:[16, 16]
Bot get one more card ♠3
Player point: 18, Bot point: 19
Player lose! Money: 658.0
========================
Round #334
Player cards: [♣3, ♦Q], Bot cards:[♦2, ♦8]
Player points: [13, 13], Bot points:[10, 10]
Bot get one more card ♦A
Bot get one more card ♦A
Bot get one more card ♣8
Player point: 13, Bot point: 20
Player lose! Money: 638.0
========================
Round #335
Player cards: [♣4, ♥8], Bot cards:[♥2, ♥A]
Player points: [12, 12], Bot points:[3, 13]
Player get one more card ♠2
Bot get one more card ♠2
Bot get one more card ♠9
Bot get one more card ♥2
Bot get one more card ♥3
Player point: 14, Bot point: 19
Player lose! Money: 618.0
========================
Round #336
Player cards: [♥3, ♣J], Bot cards:[♥3, ♠3]
Player points: [13, 13], Bot points:[6, 6]
Bot get one more card ♠K
Bot get one more card ♦9
Player point: 13, Bot point: 25
Player win! Money: 638.0
========================
Round #337
Player cards: [♦J, ♥K], Bot cards:[♦9, ♣Q]
Player points: [20, 20], Bot points:[19, 19]
Player point: 20, Bot point: 19
Player win! Money: 658.0
========================
Round #338
Player cards: [♦2, ♥2], Bot cards:[♣2, ♥J]
Player points: [4, 4], Bot points:[12, 12]
Player get one more card ♦A
Bot get one more card ♦8
Player point: 15, Bot point: 20
Player lose! Money: 638.0
========================
Round #339
Player cards: [♣5, ♠K], Bot cards:[♣T, ♠T]
Player points: [15, 15], Bot points:[20, 20]
Player get one more card ♣5
Player point: 20, Bot point: 20
Draw! Money:638.0
========================
Round #340
Player cards: [♦6, ♣K], Bot cards:[♣7, ♦A]
Player points: [16, 16], Bot points:[8, 18]
Player get one more card ♠A
Bot get one more card ♦3
Bot get one more card ♦7
Player point: 17, Bot point: 18
Player lose! Money: 618.0
========================
Round #341
Player cards: [♣4, ♦7], Bot cards:[♦T, ♦K]
Player points: [11, 11], Bot points:[20, 20]
----- Double Bet! -----
Player get one more card ♦T
Player point: 21, Bot point: 20
Player win! Money: 658.0
========================
Round #342
Player cards: [♦3, ♠4], Bot cards:[♥4, ♦7]
Player points: [7, 7], Bot points:[11, 11]
Player get one more card ♠A
Bot get one more card ♣K
Player point: 18, Bot point: 21
Player lose! Money: 638.0
========================
Round #343
Player cards: [♣K, ♣K], Bot cards:[♦3, ♣A]
Player points: [20, 20], Bot points:[4, 14]
Bot get one more card ♠Q
Bot get one more card ♦9
Player point: 20, Bot point: 23
Player win! Money: 658.0
========================
Round #344
Player cards: [♦5, ♥Q], Bot cards:[♣8, ♦T]
Player points: [15, 15], Bot points:[18, 18]
Player get one more card ♥J
Player point: 25, Bot point: 18
Player lose! Money: 638.0
========================
Round #345
Player cards: [♥8, ♣Q], Bot cards:[♣2, ♠4]
Player points: [18, 18], Bot points:[6, 6]
Bot get one more card ♣J
Bot get one more card ♠J
Player point: 18, Bot point: 26
Player win! Money: 658.0
========================
Round #346
Player cards: [♣9, ♥K], Bot cards:[♥6, ♣9]
Player points: [19, 19], Bot points:[15, 15]
Bot get one more card ♣J
Player point: 19, Bot point: 25
Player win! Money: 678.0
========================
Round #347
Player cards: [♥2, ♠5], Bot cards:[♦4, ♥T]
Player points: [7, 7], Bot points:[14, 14]
Player get one more card ♥8
Bot get one more card ♦9
Player point: 15, Bot point: 23
Player win! Money: 698.0
========================
Round #348
Player cards: [♦6, ♣Q], Bot cards:[♦2, ♣9]
Player points: [16, 16], Bot points:[11, 11]
Bot get one more card ♥J
Player point: 16, Bot point: 21
Player lose! Money: 678.0
========================
Round #349
Player cards: [♦4, ♣A], Bot cards:[♥4, ♥J]
Player points: [5, 15], Bot points:[14, 14]
Bot get one more card ♣9
Player point: 15, Bot point: 23
Player win! Money: 698.0
========================
Round #350
Player cards: [♠7, ♣Q], Bot cards:[♠2, ♣5]
Player points: [17, 17], Bot points:[7, 7]
Bot get one more card ♥4
Bot get one more card ♠6
Player point: 17, Bot point: 17
Draw! Money:698.0
========================
Round #351
Player cards: [♠K, ♦K], Bot cards:[♦3, ♣7]
Player points: [20, 20], Bot points:[10, 10]
Bot get one more card ♠7
Player point: 20, Bot point: 17
Player win! Money: 718.0
========================
Round #352
Player cards: [♦6, ♣J], Bot cards:[♠7, ♠Q]
Player points: [16, 16], Bot points:[17, 17]
Player get one more card ♠5
Player point: 21, Bot point: 17
Player win! Money: 738.0
========================
Round #353
Player cards: [♥3, ♣6], Bot cards:[♥6, ♦7]
Player points: [9, 9], Bot points:[13, 13]
----- Double Bet! -----
Player get one more card ♥5
Bot get one more card ♥8
Player point: 14, Bot point: 21
Player lose! Money: 698.0
========================
Round #354
Player cards: [♠T, ♥Q], Bot cards:[♦J, ♥K]
Player points: [20, 20], Bot points:[20, 20]
Player point: 20, Bot point: 20
Draw! Money:698.0
========================
Round #355
Player cards: [♣2, ♠Q], Bot cards:[♣7, ♥9]
Player points: [12, 12], Bot points:[16, 16]
Player get one more card ♠9
Bot get one more card ♠3
Player point: 21, Bot point: 19
Player win! Money: 718.0
========================
Round #356
Player cards: [♥3, ♥A], Bot cards:[♦6, ♠6]
Player points: [4, 14], Bot points:[12, 12]
Bot get one more card ♠4
Bot get one more card ♣6
Player point: 14, Bot point: 22
Player win! Money: 738.0
========================
Round #357
Player cards: [♣8, ♠K], Bot cards:[♣6, ♥T]
Player points: [18, 18], Bot points:[16, 16]
Bot get one more card ♣T
Player point: 18, Bot point: 26
Player win! Money: 758.0
========================
Round #358
Player cards: [♥5, ♠Q], Bot cards:[♥Q, ♥A]
Player points: [15, 15], Bot points:[11, 21]
Player get one more card ♣4
Bot get one more card ♥6
Player point: 19, Bot point: 17
Player win! Money: 778.0
========================
Round #359
Player cards: [♦5, ♦J], Bot cards:[♠2, ♠6]
Player points: [15, 15], Bot points:[8, 8]
Bot get one more card ♣A
Bot get one more card ♦Q
Player point: 15, Bot point: 19
Player lose! Money: 758.0
========================
Round #360
Player cards: [♦4, ♠K], Bot cards:[♣3, ♥K]
Player points: [14, 14], Bot points:[13, 13]
Bot get one more card ♦8
Player point: 14, Bot point: 21
Player lose! Money: 738.0
========================
Round #361
Player cards: [♦2, ♣3], Bot cards:[♠8, ♥T]
Player points: [5, 5], Bot points:[18, 18]
Player get one more card ♥4
Player get one more card ♥Q
Player point: 19, Bot point: 18
Player win! Money: 758.0
========================
Round #362
Player cards: [♦4, ♣4], Bot cards:[♦5, ♣6]
Player points: [8, 8], Bot points:[11, 11]
Player get one more card ♠9
Bot get one more card ♠5
Bot get one more card ♠J
Player point: 17, Bot point: 26
Player win! Money: 778.0
========================
Round #363
Player cards: [♥5, ♠T], Bot cards:[♥5, ♠J]
Player points: [15, 15], Bot points:[15, 15]
Bot get one more card ♣3
Player point: 15, Bot point: 18
Player lose! Money: 758.0
========================
Round #364
Player cards: [♣8, ♥A], Bot cards:[♠8, ♠A]
Player points: [9, 19], Bot points:[9, 19]
Bot get one more card ♣T
Player point: 19, Bot point: 19
Draw! Money:758.0
========================
Round #365
Player cards: [♥7, ♠9], Bot cards:[♠8, ♠J]
Player points: [16, 16], Bot points:[18, 18]
Player get one more card ♦5
Player point: 21, Bot point: 18
Player win! Money: 778.0
========================
Round #366
Player cards: [♠5, ♦8], Bot cards:[♠7, ♦T]
Player points: [13, 13], Bot points:[17, 17]
Player get one more card ♠3
Player get one more card ♥9
Player point: 25, Bot point: 17
Player lose! Money: 758.0
========================
Round #367
New deck
Player cards: [♠3, ♦T], Bot cards:[♠2, ♠5]
Player points: [13, 13], Bot points:[7, 7]
Bot get one more card ♣8
Bot get one more card ♠7
Player point: 13, Bot point: 22
Player win! Money: 778.0
========================
Round #368
Player cards: [♣4, ♦4], Bot cards:[♠3, ♥5]
Player points: [8, 8], Bot points:[8, 8]
Player get one more card ♣3
Player get one more card ♦2
Bot get one more card ♥5
Bot get one more card ♠J
Player point: 13, Bot point: 23
Player win! Money: 798.0
========================
Round #369
Player cards: [♠2, ♥9], Bot cards:[♦6, ♠K]
Player points: [11, 11], Bot points:[16, 16]
----- Double Bet! -----
Player get one more card ♦A
Bot get one more card ♦Q
Player point: 12, Bot point: 26
Player win! Money: 838.0
========================
Round #370
Player cards: [♦2, ♦K], Bot cards:[♠5, ♦J]
Player points: [12, 12], Bot points:[15, 15]
Bot get one more card ♦3
Player point: 12, Bot point: 18
Player lose! Money: 818.0
========================
Round #371
Player cards: [♦4, ♣5], Bot cards:[♥T, ♦K]
Player points: [9, 9], Bot points:[20, 20]
Player get one more card ♣5
Player get one more card ♣K
Player point: 24, Bot point: 20
Player lose! Money: 798.0
========================
Round #372
Player cards: [♥5, ♠T], Bot cards:[♦6, ♠9]
Player points: [15, 15], Bot points:[15, 15]
Bot get one more card ♣Q
Player point: 15, Bot point: 25
Player win! Money: 818.0
========================
Round #373
Player cards: [♦5, ♦K], Bot cards:[♣J, ♣Q]
Player points: [15, 15], Bot points:[20, 20]
Player get one more card ♦3
Player point: 18, Bot point: 20
Player lose! Money: 798.0
========================
Round #374
Player cards: [♣3, ♦Q], Bot cards:[♠9, ♣T]
Player points: [13, 13], Bot points:[19, 19]
Player get one more card ♥K
Player point: 23, Bot point: 19
Player lose! Money: 778.0
========================
Round #375
Player cards: [♦5, ♠8], Bot cards:[♣7, ♥J]
Player points: [13, 13], Bot points:[17, 17]
Player get one more card ♠4
Player point: 17, Bot point: 17
Draw! Money:778.0
========================
Round #376
Player cards: [♣2, ♥2], Bot cards:[♦7, ♣K]
Player points: [4, 4], Bot points:[17, 17]
-------- Split! Two hands: [10, 10], [12, 12]
----- Double Bet! -----
Player get one more card ♥9
For second hand:
Player get one more card ♥2
Player get one more card ♦9
Player point: 19, Bot point: 17
Player win! Money: 818.0
========================
Player point: 23, Bot point: 17
Player lose! Money: 798.0
========================
Round #377
Player cards: [♥3, ♣7], Bot cards:[♥3, ♣A]
Player points: [10, 10], Bot points:[4, 14]
----- Double Bet! -----
Player get one more card ♣6
Bot get one more card ♦6
Bot get one more card ♣7
Player point: 16, Bot point: 17
Player lose! Money: 758.0
========================
Round #378
Player cards: [♠9, ♥T], Bot cards:[♥4, ♠J]
Player points: [19, 19], Bot points:[14, 14]
Bot get one more card ♦J
Player point: 19, Bot point: 24
Player win! Money: 778.0
========================
Round #379
Player cards: [♣7, ♣9], Bot cards:[♥6, ♣J]
Player points: [16, 16], Bot points:[16, 16]
Bot get one more card ♥J
Player point: 16, Bot point: 26
Player win! Money: 798.0
========================
Round #380
Player cards: [♠5, ♣T], Bot cards:[♣2, ♦9]
Player points: [15, 15], Bot points:[11, 11]
Bot get one more card ♥2
Bot get one more card ♣3
Bot get one more card ♠A
Player point: 15, Bot point: 17
Player lose! Money: 778.0
========================
Round #381
Player cards: [♦8, ♥Q], Bot cards:[♥3, ♠J]
Player points: [18, 18], Bot points:[13, 13]
Bot get one more card ♥7
Player point: 18, Bot point: 20
Player lose! Money: 758.0
========================
Round #382
Player cards: [♦7, ♦Q], Bot cards:[♦5, ♠T]
Player points: [17, 17], Bot points:[15, 15]
Bot get one more card ♣9
Player point: 17, Bot point: 24
Player win! Money: 778.0
========================
Round #383
Player cards: [♠4, ♠K], Bot cards:[♠Q, ♦A]
Player points: [14, 14], Bot points:[11, 21]
Player get one more card ♦J
Bot get one more card ♣6
Player point: 24, Bot point: 17
Player lose! Money: 758.0
========================
Round #384
Player cards: [♠T, ♣T], Bot cards:[♠7, ♠8]
Player points: [20, 20], Bot points:[15, 15]
Bot get one more card ♠J
Player point: 20, Bot point: 25
Player win! Money: 778.0
========================
Round #385
Player cards: [♣8, ♥9], Bot cards:[♦8, ♣8]
Player points: [17, 17], Bot points:[16, 16]
Bot get one more card ♥5
Player point: 17, Bot point: 21
Player lose! Money: 758.0
========================
Round #386
Player cards: [♦T, ♠T], Bot cards:[♦2, ♥Q]
Player points: [20, 20], Bot points:[12, 12]
Bot get one more card ♣5
Player point: 20, Bot point: 17
Player win! Money: 778.0
========================
Round #387
Player cards: [♣9, ♦A], Bot cards:[♣2, ♣5]
Player points: [10, 20], Bot points:[7, 7]
Bot get one more card ♠A
Bot get one more card ♠Q
Player point: 20, Bot point: 18
Player win! Money: 798.0
========================
Round #388
Player cards: [♠6, ♥K], Bot cards:[♦2, ♠4]
Player points: [16, 16], Bot points:[6, 6]
Bot get one more card ♦3
Bot get one more card ♣8
Player point: 16, Bot point: 17
Player lose! Money: 778.0
========================
Round #389
Player cards: [♠5, ♠6], Bot cards:[♣6, ♣6]
Player points: [11, 11], Bot points:[12, 12]
----- Double Bet! -----
Player get one more card ♣K
Bot get one more card ♠3
Bot get one more card ♥A
Bot get one more card ♥6
Player point: 21, Bot point: 22
Player win! Money: 818.0
========================
Round #390
Player cards: [♦7, ♦A], Bot cards:[♠9, ♣A]
Player points: [8, 18], Bot points:[10, 20]
Bot get one more card ♥A
Bot get one more card ♣4
Bot get one more card ♠Q
Player point: 18, Bot point: 25
Player win! Money: 838.0
========================
Round #391
Player cards: [♦7, ♥Q], Bot cards:[♣3, ♥4]
Player points: [17, 17], Bot points:[7, 7]
Bot get one more card ♥3
Bot get one more card ♣A
Bot get one more card ♦T
Player point: 17, Bot point: 21
Player lose! Money: 818.0
========================
Round #392
Player cards: [♣2, ♥A], Bot cards:[♥7, ♣A]
Player points: [3, 13], Bot points:[8, 18]
Player get one more card ♦Q
Player get one more card ♣9
Bot get one more card ♥6
Bot get one more card ♠A
Bot get one more card ♣K
Player point: 22, Bot point: 25
Player lose! Money: 798.0
========================
Round #393
Player cards: [♦4, ♥J], Bot cards:[♥8, ♦9]
Player points: [14, 14], Bot points:[17, 17]
Player get one more card ♦9
Player point: 23, Bot point: 17
Player lose! Money: 778.0
========================
Round #394
Player cards: [♥6, ♥7], Bot cards:[♥7, ♥9]
Player points: [13, 13], Bot points:[16, 16]
Player get one more card ♦T
Bot get one more card ♥4
Player point: 23, Bot point: 20
Player lose! Money: 758.0
========================
Round #395
Player cards: [♠3, ♣4], Bot cards:[♠6, ♦6]
Player points: [7, 7], Bot points:[12, 12]
Player get one more card ♦8
Bot get one more card ♠T
Player point: 15, Bot point: 22
Player win! Money: 778.0
========================
Round #396
Player cards: [♦8, ♥T], Bot cards:[♦5, ♣Q]
Player points: [18, 18], Bot points:[15, 15]
Bot get one more card ♦J
Player point: 18, Bot point: 25
Player win! Money: 798.0
========================
Round #397
Player cards: [♠8, ♣Q], Bot cards:[♣T, ♠K]
Player points: [18, 18], Bot points:[20, 20]
Player point: 18, Bot point: 20
Player lose! Money: 778.0
========================
Round #398
Player cards: [♥T, ♥Q], Bot cards:[♥7, ♥9]
Player points: [20, 20], Bot points:[16, 16]
Bot get one more card ♠K
Player point: 20, Bot point: 26
Player win! Money: 798.0
========================
Round #399
Player cards: [♠8, ♠A], Bot cards:[♥2, ♠7]
Player points: [9, 19], Bot points:[9, 9]
Bot get one more card ♥A
Bot get one more card ♠7
Player point: 19, Bot point: 17
Player win! Money: 818.0
========================
Round #400
Player cards: [♠4, ♥4], Bot cards:[♣4, ♠6]
Player points: [8, 8], Bot points:[10, 10]
Player get one more card ♦3
Player get one more card ♥J
Bot get one more card ♦K
Player point: 21, Bot point: 20
Player win! Money: 838.0
========================
Round #401
Player cards: [♥8, ♣J], Bot cards:[♠2, ♦4]
Player points: [18, 18], Bot points:[6, 6]
Bot get one more card ♠2
Bot get one more card ♦6
Bot get one more card ♦5
Player point: 18, Bot point: 19
Player lose! Money: 818.0
========================
Round #402
New deck
Player cards: [♥6, ♥K], Bot cards:[♥T, ♥J]
Player points: [16, 16], Bot points:[20, 20]
Player get one more card ♣4
Player point: 20, Bot point: 20
Draw! Money:818.0
========================
Round #403
Player cards: [♥2, ♠3], Bot cards:[♥4, ♠7]
Player points: [5, 5], Bot points:[11, 11]
Player get one more card ♦K
Bot get one more card ♣2
Bot get one more card ♥6
Player point: 15, Bot point: 19
Player lose! Money: 798.0
========================
Round #404
Player cards: [♣T, ♠Q], Bot cards:[♥7, ♦9]
Player points: [20, 20], Bot points:[16, 16]
Bot get one more card ♠6
Player point: 20, Bot point: 22
Player win! Money: 818.0
========================
Round #405
Player cards: [♦2, ♦K], Bot cards:[♠J, ♣A]
Player points: [12, 12], Bot points:[11, 21]
Player get one more card ♠2
Player get one more card ♣T
Bot get one more card ♦J
Player point: 24, Bot point: 21
Player lose! Money: 798.0
========================
Round #406
Player cards: [♥8, ♦Q], Bot cards:[♣2, ♠A]
Player points: [18, 18], Bot points:[3, 13]
Bot get one more card ♠T
Bot get one more card ♦A
Bot get one more card ♣3
Player point: 18, Bot point: 17
Player win! Money: 818.0
========================
Round #407
Player cards: [♦7, ♠Q], Bot cards:[♠4, ♦6]
Player points: [17, 17], Bot points:[10, 10]
Bot get one more card ♣9
Player point: 17, Bot point: 19
Player lose! Money: 798.0
========================
Round #408
Player cards: [♦J, ♠J], Bot cards:[♦3, ♠K]
Player points: [20, 20], Bot points:[13, 13]
Bot get one more card ♣K
Player point: 20, Bot point: 23
Player win! Money: 818.0
========================
Round #409
Player cards: [♠8, ♣9], Bot cards:[♠3, ♣5]
Player points: [17, 17], Bot points:[8, 8]
Bot get one more card ♦Q
Player point: 17, Bot point: 18
Player lose! Money: 798.0
========================
Round #410
Player cards: [♥Q, ♣K], Bot cards:[♠9, ♥K]
Player points: [20, 20], Bot points:[19, 19]
Player point: 20, Bot point: 19
Player win! Money: 818.0
========================
Round #411
Player cards: [♠7, ♥Q], Bot cards:[♥T, ♦T]
Player points: [17, 17], Bot points:[20, 20]
Player point: 17, Bot point: 20
Player lose! Money: 798.0
========================
Round #412
Player cards: [♣7, ♣8], Bot cards:[♠5, ♣K]
Player points: [15, 15], Bot points:[15, 15]
Bot get one more card ♠T
Player point: 15, Bot point: 25
Player win! Money: 818.0
========================
Round #413
Player cards: [♠5, ♦8], Bot cards:[♥9, ♥Q]
Player points: [13, 13], Bot points:[19, 19]
Player get one more card ♦Q
Player point: 23, Bot point: 19
Player lose! Money: 798.0
========================
Round #414
Player cards: [♦4, ♣Q], Bot cards:[♥5, ♥9]
Player points: [14, 14], Bot points:[14, 14]
Bot get one more card ♥3
Player point: 14, Bot point: 17
Player lose! Money: 778.0
========================
Round #415
Player cards: [♠8, ♠K], Bot cards:[♠8, ♥A]
Player points: [18, 18], Bot points:[9, 19]
Bot get one more card ♥5
Bot get one more card ♣A
Bot get one more card ♠5
Player point: 18, Bot point: 20
Player lose! Money: 758.0
========================
Round #416
Player cards: [♠2, ♠3], Bot cards:[♣3, ♥7]
Player points: [5, 5], Bot points:[10, 10]
Player get one more card ♥Q
Bot get one more card ♦2
Bot get one more card ♠8
Player point: 15, Bot point: 20
Player lose! Money: 738.0
========================
Round #417
Player cards: [♠7, ♥9], Bot cards:[♦6, ♥7]
Player points: [16, 16], Bot points:[13, 13]
Bot get one more card ♣A
Bot get one more card ♥8
Player point: 16, Bot point: 22
Player win! Money: 758.0
========================
Round #418
Player cards: [♦3, ♦9], Bot cards:[♦4, ♦J]
Player points: [12, 12], Bot points:[14, 14]
Bot get one more card ♣6
Player point: 12, Bot point: 20
Player lose! Money: 738.0
========================
Round #419
Player cards: [♥J, ♠K], Bot cards:[♥3, ♠9]
Player points: [20, 20], Bot points:[12, 12]
Bot get one more card ♦2
Bot get one more card ♦4
Player point: 20, Bot point: 18
Player win! Money: 758.0
========================
Round #420
Player cards: [♠T, ♠A], Bot cards:[♥2, ♣K]
Player points: [11, 21], Bot points:[12, 12]
Bot get one more card ♥8
Player point: 21, Bot point: 20
------ BlackJack!! ------
Player win! Money: 784.0
========================
Round #421
Player cards: [♣3, ♠6], Bot cards:[♥T, ♦A]
Player points: [9, 9], Bot points:[11, 21]
Player get one more card ♦J
Bot get one more card ♦8
Player point: 19, Bot point: 19
Draw! Money:784.0
========================
Round #422
Player cards: [♣2, ♣8], Bot cards:[♥6, ♣9]
Player points: [10, 10], Bot points:[15, 15]
----- Double Bet! -----
Player get one more card ♦6
Bot get one more card ♣Q
Player point: 16, Bot point: 25
Player win! Money: 824.0
========================
Round #423
Player cards: [♣8, ♦9], Bot cards:[♣3, ♥7]
Player points: [17, 17], Bot points:[10, 10]
Bot get one more card ♣5
Bot get one more card ♥2
Player point: 17, Bot point: 17
Draw! Money:824.0
========================
Round #424
Player cards: [♣T, ♥A], Bot cards:[♠T, ♠A]
Player points: [11, 21], Bot points:[11, 21]
Bot get one more card ♦7
Player point: 21, Bot point: 18
------ BlackJack!! ------
Player win! Money: 850.0
========================
Round #425
Player cards: [♦6, ♥A], Bot cards:[♥2, ♠Q]
Player points: [7, 17], Bot points:[12, 12]
Bot get one more card ♣J
Player point: 17, Bot point: 22
Player win! Money: 870.0
========================
Round #426
Player cards: [♦4, ♣A], Bot cards:[♥8, ♦A]
Player points: [5, 15], Bot points:[9, 19]
Player get one more card ♦A
Player get one more card ♣J
Player get one more card ♣5
Bot get one more card ♦5
Bot get one more card ♣J
Player point: 21, Bot point: 24
Player win! Money: 890.0
========================
Round #427
Player cards: [♥4, ♦7], Bot cards:[♣4, ♣7]
Player points: [11, 11], Bot points:[11, 11]
----- Double Bet! -----
Player get one more card ♠5
Bot get one more card ♥4
Bot get one more card ♣4
Player point: 16, Bot point: 19
Player lose! Money: 850.0
========================
Round #428
Player cards: [♣7, ♦K], Bot cards:[♣5, ♦K]
Player points: [17, 17], Bot points:[15, 15]
Bot get one more card ♣2
Player point: 17, Bot point: 17
Draw! Money:850.0
========================
Round #429
Player cards: [♠6, ♦K], Bot cards:[♣Q, ♥K]
Player points: [16, 16], Bot points:[20, 20]
Player get one more card ♥K
Player point: 26, Bot point: 20
Player lose! Money: 830.0
========================
Round #430
Player cards: [♣2, ♠K], Bot cards:[♥5, ♦8]
Player points: [12, 12], Bot points:[13, 13]
Bot get one more card ♥4
Player point: 12, Bot point: 17
Player lose! Money: 810.0
========================
Round #431
Player cards: [♦T, ♠J], Bot cards:[♥8, ♥K]
Player points: [20, 20], Bot points:[18, 18]
Player point: 20, Bot point: 18
Player win! Money: 830.0
========================
Round #432
Player cards: [♠2, ♠3], Bot cards:[♥6, ♣9]
Player points: [5, 5], Bot points:[15, 15]
Player get one more card ♣8
Bot get one more card ♣6
Player point: 13, Bot point: 21
Player lose! Money: 810.0
========================
Round #433
Player cards: [♦3, ♠J], Bot cards:[♠6, ♦9]
Player points: [13, 13], Bot points:[15, 15]
Bot get one more card ♦7
Player point: 13, Bot point: 22
Player win! Money: 830.0
========================
Round #434
Player cards: [♦5, ♦T], Bot cards:[♦3, ♦Q]
Player points: [15, 15], Bot points:[13, 13]
Bot get one more card ♠Q
Player point: 15, Bot point: 23
Player win! Money: 850.0
========================
Round #435
Player cards: [♣6, ♣7], Bot cards:[♦8, ♣J]
Player points: [13, 13], Bot points:[18, 18]
Player get one more card ♠9
Player point: 22, Bot point: 18
Player lose! Money: 830.0
========================
Round #436
Player cards: [♦2, ♦5], Bot cards:[♣T, ♣Q]
Player points: [7, 7], Bot points:[20, 20]
Player get one more card ♠4
Player get one more card ♥9
Player point: 20, Bot point: 20
Draw! Money:830.0
========================
Round #437
Player cards: [♠4, ♦T], Bot cards:[♥3, ♠9]
Player points: [14, 14], Bot points:[12, 12]
Bot get one more card ♥J
Player point: 14, Bot point: 22
Player win! Money: 850.0
========================
Round #438
Player cards: [♥T, ♠Q], Bot cards:[♠7, ♠A]
Player points: [20, 20], Bot points:[8, 18]
Bot get one more card ♠4
Bot get one more card ♥5
Player point: 20, Bot point: 17
Player win! Money: 870.0
========================
Round #439
New deck
Player cards: [♣2, ♣8], Bot cards:[♠5, ♥J]
Player points: [10, 10], Bot points:[15, 15]
----- Double Bet! -----
Player get one more card ♣5
Bot get one more card ♣J
Player point: 15, Bot point: 25
Player win! Money: 910.0
========================
Round #440
Player cards: [♥2, ♣K], Bot cards:[♦6, ♣6]
Player points: [12, 12], Bot points:[12, 12]
Bot get one more card ♣4
Bot get one more card ♠6
Player point: 12, Bot point: 22
Player win! Money: 930.0
========================
Round #441
Player cards: [♣5, ♣9], Bot cards:[♥J, ♠K]
Player points: [14, 14], Bot points:[20, 20]
Player get one more card ♣7
Player point: 21, Bot point: 20
Player win! Money: 950.0
========================
Round #442
Player cards: [♠2, ♣3], Bot cards:[♥7, ♥8]
Player points: [5, 5], Bot points:[15, 15]
Player get one more card ♥8
Player get one more card ♠9
Bot get one more card ♦3
Player point: 22, Bot point: 18
Player lose! Money: 930.0
========================
Round #443
Player cards: [♥9, ♣9], Bot cards:[♥Q, ♠K]
Player points: [18, 18], Bot points:[20, 20]
Player point: 18, Bot point: 20
Player lose! Money: 910.0
========================
Round #444
Player cards: [♥T, ♠A], Bot cards:[♥2, ♥3]
Player points: [11, 21], Bot points:[5, 5]
Bot get one more card ♠2
Bot get one more card ♠J
Player point: 21, Bot point: 17
------ BlackJack!! ------
Player win! Money: 936.0
========================
Round #445
Player cards: [♥5, ♠A], Bot cards:[♣7, ♦K]
Player points: [6, 16], Bot points:[17, 17]
Player get one more card ♦6
Player get one more card ♦Q
Player point: 22, Bot point: 17
Player lose! Money: 916.0
========================
Round #446
Player cards: [♦8, ♥T], Bot cards:[♠3, ♦7]
Player points: [18, 18], Bot points:[10, 10]
Bot get one more card ♦4
Bot get one more card ♣A
Bot get one more card ♥J
Player point: 18, Bot point: 25
Player win! Money: 936.0
========================
Round #447
Player cards: [♠7, ♠Q], Bot cards:[♠7, ♥Q]
Player points: [17, 17], Bot points:[17, 17]
Player point: 17, Bot point: 17
Draw! Money:936.0
========================
Round #448
Player cards: [♣2, ♥6], Bot cards:[♠7, ♥9]
Player points: [8, 8], Bot points:[16, 16]
Player get one more card ♦K
Bot get one more card ♥A
Player point: 18, Bot point: 17
Player win! Money: 956.0
========================
Round #449
Player cards: [♠4, ♠7], Bot cards:[♦5, ♠5]
Player points: [11, 11], Bot points:[10, 10]
----- Double Bet! -----
Player get one more card ♠Q
Bot get one more card ♦T
Player point: 21, Bot point: 20
Player win! Money: 996.0
========================
Round #450
Player cards: [♣2, ♥3], Bot cards:[♣7, ♠J]
Player points: [5, 5], Bot points:[17, 17]
Player get one more card ♣5
Player get one more card ♠3
Player point: 13, Bot point: 17
Player lose! Money: 976.0
========================
Round #451
Player cards: [♦2, ♦2], Bot cards:[♦Q, ♥K]
Player points: [4, 4], Bot points:[20, 20]
Player get one more card ♦J
Player get one more card ♣2
Player get one more card ♥A
Player point: 17, Bot point: 20
Player lose! Money: 956.0
========================
Round #452
Player cards: [♠5, ♥7], Bot cards:[♣8, ♣K]
Player points: [12, 12], Bot points:[18, 18]
Player get one more card ♣T
Player point: 22, Bot point: 18
Player lose! Money: 936.0
========================
Round #453
Player cards: [♦7, ♠A], Bot cards:[♣4, ♥K]
Player points: [8, 18], Bot points:[14, 14]
Bot get one more card ♥3
Player point: 18, Bot point: 17
Player win! Money: 956.0
========================
Round #454
Player cards: [♠6, ♦9], Bot cards:[♦9, ♣J]
Player points: [15, 15], Bot points:[19, 19]
Player get one more card ♣9
Player point: 24, Bot point: 19
Player lose! Money: 936.0
========================
Round #455
Player cards: [♥J, ♥K], Bot cards:[♠T, ♣J]
Player points: [20, 20], Bot points:[20, 20]
Player point: 20, Bot point: 20
Draw! Money:936.0
========================
Round #456
Player cards: [♥5, ♦Q], Bot cards:[♠9, ♦T]
Player points: [15, 15], Bot points:[19, 19]
Player get one more card ♥4
Player point: 19, Bot point: 19
Draw! Money:936.0
========================
Round #457
Player cards: [♠6, ♥A], Bot cards:[♥2, ♥5]
Player points: [7, 17], Bot points:[7, 7]
Bot get one more card ♣6
Bot get one more card ♠8
Player point: 17, Bot point: 21
Player lose! Money: 916.0
========================
Round #458
Player cards: [♦9, ♠T], Bot cards:[♣3, ♣A]
Player points: [19, 19], Bot points:[4, 14]
Bot get one more card ♦J
Bot get one more card ♦2
Bot get one more card ♦8
Player point: 19, Bot point: 24
Player win! Money: 936.0
========================
Round #459
Player cards: [♠J, ♦A], Bot cards:[♦9, ♥J]
Player points: [11, 21], Bot points:[19, 19]
Player point: 21, Bot point: 19
------ BlackJack!! ------
Player win! Money: 962.0
========================
Round #460
Player cards: [♠4, ♣Q], Bot cards:[♦5, ♥8]
Player points: [14, 14], Bot points:[13, 13]
Bot get one more card ♥9
Player point: 14, Bot point: 22
Player win! Money: 982.0
========================
Round #461
Player cards: [♦5, ♥9], Bot cards:[♠J, ♠A]
Player points: [14, 14], Bot points:[11, 21]
Player get one more card ♣7
Bot get one more card ♠Q
Player point: 21, Bot point: 21
Player lose! Money: 962.0
========================
Round #462
Player cards: [♥7, ♣K], Bot cards:[♥2, ♦Q]
Player points: [17, 17], Bot points:[12, 12]
Bot get one more card ♠2
Bot get one more card ♦K
Player point: 17, Bot point: 24
Player win! Money: 982.0
========================
Round #463
Player cards: [♥5, ♣A], Bot cards:[♣8, ♣A]
Player points: [6, 16], Bot points:[9, 19]
Player get one more card ♦3
Bot get one more card ♦T
Player point: 19, Bot point: 19
Draw! Money:982.0
========================
Round #464
Player cards: [♣3, ♥T], Bot cards:[♣4, ♥K]
Player points: [13, 13], Bot points:[14, 14]
Bot get one more card ♦5
Player point: 13, Bot point: 19
Player lose! Money: 962.0
========================
Round #465
Player cards: [♥7, ♠K], Bot cards:[♦3, ♥Q]
Player points: [17, 17], Bot points:[13, 13]
Bot get one more card ♦A
Bot get one more card ♣6
Player point: 17, Bot point: 20
Player lose! Money: 942.0
========================
Round #466
Player cards: [♣3, ♣Q], Bot cards:[♠8, ♠T]
Player points: [13, 13], Bot points:[18, 18]
Player get one more card ♥A
Player get one more card ♥6
Player point: 20, Bot point: 18
Player win! Money: 962.0
========================
Round #467
Player cards: [♥4, ♣6], Bot cards:[♠2, ♦5]
Player points: [10, 10], Bot points:[7, 7]
----- Double Bet! -----
Player get one more card ♣5
Bot get one more card ♦6
Bot get one more card ♠K
Player point: 15, Bot point: 23
Player win! Money: 1002.0
========================
Round #468
Player cards: [♦8, ♠9], Bot cards:[♣4, ♠8]
Player points: [17, 17], Bot points:[12, 12]
Bot get one more card ♠4
Bot get one more card ♦6
Player point: 17, Bot point: 22
Player win! Money: 1022.0
========================
Round #469
Player cards: [♦2, ♠5], Bot cards:[♣T, ♣Q]
Player points: [7, 7], Bot points:[20, 20]
Player get one more card ♦4
Player get one more card ♠2
Player point: 13, Bot point: 20
Player lose! Money: 1002.0
========================
Round #470
Player cards: [♠9, ♦A], Bot cards:[♠3, ♥T]
Player points: [10, 20], Bot points:[13, 13]
Bot get one more card ♥6
Player point: 20, Bot point: 19
Player win! Money: 1022.0
========================
Round #471
Player cards: [♥4, ♣T], Bot cards:[♣8, ♥Q]
Player points: [14, 14], Bot points:[18, 18]
Player get one more card ♥3
Player point: 17, Bot point: 18
Player lose! Money: 1002.0
========================
Round #472
Player cards: [♣4, ♦K], Bot cards:[♣6, ♦7]
Player points: [14, 14], Bot points:[13, 13]
Bot get one more card ♠6
Player point: 14, Bot point: 19
Player lose! Money: 982.0
========================
Round #473
Player cards: [♠4, ♦T], Bot cards:[♦3, ♦4]
Player points: [14, 14], Bot points:[7, 7]
Bot get one more card ♦4
Bot get one more card ♦J
Player point: 14, Bot point: 21
Player lose! Money: 962.0
========================
Round #474
Player cards: [♠3, ♥K], Bot cards:[♦8, ♥8]
Player points: [13, 13], Bot points:[16, 16]
Player get one more card ♣J
Bot get one more card ♣9
Player point: 23, Bot point: 25
Player lose! Money: 942.0
========================
Round #475
Player cards: [♠8, ♦A], Bot cards:[♥6, ♠Q]
Player points: [9, 19], Bot points:[16, 16]
Bot get one more card ♣Q
Player point: 19, Bot point: 26
Player win! Money: 962.0
========================
Round #476
New deck
Player cards: [♣2, ♦K], Bot cards:[♥2, ♠8]
Player points: [12, 12], Bot points:[10, 10]
Player get one more card ♦4
Bot get one more card ♦2
Bot get one more card ♠9
Player point: 16, Bot point: 21
Player lose! Money: 942.0
========================
Round #477
Player cards: [♦8, ♥J], Bot cards:[♥T, ♥K]
Player points: [18, 18], Bot points:[20, 20]
Player point: 18, Bot point: 20
Player lose! Money: 922.0
========================
Round #478
Player cards: [♠9, ♥A], Bot cards:[♣5, ♥A]
Player points: [10, 20], Bot points:[6, 16]
Bot get one more card ♦Q
Bot get one more card ♦A
Player point: 20, Bot point: 17
Player win! Money: 942.0
========================
Round #479
Player cards: [♠3, ♠Q], Bot cards:[♠5, ♦T]
Player points: [13, 13], Bot points:[15, 15]
Bot get one more card ♣7
Player point: 13, Bot point: 22
Player win! Money: 962.0
========================
Round #480
Player cards: [♥5, ♦7], Bot cards:[♦7, ♥T]
Player points: [12, 12], Bot points:[17, 17]
Player get one more card ♥7
Player point: 19, Bot point: 17
Player win! Money: 982.0
========================
Round #481
Player cards: [♥8, ♣K], Bot cards:[♦Q, ♥Q]
Player points: [18, 18], Bot points:[20, 20]
Player point: 18, Bot point: 20
Player lose! Money: 962.0
========================
Round #482
Player cards: [♦2, ♣T], Bot cards:[♣J, ♦A]
Player points: [12, 12], Bot points:[11, 21]
Player get one more card ♥K
Bot get one more card ♠3
Bot get one more card ♠A
Bot get one more card ♠K
Player point: 22, Bot point: 25
Player lose! Money: 942.0
========================
Round #483
Player cards: [♠T, ♦J], Bot cards:[♥7, ♦9]
Player points: [20, 20], Bot points:[16, 16]
Bot get one more card ♣8
Player point: 20, Bot point: 24
Player win! Money: 962.0
========================
Round #484
Player cards: [♣4, ♠K], Bot cards:[♥2, ♦6]
Player points: [14, 14], Bot points:[8, 8]
Bot get one more card ♥9
Player point: 14, Bot point: 17
Player lose! Money: 942.0
========================
Round #485
Player cards: [♦2, ♠8], Bot cards:[♣2, ♥9]
Player points: [10, 10], Bot points:[11, 11]
----- Double Bet! -----
Player get one more card ♦8
Bot get one more card ♠K
Player point: 18, Bot point: 21
Player lose! Money: 902.0
========================
Round #486
Player cards: [♦4, ♣T], Bot cards:[♥8, ♥A]
Player points: [14, 14], Bot points:[9, 19]
Player get one more card ♣T
Bot get one more card ♣7
Bot get one more card ♠Q
Player point: 24, Bot point: 26
Player lose! Money: 882.0
========================
Round #487
Player cards: [♣3, ♥4], Bot cards:[♠7, ♣9]
Player points: [7, 7], Bot points:[16, 16]
Player get one more card ♠4
Player get one more card ♥9
Bot get one more card ♥T
Player point: 20, Bot point: 26
Player win! Money: 902.0
========================
Round #488
Player cards: [♠6, ♦9], Bot cards:[♥5, ♥7]
Player points: [15, 15], Bot points:[12, 12]
Bot get one more card ♦Q
Player point: 15, Bot point: 22
Player win! Money: 922.0
========================
Round #489
Player cards: [♥4, ♠7], Bot cards:[♥T, ♦J]
Player points: [11, 11], Bot points:[20, 20]
----- Double Bet! -----
Player get one more card ♥8
Player point: 19, Bot point: 20
Player lose! Money: 882.0
========================
Round #490
Player cards: [♦3, ♣5], Bot cards:[♦5, ♠T]
Player points: [8, 8], Bot points:[15, 15]
Player get one more card ♣5
Bot get one more card ♦8
Player point: 13, Bot point: 23
Player win! Money: 902.0
========================
Round #491
Player cards: [♦3, ♥6], Bot cards:[♣9, ♣Q]
Player points: [9, 9], Bot points:[19, 19]
Player get one more card ♣T
Player point: 19, Bot point: 19
Draw! Money:902.0
========================
Round #492
Player cards: [♥6, ♥7], Bot cards:[♣J, ♦K]
Player points: [13, 13], Bot points:[20, 20]
Player get one more card ♦6
Player point: 19, Bot point: 20
Player lose! Money: 882.0
========================
Round #493
Player cards: [♣Q, ♣K], Bot cards:[♦6, ♥J]
Player points: [20, 20], Bot points:[16, 16]
Bot get one more card ♥3
Player point: 20, Bot point: 19
Player win! Money: 902.0
========================
Round #494
Player cards: [♦2, ♥6], Bot cards:[♥J, ♦Q]
Player points: [8, 8], Bot points:[20, 20]
Player get one more card ♦K
Player point: 18, Bot point: 20
Player lose! Money: 882.0
========================
Round #495
Player cards: [♠T, ♣J], Bot cards:[♠2, ♥3]
Player points: [20, 20], Bot points:[5, 5]
Bot get one more card ♠J
Bot get one more card ♠5
Player point: 20, Bot point: 20
Draw! Money:882.0
========================
Round #496
Player cards: [♣8, ♦9], Bot cards:[♥9, ♣A]
Player points: [17, 17], Bot points:[10, 20]
Bot get one more card ♣9
Player point: 17, Bot point: 19
Player lose! Money: 862.0
========================
Round #497
Player cards: [♥4, ♣4], Bot cards:[♠6, ♥6]
Player points: [8, 8], Bot points:[12, 12]
Player get one more card ♥A
Bot get one more card ♠A
Bot get one more card ♥2
Bot get one more card ♠T
Player point: 19, Bot point: 25
Player win! Money: 882.0
========================
Round #498
Player cards: [♦J, ♥K], Bot cards:[♦T, ♠T]
Player points: [20, 20], Bot points:[20, 20]
Player point: 20, Bot point: 20
Draw! Money:882.0
========================
Round #499
Player cards: [♠8, ♣Q], Bot cards:[♦3, ♠A]
Player points: [18, 18], Bot points:[4, 14]
Bot get one more card ♣T
Bot get one more card ♠6
Player point: 18, Bot point: 20
Player lose! Money: 862.0
========================
Round #500
Player cards: [♥3, ♠Q], Bot cards:[♦7, ♦T]
Player points: [13, 13], Bot points:[17, 17]
Player get one more card ♠4
Player point: 17, Bot point: 17
Draw! Money:862.0
========================
Round #501
Player cards: [♣6, ♠K], Bot cards:[♥4, ♣7]
Player points: [16, 16], Bot points:[11, 11]
Bot get one more card ♠2
Bot get one more card ♠7
Player point: 16, Bot point: 20
Player lose! Money: 842.0
========================
Round #502
Player cards: [♣4, ♦J], Bot cards:[♠9, ♠J]
Player points: [14, 14], Bot points:[19, 19]
Player get one more card ♥K
Player point: 24, Bot point: 19
Player lose! Money: 822.0
========================
Round #503
Player cards: [♦4, ♦7], Bot cards:[♣2, ♣K]
Player points: [11, 11], Bot points:[12, 12]
----- Double Bet! -----
Player get one more card ♦4
Bot get one more card ♦T
Player point: 15, Bot point: 22
Player win! Money: 862.0
========================
Round #504
Player cards: [♣J, ♥Q], Bot cards:[♣9, ♦K]
Player points: [20, 20], Bot points:[19, 19]
Player point: 20, Bot point: 19
Player win! Money: 882.0
========================
Round #505
Player cards: [♠4, ♥Q], Bot cards:[♠3, ♠6]
Player points: [14, 14], Bot points:[9, 9]
Bot get one more card ♦5
Bot get one more card ♥2
Bot get one more card ♠4
Player point: 14, Bot point: 20
Player lose! Money: 862.0
========================
Round #506
Player cards: [♣8, ♠A], Bot cards:[♥8, ♣A]
Player points: [9, 19], Bot points:[9, 19]
Bot get one more card ♦8
Player point: 19, Bot point: 17
Player win! Money: 882.0
========================
Round #507
Player cards: [♥4, ♠8], Bot cards:[♦9, ♦A]
Player points: [12, 12], Bot points:[10, 20]
Player get one more card ♣3
Player get one more card ♣8
Bot get one more card ♦5
Bot get one more card ♥5
Player point: 23, Bot point: 20
Player lose! Money: 862.0
========================
Round #508
Player cards: [♦3, ♦J], Bot cards:[♠J, ♠Q]
Player points: [13, 13], Bot points:[20, 20]
Player get one more card ♠7
Player point: 20, Bot point: 20
Draw! Money:862.0
========================
Round #509
Player cards: [♣7, ♣A], Bot cards:[♣6, ♣K]
Player points: [8, 18], Bot points:[16, 16]
Bot get one more card ♦A
Player point: 18, Bot point: 17
Player win! Money: 882.0
========================
Round #510
Player cards: [♥3, ♥J], Bot cards:[♣3, ♠5]
Player points: [13, 13], Bot points:[8, 8]
Bot get one more card ♠5
Bot get one more card ♣3
Bot get one more card ♠2
Player point: 13, Bot point: 18
Player lose! Money: 862.0
========================
Round #511
Player cards: [♦5, ♥5], Bot cards:[♣4, ♣5]
Player points: [10, 10], Bot points:[9, 9]
----- Double Bet! -----
Player get one more card ♣Q
Bot get one more card ♦6
Bot get one more card ♣6
Player point: 20, Bot point: 21
Player lose! Money: 822.0
========================
Round #512
Player cards: [♥3, ♠9], Bot cards:[♠3, ♣A]
Player points: [12, 12], Bot points:[4, 14]
Player get one more card ♠2
Bot get one more card ♣K
Bot get one more card ♣2
Bot get one more card ♠J
Player point: 14, Bot point: 26
Player win! Money: 842.0
========================
Round #513
New deck
Player cards: [♥8, ♦8], Bot cards:[♦5, ♥J]
Player points: [16, 16], Bot points:[15, 15]
-------- Split! Two hands: [10, 10], [18, 18]
----- Double Bet! -----
Player get one more card ♠Q
For second hand:
Bot get one more card ♣3
Player point: 20, Bot point: 18
Player win! Money: 882.0
========================
Player point: 18, Bot point: 18
Draw! Money:882.0
========================
Round #514
Player cards: [♥T, ♦K], Bot cards:[♣7, ♦T]
Player points: [20, 20], Bot points:[17, 17]
Player point: 20, Bot point: 17
Player win! Money: 902.0
========================
Round #515
Player cards: [♠7, ♥J], Bot cards:[♣6, ♥A]
Player points: [17, 17], Bot points:[7, 17]
Bot get one more card ♣9
Bot get one more card ♣Q
Player point: 17, Bot point: 26
Player win! Money: 922.0
========================
Round #516
Player cards: [♥9, ♣T], Bot cards:[♦7, ♣J]
Player points: [19, 19], Bot points:[17, 17]
Player point: 19, Bot point: 17
Player win! Money: 942.0
========================
Round #517
Player cards: [♣2, ♠K], Bot cards:[♠2, ♠T]
Player points: [12, 12], Bot points:[12, 12]
Player get one more card ♣Q
Bot get one more card ♥8
Player point: 22, Bot point: 20
Player lose! Money: 922.0
========================
Round #518
Player cards: [♣3, ♣8], Bot cards:[♥7, ♥Q]
Player points: [11, 11], Bot points:[17, 17]
----- Double Bet! -----
Player get one more card ♥8
Player point: 19, Bot point: 17
Player win! Money: 962.0
========================
Round #519
Player cards: [♠2, ♦K], Bot cards:[♦7, ♠Q]
Player points: [12, 12], Bot points:[17, 17]
Player get one more card ♦7
Player point: 19, Bot point: 17
Player win! Money: 982.0
========================
Round #520
Player cards: [♦2, ♥9], Bot cards:[♦4, ♣J]
Player points: [11, 11], Bot points:[14, 14]
----- Double Bet! -----
Player get one more card ♦K
Bot get one more card ♣5
Player point: 21, Bot point: 19
Player win! Money: 1022.0
========================
Round #521
Player cards: [♦2, ♣4], Bot cards:[♦6, ♠K]
Player points: [6, 6], Bot points:[16, 16]
Player get one more card ♥6
Bot get one more card ♦9
Player point: 12, Bot point: 25
Player win! Money: 1042.0
========================
Round #522
Player cards: [♣6, ♠8], Bot cards:[♣3, ♣4]
Player points: [14, 14], Bot points:[7, 7]
Bot get one more card ♥6
Bot get one more card ♣3
Bot get one more card ♠3
Player point: 14, Bot point: 19
Player lose! Money: 1022.0
========================
Round #523
Player cards: [♠3, ♣A], Bot cards:[♠9, ♣T]
Player points: [4, 14], Bot points:[19, 19]
Player get one more card ♣J
Player get one more card ♥J
Player point: 24, Bot point: 19
Player lose! Money: 1002.0
========================
Round #524
Player cards: [♥5, ♥K], Bot cards:[♦6, ♦Q]
Player points: [15, 15], Bot points:[16, 16]
Bot get one more card ♥6
Player point: 15, Bot point: 22
Player win! Money: 1022.0
========================
Round #525
Player cards: [♠5, ♠Q], Bot cards:[♦J, ♣K]
Player points: [15, 15], Bot points:[20, 20]
Player get one more card ♣6
Player point: 21, Bot point: 20
Player win! Money: 1042.0
========================
Round #526
Player cards: [♥2, ♣K], Bot cards:[♣2, ♥8]
Player points: [12, 12], Bot points:[10, 10]
Player get one more card ♥9
Bot get one more card ♥2
Bot get one more card ♥Q
Player point: 21, Bot point: 22
Player win! Money: 1062.0
========================
Round #527
Player cards: [♣5, ♣7], Bot cards:[♦Q, ♥A]
Player points: [12, 12], Bot points:[11, 21]
Player get one more card ♠A
Player get one more card ♥A
Player get one more card ♠4
Bot get one more card ♥T
Player point: 18, Bot point: 21
Player lose! Money: 1042.0
========================
Round #528
Player cards: [♣4, ♦4], Bot cards:[♠6, ♣K]
Player points: [8, 8], Bot points:[16, 16]
Player get one more card ♥7
Bot get one more card ♠7
Player point: 15, Bot point: 23
Player win! Money: 1062.0
========================
Round #529
Player cards: [♥4, ♦6], Bot cards:[♥5, ♦A]
Player points: [10, 10], Bot points:[6, 16]
----- Double Bet! -----
Player get one more card ♦J
Bot get one more card ♠K
Bot get one more card ♠9
Player point: 20, Bot point: 25
Player win! Money: 1102.0
========================
Round #530
Player cards: [♦3, ♦9], Bot cards:[♥3, ♠A]
Player points: [12, 12], Bot points:[4, 14]
Player get one more card ♦6
Bot get one more card ♦8
Bot get one more card ♥Q
Player point: 18, Bot point: 22
Player win! Money: 1122.0
========================
Round #531
Player cards: [♠3, ♠J], Bot cards:[♠2, ♦J]
Player points: [13, 13], Bot points:[12, 12]
Bot get one more card ♠6
Player point: 13, Bot point: 18
Player lose! Money: 1102.0
========================
Round #532
Player cards: [♣2, ♥4], Bot cards:[♥2, ♦Q]
Player points: [6, 6], Bot points:[12, 12]
Player get one more card ♠2
Player get one more card ♥3
Player get one more card ♦Q
Bot get one more card ♠T
Player point: 21, Bot point: 22
Player win! Money: 1122.0
========================
Round #533
Player cards: [♣A, ♥A], Bot cards:[♣8, ♠J]
Player points: [2, 12], Bot points:[18, 18]
-------- Split! Two hands: [8, 18], [8, 18]
For second hand:
Player point: 18, Bot point: 18
Draw! Money:1122.0
========================
Player point: 18, Bot point: 18
Draw! Money:1122.0
========================
Round #534
Player cards: [♠5, ♦5], Bot cards:[♣5, ♥K]
Player points: [10, 10], Bot points:[15, 15]
----- Double Bet! -----
Player get one more card ♣K
Bot get one more card ♠4
Player point: 20, Bot point: 19
Player win! Money: 1162.0
========================
Round #535
Player cards: [♠9, ♥T], Bot cards:[♥3, ♣T]
Player points: [19, 19], Bot points:[13, 13]
Bot get one more card ♦T
Player point: 19, Bot point: 23
Player win! Money: 1182.0
========================
Round #536
Player cards: [♦7, ♥K], Bot cards:[♦4, ♦A]
Player points: [17, 17], Bot points:[5, 15]
Bot get one more card ♥A
Bot get one more card ♠8
Bot get one more card ♦3
Player point: 17, Bot point: 17
Draw! Money:1182.0
========================
Round #537
Player cards: [♣9, ♦A], Bot cards:[♠J, ♥Q]
Player points: [10, 20], Bot points:[20, 20]
Player point: 20, Bot point: 20
Draw! Money:1182.0
========================
Round #538
Player cards: [♠3, ♣7], Bot cards:[♥6, ♠8]
Player points: [10, 10], Bot points:[14, 14]
----- Double Bet! -----
Player get one more card ♦8
Bot get one more card ♣5
Player point: 18, Bot point: 19
Player lose! Money: 1142.0
========================
Round #539
Player cards: [♠5, ♣T], Bot cards:[♥K, ♦A]
Player points: [15, 15], Bot points:[11, 21]
Player get one more card ♦9
Bot get one more card ♠Q
Player point: 24, Bot point: 21
Player lose! Money: 1122.0
========================
Round #540
Player cards: [♣8, ♣9], Bot cards:[♣9, ♣Q]
Player points: [17, 17], Bot points:[19, 19]
Player point: 17, Bot point: 19
Player lose! Money: 1102.0
========================
Round #541
Player cards: [♥3, ♣6], Bot cards:[♥4, ♠4]
Player points: [9, 9], Bot points:[8, 8]
----- Double Bet! -----
Player get one more card ♦4
Bot get one more card ♠7
Bot get one more card ♦8
Player point: 13, Bot point: 23
Player win! Money: 1142.0
========================
Round #542
Player cards: [♦2, ♥Q], Bot cards:[♥5, ♠A]
Player points: [12, 12], Bot points:[6, 16]
Bot get one more card ♠9
Bot get one more card ♦9
Player point: 12, Bot point: 24
Player win! Money: 1162.0
========================
Round #543
Player cards: [♦7, ♦T], Bot cards:[♥5, ♣J]
Player points: [17, 17], Bot points:[15, 15]
Bot get one more card ♥J
Player point: 17, Bot point: 25
Player win! Money: 1182.0
========================
Round #544
Player cards: [♣4, ♠8], Bot cards:[♠5, ♠A]
Player points: [12, 12], Bot points:[6, 16]
Bot get one more card ♠T
Bot get one more card ♣A
Player point: 12, Bot point: 17
Player lose! Money: 1162.0
========================
Round #545
Player cards: [♦3, ♦5], Bot cards:[♦2, ♦T]
Player points: [8, 8], Bot points:[12, 12]
Player get one more card ♦3
Player get one more card ♣2
Bot get one more card ♥T
Player point: 13, Bot point: 22
Player win! Money: 1182.0
========================
Round #546
Player cards: [♣6, ♥9], Bot cards:[♠6, ♣8]
Player points: [15, 15], Bot points:[14, 14]
Bot get one more card ♣Q
Player point: 15, Bot point: 24
Player win! Money: 1202.0
========================
Round #547
Player cards: [♠4, ♠T], Bot cards:[♥7, ♣A]
Player points: [14, 14], Bot points:[8, 18]
Player get one more card ♣7
Bot get one more card ♦J
Player point: 21, Bot point: 18
Player win! Money: 1222.0
========================
Round #548
New deck
Player cards: [♦2, ♣7], Bot cards:[♦9, ♠9]
Player points: [9, 9], Bot points:[18, 18]
Player get one more card ♣Q
Player point: 19, Bot point: 18
Player win! Money: 1242.0
========================
Round #549
Player cards: [♣3, ♦Q], Bot cards:[♦3, ♦4]
Player points: [13, 13], Bot points:[7, 7]
Bot get one more card ♦4
Bot get one more card ♠T
Player point: 13, Bot point: 21
Player lose! Money: 1222.0
========================
Round #550
Player cards: [♣8, ♠A], Bot cards:[♣K, ♦K]
Player points: [9, 19], Bot points:[20, 20]
Player point: 19, Bot point: 20
Player lose! Money: 1202.0
========================
Round #551
Player cards: [♣J, ♠A], Bot cards:[♠J, ♦K]
Player points: [11, 21], Bot points:[20, 20]
Player point: 21, Bot point: 20
------ BlackJack!! ------
Player win! Money: 1228.0
========================
Round #552
Player cards: [♦2, ♥2], Bot cards:[♦8, ♣Q]
Player points: [4, 4], Bot points:[18, 18]
Player get one more card ♠K
Player get one more card ♦T
Player point: 24, Bot point: 18
Player lose! Money: 1208.0
========================
Round #553
Player cards: [♠4, ♦A], Bot cards:[♠2, ♣9]
Player points: [5, 15], Bot points:[11, 11]
Bot get one more card ♦6
Player point: 15, Bot point: 17
Player lose! Money: 1188.0
========================
Round #554
Player cards: [♠5, ♥J], Bot cards:[♣4, ♠K]
Player points: [15, 15], Bot points:[14, 14]
Bot get one more card ♣T
Player point: 15, Bot point: 24
Player win! Money: 1208.0
========================
Round #555
Player cards: [♥9, ♥Q], Bot cards:[♥9, ♥9]
Player points: [19, 19], Bot points:[18, 18]
Player point: 19, Bot point: 18
Player win! Money: 1228.0
========================
Round #556
Player cards: [♠8, ♦T], Bot cards:[♣2, ♦6]
Player points: [18, 18], Bot points:[8, 8]
Bot get one more card ♠T
Player point: 18, Bot point: 18
Draw! Money:1228.0
========================
Round #557
Player cards: [♠9, ♠T], Bot cards:[♠3, ♥A]
Player points: [19, 19], Bot points:[4, 14]
Bot get one more card ♦J
Bot get one more card ♥8
Player point: 19, Bot point: 22
Player win! Money: 1248.0
========================
Round #558
Player cards: [♦2, ♠A], Bot cards:[♣4, ♦9]
Player points: [3, 13], Bot points:[13, 13]
Bot get one more card ♠5
Player point: 13, Bot point: 18
Player lose! Money: 1228.0
========================
Round #559
Player cards: [♣6, ♥T], Bot cards:[♥3, ♦4]
Player points: [16, 16], Bot points:[7, 7]
Bot get one more card ♥J
Player point: 16, Bot point: 17
Player lose! Money: 1208.0
========================
Round #560
Player cards: [♥2, ♣5], Bot cards:[♥3, ♦J]
Player points: [7, 7], Bot points:[13, 13]
Player get one more card ♥2
Player get one more card ♦5
Bot get one more card ♠K
Player point: 14, Bot point: 23
Player win! Money: 1228.0
========================
Round #561
Player cards: [♥4, ♣Q], Bot cards:[♠6, ♦7]
Player points: [14, 14], Bot points:[13, 13]
Bot get one more card ♥4
Player point: 14, Bot point: 17
Player lose! Money: 1208.0
========================
Round #562
Player cards: [♦3, ♦A], Bot cards:[♠6, ♣8]
Player points: [4, 14], Bot points:[14, 14]
Bot get one more card ♥T
Player point: 14, Bot point: 24
Player win! Money: 1228.0
========================
Round #563
Player cards: [♦9, ♦A], Bot cards:[♠8, ♣A]
Player points: [10, 20], Bot points:[9, 19]
Bot get one more card ♣2
Bot get one more card ♣K
Player point: 20, Bot point: 21
Player lose! Money: 1208.0
========================
Round #564
Player cards: [♣3, ♥6], Bot cards:[♦T, ♠J]
Player points: [9, 9], Bot points:[20, 20]
Player get one more card ♥7
Player get one more card ♥J
Player point: 26, Bot point: 20
Player lose! Money: 1188.0
========================
Round #565
Player cards: [♦5, ♣A], Bot cards:[♣3, ♣5]
Player points: [6, 16], Bot points:[8, 8]
Bot get one more card ♦Q
Player point: 16, Bot point: 18
Player lose! Money: 1168.0
========================
Round #566
Player cards: [♥5, ♣5], Bot cards:[♥6, ♦8]
Player points: [10, 10], Bot points:[14, 14]
----- Double Bet! -----
Player get one more card ♥2
Bot get one more card ♠Q
Player point: 12, Bot point: 24
Player win! Money: 1208.0
========================
Round #567
Player cards: [♣7, ♦K], Bot cards:[♦3, ♥K]
Player points: [17, 17], Bot points:[13, 13]
Bot get one more card ♠4
Player point: 17, Bot point: 17
Draw! Money:1208.0
========================
Round #568
Player cards: [♠2, ♣5], Bot cards:[♠7, ♣J]
Player points: [7, 7], Bot points:[17, 17]
Player get one more card ♥5
Player get one more card ♥6
Player point: 18, Bot point: 17
Player win! Money: 1228.0
========================
Round #569
Player cards: [♥4, ♠J], Bot cards:[♠8, ♥Q]
Player points: [14, 14], Bot points:[18, 18]
Player get one more card ♠2
Player get one more card ♦6
Player point: 22, Bot point: 18
Player lose! Money: 1208.0
========================
Round #570
Player cards: [♥T, ♣A], Bot cards:[♣8, ♦J]
Player points: [11, 21], Bot points:[18, 18]
Player point: 21, Bot point: 18
------ BlackJack!! ------
Player win! Money: 1234.0
========================
Round #571
Player cards: [♥4, ♠T], Bot cards:[♥6, ♦7]
Player points: [14, 14], Bot points:[13, 13]
Bot get one more card ♠4
Player point: 14, Bot point: 17
Player lose! Money: 1214.0
========================
Round #572
Player cards: [♥9, ♥J], Bot cards:[♥7, ♥T]
Player points: [19, 19], Bot points:[17, 17]
Player point: 19, Bot point: 17
Player win! Money: 1234.0
========================
Round #573
Player cards: [♠3, ♦5], Bot cards:[♣6, ♦7]
Player points: [8, 8], Bot points:[13, 13]
Player get one more card ♥K
Bot get one more card ♣8
Player point: 18, Bot point: 21
Player lose! Money: 1214.0
========================
Round #574
Player cards: [♥8, ♣T], Bot cards:[♣4, ♠6]
Player points: [18, 18], Bot points:[10, 10]
Bot get one more card ♥K
Player point: 18, Bot point: 20
Player lose! Money: 1194.0
========================
Round #575
Player cards: [♠3, ♥7], Bot cards:[♥Q, ♠Q]
Player points: [10, 10], Bot points:[20, 20]
Player get one more card ♠7
Player point: 17, Bot point: 20
Player lose! Money: 1174.0
========================
Round #576
Player cards: [♠2, ♠A], Bot cards:[♣9, ♥Q]
Player points: [3, 13], Bot points:[19, 19]
Player get one more card ♣2
Player get one more card ♦4
Player point: 19, Bot point: 19
Draw! Money:1174.0
========================
Round #577
Player cards: [♠5, ♥8], Bot cards:[♠K, ♠K]
Player points: [13, 13], Bot points:[20, 20]
Player get one more card ♣J
Player point: 23, Bot point: 20
Player lose! Money: 1154.0
========================
Round #578
Player cards: [♦2, ♣J], Bot cards:[♥3, ♣7]
Player points: [12, 12], Bot points:[10, 10]
Player get one more card ♣K
Bot get one more card ♦5
Bot get one more card ♣6
Player point: 22, Bot point: 21
Player lose! Money: 1134.0
========================
Round #579
Player cards: [♦6, ♠7], Bot cards:[♠9, ♣9]
Player points: [13, 13], Bot points:[18, 18]
Player get one more card ♠Q
Player point: 23, Bot point: 18
Player lose! Money: 1114.0
========================
Round #580
Player cards: [♠7, ♣A], Bot cards:[♣K, ♥A]
Player points: [8, 18], Bot points:[11, 21]
Bot get one more card ♦K
Player point: 18, Bot point: 21
Player lose! Money: 1094.0
========================
Round #581
Player cards: [♣7, ♥A], Bot cards:[♥8, ♦K]
Player points: [8, 18], Bot points:[18, 18]
Player point: 18, Bot point: 18
Draw! Money:1094.0
========================
Round #582
Player cards: [♥7, ♦8], Bot cards:[♥3, ♦T]
Player points: [15, 15], Bot points:[13, 13]
Bot get one more card ♣3
Bot get one more card ♠3
Player point: 15, Bot point: 19
Player lose! Money: 1074.0
========================
Round #583
Player cards: [♣9, ♦Q], Bot cards:[♠9, ♣T]
Player points: [19, 19], Bot points:[19, 19]
Player point: 19, Bot point: 19
Draw! Money:1074.0
========================
Round #584
Player cards: [♦5, ♣Q], Bot cards:[♦9, ♦Q]
Player points: [15, 15], Bot points:[19, 19]
Player get one more card ♥5
Player point: 20, Bot point: 19
Player win! Money: 1094.0
========================
Round #585
Player cards: [♦3, ♦8], Bot cards:[♦J, ♠J]
Player points: [11, 11], Bot points:[20, 20]
----- Double Bet! -----
Player get one more card ♠6
Player point: 17, Bot point: 20
Player lose! Money: 1054.0
========================
Round #586
Player cards: [♦7, ♥K], Bot cards:[♥A, ♦A]
Player points: [17, 17], Bot points:[2, 12]
Bot get one more card ♣2
Bot get one more card ♠8
Bot get one more card ♠5
Player point: 17, Bot point: 17
Draw! Money:1054.0
========================
Round #587
New deck
Player cards: [♦2, ♦J], Bot cards:[♣5, ♦K]
Player points: [12, 12], Bot points:[15, 15]
Bot get one more card ♣9
Player point: 12, Bot point: 24
Player win! Money: 1074.0
========================
Round #588
Player cards: [♠8, ♦A], Bot cards:[♠5, ♠6]
Player points: [9, 19], Bot points:[11, 11]
Bot get one more card ♠8
Player point: 19, Bot point: 19
Draw! Money:1074.0
========================
Round #589
Player cards: [♣J, ♠Q], Bot cards:[♦4, ♦J]
Player points: [20, 20], Bot points:[14, 14]
Bot get one more card ♦2
Bot get one more card ♣2
Player point: 20, Bot point: 18
Player win! Money: 1094.0
========================
Round #590
Player cards: [♥5, ♥9], Bot cards:[♣2, ♥3]
Player points: [14, 14], Bot points:[5, 5]
Bot get one more card ♠4
Bot get one more card ♥A
Bot get one more card ♥A
Bot get one more card ♥Q
Player point: 14, Bot point: 21
Player lose! Money: 1074.0
========================
Round #591
Player cards: [♦3, ♠K], Bot cards:[♦6, ♥8]
Player points: [13, 13], Bot points:[14, 14]
Bot get one more card ♠3
Player point: 13, Bot point: 17
Player lose! Money: 1054.0
========================
Round #592
Player cards: [♠J, ♣Q], Bot cards:[♦7, ♦J]
Player points: [20, 20], Bot points:[17, 17]
Player point: 20, Bot point: 17
Player win! Money: 1074.0
========================
Round #593
Player cards: [♦T, ♦K], Bot cards:[♠2, ♥Q]
Player points: [20, 20], Bot points:[12, 12]
Bot get one more card ♥9
Player point: 20, Bot point: 21
Player lose! Money: 1054.0
========================
Round #594
Player cards: [♠2, ♥J], Bot cards:[♦3, ♠Q]
Player points: [12, 12], Bot points:[13, 13]
Player get one more card ♣Q
Bot get one more card ♥7
Player point: 22, Bot point: 20
Player lose! Money: 1034.0
========================
Round #595
Player cards: [♣5, ♥A], Bot cards:[♥2, ♥J]
Player points: [6, 16], Bot points:[12, 12]
Bot get one more card ♣5
Player point: 16, Bot point: 17
Player lose! Money: 1014.0
========================
Round #596
Player cards: [♥7, ♣J], Bot cards:[♦7, ♦J]
Player points: [17, 17], Bot points:[17, 17]
Player point: 17, Bot point: 17
Draw! Money:1014.0
========================
Round #597
Player cards: [♣3, ♣A], Bot cards:[♠6, ♣9]
Player points: [4, 14], Bot points:[15, 15]
Bot get one more card ♣A
Bot get one more card ♠9
Player point: 14, Bot point: 25
Player win! Money: 1034.0
========================
Round #598
Player cards: [♠6, ♥Q], Bot cards:[♥8, ♣T]
Player points: [16, 16], Bot points:[18, 18]
Player get one more card ♥4
Player point: 20, Bot point: 18
Player win! Money: 1054.0
========================
Round #599
Player cards: [♣6, ♦9], Bot cards:[♦2, ♦T]
Player points: [15, 15], Bot points:[12, 12]
Bot get one more card ♣4
Bot get one more card ♠4
Player point: 15, Bot point: 20
Player lose! Money: 1034.0
========================
Round #600
Player cards: [♠T, ♠K], Bot cards:[♠3, ♥5]
Player points: [20, 20], Bot points:[8, 8]
Bot get one more card ♦4
Bot get one more card ♠9
Player point: 20, Bot point: 21
Player lose! Money: 1014.0
========================
Round #601
Player cards: [♥K, ♦A], Bot cards:[♠5, ♣9]
Player points: [11, 21], Bot points:[14, 14]
Bot get one more card ♠4
Player point: 21, Bot point: 18
------ BlackJack!! ------
Player win! Money: 1040.0
========================
Round #602
Player cards: [♣7, ♥8], Bot cards:[♠T, ♦Q]
Player points: [15, 15], Bot points:[20, 20]
Player get one more card ♠2
Player point: 17, Bot point: 20
Player lose! Money: 1020.0
========================
Round #603
Player cards: [♥8, ♣8], Bot cards:[♦3, ♦K]
Player points: [16, 16], Bot points:[13, 13]
-------- Split! Two hands: [14, 14], [16, 16]
For second hand:
Bot get one more card ♣J
Player point: 14, Bot point: 23
Player win! Money: 1040.0
========================
Player point: 16, Bot point: 23
Player win! Money: 1060.0
========================
Round #604
Player cards: [♠Q, ♥A], Bot cards:[♣7, ♠8]
Player points: [11, 21], Bot points:[15, 15]
Bot get one more card ♠2
Player point: 21, Bot point: 17
------ BlackJack!! ------
Player win! Money: 1086.0
========================
Round #605
Player cards: [♠5, ♠6], Bot cards:[♥2, ♦4]
Player points: [11, 11], Bot points:[6, 6]
----- Double Bet! -----
Player get one more card ♣6
Bot get one more card ♦T
Bot get one more card ♠K
Player point: 17, Bot point: 26
Player win! Money: 1126.0
========================
Round #606
Player cards: [♥6, ♥9], Bot cards:[♥T, ♥T]
Player points: [15, 15], Bot points:[20, 20]
Player get one more card ♥4
Player point: 19, Bot point: 20
Player lose! Money: 1106.0
========================
Round #607
Player cards: [♠4, ♥6], Bot cards:[♥6, ♣K]
Player points: [10, 10], Bot points:[16, 16]
----- Double Bet! -----
Player get one more card ♣K
Bot get one more card ♣T
Player point: 20, Bot point: 26
Player win! Money: 1146.0
========================
Round #608
Player cards: [♣Q, ♦Q], Bot cards:[♦5, ♠7]
Player points: [20, 20], Bot points:[12, 12]
Bot get one more card ♦A
Bot get one more card ♠6
Player point: 20, Bot point: 19
Player win! Money: 1166.0
========================
Round #609
Player cards: [♦9, ♠Q], Bot cards:[♣4, ♣K]
Player points: [19, 19], Bot points:[14, 14]
Bot get one more card ♦2
Bot get one more card ♦8
Player point: 19, Bot point: 24
Player win! Money: 1186.0
========================
Round #610
Player cards: [♠5, ♥T], Bot cards:[♥J, ♣J]
Player points: [15, 15], Bot points:[20, 20]
Player get one more card ♣4
Player point: 19, Bot point: 20
Player lose! Money: 1166.0
========================
Round #611
Player cards: [♣4, ♥T], Bot cards:[♥4, ♠9]
Player points: [14, 14], Bot points:[13, 13]
Bot get one more card ♠4
Player point: 14, Bot point: 17
Player lose! Money: 1146.0
========================
Round #612
Player cards: [♣3, ♦A], Bot cards:[♥3, ♦Q]
Player points: [4, 14], Bot points:[13, 13]
Bot get one more card ♥4
Player point: 14, Bot point: 17
Player lose! Money: 1126.0
========================
Round #613
Player cards: [♣8, ♣Q], Bot cards:[♦6, ♣6]
Player points: [18, 18], Bot points:[12, 12]
Bot get one more card ♦5
Player point: 18, Bot point: 17
Player win! Money: 1146.0
========================
Round #614
Player cards: [♦6, ♠9], Bot cards:[♣T, ♥K]
Player points: [15, 15], Bot points:[20, 20]
Player get one more card ♣3
Player point: 18, Bot point: 20
Player lose! Money: 1126.0
========================
Round #615
Player cards: [♦9, ♠J], Bot cards:[♦3, ♦6]
Player points: [19, 19], Bot points:[9, 9]
Bot get one more card ♣8
Player point: 19, Bot point: 17
Player win! Money: 1146.0
========================
Round #616
Player cards: [♥6, ♦T], Bot cards:[♣3, ♠A]
Player points: [16, 16], Bot points:[4, 14]
Bot get one more card ♠8
Bot get one more card ♠7
Player point: 16, Bot point: 19
Player lose! Money: 1126.0
========================
Round #617
Player cards: [♦7, ♥J], Bot cards:[♦9, ♣A]
Player points: [17, 17], Bot points:[10, 20]
Bot get one more card ♥7
Player point: 17, Bot point: 17
Draw! Money:1126.0
========================
Round #618
Player cards: [♦5, ♣7], Bot cards:[♣2, ♣7]
Player points: [12, 12], Bot points:[9, 9]
Player get one more card ♥3
Bot get one more card ♦7
Bot get one more card ♦5
Player point: 15, Bot point: 21
Player lose! Money: 1106.0
========================
Round #619
Player cards: [♥9, ♥K], Bot cards:[♣T, ♠K]
Player points: [19, 19], Bot points:[20, 20]
Player point: 19, Bot point: 20
Player lose! Money: 1086.0
========================
Round #620
Player cards: [♥3, ♥5], Bot cards:[♠3, ♠A]
Player points: [8, 8], Bot points:[4, 14]
Player get one more card ♠3
Player get one more card ♠Q
Bot get one more card ♣A
Bot get one more card ♥K
Bot get one more card ♦K
Player point: 21, Bot point: 25
Player win! Money: 1106.0
========================
Round #621
Player cards: [♥Q, ♠A], Bot cards:[♥5, ♦Q]
Player points: [11, 21], Bot points:[15, 15]
Bot get one more card ♠J
Player point: 21, Bot point: 25
------ BlackJack!! ------
Player win! Money: 1132.0
========================
Round #622
Player cards: [♠7, ♦8], Bot cards:[♠T, ♠A]
Player points: [15, 15], Bot points:[11, 21]
Player get one more card ♥2
Bot get one more card ♣K
Player point: 17, Bot point: 21
Player lose! Money: 1112.0
========================
Round #623
Player cards: [♦4, ♠J], Bot cards:[♥2, ♥4]
Player points: [14, 14], Bot points:[6, 6]
Bot get one more card ♦8
Bot get one more card ♠T
Player point: 14, Bot point: 24
Player win! Money: 1132.0
========================
Round #624
Player cards: [♣5, ♥7], Bot cards:[♠7, ♣T]
Player points: [12, 12], Bot points:[17, 17]
Player get one more card ♥5
Player point: 17, Bot point: 17
Draw! Money:1132.0
========================
Round #625
New deck
Player cards: [♣J, ♦K], Bot cards:[♣5, ♠5]
Player points: [20, 20], Bot points:[10, 10]
Bot get one more card ♠2
Bot get one more card ♦4
Bot get one more card ♣Q
Player point: 20, Bot point: 26
Player win! Money: 1152.0
========================
Round #626
Player cards: [♦7, ♣7], Bot cards:[♠3, ♦T]
Player points: [14, 14], Bot points:[13, 13]
-------- Split! Two hands: [15, 15], [13, 13]
For second hand:
Bot get one more card ♠5
Player point: 15, Bot point: 18
Player lose! Money: 1132.0
========================
Player point: 13, Bot point: 18
Player lose! Money: 1112.0
========================
Round #627
Player cards: [♦T, ♠K], Bot cards:[♦3, ♠5]
Player points: [20, 20], Bot points:[8, 8]
Bot get one more card ♠A
Bot get one more card ♣3
Bot get one more card ♥5
Player point: 20, Bot point: 17
Player win! Money: 1132.0
========================
Round #628
Player cards: [♦2, ♦5], Bot cards:[♦8, ♣A]
Player points: [7, 7], Bot points:[9, 19]
Player get one more card ♠J
Bot get one more card ♣A
Bot get one more card ♠9
Player point: 17, Bot point: 19
Player lose! Money: 1112.0
========================
Round #629
Player cards: [♦5, ♠6], Bot cards:[♠J, ♥Q]
Player points: [11, 11], Bot points:[20, 20]
----- Double Bet! -----
Player get one more card ♣6
Player point: 17, Bot point: 20
Player lose! Money: 1072.0
========================
Round #630
Player cards: [♣T, ♥K], Bot cards:[♥3, ♣6]
Player points: [20, 20], Bot points:[9, 9]
Bot get one more card ♦7
Bot get one more card ♠3
Player point: 20, Bot point: 19
Player win! Money: 1092.0
========================
Round #631
Player cards: [♥6, ♠K], Bot cards:[♠6, ♦6]
Player points: [16, 16], Bot points:[12, 12]
Bot get one more card ♠9
Player point: 16, Bot point: 21
Player lose! Money: 1072.0
========================
Round #632
Player cards: [♦3, ♦J], Bot cards:[♣2, ♣2]
Player points: [13, 13], Bot points:[4, 4]
Bot get one more card ♠2
Bot get one more card ♦3
Bot get one more card ♠K
Player point: 13, Bot point: 19
Player lose! Money: 1052.0
========================
Round #633
Player cards: [♦9, ♥Q], Bot cards:[♥3, ♦9]
Player points: [19, 19], Bot points:[12, 12]
Bot get one more card ♠4
Bot get one more card ♣K
Player point: 19, Bot point: 26
Player win! Money: 1072.0
========================
Round #634
Player cards: [♠3, ♥6], Bot cards:[♣Q, ♦A]
Player points: [9, 9], Bot points:[11, 21]
Player get one more card ♦J
Bot get one more card ♣T
Player point: 19, Bot point: 21
Player lose! Money: 1052.0
========================
Round #635
Player cards: [♥7, ♠J], Bot cards:[♣9, ♥A]
Player points: [17, 17], Bot points:[10, 20]
Bot get one more card ♥9
Player point: 17, Bot point: 19
Player lose! Money: 1032.0
========================
Round #636
Player cards: [♣8, ♣T], Bot cards:[♥K, ♥A]
Player points: [18, 18], Bot points:[11, 21]
Bot get one more card ♦T
Player point: 18, Bot point: 21
Player lose! Money: 1012.0
========================
Round #637
Player cards: [♣7, ♠9], Bot cards:[♠2, ♦K]
Player points: [16, 16], Bot points:[12, 12]
Bot get one more card ♣J
Player point: 16, Bot point: 22
Player win! Money: 1032.0
========================
Round #638
Player cards: [♣3, ♠A], Bot cards:[♦7, ♥A]
Player points: [4, 14], Bot points:[8, 18]
Player get one more card ♦2
Player get one more card ♠8
Player get one more card ♥5
Bot get one more card ♣2
Bot get one more card ♦Q
Player point: 19, Bot point: 20
Player lose! Money: 1012.0
========================
Round #639
Player cards: [♦2, ♥8], Bot cards:[♦4, ♠T]
Player points: [10, 10], Bot points:[14, 14]
----- Double Bet! -----
Player get one more card ♠T
Bot get one more card ♣J
Player point: 20, Bot point: 24
Player win! Money: 1052.0
========================
Round #640
Player cards: [♦2, ♠A], Bot cards:[♣9, ♠T]
Player points: [3, 13], Bot points:[19, 19]
Player get one more card ♣4
Player point: 17, Bot point: 19
Player lose! Money: 1032.0
========================
Round #641
Player cards: [♠2, ♠6], Bot cards:[♣2, ♥7]
Player points: [8, 8], Bot points:[9, 9]
Player get one more card ♣4
Player get one more card ♣6
Bot get one more card ♥T
Player point: 18, Bot point: 19
Player lose! Money: 1012.0
========================
Round #642
Player cards: [♠J, ♦K], Bot cards:[♦3, ♥6]
Player points: [20, 20], Bot points:[9, 9]
Bot get one more card ♥Q
Player point: 20, Bot point: 19
Player win! Money: 1032.0
========================
Round #643
Player cards: [♥2, ♣T], Bot cards:[♣7, ♣Q]
Player points: [12, 12], Bot points:[17, 17]
Player get one more card ♣4
Player get one more card ♣5
Player point: 21, Bot point: 17
Player win! Money: 1052.0
========================
Round #644
Player cards: [♦6, ♠Q], Bot cards:[♦J, ♦Q]
Player points: [16, 16], Bot points:[20, 20]
Player get one more card ♠Q
Player point: 26, Bot point: 20
Player lose! Money: 1032.0
========================
Round #645
Player cards: [♦5, ♥J], Bot cards:[♦5, ♥9]
Player points: [15, 15], Bot points:[14, 14]
Bot get one more card ♠4
Player point: 15, Bot point: 18
Player lose! Money: 1012.0
========================
Round #646
Player cards: [♦6, ♠Q], Bot cards:[♥4, ♥7]
Player points: [16, 16], Bot points:[11, 11]
Bot get one more card ♥A
Bot get one more card ♠5
Player point: 16, Bot point: 17
Player lose! Money: 992.0
========================
Round #647
Player cards: [♣5, ♣8], Bot cards:[♣2, ♥3]
Player points: [13, 13], Bot points:[5, 5]
Bot get one more card ♠8
Bot get one more card ♣7
Player point: 13, Bot point: 20
Player lose! Money: 972.0
========================
Round #648
Player cards: [♣8, ♣J], Bot cards:[♠7, ♥K]
Player points: [18, 18], Bot points:[17, 17]
Player point: 18, Bot point: 17
Player win! Money: 992.0
========================
Round #649
Player cards: [♠K, ♦A], Bot cards:[♠8, ♥9]
Player points: [11, 21], Bot points:[17, 17]
Player point: 21, Bot point: 17
------ BlackJack!! ------
Player win! Money: 1018.0
========================
Round #650
Player cards: [♦8, ♠A], Bot cards:[♣6, ♦J]
Player points: [9, 19], Bot points:[16, 16]
Bot get one more card ♣6
Player point: 19, Bot point: 22
Player win! Money: 1038.0
========================
Round #651
Player cards: [♠6, ♠Q], Bot cards:[♥2, ♦7]
Player points: [16, 16], Bot points:[9, 9]
Bot get one more card ♥4
Bot get one more card ♣K
Player point: 16, Bot point: 23
Player win! Money: 1058.0
========================
Round #652
Player cards: [♠4, ♦4], Bot cards:[♦8, ♣K]
Player points: [8, 8], Bot points:[18, 18]
Player get one more card ♥3
Player get one more card ♠T
Player point: 21, Bot point: 18
Player win! Money: 1078.0
========================
Round #653
Player cards: [♥7, ♦K], Bot cards:[♠9, ♦Q]
Player points: [17, 17], Bot points:[19, 19]
Player point: 17, Bot point: 19
Player lose! Money: 1058.0
========================
Round #654
Player cards: [♥5, ♣A], Bot cards:[♥8, ♦A]
Player points: [6, 16], Bot points:[9, 19]
Player get one more card ♣4
Bot get one more card ♥9
Player point: 20, Bot point: 18
Player win! Money: 1078.0
========================
Round #655
Player cards: [♥J, ♥Q], Bot cards:[♣9, ♥J]
Player points: [20, 20], Bot points:[19, 19]
Player point: 20, Bot point: 19
Player win! Money: 1098.0
========================
Round #656
Player cards: [♠7, ♦8], Bot cards:[♠4, ♥J]
Player points: [15, 15], Bot points:[14, 14]
Bot get one more card ♣8
Player point: 15, Bot point: 22
Player win! Money: 1118.0
========================
Round #657
Player cards: [♥4, ♦4], Bot cards:[♥2, ♦9]
Player points: [8, 8], Bot points:[11, 11]
Player get one more card ♥K
Bot get one more card ♠7
Player point: 18, Bot point: 18
Draw! Money:1118.0
========================
Round #658
Player cards: [♣3, ♥5], Bot cards:[♣5, ♥T]
Player points: [8, 8], Bot points:[15, 15]
Player get one more card ♣4
Bot get one more card ♣3
Player point: 12, Bot point: 18
Player lose! Money: 1098.0
========================
Round #659
Player cards: [♥2, ♦Q], Bot cards:[♥8, ♣A]
Player points: [12, 12], Bot points:[9, 19]
Player get one more card ♣K
Bot get one more card ♥8
Player point: 22, Bot point: 17
Player lose! Money: 1078.0
========================
Round #660
Player cards: [♥T, ♣Q], Bot cards:[♦T, ♦A]
Player points: [20, 20], Bot points:[11, 21]
Bot get one more card ♠7
Player point: 20, Bot point: 18
Player win! Money: 1098.0
========================
Round #661
New deck
Player cards: [♣8, ♥Q], Bot cards:[♠6, ♦7]
Player points: [18, 18], Bot points:[13, 13]
Bot get one more card ♠5
Player point: 18, Bot point: 18
Draw! Money:1098.0
========================
Round #662
Player cards: [♠2, ♠T], Bot cards:[♣6, ♠Q]
Player points: [12, 12], Bot points:[16, 16]
Bot get one more card ♣4
Player point: 12, Bot point: 20
Player lose! Money: 1078.0
========================
Round #663
Player cards: [♣9, ♥T], Bot cards:[♦2, ♦K]
Player points: [19, 19], Bot points:[12, 12]
Bot get one more card ♠3
Bot get one more card ♣9
Player point: 19, Bot point: 24
Player win! Money: 1098.0
========================
Round #664
Player cards: [♥T, ♣T], Bot cards:[♦7, ♣K]
Player points: [20, 20], Bot points:[17, 17]
Player point: 20, Bot point: 17
Player win! Money: 1118.0
========================
Round #665
Player cards: [♣5, ♦6], Bot cards:[♦5, ♣T]
Player points: [11, 11], Bot points:[15, 15]
----- Double Bet! -----
Player get one more card ♦8
Bot get one more card ♥8
Player point: 19, Bot point: 23
Player win! Money: 1158.0
========================
Round #666
Player cards: [♠3, ♠T], Bot cards:[♥8, ♠Q]
Player points: [13, 13], Bot points:[18, 18]
Player get one more card ♠8
Player point: 21, Bot point: 18
Player win! Money: 1178.0
========================
Round #667
Player cards: [♦6, ♠A], Bot cards:[♣J, ♣K]
Player points: [7, 17], Bot points:[20, 20]
Player point: 17, Bot point: 20
Player lose! Money: 1158.0
========================
Round #668
Player cards: [♦3, ♠J], Bot cards:[♦4, ♦Q]
Player points: [13, 13], Bot points:[14, 14]
Bot get one more card ♥4
Player point: 13, Bot point: 18
Player lose! Money: 1138.0
========================
Round #669
Player cards: [♠9, ♦9], Bot cards:[♠6, ♠9]
Player points: [18, 18], Bot points:[15, 15]
-------- Split! Two hands: [15, 15], [10, 20]
For second hand:
Bot get one more card ♣T
Player point: 15, Bot point: 25
Player win! Money: 1158.0
========================
Player point: 20, Bot point: 25
Player win! Money: 1178.0
========================
Round #670
Player cards: [♥5, ♦K], Bot cards:[♥6, ♠K]
Player points: [15, 15], Bot points:[16, 16]
Bot get one more card ♥A
Player point: 15, Bot point: 17
Player lose! Money: 1158.0
========================
Round #671
Player cards: [♣3, ♥8], Bot cards:[♥5, ♠6]
Player points: [11, 11], Bot points:[11, 11]
----- Double Bet! -----
Player get one more card ♠5
Bot get one more card ♣Q
Player point: 16, Bot point: 21
Player lose! Money: 1118.0
========================
Round #672
Player cards: [♠2, ♥4], Bot cards:[♥2, ♣2]
Player points: [6, 6], Bot points:[4, 4]
Player get one more card ♦6
Player get one more card ♦K
Bot get one more card ♣5
Bot get one more card ♣3
Bot get one more card ♦3
Bot get one more card ♣5
Player point: 22, Bot point: 20
Player lose! Money: 1098.0
========================
Round #673
Player cards: [♣7, ♠9], Bot cards:[♦Q, ♣A]
Player points: [16, 16], Bot points:[11, 21]
Player get one more card ♥3
Bot get one more card ♥T
Player point: 19, Bot point: 21
Player lose! Money: 1078.0
========================
Round #674
Player cards: [♣3, ♦J], Bot cards:[♣7, ♥7]
Player points: [13, 13], Bot points:[14, 14]
Player get one more card ♥9
Bot get one more card ♠3
Player point: 22, Bot point: 17
Player lose! Money: 1058.0
========================
Round #675
Player cards: [♦2, ♦A], Bot cards:[♠7, ♣J]
Player points: [3, 13], Bot points:[17, 17]
Player get one more card ♦T
Player get one more card ♠2
Player get one more card ♠3
Player point: 18, Bot point: 17
Player win! Money: 1078.0
========================
Round #676
Player cards: [♥2, ♥T], Bot cards:[♥5, ♣8]
Player points: [12, 12], Bot points:[13, 13]
Bot get one more card ♥3
Bot get one more card ♣J
Player point: 12, Bot point: 26
Player win! Money: 1098.0
========================
Round #677
Player cards: [♣4, ♣8], Bot cards:[♠5, ♦9]
Player points: [12, 12], Bot points:[14, 14]
Bot get one more card ♦A
Bot get one more card ♦2
Player point: 12, Bot point: 17
Player lose! Money: 1078.0
========================
Round #678
Player cards: [♠6, ♦T], Bot cards:[♥6, ♠A]
Player points: [16, 16], Bot points:[7, 17]
Bot get one more card ♣9
Bot get one more card ♠K
Player point: 16, Bot point: 26
Player win! Money: 1098.0
========================
Round #679
Player cards: [♦7, ♣A], Bot cards:[♥2, ♦5]
Player points: [8, 18], Bot points:[7, 7]
Bot get one more card ♥Q
Player point: 18, Bot point: 17
Player win! Money: 1118.0
========================
Round #680
Player cards: [♦T, ♥A], Bot cards:[♦J, ♦Q]
Player points: [11, 21], Bot points:[20, 20]
Player point: 21, Bot point: 20
------ BlackJack!! ------
Player win! Money: 1144.0
========================
Round #681
Player cards: [♠9, ♥K], Bot cards:[♦7, ♠8]
Player points: [19, 19], Bot points:[15, 15]
Bot get one more card ♣9
Player point: 19, Bot point: 24
Player win! Money: 1164.0
========================
Round #682
Player cards: [♠4, ♥K], Bot cards:[♠4, ♥J]
Player points: [14, 14], Bot points:[14, 14]
Bot get one more card ♠8
Player point: 14, Bot point: 22
Player win! Money: 1184.0
========================
Round #683
Player cards: [♠4, ♠8], Bot cards:[♥7, ♦8]
Player points: [12, 12], Bot points:[15, 15]
Player get one more card ♦9
Bot get one more card ♥4
Player point: 21, Bot point: 19
Player win! Money: 1204.0
========================
Round #684
Player cards: [♥6, ♦A], Bot cards:[♥J, ♣K]
Player points: [7, 17], Bot points:[20, 20]
Player point: 17, Bot point: 20
Player lose! Money: 1184.0
========================
Round #685
Player cards: [♠7, ♠J], Bot cards:[♠J, ♦A]
Player points: [17, 17], Bot points:[11, 21]
Bot get one more card ♣A
Bot get one more card ♥4
Bot get one more card ♠7
Player point: 17, Bot point: 23
Player win! Money: 1204.0
========================
Round #686
Player cards: [♥3, ♠A], Bot cards:[♥9, ♣A]
Player points: [4, 14], Bot points:[10, 20]
Player get one more card ♣T
Player get one more card ♥K
Bot get one more card ♦2
Bot get one more card ♣Q
Player point: 24, Bot point: 22
Player lose! Money: 1184.0
========================
Round #687
Player cards: [♦3, ♦4], Bot cards:[♦8, ♣Q]
Player points: [7, 7], Bot points:[18, 18]
Player get one more card ♦3
Player get one more card ♥J
Player point: 20, Bot point: 18
Player win! Money: 1204.0
========================
Round #688
Player cards: [♣4, ♣8], Bot cards:[♠3, ♥4]
Player points: [12, 12], Bot points:[7, 7]
Player get one more card ♦9
Bot get one more card ♥5
Bot get one more card ♥9
Player point: 21, Bot point: 21
Player lose! Money: 1184.0
========================
Round #689
Player cards: [♠T, ♥T], Bot cards:[♥3, ♥J]
Player points: [20, 20], Bot points:[13, 13]
Bot get one more card ♦9
Player point: 20, Bot point: 22
Player win! Money: 1204.0
========================
Round #690
Player cards: [♦Q, ♥Q], Bot cards:[♥7, ♦8]
Player points: [20, 20], Bot points:[15, 15]
Bot get one more card ♠7
Player point: 20, Bot point: 22
Player win! Money: 1224.0
========================
Round #691
Player cards: [♦T, ♣Q], Bot cards:[♥9, ♠T]
Player points: [20, 20], Bot points:[19, 19]
Player point: 20, Bot point: 19
Player win! Money: 1244.0
========================
Round #692
Player cards: [♠2, ♥8], Bot cards:[♦4, ♥7]
Player points: [10, 10], Bot points:[11, 11]
----- Double Bet! -----
Player get one more card ♠Q
Bot get one more card ♠Q
Player point: 20, Bot point: 21
Player lose! Money: 1204.0
========================
Round #693
Player cards: [♣2, ♦4], Bot cards:[♣2, ♣7]
Player points: [6, 6], Bot points:[9, 9]
Player get one more card ♠J
Bot get one more card ♠K
Player point: 16, Bot point: 19
Player lose! Money: 1184.0
========================
Round #694
Player cards: [♠8, ♥Q], Bot cards:[♠5, ♠K]
Player points: [18, 18], Bot points:[15, 15]
Bot get one more card ♥A
Bot get one more card ♥6
Player point: 18, Bot point: 22
Player win! Money: 1204.0
========================
Round #695
Player cards: [♣4, ♣9], Bot cards:[♣6, ♥K]
Player points: [13, 13], Bot points:[16, 16]
Bot get one more card ♣2
Player point: 13, Bot point: 18
Player lose! Money: 1184.0
========================
Round #696
Player cards: [♣6, ♦6], Bot cards:[♦5, ♦K]
Player points: [12, 12], Bot points:[15, 15]
-------- Split! Two hands: [13, 13], [11, 11]
For second hand:
----- Double Bet! -----
Player get one more card ♥6
Bot get one more card ♣5
Player point: 13, Bot point: 20
Player lose! Money: 1164.0
========================
Player point: 17, Bot point: 20
Player lose! Money: 1124.0
========================
Round #697
New deck
Player cards: [♣9, ♥A], Bot cards:[♠8, ♠K]
Player points: [10, 20], Bot points:[18, 18]
Player point: 20, Bot point: 18
Player win! Money: 1144.0
========================
Round #698
Player cards: [♦2, ♣J], Bot cards:[♥Q, ♥K]
Player points: [12, 12], Bot points:[20, 20]
Player get one more card ♥Q
Player point: 22, Bot point: 20
Player lose! Money: 1124.0
========================
Round #699
Player cards: [♥2, ♣5], Bot cards:[♥T, ♣J]
Player points: [7, 7], Bot points:[20, 20]
Player get one more card ♦Q
Player point: 17, Bot point: 20
Player lose! Money: 1104.0
========================
Round #700
Player cards: [♠2, ♣K], Bot cards:[♦7, ♠Q]
Player points: [12, 12], Bot points:[17, 17]
Player get one more card ♦6
Player point: 18, Bot point: 17
Player win! Money: 1124.0
========================
Round #701
Player cards: [♣T, ♠A], Bot cards:[♦5, ♦A]
Player points: [11, 21], Bot points:[6, 16]
Bot get one more card ♥4
Bot get one more card ♦6
Bot get one more card ♣8
Player point: 21, Bot point: 24
------ BlackJack!! ------
Player win! Money: 1150.0
========================
Round #702
Player cards: [♣6, ♦J], Bot cards:[♠3, ♦J]
Player points: [16, 16], Bot points:[13, 13]
Bot get one more card ♥9
Player point: 16, Bot point: 22
Player win! Money: 1170.0
========================
Round #703
Player cards: [♥A, ♦A], Bot cards:[♥5, ♦Q]
Player points: [2, 12], Bot points:[15, 15]
-------- Split! Two hands: [9, 19], [11, 21]
For second hand:
Bot get one more card ♥J
Player point: 19, Bot point: 25
Player win! Money: 1190.0
========================
Player point: 21, Bot point: 25
------ BlackJack!! ------
Player win! Money: 1216.0
========================
Round #704
Player cards: [♣8, ♠A], Bot cards:[♠4, ♣T]
Player points: [9, 19], Bot points:[14, 14]
Bot get one more card ♥8
Player point: 19, Bot point: 22
Player win! Money: 1236.0
========================
Round #705
Player cards: [♦5, ♥T], Bot cards:[♥3, ♦Q]
Player points: [15, 15], Bot points:[13, 13]
Bot get one more card ♦T
Player point: 15, Bot point: 23
Player win! Money: 1256.0
========================
Round #706
Player cards: [♥4, ♣K], Bot cards:[♥8, ♦9]
Player points: [14, 14], Bot points:[17, 17]
Player get one more card ♥9
Player point: 23, Bot point: 17
Player lose! Money: 1236.0
========================
Round #707
Player cards: [♥3, ♥5], Bot cards:[♥6, ♥7]
Player points: [8, 8], Bot points:[13, 13]
Player get one more card ♠5
Bot get one more card ♠6
Player point: 13, Bot point: 19
Player lose! Money: 1216.0
========================
Round #708
Player cards: [♦9, ♥J], Bot cards:[♥8, ♣A]
Player points: [19, 19], Bot points:[9, 19]
Bot get one more card ♠T
Player point: 19, Bot point: 19
Draw! Money:1216.0
========================
Round #709
Player cards: [♥4, ♦8], Bot cards:[♠4, ♥J]
Player points: [12, 12], Bot points:[14, 14]
Bot get one more card ♣2
Bot get one more card ♦Q
Player point: 12, Bot point: 26
Player win! Money: 1236.0
========================
Round #710
Player cards: [♠T, ♦K], Bot cards:[♥2, ♦5]
Player points: [20, 20], Bot points:[7, 7]
Bot get one more card ♠Q
Player point: 20, Bot point: 17
Player win! Money: 1256.0
========================
Round #711
Player cards: [♥T, ♠K], Bot cards:[♣J, ♣J]
Player points: [20, 20], Bot points:[20, 20]
Player point: 20, Bot point: 20
Draw! Money:1256.0
========================
Round #712
Player cards: [♠6, ♦K], Bot cards:[♣3, ♣4]
Player points: [16, 16], Bot points:[7, 7]
Bot get one more card ♥3
Bot get one more card ♥8
Player point: 16, Bot point: 18
Player lose! Money: 1236.0
========================
Round #713
Player cards: [♠6, ♣Q], Bot cards:[♥4, ♦4]
Player points: [16, 16], Bot points:[8, 8]
Bot get one more card ♠J
Player point: 16, Bot point: 18
Player lose! Money: 1216.0
========================
Round #714
Player cards: [♠5, ♠K], Bot cards:[♣8, ♣A]
Player points: [15, 15], Bot points:[9, 19]
Player get one more card ♦3
Bot get one more card ♠5
Bot get one more card ♠5
Player point: 18, Bot point: 19
Player lose! Money: 1196.0
========================
Round #715
Player cards: [♦6, ♠9], Bot cards:[♦7, ♠9]
Player points: [15, 15], Bot points:[16, 16]
Player get one more card ♥Q
Bot get one more card ♥9
Player point: 25, Bot point: 25
Player lose! Money: 1176.0
========================
Round #716
Player cards: [♦7, ♦T], Bot cards:[♥7, ♠K]
Player points: [17, 17], Bot points:[17, 17]
Player point: 17, Bot point: 17
Draw! Money:1176.0
========================
Round #717
Player cards: [♣5, ♠9], Bot cards:[♣T, ♣K]
Player points: [14, 14], Bot points:[20, 20]
Player get one more card ♥K
Player point: 24, Bot point: 20
Player lose! Money: 1156.0
========================
Round #718
Player cards: [♣6, ♠A], Bot cards:[♣4, ♦K]
Player points: [7, 17], Bot points:[14, 14]
Bot get one more card ♠A
Bot get one more card ♦8
Player point: 17, Bot point: 23
Player win! Money: 1176.0
========================
Round #719
Player cards: [♠Q, ♦A], Bot cards:[♣2, ♠3]
Player points: [11, 21], Bot points:[5, 5]
Bot get one more card ♠2
Bot get one more card ♦J
Player point: 21, Bot point: 17
------ BlackJack!! ------
Player win! Money: 1202.0
========================
Round #720
Player cards: [♦2, ♣5], Bot cards:[♠3, ♥K]
Player points: [7, 7], Bot points:[13, 13]
Player get one more card ♥7
Bot get one more card ♥6
Player point: 14, Bot point: 19
Player lose! Money: 1182.0
========================
Round #721
Player cards: [♠7, ♣7], Bot cards:[♠4, ♣7]
Player points: [14, 14], Bot points:[11, 11]
-------- Split! Two hands: [10, 10], [17, 17]
----- Double Bet! -----
Player get one more card ♠2
For second hand:
Bot get one more card ♣Q
Player point: 12, Bot point: 21
Player lose! Money: 1142.0
========================
Player point: 17, Bot point: 21
Player lose! Money: 1122.0
========================
Round #722
Player cards: [♥3, ♣9], Bot cards:[♦8, ♣9]
Player points: [12, 12], Bot points:[17, 17]
Player get one more card ♦4
Player get one more card ♥6
Player point: 22, Bot point: 17
Player lose! Money: 1102.0
========================
Round #723
Player cards: [♣4, ♣5], Bot cards:[♦4, ♥7]
Player points: [9, 9], Bot points:[11, 11]
----- Double Bet! -----
Player get one more card ♥K
Bot get one more card ♥6
Player point: 19, Bot point: 17
Player win! Money: 1142.0
========================
Round #724
Player cards: [♠4, ♣T], Bot cards:[♠3, ♥Q]
Player points: [14, 14], Bot points:[13, 13]
Bot get one more card ♦9
Player point: 14, Bot point: 22
Player win! Money: 1162.0
========================
Round #725
Player cards: [♦6, ♥J], Bot cards:[♣9, ♦J]
Player points: [16, 16], Bot points:[19, 19]
Player get one more card ♦9
Player point: 25, Bot point: 19
Player lose! Money: 1142.0
========================
Round #726
Player cards: [♦3, ♣7], Bot cards:[♣8, ♥9]
Player points: [10, 10], Bot points:[17, 17]
----- Double Bet! -----
Player get one more card ♦2
Player point: 12, Bot point: 17
Player lose! Money: 1102.0
========================
Round #727
Player cards: [♠7, ♠7], Bot cards:[♥5, ♠T]
Player points: [14, 14], Bot points:[15, 15]
-------- Split! Two hands: [9, 9], [17, 17]
----- Double Bet! -----
Player get one more card ♣2
For second hand:
Bot get one more card ♣A
Bot get one more card ♥A
Player point: 11, Bot point: 17
Player lose! Money: 1062.0
========================
Player point: 17, Bot point: 17
Draw! Money:1062.0
========================
Round #728
Player cards: [♠4, ♣Q], Bot cards:[♣3, ♦T]
Player points: [14, 14], Bot points:[13, 13]
Bot get one more card ♠8
Player point: 14, Bot point: 21
Player lose! Money: 1042.0
========================
Round #729
Player cards: [♣6, ♠J], Bot cards:[♣4, ♣6]
Player points: [16, 16], Bot points:[10, 10]
Bot get one more card ♣A
Bot get one more card ♠2
Bot get one more card ♣K
Player point: 16, Bot point: 23
Player win! Money: 1062.0
========================
Round #730
Player cards: [♦4, ♠9], Bot cards:[♣3, ♦J]
Player points: [13, 13], Bot points:[13, 13]
Bot get one more card ♠7
Player point: 13, Bot point: 20
Player lose! Money: 1042.0
========================
Round #731
Player cards: [♠J, ♦A], Bot cards:[♠8, ♠A]
Player points: [11, 21], Bot points:[9, 19]
Bot get one more card ♣K
Player point: 21, Bot point: 19
------ BlackJack!! ------
Player win! Money: 1068.0
========================
Round #732
Player cards: [♦3, ♦3], Bot cards:[♥2, ♠Q]
Player points: [6, 6], Bot points:[12, 12]
Player get one more card ♥A
Bot get one more card ♥2
Bot get one more card ♣7
Player point: 17, Bot point: 21
Player lose! Money: 1048.0
========================
Round #733
Player cards: [♣9, ♦K], Bot cards:[♣3, ♦7]
Player points: [19, 19], Bot points:[10, 10]
Bot get one more card ♣J
Player point: 19, Bot point: 20
Player lose! Money: 1028.0
========================
Round #734
New deck
Player cards: [♦5, ♠8], Bot cards:[♣6, ♥J]
Player points: [13, 13], Bot points:[16, 16]
Bot get one more card ♠8
Player point: 13, Bot point: 24
Player win! Money: 1048.0
========================
Round #735
Player cards: [♣7, ♠A], Bot cards:[♣6, ♥7]
Player points: [8, 18], Bot points:[13, 13]
Bot get one more card ♣5
Player point: 18, Bot point: 18
Draw! Money:1048.0
========================
Round #736
Player cards: [♦3, ♠T], Bot cards:[♠3, ♦T]
Player points: [13, 13], Bot points:[13, 13]
Bot get one more card ♦3
Bot get one more card ♦Q
Player point: 13, Bot point: 26
Player win! Money: 1068.0
========================
Round #737
Player cards: [♦4, ♥4], Bot cards:[♠2, ♣5]
Player points: [8, 8], Bot points:[7, 7]
Player get one more card ♦5
Bot get one more card ♦9
Bot get one more card ♥6
Player point: 13, Bot point: 22
Player win! Money: 1088.0
========================
Round #738
Player cards: [♦9, ♥K], Bot cards:[♣9, ♥A]
Player points: [19, 19], Bot points:[10, 20]
Bot get one more card ♥7
Player point: 19, Bot point: 17
Player win! Money: 1108.0
========================
Round #739
Player cards: [♥2, ♣J], Bot cards:[♦4, ♥K]
Player points: [12, 12], Bot points:[14, 14]
Bot get one more card ♥T
Player point: 12, Bot point: 24
Player win! Money: 1128.0
========================
Round #740
Player cards: [♥5, ♣T], Bot cards:[♦5, ♥5]
Player points: [15, 15], Bot points:[10, 10]
Bot get one more card ♠8
Player point: 15, Bot point: 18
Player lose! Money: 1108.0
========================
Round #741
Player cards: [♦8, ♣A], Bot cards:[♠4, ♦7]
Player points: [9, 19], Bot points:[11, 11]
Bot get one more card ♠K
Player point: 19, Bot point: 21
Player lose! Money: 1088.0
========================
Round #742
Player cards: [♣7, ♦T], Bot cards:[♠5, ♠J]
Player points: [17, 17], Bot points:[15, 15]
Bot get one more card ♦3
Player point: 17, Bot point: 18
Player lose! Money: 1068.0
========================
Round #743
Player cards: [♦2, ♦7], Bot cards:[♣3, ♣A]
Player points: [9, 9], Bot points:[4, 14]
----- Double Bet! -----
Player get one more card ♥8
Bot get one more card ♦2
Bot get one more card ♥9
Bot get one more card ♣3
Player point: 17, Bot point: 18
Player lose! Money: 1028.0
========================
Round #744
Player cards: [♣2, ♠J], Bot cards:[♠2, ♥4]
Player points: [12, 12], Bot points:[6, 6]
Player get one more card ♠T
Bot get one more card ♣5
Bot get one more card ♦2
Bot get one more card ♣J
Player point: 22, Bot point: 23
Player lose! Money: 1008.0
========================
Round #745
Player cards: [♥T, ♦J], Bot cards:[♥9, ♠Q]
Player points: [20, 20], Bot points:[19, 19]
Player point: 20, Bot point: 19
Player win! Money: 1028.0
========================
Round #746
Player cards: [♦2, ♠7], Bot cards:[♥2, ♣Q]
Player points: [9, 9], Bot points:[12, 12]
Player get one more card ♣4
Bot get one more card ♥3
Bot get one more card ♦5
Player point: 13, Bot point: 20
Player lose! Money: 1008.0
========================
Round #747
Player cards: [♠5, ♦K], Bot cards:[♣8, ♣9]
Player points: [15, 15], Bot points:[17, 17]
Player get one more card ♠T
Player point: 25, Bot point: 17
Player lose! Money: 988.0
========================
Round #748
Player cards: [♥K, ♥A], Bot cards:[♦4, ♦A]
Player points: [11, 21], Bot points:[5, 15]
Bot get one more card ♥T
Bot get one more card ♠2
Player point: 21, Bot point: 17
------ BlackJack!! ------
Player win! Money: 1014.0
========================
Round #749
Player cards: [♦8, ♥Q], Bot cards:[♠9, ♠9]
Player points: [18, 18], Bot points:[18, 18]
Player point: 18, Bot point: 18
Draw! Money:1014.0
========================
Round #750
Player cards: [♣4, ♠9], Bot cards:[♦4, ♥6]
Player points: [13, 13], Bot points:[10, 10]
Bot get one more card ♦K
Player point: 13, Bot point: 20
Player lose! Money: 994.0
========================
Round #751
Player cards: [♥6, ♥7], Bot cards:[♠2, ♠3]
Player points: [13, 13], Bot points:[5, 5]
Bot get one more card ♣Q
Bot get one more card ♣T
Player point: 13, Bot point: 25
Player win! Money: 1014.0
========================
Round #752
Player cards: [♠8, ♠J], Bot cards:[♠5, ♦T]
Player points: [18, 18], Bot points:[15, 15]
Bot get one more card ♦T
Player point: 18, Bot point: 25
Player win! Money: 1034.0
========================
Round #753
Player cards: [♥3, ♠A], Bot cards:[♣7, ♠J]
Player points: [4, 14], Bot points:[17, 17]
Player get one more card ♣9
Player get one more card ♠7
Player point: 20, Bot point: 17
Player win! Money: 1054.0
========================
Round #754
Player cards: [♠5, ♠6], Bot cards:[♥J, ♣A]
Player points: [11, 11], Bot points:[11, 21]
----- Double Bet! -----
Player get one more card ♥7
Bot get one more card ♠Q
Player point: 18, Bot point: 21
Player lose! Money: 1014.0
========================
Round #755
Player cards: [♣3, ♦6], Bot cards:[♥4, ♠6]
Player points: [9, 9], Bot points:[10, 10]
----- Double Bet! -----
Player get one more card ♠K
Bot get one more card ♠8
Player point: 19, Bot point: 18
Player win! Money: 1054.0
========================
Round #756
Player cards: [♥5, ♠6], Bot cards:[♦6, ♥6]
Player points: [11, 11], Bot points:[12, 12]
----- Double Bet! -----
Player get one more card ♠K
Bot get one more card ♦Q
Player point: 21, Bot point: 22
Player win! Money: 1094.0
========================
Round #757
Player cards: [♦3, ♠4], Bot cards:[♦7, ♥Q]
Player points: [7, 7], Bot points:[17, 17]
Player get one more card ♥8
Player get one more card ♣2
Player point: 17, Bot point: 17
Draw! Money:1094.0
========================
Round #758
Player cards: [♥5, ♥A], Bot cards:[♠7, ♦J]
Player points: [6, 16], Bot points:[17, 17]
Player get one more card ♠T
Player get one more card ♥T
Player point: 26, Bot point: 17
Player lose! Money: 1074.0
========================
Round #759
Player cards: [♥4, ♣K], Bot cards:[♦9, ♥K]
Player points: [14, 14], Bot points:[19, 19]
Player get one more card ♣3
Player point: 17, Bot point: 19
Player lose! Money: 1054.0
========================
Round #760
Player cards: [♣9, ♦A], Bot cards:[♦5, ♥Q]
Player points: [10, 20], Bot points:[15, 15]
Bot get one more card ♣7
Player point: 20, Bot point: 22
Player win! Money: 1074.0
========================
Round #761
Player cards: [♥8, ♣Q], Bot cards:[♠4, ♣J]
Player points: [18, 18], Bot points:[14, 14]
Bot get one more card ♦K
Player point: 18, Bot point: 24
Player win! Money: 1094.0
========================
Round #762
Player cards: [♥3, ♠Q], Bot cards:[♥Q, ♦A]
Player points: [13, 13], Bot points:[11, 21]
Player get one more card ♥A
Player get one more card ♦Q
Bot get one more card ♠7
Player point: 24, Bot point: 18
Player lose! Money: 1074.0
========================
Round #763
Player cards: [♠3, ♣K], Bot cards:[♣8, ♣K]
Player points: [13, 13], Bot points:[18, 18]
Player get one more card ♥2
Player get one more card ♣6
Player point: 21, Bot point: 18
Player win! Money: 1094.0
========================
Round #764
Player cards: [♥5, ♦Q], Bot cards:[♣8, ♥9]
Player points: [15, 15], Bot points:[17, 17]
Player get one more card ♠K
Player point: 25, Bot point: 17
Player lose! Money: 1074.0
========================
Round #765
Player cards: [♣T, ♦J], Bot cards:[♣8, ♠T]
Player points: [20, 20], Bot points:[18, 18]
Player point: 20, Bot point: 18
Player win! Money: 1094.0
========================
Round #766
Player cards: [♦T, ♥J], Bot cards:[♥3, ♦8]
Player points: [20, 20], Bot points:[11, 11]
Bot get one more card ♣4
Bot get one more card ♠4
Player point: 20, Bot point: 19
Player win! Money: 1114.0
========================
Round #767
Player cards: [♦J, ♠J], Bot cards:[♣6, ♣K]
Player points: [20, 20], Bot points:[16, 16]
Bot get one more card ♣Q
Player point: 20, Bot point: 26
Player win! Money: 1134.0
========================
Round #768
Player cards: [♣2, ♦6], Bot cards:[♣5, ♥8]
Player points: [8, 8], Bot points:[13, 13]
Player get one more card ♣A
Bot get one more card ♦7
Player point: 19, Bot point: 20
Player lose! Money: 1114.0
========================
Round #769
Player cards: [♥2, ♠A], Bot cards:[♣T, ♠Q]
Player points: [3, 13], Bot points:[20, 20]
Player get one more card ♦K
Player get one more card ♣2
Player get one more card ♣J
Player point: 25, Bot point: 20
Player lose! Money: 1094.0
========================
Round #770
Player cards: [♣2, ♥J], Bot cards:[♠A, ♦A]
Player points: [12, 12], Bot points:[2, 12]
Player get one more card ♦9
Bot get one more card ♠3
Bot get one more card ♠6
Bot get one more card ♦2
Bot get one more card ♦6
Player point: 21, Bot point: 19
Player win! Money: 1114.0
========================
Round #771
New deck
Player cards: [♦3, ♥T], Bot cards:[♣8, ♠T]
Player points: [13, 13], Bot points:[18, 18]
Player get one more card ♦5
Player point: 18, Bot point: 18
Draw! Money:1114.0
========================
Round #772
Player cards: [♠4, ♠A], Bot cards:[♣5, ♣6]
Player points: [5, 15], Bot points:[11, 11]
Bot get one more card ♣3
Bot get one more card ♣4
Player point: 15, Bot point: 18
Player lose! Money: 1094.0
========================
Round #773
Player cards: [♠2, ♦8], Bot cards:[♣2, ♣9]
Player points: [10, 10], Bot points:[11, 11]
----- Double Bet! -----
Player get one more card ♠J
Bot get one more card ♠2
Bot get one more card ♥3
Bot get one more card ♠5
Player point: 20, Bot point: 21
Player lose! Money: 1054.0
========================
Round #774
Player cards: [♦T, ♦Q], Bot cards:[♣6, ♥A]
Player points: [20, 20], Bot points:[7, 17]
Bot get one more card ♥8
Bot get one more card ♦3
Player point: 20, Bot point: 18
Player win! Money: 1074.0
========================
Round #775
Player cards: [♥9, ♥T], Bot cards:[♥7, ♣8]
Player points: [19, 19], Bot points:[15, 15]
Bot get one more card ♣K
Player point: 19, Bot point: 25
Player win! Money: 1094.0
========================
Round #776
Player cards: [♣4, ♠5], Bot cards:[♠3, ♥8]
Player points: [9, 9], Bot points:[11, 11]
----- Double Bet! -----
Player get one more card ♥9
Bot get one more card ♣J
Player point: 18, Bot point: 21
Player lose! Money: 1054.0
========================
Round #777
Player cards: [♠5, ♣9], Bot cards:[♣4, ♣7]
Player points: [14, 14], Bot points:[11, 11]
Bot get one more card ♥2
Bot get one more card ♣A
Bot get one more card ♥A
Bot get one more card ♣T
Player point: 14, Bot point: 25
Player win! Money: 1074.0
========================
Round #778
Player cards: [♣4, ♠5], Bot cards:[♦4, ♠Q]
Player points: [9, 9], Bot points:[14, 14]
----- Double Bet! -----
Player get one more card ♥4
Bot get one more card ♣J
Player point: 13, Bot point: 24
Player win! Money: 1114.0
========================
Round #779
Player cards: [♠J, ♦J], Bot cards:[♠3, ♠Q]
Player points: [20, 20], Bot points:[13, 13]
Bot get one more card ♣A
Bot get one more card ♥6
Player point: 20, Bot point: 20
Draw! Money:1114.0
========================
Round #780
Player cards: [♠8, ♠T], Bot cards:[♣6, ♦9]
Player points: [18, 18], Bot points:[15, 15]
Bot get one more card ♠A
Bot get one more card ♣Q
Player point: 18, Bot point: 26
Player win! Money: 1134.0
========================
Round #781
Player cards: [♥5, ♣Q], Bot cards:[♦2, ♦6]
Player points: [15, 15], Bot points:[8, 8]
Bot get one more card ♥3
Bot get one more card ♥Q
Player point: 15, Bot point: 21
Player lose! Money: 1114.0
========================
Round #782
Player cards: [♠6, ♥Q], Bot cards:[♥6, ♦T]
Player points: [16, 16], Bot points:[16, 16]
Bot get one more card ♦4
Player point: 16, Bot point: 20
Player lose! Money: 1094.0
========================
Round #783
Player cards: [♣T, ♦A], Bot cards:[♦4, ♠6]
Player points: [11, 21], Bot points:[10, 10]
Bot get one more card ♦7
Player point: 21, Bot point: 17
------ BlackJack!! ------
Player win! Money: 1120.0
========================
Round #784
Player cards: [♥3, ♦J], Bot cards:[♦5, ♠K]
Player points: [13, 13], Bot points:[15, 15]
Bot get one more card ♦9
Player point: 13, Bot point: 24
Player win! Money: 1140.0
========================
Round #785
Player cards: [♦2, ♠7], Bot cards:[♦T, ♣Q]
Player points: [9, 9], Bot points:[20, 20]
Player get one more card ♣J
Player point: 19, Bot point: 20
Player lose! Money: 1120.0
========================
Round #786
Player cards: [♥4, ♦T], Bot cards:[♣7, ♦7]
Player points: [14, 14], Bot points:[14, 14]
Player get one more card ♣K
Bot get one more card ♣2
Bot get one more card ♠6
Player point: 24, Bot point: 22
Player lose! Money: 1100.0
========================
Round #787
Player cards: [♠9, ♥J], Bot cards:[♥2, ♣3]
Player points: [19, 19], Bot points:[5, 5]
Bot get one more card ♣2
Bot get one more card ♣5
Bot get one more card ♠J
Player point: 19, Bot point: 22
Player win! Money: 1120.0
========================
Round #788
Player cards: [♦6, ♥7], Bot cards:[♦7, ♦Q]
Player points: [13, 13], Bot points:[17, 17]
Player get one more card ♠9
Player point: 22, Bot point: 17
Player lose! Money: 1100.0
========================
Round #789
Player cards: [♥4, ♣K], Bot cards:[♣6, ♠T]
Player points: [14, 14], Bot points:[16, 16]
Bot get one more card ♠K
Player point: 14, Bot point: 26
Player win! Money: 1120.0
========================
Round #790
Player cards: [♣T, ♥T], Bot cards:[♠9, ♦Q]
Player points: [20, 20], Bot points:[19, 19]
Player point: 20, Bot point: 19
Player win! Money: 1140.0
========================
Round #791
Player cards: [♠2, ♠Q], Bot cards:[♠K, ♦A]
Player points: [12, 12], Bot points:[11, 21]
Player get one more card ♥J
Bot get one more card ♥A
Bot get one more card ♥7
Player point: 22, Bot point: 19
Player lose! Money: 1120.0
========================
Round #792
Player cards: [♠J, ♠A], Bot cards:[♥2, ♠A]
Player points: [11, 21], Bot points:[3, 13]
Bot get one more card ♣9
Bot get one more card ♦9
Player point: 21, Bot point: 21
Player lose! Money: 1100.0
========================
Round #793
Player cards: [♦7, ♣8], Bot cards:[♣3, ♣7]
Player points: [15, 15], Bot points:[10, 10]
Bot get one more card ♠7
Player point: 15, Bot point: 17
Player lose! Money: 1080.0
========================
Round #794
Player cards: [♥5, ♦K], Bot cards:[♥2, ♦5]
Player points: [15, 15], Bot points:[7, 7]
Bot get one more card ♥9
Bot get one more card ♥6
Player point: 15, Bot point: 22
Player win! Money: 1100.0
========================
Round #795
Player cards: [♠3, ♠7], Bot cards:[♦J, ♦K]
Player points: [10, 10], Bot points:[20, 20]
Player get one more card ♥3
Player get one more card ♥Q
Player point: 23, Bot point: 20
Player lose! Money: 1080.0
========================
Round #796
Player cards: [♣7, ♣T], Bot cards:[♦8, ♣9]
Player points: [17, 17], Bot points:[17, 17]
Player point: 17, Bot point: 17
Draw! Money:1080.0
========================
Round #797
Player cards: [♣Q, ♥K], Bot cards:[♦3, ♥7]
Player points: [20, 20], Bot points:[10, 10]
Bot get one more card ♦9
Player point: 20, Bot point: 19
Player win! Money: 1100.0
========================
Round #798
Player cards: [♦8, ♦K], Bot cards:[♦2, ♥K]
Player points: [18, 18], Bot points:[12, 12]
Bot get one more card ♥K
Player point: 18, Bot point: 22
Player win! Money: 1120.0
========================
Round #799
Player cards: [♥5, ♦5], Bot cards:[♣3, ♥8]
Player points: [10, 10], Bot points:[11, 11]
----- Double Bet! -----
Player get one more card ♦8
Bot get one more card ♣A
Bot get one more card ♦4
Bot get one more card ♠4
Player point: 18, Bot point: 20
Player lose! Money: 1080.0
========================
Round #800
Player cards: [♠9, ♥9], Bot cards:[♦6, ♣A]
Player points: [18, 18], Bot points:[7, 17]
-------- Split! Two hands: [16, 16], [13, 13]
For second hand:
Bot get one more card ♦Q
Player point: 16, Bot point: 17
Player lose! Money: 1060.0
========================
Player point: 13, Bot point: 17
Player lose! Money: 1040.0
========================
Round #801
Player cards: [♥9, ♦A], Bot cards:[♠6, ♣8]
Player points: [10, 20], Bot points:[14, 14]
Bot get one more card ♦J
Player point: 20, Bot point: 24
Player win! Money: 1060.0
========================
Round #802
Player cards: [♠8, ♥K], Bot cards:[♥5, ♠8]
Player points: [18, 18], Bot points:[13, 13]
Bot get one more card ♥Q
Player point: 18, Bot point: 23
Player win! Money: 1080.0
========================
Round #803
Player cards: [♠2, ♥J], Bot cards:[♥J, ♦K]
Player points: [12, 12], Bot points:[20, 20]
Player get one more card ♠6
Player point: 18, Bot point: 20
Player lose! Money: 1060.0
========================
Round #804
Player cards: [♣4, ♠K], Bot cards:[♦2, ♣5]
Player points: [14, 14], Bot points:[7, 7]
Bot get one more card ♦8
Bot get one more card ♣2
Player point: 14, Bot point: 17
Player lose! Money: 1040.0
========================
Round #805
Player cards: [♠4, ♦6], Bot cards:[♠Q, ♦A]
Player points: [10, 10], Bot points:[11, 21]
Player get one more card ♣J
Bot get one more card ♥4
Bot get one more card ♣K
Player point: 20, Bot point: 25
Player win! Money: 1060.0
========================
Round #806
Player cards: [♣5, ♠T], Bot cards:[♠3, ♠8]
Player points: [15, 15], Bot points:[11, 11]
Bot get one more card ♦3
Bot get one more card ♥T
Player point: 15, Bot point: 24
Player win! Money: 1080.0
========================
Round #807
New deck
Player cards: [♦2, ♠3], Bot cards:[♠7, ♦K]
Player points: [5, 5], Bot points:[17, 17]
Player get one more card ♠K
Player get one more card ♥K
Player point: 25, Bot point: 17
Player lose! Money: 1060.0
========================
Round #808
Player cards: [♥5, ♥A], Bot cards:[♣9, ♠J]
Player points: [6, 16], Bot points:[19, 19]
Player get one more card ♠4
Player point: 20, Bot point: 19
Player win! Money: 1080.0
========================
Round #809
Player cards: [♦2, ♦7], Bot cards:[♠3, ♥7]
Player points: [9, 9], Bot points:[10, 10]
----- Double Bet! -----
Player get one more card ♦9
Bot get one more card ♦6
Bot get one more card ♣7
Player point: 18, Bot point: 23
Player win! Money: 1120.0
========================
Round #810
Player cards: [♣2, ♣A], Bot cards:[♥2, ♦K]
Player points: [3, 13], Bot points:[12, 12]
Bot get one more card ♠9
Player point: 13, Bot point: 21
Player lose! Money: 1100.0
========================
Round #811
Player cards: [♣4, ♥K], Bot cards:[♣4, ♥9]
Player points: [14, 14], Bot points:[13, 13]
Bot get one more card ♥8
Player point: 14, Bot point: 21
Player lose! Money: 1080.0
========================
Round #812
Player cards: [♦3, ♣K], Bot cards:[♠7, ♦T]
Player points: [13, 13], Bot points:[17, 17]
Player get one more card ♥7
Player point: 20, Bot point: 17
Player win! Money: 1100.0
========================
Round #813
Player cards: [♠2, ♦4], Bot cards:[♦5, ♦A]
Player points: [6, 6], Bot points:[6, 16]
Player get one more card ♣T
Bot get one more card ♥J
Bot get one more card ♠2
Player point: 16, Bot point: 18
Player lose! Money: 1080.0
========================
Round #814
Player cards: [♠4, ♦4], Bot cards:[♠8, ♠Q]
Player points: [8, 8], Bot points:[18, 18]
Player get one more card ♠5
Player get one more card ♣8
Player point: 21, Bot point: 18
Player win! Money: 1100.0
========================
Round #815
Player cards: [♣7, ♥T], Bot cards:[♥6, ♠Q]
Player points: [17, 17], Bot points:[16, 16]
Bot get one more card ♥8
Player point: 17, Bot point: 24
Player win! Money: 1120.0
========================
Round #816
Player cards: [♦9, ♠J], Bot cards:[♦8, ♠J]
Player points: [19, 19], Bot points:[18, 18]
Player point: 19, Bot point: 18
Player win! Money: 1140.0
========================
Round #817
Player cards: [♣4, ♥K], Bot cards:[♦5, ♥9]
Player points: [14, 14], Bot points:[14, 14]
Bot get one more card ♥5
Player point: 14, Bot point: 19
Player lose! Money: 1120.0
========================
Round #818
Player cards: [♣T, ♣K], Bot cards:[♠5, ♥Q]
Player points: [20, 20], Bot points:[15, 15]
Bot get one more card ♥6
Player point: 20, Bot point: 21
Player lose! Money: 1100.0
========================
Round #819
Player cards: [♠7, ♦8], Bot cards:[♦7, ♠A]
Player points: [15, 15], Bot points:[8, 18]
Player get one more card ♠T
Bot get one more card ♦4
Bot get one more card ♦6
Player point: 25, Bot point: 18
Player lose! Money: 1080.0
========================
Round #820
Player cards: [♥8, ♥Q], Bot cards:[♠6, ♦9]
Player points: [18, 18], Bot points:[15, 15]
Bot get one more card ♠5
Player point: 18, Bot point: 20
Player lose! Money: 1060.0
========================
Round #821
Player cards: [♥4, ♦8], Bot cards:[♦8, ♠A]
Player points: [12, 12], Bot points:[9, 19]
Player get one more card ♣5
Bot get one more card ♥5
Bot get one more card ♣3
Player point: 17, Bot point: 17
Draw! Money:1060.0
========================
Round #822
Player cards: [♦J, ♠J], Bot cards:[♠3, ♦5]
Player points: [20, 20], Bot points:[8, 8]
Bot get one more card ♦A
Bot get one more card ♥2
Bot get one more card ♥9
Player point: 20, Bot point: 20
Draw! Money:1060.0
========================
Round #823
Player cards: [♦3, ♠9], Bot cards:[♠2, ♦K]
Player points: [12, 12], Bot points:[12, 12]
Player get one more card ♣3
Bot get one more card ♠6
Player point: 15, Bot point: 18
Player lose! Money: 1040.0
========================
Round #824
Player cards: [♠8, ♥9], Bot cards:[♦4, ♣Q]
Player points: [17, 17], Bot points:[14, 14]
Bot get one more card ♦5
Player point: 17, Bot point: 19
Player lose! Money: 1020.0
========================
Round #825
Player cards: [♠9, ♥A], Bot cards:[♥J, ♦Q]
Player points: [10, 20], Bot points:[20, 20]
Player point: 20, Bot point: 20
Draw! Money:1020.0
========================
Round #826
Player cards: [♣6, ♠A], Bot cards:[♥T, ♣J]
Player points: [7, 17], Bot points:[20, 20]
Player point: 17, Bot point: 20
Player lose! Money: 1000.0
========================
Round #827
Player cards: [♣Q, ♥Q], Bot cards:[♠8, ♦A]
Player points: [20, 20], Bot points:[9, 19]
Bot get one more card ♠6
Bot get one more card ♣Q
Player point: 20, Bot point: 25
Player win! Money: 1020.0
========================
Round #828
Player cards: [♥3, ♥K], Bot cards:[♣2, ♣A]
Player points: [13, 13], Bot points:[3, 13]
Bot get one more card ♦6
Bot get one more card ♣2
Bot get one more card ♠T
Player point: 13, Bot point: 21
Player lose! Money: 1000.0
========================
Round #829
Player cards: [♥3, ♠9], Bot cards:[♦9, ♦J]
Player points: [12, 12], Bot points:[19, 19]
Player get one more card ♥7
Player point: 19, Bot point: 19
Draw! Money:1000.0
========================
Round #830
Player cards: [♠8, ♣T], Bot cards:[♣2, ♣7]
Player points: [18, 18], Bot points:[9, 9]
Bot get one more card ♠4
Bot get one more card ♥A
Bot get one more card ♠K
Player point: 18, Bot point: 24
Player win! Money: 1020.0
========================
Round #831
Player cards: [♦3, ♣5], Bot cards:[♥4, ♠6]
Player points: [8, 8], Bot points:[10, 10]
Player get one more card ♥6
Bot get one more card ♣A
Bot get one more card ♥Q
Player point: 14, Bot point: 21
Player lose! Money: 1000.0
========================
Round #832
Player cards: [♣3, ♣5], Bot cards:[♦7, ♦Q]
Player points: [8, 8], Bot points:[17, 17]
Player get one more card ♥2
Player get one more card ♥5
Player point: 15, Bot point: 17
Player lose! Money: 980.0
========================
Round #833
Player cards: [♦3, ♦J], Bot cards:[♦6, ♠T]
Player points: [13, 13], Bot points:[16, 16]
Bot get one more card ♣7
Player point: 13, Bot point: 23
Player win! Money: 1000.0
========================
Round #834
Player cards: [♥6, ♦J], Bot cards:[♠7, ♦K]
Player points: [16, 16], Bot points:[17, 17]
Player get one more card ♥3
Player point: 19, Bot point: 17
Player win! Money: 1020.0
========================
Round #835
Player cards: [♣3, ♣6], Bot cards:[♠9, ♣K]
Player points: [9, 9], Bot points:[19, 19]
Player get one more card ♥4
Player get one more card ♦A
Player get one more card ♠K
Player point: 24, Bot point: 19
Player lose! Money: 1000.0
========================
Round #836
Player cards: [♠T, ♠Q], Bot cards:[♣8, ♦T]
Player points: [20, 20], Bot points:[18, 18]
Player point: 20, Bot point: 18
Player win! Money: 1020.0
========================
Round #837
Player cards: [♣J, ♠A], Bot cards:[♣8, ♠Q]
Player points: [11, 21], Bot points:[18, 18]
Player point: 21, Bot point: 18
------ BlackJack!! ------
Player win! Money: 1046.0
========================
Round #838
Player cards: [♦2, ♥A], Bot cards:[♣9, ♦Q]
Player points: [3, 13], Bot points:[19, 19]
Player get one more card ♣K
Player get one more card ♠5
Player point: 18, Bot point: 19
Player lose! Money: 1026.0
========================
Round #839
Player cards: [♥J, ♠K], Bot cards:[♣9, ♣T]
Player points: [20, 20], Bot points:[19, 19]
Player point: 20, Bot point: 19
Player win! Money: 1046.0
========================
Round #840
Player cards: [♣6, ♣J], Bot cards:[♥8, ♣A]
Player points: [16, 16], Bot points:[9, 19]
Player get one more card ♣5
Bot get one more card ♦T
Player point: 21, Bot point: 19
Player win! Money: 1066.0
========================
Round #841
Player cards: [♠2, ♣4], Bot cards:[♥3, ♥T]
Player points: [6, 6], Bot points:[13, 13]
Player get one more card ♥2
Player get one more card ♣Q
Bot get one more card ♥6
Player point: 18, Bot point: 19
Player lose! Money: 1046.0
========================
Round #842
Player cards: [♠4, ♣9], Bot cards:[♦2, ♦7]
Player points: [13, 13], Bot points:[9, 9]
Bot get one more card ♣J
Player point: 13, Bot point: 19
Player lose! Money: 1026.0
========================
Round #843
Player cards: [♦T, ♥J], Bot cards:[♣8, ♥T]
Player points: [20, 20], Bot points:[18, 18]
Player point: 20, Bot point: 18
Player win! Money: 1046.0
========================
Round #844
New deck
Player cards: [♠6, ♦7], Bot cards:[♥5, ♣9]
Player points: [13, 13], Bot points:[14, 14]
Bot get one more card ♣2
Bot get one more card ♦A
Player point: 13, Bot point: 17
Player lose! Money: 1026.0
========================
Round #845
Player cards: [♠2, ♦K], Bot cards:[♣J, ♠K]
Player points: [12, 12], Bot points:[20, 20]
Player get one more card ♦9
Player point: 21, Bot point: 20
Player win! Money: 1046.0
========================
Round #846
Player cards: [♥4, ♥8], Bot cards:[♥5, ♥7]
Player points: [12, 12], Bot points:[12, 12]
Bot get one more card ♣J
Player point: 12, Bot point: 22
Player win! Money: 1066.0
========================
Round #847
Player cards: [♠3, ♥3], Bot cards:[♣9, ♣9]
Player points: [6, 6], Bot points:[18, 18]
Player get one more card ♥4
Player get one more card ♥A
Player point: 21, Bot point: 18
Player win! Money: 1086.0
========================
Round #848
Player cards: [♣3, ♣5], Bot cards:[♠3, ♦8]
Player points: [8, 8], Bot points:[11, 11]
Player get one more card ♣3
Player get one more card ♠T
Bot get one more card ♣4
Bot get one more card ♠9
Player point: 21, Bot point: 24
Player win! Money: 1106.0
========================
Round #849
Player cards: [♦3, ♣5], Bot cards:[♠2, ♥J]
Player points: [8, 8], Bot points:[12, 12]
Player get one more card ♠5
Bot get one more card ♦8
Player point: 13, Bot point: 20
Player lose! Money: 1086.0
========================
Round #850
Player cards: [♣4, ♠J], Bot cards:[♣J, ♠K]
Player points: [14, 14], Bot points:[20, 20]
Player get one more card ♥Q
Player point: 24, Bot point: 20
Player lose! Money: 1066.0
========================
Round #851
Player cards: [♦3, ♣T], Bot cards:[♥6, ♥Q]
Player points: [13, 13], Bot points:[16, 16]
Bot get one more card ♣A
Player point: 13, Bot point: 17
Player lose! Money: 1046.0
========================
Round #852
Player cards: [♦6, ♣A], Bot cards:[♦4, ♥7]
Player points: [7, 17], Bot points:[11, 11]
Bot get one more card ♣T
Player point: 17, Bot point: 21
Player lose! Money: 1026.0
========================
Round #853
Player cards: [♥Q, ♥K], Bot cards:[♠5, ♣9]
Player points: [20, 20], Bot points:[14, 14]
Bot get one more card ♣7
Player point: 20, Bot point: 21
Player lose! Money: 1006.0
========================
Round #854
Player cards: [♣6, ♦K], Bot cards:[♦2, ♠9]
Player points: [16, 16], Bot points:[11, 11]
Bot get one more card ♥K
Player point: 16, Bot point: 21
Player lose! Money: 986.0
========================
Round #855
Player cards: [♣8, ♦J], Bot cards:[♣2, ♦K]
Player points: [18, 18], Bot points:[12, 12]
Bot get one more card ♠9
Player point: 18, Bot point: 21
Player lose! Money: 966.0
========================
Round #856
Player cards: [♥4, ♠K], Bot cards:[♣7, ♠7]
Player points: [14, 14], Bot points:[14, 14]
Player get one more card ♠3
Bot get one more card ♥2
Bot get one more card ♣4
Player point: 17, Bot point: 20
Player lose! Money: 946.0
========================
Round #857
Player cards: [♦A, ♥A], Bot cards:[♥4, ♠J]
Player points: [2, 12], Bot points:[14, 14]
-------- Split! Two hands: [11, 21], [8, 18]
For second hand:
Bot get one more card ♦J
Player point: 21, Bot point: 24
------ BlackJack!! ------
Player win! Money: 972.0
========================
Player point: 18, Bot point: 24
Player win! Money: 992.0
========================
Round #858
Player cards: [♦2, ♠2], Bot cards:[♦7, ♥7]
Player points: [4, 4], Bot points:[14, 14]
-------- Split! Two hands: [10, 10], [9, 9]
----- Double Bet! -----
Player get one more card ♠9
For second hand:
Player get one more card ♦9
Bot get one more card ♦A
Bot get one more card ♣8
Player point: 19, Bot point: 23
Player win! Money: 1032.0
========================
Player point: 18, Bot point: 23
Player win! Money: 1052.0
========================
Round #859
Player cards: [♥A, ♥A], Bot cards:[♠A, ♥A]
Player points: [2, 12], Bot points:[2, 12]
-------- Split! Two hands: [11, 21], [11, 21]
For second hand:
Bot get one more card ♠2
Bot get one more card ♦Q
Bot get one more card ♣T
Player point: 21, Bot point: 24
------ BlackJack!! ------
Player win! Money: 1078.0
========================
Player point: 21, Bot point: 24
------ BlackJack!! ------
Player win! Money: 1104.0
========================
Round #860
Player cards: [♥5, ♦T], Bot cards:[♠8, ♠Q]
Player points: [15, 15], Bot points:[18, 18]
Player get one more card ♥K
Player point: 25, Bot point: 18
Player lose! Money: 1084.0
========================
Round #861
Player cards: [♣6, ♠8], Bot cards:[♥8, ♦Q]
Player points: [14, 14], Bot points:[18, 18]
Player get one more card ♠T
Player point: 24, Bot point: 18
Player lose! Money: 1064.0
========================
Round #862
Player cards: [♠7, ♥9], Bot cards:[♠4, ♠8]
Player points: [16, 16], Bot points:[12, 12]
Bot get one more card ♥J
Player point: 16, Bot point: 22
Player win! Money: 1084.0
========================
Round #863
Player cards: [♣J, ♦A], Bot cards:[♣Q, ♣A]
Player points: [11, 21], Bot points:[11, 21]
Bot get one more card ♣7
Player point: 21, Bot point: 18
------ BlackJack!! ------
Player win! Money: 1110.0
========================
Round #864
Player cards: [♦2, ♣8], Bot cards:[♥8, ♠J]
Player points: [10, 10], Bot points:[18, 18]
----- Double Bet! -----
Player get one more card ♣2
Player point: 12, Bot point: 18
Player lose! Money: 1070.0
========================
Round #865
Player cards: [♥2, ♦5], Bot cards:[♣3, ♥J]
Player points: [7, 7], Bot points:[13, 13]
Player get one more card ♦8
Bot get one more card ♣3
Bot get one more card ♠Q
Player point: 15, Bot point: 26
Player win! Money: 1090.0
========================
Round #866
Player cards: [♥9, ♠A], Bot cards:[♠6, ♦7]
Player points: [10, 20], Bot points:[13, 13]
Bot get one more card ♦4
Player point: 20, Bot point: 17
Player win! Money: 1110.0
========================
Round #867
Player cards: [♦6, ♥T], Bot cards:[♦4, ♥6]
Player points: [16, 16], Bot points:[10, 10]
Bot get one more card ♦6
Bot get one more card ♥6
Player point: 16, Bot point: 22
Player win! Money: 1130.0
========================
Round #868
Player cards: [♥T, ♥T], Bot cards:[♠8, ♥T]
Player points: [20, 20], Bot points:[18, 18]
Player point: 20, Bot point: 18
Player win! Money: 1150.0
========================
Round #869
Player cards: [♦T, ♣K], Bot cards:[♣6, ♣6]
Player points: [20, 20], Bot points:[12, 12]
Bot get one more card ♠4
Bot get one more card ♦9
Player point: 20, Bot point: 25
Player win! Money: 1170.0
========================
Round #870
Player cards: [♦5, ♦5], Bot cards:[♦6, ♠A]
Player points: [10, 10], Bot points:[7, 17]
----- Double Bet! -----
Player get one more card ♠4
Bot get one more card ♠7
Bot get one more card ♣A
Bot get one more card ♥9
Player point: 14, Bot point: 24
Player win! Money: 1210.0
========================
Round #871
Player cards: [♠3, ♣5], Bot cards:[♣Q, ♥K]
Player points: [8, 8], Bot points:[20, 20]
Player get one more card ♠K
Player point: 18, Bot point: 20
Player lose! Money: 1190.0
========================
Round #872
Player cards: [♠6, ♦K], Bot cards:[♦8, ♠A]
Player points: [16, 16], Bot points:[9, 19]
Player get one more card ♠5
Bot get one more card ♣4
Bot get one more card ♠T
Player point: 21, Bot point: 23
Player win! Money: 1210.0
========================
Round #873
Player cards: [♣7, ♥J], Bot cards:[♠Q, ♣K]
Player points: [17, 17], Bot points:[20, 20]
Player point: 17, Bot point: 20
Player lose! Money: 1190.0
========================
Round #874
Player cards: [♥2, ♦Q], Bot cards:[♣5, ♣Q]
Player points: [12, 12], Bot points:[15, 15]
Bot get one more card ♣T
Player point: 12, Bot point: 25
Player win! Money: 1210.0
========================
Round #875
Player cards: [♥3, ♠4], Bot cards:[♦J, ♦Q]
Player points: [7, 7], Bot points:[20, 20]
Player get one more card ♦4
Player get one more card ♦T
Player point: 21, Bot point: 20
Player win! Money: 1230.0
========================
Round #876
Player cards: [♠3, ♠5], Bot cards:[♦3, ♠6]
Player points: [8, 8], Bot points:[9, 9]
Player get one more card ♥3
Player get one more card ♣Q
Bot get one more card ♦2
Bot get one more card ♠J
Player point: 21, Bot point: 21
Player lose! Money: 1210.0
========================
Round #877
Player cards: [♥5, ♣6], Bot cards:[♦3, ♠T]
Player points: [11, 11], Bot points:[13, 13]
----- Double Bet! -----
Player get one more card ♦5
Bot get one more card ♣8
Player point: 16, Bot point: 21
Player lose! Money: 1170.0
========================
Round #878
Player cards: [♥4, ♥8], Bot cards:[♣2, ♥6]
Player points: [12, 12], Bot points:[8, 8]
Player get one more card ♥9
Bot get one more card ♦9
Player point: 21, Bot point: 17
Player win! Money: 1190.0
========================
Round #879
New deck
Player cards: [♣J, ♥A], Bot cards:[♦5, ♣8]
Player points: [11, 21], Bot points:[13, 13]
Bot get one more card ♣8
Player point: 21, Bot point: 21
Player lose! Money: 1170.0
========================
Round #880
Player cards: [♣6, ♥A], Bot cards:[♠4, ♣9]
Player points: [7, 17], Bot points:[13, 13]
Bot get one more card ♦2
Bot get one more card ♦2
Player point: 17, Bot point: 17
Draw! Money:1170.0
========================
Round #881
Player cards: [♠T, ♣K], Bot cards:[♦6, ♦Q]
Player points: [20, 20], Bot points:[16, 16]
Bot get one more card ♠6
Player point: 20, Bot point: 22
Player win! Money: 1190.0
========================
Round #882
Player cards: [♠2, ♦J], Bot cards:[♣3, ♠J]
Player points: [12, 12], Bot points:[13, 13]
Player get one more card ♦K
Bot get one more card ♥2
Bot get one more card ♠8
Player point: 22, Bot point: 23
Player lose! Money: 1170.0
========================
Round #883
Player cards: [♠2, ♥4], Bot cards:[♣5, ♣A]
Player points: [6, 6], Bot points:[6, 16]
Player get one more card ♦6
Bot get one more card ♣2
Bot get one more card ♣8
Bot get one more card ♥K
Player point: 12, Bot point: 26
Player win! Money: 1190.0
========================
Round #884
Player cards: [♥9, ♥Q], Bot cards:[♠6, ♥7]
Player points: [19, 19], Bot points:[13, 13]
Bot get one more card ♣K
Player point: 19, Bot point: 23
Player win! Money: 1210.0
========================
Round #885
Player cards: [♠7, ♣J], Bot cards:[♠5, ♦6]
Player points: [17, 17], Bot points:[11, 11]
Bot get one more card ♠K
Player point: 17, Bot point: 21
Player lose! Money: 1190.0
========================
Round #886
Player cards: [♥3, ♦4], Bot cards:[♥5, ♦Q]
Player points: [7, 7], Bot points:[15, 15]
Player get one more card ♣J
Bot get one more card ♠6
Player point: 17, Bot point: 21
Player lose! Money: 1170.0
========================
Round #887
Player cards: [♥2, ♥T], Bot cards:[♥3, ♣Q]
Player points: [12, 12], Bot points:[13, 13]
Player get one more card ♠A
Bot get one more card ♥K
Player point: 13, Bot point: 23
Player win! Money: 1190.0
========================
Round #888
Player cards: [♣6, ♦J], Bot cards:[♦7, ♣T]
Player points: [16, 16], Bot points:[17, 17]
Player get one more card ♦8
Player point: 24, Bot point: 17
Player lose! Money: 1170.0
========================
Round #889
Player cards: [♦T, ♣Q], Bot cards:[♠7, ♣T]
Player points: [20, 20], Bot points:[17, 17]
Player point: 20, Bot point: 17
Player win! Money: 1190.0
========================
Round #890
Player cards: [♦K, ♣A], Bot cards:[♣2, ♥4]
Player points: [11, 21], Bot points:[6, 6]
Bot get one more card ♦T
Bot get one more card ♥7
Player point: 21, Bot point: 23
------ BlackJack!! ------
Player win! Money: 1216.0
========================
Round #891
Player cards: [♣4, ♠Q], Bot cards:[♦8, ♥T]
Player points: [14, 14], Bot points:[18, 18]
Player get one more card ♥A
Player get one more card ♠2
Player point: 17, Bot point: 18
Player lose! Money: 1196.0
========================
Round #892
Player cards: [♣9, ♦A], Bot cards:[♥5, ♠K]
Player points: [10, 20], Bot points:[15, 15]
Bot get one more card ♥7
Player point: 20, Bot point: 22
Player win! Money: 1216.0
========================
Round #893
Player cards: [♦3, ♣8], Bot cards:[♣5, ♦7]
Player points: [11, 11], Bot points:[12, 12]
----- Double Bet! -----
Player get one more card ♣6
Bot get one more card ♥2
Bot get one more card ♠9
Player point: 17, Bot point: 23
Player win! Money: 1256.0
========================
Round #894
Player cards: [♦3, ♦A], Bot cards:[♠T, ♠Q]
Player points: [4, 14], Bot points:[20, 20]
Player get one more card ♥J
Player get one more card ♣A
Player get one more card ♣7
Player point: 22, Bot point: 20
Player lose! Money: 1236.0
========================
Round #895
Player cards: [♠3, ♦Q], Bot cards:[♦2, ♠8]
Player points: [13, 13], Bot points:[10, 10]
Bot get one more card ♥2
Bot get one more card ♣7
Player point: 13, Bot point: 19
Player lose! Money: 1216.0
========================
Round #896
Player cards: [♣9, ♥9], Bot cards:[♥4, ♠4]
Player points: [18, 18], Bot points:[8, 8]
-------- Split! Two hands: [17, 17], [19, 19]
For second hand:
Bot get one more card ♥Q
Player point: 17, Bot point: 18
Player lose! Money: 1196.0
========================
Player point: 19, Bot point: 18
Player win! Money: 1216.0
========================
Round #897
Player cards: [♣4, ♦A], Bot cards:[♥Q, ♠A]
Player points: [5, 15], Bot points:[11, 21]
Player get one more card ♠K
Player get one more card ♣4
Bot get one more card ♥5
Bot get one more card ♥K
Player point: 19, Bot point: 26
Player win! Money: 1236.0
========================
Round #898
Player cards: [♦3, ♥J], Bot cards:[♥2, ♣A]
Player points: [13, 13], Bot points:[3, 13]
Bot get one more card ♦Q
Bot get one more card ♣4
Player point: 13, Bot point: 17
Player lose! Money: 1216.0
========================
Round #899
Player cards: [♦7, ♦T], Bot cards:[♦5, ♦Q]
Player points: [17, 17], Bot points:[15, 15]
Bot get one more card ♠J
Player point: 17, Bot point: 25
Player win! Money: 1236.0
========================
Round #900
Player cards: [♣3, ♣T], Bot cards:[♠2, ♦K]
Player points: [13, 13], Bot points:[12, 12]
Bot get one more card ♥T
Player point: 13, Bot point: 22
Player win! Money: 1256.0
========================
Round #901
Player cards: [♦5, ♥9], Bot cards:[♣2, ♥7]
Player points: [14, 14], Bot points:[9, 9]
Bot get one more card ♠6
Bot get one more card ♥T
Player point: 14, Bot point: 25
Player win! Money: 1276.0
========================
Round #902
Player cards: [♦7, ♠T], Bot cards:[♥3, ♥J]
Player points: [17, 17], Bot points:[13, 13]
Bot get one more card ♠9
Player point: 17, Bot point: 22
Player win! Money: 1296.0
========================
Round #903
Player cards: [♥6, ♠Q], Bot cards:[♥6, ♠J]
Player points: [16, 16], Bot points:[16, 16]
Bot get one more card ♦T
Player point: 16, Bot point: 26
Player win! Money: 1316.0
========================
Round #904
Player cards: [♣9, ♥J], Bot cards:[♣2, ♥6]
Player points: [19, 19], Bot points:[8, 8]
Bot get one more card ♣3
Bot get one more card ♠7
Player point: 19, Bot point: 18
Player win! Money: 1336.0
========================
Round #905
Player cards: [♦2, ♠3], Bot cards:[♥6, ♥9]
Player points: [5, 5], Bot points:[15, 15]
Player get one more card ♣J
Bot get one more card ♠7
Player point: 15, Bot point: 22
Player win! Money: 1356.0
========================
Round #906
Player cards: [♥5, ♣K], Bot cards:[♥3, ♠A]
Player points: [15, 15], Bot points:[4, 14]
Bot get one more card ♦5
Bot get one more card ♠9
Player point: 15, Bot point: 18
Player lose! Money: 1336.0
========================
Round #907
Player cards: [♦J, ♦K], Bot cards:[♠4, ♦8]
Player points: [20, 20], Bot points:[12, 12]
Bot get one more card ♣Q
Player point: 20, Bot point: 22
Player win! Money: 1356.0
========================
Round #908
Player cards: [♠3, ♠5], Bot cards:[♦3, ♦9]
Player points: [8, 8], Bot points:[12, 12]
Player get one more card ♠Q
Bot get one more card ♥8
Player point: 18, Bot point: 20
Player lose! Money: 1336.0
========================
Round #909
Player cards: [♦4, ♣5], Bot cards:[♣K, ♠A]
Player points: [9, 9], Bot points:[11, 21]
Player get one more card ♦4
Player get one more card ♣5
Bot get one more card ♦8
Player point: 18, Bot point: 19
Player lose! Money: 1316.0
========================
Round #910
Player cards: [♥7, ♦9], Bot cards:[♦9, ♣Q]
Player points: [16, 16], Bot points:[19, 19]
Player get one more card ♥8
Player point: 24, Bot point: 19
Player lose! Money: 1296.0
========================
Round #911
Player cards: [♥8, ♥K], Bot cards:[♣6, ♥Q]
Player points: [18, 18], Bot points:[16, 16]
Bot get one more card ♦A
Player point: 18, Bot point: 17
Player win! Money: 1316.0
========================
Round #912
Player cards: [♣3, ♠5], Bot cards:[♠4, ♣7]
Player points: [8, 8], Bot points:[11, 11]
Player get one more card ♥A
Bot get one more card ♠8
Player point: 19, Bot point: 19
Draw! Money:1316.0
========================
Round #913
Player cards: [♥3, ♠9], Bot cards:[♦4, ♠T]
Player points: [12, 12], Bot points:[14, 14]
Bot get one more card ♠3
Player point: 12, Bot point: 17
Player lose! Money: 1296.0
========================
Round #914
Player cards: [♦9, ♦T], Bot cards:[♠Q, ♣K]
Player points: [19, 19], Bot points:[20, 20]
Player point: 19, Bot point: 20
Player lose! Money: 1276.0
========================
Round #915
New deck
Player cards: [♥9, ♠Q], Bot cards:[♣K, ♥A]
Player points: [19, 19], Bot points:[11, 21]
Bot get one more card ♠7
Player point: 19, Bot point: 18
Player win! Money: 1296.0
========================
Round #916
Player cards: [♥3, ♥Q], Bot cards:[♦4, ♠9]
Player points: [13, 13], Bot points:[13, 13]
Bot get one more card ♠4
Player point: 13, Bot point: 17
Player lose! Money: 1276.0
========================
Round #917
Player cards: [♣4, ♠A], Bot cards:[♦2, ♠6]
Player points: [5, 15], Bot points:[8, 8]
Bot get one more card ♦4
Bot get one more card ♠3
Bot get one more card ♥8
Player point: 15, Bot point: 23
Player win! Money: 1296.0
========================
Round #918
Player cards: [♥7, ♣J], Bot cards:[♣2, ♦8]
Player points: [17, 17], Bot points:[10, 10]
Bot get one more card ♣A
Bot get one more card ♦7
Player point: 17, Bot point: 18
Player lose! Money: 1276.0
========================
Round #919
Player cards: [♠8, ♣Q], Bot cards:[♣3, ♥8]
Player points: [18, 18], Bot points:[11, 11]
Bot get one more card ♠A
Bot get one more card ♦A
Bot get one more card ♠K
Player point: 18, Bot point: 23
Player win! Money: 1296.0
========================
Round #920
Player cards: [♣Q, ♦K], Bot cards:[♠J, ♠Q]
Player points: [20, 20], Bot points:[20, 20]
Player point: 20, Bot point: 20
Draw! Money:1296.0
========================
Round #921
Player cards: [♠3, ♠5], Bot cards:[♥4, ♥5]
Player points: [8, 8], Bot points:[9, 9]
Player get one more card ♦9
Bot get one more card ♥9
Player point: 17, Bot point: 18
Player lose! Money: 1276.0
========================
Round #922
Player cards: [♥4, ♣9], Bot cards:[♦3, ♠K]
Player points: [13, 13], Bot points:[13, 13]
Bot get one more card ♥J
Player point: 13, Bot point: 23
Player win! Money: 1296.0
========================
Round #923
Player cards: [♦6, ♦K], Bot cards:[♣K, ♣A]
Player points: [16, 16], Bot points:[11, 21]
Player get one more card ♣5
Bot get one more card ♥3
Bot get one more card ♥4
Player point: 21, Bot point: 18
Player win! Money: 1316.0
========================
Round #924
Player cards: [♠2, ♥J], Bot cards:[♥8, ♠A]
Player points: [12, 12], Bot points:[9, 19]
Player get one more card ♠9
Bot get one more card ♥5
Bot get one more card ♣8
Player point: 21, Bot point: 22
Player win! Money: 1336.0
========================
Round #925
Player cards: [♥7, ♦8], Bot cards:[♣6, ♥6]
Player points: [15, 15], Bot points:[12, 12]
Bot get one more card ♦5
Player point: 15, Bot point: 17
Player lose! Money: 1316.0
========================
Round #926
Player cards: [♣T, ♥J], Bot cards:[♠2, ♣5]
Player points: [20, 20], Bot points:[7, 7]
Bot get one more card ♣Q
Player point: 20, Bot point: 17
Player win! Money: 1336.0
========================
Round #927
Player cards: [♣2, ♥K], Bot cards:[♦5, ♥6]
Player points: [12, 12], Bot points:[11, 11]
Bot get one more card ♣6
Player point: 12, Bot point: 17
Player lose! Money: 1316.0
========================
Round #928
Player cards: [♠2, ♠4], Bot cards:[♦6, ♠T]
Player points: [6, 6], Bot points:[16, 16]
Player get one more card ♥2
Player get one more card ♠J
Bot get one more card ♠7
Player point: 18, Bot point: 23
Player win! Money: 1336.0
========================
Round #929
Player cards: [♥2, ♥4], Bot cards:[♠5, ♥7]
Player points: [6, 6], Bot points:[12, 12]
Player get one more card ♦4
Player get one more card ♣9
Bot get one more card ♣6
Player point: 19, Bot point: 18
Player win! Money: 1356.0
========================
Round #930
Player cards: [♦3, ♣3], Bot cards:[♠6, ♣A]
Player points: [6, 6], Bot points:[7, 17]
-------- Split! Two hands: [11, 11], [7, 7]
----- Double Bet! -----
Player get one more card ♦7
For second hand:
Player get one more card ♠4
Player get one more card ♦2
Bot get one more card ♥6
Bot get one more card ♥3
Bot get one more card ♠8
Player point: 18, Bot point: 24
Player win! Money: 1396.0
========================
Player point: 13, Bot point: 24
Player win! Money: 1416.0
========================
Round #931
Player cards: [♦J, ♠K], Bot cards:[♣5, ♠T]
Player points: [20, 20], Bot points:[15, 15]
Bot get one more card ♠J
Player point: 20, Bot point: 25
Player win! Money: 1436.0
========================
Round #932
Player cards: [♥5, ♠8], Bot cards:[♦8, ♦A]
Player points: [13, 13], Bot points:[9, 19]
Player get one more card ♠J
Bot get one more card ♠6
Bot get one more card ♠A
Bot get one more card ♦9
Player point: 23, Bot point: 25
Player lose! Money: 1416.0
========================
Round #933
Player cards: [♦6, ♥A], Bot cards:[♣4, ♠5]
Player points: [7, 17], Bot points:[9, 9]
Bot get one more card ♣K
Player point: 17, Bot point: 19
Player lose! Money: 1396.0
========================
Round #934
Player cards: [♣8, ♥9], Bot cards:[♣7, ♠J]
Player points: [17, 17], Bot points:[17, 17]
Player point: 17, Bot point: 17
Draw! Money:1396.0
========================
Round #935
Player cards: [♦2, ♥T], Bot cards:[♥Q, ♥Q]
Player points: [12, 12], Bot points:[20, 20]
Player get one more card ♥4
Player get one more card ♠4
Player point: 20, Bot point: 20
Draw! Money:1396.0
========================
Round #936
Player cards: [♠7, ♣J], Bot cards:[♦4, ♦J]
Player points: [17, 17], Bot points:[14, 14]
Bot get one more card ♥K
Player point: 17, Bot point: 24
Player win! Money: 1416.0
========================
Round #937
Player cards: [♦Q, ♠K], Bot cards:[♦5, ♥A]
Player points: [20, 20], Bot points:[6, 16]
Bot get one more card ♣4
Bot get one more card ♦6
Bot get one more card ♣9
Player point: 20, Bot point: 25
Player win! Money: 1436.0
========================
Round #938
Player cards: [♦2, ♣T], Bot cards:[♥8, ♦T]
Player points: [12, 12], Bot points:[18, 18]
Player get one more card ♦T
Player point: 22, Bot point: 18
Player lose! Money: 1416.0
========================
Round #939
Player cards: [♠6, ♦7], Bot cards:[♣7, ♣T]
Player points: [13, 13], Bot points:[17, 17]
Player get one more card ♣T
Player point: 23, Bot point: 17
Player lose! Money: 1396.0
========================
Round #940
Player cards: [♦J, ♥Q], Bot cards:[♦J, ♦Q]
Player points: [20, 20], Bot points:[20, 20]
Player point: 20, Bot point: 20
Draw! Money:1396.0
========================
Round #941
Player cards: [♦7, ♥T], Bot cards:[♣5, ♠Q]
Player points: [17, 17], Bot points:[15, 15]
Bot get one more card ♣K
Player point: 17, Bot point: 25
Player win! Money: 1416.0
========================
Round #942
Player cards: [♠5, ♦Q], Bot cards:[♣2, ♦K]
Player points: [15, 15], Bot points:[12, 12]
Bot get one more card ♥T
Player point: 15, Bot point: 22
Player win! Money: 1436.0
========================
Round #943
Player cards: [♣2, ♥K], Bot cards:[♠9, ♠Q]
Player points: [12, 12], Bot points:[19, 19]
Player get one more card ♦A
Player get one more card ♥9
Player point: 22, Bot point: 19
Player lose! Money: 1416.0
========================
Round #944
Player cards: [♦3, ♥A], Bot cards:[♦7, ♣J]
Player points: [4, 14], Bot points:[17, 17]
Player get one more card ♣A
Player get one more card ♦T
Player get one more card ♣3
Player point: 18, Bot point: 17
Player win! Money: 1436.0
========================
Round #945
Player cards: [♠3, ♦9], Bot cards:[♣8, ♠K]
Player points: [12, 12], Bot points:[18, 18]
Player get one more card ♥2
Player get one more card ♠T
Player point: 24, Bot point: 18
Player lose! Money: 1416.0
========================
Round #946
Player cards: [♣T, ♦Q], Bot cards:[♠2, ♥3]
Player points: [20, 20], Bot points:[5, 5]
Bot get one more card ♥J
Bot get one more card ♣7
Player point: 20, Bot point: 22
Player win! Money: 1436.0
========================
Round #947
Player cards: [♥5, ♦5], Bot cards:[♥T, ♣Q]
Player points: [10, 10], Bot points:[20, 20]
Player get one more card ♠3
Player get one more card ♦3
Player get one more card ♦T
Player point: 26, Bot point: 20
Player lose! Money: 1416.0
========================
Round #948
Player cards: [♥2, ♠9], Bot cards:[♣6, ♦8]
Player points: [11, 11], Bot points:[14, 14]
----- Double Bet! -----
Player get one more card ♣7
Bot get one more card ♠T
Player point: 18, Bot point: 24
Player win! Money: 1456.0
========================
Round #949
Player cards: [♣7, ♦A], Bot cards:[♣9, ♦K]
Player points: [8, 18], Bot points:[19, 19]
Player point: 18, Bot point: 19
Player lose! Money: 1436.0
========================
Round #950
Player cards: [♣3, ♥6], Bot cards:[♥8, ♣J]
Player points: [9, 9], Bot points:[18, 18]
Player get one more card ♠5
Player get one more card ♠7
Player point: 21, Bot point: 18
Player win! Money: 1456.0
========================
Round #951
New deck
Player cards: [♦6, ♣8], Bot cards:[♠9, ♥A]
Player points: [14, 14], Bot points:[10, 20]
Player get one more card ♣4
Bot get one more card ♥K
Player point: 18, Bot point: 20
Player lose! Money: 1436.0
========================
Round #952
Player cards: [♣3, ♥7], Bot cards:[♣6, ♦K]
Player points: [10, 10], Bot points:[16, 16]
----- Double Bet! -----
Player get one more card ♥Q
Bot get one more card ♣2
Player point: 20, Bot point: 18
Player win! Money: 1476.0
========================
Round #953
Player cards: [♣8, ♥9], Bot cards:[♣T, ♦J]
Player points: [17, 17], Bot points:[20, 20]
Player point: 17, Bot point: 20
Player lose! Money: 1456.0
========================
Round #954
Player cards: [♠9, ♠A], Bot cards:[♦5, ♥6]
Player points: [10, 20], Bot points:[11, 11]
Bot get one more card ♥2
Bot get one more card ♦2
Bot get one more card ♠2
Player point: 20, Bot point: 17
Player win! Money: 1476.0
========================
Round #955
Player cards: [♦2, ♣4], Bot cards:[♣5, ♠J]
Player points: [6, 6], Bot points:[15, 15]
Player get one more card ♦9
Bot get one more card ♣8
Player point: 15, Bot point: 23
Player win! Money: 1496.0
========================
Round #956
Player cards: [♥T, ♣Q], Bot cards:[♥9, ♠9]
Player points: [20, 20], Bot points:[18, 18]
Player point: 20, Bot point: 18
Player win! Money: 1516.0
========================
Round #957
Player cards: [♠K, ♥A], Bot cards:[♦J, ♦Q]
Player points: [11, 21], Bot points:[20, 20]
Player point: 21, Bot point: 20
------ BlackJack!! ------
Player win! Money: 1542.0
========================
Round #958
Player cards: [♦4, ♥6], Bot cards:[♠8, ♦T]
Player points: [10, 10], Bot points:[18, 18]
----- Double Bet! -----
Player get one more card ♠4
Player point: 14, Bot point: 18
Player lose! Money: 1502.0
========================
Round #959
Player cards: [♣6, ♣9], Bot cards:[♠8, ♠Q]
Player points: [15, 15], Bot points:[18, 18]
Player get one more card ♣7
Player point: 22, Bot point: 18
Player lose! Money: 1482.0
========================
Round #960
Player cards: [♣2, ♠Q], Bot cards:[♣6, ♠Q]
Player points: [12, 12], Bot points:[16, 16]
Bot get one more card ♦9
Player point: 12, Bot point: 25
Player win! Money: 1502.0
========================
Round #961
Player cards: [♠5, ♥K], Bot cards:[♣Q, ♠K]
Player points: [15, 15], Bot points:[20, 20]
Player get one more card ♣6
Player point: 21, Bot point: 20
Player win! Money: 1522.0
========================
Round #962
Player cards: [♦9, ♠A], Bot cards:[♠3, ♠7]
Player points: [10, 20], Bot points:[10, 10]
Bot get one more card ♣K
Player point: 20, Bot point: 20
Draw! Money:1522.0
========================
Round #963
Player cards: [♠5, ♣K], Bot cards:[♦9, ♠Q]
Player points: [15, 15], Bot points:[19, 19]
Player get one more card ♣5
Player point: 20, Bot point: 19
Player win! Money: 1542.0
========================
Round #964
Player cards: [♦J, ♦K], Bot cards:[♦8, ♦8]
Player points: [20, 20], Bot points:[16, 16]
Bot get one more card ♠8
Player point: 20, Bot point: 24
Player win! Money: 1562.0
========================
Round #965
Player cards: [♥8, ♣Q], Bot cards:[♦8, ♠A]
Player points: [18, 18], Bot points:[9, 19]
Bot get one more card ♦4
Bot get one more card ♥4
Player point: 18, Bot point: 17
Player win! Money: 1582.0
========================
Round #966
Player cards: [♣2, ♦7], Bot cards:[♦7, ♦8]
Player points: [9, 9], Bot points:[15, 15]
Player get one more card ♥Q
Bot get one more card ♦6
Player point: 19, Bot point: 21
Player lose! Money: 1562.0
========================
Round #967
Player cards: [♠4, ♣A], Bot cards:[♥3, ♣3]
Player points: [5, 15], Bot points:[6, 6]
Bot get one more card ♣T
Bot get one more card ♥A
Player point: 15, Bot point: 17
Player lose! Money: 1542.0
========================
Round #968
Player cards: [♦3, ♠8], Bot cards:[♠5, ♥T]
Player points: [11, 11], Bot points:[15, 15]
----- Double Bet! -----
Player get one more card ♥7
Bot get one more card ♣7
Player point: 18, Bot point: 22
Player win! Money: 1582.0
========================
Round #969
Player cards: [♦3, ♥4], Bot cards:[♣9, ♦T]
Player points: [7, 7], Bot points:[19, 19]
Player get one more card ♥5
Player get one more card ♥4
Player get one more card ♦6
Player point: 22, Bot point: 19
Player lose! Money: 1562.0
========================
Round #970
Player cards: [♥6, ♠7], Bot cards:[♦5, ♥J]
Player points: [13, 13], Bot points:[15, 15]
Bot get one more card ♦A
Bot get one more card ♠J
Player point: 13, Bot point: 26
Player win! Money: 1582.0
========================
Round #971
Player cards: [♦2, ♠K], Bot cards:[♣J, ♥K]
Player points: [12, 12], Bot points:[20, 20]
Player get one more card ♥2
Player get one more card ♣4
Player point: 18, Bot point: 20
Player lose! Money: 1562.0
========================
Round #972
Player cards: [♣5, ♠T], Bot cards:[♦3, ♠T]
Player points: [15, 15], Bot points:[13, 13]
Bot get one more card ♥7
Player point: 15, Bot point: 20
Player lose! Money: 1542.0
========================
Round #973
Player cards: [♣4, ♠9], Bot cards:[♠2, ♥J]
Player points: [13, 13], Bot points:[12, 12]
Bot get one more card ♥2
Bot get one more card ♠6
Player point: 13, Bot point: 20
Player lose! Money: 1522.0
========================
Round #974
Player cards: [♥8, ♣T], Bot cards:[♠J, ♠A]
Player points: [18, 18], Bot points:[11, 21]
Bot get one more card ♦4
Bot get one more card ♥7
Player point: 18, Bot point: 22
Player win! Money: 1542.0
========================
Round #975
Player cards: [♠6, ♣J], Bot cards:[♠4, ♥8]
Player points: [16, 16], Bot points:[12, 12]
Bot get one more card ♠3
Bot get one more card ♠7
Player point: 16, Bot point: 22
Player win! Money: 1562.0
========================
Round #976
Player cards: [♦9, ♠J], Bot cards:[♥3, ♣A]
Player points: [19, 19], Bot points:[4, 14]
Bot get one more card ♦K
Bot get one more card ♣A
Bot get one more card ♠K
Player point: 19, Bot point: 25
Player win! Money: 1582.0
========================
Round #977
Player cards: [♦5, ♥J], Bot cards:[♦6, ♥T]
Player points: [15, 15], Bot points:[16, 16]
Bot get one more card ♥2
Player point: 15, Bot point: 18
Player lose! Money: 1562.0
========================
Round #978
Player cards: [♦7, ♣8], Bot cards:[♦3, ♦A]
Player points: [15, 15], Bot points:[4, 14]
Bot get one more card ♥A
Bot get one more card ♠2
Bot get one more card ♣7
Bot get one more card ♠6
Player point: 15, Bot point: 20
Player lose! Money: 1542.0
========================
Round #979
Player cards: [♦2, ♣K], Bot cards:[♣2, ♣9]
Player points: [12, 12], Bot points:[11, 11]
Player get one more card ♦J
Bot get one more card ♥3
Bot get one more card ♦T
Player point: 22, Bot point: 24
Player lose! Money: 1522.0
========================
Round #980
Player cards: [♠3, ♦4], Bot cards:[♣5, ♣9]
Player points: [7, 7], Bot points:[14, 14]
Player get one more card ♥9
Bot get one more card ♥4
Player point: 16, Bot point: 18
Player lose! Money: 1502.0
========================
Round #981
Player cards: [♠8, ♥K], Bot cards:[♥8, ♥T]
Player points: [18, 18], Bot points:[18, 18]
Player point: 18, Bot point: 18
Draw! Money:1502.0
========================
Round #982
Player cards: [♠3, ♥6], Bot cards:[♥3, ♦5]
Player points: [9, 9], Bot points:[8, 8]
----- Double Bet! -----
Player get one more card ♠2
Bot get one more card ♣J
Player point: 11, Bot point: 18
Player lose! Money: 1462.0
========================
Round #983
Player cards: [♣3, ♥7], Bot cards:[♣J, ♦Q]
Player points: [10, 10], Bot points:[20, 20]
Player get one more card ♦A
Player point: 21, Bot point: 20
Player win! Money: 1482.0
========================
Round #984
Player cards: [♦6, ♥K], Bot cards:[♥Q, ♦Q]
Player points: [16, 16], Bot points:[20, 20]
Player get one more card ♠6
Player point: 22, Bot point: 20
Player lose! Money: 1462.0
========================
Round #985
Player cards: [♥Q, ♦A], Bot cards:[♣7, ♥J]
Player points: [11, 21], Bot points:[17, 17]
Player point: 21, Bot point: 17
------ BlackJack!! ------
Player win! Money: 1488.0
========================
Round #986
Player cards: [♠7, ♠T], Bot cards:[♠5, ♦Q]
Player points: [17, 17], Bot points:[15, 15]
Bot get one more card ♥5
Player point: 17, Bot point: 20
Player lose! Money: 1468.0
========================
Round #987
Player cards: [♦7, ♣Q], Bot cards:[♣3, ♦T]
Player points: [17, 17], Bot points:[13, 13]
Bot get one more card ♥9
Player point: 17, Bot point: 22
Player win! Money: 1488.0
========================
Round #988
New deck
Player cards: [♥T, ♠K], Bot cards:[♥5, ♠T]
Player points: [20, 20], Bot points:[15, 15]
Bot get one more card ♣A
Bot get one more card ♣K
Player point: 20, Bot point: 26
Player win! Money: 1508.0
========================
Round #989
Player cards: [♦K, ♣K], Bot cards:[♣2, ♠8]
Player points: [20, 20], Bot points:[10, 10]
Bot get one more card ♥J
Player point: 20, Bot point: 20
Draw! Money:1508.0
========================
Round #990
Player cards: [♥8, ♠K], Bot cards:[♦5, ♠6]
Player points: [18, 18], Bot points:[11, 11]
Bot get one more card ♥2
Bot get one more card ♣J
Player point: 18, Bot point: 23
Player win! Money: 1528.0
========================
Round #991
Player cards: [♦K, ♦K], Bot cards:[♣5, ♦Q]
Player points: [20, 20], Bot points:[15, 15]
Bot get one more card ♦3
Player point: 20, Bot point: 18
Player win! Money: 1548.0
========================
Round #992
Player cards: [♥5, ♥7], Bot cards:[♠9, ♦A]
Player points: [12, 12], Bot points:[10, 20]
Player get one more card ♣2
Player get one more card ♣A
Player get one more card ♠5
Bot get one more card ♠4
Bot get one more card ♥8
Player point: 20, Bot point: 22
Player win! Money: 1568.0
========================
Round #993
Player cards: [♥T, ♣A], Bot cards:[♣8, ♠Q]
Player points: [11, 21], Bot points:[18, 18]
Player point: 21, Bot point: 18
------ BlackJack!! ------
Player win! Money: 1594.0
========================
Round #994
Player cards: [♣4, ♦5], Bot cards:[♦8, ♥9]
Player points: [9, 9], Bot points:[17, 17]
Player get one more card ♠3
Player get one more card ♦5
Player point: 17, Bot point: 17
Draw! Money:1594.0
========================
Round #995
Player cards: [♠T, ♥A], Bot cards:[♣6, ♥A]
Player points: [11, 21], Bot points:[7, 17]
Bot get one more card ♣7
Bot get one more card ♥8
Player point: 21, Bot point: 22
------ BlackJack!! ------
Player win! Money: 1620.0
========================
Round #996
Player cards: [♠8, ♦J], Bot cards:[♥8, ♣9]
Player points: [18, 18], Bot points:[17, 17]
Player point: 18, Bot point: 17
Player win! Money: 1640.0
========================
Round #997
Player cards: [♠2, ♦4], Bot cards:[♦J, ♦A]
Player points: [6, 6], Bot points:[11, 21]
Player get one more card ♠3
Player get one more card ♣6
Player get one more card ♠8
Bot get one more card ♥K
Player point: 23, Bot point: 21
Player lose! Money: 1620.0
========================
Round #998
Player cards: [♠4, ♦8], Bot cards:[♦5, ♣T]
Player points: [12, 12], Bot points:[15, 15]
Bot get one more card ♦3
Player point: 12, Bot point: 18
Player lose! Money: 1600.0
========================
Round #999
Total round: 1000. Blackjack count: 50
====== Game Begin! ======
Total money: 500
Player cards: [♥6, ♦9], Bot cards:[♥5, ♠A]
Player points: [15, 15], Bot points:[6, 16]
Bot get one more card ♦3
Bot get one more card ♣A
Bot get one more card ♦A
Bot get one more card ♦8
Player point: 15, Bot point: 19
Player lose! Money: 480
========================
Round #0
Player cards: [♥8, ♣Q], Bot cards:[♠9, ♥A]
Player points: [18, 18], Bot points:[10, 20]
Bot get one more card ♦8
Player point: 18, Bot point: 18
Draw! Money:480
========================
Round #1
Player cards: [♠2, ♣5], Bot cards:[♣8, ♣9]
Player points: [7, 7], Bot points:[17, 17]
Player get one more card ♥8
Player get one more card ♣K
Player point: 25, Bot point: 17
Player lose! Money: 460
========================
Round #2
Player cards: [♣2, ♥Q], Bot cards:[♥4, ♦K]
Player points: [12, 12], Bot points:[14, 14]
Bot get one more card ♠6
Player point: 12, Bot point: 20
Player lose! Money: 440
========================
Round #3
Player cards: [♥K, ♦A], Bot cards:[♣5, ♠9]
Player points: [11, 21], Bot points:[14, 14]
Bot get one more card ♥4
Player point: 21, Bot point: 18
------ BlackJack!! ------
Player win! Money: 466.0
========================
Round #4
Player cards: [♣9, ♠J], Bot cards:[♥6, ♥9]
Player points: [19, 19], Bot points:[15, 15]
Bot get one more card ♦6
Player point: 19, Bot point: 21
Player lose! Money: 446.0
========================
Round #5
Player cards: [♣3, ♣A], Bot cards:[♣3, ♣7]
Player points: [4, 14], Bot points:[10, 10]
Bot get one more card ♣4
Bot get one more card ♦Q
Player point: 14, Bot point: 24
Player win! Money: 466.0
========================
Round #6
Player cards: [♠2, ♠4], Bot cards:[♥2, ♥2]
Player points: [6, 6], Bot points:[4, 4]
Player get one more card ♣K
Bot get one more card ♣2
Bot get one more card ♠K
Bot get one more card ♠K
Player point: 16, Bot point: 26
Player win! Money: 486.0
========================
Round #7
Player cards: [♥T, ♥T], Bot cards:[♦T, ♦T]
Player points: [20, 20], Bot points:[20, 20]
Player point: 20, Bot point: 20
Draw! Money:486.0
========================
Round #8
Player cards: [♦4, ♣J], Bot cards:[♠5, ♦7]
Player points: [14, 14], Bot points:[12, 12]
Bot get one more card ♥7
Player point: 14, Bot point: 19
Player lose! Money: 466.0
========================
Round #9
Player cards: [♠9, ♣Q], Bot cards:[♦2, ♣9]
Player points: [19, 19], Bot points:[11, 11]
Bot get one more card ♦6
Player point: 19, Bot point: 17
Player win! Money: 486.0
========================
Round #10
Player cards: [♥3, ♥J], Bot cards:[♦5, ♦J]
Player points: [13, 13], Bot points:[15, 15]
Bot get one more card ♥7
Player point: 13, Bot point: 22
Player win! Money: 506.0
========================
Round #11
Player cards: [♣8, ♦K], Bot cards:[♠3, ♠J]
Player points: [18, 18], Bot points:[13, 13]
Bot get one more card ♦K
Player point: 18, Bot point: 23
Player win! Money: 526.0
========================
Round #12
Player cards: [♠3, ♣T], Bot cards:[♦5, ♦5]
Player points: [13, 13], Bot points:[10, 10]
Bot get one more card ♣7
Player point: 13, Bot point: 17
Player lose! Money: 506.0
========================
Round #13
Player cards: [♠7, ♥9], Bot cards:[♠T, ♣J]
Player points: [16, 16], Bot points:[20, 20]
Player get one more card ♦2
Player point: 18, Bot point: 20
Player lose! Money: 486.0
========================
Round #14
Player cards: [♣4, ♣5], Bot cards:[♣6, ♦6]
Player points: [9, 9], Bot points:[12, 12]
----- Double Bet! -----
Player get one more card ♥Q
Bot get one more card ♠A
Bot get one more card ♣Q
Player point: 19, Bot point: 23
Player win! Money: 526.0
========================
Round #15
Player cards: [♦3, ♥4], Bot cards:[♠5, ♥5]
Player points: [7, 7], Bot points:[10, 10]
Player get one more card ♦J
Bot get one more card ♣3
Bot get one more card ♥3
Bot get one more card ♣2
Player point: 17, Bot point: 18
Player lose! Money: 506.0
========================
Round #16
Player cards: [♥5, ♦9], Bot cards:[♣2, ♠5]
Player points: [14, 14], Bot points:[7, 7]
Bot get one more card ♥J
Player point: 14, Bot point: 17
Player lose! Money: 486.0
========================
Round #17
Player cards: [♠2, ♠6], Bot cards:[♦9, ♠K]
Player points: [8, 8], Bot points:[19, 19]
Player get one more card ♥Q
Player point: 18, Bot point: 19
Player lose! Money: 466.0
========================
Round #18
Player cards: [♦3, ♠A], Bot cards:[♥9, ♣A]
Player points: [4, 14], Bot points:[10, 20]
Player get one more card ♠T
Player get one more card ♣T
Bot get one more card ♦2
Bot get one more card ♣8
Player point: 24, Bot point: 20
Player lose! Money: 446.0
========================
Round #19
Player cards: [♣4, ♦8], Bot cards:[♦4, ♣9]
Player points: [12, 12], Bot points:[13, 13]
Bot get one more card ♠8
Player point: 12, Bot point: 21
Player lose! Money: 426.0
========================
Round #20
Player cards: [♥T, ♦A], Bot cards:[♦6, ♠8]
Player points: [11, 21], Bot points:[14, 14]
Bot get one more card ♦J
Player point: 21, Bot point: 24
------ BlackJack!! ------
Player win! Money: 452.0
========================
Round #21
Player cards: [♥T, ♥K], Bot cards:[♦Q, ♥A]
Player points: [20, 20], Bot points:[11, 21]
Bot get one more card ♠Q
Player point: 20, Bot point: 21
Player lose! Money: 432.0
========================
Round #22
Player cards: [♥2, ♠7], Bot cards:[♥3, ♥7]
Player points: [9, 9], Bot points:[10, 10]
----- Double Bet! -----
Player get one more card ♠Q
Bot get one more card ♥A
Bot get one more card ♠K
Player point: 19, Bot point: 21
Player lose! Money: 392.0
========================
Round #23
Player cards: [♠5, ♣K], Bot cards:[♦2, ♥8]
Player points: [15, 15], Bot points:[10, 10]
Bot get one more card ♥6
Bot get one more card ♣7
Player point: 15, Bot point: 23
Player win! Money: 412.0
========================
Round #24
Player cards: [♥6, ♠7], Bot cards:[♠2, ♥7]
Player points: [13, 13], Bot points:[9, 9]
Bot get one more card ♠Q
Player point: 13, Bot point: 19
Player lose! Money: 392.0
========================
Round #25
Player cards: [♠4, ♦7], Bot cards:[♦4, ♦7]
Player points: [11, 11], Bot points:[11, 11]
----- Double Bet! -----
Player get one more card ♣7
Bot get one more card ♣4
Bot get one more card ♠T
Player point: 18, Bot point: 25
Player win! Money: 432.0
========================
Round #26
Player cards: [♥3, ♥5], Bot cards:[♣Q, ♥Q]
Player points: [8, 8], Bot points:[20, 20]
Player get one more card ♣T
Player point: 18, Bot point: 20
Player lose! Money: 412.0
========================
Round #27
Player cards: [♦4, ♠J], Bot cards:[♣8, ♠A]
Player points: [14, 14], Bot points:[9, 19]
Player get one more card ♥9
Bot get one more card ♥8
Player point: 23, Bot point: 17
Player lose! Money: 392.0
========================
Round #28
Player cards: [♣6, ♠7], Bot cards:[♥4, ♥J]
Player points: [13, 13], Bot points:[14, 14]
Bot get one more card ♥K
Player point: 13, Bot point: 24
Player win! Money: 412.0
========================
Round #29
Player cards: [♦9, ♦A], Bot cards:[♦5, ♠6]
Player points: [10, 20], Bot points:[11, 11]
Bot get one more card ♣A
Bot get one more card ♠J
Player point: 20, Bot point: 22
Player win! Money: 432.0
========================
Round #30
Player cards: [♣3, ♠3], Bot cards:[♠T, ♥K]
Player points: [6, 6], Bot points:[20, 20]
Player get one more card ♦Q
Player get one more card ♣J
Player point: 26, Bot point: 20
Player lose! Money: 412.0
========================
Round #31
Player cards: [♦T, ♣K], Bot cards:[♣5, ♠8]
Player points: [20, 20], Bot points:[13, 13]
Bot get one more card ♥A
Bot get one more card ♠3
Player point: 20, Bot point: 17
Player win! Money: 432.0
========================
Round #32
Player cards: [♥2, ♥J], Bot cards:[♠6, ♦7]
Player points: [12, 12], Bot points:[13, 13]
Bot get one more card ♣T
Player point: 12, Bot point: 23
Player win! Money: 452.0
========================
Round #33
Player cards: [♦T, ♠Q], Bot cards:[♠4, ♠8]
Player points: [20, 20], Bot points:[12, 12]
Bot get one more card ♦8
Player point: 20, Bot point: 20
Draw! Money:452.0
========================
Round #34
New deck
Player cards: [♦J, ♦K], Bot cards:[♥7, ♥T]
Player points: [20, 20], Bot points:[17, 17]
Player point: 20, Bot point: 17
Player win! Money: 472.0
========================
Round #35
Player cards: [♥2, ♠3], Bot cards:[♠8, ♣A]
Player points: [5, 5], Bot points:[9, 19]
Player get one more card ♥A
Player get one more card ♥7
Player get one more card ♣7
Bot get one more card ♣K
Player point: 20, Bot point: 19
Player win! Money: 492.0
========================
Round #36
Player cards: [♦2, ♥K], Bot cards:[♣8, ♠J]
Player points: [12, 12], Bot points:[18, 18]
Player get one more card ♥5
Player point: 17, Bot point: 18
Player lose! Money: 472.0
========================
Round #37
Player cards: [♠4, ♣Q], Bot cards:[♥6, ♦Q]
Player points: [14, 14], Bot points:[16, 16]
Bot get one more card ♣6
Player point: 14, Bot point: 22
Player win! Money: 492.0
========================
Round #38
Player cards: [♥3, ♥8], Bot cards:[♥T, ♠J]
Player points: [11, 11], Bot points:[20, 20]
----- Double Bet! -----
Player get one more card ♣T
Player point: 21, Bot point: 20
Player win! Money: 532.0
========================
Round #39
Player cards: [♥6, ♦T], Bot cards:[♦3, ♦4]
Player points: [16, 16], Bot points:[7, 7]
Bot get one more card ♥J
Player point: 16, Bot point: 17
Player lose! Money: 512.0
========================
Round #40
Player cards: [♥4, ♣5], Bot cards:[♠7, ♦Q]
Player points: [9, 9], Bot points:[17, 17]
Player get one more card ♥5
Player get one more card ♣6
Player point: 20, Bot point: 17
Player win! Money: 532.0
========================
Round #41
Player cards: [♣2, ♠A], Bot cards:[♦4, ♠A]
Player points: [3, 13], Bot points:[5, 15]
Bot get one more card ♥6
Bot get one more card ♦T
Player point: 13, Bot point: 21
Player lose! Money: 512.0
========================
Round #42
Player cards: [♦9, ♣K], Bot cards:[♣2, ♦Q]
Player points: [19, 19], Bot points:[12, 12]
Bot get one more card ♠7
Player point: 19, Bot point: 19
Draw! Money:512.0
========================
Round #43
Player cards: [♥2, ♦3], Bot cards:[♥5, ♥8]
Player points: [5, 5], Bot points:[13, 13]
Player get one more card ♣T
Bot get one more card ♥Q
Player point: 15, Bot point: 23
Player win! Money: 532.0
========================
Round #44
Player cards: [♥4, ♠A], Bot cards:[♦5, ♠Q]
Player points: [5, 15], Bot points:[15, 15]
Bot get one more card ♥9
Player point: 15, Bot point: 24
Player win! Money: 552.0
========================
Round #45
Player cards: [♠8, ♣K], Bot cards:[♠9, ♠J]
Player points: [18, 18], Bot points:[19, 19]
Player point: 18, Bot point: 19
Player lose! Money: 532.0
========================
Round #46
Player cards: [♥3, ♠Q], Bot cards:[♠3, ♥9]
Player points: [13, 13], Bot points:[12, 12]
Bot get one more card ♠6
Player point: 13, Bot point: 18
Player lose! Money: 512.0
========================
Round #47
Player cards: [♠2, ♦T], Bot cards:[♣Q, ♠K]
Player points: [12, 12], Bot points:[20, 20]
Player get one more card ♦5
Player point: 17, Bot point: 20
Player lose! Money: 492.0
========================
Round #48
Player cards: [♣6, ♥A], Bot cards:[♠4, ♥5]
Player points: [7, 17], Bot points:[9, 9]
Bot get one more card ♠3
Bot get one more card ♣6
Player point: 17, Bot point: 18
Player lose! Money: 472.0
========================
Round #49
Player cards: [♦5, ♠9], Bot cards:[♠2, ♦K]
Player points: [14, 14], Bot points:[12, 12]
Bot get one more card ♣8
Player point: 14, Bot point: 20
Player lose! Money: 452.0
========================
Round #50
Player cards: [♥Q, ♦K], Bot cards:[♣7, ♠K]
Player points: [20, 20], Bot points:[17, 17]
Player point: 20, Bot point: 17
Player win! Money: 472.0
========================
Round #51
Player cards: [♥6, ♣6], Bot cards:[♠9, ♦A]
Player points: [12, 12], Bot points:[10, 20]
Player get one more card ♦A
Player get one more card ♥J
Bot get one more card ♠3
Bot get one more card ♥9
Player point: 23, Bot point: 22
Player lose! Money: 452.0
========================
Round #52
Player cards: [♦3, ♥3], Bot cards:[♠6, ♣A]
Player points: [6, 6], Bot points:[7, 17]
-------- Split! Two hands: [11, 11], [13, 13]
----- Double Bet! -----
Player get one more card ♦6
For second hand:
Bot get one more card ♣8
Bot get one more card ♣Q
Player point: 17, Bot point: 25
Player win! Money: 492.0
========================
Player point: 13, Bot point: 25
Player win! Money: 512.0
========================
Round #53
Player cards: [♦4, ♥J], Bot cards:[♦5, ♣A]
Player points: [14, 14], Bot points:[6, 16]
Bot get one more card ♣4
Bot get one more card ♣J
Player point: 14, Bot point: 20
Player lose! Money: 492.0
========================
Round #54
Player cards: [♥Q, ♠Q], Bot cards:[♣J, ♣A]
Player points: [20, 20], Bot points:[11, 21]
Bot get one more card ♠6
Player point: 20, Bot point: 17
Player win! Money: 512.0
========================
Round #55
Player cards: [♦K, ♣K], Bot cards:[♣3, ♦7]
Player points: [20, 20], Bot points:[10, 10]
Bot get one more card ♠A
Bot get one more card ♦7
Player point: 20, Bot point: 18
Player win! Money: 532.0
========================
Round #56
Player cards: [♣5, ♦J], Bot cards:[♦4, ♥K]
Player points: [15, 15], Bot points:[14, 14]
Bot get one more card ♦6
Player point: 15, Bot point: 20
Player lose! Money: 512.0
========================
Round #57
Player cards: [♠4, ♥K], Bot cards:[♦2, ♠7]
Player points: [14, 14], Bot points:[9, 9]
Bot get one more card ♠K
Player point: 14, Bot point: 19
Player lose! Money: 492.0
========================
Round #58
Player cards: [♦2, ♠7], Bot cards:[♦3, ♣J]
Player points: [9, 9], Bot points:[13, 13]
----- Double Bet! -----
Player get one more card ♣J
Bot get one more card ♥4
Player point: 19, Bot point: 17
Player win! Money: 532.0
========================
Round #59
Player cards: [♦8, ♣T], Bot cards:[♦T, ♦Q]
Player points: [18, 18], Bot points:[20, 20]
Player point: 18, Bot point: 20
Player lose! Money: 512.0
========================
Round #60
Player cards: [♥7, ♦A], Bot cards:[♠2, ♥8]
Player points: [8, 18], Bot points:[10, 10]
Bot get one more card ♣4
Bot get one more card ♣8
Player point: 18, Bot point: 22
Player win! Money: 532.0
========================
Round #61
Player cards: [♥J, ♥K], Bot cards:[♦3, ♦J]
Player points: [20, 20], Bot points:[13, 13]
Bot get one more card ♣7
Player point: 20, Bot point: 20
Draw! Money:532.0
========================
Round #62
Player cards: [♠5, ♣9], Bot cards:[♠2, ♠6]
Player points: [14, 14], Bot points:[8, 8]
Bot get one more card ♠9
Player point: 14, Bot point: 17
Player lose! Money: 512.0
========================
Round #63
Player cards: [♥2, ♣3], Bot cards:[♥T, ♥Q]
Player points: [5, 5], Bot points:[20, 20]
Player get one more card ♥4
Player get one more card ♦8
Player point: 17, Bot point: 20
Player lose! Money: 492.0
========================
Round #64
Player cards: [♣4, ♦6], Bot cards:[♦9, ♦J]
Player points: [10, 10], Bot points:[19, 19]
----- Double Bet! -----
Player get one more card ♣4
Player point: 14, Bot point: 19
Player lose! Money: 452.0
========================
Round #65
Player cards: [♣5, ♦8], Bot cards:[♠T, ♦Q]
Player points: [13, 13], Bot points:[20, 20]
Player get one more card ♦A
Player get one more card ♠T
Player point: 24, Bot point: 20
Player lose! Money: 432.0
========================
Round #66
Player cards: [♥8, ♥A], Bot cards:[♥7, ♦7]
Player points: [9, 19], Bot points:[14, 14]
Bot get one more card ♣9
Player point: 19, Bot point: 23
Player win! Money: 452.0
========================
Round #67
Player cards: [♠4, ♦J], Bot cards:[♣3, ♦K]
Player points: [14, 14], Bot points:[13, 13]
Bot get one more card ♣5
Player point: 14, Bot point: 18
Player lose! Money: 432.0
========================
Round #68
Player cards: [♠5, ♣6], Bot cards:[♠5, ♦7]
Player points: [11, 11], Bot points:[12, 12]
----- Double Bet! -----
Player get one more card ♠T
Bot get one more card ♦9
Player point: 21, Bot point: 21
Player lose! Money: 392.0
========================
Round #69
Player cards: [♣2, ♣9], Bot cards:[♥3, ♠8]
Player points: [11, 11], Bot points:[11, 11]
----- Double Bet! -----
Player get one more card ♥9
Bot get one more card ♦6
Player point: 20, Bot point: 17
Player win! Money: 432.0
========================
Round #70
Player cards: [♣T, ♠T], Bot cards:[♠8, ♣9]
Player points: [20, 20], Bot points:[17, 17]
Player point: 20, Bot point: 17
Player win! Money: 452.0
========================
Round #71
Player cards: [♠5, ♦9], Bot cards:[♣7, ♣J]
Player points: [14, 14], Bot points:[17, 17]
Player get one more card ♣Q
Player point: 24, Bot point: 17
Player lose! Money: 432.0
========================
Round #72
Player cards: [♠4, ♠9], Bot cards:[♥2, ♠K]
Player points: [13, 13], Bot points:[12, 12]
Bot get one more card ♠J
Player point: 13, Bot point: 22
Player win! Money: 452.0
========================
Round #73
New deck
Player cards: [♥8, ♥9], Bot cards:[♠6, ♠T]
Player points: [17, 17], Bot points:[16, 16]
Bot get one more card ♣Q
Player point: 17, Bot point: 26
Player win! Money: 472.0
========================
Round #74
Player cards: [♥6, ♠Q], Bot cards:[♠4, ♥9]
Player points: [16, 16], Bot points:[13, 13]
Bot get one more card ♥J
Player point: 16, Bot point: 23
Player win! Money: 492.0
========================
Round #75
Player cards: [♣7, ♦7], Bot cards:[♥2, ♥6]
Player points: [14, 14], Bot points:[8, 8]
-------- Split! Two hands: [11, 11], [10, 10]
----- Double Bet! -----
Player get one more card ♦3
For second hand:
----- Double Bet! -----
Player get one more card ♣2
Bot get one more card ♦K
Player point: 14, Bot point: 18
Player lose! Money: 452.0
========================
Player point: 12, Bot point: 18
Player lose! Money: 412.0
========================
Round #76
Player cards: [♥4, ♥Q], Bot cards:[♠6, ♣K]
Player points: [14, 14], Bot points:[16, 16]
Bot get one more card ♠3
Player point: 14, Bot point: 19
Player lose! Money: 392.0
========================
Round #77
Player cards: [♦2, ♥7], Bot cards:[♣3, ♠J]
Player points: [9, 9], Bot points:[13, 13]
----- Double Bet! -----
Player get one more card ♥A
Bot get one more card ♣K
Player point: 20, Bot point: 23
Player win! Money: 432.0
========================
Round #78
Player cards: [♥T, ♥Q], Bot cards:[♣3, ♣5]
Player points: [20, 20], Bot points:[8, 8]
Bot get one more card ♣3
Bot get one more card ♣Q
Player point: 20, Bot point: 21
Player lose! Money: 412.0
========================
Round #79
Player cards: [♠3, ♠8], Bot cards:[♣6, ♥9]
Player points: [11, 11], Bot points:[15, 15]
----- Double Bet! -----
Player get one more card ♣3
Bot get one more card ♥8
Player point: 14, Bot point: 23
Player win! Money: 452.0
========================
Round #80
Player cards: [♣3, ♣5], Bot cards:[♠6, ♦T]
Player points: [8, 8], Bot points:[16, 16]
Player get one more card ♣A
Bot get one more card ♣9
Player point: 19, Bot point: 25
Player win! Money: 472.0
========================
Round #81
Player cards: [♣8, ♥8], Bot cards:[♠7, ♥Q]
Player points: [16, 16], Bot points:[17, 17]
-------- Split! Two hands: [18, 18], [13, 13]
For second hand:
Player get one more card ♠5
Player point: 18, Bot point: 17
Player win! Money: 492.0
========================
Player point: 18, Bot point: 17
Player win! Money: 512.0
========================
Round #82
Player cards: [♣4, ♥5], Bot cards:[♦2, ♦9]
Player points: [9, 9], Bot points:[11, 11]
Player get one more card ♣Q
Bot get one more card ♠T
Player point: 19, Bot point: 21
Player lose! Money: 492.0
========================
Round #83
Player cards: [♣2, ♦A], Bot cards:[♥6, ♦J]
Player points: [3, 13], Bot points:[16, 16]
Bot get one more card ♠K
Player point: 13, Bot point: 26
Player win! Money: 512.0
========================
Round #84
Player cards: [♥3, ♠J], Bot cards:[♣9, ♣T]
Player points: [13, 13], Bot points:[19, 19]
Player get one more card ♣A
Player get one more card ♠T
Player point: 24, Bot point: 19
Player lose! Money: 492.0
========================
Round #85
Player cards: [♠6, ♦T], Bot cards:[♦2, ♥K]
Player points: [16, 16], Bot points:[12, 12]
Bot get one more card ♦4
Bot get one more card ♦6
Player point: 16, Bot point: 22
Player win! Money: 512.0
========================
Round #86
Player cards: [♣2, ♠Q], Bot cards:[♦5, ♣8]
Player points: [12, 12], Bot points:[13, 13]
Bot get one more card ♥2
Bot get one more card ♠Q
Player point: 12, Bot point: 25
Player win! Money: 532.0
========================
Round #87
Player cards: [♦3, ♥T], Bot cards:[♦6, ♠K]
Player points: [13, 13], Bot points:[16, 16]
Bot get one more card ♣J
Player point: 13, Bot point: 26
Player win! Money: 552.0
========================
Round #88
Player cards: [♣8, ♣A], Bot cards:[♠9, ♠K]
Player points: [9, 19], Bot points:[19, 19]
Player point: 19, Bot point: 19
Draw! Money:552.0
========================
Round #89
Player cards: [♣5, ♠A], Bot cards:[♦4, ♥A]
Player points: [6, 16], Bot points:[5, 15]
Bot get one more card ♦2
Bot get one more card ♦4
Bot get one more card ♣Q
Player point: 16, Bot point: 21
Player lose! Money: 532.0
========================
Round #90
Player cards: [♣2, ♥6], Bot cards:[♣6, ♥T]
Player points: [8, 8], Bot points:[16, 16]
Player get one more card ♠4
Bot get one more card ♦5
Player point: 12, Bot point: 21
Player lose! Money: 512.0
========================
Round #91
Player cards: [♠5, ♣7], Bot cards:[♥7, ♥9]
Player points: [12, 12], Bot points:[16, 16]
Player get one more card ♠J
Bot get one more card ♥J
Player point: 22, Bot point: 26
Player lose! Money: 492.0
========================
Round #92
Player cards: [♠9, ♥Q], Bot cards:[♥2, ♠8]
Player points: [19, 19], Bot points:[10, 10]
Bot get one more card ♦7
Player point: 19, Bot point: 17
Player win! Money: 512.0
========================
Round #93
Player cards: [♥5, ♥K], Bot cards:[♦Q, ♠K]
Player points: [15, 15], Bot points:[20, 20]
Player get one more card ♥A
Player get one more card ♦K
Player point: 26, Bot point: 20
Player lose! Money: 492.0
========================
Round #94
Player cards: [♥7, ♣J], Bot cards:[♠4, ♦8]
Player points: [17, 17], Bot points:[12, 12]
Bot get one more card ♣6
Player point: 17, Bot point: 18
Player lose! Money: 472.0
========================
Round #95
Player cards: [♣4, ♦4], Bot cards:[♦9, ♠A]
Player points: [8, 8], Bot points:[10, 20]
Player get one more card ♠T
Bot get one more card ♦2
Bot get one more card ♥8
Player point: 18, Bot point: 20
Player lose! Money: 452.0
========================
Round #96
Player cards: [♠9, ♣J], Bot cards:[♥T, ♦J]
Player points: [19, 19], Bot points:[20, 20]
Player point: 19, Bot point: 20
Player lose! Money: 432.0
========================
Round #97
Player cards: [♦5, ♥A], Bot cards:[♣T, ♦A]
Player points: [6, 16], Bot points:[11, 21]
Player get one more card ♦Q
Player get one more card ♥J
Bot get one more card ♦8
Player point: 26, Bot point: 19
Player lose! Money: 412.0
========================
Round #98
Player cards: [♠3, ♠7], Bot cards:[♥4, ♣T]
Player points: [10, 10], Bot points:[14, 14]
----- Double Bet! -----
Player get one more card ♦8
Bot get one more card ♦7
Player point: 18, Bot point: 21
Player lose! Money: 372.0
========================
Round #99
Player cards: [♠5, ♦Q], Bot cards:[♣9, ♠A]
Player points: [15, 15], Bot points:[10, 20]
Player get one more card ♣T
Bot get one more card ♦9
Player point: 25, Bot point: 19
Player lose! Money: 352.0
========================
Round #100
Player cards: [♥J, ♥K], Bot cards:[♣6, ♦9]
Player points: [20, 20], Bot points:[15, 15]
Bot get one more card ♥3
Player point: 20, Bot point: 18
Player win! Money: 372.0
========================
Round #101
Player cards: [♠3, ♦J], Bot cards:[♦6, ♦A]
Player points: [13, 13], Bot points:[7, 17]
Bot get one more card ♣A
Bot get one more card ♠9
Player point: 13, Bot point: 17
Player lose! Money: 352.0
========================
Round #102
Player cards: [♣9, ♦K], Bot cards:[♥7, ♣J]
Player points: [19, 19], Bot points:[17, 17]
Player point: 19, Bot point: 17
Player win! Money: 372.0
========================
Round #103
Player cards: [♦7, ♠Q], Bot cards:[♠2, ♠5]
Player points: [17, 17], Bot points:[7, 7]
Bot get one more card ♣7
Bot get one more card ♠2
Bot get one more card ♥4
Player point: 17, Bot point: 20
Player lose! Money: 352.0
========================
Round #104
Player cards: [♣7, ♥K], Bot cards:[♠7, ♣8]
Player points: [17, 17], Bot points:[15, 15]
Bot get one more card ♥2
Player point: 17, Bot point: 17
Draw! Money:352.0
========================
Round #105
Player cards: [♦3, ♥A], Bot cards:[♣K, ♠A]
Player points: [4, 14], Bot points:[11, 21]
Player get one more card ♦5
Bot get one more card ♠Q
Player point: 19, Bot point: 21
Player lose! Money: 332.0
========================
Round #106
Player cards: [♣2, ♦A], Bot cards:[♥3, ♠8]
Player points: [3, 13], Bot points:[11, 11]
Bot get one more card ♥4
Bot get one more card ♣5
Player point: 13, Bot point: 20
Player lose! Money: 312.0
========================
Round #107
Player cards: [♦8, ♦T], Bot cards:[♠4, ♥5]
Player points: [18, 18], Bot points:[9, 9]
Bot get one more card ♣4
Bot get one more card ♦J
Player point: 18, Bot point: 23
Player win! Money: 332.0
========================
Round #108
Player cards: [♦Q, ♦K], Bot cards:[♠2, ♠7]
Player points: [20, 20], Bot points:[9, 9]
Bot get one more card ♥3
Bot get one more card ♦T
Player point: 20, Bot point: 22
Player win! Money: 352.0
========================
Round #109
New deck
Player cards: [♥8, ♦K], Bot cards:[♦6, ♣K]
Player points: [18, 18], Bot points:[16, 16]
Bot get one more card ♦2
Player point: 18, Bot point: 18
Draw! Money:352.0
========================
Round #110
Player cards: [♠6, ♠9], Bot cards:[♦5, ♥T]
Player points: [15, 15], Bot points:[15, 15]
Bot get one more card ♣2
Player point: 15, Bot point: 17
Player lose! Money: 332.0
========================
Round #111
Player cards: [♦2, ♥4], Bot cards:[♠2, ♣K]
Player points: [6, 6], Bot points:[12, 12]
Player get one more card ♥Q
Bot get one more card ♠5
Player point: 16, Bot point: 17
Player lose! Money: 312.0
========================
Round #112
Player cards: [♠J, ♦A], Bot cards:[♥2, ♥A]
Player points: [11, 21], Bot points:[3, 13]
Bot get one more card ♥K
Bot get one more card ♣8
Player point: 21, Bot point: 21
Player lose! Money: 292.0
========================
Round #113
Player cards: [♣6, ♦9], Bot cards:[♥5, ♠Q]
Player points: [15, 15], Bot points:[15, 15]
Bot get one more card ♥5
Player point: 15, Bot point: 20
Player lose! Money: 272.0
========================
Round #114
Player cards: [♦4, ♦K], Bot cards:[♦2, ♣J]
Player points: [14, 14], Bot points:[12, 12]
Bot get one more card ♥5
Player point: 14, Bot point: 17
Player lose! Money: 252.0
========================
Round #115
Player cards: [♦5, ♥T], Bot cards:[♦5, ♣K]
Player points: [15, 15], Bot points:[15, 15]
Bot get one more card ♥Q
Player point: 15, Bot point: 25
Player win! Money: 272.0
========================
Round #116
Player cards: [♥T, ♦J], Bot cards:[♥9, ♦J]
Player points: [20, 20], Bot points:[19, 19]
Player point: 20, Bot point: 19
Player win! Money: 292.0
========================
Round #117
Player cards: [♣3, ♠K], Bot cards:[♥6, ♠A]
Player points: [13, 13], Bot points:[7, 17]
Bot get one more card ♠T
Player point: 13, Bot point: 17
Player lose! Money: 272.0
========================
Round #118
Player cards: [♠3, ♠8], Bot cards:[♠7, ♠8]
Player points: [11, 11], Bot points:[15, 15]
----- Double Bet! -----
Player get one more card ♣A
Bot get one more card ♦K
Player point: 12, Bot point: 25
Player win! Money: 312.0
========================
Round #119
Player cards: [♣7, ♠T], Bot cards:[♦J, ♦Q]
Player points: [17, 17], Bot points:[20, 20]
Player point: 17, Bot point: 20
Player lose! Money: 292.0
========================
Round #120
Player cards: [♣3, ♣6], Bot cards:[♦3, ♦5]
Player points: [9, 9], Bot points:[8, 8]
----- Double Bet! -----
Player get one more card ♦4
Bot get one more card ♠T
Player point: 13, Bot point: 18
Player lose! Money: 252.0
========================
Round #121
Player cards: [♣5, ♦6], Bot cards:[♠4, ♣A]
Player points: [11, 11], Bot points:[5, 15]
----- Double Bet! -----
Player get one more card ♥3
Bot get one more card ♥2
Bot get one more card ♥9
Bot get one more card ♥7
Player point: 14, Bot point: 23
Player win! Money: 292.0
========================
Round #122
Player cards: [♥8, ♦A], Bot cards:[♠A, ♥A]
Player points: [9, 19], Bot points:[2, 12]
Bot get one more card ♣7
Bot get one more card ♠J
Player point: 19, Bot point: 19
Draw! Money:292.0
========================
Round #123
Player cards: [♠6, ♣9], Bot cards:[♣3, ♦T]
Player points: [15, 15], Bot points:[13, 13]
Bot get one more card ♣Q
Player point: 15, Bot point: 23
Player win! Money: 312.0
========================
Round #124
Player cards: [♦T, ♣Q], Bot cards:[♣3, ♦Q]
Player points: [20, 20], Bot points:[13, 13]
Bot get one more card ♦A
Bot get one more card ♥T
Player point: 20, Bot point: 24
Player win! Money: 332.0
========================
Round #125
Player cards: [♦6, ♣J], Bot cards:[♦6, ♣Q]
Player points: [16, 16], Bot points:[16, 16]
Bot get one more card ♠8
Player point: 16, Bot point: 24
Player win! Money: 352.0
========================
Round #126
Player cards: [♠4, ♥K], Bot cards:[♦7, ♣9]
Player points: [14, 14], Bot points:[16, 16]
Player get one more card ♥6
Bot get one more card ♦8
Player point: 20, Bot point: 24
Player win! Money: 372.0
========================
Round #127
Player cards: [♠2, ♣5], Bot cards:[♣2, ♠9]
Player points: [7, 7], Bot points:[11, 11]
Player get one more card ♥7
Bot get one more card ♠5
Bot get one more card ♠Q
Player point: 14, Bot point: 26
Player win! Money: 392.0
========================
Round #128
Player cards: [♦2, ♠5], Bot cards:[♥4, ♠Q]
Player points: [7, 7], Bot points:[14, 14]
Player get one more card ♦3
Player get one more card ♦A
Bot get one more card ♣5
Player point: 21, Bot point: 19
Player win! Money: 412.0
========================
Round #129
Player cards: [♥A, ♣A], Bot cards:[♦Q, ♦Q]
Player points: [2, 12], Bot points:[20, 20]
-------- Split! Two hands: [10, 20], [4, 14]
For second hand:
Player get one more card ♦7
Player point: 20, Bot point: 20
Draw! Money:412.0
========================
Player point: 21, Bot point: 20
Player win! Money: 432.0
========================
Round #130
Player cards: [♣4, ♣T], Bot cards:[♠2, ♠7]
Player points: [14, 14], Bot points:[9, 9]
Bot get one more card ♣4
Bot get one more card ♠7
Player point: 14, Bot point: 20
Player lose! Money: 412.0
========================
Round #131
Player cards: [♥3, ♥A], Bot cards:[♠4, ♦8]
Player points: [4, 14], Bot points:[12, 12]
Bot get one more card ♦7
Player point: 14, Bot point: 19
Player lose! Money: 392.0
========================
Round #132
Player cards: [♥2, ♥Q], Bot cards:[♥2, ♠K]
Player points: [12, 12], Bot points:[12, 12]
Player get one more card ♣2
Bot get one more card ♣K
Player point: 14, Bot point: 22
Player win! Money: 412.0
========================
Round #133
Player cards: [♥7, ♦T], Bot cards:[♥4, ♥J]
Player points: [17, 17], Bot points:[14, 14]
Bot get one more card ♣7
Player point: 17, Bot point: 21
Player lose! Money: 392.0
========================
Round #134
Player cards: [♠2, ♦8], Bot cards:[♠4, ♣T]
Player points: [10, 10], Bot points:[14, 14]
----- Double Bet! -----
Player get one more card ♠6
Bot get one more card ♥K
Player point: 16, Bot point: 24
Player win! Money: 432.0
========================
Round #135
Player cards: [♥6, ♥8], Bot cards:[♠8, ♠9]
Player points: [14, 14], Bot points:[17, 17]
Player get one more card ♥4
Player point: 18, Bot point: 17
Player win! Money: 452.0
========================
Round #136
Player cards: [♣7, ♦J], Bot cards:[♥6, ♥J]
Player points: [17, 17], Bot points:[16, 16]
Bot get one more card ♠K
Player point: 17, Bot point: 26
Player win! Money: 472.0
========================
Round #137
Player cards: [♥3, ♦9], Bot cards:[♥7, ♣J]
Player points: [12, 12], Bot points:[17, 17]
Player get one more card ♥3
Player get one more card ♦K
Player point: 25, Bot point: 17
Player lose! Money: 452.0
========================
Round #138
Player cards: [♦4, ♠K], Bot cards:[♥J, ♥K]
Player points: [14, 14], Bot points:[20, 20]
Player get one more card ♥9
Player point: 23, Bot point: 20
Player lose! Money: 432.0
========================
Round #139
Player cards: [♦T, ♠A], Bot cards:[♣5, ♣A]
Player points: [11, 21], Bot points:[6, 16]
Bot get one more card ♥Q
Bot get one more card ♦9
Player point: 21, Bot point: 25
------ BlackJack!! ------
Player win! Money: 458.0
========================
Round #140
Player cards: [♥5, ♣8], Bot cards:[♠6, ♠9]
Player points: [13, 13], Bot points:[15, 15]
Bot get one more card ♠3
Player point: 13, Bot point: 18
Player lose! Money: 438.0
========================
Round #141
Player cards: [♦4, ♠A], Bot cards:[♣8, ♣Q]
Player points: [5, 15], Bot points:[18, 18]
Player get one more card ♣J
Player get one more card ♦6
Player point: 21, Bot point: 18
Player win! Money: 458.0
========================
Round #142
Player cards: [♠5, ♣6], Bot cards:[♣2, ♣4]
Player points: [11, 11], Bot points:[6, 6]
----- Double Bet! -----
Player get one more card ♦3
Bot get one more card ♥8
Bot get one more card ♦8
Player point: 14, Bot point: 22
Player win! Money: 498.0
========================
Round #143
Player cards: [♦3, ♣9], Bot cards:[♣6, ♠J]
Player points: [12, 12], Bot points:[16, 16]
Bot get one more card ♣4
Player point: 12, Bot point: 20
Player lose! Money: 478.0
========================
Round #144
Player cards: [♠T, ♠J], Bot cards:[♣8, ♠8]
Player points: [20, 20], Bot points:[16, 16]
Bot get one more card ♦7
Player point: 20, Bot point: 23
Player win! Money: 498.0
========================
Round #145
Player cards: [♠7, ♠Q], Bot cards:[♠2, ♣9]
Player points: [17, 17], Bot points:[11, 11]
Bot get one more card ♣T
Player point: 17, Bot point: 21
Player lose! Money: 478.0
========================
Round #146
New deck
Player cards: [♠4, ♦5], Bot cards:[♣3, ♣Q]
Player points: [9, 9], Bot points:[13, 13]
----- Double Bet! -----
Player get one more card ♠T
Bot get one more card ♠J
Player point: 19, Bot point: 23
Player win! Money: 518.0
========================
Round #147
Player cards: [♦9, ♥Q], Bot cards:[♥9, ♠K]
Player points: [19, 19], Bot points:[19, 19]
Player point: 19, Bot point: 19
Draw! Money:518.0
========================
Round #148
Player cards: [♣7, ♣T], Bot cards:[♣5, ♦7]
Player points: [17, 17], Bot points:[12, 12]
Bot get one more card ♦2
Bot get one more card ♣6
Player point: 17, Bot point: 20
Player lose! Money: 498.0
========================
Round #149
Player cards: [♦T, ♣K], Bot cards:[♣4, ♦6]
Player points: [20, 20], Bot points:[10, 10]
Bot get one more card ♦Q
Player point: 20, Bot point: 20
Draw! Money:498.0
========================
Round #150
Player cards: [♦7, ♠J], Bot cards:[♦8, ♦Q]
Player points: [17, 17], Bot points:[18, 18]
Player point: 17, Bot point: 18
Player lose! Money: 478.0
========================
Round #151
Player cards: [♥2, ♥6], Bot cards:[♣8, ♠A]
Player points: [8, 8], Bot points:[9, 19]
Player get one more card ♠3
Player get one more card ♣A
Bot get one more card ♥5
Bot get one more card ♣3
Player point: 12, Bot point: 17
Player lose! Money: 458.0
========================
Round #152
Player cards: [♥3, ♦K], Bot cards:[♣3, ♣7]
Player points: [13, 13], Bot points:[10, 10]
Bot get one more card ♠4
Bot get one more card ♦J
Player point: 13, Bot point: 24
Player win! Money: 478.0
========================
Round #153
Player cards: [♦8, ♠Q], Bot cards:[♠T, ♦K]
Player points: [18, 18], Bot points:[20, 20]
Player point: 18, Bot point: 20
Player lose! Money: 458.0
========================
Round #154
Player cards: [♠K, ♥A], Bot cards:[♦9, ♦A]
Player points: [11, 21], Bot points:[10, 20]
Bot get one more card ♥8
Player point: 21, Bot point: 18
------ BlackJack!! ------
Player win! Money: 484.0
========================
Round #155
Player cards: [♥T, ♣J], Bot cards:[♥4, ♦A]
Player points: [20, 20], Bot points:[5, 15]
Bot get one more card ♠7
Bot get one more card ♦4
Bot get one more card ♦J
Player point: 20, Bot point: 26
Player win! Money: 504.0
========================
Round #156
Player cards: [♠5, ♠A], Bot cards:[♠5, ♣9]
Player points: [6, 16], Bot points:[14, 14]
Bot get one more card ♥J
Player point: 16, Bot point: 24
Player win! Money: 524.0
========================
Round #157
Player cards: [♣4, ♠Q], Bot cards:[♦4, ♦A]
Player points: [14, 14], Bot points:[5, 15]
Bot get one more card ♦9
Bot get one more card ♣A
Bot get one more card ♠A
Bot get one more card ♣2
Player point: 14, Bot point: 18
Player lose! Money: 504.0
========================
Round #158
Player cards: [♦3, ♠9], Bot cards:[♣2, ♣2]
Player points: [12, 12], Bot points:[4, 4]
Player get one more card ♦A
Bot get one more card ♦3
Bot get one more card ♣8
Bot get one more card ♦2
Player point: 13, Bot point: 17
Player lose! Money: 484.0
========================
Round #159
Player cards: [♥2, ♠6], Bot cards:[♦3, ♦T]
Player points: [8, 8], Bot points:[13, 13]
Player get one more card ♥K
Bot get one more card ♣J
Player point: 18, Bot point: 23
Player win! Money: 504.0
========================
Round #160
Player cards: [♠9, ♦K], Bot cards:[♥2, ♣J]
Player points: [19, 19], Bot points:[12, 12]
Bot get one more card ♠J
Player point: 19, Bot point: 22
Player win! Money: 524.0
========================
Round #161
Player cards: [♦5, ♣K], Bot cards:[♣4, ♣A]
Player points: [15, 15], Bot points:[5, 15]
Bot get one more card ♣T
Bot get one more card ♠2
Player point: 15, Bot point: 17
Player lose! Money: 504.0
========================
Round #162
Player cards: [♥6, ♠Q], Bot cards:[♦4, ♠5]
Player points: [16, 16], Bot points:[9, 9]
Bot get one more card ♦7
Bot get one more card ♣4
Player point: 16, Bot point: 20
Player lose! Money: 484.0
========================
Round #163
Player cards: [♠4, ♦T], Bot cards:[♣Q, ♦K]
Player points: [14, 14], Bot points:[20, 20]
Player get one more card ♠J
Player point: 24, Bot point: 20
Player lose! Money: 464.0
========================
Round #164
Player cards: [♥7, ♥A], Bot cards:[♥2, ♣2]
Player points: [8, 18], Bot points:[4, 4]
Bot get one more card ♦4
Bot get one more card ♠7
Bot get one more card ♠2
Player point: 18, Bot point: 17
Player win! Money: 484.0
========================
Round #165
Player cards: [♠J, ♥K], Bot cards:[♦2, ♥3]
Player points: [20, 20], Bot points:[5, 5]
Bot get one more card ♦J
Bot get one more card ♠6
Player point: 20, Bot point: 21
Player lose! Money: 464.0
========================
Round #166
Player cards: [♠2, ♠K], Bot cards:[♣3, ♣8]
Player points: [12, 12], Bot points:[11, 11]
Player get one more card ♣K
Bot get one more card ♠6
Player point: 22, Bot point: 17
Player lose! Money: 444.0
========================
Round #167
Player cards: [♣8, ♥J], Bot cards:[♣7, ♠7]
Player points: [18, 18], Bot points:[14, 14]
Bot get one more card ♠9
Player point: 18, Bot point: 23
Player win! Money: 464.0
========================
Round #168
Player cards: [♥6, ♥7], Bot cards:[♦6, ♥K]
Player points: [13, 13], Bot points:[16, 16]
Bot get one more card ♥9
Player point: 13, Bot point: 25
Player win! Money: 484.0
========================
Round #169
Player cards: [♣6, ♠8], Bot cards:[♠T, ♥Q]
Player points: [14, 14], Bot points:[20, 20]
Player get one more card ♣5
Player point: 19, Bot point: 20
Player lose! Money: 464.0
========================
Round #170
Player cards: [♠3, ♥4], Bot cards:[♠5, ♥J]
Player points: [7, 7], Bot points:[15, 15]
Player get one more card ♣9
Bot get one more card ♥4
Player point: 16, Bot point: 19
Player lose! Money: 444.0
========================
Round #171
Player cards: [♣6, ♦Q], Bot cards:[♥T, ♥T]
Player points: [16, 16], Bot points:[20, 20]
Player get one more card ♥5
Player point: 21, Bot point: 20
Player win! Money: 464.0
========================
Round #172
Player cards: [♥5, ♣K], Bot cards:[♥3, ♥K]
Player points: [15, 15], Bot points:[13, 13]
Bot get one more card ♠7
Player point: 15, Bot point: 20
Player lose! Money: 444.0
========================
Round #173
Player cards: [♦T, ♥A], Bot cards:[♠8, ♠A]
Player points: [11, 21], Bot points:[9, 19]
Bot get one more card ♣T
Player point: 21, Bot point: 19
------ BlackJack!! ------
Player win! Money: 470.0
========================
Round #174
Player cards: [♠3, ♥9], Bot cards:[♣5, ♠9]
Player points: [12, 12], Bot points:[14, 14]
Bot get one more card ♦3
Player point: 12, Bot point: 17
Player lose! Money: 450.0
========================
Round #175
Player cards: [♦7, ♥A], Bot cards:[♦2, ♥9]
Player points: [8, 18], Bot points:[11, 11]
Bot get one more card ♥Q
Player point: 18, Bot point: 21
Player lose! Money: 430.0
========================
Round #176
Player cards: [♦6, ♣Q], Bot cards:[♥4, ♦5]
Player points: [16, 16], Bot points:[9, 9]
Bot get one more card ♣6
Bot get one more card ♥3
Player point: 16, Bot point: 18
Player lose! Money: 410.0
========================
Round #177
Player cards: [♥T, ♠Q], Bot cards:[♣5, ♥9]
Player points: [20, 20], Bot points:[14, 14]
Bot get one more card ♣9
Player point: 20, Bot point: 23
Player win! Money: 430.0
========================
Round #178
Player cards: [♦9, ♥J], Bot cards:[♣J, ♠K]
Player points: [19, 19], Bot points:[20, 20]
Player point: 19, Bot point: 20
Player lose! Money: 410.0
========================
Round #179
Player cards: [♥8, ♣T], Bot cards:[♣7, ♣9]
Player points: [18, 18], Bot points:[16, 16]
Bot get one more card ♠8
Player point: 18, Bot point: 24
Player win! Money: 430.0
========================
Round #180
Player cards: [♥5, ♥7], Bot cards:[♥8, ♣A]
Player points: [12, 12], Bot points:[9, 19]
Player get one more card ♦8
Bot get one more card ♣T
Player point: 20, Bot point: 19
Player win! Money: 450.0
========================
Round #181
Player cards: [♦6, ♦8], Bot cards:[♠6, ♦Q]
Player points: [14, 14], Bot points:[16, 16]
Bot get one more card ♥6
Player point: 14, Bot point: 22
Player win! Money: 470.0
========================
Round #182
Player cards: [♥7, ♥8], Bot cards:[♠2, ♦J]
Player points: [15, 15], Bot points:[12, 12]
Bot get one more card ♥Q
Player point: 15, Bot point: 22
Player win! Money: 490.0
========================
Round #183
New deck
Player cards: [♣5, ♣Q], Bot cards:[♦5, ♣9]
Player points: [15, 15], Bot points:[14, 14]
Bot get one more card ♥4
Player point: 15, Bot point: 18
Player lose! Money: 470.0
========================
Round #184
Player cards: [♠9, ♣T], Bot cards:[♥6, ♠8]
Player points: [19, 19], Bot points:[14, 14]
Bot get one more card ♠T
Player point: 19, Bot point: 24
Player win! Money: 490.0
========================
Round #185
Player cards: [♥8, ♠A], Bot cards:[♦6, ♣9]
Player points: [9, 19], Bot points:[15, 15]
Bot get one more card ♠2
Player point: 19, Bot point: 17
Player win! Money: 510.0
========================
Round #186
Player cards: [♦9, ♣A], Bot cards:[♦9, ♦J]
Player points: [10, 20], Bot points:[19, 19]
Player point: 20, Bot point: 19
Player win! Money: 530.0
========================
Round #187
Player cards: [♦4, ♦5], Bot cards:[♣4, ♥A]
Player points: [9, 9], Bot points:[5, 15]
----- Double Bet! -----
Player get one more card ♣7
Bot get one more card ♣J
Bot get one more card ♥6
Player point: 16, Bot point: 21
Player lose! Money: 490.0
========================
Round #188
Player cards: [♦2, ♥Q], Bot cards:[♣3, ♦3]
Player points: [12, 12], Bot points:[6, 6]
Player get one more card ♠6
Bot get one more card ♣2
Bot get one more card ♥5
Bot get one more card ♣7
Player point: 18, Bot point: 20
Player lose! Money: 470.0
========================
Round #189
Player cards: [♦6, ♥7], Bot cards:[♥7, ♣A]
Player points: [13, 13], Bot points:[8, 18]
Player get one more card ♦9
Bot get one more card ♥4
Bot get one more card ♣T
Player point: 22, Bot point: 22
Player lose! Money: 450.0
========================
Round #190
Player cards: [♦T, ♥Q], Bot cards:[♥2, ♣7]
Player points: [20, 20], Bot points:[9, 9]
Bot get one more card ♥6
Bot get one more card ♥Q
Player point: 20, Bot point: 25
Player win! Money: 470.0
========================
Round #191
Player cards: [♣J, ♦A], Bot cards:[♠5, ♣T]
Player points: [11, 21], Bot points:[15, 15]
Bot get one more card ♠J
Player point: 21, Bot point: 25
------ BlackJack!! ------
Player win! Money: 496.0
========================
Round #192
Player cards: [♦7, ♦A], Bot cards:[♦9, ♠T]
Player points: [8, 18], Bot points:[19, 19]
Player point: 18, Bot point: 19
Player lose! Money: 476.0
========================
Round #193
Player cards: [♣2, ♠K], Bot cards:[♣5, ♠J]
Player points: [12, 12], Bot points:[15, 15]
Bot get one more card ♦J
Player point: 12, Bot point: 25
Player win! Money: 496.0
========================
Round #194
Player cards: [♣6, ♠K], Bot cards:[♦5, ♠5]
Player points: [16, 16], Bot points:[10, 10]
Bot get one more card ♠5
Bot get one more card ♠9
Player point: 16, Bot point: 24
Player win! Money: 516.0
========================
Round #195
Player cards: [♠2, ♥8], Bot cards:[♠5, ♠Q]
Player points: [10, 10], Bot points:[15, 15]
----- Double Bet! -----
Player get one more card ♥K
Bot get one more card ♠3
Player point: 20, Bot point: 18
Player win! Money: 556.0
========================
Round #196
Player cards: [♥7, ♣K], Bot cards:[♦4, ♣8]
Player points: [17, 17], Bot points:[12, 12]
Bot get one more card ♥9
Player point: 17, Bot point: 21
Player lose! Money: 536.0
========================
Round #197
Player cards: [♥9, ♠A], Bot cards:[♣4, ♥4]
Player points: [10, 20], Bot points:[8, 8]
Bot get one more card ♥J
Player point: 20, Bot point: 18
Player win! Money: 556.0
========================
Round #198
Player cards: [♥2, ♠J], Bot cards:[♠4, ♥9]
Player points: [12, 12], Bot points:[13, 13]
Bot get one more card ♥T
Player point: 12, Bot point: 23
Player win! Money: 576.0
========================
Round #199
Player cards: [♥7, ♦J], Bot cards:[♠3, ♦8]
Player points: [17, 17], Bot points:[11, 11]
Bot get one more card ♠A
Bot get one more card ♠4
Bot get one more card ♦Q
Player point: 17, Bot point: 26
Player win! Money: 596.0
========================
Round #200
Player cards: [♥2, ♣6], Bot cards:[♦7, ♠7]
Player points: [8, 8], Bot points:[14, 14]
Player get one more card ♦Q
Bot get one more card ♥3
Player point: 18, Bot point: 17
Player win! Money: 616.0
========================
Round #201
Player cards: [♦Q, ♠K], Bot cards:[♦4, ♥5]
Player points: [20, 20], Bot points:[9, 9]
Bot get one more card ♠J
Player point: 20, Bot point: 19
Player win! Money: 636.0
========================
Round #202
Player cards: [♦4, ♠8], Bot cards:[♦3, ♥K]
Player points: [12, 12], Bot points:[13, 13]
Player get one more card ♣Q
Bot get one more card ♥J
Player point: 22, Bot point: 23
Player lose! Money: 616.0
========================
Round #203
Player cards: [♦T, ♣A], Bot cards:[♥6, ♠7]
Player points: [11, 21], Bot points:[13, 13]
Bot get one more card ♦5
Player point: 21, Bot point: 18
------ BlackJack!! ------
Player win! Money: 642.0
========================
Round #204
Player cards: [♣4, ♠T], Bot cards:[♦6, ♦K]
Player points: [14, 14], Bot points:[16, 16]
Bot get one more card ♥5
Player point: 14, Bot point: 21
Player lose! Money: 622.0
========================
Round #205
Player cards: [♠3, ♠3], Bot cards:[♠4, ♠7]
Player points: [6, 6], Bot points:[11, 11]
-------- Split! Two hands: [9, 9], [6, 6]
----- Double Bet! -----
Player get one more card ♣T
For second hand:
Player get one more card ♠T
Bot get one more card ♣9
Player point: 19, Bot point: 20
Player lose! Money: 582.0
========================
Player point: 16, Bot point: 20
Player lose! Money: 562.0
========================
Round #206
Player cards: [♥3, ♠K], Bot cards:[♣Q, ♣Q]
Player points: [13, 13], Bot points:[20, 20]
Player get one more card ♣K
Player point: 23, Bot point: 20
Player lose! Money: 542.0
========================
Round #207
Player cards: [♥3, ♣6], Bot cards:[♥T, ♠Q]
Player points: [9, 9], Bot points:[20, 20]
Player get one more card ♦Q
Player point: 19, Bot point: 20
Player lose! Money: 522.0
========================
Round #208
Player cards: [♣5, ♣6], Bot cards:[♥8, ♣A]
Player points: [11, 11], Bot points:[9, 19]
----- Double Bet! -----
Player get one more card ♠9
Bot get one more card ♠T
Player point: 20, Bot point: 19
Player win! Money: 562.0
========================
Round #209
Player cards: [♦7, ♥K], Bot cards:[♦3, ♠8]
Player points: [17, 17], Bot points:[11, 11]
Bot get one more card ♦K
Player point: 17, Bot point: 21
Player lose! Money: 542.0
========================
Round #210
Player cards: [♥J, ♣K], Bot cards:[♥5, ♥T]
Player points: [20, 20], Bot points:[15, 15]
Bot get one more card ♠8
Player point: 20, Bot point: 23
Player win! Money: 562.0
========================
Round #211
Player cards: [♦7, ♣8], Bot cards:[♥3, ♠6]
Player points: [15, 15], Bot points:[9, 9]
Bot get one more card ♥J
Player point: 15, Bot point: 19
Player lose! Money: 542.0
========================
Round #212
Player cards: [♥2, ♦K], Bot cards:[♣5, ♠9]
Player points: [12, 12], Bot points:[14, 14]
Bot get one more card ♥J
Player point: 12, Bot point: 24
Player win! Money: 562.0
========================
Round #213
Player cards: [♠7, ♦T], Bot cards:[♦5, ♥A]
Player points: [17, 17], Bot points:[6, 16]
Bot get one more card ♦J
Bot get one more card ♣9
Player point: 17, Bot point: 25
Player win! Money: 582.0
========================
Round #214
Player cards: [♣4, ♥A], Bot cards:[♣Q, ♥A]
Player points: [5, 15], Bot points:[11, 21]
Player get one more card ♣J
Player get one more card ♠4
Bot get one more card ♣2
Bot get one more card ♠3
Bot get one more card ♥4
Player point: 19, Bot point: 20
Player lose! Money: 562.0
========================
Round #215
Player cards: [♦2, ♣3], Bot cards:[♣8, ♦T]
Player points: [5, 5], Bot points:[18, 18]
Player get one more card ♦6
Player get one more card ♣3
Player point: 14, Bot point: 18
Player lose! Money: 542.0
========================
Round #216
Player cards: [♥8, ♦8], Bot cards:[♣8, ♥K]
Player points: [16, 16], Bot points:[18, 18]
-------- Split! Two hands: [12, 12], [11, 11]
Player get one more card ♠A
Player get one more card ♦A
Player get one more card ♣J
For second hand:
----- Double Bet! -----
Player get one more card ♦2
Player point: 24, Bot point: 18
Player lose! Money: 522.0
========================
Player point: 13, Bot point: 18
Player lose! Money: 482.0
========================
Round #217
Player cards: [♠6, ♦A], Bot cards:[♦2, ♥Q]
Player points: [7, 17], Bot points:[12, 12]
Bot get one more card ♠2
Bot get one more card ♥9
Player point: 17, Bot point: 23
Player win! Money: 502.0
========================
Round #218
Player cards: [♦K, ♣K], Bot cards:[♣2, ♠8]
Player points: [20, 20], Bot points:[10, 10]
Bot get one more card ♥T
Player point: 20, Bot point: 20
Draw! Money:502.0
========================
Round #219
New deck
Player cards: [♥3, ♦5], Bot cards:[♣7, ♦T]
Player points: [8, 8], Bot points:[17, 17]
Player get one more card ♣T
Player point: 18, Bot point: 17
Player win! Money: 522.0
========================
Round #220
Player cards: [♠6, ♥8], Bot cards:[♦T, ♥Q]
Player points: [14, 14], Bot points:[20, 20]
Player get one more card ♥5
Player point: 19, Bot point: 20
Player lose! Money: 502.0
========================
Round #221
Player cards: [♥3, ♣4], Bot cards:[♥5, ♣5]
Player points: [7, 7], Bot points:[10, 10]
Player get one more card ♣T
Bot get one more card ♠Q
Player point: 17, Bot point: 20
Player lose! Money: 482.0
========================
Round #222
Player cards: [♠5, ♦9], Bot cards:[♦2, ♦J]
Player points: [14, 14], Bot points:[12, 12]
Bot get one more card ♠2
Bot get one more card ♥9
Player point: 14, Bot point: 23
Player win! Money: 502.0
========================
Round #223
Player cards: [♠8, ♠J], Bot cards:[♠7, ♦K]
Player points: [18, 18], Bot points:[17, 17]
Player point: 18, Bot point: 17
Player win! Money: 522.0
========================
Round #224
Player cards: [♣T, ♥K], Bot cards:[♦2, ♥8]
Player points: [20, 20], Bot points:[10, 10]
Bot get one more card ♥T
Player point: 20, Bot point: 20
Draw! Money:522.0
========================
Round #225
Player cards: [♠7, ♠K], Bot cards:[♥3, ♠8]
Player points: [17, 17], Bot points:[11, 11]
Bot get one more card ♦T
Player point: 17, Bot point: 21
Player lose! Money: 502.0
========================
Round #226
Player cards: [♦4, ♦8], Bot cards:[♦3, ♠5]
Player points: [12, 12], Bot points:[8, 8]
Player get one more card ♥A
Bot get one more card ♣8
Bot get one more card ♥7
Player point: 13, Bot point: 23
Player win! Money: 522.0
========================
Round #227
Player cards: [♣8, ♦8], Bot cards:[♦7, ♠9]
Player points: [16, 16], Bot points:[16, 16]
-------- Split! Two hands: [18, 18], [12, 12]
For second hand:
Player get one more card ♥7
Bot get one more card ♣9
Player point: 18, Bot point: 25
Player win! Money: 542.0
========================
Player point: 19, Bot point: 25
Player win! Money: 562.0
========================
Round #228
Player cards: [♥3, ♦9], Bot cards:[♠2, ♠3]
Player points: [12, 12], Bot points:[5, 5]
Player get one more card ♠8
Bot get one more card ♦2
Bot get one more card ♥8
Bot get one more card ♦Q
Player point: 20, Bot point: 25
Player win! Money: 582.0
========================
Round #229
Player cards: [♦3, ♦A], Bot cards:[♣2, ♠Q]
Player points: [4, 14], Bot points:[12, 12]
Bot get one more card ♦Q
Player point: 14, Bot point: 22
Player win! Money: 602.0
========================
Round #230
Player cards: [♣7, ♥8], Bot cards:[♣5, ♣A]
Player points: [15, 15], Bot points:[6, 16]
Bot get one more card ♠A
Bot get one more card ♠4
Bot get one more card ♦7
Player point: 15, Bot point: 18
Player lose! Money: 582.0
========================
Round #231
Player cards: [♦8, ♥T], Bot cards:[♥2, ♣Q]
Player points: [18, 18], Bot points:[12, 12]
Bot get one more card ♣6
Player point: 18, Bot point: 18
Draw! Money:582.0
========================
Round #232
Player cards: [♠5, ♣K], Bot cards:[♣7, ♥Q]
Player points: [15, 15], Bot points:[17, 17]
Player get one more card ♥9
Player point: 24, Bot point: 17
Player lose! Money: 562.0
========================
Round #233
Player cards: [♠2, ♥6], Bot cards:[♥J, ♦A]
Player points: [8, 8], Bot points:[11, 21]
Player get one more card ♠Q
Bot get one more card ♠8
Player point: 18, Bot point: 19
Player lose! Money: 542.0
========================
Round #234
Player cards: [♦6, ♣8], Bot cards:[♣7, ♥9]
Player points: [14, 14], Bot points:[16, 16]
Player get one more card ♣5
Bot get one more card ♣9
Player point: 19, Bot point: 25
Player win! Money: 562.0
========================
Round #235
Player cards: [♦4, ♠A], Bot cards:[♥J, ♠Q]
Player points: [5, 15], Bot points:[20, 20]
Player get one more card ♠7
Player get one more card ♠J
Player point: 22, Bot point: 20
Player lose! Money: 542.0
========================
Round #236
Player cards: [♠3, ♦7], Bot cards:[♠4, ♣K]
Player points: [10, 10], Bot points:[14, 14]
----- Double Bet! -----
Player get one more card ♠K
Bot get one more card ♣2
Bot get one more card ♣9
Player point: 20, Bot point: 25
Player win! Money: 582.0
========================
Round #237
Player cards: [♠2, ♥9], Bot cards:[♦5, ♦T]
Player points: [11, 11], Bot points:[15, 15]
----- Double Bet! -----
Player get one more card ♥T
Bot get one more card ♠7
Player point: 21, Bot point: 22
Player win! Money: 622.0
========================
Round #238
Player cards: [♣8, ♠9], Bot cards:[♠6, ♣6]
Player points: [17, 17], Bot points:[12, 12]
Bot get one more card ♦8
Player point: 17, Bot point: 20
Player lose! Money: 602.0
========================
Round #239
Player cards: [♦5, ♦K], Bot cards:[♣Q, ♦Q]
Player points: [15, 15], Bot points:[20, 20]
Player get one more card ♣Q
Player point: 25, Bot point: 20
Player lose! Money: 582.0
========================
Round #240
Player cards: [♠3, ♠5], Bot cards:[♦5, ♠A]
Player points: [8, 8], Bot points:[6, 16]
Player get one more card ♦J
Bot get one more card ♠Q
Bot get one more card ♣J
Player point: 18, Bot point: 26
Player win! Money: 602.0
========================
Round #241
Player cards: [♦8, ♦A], Bot cards:[♥2, ♦6]
Player points: [9, 19], Bot points:[8, 8]
Bot get one more card ♦J
Player point: 19, Bot point: 18
Player win! Money: 622.0
========================
Round #242
Player cards: [♣Q, ♠A], Bot cards:[♦7, ♥K]
Player points: [11, 21], Bot points:[17, 17]
Player point: 21, Bot point: 17
------ BlackJack!! ------
Player win! Money: 648.0
========================
Round #243
Player cards: [♥6, ♣J], Bot cards:[♥2, ♠4]
Player points: [16, 16], Bot points:[6, 6]
Bot get one more card ♣4
Bot get one more card ♦3
Bot get one more card ♥Q
Player point: 16, Bot point: 23
Player win! Money: 668.0
========================
Round #244
Player cards: [♠T, ♣J], Bot cards:[♠T, ♦J]
Player points: [20, 20], Bot points:[20, 20]
Player point: 20, Bot point: 20
Draw! Money:668.0
========================
Round #245
Player cards: [♥5, ♣T], Bot cards:[♥5, ♠T]
Player points: [15, 15], Bot points:[15, 15]
Bot get one more card ♣K
Player point: 15, Bot point: 25
Player win! Money: 688.0
========================
Round #246
Player cards: [♣3, ♦6], Bot cards:[♥6, ♦A]
Player points: [9, 9], Bot points:[7, 17]
----- Double Bet! -----
Player get one more card ♥J
Bot get one more card ♣A
Bot get one more card ♥Q
Player point: 19, Bot point: 18
Player win! Money: 728.0
========================
Round #247
Player cards: [♥4, ♦K], Bot cards:[♣3, ♣4]
Player points: [14, 14], Bot points:[7, 7]
Bot get one more card ♦9
Bot get one more card ♦3
Player point: 14, Bot point: 19
Player lose! Money: 708.0
========================
Round #248
Player cards: [♣2, ♠6], Bot cards:[♠6, ♦9]
Player points: [8, 8], Bot points:[15, 15]
Player get one more card ♥K
Bot get one more card ♥A
Bot get one more card ♠K
Player point: 18, Bot point: 26
Player win! Money: 728.0
========================
Round #249
Player cards: [♣5, ♣K], Bot cards:[♦3, ♥J]
Player points: [15, 15], Bot points:[13, 13]
Bot get one more card ♠J
Player point: 15, Bot point: 23
Player win! Money: 748.0
========================
Round #250
Player cards: [♥4, ♠9], Bot cards:[♦8, ♥A]
Player points: [13, 13], Bot points:[9, 19]
Player get one more card ♥6
Bot get one more card ♦2
Bot get one more card ♣J
Player point: 19, Bot point: 21
Player lose! Money: 728.0
========================
Round #251
Player cards: [♠Q, ♣A], Bot cards:[♦4, ♣6]
Player points: [11, 21], Bot points:[10, 10]
Bot get one more card ♥K
Player point: 21, Bot point: 20
------ BlackJack!! ------
Player win! Money: 754.0
========================
Round #252
Player cards: [♣3, ♠9], Bot cards:[♣2, ♥7]
Player points: [12, 12], Bot points:[9, 9]
Player get one more card ♥A
Bot get one more card ♠K
Player point: 13, Bot point: 19
Player lose! Money: 734.0
========================
Round #253
Player cards: [♠3, ♣7], Bot cards:[♥4, ♦4]
Player points: [10, 10], Bot points:[8, 8]
----- Double Bet! -----
Player get one more card ♣6
Bot get one more card ♣3
Bot get one more card ♥4
Bot get one more card ♥2
Player point: 16, Bot point: 17
Player lose! Money: 694.0
========================
Round #254
Player cards: [♠2, ♣9], Bot cards:[♦Q, ♦K]
Player points: [11, 11], Bot points:[20, 20]
----- Double Bet! -----
Player get one more card ♠J
Player point: 21, Bot point: 20
Player win! Money: 734.0
========================
Round #255
New deck
Player cards: [♥2, ♣8], Bot cards:[♦4, ♣Q]
Player points: [10, 10], Bot points:[14, 14]
----- Double Bet! -----
Player get one more card ♦7
Bot get one more card ♠T
Player point: 17, Bot point: 24
Player win! Money: 774.0
========================
Round #256
Player cards: [♥9, ♥J], Bot cards:[♥6, ♠A]
Player points: [19, 19], Bot points:[7, 17]
Bot get one more card ♠4
Bot get one more card ♥A
Bot get one more card ♠8
Player point: 19, Bot point: 20
Player lose! Money: 754.0
========================
Round #257
Player cards: [♣6, ♦J], Bot cards:[♦2, ♥J]
Player points: [16, 16], Bot points:[12, 12]
Bot get one more card ♦T
Player point: 16, Bot point: 22
Player win! Money: 774.0
========================
Round #258
Player cards: [♥3, ♦6], Bot cards:[♣2, ♦8]
Player points: [9, 9], Bot points:[10, 10]
Player get one more card ♥4
Bot get one more card ♠5
Bot get one more card ♦3
Player point: 13, Bot point: 18
Player lose! Money: 754.0
========================
Round #259
Player cards: [♠3, ♥T], Bot cards:[♣7, ♥J]
Player points: [13, 13], Bot points:[17, 17]
Player get one more card ♠K
Player point: 23, Bot point: 17
Player lose! Money: 734.0
========================
Round #260
Player cards: [♠2, ♥A], Bot cards:[♣3, ♥7]
Player points: [3, 13], Bot points:[10, 10]
Bot get one more card ♦Q
Player point: 13, Bot point: 20
Player lose! Money: 714.0
========================
Round #261
Player cards: [♦6, ♠T], Bot cards:[♦2, ♠8]
Player points: [16, 16], Bot points:[10, 10]
Bot get one more card ♣8
Player point: 16, Bot point: 18
Player lose! Money: 694.0
========================
Round #262
Player cards: [♣2, ♦6], Bot cards:[♠3, ♠9]
Player points: [8, 8], Bot points:[12, 12]
Player get one more card ♦K
Bot get one more card ♠J
Player point: 18, Bot point: 22
Player win! Money: 714.0
========================
Round #263
Player cards: [♥2, ♦J], Bot cards:[♥3, ♦9]
Player points: [12, 12], Bot points:[12, 12]
Player get one more card ♣3
Bot get one more card ♠A
Bot get one more card ♠J
Player point: 15, Bot point: 23
Player win! Money: 734.0
========================
Round #264
Player cards: [♦8, ♥Q], Bot cards:[♥5, ♣9]
Player points: [18, 18], Bot points:[14, 14]
Bot get one more card ♠5
Player point: 18, Bot point: 19
Player lose! Money: 714.0
========================
Round #265
Player cards: [♥3, ♦6], Bot cards:[♥4, ♠9]
Player points: [9, 9], Bot points:[13, 13]
----- Double Bet! -----
Player get one more card ♣9
Bot get one more card ♥8
Player point: 18, Bot point: 21
Player lose! Money: 674.0
========================
Round #266
Player cards: [♦5, ♠8], Bot cards:[♣2, ♥A]
Player points: [13, 13], Bot points:[3, 13]
Bot get one more card ♣K
Bot get one more card ♣T
Player point: 13, Bot point: 23
Player win! Money: 694.0
========================
Round #267
Player cards: [♠2, ♠9], Bot cards:[♣9, ♠K]
Player points: [11, 11], Bot points:[19, 19]
----- Double Bet! -----
Player get one more card ♦7
Player point: 18, Bot point: 19
Player lose! Money: 654.0
========================
Round #268
Player cards: [♦5, ♦K], Bot cards:[♣4, ♥5]
Player points: [15, 15], Bot points:[9, 9]
Bot get one more card ♦9
Player point: 15, Bot point: 18
Player lose! Money: 634.0
========================
Round #269
Player cards: [♥9, ♦T], Bot cards:[♥5, ♠5]
Player points: [19, 19], Bot points:[10, 10]
Bot get one more card ♠6
Bot get one more card ♣J
Player point: 19, Bot point: 26
Player win! Money: 654.0
========================
Round #270
Player cards: [♠3, ♠7], Bot cards:[♣3, ♦T]
Player points: [10, 10], Bot points:[13, 13]
----- Double Bet! -----
Player get one more card ♦3
Bot get one more card ♣3
Bot get one more card ♣K
Player point: 13, Bot point: 26
Player win! Money: 694.0
========================
Round #271
Player cards: [♣6, ♥K], Bot cards:[♣T, ♠Q]
Player points: [16, 16], Bot points:[20, 20]
Player get one more card ♣6
Player point: 22, Bot point: 20
Player lose! Money: 674.0
========================
Round #272
Player cards: [♣J, ♣A], Bot cards:[♦4, ♠Q]
Player points: [11, 21], Bot points:[14, 14]
Bot get one more card ♠4
Player point: 21, Bot point: 18
------ BlackJack!! ------
Player win! Money: 700.0
========================
Round #273
Player cards: [♦4, ♠T], Bot cards:[♦6, ♦9]
Player points: [14, 14], Bot points:[15, 15]
Bot get one more card ♣A
Bot get one more card ♥4
Player point: 14, Bot point: 20
Player lose! Money: 680.0
========================
Round #274
Player cards: [♣J, ♦K], Bot cards:[♠2, ♦2]
Player points: [20, 20], Bot points:[4, 4]
Bot get one more card ♠2
Bot get one more card ♥T
Bot get one more card ♥5
Player point: 20, Bot point: 21
Player lose! Money: 660.0
========================
Round #275
Player cards: [♠7, ♥9], Bot cards:[♣8, ♣9]
Player points: [16, 16], Bot points:[17, 17]
Player get one more card ♦3
Player point: 19, Bot point: 17
Player win! Money: 680.0
========================
Round #276
Player cards: [♣4, ♣K], Bot cards:[♣5, ♣Q]
Player points: [14, 14], Bot points:[15, 15]
Bot get one more card ♠A
Bot get one more card ♦9
Player point: 14, Bot point: 25
Player win! Money: 700.0
========================
Round #277
Player cards: [♠6, ♠K], Bot cards:[♦7, ♣J]
Player points: [16, 16], Bot points:[17, 17]
Player get one more card ♠7
Player point: 23, Bot point: 17
Player lose! Money: 680.0
========================
Round #278
Player cards: [♥6, ♦A], Bot cards:[♣8, ♣A]
Player points: [7, 17], Bot points:[9, 19]
Bot get one more card ♥7
Bot get one more card ♥Q
Player point: 17, Bot point: 26
Player win! Money: 700.0
========================
Round #279
Player cards: [♦2, ♣5], Bot cards:[♣7, ♣A]
Player points: [7, 7], Bot points:[8, 18]
Player get one more card ♣Q
Bot get one more card ♥2
Bot get one more card ♥Q
Player point: 17, Bot point: 20
Player lose! Money: 680.0
========================
Round #280
Player cards: [♦Q, ♦A], Bot cards:[♠6, ♥T]
Player points: [11, 21], Bot points:[16, 16]
Bot get one more card ♦8
Player point: 21, Bot point: 24
------ BlackJack!! ------
Player win! Money: 706.0
========================
Round #281
Player cards: [♥Q, ♦A], Bot cards:[♥2, ♦4]
Player points: [11, 21], Bot points:[6, 6]
Bot get one more card ♦3
Bot get one more card ♣6
Bot get one more card ♣5
Player point: 21, Bot point: 20
------ BlackJack!! ------
Player win! Money: 732.0
========================
Round #282
Player cards: [♠5, ♥6], Bot cards:[♥9, ♥K]
Player points: [11, 11], Bot points:[19, 19]
----- Double Bet! -----
Player get one more card ♥T
Player point: 21, Bot point: 19
Player win! Money: 772.0
========================
Round #283
Player cards: [♥7, ♠8], Bot cards:[♣4, ♦T]
Player points: [15, 15], Bot points:[14, 14]
Bot get one more card ♥3
Player point: 15, Bot point: 17
Player lose! Money: 752.0
========================
Round #284
Player cards: [♥8, ♦Q], Bot cards:[♣2, ♣Q]
Player points: [18, 18], Bot points:[12, 12]
Bot get one more card ♣5
Player point: 18, Bot point: 17
Player win! Money: 772.0
========================
Round #285
Player cards: [♠4, ♣K], Bot cards:[♥T, ♠A]
Player points: [14, 14], Bot points:[11, 21]
Player get one more card ♦J
Bot get one more card ♠3
Bot get one more card ♥8
Player point: 24, Bot point: 22
Player lose! Money: 752.0
========================
Round #286
Player cards: [♦J, ♦K], Bot cards:[♦5, ♠K]
Player points: [20, 20], Bot points:[15, 15]
Bot get one more card ♣7
Player point: 20, Bot point: 22
Player win! Money: 772.0
========================
Round #287
Player cards: [♦5, ♦A], Bot cards:[♠4, ♥6]
Player points: [6, 16], Bot points:[10, 10]
Bot get one more card ♦7
Player point: 16, Bot point: 17
Player lose! Money: 752.0
========================
Round #288
Player cards: [♦Q, ♠Q], Bot cards:[♥7, ♠T]
Player points: [20, 20], Bot points:[17, 17]
Player point: 20, Bot point: 17
Player win! Money: 772.0
========================
Round #289
Player cards: [♥4, ♥K], Bot cards:[♥8, ♣A]
Player points: [14, 14], Bot points:[9, 19]
Player get one more card ♥J
Bot get one more card ♠Q
Player point: 24, Bot point: 19
Player lose! Money: 752.0
========================
Round #290
Player cards: [♥7, ♦8], Bot cards:[♣7, ♠9]
Player points: [15, 15], Bot points:[16, 16]
Player get one more card ♥A
Player get one more card ♣T
Bot get one more card ♠7
Player point: 26, Bot point: 23
Player lose! Money: 732.0
========================
Round #291
New deck
Player cards: [♠3, ♦T], Bot cards:[♥5, ♣K]
Player points: [13, 13], Bot points:[15, 15]
Bot get one more card ♦Q
Player point: 13, Bot point: 25
Player win! Money: 752.0
========================
Round #292
Player cards: [♥9, ♥T], Bot cards:[♥3, ♥5]
Player points: [19, 19], Bot points:[8, 8]
Bot get one more card ♠2
Bot get one more card ♥6
Bot get one more card ♣A
Player point: 19, Bot point: 17
Player win! Money: 772.0
========================
Round #293
Player cards: [♦7, ♣T], Bot cards:[♠4, ♣6]
Player points: [17, 17], Bot points:[10, 10]
Bot get one more card ♥2
Bot get one more card ♦7
Player point: 17, Bot point: 19
Player lose! Money: 752.0
========================
Round #294
Player cards: [♣6, ♠T], Bot cards:[♥9, ♥9]
Player points: [16, 16], Bot points:[18, 18]
Player get one more card ♠A
Player point: 17, Bot point: 18
Player lose! Money: 732.0
========================
Round #295
Player cards: [♠6, ♦Q], Bot cards:[♥7, ♣A]
Player points: [16, 16], Bot points:[8, 18]
Player get one more card ♣9
Bot get one more card ♦6
Bot get one more card ♣4
Player point: 25, Bot point: 18
Player lose! Money: 712.0
========================
Round #296
Player cards: [♣J, ♥K], Bot cards:[♣5, ♣Q]
Player points: [20, 20], Bot points:[15, 15]
Bot get one more card ♥Q
Player point: 20, Bot point: 25
Player win! Money: 732.0
========================
Round #297
Player cards: [♠2, ♠5], Bot cards:[♥4, ♣5]
Player points: [7, 7], Bot points:[9, 9]
Player get one more card ♣5
Bot get one more card ♦8
Player point: 12, Bot point: 17
Player lose! Money: 712.0
========================
Round #298
Player cards: [♦Q, ♠K], Bot cards:[♥3, ♦J]
Player points: [20, 20], Bot points:[13, 13]
Bot get one more card ♥K
Player point: 20, Bot point: 23
Player win! Money: 732.0
========================
Round #299
Player cards: [♣7, ♦K], Bot cards:[♦3, ♠K]
Player points: [17, 17], Bot points:[13, 13]
Bot get one more card ♣9
Player point: 17, Bot point: 22
Player win! Money: 752.0
========================
Round #300
Player cards: [♠T, ♦A], Bot cards:[♣3, ♣9]
Player points: [11, 21], Bot points:[12, 12]
Bot get one more card ♠T
Player point: 21, Bot point: 22
------ BlackJack!! ------
Player win! Money: 778.0
========================
Round #301
Player cards: [♣6, ♣A], Bot cards:[♣7, ♣J]
Player points: [7, 17], Bot points:[17, 17]
Player point: 17, Bot point: 17
Draw! Money:778.0
========================
Round #302
Player cards: [♦3, ♠J], Bot cards:[♥2, ♠7]
Player points: [13, 13], Bot points:[9, 9]
Bot get one more card ♣8
Player point: 13, Bot point: 17
Player lose! Money: 758.0
========================
Round #303
Player cards: [♠4, ♥5], Bot cards:[♠5, ♥K]
Player points: [9, 9], Bot points:[15, 15]
----- Double Bet! -----
Player get one more card ♦4
Bot get one more card ♣Q
Player point: 13, Bot point: 25
Player win! Money: 798.0
========================
Round #304
Player cards: [♠J, ♥A], Bot cards:[♣4, ♦6]
Player points: [11, 21], Bot points:[10, 10]
Bot get one more card ♥T
Player point: 21, Bot point: 20
------ BlackJack!! ------
Player win! Money: 824.0
========================
Round #305
Player cards: [♣4, ♣Q], Bot cards:[♦7, ♥J]
Player points: [14, 14], Bot points:[17, 17]
Player get one more card ♦J
Player point: 24, Bot point: 17
Player lose! Money: 804.0
========================
Round #306
Player cards: [♦6, ♦9], Bot cards:[♦2, ♦7]
Player points: [15, 15], Bot points:[9, 9]
Bot get one more card ♣2
Bot get one more card ♦3
Bot get one more card ♥8
Player point: 15, Bot point: 22
Player win! Money: 824.0
========================
Round #307
Player cards: [♠6, ♣T], Bot cards:[♣6, ♦A]
Player points: [16, 16], Bot points:[7, 17]
Bot get one more card ♥2
Bot get one more card ♥T
Player point: 16, Bot point: 19
Player lose! Money: 804.0
========================
Round #308
Player cards: [♠K, ♦A], Bot cards:[♣8, ♦K]
Player points: [11, 21], Bot points:[18, 18]
Player point: 21, Bot point: 18
------ BlackJack!! ------
Player win! Money: 830.0
========================
Round #309
Player cards: [♥3, ♦5], Bot cards:[♦2, ♠5]
Player points: [8, 8], Bot points:[7, 7]
Player get one more card ♣A
Bot get one more card ♠9
Bot get one more card ♠8
Player point: 19, Bot point: 24
Player win! Money: 850.0
========================
Round #310
Player cards: [♠3, ♠J], Bot cards:[♣3, ♣4]
Player points: [13, 13], Bot points:[7, 7]
Bot get one more card ♠2
Bot get one more card ♠T
Player point: 13, Bot point: 19
Player lose! Money: 830.0
========================
Round #311
Player cards: [♥7, ♦9], Bot cards:[♦4, ♥Q]
Player points: [16, 16], Bot points:[14, 14]
Bot get one more card ♣2
Bot get one more card ♠K
Player point: 16, Bot point: 26
Player win! Money: 850.0
========================
Round #312
Player cards: [♥2, ♣3], Bot cards:[♣J, ♥J]
Player points: [5, 5], Bot points:[20, 20]
Player get one more card ♦8
Player get one more card ♠Q
Player point: 23, Bot point: 20
Player lose! Money: 830.0
========================
Round #313
Player cards: [♠5, ♥8], Bot cards:[♦8, ♥J]
Player points: [13, 13], Bot points:[18, 18]
Player get one more card ♦A
Player get one more card ♦9
Player point: 23, Bot point: 18
Player lose! Money: 810.0
========================
Round #314
Player cards: [♥9, ♠Q], Bot cards:[♦3, ♠6]
Player points: [19, 19], Bot points:[9, 9]
Bot get one more card ♦Q
Player point: 19, Bot point: 19
Draw! Money:810.0
========================
Round #315
Player cards: [♦8, ♦T], Bot cards:[♦4, ♥6]
Player points: [18, 18], Bot points:[10, 10]
Bot get one more card ♣K
Player point: 18, Bot point: 20
Player lose! Money: 790.0
========================
Round #316
Player cards: [♠7, ♠8], Bot cards:[♠4, ♠8]
Player points: [15, 15], Bot points:[12, 12]
Bot get one more card ♦K
Player point: 15, Bot point: 22
Player win! Money: 810.0
========================
Round #317
Player cards: [♥7, ♣8], Bot cards:[♥4, ♠A]
Player points: [15, 15], Bot points:[5, 15]
Bot get one more card ♥6
Bot get one more card ♣J
Player point: 15, Bot point: 21
Player lose! Money: 790.0
========================
Round #318
Player cards: [♦6, ♠J], Bot cards:[♦4, ♥T]
Player points: [16, 16], Bot points:[14, 14]
Bot get one more card ♥K
Player point: 16, Bot point: 24
Player win! Money: 810.0
========================
Round #319
Player cards: [♠6, ♠9], Bot cards:[♣T, ♠Q]
Player points: [15, 15], Bot points:[20, 20]
Player get one more card ♣7
Player point: 22, Bot point: 20
Player lose! Money: 790.0
========================
Round #320
Player cards: [♣Q, ♣K], Bot cards:[♦T, ♥A]
Player points: [20, 20], Bot points:[11, 21]
Bot get one more card ♥4
Bot get one more card ♥J
Player point: 20, Bot point: 25
Player win! Money: 810.0
========================
Round #321
Player cards: [♠3, ♠8], Bot cards:[♦5, ♥K]
Player points: [11, 11], Bot points:[15, 15]
----- Double Bet! -----
Player get one more card ♣2
Bot get one more card ♥4
Player point: 13, Bot point: 19
Player lose! Money: 770.0
========================
Round #322
Player cards: [♠4, ♠A], Bot cards:[♠2, ♣7]
Player points: [5, 15], Bot points:[9, 9]
Bot get one more card ♠J
Player point: 15, Bot point: 19
Player lose! Money: 750.0
========================
Round #323
Player cards: [♥5, ♣9], Bot cards:[♥7, ♦J]
Player points: [14, 14], Bot points:[17, 17]
Player get one more card ♦5
Player point: 19, Bot point: 17
Player win! Money: 770.0
========================
Round #324
Player cards: [♥3, ♥Q], Bot cards:[♠3, ♦J]
Player points: [13, 13], Bot points:[13, 13]
Bot get one more card ♣T
Player point: 13, Bot point: 23
Player win! Money: 790.0
========================
Round #325
Player cards: [♣5, ♥6], Bot cards:[♠7, ♠A]
Player points: [11, 11], Bot points:[8, 18]
----- Double Bet! -----
Player get one more card ♠4
Bot get one more card ♦9
Player point: 15, Bot point: 17
Player lose! Money: 750.0
========================
Round #326
Player cards: [♥Q, ♦K], Bot cards:[♥8, ♣8]
Player points: [20, 20], Bot points:[16, 16]
Bot get one more card ♣4
Player point: 20, Bot point: 20
Draw! Money:750.0
========================
Round #327
Player cards: [♣3, ♦5], Bot cards:[♦2, ♠Q]
Player points: [8, 8], Bot points:[12, 12]
Player get one more card ♥A
Bot get one more card ♠9
Player point: 19, Bot point: 21
Player lose! Money: 730.0
========================
Round #328
Player cards: [♥8, ♠9], Bot cards:[♦2, ♠7]
Player points: [17, 17], Bot points:[9, 9]
Bot get one more card ♠J
Player point: 17, Bot point: 19
Player lose! Money: 710.0
========================
Round #329
New deck
Player cards: [♦4, ♦7], Bot cards:[♥8, ♦T]
Player points: [11, 11], Bot points:[18, 18]
----- Double Bet! -----
Player get one more card ♥3
Player point: 14, Bot point: 18
Player lose! Money: 670.0
========================
Round #330
Player cards: [♠2, ♣T], Bot cards:[♥6, ♥7]
Player points: [12, 12], Bot points:[13, 13]
Bot get one more card ♠Q
Player point: 12, Bot point: 23
Player win! Money: 690.0
========================
Round #331
Player cards: [♥5, ♣Q], Bot cards:[♥T, ♣J]
Player points: [15, 15], Bot points:[20, 20]
Player get one more card ♣4
Player point: 19, Bot point: 20
Player lose! Money: 670.0
========================
Round #332
Player cards: [♣8, ♠Q], Bot cards:[♠6, ♣A]
Player points: [18, 18], Bot points:[7, 17]
Bot get one more card ♦Q
Player point: 18, Bot point: 17
Player win! Money: 690.0
========================
Round #333
Player cards: [♠5, ♦Q], Bot cards:[♠3, ♣8]
Player points: [15, 15], Bot points:[11, 11]
Bot get one more card ♣6
Player point: 15, Bot point: 17
Player lose! Money: 670.0
========================
Round #334
Player cards: [♠4, ♠K], Bot cards:[♠8, ♥K]
Player points: [14, 14], Bot points:[18, 18]
Player get one more card ♠T
Player point: 24, Bot point: 18
Player lose! Money: 650.0
========================
Round #335
Player cards: [♦8, ♥9], Bot cards:[♦9, ♥T]
Player points: [17, 17], Bot points:[19, 19]
Player point: 17, Bot point: 19
Player lose! Money: 630.0
========================
Round #336
Player cards: [♥2, ♥8], Bot cards:[♣7, ♠K]
Player points: [10, 10], Bot points:[17, 17]
----- Double Bet! -----
Player get one more card ♠5
Player point: 15, Bot point: 17
Player lose! Money: 590.0
========================
Round #337
Player cards: [♥6, ♣T], Bot cards:[♠2, ♣7]
Player points: [16, 16], Bot points:[9, 9]
Bot get one more card ♦7
Bot get one more card ♥7
Player point: 16, Bot point: 23
Player win! Money: 610.0
========================
Round #338
Player cards: [♦4, ♦8], Bot cards:[♥9, ♥J]
Player points: [12, 12], Bot points:[19, 19]
Player get one more card ♦9
Player point: 21, Bot point: 19
Player win! Money: 630.0
========================
Round #339
Player cards: [♥9, ♦T], Bot cards:[♠2, ♦9]
Player points: [19, 19], Bot points:[11, 11]
Bot get one more card ♦2
Bot get one more card ♥6
Player point: 19, Bot point: 19
Draw! Money:630.0
========================
Round #340
Player cards: [♠5, ♣J], Bot cards:[♦5, ♣A]
Player points: [15, 15], Bot points:[6, 16]
Bot get one more card ♥2
Bot get one more card ♥K
Player point: 15, Bot point: 18
Player lose! Money: 610.0
========================
Round #341
Player cards: [♥J, ♦Q], Bot cards:[♥4, ♠9]
Player points: [20, 20], Bot points:[13, 13]
Bot get one more card ♣2
Bot get one more card ♥A
Bot get one more card ♣2
Player point: 20, Bot point: 18
Player win! Money: 630.0
========================
Round #342
Player cards: [♥4, ♦7], Bot cards:[♠J, ♠A]
Player points: [11, 11], Bot points:[11, 21]
----- Double Bet! -----
Player get one more card ♣3
Bot get one more card ♦6
Player point: 14, Bot point: 17
Player lose! Money: 590.0
========================
Round #343
Player cards: [♠6, ♠9], Bot cards:[♠8, ♦K]
Player points: [15, 15], Bot points:[18, 18]
Player get one more card ♦7
Player point: 22, Bot point: 18
Player lose! Money: 570.0
========================
Round #344
Player cards: [♣6, ♠9], Bot cards:[♠7, ♦8]
Player points: [15, 15], Bot points:[15, 15]
Player get one more card ♥7
Bot get one more card ♥6
Player point: 22, Bot point: 21
Player lose! Money: 550.0
========================
Round #345
Player cards: [♠8, ♠A], Bot cards:[♣3, ♣4]
Player points: [9, 19], Bot points:[7, 7]
Bot get one more card ♥Q
Player point: 19, Bot point: 17
Player win! Money: 570.0
========================
Round #346
Player cards: [♣2, ♣3], Bot cards:[♣8, ♠8]
Player points: [5, 5], Bot points:[16, 16]
Player get one more card ♦A
Player get one more card ♦5
Bot get one more card ♠Q
Player point: 21, Bot point: 26
Player win! Money: 590.0
========================
Round #347
Player cards: [♠4, ♥Q], Bot cards:[♦3, ♣K]
Player points: [14, 14], Bot points:[13, 13]
Bot get one more card ♥7
Player point: 14, Bot point: 20
Player lose! Money: 570.0
========================
Round #348
Player cards: [♦T, ♥A], Bot cards:[♣4, ♥8]
Player points: [11, 21], Bot points:[12, 12]
Bot get one more card ♥5
Player point: 21, Bot point: 17
------ BlackJack!! ------
Player win! Money: 596.0
========================
Round #349
Player cards: [♥K, ♦A], Bot cards:[♦4, ♠K]
Player points: [11, 21], Bot points:[14, 14]
Bot get one more card ♦T
Player point: 21, Bot point: 24
------ BlackJack!! ------
Player win! Money: 622.0
========================
Round #350
Player cards: [♣5, ♦6], Bot cards:[♣4, ♥A]
Player points: [11, 11], Bot points:[5, 15]
----- Double Bet! -----
Player get one more card ♣J
Bot get one more card ♦K
Bot get one more card ♥3
Player point: 21, Bot point: 18
Player win! Money: 662.0
========================
Round #351
Player cards: [♦3, ♠Q], Bot cards:[♠7, ♣A]
Player points: [13, 13], Bot points:[8, 18]
Player get one more card ♦4
Bot get one more card ♣J
Player point: 17, Bot point: 18
Player lose! Money: 642.0
========================
Round #352
Player cards: [♠6, ♣T], Bot cards:[♣2, ♠3]
Player points: [16, 16], Bot points:[5, 5]
Bot get one more card ♦T
Bot get one more card ♦2
Player point: 16, Bot point: 17
Player lose! Money: 622.0
========================
Round #353
Player cards: [♣9, ♣Q], Bot cards:[♠T, ♦J]
Player points: [19, 19], Bot points:[20, 20]
Player point: 19, Bot point: 20
Player lose! Money: 602.0
========================
Round #354
Player cards: [♦2, ♣7], Bot cards:[♥3, ♥4]
Player points: [9, 9], Bot points:[7, 7]
----- Double Bet! -----
Player get one more card ♥5
Bot get one more card ♠7
Bot get one more card ♣8
Player point: 14, Bot point: 22
Player win! Money: 642.0
========================
Round #355
Player cards: [♦5, ♣A], Bot cards:[♣2, ♥T]
Player points: [6, 16], Bot points:[12, 12]
Bot get one more card ♥K
Player point: 16, Bot point: 22
Player win! Money: 662.0
========================
Round #356
Player cards: [♠T, ♦A], Bot cards:[♠2, ♥A]
Player points: [11, 21], Bot points:[3, 13]
Bot get one more card ♥4
Bot get one more card ♦Q
Player point: 21, Bot point: 17
------ BlackJack!! ------
Player win! Money: 688.0
========================
Round #357
Player cards: [♣6, ♦6], Bot cards:[♠T, ♠J]
Player points: [12, 12], Bot points:[20, 20]
Player get one more card ♦3
Player get one more card ♣3
Player point: 18, Bot point: 20
Player lose! Money: 668.0
========================
Round #358
Player cards: [♠3, ♠7], Bot cards:[♠3, ♦K]
Player points: [10, 10], Bot points:[13, 13]
----- Double Bet! -----
Player get one more card ♦J
Bot get one more card ♣T
Player point: 20, Bot point: 23
Player win! Money: 708.0
========================
Round #359
Player cards: [♦6, ♣K], Bot cards:[♣5, ♥J]
Player points: [16, 16], Bot points:[15, 15]
Bot get one more card ♣T
Player point: 16, Bot point: 25
Player win! Money: 728.0
========================
Round #360
Player cards: [♦5, ♥5], Bot cards:[♥3, ♠4]
Player points: [10, 10], Bot points:[7, 7]
----- Double Bet! -----
Player get one more card ♣9
Bot get one more card ♣K
Player point: 19, Bot point: 17
Player win! Money: 768.0
========================
Round #361
Player cards: [♦2, ♦8], Bot cards:[♦J, ♥Q]
Player points: [10, 10], Bot points:[20, 20]
Player get one more card ♠6
Player get one more card ♦K
Player point: 26, Bot point: 20
Player lose! Money: 748.0
========================
Round #362
Player cards: [♠J, ♠K], Bot cards:[♣5, ♦9]
Player points: [20, 20], Bot points:[14, 14]
Bot get one more card ♣6
Player point: 20, Bot point: 20
Draw! Money:748.0
========================
Round #363
Player cards: [♣7, ♥Q], Bot cards:[♦J, ♣Q]
Player points: [17, 17], Bot points:[20, 20]
Player point: 17, Bot point: 20
Player lose! Money: 728.0
========================
Round #364
Player cards: [♠6, ♣9], Bot cards:[♥T, ♥A]
Player points: [15, 15], Bot points:[11, 21]
Player get one more card ♠4
Bot get one more card ♦A
Bot get one more card ♠5
Player point: 19, Bot point: 17
Player win! Money: 748.0
========================
Round #365
Player cards: [♣Q, ♠A], Bot cards:[♥2, ♣5]
Player points: [11, 21], Bot points:[7, 7]
Bot get one more card ♠J
Player point: 21, Bot point: 17
------ BlackJack!! ------
Player win! Money: 774.0
========================
Round #366
Player cards: [♥2, ♣9], Bot cards:[♠9, ♥9]
Player points: [11, 11], Bot points:[18, 18]
----- Double Bet! -----
Player get one more card ♣K
Player point: 21, Bot point: 18
Player win! Money: 814.0
========================
Round #367
New deck
Player cards: [♠2, ♠3], Bot cards:[♠5, ♠6]
Player points: [5, 5], Bot points:[11, 11]
Player get one more card ♥9
Bot get one more card ♣7
Player point: 14, Bot point: 18
Player lose! Money: 794.0
========================
Round #368
Player cards: [♦8, ♦T], Bot cards:[♠3, ♣3]
Player points: [18, 18], Bot points:[6, 6]
Bot get one more card ♣A
Bot get one more card ♦Q
Player point: 18, Bot point: 17
Player win! Money: 814.0
========================
Round #369
Player cards: [♠2, ♠9], Bot cards:[♥3, ♣7]
Player points: [11, 11], Bot points:[10, 10]
----- Double Bet! -----
Player get one more card ♦6
Bot get one more card ♥A
Bot get one more card ♥6
Player point: 17, Bot point: 17
Draw! Money:814.0
========================
Round #370
Player cards: [♥7, ♦A], Bot cards:[♥T, ♦J]
Player points: [8, 18], Bot points:[20, 20]
Player point: 18, Bot point: 20
Player lose! Money: 794.0
========================
Round #371
Player cards: [♠8, ♠A], Bot cards:[♦4, ♣9]
Player points: [9, 19], Bot points:[13, 13]
Bot get one more card ♥J
Player point: 19, Bot point: 23
Player win! Money: 814.0
========================
Round #372
Player cards: [♥2, ♥4], Bot cards:[♣3, ♦J]
Player points: [6, 6], Bot points:[13, 13]
Player get one more card ♠4
Player get one more card ♣8
Bot get one more card ♦3
Bot get one more card ♦Q
Player point: 18, Bot point: 26
Player win! Money: 834.0
========================
Round #373
Player cards: [♣5, ♠Q], Bot cards:[♦2, ♠4]
Player points: [15, 15], Bot points:[6, 6]
Bot get one more card ♠Q
Bot get one more card ♣T
Player point: 15, Bot point: 26
Player win! Money: 854.0
========================
Round #374
Player cards: [♣8, ♠J], Bot cards:[♥8, ♦K]
Player points: [18, 18], Bot points:[18, 18]
Player point: 18, Bot point: 18
Draw! Money:854.0
========================
Round #375
Player cards: [♠6, ♣9], Bot cards:[♣T, ♣Q]
Player points: [15, 15], Bot points:[20, 20]
Player get one more card ♥Q
Player point: 25, Bot point: 20
Player lose! Money: 834.0
========================
Round #376
Player cards: [♥5, ♦Q], Bot cards:[♣2, ♥K]
Player points: [15, 15], Bot points:[12, 12]
Bot get one more card ♦8
Player point: 15, Bot point: 20
Player lose! Money: 814.0
========================
Round #377
Player cards: [♠2, ♣Q], Bot cards:[♦5, ♥9]
Player points: [12, 12], Bot points:[14, 14]
Bot get one more card ♦A
Bot get one more card ♥J
Player point: 12, Bot point: 25
Player win! Money: 834.0
========================
Round #378
Player cards: [♠J, ♥J], Bot cards:[♦3, ♣9]
Player points: [20, 20], Bot points:[12, 12]
Bot get one more card ♣Q
Player point: 20, Bot point: 22
Player win! Money: 854.0
========================
Round #379
Player cards: [♠7, ♦T], Bot cards:[♦J, ♥J]
Player points: [17, 17], Bot points:[20, 20]
Player point: 17, Bot point: 20
Player lose! Money: 834.0
========================
Round #380
Player cards: [♠8, ♦9], Bot cards:[♠9, ♠T]
Player points: [17, 17], Bot points:[19, 19]
Player point: 17, Bot point: 19
Player lose! Money: 814.0
========================
Round #381
Player cards: [♦8, ♦T], Bot cards:[♥5, ♥A]
Player points: [18, 18], Bot points:[6, 16]
Bot get one more card ♠7
Bot get one more card ♠A
Bot get one more card ♦7
Player point: 18, Bot point: 21
Player lose! Money: 794.0
========================
Round #382
Player cards: [♣6, ♠T], Bot cards:[♦3, ♥5]
Player points: [16, 16], Bot points:[8, 8]
Bot get one more card ♥3
Bot get one more card ♦9
Player point: 16, Bot point: 20
Player lose! Money: 774.0
========================
Round #383
Player cards: [♥2, ♣A], Bot cards:[♦4, ♣6]
Player points: [3, 13], Bot points:[10, 10]
Bot get one more card ♠8
Player point: 13, Bot point: 18
Player lose! Money: 754.0
========================
Round #384
Player cards: [♦7, ♥K], Bot cards:[♣5, ♠8]
Player points: [17, 17], Bot points:[13, 13]
Bot get one more card ♦5
Player point: 17, Bot point: 18
Player lose! Money: 734.0
========================
Round #385
Player cards: [♥4, ♣K], Bot cards:[♥4, ♥K]
Player points: [14, 14], Bot points:[14, 14]
Bot get one more card ♣9
Player point: 14, Bot point: 23
Player win! Money: 754.0
========================
Round #386
Player cards: [♦6, ♠T], Bot cards:[♣K, ♠A]
Player points: [16, 16], Bot points:[11, 21]
Player get one more card ♠4
Bot get one more card ♠A
Bot get one more card ♥7
Player point: 20, Bot point: 19
Player win! Money: 774.0
========================
Round #387
Player cards: [♣J, ♦Q], Bot cards:[♣2, ♠7]
Player points: [20, 20], Bot points:[9, 9]
Bot get one more card ♠Q
Player point: 20, Bot point: 19
Player win! Money: 794.0
========================
Round #388
Player cards: [♣5, ♦K], Bot cards:[♥6, ♠A]
Player points: [15, 15], Bot points:[7, 17]
Bot get one more card ♥3
Bot get one more card ♦5
Bot get one more card ♠5
Player point: 15, Bot point: 20
Player lose! Money: 774.0
========================
Round #389
Player cards: [♦5, ♣J], Bot cards:[♠Q, ♣K]
Player points: [15, 15], Bot points:[20, 20]
Player get one more card ♦9
Player point: 24, Bot point: 20
Player lose! Money: 754.0
========================
Round #390
Player cards: [♥3, ♣J], Bot cards:[♥8, ♥T]
Player points: [13, 13], Bot points:[18, 18]
Player get one more card ♦K
Player point: 23, Bot point: 18
Player lose! Money: 734.0
========================
Round #391
Player cards: [♣3, ♣7], Bot cards:[♠5, ♦6]
Player points: [10, 10], Bot points:[11, 11]
----- Double Bet! -----
Player get one more card ♠3
Bot get one more card ♣5
Bot get one more card ♥T
Player point: 13, Bot point: 26
Player win! Money: 774.0
========================
Round #392
Player cards: [♠7, ♦8], Bot cards:[♦3, ♣4]
Player points: [15, 15], Bot points:[7, 7]
Bot get one more card ♣Q
Player point: 15, Bot point: 17
Player lose! Money: 754.0
========================
Round #393
Player cards: [♠4, ♠K], Bot cards:[♦2, ♥7]
Player points: [14, 14], Bot points:[9, 9]
Bot get one more card ♣3
Bot get one more card ♦A
Bot get one more card ♥8
Player point: 14, Bot point: 21
Player lose! Money: 734.0
========================
Round #394
Player cards: [♣A, ♥A], Bot cards:[♥2, ♥4]
Player points: [2, 12], Bot points:[6, 6]
-------- Split! Two hands: [7, 17], [3, 13]
For second hand:
Bot get one more card ♦A
Bot get one more card ♥K
Player point: 17, Bot point: 17
Draw! Money:734.0
========================
Player point: 13, Bot point: 17
Player lose! Money: 714.0
========================
Round #395
Player cards: [♦3, ♣T], Bot cards:[♥8, ♥T]
Player points: [13, 13], Bot points:[18, 18]
Player get one more card ♥9
Player point: 22, Bot point: 18
Player lose! Money: 694.0
========================
Round #396
Player cards: [♣2, ♣8], Bot cards:[♦2, ♣J]
Player points: [10, 10], Bot points:[12, 12]
----- Double Bet! -----
Player get one more card ♦4
Bot get one more card ♣T
Player point: 14, Bot point: 22
Player win! Money: 734.0
========================
Round #397
Player cards: [♥2, ♣4], Bot cards:[♥5, ♥9]
Player points: [6, 6], Bot points:[14, 14]
Player get one more card ♠9
Bot get one more card ♦4
Player point: 15, Bot point: 18
Player lose! Money: 714.0
========================
Round #398
Player cards: [♠T, ♠K], Bot cards:[♦9, ♥Q]
Player points: [20, 20], Bot points:[19, 19]
Player point: 20, Bot point: 19
Player win! Money: 734.0
========================
Round #399
Player cards: [♣7, ♣K], Bot cards:[♠2, ♥Q]
Player points: [17, 17], Bot points:[12, 12]
Bot get one more card ♠6
Player point: 17, Bot point: 18
Player lose! Money: 714.0
========================
Round #400
Player cards: [♣4, ♣K], Bot cards:[♥6, ♥Q]
Player points: [14, 14], Bot points:[16, 16]
Bot get one more card ♣4
Player point: 14, Bot point: 20
Player lose! Money: 694.0
========================
Round #401
Player cards: [♠6, ♦J], Bot cards:[♦2, ♦T]
Player points: [16, 16], Bot points:[12, 12]
Bot get one more card ♦6
Player point: 16, Bot point: 18
Player lose! Money: 674.0
========================
Round #402
Player cards: [♥7, ♥J], Bot cards:[♥8, ♠J]
Player points: [17, 17], Bot points:[18, 18]
Player point: 17, Bot point: 18
Player lose! Money: 654.0
========================
Round #403
Player cards: [♠3, ♠K], Bot cards:[♦7, ♦7]
Player points: [13, 13], Bot points:[14, 14]
Player get one more card ♠5
Bot get one more card ♣8
Player point: 18, Bot point: 22
Player win! Money: 674.0
========================
Round #404
New deck
Player cards: [♠5, ♠6], Bot cards:[♣3, ♠T]
Player points: [11, 11], Bot points:[13, 13]
----- Double Bet! -----
Player get one more card ♥J
Bot get one more card ♦7
Player point: 21, Bot point: 20
Player win! Money: 714.0
========================
Round #405
Player cards: [♠7, ♥7], Bot cards:[♥2, ♦5]
Player points: [14, 14], Bot points:[7, 7]
-------- Split! Two hands: [11, 11], [17, 17]
----- Double Bet! -----
Player get one more card ♣T
For second hand:
Bot get one more card ♣9
Bot get one more card ♣6
Player point: 21, Bot point: 22
Player win! Money: 754.0
========================
Player point: 17, Bot point: 22
Player win! Money: 774.0
========================
Round #406
Player cards: [♦4, ♥5], Bot cards:[♣2, ♥7]
Player points: [9, 9], Bot points:[9, 9]
Player get one more card ♣6
Bot get one more card ♠4
Bot get one more card ♠J
Player point: 15, Bot point: 23
Player win! Money: 794.0
========================
Round #407
Player cards: [♥T, ♦T], Bot cards:[♥Q, ♠K]
Player points: [20, 20], Bot points:[20, 20]
Player point: 20, Bot point: 20
Draw! Money:794.0
========================
Round #408
Player cards: [♥3, ♦8], Bot cards:[♠5, ♣T]
Player points: [11, 11], Bot points:[15, 15]
----- Double Bet! -----
Player get one more card ♦J
Bot get one more card ♣2
Player point: 21, Bot point: 17
Player win! Money: 834.0
========================
Round #409
Player cards: [♦Q, ♥A], Bot cards:[♦3, ♣A]
Player points: [11, 21], Bot points:[4, 14]
Bot get one more card ♥2
Bot get one more card ♥6
Bot get one more card ♠6
Player point: 21, Bot point: 18
------ BlackJack!! ------
Player win! Money: 860.0
========================
Round #410
Player cards: [♥3, ♦5], Bot cards:[♠9, ♣T]
Player points: [8, 8], Bot points:[19, 19]
Player get one more card ♠K
Player point: 18, Bot point: 19
Player lose! Money: 840.0
========================
Round #411
Player cards: [♥9, ♥J], Bot cards:[♦5, ♥7]
Player points: [19, 19], Bot points:[12, 12]
Bot get one more card ♠8
Player point: 19, Bot point: 20
Player lose! Money: 820.0
========================
Round #412
Player cards: [♥4, ♣9], Bot cards:[♥8, ♣J]
Player points: [13, 13], Bot points:[18, 18]
Player get one more card ♣Q
Player point: 23, Bot point: 18
Player lose! Money: 800.0
========================
Round #413
Player cards: [♣6, ♥J], Bot cards:[♦9, ♥K]
Player points: [16, 16], Bot points:[19, 19]
Player get one more card ♣J
Player point: 26, Bot point: 19
Player lose! Money: 780.0
========================
Round #414
Player cards: [♣7, ♠9], Bot cards:[♣4, ♦A]
Player points: [16, 16], Bot points:[5, 15]
Bot get one more card ♣5
Bot get one more card ♦T
Player point: 16, Bot point: 20
Player lose! Money: 760.0
========================
Round #415
Player cards: [♥4, ♥Q], Bot cards:[♥8, ♠A]
Player points: [14, 14], Bot points:[9, 19]
Player get one more card ♣2
Player get one more card ♠4
Bot get one more card ♦6
Bot get one more card ♠5
Player point: 20, Bot point: 20
Draw! Money:760.0
========================
Round #416
Player cards: [♠3, ♦6], Bot cards:[♠7, ♣Q]
Player points: [9, 9], Bot points:[17, 17]
Player get one more card ♦2
Player get one more card ♣9
Player point: 20, Bot point: 17
Player win! Money: 780.0
========================
Round #417
Player cards: [♠2, ♦9], Bot cards:[♥5, ♠J]
Player points: [11, 11], Bot points:[15, 15]
----- Double Bet! -----
Player get one more card ♣K
Bot get one more card ♠9
Player point: 21, Bot point: 24
Player win! Money: 820.0
========================
Round #418
Player cards: [♠4, ♦8], Bot cards:[♣5, ♣8]
Player points: [12, 12], Bot points:[13, 13]
Bot get one more card ♠A
Bot get one more card ♠7
Player point: 12, Bot point: 21
Player lose! Money: 800.0
========================
Round #419
Player cards: [♣T, ♦J], Bot cards:[♦3, ♦K]
Player points: [20, 20], Bot points:[13, 13]
Bot get one more card ♣J
Player point: 20, Bot point: 23
Player win! Money: 820.0
========================
Round #420
Player cards: [♦6, ♣8], Bot cards:[♥8, ♥T]
Player points: [14, 14], Bot points:[18, 18]
Player get one more card ♠3
Player point: 17, Bot point: 18
Player lose! Money: 800.0
========================
Round #421
Player cards: [♥J, ♠A], Bot cards:[♠2, ♣7]
Player points: [11, 21], Bot points:[9, 9]
Bot get one more card ♥2
Bot get one more card ♣Q
Player point: 21, Bot point: 21
Player lose! Money: 780.0
========================
Round #422
Player cards: [♣8, ♦T], Bot cards:[♦3, ♥A]
Player points: [18, 18], Bot points:[4, 14]
Bot get one more card ♠3
Bot get one more card ♦4
Bot get one more card ♦8
Player point: 18, Bot point: 19
Player lose! Money: 760.0
========================
Round #423
Player cards: [♣4, ♥8], Bot cards:[♦A, ♥A]
Player points: [12, 12], Bot points:[2, 12]
Player get one more card ♥Q
Bot get one more card ♠6
Bot get one more card ♥4
Bot get one more card ♥A
Bot get one more card ♣3
Bot get one more card ♦A
Player point: 22, Bot point: 17
Player lose! Money: 740.0
========================
Round #424
Player cards: [♥T, ♠A], Bot cards:[♥Q, ♣K]
Player points: [11, 21], Bot points:[20, 20]
Player point: 21, Bot point: 20
------ BlackJack!! ------
Player win! Money: 766.0
========================
Round #425
Player cards: [♠9, ♦Q], Bot cards:[♣6, ♦Q]
Player points: [19, 19], Bot points:[16, 16]
Bot get one more card ♣2
Player point: 19, Bot point: 18
Player win! Money: 786.0
========================
Round #426
Player cards: [♣4, ♠J], Bot cards:[♦2, ♦9]
Player points: [14, 14], Bot points:[11, 11]
Bot get one more card ♥9
Player point: 14, Bot point: 20
Player lose! Money: 766.0
========================
Round #427
Player cards: [♦9, ♣A], Bot cards:[♠3, ♦J]
Player points: [10, 20], Bot points:[13, 13]
Bot get one more card ♣5
Player point: 20, Bot point: 18
Player win! Money: 786.0
========================
Round #428
Player cards: [♥7, ♠Q], Bot cards:[♥5, ♥K]
Player points: [17, 17], Bot points:[15, 15]
Bot get one more card ♣7
Player point: 17, Bot point: 22
Player win! Money: 806.0
========================
Round #429
Player cards: [♦6, ♣7], Bot cards:[♣3, ♦7]
Player points: [13, 13], Bot points:[10, 10]
Bot get one more card ♥2
Bot get one more card ♠T
Player point: 13, Bot point: 22
Player win! Money: 826.0
========================
Round #430
Player cards: [♠T, ♥A], Bot cards:[♥6, ♣9]
Player points: [11, 21], Bot points:[15, 15]
Bot get one more card ♦A
Bot get one more card ♠2
Player point: 21, Bot point: 18
------ BlackJack!! ------
Player win! Money: 852.0
========================
Round #431
Player cards: [♠2, ♥4], Bot cards:[♣3, ♦T]
Player points: [6, 6], Bot points:[13, 13]
Player get one more card ♠K
Bot get one more card ♦K
Player point: 16, Bot point: 23
Player win! Money: 872.0
========================
Round #432
Player cards: [♦4, ♠9], Bot cards:[♦K, ♣K]
Player points: [13, 13], Bot points:[20, 20]
Player get one more card ♠5
Player point: 18, Bot point: 20
Player lose! Money: 852.0
========================
Round #433
Player cards: [♥6, ♣8], Bot cards:[♦7, ♥9]
Player points: [14, 14], Bot points:[16, 16]
Player get one more card ♥T
Bot get one more card ♠8
Player point: 24, Bot point: 24
Player lose! Money: 832.0
========================
Round #434
Player cards: [♦2, ♣A], Bot cards:[♠4, ♣Q]
Player points: [3, 13], Bot points:[14, 14]
Bot get one more card ♣A
Bot get one more card ♠8
Player point: 13, Bot point: 23
Player win! Money: 852.0
========================
Round #435
Player cards: [♠Q, ♦Q], Bot cards:[♠7, ♦K]
Player points: [20, 20], Bot points:[17, 17]
Player point: 20, Bot point: 17
Player win! Money: 872.0
========================
Round #436
Player cards: [♦2, ♦8], Bot cards:[♥6, ♠Q]
Player points: [10, 10], Bot points:[16, 16]
----- Double Bet! -----
Player get one more card ♦4
Bot get one more card ♦K
Player point: 14, Bot point: 26
Player win! Money: 912.0
========================
Round #437
Player cards: [♥3, ♠6], Bot cards:[♦7, ♠J]
Player points: [9, 9], Bot points:[17, 17]
Player get one more card ♥5
Player get one more card ♣K
Player point: 24, Bot point: 17
Player lose! Money: 892.0
========================
Round #438
Player cards: [♠Q, ♥K], Bot cards:[♥3, ♥6]
Player points: [20, 20], Bot points:[9, 9]
Bot get one more card ♣J
Player point: 20, Bot point: 19
Player win! Money: 912.0
========================
Round #439
Player cards: [♠T, ♥K], Bot cards:[♦5, ♣6]
Player points: [20, 20], Bot points:[11, 11]
Bot get one more card ♠8
Player point: 20, Bot point: 19
Player win! Money: 932.0
========================
Round #440
New deck
Player cards: [♠2, ♥5], Bot cards:[♠3, ♦9]
Player points: [7, 7], Bot points:[12, 12]
Player get one more card ♣T
Bot get one more card ♣Q
Player point: 17, Bot point: 22
Player win! Money: 952.0
========================
Round #441
Player cards: [♣3, ♥5], Bot cards:[♠T, ♦K]
Player points: [8, 8], Bot points:[20, 20]
Player get one more card ♣5
Player get one more card ♥A
Player get one more card ♠K
Player point: 24, Bot point: 20
Player lose! Money: 932.0
========================
Round #442
Player cards: [♦5, ♥K], Bot cards:[♦9, ♥A]
Player points: [15, 15], Bot points:[10, 20]
Player get one more card ♥K
Bot get one more card ♠5
Bot get one more card ♦6
Player point: 25, Bot point: 21
Player lose! Money: 912.0
========================
Round #443
Player cards: [♥8, ♠9], Bot cards:[♠5, ♦9]
Player points: [17, 17], Bot points:[14, 14]
Bot get one more card ♦Q
Player point: 17, Bot point: 24
Player win! Money: 932.0
========================
Round #444
Player cards: [♦5, ♠8], Bot cards:[♣5, ♦A]
Player points: [13, 13], Bot points:[6, 16]
Bot get one more card ♣8
Bot get one more card ♦3
Player point: 13, Bot point: 17
Player lose! Money: 912.0
========================
Round #445
Player cards: [♠2, ♣6], Bot cards:[♥7, ♠T]
Player points: [8, 8], Bot points:[17, 17]
Player get one more card ♦3
Player get one more card ♠8
Player point: 19, Bot point: 17
Player win! Money: 932.0
========================
Round #446
Player cards: [♥3, ♠J], Bot cards:[♠9, ♥Q]
Player points: [13, 13], Bot points:[19, 19]
Player get one more card ♦T
Player point: 23, Bot point: 19
Player lose! Money: 912.0
========================
Round #447
Player cards: [♥J, ♠A], Bot cards:[♦8, ♦T]
Player points: [11, 21], Bot points:[18, 18]
Player point: 21, Bot point: 18
------ BlackJack!! ------
Player win! Money: 938.0
========================
Round #448
Player cards: [♠4, ♣J], Bot cards:[♠9, ♣A]
Player points: [14, 14], Bot points:[10, 20]
Player get one more card ♣7
Bot get one more card ♦8
Player point: 21, Bot point: 18
Player win! Money: 958.0
========================
Round #449
Player cards: [♠6, ♥T], Bot cards:[♥5, ♦7]
Player points: [16, 16], Bot points:[12, 12]
Bot get one more card ♣5
Player point: 16, Bot point: 17
Player lose! Money: 938.0
========================
Round #450
Player cards: [♣4, ♣9], Bot cards:[♣2, ♥Q]
Player points: [13, 13], Bot points:[12, 12]
Bot get one more card ♥6
Player point: 13, Bot point: 18
Player lose! Money: 918.0
========================
Round #451
Player cards: [♥3, ♦3], Bot cards:[♥T, ♦A]
Player points: [6, 6], Bot points:[11, 21]
Player get one more card ♠8
Player get one more card ♠5
Bot get one more card ♥9
Player point: 19, Bot point: 20
Player lose! Money: 898.0
========================
Round #452
Player cards: [♦T, ♣K], Bot cards:[♥4, ♠7]
Player points: [20, 20], Bot points:[11, 11]
Bot get one more card ♥9
Player point: 20, Bot point: 20
Draw! Money:898.0
========================
Round #453
Player cards: [♥2, ♦2], Bot cards:[♠K, ♦K]
Player points: [4, 4], Bot points:[20, 20]
Player get one more card ♣8
Player get one more card ♦9
Player point: 21, Bot point: 20
Player win! Money: 918.0
========================
Round #454
Player cards: [♣8, ♠J], Bot cards:[♣4, ♣9]
Player points: [18, 18], Bot points:[13, 13]
Bot get one more card ♠8
Player point: 18, Bot point: 21
Player lose! Money: 898.0
========================
Round #455
Player cards: [♦4, ♣5], Bot cards:[♦5, ♥T]
Player points: [9, 9], Bot points:[15, 15]
----- Double Bet! -----
Player get one more card ♦J
Bot get one more card ♦Q
Player point: 19, Bot point: 25
Player win! Money: 938.0
========================
Round #456
Player cards: [♦7, ♦7], Bot cards:[♣2, ♣7]
Player points: [14, 14], Bot points:[9, 9]
-------- Split! Two hands: [15, 15], [11, 11]
For second hand:
----- Double Bet! -----
Player get one more card ♦3
Bot get one more card ♦4
Bot get one more card ♣T
Player point: 15, Bot point: 23
Player win! Money: 958.0
========================
Player point: 14, Bot point: 23
Player win! Money: 998.0
========================
Round #457
Player cards: [♦2, ♣2], Bot cards:[♠2, ♥4]
Player points: [4, 4], Bot points:[6, 6]
Player get one more card ♣2
Player get one more card ♣Q
Bot get one more card ♥2
Bot get one more card ♠K
Player point: 16, Bot point: 18
Player lose! Money: 978.0
========================
Round #458
Player cards: [♣T, ♦K], Bot cards:[♣9, ♣K]
Player points: [20, 20], Bot points:[19, 19]
Player point: 20, Bot point: 19
Player win! Money: 998.0
========================
Round #459
Player cards: [♥3, ♠6], Bot cards:[♠J, ♥A]
Player points: [9, 9], Bot points:[11, 21]
Player get one more card ♠A
Bot get one more card ♦Q
Player point: 20, Bot point: 21
Player lose! Money: 978.0
========================
Round #460
Player cards: [♠4, ♥7], Bot cards:[♦2, ♦6]
Player points: [11, 11], Bot points:[8, 8]
----- Double Bet! -----
Player get one more card ♠7
Bot get one more card ♠7
Bot get one more card ♦3
Player point: 18, Bot point: 18
Draw! Money:978.0
========================
Round #461
Player cards: [♠6, ♠6], Bot cards:[♦4, ♥8]
Player points: [12, 12], Bot points:[12, 12]
-------- Split! Two hands: [12, 12], [13, 13]
For second hand:
Bot get one more card ♥7
Player point: 12, Bot point: 19
Player lose! Money: 958.0
========================
Player point: 13, Bot point: 19
Player lose! Money: 938.0
========================
Round #462
Player cards: [♦8, ♠Q], Bot cards:[♠5, ♥9]
Player points: [18, 18], Bot points:[14, 14]
Bot get one more card ♥J
Player point: 18, Bot point: 24
Player win! Money: 958.0
========================
Round #463
Player cards: [♦2, ♣3], Bot cards:[♠K, ♦K]
Player points: [5, 5], Bot points:[20, 20]
Player get one more card ♠3
Player get one more card ♥9
Player point: 17, Bot point: 20
Player lose! Money: 938.0
========================
Round #464
Player cards: [♠4, ♣A], Bot cards:[♥6, ♣6]
Player points: [5, 15], Bot points:[12, 12]
Bot get one more card ♦J
Player point: 15, Bot point: 22
Player win! Money: 958.0
========================
Round #465
Player cards: [♥6, ♠Q], Bot cards:[♠J, ♣A]
Player points: [16, 16], Bot points:[11, 21]
Player get one more card ♠K
Bot get one more card ♠Q
Player point: 26, Bot point: 21
Player lose! Money: 938.0
========================
Round #466
Player cards: [♠3, ♥6], Bot cards:[♥2, ♠T]
Player points: [9, 9], Bot points:[12, 12]
Player get one more card ♠T
Bot get one more card ♥J
Player point: 19, Bot point: 22
Player win! Money: 958.0
========================
Round #467
Player cards: [♣6, ♦A], Bot cards:[♠9, ♦J]
Player points: [7, 17], Bot points:[19, 19]
Player point: 17, Bot point: 19
Player lose! Money: 938.0
========================
Round #468
Player cards: [♦5, ♦Q], Bot cards:[♠2, ♥3]
Player points: [15, 15], Bot points:[5, 5]
Bot get one more card ♣3
Bot get one more card ♥J
Player point: 15, Bot point: 18
Player lose! Money: 918.0
========================
Round #469
Player cards: [♥8, ♥9], Bot cards:[♣J, ♥K]
Player points: [17, 17], Bot points:[20, 20]
Player point: 17, Bot point: 20
Player lose! Money: 898.0
========================
Round #470
Player cards: [♦7, ♣J], Bot cards:[♣J, ♥A]
Player points: [17, 17], Bot points:[11, 21]
Bot get one more card ♠K
Player point: 17, Bot point: 21
Player lose! Money: 878.0
========================
Round #471
Player cards: [♥2, ♥T], Bot cards:[♥Q, ♠A]
Player points: [12, 12], Bot points:[11, 21]
Player get one more card ♠7
Bot get one more card ♥K
Player point: 19, Bot point: 21
Player lose! Money: 858.0
========================
Round #472
Player cards: [♣Q, ♣A], Bot cards:[♥4, ♠J]
Player points: [11, 21], Bot points:[14, 14]
Bot get one more card ♥4
Player point: 21, Bot point: 18
------ BlackJack!! ------
Player win! Money: 884.0
========================
Round #473
Player cards: [♥8, ♣Q], Bot cards:[♣6, ♦A]
Player points: [18, 18], Bot points:[7, 17]
Bot get one more card ♣9
Bot get one more card ♣4
Player point: 18, Bot point: 20
Player lose! Money: 864.0
========================
Round #474
Player cards: [♠Q, ♣K], Bot cards:[♦4, ♣A]
Player points: [20, 20], Bot points:[5, 15]
Bot get one more card ♦6
Bot get one more card ♣T
Player point: 20, Bot point: 21
Player lose! Money: 844.0
========================
Round #475
Player cards: [♠3, ♦J], Bot cards:[♣3, ♦8]
Player points: [13, 13], Bot points:[11, 11]
Bot get one more card ♣K
Player point: 13, Bot point: 21
Player lose! Money: 824.0
========================
Round #476
New deck
Player cards: [♠4, ♦6], Bot cards:[♥9, ♥T]
Player points: [10, 10], Bot points:[19, 19]
----- Double Bet! -----
Player get one more card ♥Q
Player point: 20, Bot point: 19
Player win! Money: 864.0
========================
Round #477
Player cards: [♣4, ♦K], Bot cards:[♣4, ♠Q]
Player points: [14, 14], Bot points:[14, 14]
Bot get one more card ♥4
Player point: 14, Bot point: 18
Player lose! Money: 844.0
========================
Round #478
Player cards: [♠4, ♣9], Bot cards:[♠J, ♠K]
Player points: [13, 13], Bot points:[20, 20]
Player get one more card ♠2
Player get one more card ♦Q
Player point: 25, Bot point: 20
Player lose! Money: 824.0
========================
Round #479
Player cards: [♦3, ♥K], Bot cards:[♦5, ♦9]
Player points: [13, 13], Bot points:[14, 14]
Bot get one more card ♠A
Bot get one more card ♦6
Player point: 13, Bot point: 21
Player lose! Money: 804.0
========================
Round #480
Player cards: [♠2, ♥T], Bot cards:[♠3, ♠9]
Player points: [12, 12], Bot points:[12, 12]
Player get one more card ♦7
Bot get one more card ♣8
Player point: 19, Bot point: 20
Player lose! Money: 784.0
========================
Round #481
Player cards: [♣5, ♣T], Bot cards:[♠5, ♠5]
Player points: [15, 15], Bot points:[10, 10]
Bot get one more card ♠8
Player point: 15, Bot point: 18
Player lose! Money: 764.0
========================
Round #482
Player cards: [♥2, ♠Q], Bot cards:[♦3, ♥7]
Player points: [12, 12], Bot points:[10, 10]
Player get one more card ♣J
Bot get one more card ♥Q
Player point: 22, Bot point: 20
Player lose! Money: 744.0
========================
Round #483
Player cards: [♣7, ♠7], Bot cards:[♦T, ♥K]
Player points: [14, 14], Bot points:[20, 20]
Player get one more card ♣2
Player get one more card ♦8
Player point: 24, Bot point: 20
Player lose! Money: 724.0
========================
Round #484
Player cards: [♦K, ♣A], Bot cards:[♣6, ♣7]
Player points: [11, 21], Bot points:[13, 13]
Bot get one more card ♦2
Bot get one more card ♣8
Player point: 21, Bot point: 23
------ BlackJack!! ------
Player win! Money: 750.0
========================
Round #485
Player cards: [♦2, ♠8], Bot cards:[♣2, ♥6]
Player points: [10, 10], Bot points:[8, 8]
----- Double Bet! -----
Player get one more card ♠6
Bot get one more card ♣8
Bot get one more card ♠7
Player point: 16, Bot point: 23
Player win! Money: 790.0
========================
Round #486
Player cards: [♠T, ♠Q], Bot cards:[♣6, ♦J]
Player points: [20, 20], Bot points:[16, 16]
Bot get one more card ♣5
Player point: 20, Bot point: 21
Player lose! Money: 770.0
========================
Round #487
Player cards: [♥4, ♣K], Bot cards:[♠2, ♠A]
Player points: [14, 14], Bot points:[3, 13]
Bot get one more card ♠K
Bot get one more card ♦4
Player point: 14, Bot point: 17
Player lose! Money: 750.0
========================
Round #488
Player cards: [♦3, ♠T], Bot cards:[♥5, ♥T]
Player points: [13, 13], Bot points:[15, 15]
Bot get one more card ♠8
Player point: 13, Bot point: 23
Player win! Money: 770.0
========================
Round #489
Player cards: [♣5, ♥8], Bot cards:[♣3, ♠6]
Player points: [13, 13], Bot points:[9, 9]
Bot get one more card ♣K
Player point: 13, Bot point: 19
Player lose! Money: 750.0
========================
Round #490
Player cards: [♠2, ♦K], Bot cards:[♥6, ♣A]
Player points: [12, 12], Bot points:[7, 17]
Bot get one more card ♣8
Bot get one more card ♣J
Player point: 12, Bot point: 25
Player win! Money: 770.0
========================
Round #491
Player cards: [♥2, ♥Q], Bot cards:[♦T, ♣A]
Player points: [12, 12], Bot points:[11, 21]
Player get one more card ♣T
Bot get one more card ♥7
Player point: 22, Bot point: 18
Player lose! Money: 750.0
========================
Round #492
Player cards: [♠6, ♣T], Bot cards:[♦2, ♥A]
Player points: [16, 16], Bot points:[3, 13]
Bot get one more card ♥3
Bot get one more card ♥9
Bot get one more card ♦5
Player point: 16, Bot point: 20
Player lose! Money: 730.0
========================
Round #493
Player cards: [♣J, ♠K], Bot cards:[♥J, ♠Q]
Player points: [20, 20], Bot points:[20, 20]
Player point: 20, Bot point: 20
Draw! Money:730.0
========================
Round #494
Player cards: [♣5, ♥5], Bot cards:[♠4, ♠7]
Player points: [10, 10], Bot points:[11, 11]
----- Double Bet! -----
Player get one more card ♥5
Bot get one more card ♥A
Bot get one more card ♦8
Player point: 15, Bot point: 20
Player lose! Money: 690.0
========================
Round #495
Player cards: [♣9, ♠A], Bot cards:[♣2, ♠A]
Player points: [10, 20], Bot points:[3, 13]
Bot get one more card ♠8
Bot get one more card ♥8
Player point: 20, Bot point: 19
Player win! Money: 710.0
========================
Round #496
Player cards: [♦7, ♠9], Bot cards:[♠3, ♦T]
Player points: [16, 16], Bot points:[13, 13]
Bot get one more card ♥J
Player point: 16, Bot point: 23
Player win! Money: 730.0
========================
Round #497
Player cards: [♦7, ♥8], Bot cards:[♦4, ♦5]
Player points: [15, 15], Bot points:[9, 9]
Bot get one more card ♦8
Player point: 15, Bot point: 17
Player lose! Money: 710.0
========================
Round #498
Player cards: [♣9, ♥Q], Bot cards:[♠5, ♣6]
Player points: [19, 19], Bot points:[11, 11]
Bot get one more card ♠K
Player point: 19, Bot point: 21
Player lose! Money: 690.0
========================
Round #499
Player cards: [♥J, ♣Q], Bot cards:[♣4, ♥K]
Player points: [20, 20], Bot points:[14, 14]
Bot get one more card ♦9
Player point: 20, Bot point: 23
Player win! Money: 710.0
========================
Round #500
Player cards: [♦9, ♣J], Bot cards:[♦6, ♥7]
Player points: [19, 19], Bot points:[13, 13]
Bot get one more card ♥9
Player point: 19, Bot point: 22
Player win! Money: 730.0
========================
Round #501
Player cards: [♦4, ♠J], Bot cards:[♣4, ♣K]
Player points: [14, 14], Bot points:[14, 14]
Bot get one more card ♦A
Bot get one more card ♥4
Player point: 14, Bot point: 19
Player lose! Money: 710.0
========================
Round #502
Player cards: [♥3, ♠J], Bot cards:[♥2, ♠J]
Player points: [13, 13], Bot points:[12, 12]
Bot get one more card ♠9
Player point: 13, Bot point: 21
Player lose! Money: 690.0
========================
Round #503
Player cards: [♠4, ♥5], Bot cards:[♠9, ♠A]
Player points: [9, 9], Bot points:[10, 20]
Player get one more card ♦T
Bot get one more card ♣6
Bot get one more card ♥2
Player point: 19, Bot point: 18
Player win! Money: 710.0
========================
Round #504
Player cards: [♥9, ♦T], Bot cards:[♦6, ♣7]
Player points: [19, 19], Bot points:[13, 13]
Bot get one more card ♠7
Player point: 19, Bot point: 20
Player lose! Money: 690.0
========================
Round #505
Player cards: [♥Q, ♥K], Bot cards:[♦8, ♦J]
Player points: [20, 20], Bot points:[18, 18]
Player point: 20, Bot point: 18
Player win! Money: 710.0
========================
Round #506
Player cards: [♦9, ♣Q], Bot cards:[♣3, ♥7]
Player points: [19, 19], Bot points:[10, 10]
Bot get one more card ♣A
Bot get one more card ♦J
Player point: 19, Bot point: 21
Player lose! Money: 690.0
========================
Round #507
Player cards: [♥5, ♥6], Bot cards:[♦7, ♣9]
Player points: [11, 11], Bot points:[16, 16]
----- Double Bet! -----
Player get one more card ♦A
Bot get one more card ♦A
Player point: 12, Bot point: 17
Player lose! Money: 650.0
========================
Round #508
Player cards: [♦Q, ♣Q], Bot cards:[♠5, ♥A]
Player points: [20, 20], Bot points:[6, 16]
Bot get one more card ♦3
Bot get one more card ♠T
Player point: 20, Bot point: 19
Player win! Money: 670.0
========================
Round #509
Player cards: [♠T, ♦K], Bot cards:[♥3, ♦4]
Player points: [20, 20], Bot points:[7, 7]
Bot get one more card ♥6
Bot get one more card ♠3
Bot get one more card ♦Q
Player point: 20, Bot point: 26
Player win! Money: 690.0
========================
Round #510
Player cards: [♣3, ♥T], Bot cards:[♠3, ♣7]
Player points: [13, 13], Bot points:[10, 10]
Bot get one more card ♦Q
Player point: 13, Bot point: 20
Player lose! Money: 670.0
========================
Round #511
Player cards: [♦5, ♠6], Bot cards:[♥J, ♥A]
Player points: [11, 11], Bot points:[11, 21]
----- Double Bet! -----
Player get one more card ♦J
Bot get one more card ♣K
Player point: 21, Bot point: 21
Player lose! Money: 630.0
========================
Round #512
Player cards: [♣3, ♥7], Bot cards:[♥3, ♣Q]
Player points: [10, 10], Bot points:[13, 13]
----- Double Bet! -----
Player get one more card ♥8
Bot get one more card ♦A
Bot get one more card ♣2
Bot get one more card ♣5
Player point: 18, Bot point: 21
Player lose! Money: 590.0
========================
Round #513
New deck
Player cards: [♠7, ♦K], Bot cards:[♥4, ♣9]
Player points: [17, 17], Bot points:[13, 13]
Bot get one more card ♠2
Bot get one more card ♠9
Player point: 17, Bot point: 24
Player win! Money: 610.0
========================
Round #514
Player cards: [♠5, ♣J], Bot cards:[♠3, ♠3]
Player points: [15, 15], Bot points:[6, 6]
Bot get one more card ♦7
Bot get one more card ♦7
Player point: 15, Bot point: 20
Player lose! Money: 590.0
========================
Round #515
Player cards: [♥7, ♥K], Bot cards:[♥4, ♣5]
Player points: [17, 17], Bot points:[9, 9]
Bot get one more card ♥8
Player point: 17, Bot point: 17
Draw! Money:590.0
========================
Round #516
Player cards: [♦6, ♠Q], Bot cards:[♦3, ♠3]
Player points: [16, 16], Bot points:[6, 6]
Bot get one more card ♣J
Bot get one more card ♣K
Player point: 16, Bot point: 26
Player win! Money: 610.0
========================
Round #517
Player cards: [♥T, ♣Q], Bot cards:[♠6, ♦A]
Player points: [20, 20], Bot points:[7, 17]
Bot get one more card ♠7
Bot get one more card ♥J
Player point: 20, Bot point: 24
Player win! Money: 630.0
========================
Round #518
Player cards: [♦3, ♥J], Bot cards:[♥9, ♦T]
Player points: [13, 13], Bot points:[19, 19]
Player get one more card ♠5
Player point: 18, Bot point: 19
Player lose! Money: 610.0
========================
Round #519
Player cards: [♣6, ♣7], Bot cards:[♥Q, ♦Q]
Player points: [13, 13], Bot points:[20, 20]
Player get one more card ♣8
Player point: 21, Bot point: 20
Player win! Money: 630.0
========================
Round #520
Player cards: [♣3, ♣8], Bot cards:[♦2, ♥A]
Player points: [11, 11], Bot points:[3, 13]
----- Double Bet! -----
Player get one more card ♣8
Bot get one more card ♣A
Bot get one more card ♣2
Bot get one more card ♦8
Bot get one more card ♦7
Player point: 19, Bot point: 21
Player lose! Money: 590.0
========================
Round #521
Player cards: [♣A, ♣A], Bot cards:[♥2, ♥9]
Player points: [2, 12], Bot points:[11, 11]
-------- Split! Two hands: [10, 20], [7, 17]
For second hand:
Bot get one more card ♥4
Bot get one more card ♠8
Player point: 20, Bot point: 23
Player win! Money: 610.0
========================
Player point: 17, Bot point: 23
Player win! Money: 630.0
========================
Round #522
Player cards: [♥6, ♥A], Bot cards:[♠8, ♦Q]
Player points: [7, 17], Bot points:[18, 18]
Player point: 17, Bot point: 18
Player lose! Money: 610.0
========================
Round #523
Player cards: [♠4, ♦8], Bot cards:[♥4, ♠K]
Player points: [12, 12], Bot points:[14, 14]
Bot get one more card ♥6
Player point: 12, Bot point: 20
Player lose! Money: 590.0
========================
Round #524
Player cards: [♦5, ♦8], Bot cards:[♣9, ♠A]
Player points: [13, 13], Bot points:[10, 20]
Player get one more card ♣4
Bot get one more card ♠Q
Player point: 17, Bot point: 20
Player lose! Money: 570.0
========================
Round #525
Player cards: [♦2, ♠6], Bot cards:[♠2, ♠T]
Player points: [8, 8], Bot points:[12, 12]
Player get one more card ♣7
Bot get one more card ♦K
Player point: 15, Bot point: 22
Player win! Money: 590.0
========================
Round #526
Player cards: [♣6, ♥6], Bot cards:[♦4, ♥5]
Player points: [12, 12], Bot points:[9, 9]
-------- Split! Two hands: [16, 16], [16, 16]
For second hand:
Bot get one more card ♣3
Bot get one more card ♥5
Player point: 16, Bot point: 17
Player lose! Money: 570.0
========================
Player point: 16, Bot point: 17
Player lose! Money: 550.0
========================
Round #527
Player cards: [♥3, ♣9], Bot cards:[♣4, ♠K]
Player points: [12, 12], Bot points:[14, 14]
Bot get one more card ♦4
Player point: 12, Bot point: 18
Player lose! Money: 530.0
========================
Round #528
Player cards: [♠2, ♥T], Bot cards:[♠5, ♣J]
Player points: [12, 12], Bot points:[15, 15]
Bot get one more card ♣8
Player point: 12, Bot point: 23
Player win! Money: 550.0
========================
Round #529
Player cards: [♣9, ♦T], Bot cards:[♠7, ♦J]
Player points: [19, 19], Bot points:[17, 17]
Player point: 19, Bot point: 17
Player win! Money: 570.0
========================
Round #530
Player cards: [♣7, ♣K], Bot cards:[♠4, ♠9]
Player points: [17, 17], Bot points:[13, 13]
Bot get one more card ♦5
Player point: 17, Bot point: 18
Player lose! Money: 550.0
========================
Round #531
Player cards: [♥5, ♣6], Bot cards:[♠J, ♠K]
Player points: [11, 11], Bot points:[20, 20]
----- Double Bet! -----
Player get one more card ♣3
Player point: 14, Bot point: 20
Player lose! Money: 510.0
========================
Round #532
Player cards: [♦7, ♦J], Bot cards:[♣T, ♥Q]
Player points: [17, 17], Bot points:[20, 20]
Player point: 17, Bot point: 20
Player lose! Money: 490.0
========================
Round #533
Player cards: [♦8, ♠T], Bot cards:[♣4, ♦A]
Player points: [18, 18], Bot points:[5, 15]
Bot get one more card ♠3
Bot get one more card ♥2
Bot get one more card ♦J
Player point: 18, Bot point: 20
Player lose! Money: 470.0
========================
Round #534
Player cards: [♣7, ♥8], Bot cards:[♣5, ♥K]
Player points: [15, 15], Bot points:[15, 15]
Bot get one more card ♦5
Player point: 15, Bot point: 20
Player lose! Money: 450.0
========================
Round #535
Player cards: [♣T, ♦Q], Bot cards:[♥9, ♠T]
Player points: [20, 20], Bot points:[19, 19]
Player point: 20, Bot point: 19
Player win! Money: 470.0
========================
Round #536
Player cards: [♥2, ♠8], Bot cards:[♦2, ♠A]
Player points: [10, 10], Bot points:[3, 13]
----- Double Bet! -----
Player get one more card ♥A
Bot get one more card ♥7
Bot get one more card ♣2
Bot get one more card ♠9
Player point: 21, Bot point: 21
Player lose! Money: 430.0
========================
Round #537
Player cards: [♥6, ♠J], Bot cards:[♠6, ♦Q]
Player points: [16, 16], Bot points:[16, 16]
Bot get one more card ♠4
Player point: 16, Bot point: 20
Player lose! Money: 410.0
========================
Round #538
Player cards: [♦5, ♥8], Bot cards:[♣5, ♦T]
Player points: [13, 13], Bot points:[15, 15]
Bot get one more card ♥7
Player point: 13, Bot point: 22
Player win! Money: 430.0
========================
Round #539
Player cards: [♥2, ♣K], Bot cards:[♥4, ♠K]
Player points: [12, 12], Bot points:[14, 14]
Bot get one more card ♦T
Player point: 12, Bot point: 24
Player win! Money: 450.0
========================
Round #540
Player cards: [♦6, ♥J], Bot cards:[♠2, ♦3]
Player points: [16, 16], Bot points:[5, 5]
Bot get one more card ♦9
Bot get one more card ♥7
Player point: 16, Bot point: 21
Player lose! Money: 430.0
========================
Round #541
Player cards: [♣2, ♥8], Bot cards:[♥J, ♥Q]
Player points: [10, 10], Bot points:[20, 20]
Player get one more card ♣T
Player point: 20, Bot point: 20
Draw! Money:430.0
========================
Round #542
Player cards: [♦4, ♠7], Bot cards:[♦3, ♦A]
Player points: [11, 11], Bot points:[4, 14]
----- Double Bet! -----
Player get one more card ♥5
Bot get one more card ♦2
Bot get one more card ♥3
Bot get one more card ♣A
Bot get one more card ♣Q
Player point: 16, Bot point: 20
Player lose! Money: 390.0
========================
Round #543
Player cards: [♠J, ♠Q], Bot cards:[♠5, ♥T]
Player points: [20, 20], Bot points:[15, 15]
Bot get one more card ♠A
Bot get one more card ♠T
Player point: 20, Bot point: 26
Player win! Money: 410.0
========================
Round #544
Player cards: [♠8, ♣K], Bot cards:[♠6, ♠A]
Player points: [18, 18], Bot points:[7, 17]
Bot get one more card ♠J
Player point: 18, Bot point: 17
Player win! Money: 430.0
========================
Round #545
Player cards: [♣Q, ♥A], Bot cards:[♦4, ♣7]
Player points: [11, 21], Bot points:[11, 11]
Bot get one more card ♥3
Bot get one more card ♦6
Player point: 21, Bot point: 20
------ BlackJack!! ------
Player win! Money: 456.0
========================
Round #546
Player cards: [♠9, ♠Q], Bot cards:[♣J, ♥K]
Player points: [19, 19], Bot points:[20, 20]
Player point: 19, Bot point: 20
Player lose! Money: 436.0
========================
Round #547
Player cards: [♠4, ♣T], Bot cards:[♣6, ♥T]
Player points: [14, 14], Bot points:[16, 16]
Bot get one more card ♣5
Player point: 14, Bot point: 21
Player lose! Money: 416.0
========================
Round #548
Player cards: [♣4, ♦9], Bot cards:[♣4, ♦J]
Player points: [13, 13], Bot points:[14, 14]
Bot get one more card ♣2
Bot get one more card ♦2
Player point: 13, Bot point: 18
Player lose! Money: 396.0
========================
Round #549
New deck
Player cards: [♦5, ♥9], Bot cards:[♦9, ♠K]
Player points: [14, 14], Bot points:[19, 19]
Player get one more card ♥T
Player point: 24, Bot point: 19
Player lose! Money: 376.0
========================
Round #550
Player cards: [♦J, ♣J], Bot cards:[♣2, ♣A]
Player points: [20, 20], Bot points:[3, 13]
Bot get one more card ♥7
Bot get one more card ♦K
Player point: 20, Bot point: 20
Draw! Money:376.0
========================
Round #551
Player cards: [♥2, ♣K], Bot cards:[♦9, ♥9]
Player points: [12, 12], Bot points:[18, 18]
Player get one more card ♦A
Player get one more card ♣2
Player get one more card ♥K
Player point: 25, Bot point: 18
Player lose! Money: 356.0
========================
Round #552
Player cards: [♣3, ♦K], Bot cards:[♦5, ♣7]
Player points: [13, 13], Bot points:[12, 12]
Bot get one more card ♠3
Bot get one more card ♠2
Player point: 13, Bot point: 17
Player lose! Money: 336.0
========================
Round #553
Player cards: [♣8, ♦9], Bot cards:[♠3, ♥4]
Player points: [17, 17], Bot points:[7, 7]
Bot get one more card ♥K
Player point: 17, Bot point: 17
Draw! Money:336.0
========================
Round #554
Player cards: [♣7, ♣T], Bot cards:[♥7, ♠J]
Player points: [17, 17], Bot points:[17, 17]
Player point: 17, Bot point: 17
Draw! Money:336.0
========================
Round #555
Player cards: [♥5, ♣9], Bot cards:[♣5, ♦T]
Player points: [14, 14], Bot points:[15, 15]
Bot get one more card ♦T
Player point: 14, Bot point: 25
Player win! Money: 356.0
========================
Round #556
Player cards: [♦3, ♥8], Bot cards:[♠2, ♥6]
Player points: [11, 11], Bot points:[8, 8]
----- Double Bet! -----
Player get one more card ♣T
Bot get one more card ♥Q
Player point: 21, Bot point: 18
Player win! Money: 396.0
========================
Round #557
Player cards: [♥2, ♥6], Bot cards:[♦4, ♣J]
Player points: [8, 8], Bot points:[14, 14]
Player get one more card ♣9
Bot get one more card ♦6
Player point: 17, Bot point: 20
Player lose! Money: 376.0
========================
Round #558
Player cards: [♣2, ♠A], Bot cards:[♥3, ♠7]
Player points: [3, 13], Bot points:[10, 10]
Bot get one more card ♣T
Player point: 13, Bot point: 20
Player lose! Money: 356.0
========================
Round #559
Player cards: [♣7, ♠8], Bot cards:[♦3, ♦6]
Player points: [15, 15], Bot points:[9, 9]
Bot get one more card ♦J
Player point: 15, Bot point: 19
Player lose! Money: 336.0
========================
Round #560
Player cards: [♠4, ♣K], Bot cards:[♥8, ♠8]
Player points: [14, 14], Bot points:[16, 16]
Player get one more card ♦7
Bot get one more card ♦6
Player point: 21, Bot point: 22
Player win! Money: 356.0
========================
Round #561
Player cards: [♦3, ♠6], Bot cards:[♣3, ♠5]
Player points: [9, 9], Bot points:[8, 8]
----- Double Bet! -----
Player get one more card ♠Q
Bot get one more card ♦A
Bot get one more card ♣8
Player point: 19, Bot point: 17
Player win! Money: 396.0
========================
Round #562
Player cards: [♥4, ♠6], Bot cards:[♣7, ♠K]
Player points: [10, 10], Bot points:[17, 17]
----- Double Bet! -----
Player get one more card ♥5
Player point: 15, Bot point: 17
Player lose! Money: 356.0
========================
Round #563
Player cards: [♦J, ♥J], Bot cards:[♥3, ♠9]
Player points: [20, 20], Bot points:[12, 12]
Bot get one more card ♥K
Player point: 20, Bot point: 22
Player win! Money: 376.0
========================
Round #564
Player cards: [♠5, ♥6], Bot cards:[♠9, ♠Q]
Player points: [11, 11], Bot points:[19, 19]
----- Double Bet! -----
Player get one more card ♣8
Player point: 19, Bot point: 19
Draw! Money:376.0
========================
Round #565
Player cards: [♠7, ♥A], Bot cards:[♣6, ♣T]
Player points: [8, 18], Bot points:[16, 16]
Bot get one more card ♠J
Player point: 18, Bot point: 26
Player win! Money: 396.0
========================
Round #566
Player cards: [♦2, ♥8], Bot cards:[♥5, ♦9]
Player points: [10, 10], Bot points:[14, 14]
----- Double Bet! -----
Player get one more card ♠6
Bot get one more card ♠8
Player point: 16, Bot point: 22
Player win! Money: 436.0
========================
Round #567
Player cards: [♠6, ♥J], Bot cards:[♠2, ♦7]
Player points: [16, 16], Bot points:[9, 9]
Bot get one more card ♣A
Bot get one more card ♦J
Player point: 16, Bot point: 20
Player lose! Money: 416.0
========================
Round #568
Player cards: [♠4, ♦8], Bot cards:[♦T, ♦K]
Player points: [12, 12], Bot points:[20, 20]
Player get one more card ♥T
Player point: 22, Bot point: 20
Player lose! Money: 396.0
========================
Round #569
Player cards: [♥6, ♣A], Bot cards:[♣4, ♥Q]
Player points: [7, 17], Bot points:[14, 14]
Bot get one more card ♦8
Player point: 17, Bot point: 22
Player win! Money: 416.0
========================
Round #570
Player cards: [♦Q, ♥A], Bot cards:[♣3, ♦A]
Player points: [11, 21], Bot points:[4, 14]
Bot get one more card ♠5
Bot get one more card ♦A
Bot get one more card ♣4
Bot get one more card ♠5
Player point: 21, Bot point: 19
------ BlackJack!! ------
Player win! Money: 442.0
========================
Round #571
Player cards: [♣2, ♦7], Bot cards:[♦7, ♠A]
Player points: [9, 9], Bot points:[8, 18]
Player get one more card ♣A
Bot get one more card ♠9
Player point: 20, Bot point: 17
Player win! Money: 462.0
========================
Round #572
Player cards: [♦Q, ♠A], Bot cards:[♦9, ♣K]
Player points: [11, 21], Bot points:[19, 19]
Player point: 21, Bot point: 19
------ BlackJack!! ------
Player win! Money: 488.0
========================
Round #573
Player cards: [♥T, ♥J], Bot cards:[♥2, ♥3]
Player points: [20, 20], Bot points:[5, 5]
Bot get one more card ♦4
Bot get one more card ♥T
Player point: 20, Bot point: 19
Player win! Money: 508.0
========================
Round #574
Player cards: [♥3, ♠K], Bot cards:[♠J, ♠K]
Player points: [13, 13], Bot points:[20, 20]
Player get one more card ♠A
Player get one more card ♣4
Player point: 18, Bot point: 20
Player lose! Money: 488.0
========================
Round #575
Player cards: [♣Q, ♦K], Bot cards:[♦8, ♦K]
Player points: [20, 20], Bot points:[18, 18]
Player point: 20, Bot point: 18
Player win! Money: 508.0
========================
Round #576
Player cards: [♣6, ♥A], Bot cards:[♣9, ♠T]
Player points: [7, 17], Bot points:[19, 19]
Player point: 17, Bot point: 19
Player lose! Money: 488.0
========================
Round #577
Player cards: [♣6, ♠T], Bot cards:[♥Q, ♥K]
Player points: [16, 16], Bot points:[20, 20]
Player get one more card ♠7
Player point: 23, Bot point: 20
Player lose! Money: 468.0
========================
Round #578
Player cards: [♦5, ♥7], Bot cards:[♥4, ♣J]
Player points: [12, 12], Bot points:[14, 14]
Bot get one more card ♠T
Player point: 12, Bot point: 24
Player win! Money: 488.0
========================
Round #579
Player cards: [♣Q, ♣Q], Bot cards:[♦2, ♠Q]
Player points: [20, 20], Bot points:[12, 12]
Bot get one more card ♥Q
Player point: 20, Bot point: 22
Player win! Money: 508.0
========================
Round #580
Player cards: [♥2, ♥9], Bot cards:[♥8, ♦Q]
Player points: [11, 11], Bot points:[18, 18]
----- Double Bet! -----
Player get one more card ♦2
Player point: 13, Bot point: 18
Player lose! Money: 468.0
========================
Round #581
Player cards: [♥3, ♣5], Bot cards:[♠2, ♣8]
Player points: [8, 8], Bot points:[10, 10]
Player get one more card ♣6
Bot get one more card ♣Q
Player point: 14, Bot point: 20
Player lose! Money: 448.0
========================
Round #582
Player cards: [♦4, ♦T], Bot cards:[♥7, ♠T]
Player points: [14, 14], Bot points:[17, 17]
Player get one more card ♦A
Player get one more card ♥9
Player point: 24, Bot point: 17
Player lose! Money: 428.0
========================
Round #583
Player cards: [♦8, ♦Q], Bot cards:[♥4, ♣K]
Player points: [18, 18], Bot points:[14, 14]
Bot get one more card ♦4
Player point: 18, Bot point: 18
Draw! Money:428.0
========================
Round #584
Player cards: [♠3, ♣5], Bot cards:[♠4, ♠J]
Player points: [8, 8], Bot points:[14, 14]
Player get one more card ♥5
Bot get one more card ♠3
Player point: 13, Bot point: 17
Player lose! Money: 408.0
========================
Round #585
Player cards: [♣4, ♣T], Bot cards:[♦K, ♥A]
Player points: [14, 14], Bot points:[11, 21]
Player get one more card ♠8
Bot get one more card ♠7
Player point: 22, Bot point: 18
Player lose! Money: 388.0
========================
Round #586
Player cards: [♠9, ♥J], Bot cards:[♦3, ♦9]
Player points: [19, 19], Bot points:[12, 12]
Bot get one more card ♠Q
Player point: 19, Bot point: 22
Player win! Money: 408.0
========================
Round #587
Player cards: [♣3, ♣J], Bot cards:[♦5, ♦6]
Player points: [13, 13], Bot points:[11, 11]
Bot get one more card ♥K
Player point: 13, Bot point: 21
Player lose! Money: 388.0
========================
Round #588
New deck
Player cards: [♣3, ♥Q], Bot cards:[♦2, ♣5]
Player points: [13, 13], Bot points:[7, 7]
Bot get one more card ♠4
Bot get one more card ♦A
Bot get one more card ♣7
Player point: 13, Bot point: 19
Player lose! Money: 368.0
========================
Round #589
Player cards: [♦5, ♥T], Bot cards:[♣3, ♠7]
Player points: [15, 15], Bot points:[10, 10]
Bot get one more card ♦K
Player point: 15, Bot point: 20
Player lose! Money: 348.0
========================
Round #590
Player cards: [♠T, ♠J], Bot cards:[♥7, ♥Q]
Player points: [20, 20], Bot points:[17, 17]
Player point: 20, Bot point: 17
Player win! Money: 368.0
========================
Round #591
Player cards: [♣5, ♣9], Bot cards:[♠9, ♥9]
Player points: [14, 14], Bot points:[18, 18]
Player get one more card ♠8
Player point: 22, Bot point: 18
Player lose! Money: 348.0
========================
Round #592
Player cards: [♣T, ♦Q], Bot cards:[♠2, ♦6]
Player points: [20, 20], Bot points:[8, 8]
Bot get one more card ♠3
Bot get one more card ♣5
Bot get one more card ♠Q
Player point: 20, Bot point: 26
Player win! Money: 368.0
========================
Round #593
Player cards: [♦2, ♦J], Bot cards:[♦4, ♦9]
Player points: [12, 12], Bot points:[13, 13]
Bot get one more card ♦Q
Player point: 12, Bot point: 23
Player win! Money: 388.0
========================
Round #594
Player cards: [♣2, ♦4], Bot cards:[♥9, ♥J]
Player points: [6, 6], Bot points:[19, 19]
Player get one more card ♠T
Player get one more card ♥A
Player point: 17, Bot point: 19
Player lose! Money: 368.0
========================
Round #595
Player cards: [♥Q, ♠K], Bot cards:[♣4, ♦9]
Player points: [20, 20], Bot points:[13, 13]
Bot get one more card ♣9
Player point: 20, Bot point: 22
Player win! Money: 388.0
========================
Round #596
Player cards: [♥3, ♠T], Bot cards:[♣6, ♥A]
Player points: [13, 13], Bot points:[7, 17]
Bot get one more card ♦6
Bot get one more card ♠K
Player point: 13, Bot point: 23
Player win! Money: 408.0
========================
Round #597
Player cards: [♣2, ♥K], Bot cards:[♥5, ♣A]
Player points: [12, 12], Bot points:[6, 16]
Bot get one more card ♦2
Bot get one more card ♥5
Bot get one more card ♦T
Player point: 12, Bot point: 23
Player win! Money: 428.0
========================
Round #598
Player cards: [♦5, ♠8], Bot cards:[♠4, ♣T]
Player points: [13, 13], Bot points:[14, 14]
Bot get one more card ♥J
Player point: 13, Bot point: 24
Player win! Money: 448.0
========================
Round #599
Player cards: [♦2, ♥8], Bot cards:[♠5, ♠J]
Player points: [10, 10], Bot points:[15, 15]
----- Double Bet! -----
Player get one more card ♠7
Bot get one more card ♦Q
Player point: 17, Bot point: 25
Player win! Money: 488.0
========================
Round #600
Player cards: [♦8, ♠Q], Bot cards:[♥9, ♣A]
Player points: [18, 18], Bot points:[10, 20]
Bot get one more card ♣K
Player point: 18, Bot point: 20
Player lose! Money: 468.0
========================
Round #601
Player cards: [♣7, ♣Q], Bot cards:[♦3, ♦J]
Player points: [17, 17], Bot points:[13, 13]
Bot get one more card ♦5
Player point: 17, Bot point: 18
Player lose! Money: 448.0
========================
Round #602
Player cards: [♠2, ♥5], Bot cards:[♠2, ♦8]
Player points: [7, 7], Bot points:[10, 10]
Player get one more card ♦9
Bot get one more card ♠4
Bot get one more card ♦6
Player point: 16, Bot point: 20
Player lose! Money: 428.0
========================
Round #603
Player cards: [♦4, ♣6], Bot cards:[♦3, ♠5]
Player points: [10, 10], Bot points:[8, 8]
----- Double Bet! -----
Player get one more card ♦7
Bot get one more card ♥6
Bot get one more card ♠8
Player point: 17, Bot point: 22
Player win! Money: 468.0
========================
Round #604
Player cards: [♠6, ♣J], Bot cards:[♦3, ♣7]
Player points: [16, 16], Bot points:[10, 10]
Bot get one more card ♦9
Player point: 16, Bot point: 19
Player lose! Money: 448.0
========================
Round #605
Player cards: [♠Q, ♣Q], Bot cards:[♦K, ♦K]
Player points: [20, 20], Bot points:[20, 20]
Player point: 20, Bot point: 20
Draw! Money:448.0
========================
Round #606
Player cards: [♠6, ♦T], Bot cards:[♥Q, ♠A]
Player points: [16, 16], Bot points:[11, 21]
Player get one more card ♦2
Bot get one more card ♣4
Bot get one more card ♠6
Player point: 18, Bot point: 21
Player lose! Money: 428.0
========================
Round #607
Player cards: [♥6, ♥K], Bot cards:[♥3, ♥3]
Player points: [16, 16], Bot points:[6, 6]
Bot get one more card ♠8
Bot get one more card ♣6
Player point: 16, Bot point: 20
Player lose! Money: 408.0
========================
Round #608
Player cards: [♥5, ♣T], Bot cards:[♥2, ♥8]
Player points: [15, 15], Bot points:[10, 10]
Bot get one more card ♣Q
Player point: 15, Bot point: 20
Player lose! Money: 388.0
========================
Round #609
Player cards: [♠3, ♥6], Bot cards:[♠7, ♣K]
Player points: [9, 9], Bot points:[17, 17]
Player get one more card ♦7
Player get one more card ♥9
Player point: 25, Bot point: 17
Player lose! Money: 368.0
========================
Round #610
Player cards: [♠5, ♠9], Bot cards:[♥2, ♥7]
Player points: [14, 14], Bot points:[9, 9]
Bot get one more card ♦T
Player point: 14, Bot point: 19
Player lose! Money: 348.0
========================
Round #611
Player cards: [♥8, ♥T], Bot cards:[♥J, ♥A]
Player points: [18, 18], Bot points:[11, 21]
Bot get one more card ♥T
Player point: 18, Bot point: 21
Player lose! Money: 328.0
========================
Round #612
Player cards: [♥K, ♥A], Bot cards:[♣J, ♠J]
Player points: [11, 21], Bot points:[20, 20]
Player point: 21, Bot point: 20
------ BlackJack!! ------
Player win! Money: 354.0
========================
Round #613
Player cards: [♥6, ♦8], Bot cards:[♣2, ♣3]
Player points: [14, 14], Bot points:[5, 5]
Bot get one more card ♣9
Bot get one more card ♠9
Player point: 14, Bot point: 23
Player win! Money: 374.0
========================
Round #614
Player cards: [♥4, ♣K], Bot cards:[♠Q, ♣Q]
Player points: [14, 14], Bot points:[20, 20]
Player get one more card ♠4
Player point: 18, Bot point: 20
Player lose! Money: 354.0
========================
Round #615
Player cards: [♣2, ♣8], Bot cards:[♠9, ♣K]
Player points: [10, 10], Bot points:[19, 19]
----- Double Bet! -----
Player get one more card ♠A
Player point: 21, Bot point: 19
Player win! Money: 394.0
========================
Round #616
Player cards: [♠2, ♦6], Bot cards:[♣4, ♣5]
Player points: [8, 8], Bot points:[9, 9]
Player get one more card ♦K
Bot get one more card ♣8
Player point: 18, Bot point: 17
Player win! Money: 414.0
========================
Round #617
Player cards: [♥3, ♥8], Bot cards:[♥4, ♣8]
Player points: [11, 11], Bot points:[12, 12]
----- Double Bet! -----
Player get one more card ♣3
Bot get one more card ♣5
Player point: 14, Bot point: 17
Player lose! Money: 374.0
========================
Round #618
Player cards: [♥4, ♠K], Bot cards:[♦3, ♥J]
Player points: [14, 14], Bot points:[13, 13]
Bot get one more card ♦A
Bot get one more card ♣9
Player point: 14, Bot point: 23
Player win! Money: 394.0
========================
Round #619
Player cards: [♠5, ♣6], Bot cards:[♠4, ♦T]
Player points: [11, 11], Bot points:[14, 14]
----- Double Bet! -----
Player get one more card ♣9
Bot get one more card ♣3
Player point: 20, Bot point: 17
Player win! Money: 434.0
========================
Round #620
Player cards: [♦8, ♦J], Bot cards:[♦Q, ♠K]
Player points: [18, 18], Bot points:[20, 20]
Player point: 18, Bot point: 20
Player lose! Money: 414.0
========================
Round #621
Player cards: [♠3, ♦7], Bot cards:[♦J, ♣J]
Player points: [10, 10], Bot points:[20, 20]
Player get one more card ♣T
Player point: 20, Bot point: 20
Draw! Money:414.0
========================
Round #622
Player cards: [♥7, ♣J], Bot cards:[♣8, ♣A]
Player points: [17, 17], Bot points:[9, 19]
Bot get one more card ♣4
Bot get one more card ♠6
Player point: 17, Bot point: 19
Player lose! Money: 394.0
========================
Round #623
Player cards: [♥2, ♠A], Bot cards:[♦4, ♠7]
Player points: [3, 13], Bot points:[11, 11]
Bot get one more card ♦5
Bot get one more card ♠T
Player point: 13, Bot point: 26
Player win! Money: 414.0
========================
Round #624
Player cards: [♥T, ♠A], Bot cards:[♥2, ♦7]
Player points: [11, 21], Bot points:[9, 9]
Bot get one more card ♥7
Bot get one more card ♠3
Player point: 21, Bot point: 19
------ BlackJack!! ------
Player win! Money: 440.0
========================
Round #625
New deck
Player cards: [♠5, ♣8], Bot cards:[♣3, ♠4]
Player points: [13, 13], Bot points:[7, 7]
Bot get one more card ♠3
Bot get one more card ♦K
Player point: 13, Bot point: 20
Player lose! Money: 420.0
========================
Round #626
Player cards: [♦6, ♦A], Bot cards:[♣5, ♣7]
Player points: [7, 17], Bot points:[12, 12]
Bot get one more card ♥8
Player point: 17, Bot point: 20
Player lose! Money: 400.0
========================
Round #627
Player cards: [♥5, ♦5], Bot cards:[♥7, ♠8]
Player points: [10, 10], Bot points:[15, 15]
----- Double Bet! -----
Player get one more card ♥4
Bot get one more card ♥T
Player point: 14, Bot point: 25
Player win! Money: 440.0
========================
Round #628
Player cards: [♣6, ♠J], Bot cards:[♣3, ♣6]
Player points: [16, 16], Bot points:[9, 9]
Bot get one more card ♥A
Bot get one more card ♠5
Bot get one more card ♠9
Player point: 16, Bot point: 24
Player win! Money: 460.0
========================
Round #629
Player cards: [♠5, ♠K], Bot cards:[♥3, ♠K]
Player points: [15, 15], Bot points:[13, 13]
Bot get one more card ♥A
Bot get one more card ♥9
Player point: 15, Bot point: 23
Player win! Money: 480.0
========================
Round #630
Player cards: [♠6, ♥Q], Bot cards:[♠4, ♥5]
Player points: [16, 16], Bot points:[9, 9]
Bot get one more card ♣5
Bot get one more card ♥7
Player point: 16, Bot point: 21
Player lose! Money: 460.0
========================
Round #631
Player cards: [♠7, ♥K], Bot cards:[♥4, ♥J]
Player points: [17, 17], Bot points:[14, 14]
Bot get one more card ♠4
Player point: 17, Bot point: 18
Player lose! Money: 440.0
========================
Round #632
Player cards: [♥9, ♠J], Bot cards:[♥7, ♦Q]
Player points: [19, 19], Bot points:[17, 17]
Player point: 19, Bot point: 17
Player win! Money: 460.0
========================
Round #633
Player cards: [♦4, ♠4], Bot cards:[♦6, ♣K]
Player points: [8, 8], Bot points:[16, 16]
Player get one more card ♦8
Bot get one more card ♠T
Player point: 16, Bot point: 26
Player win! Money: 480.0
========================
Round #634
Player cards: [♠J, ♠J], Bot cards:[♣T, ♣A]
Player points: [20, 20], Bot points:[11, 21]
Bot get one more card ♣Q
Player point: 20, Bot point: 21
Player lose! Money: 460.0
========================
Round #635
Player cards: [♠5, ♦9], Bot cards:[♦2, ♥K]
Player points: [14, 14], Bot points:[12, 12]
Bot get one more card ♣A
Bot get one more card ♠T
Player point: 14, Bot point: 23
Player win! Money: 480.0
========================
Round #636
Player cards: [♣9, ♣J], Bot cards:[♠3, ♠T]
Player points: [19, 19], Bot points:[13, 13]
Bot get one more card ♦7
Player point: 19, Bot point: 20
Player lose! Money: 460.0
========================
Round #637
Player cards: [♦5, ♦Q], Bot cards:[♥T, ♣J]
Player points: [15, 15], Bot points:[20, 20]
Player get one more card ♦9
Player point: 24, Bot point: 20
Player lose! Money: 440.0
========================
Round #638
Player cards: [♣3, ♦4], Bot cards:[♦5, ♥A]
Player points: [7, 7], Bot points:[6, 16]
Player get one more card ♥4
Player get one more card ♠9
Bot get one more card ♦A
Bot get one more card ♠3
Bot get one more card ♦9
Player point: 20, Bot point: 19
Player win! Money: 460.0
========================
Round #639
Player cards: [♦3, ♥Q], Bot cards:[♠2, ♦7]
Player points: [13, 13], Bot points:[9, 9]
Bot get one more card ♥2
Bot get one more card ♦Q
Player point: 13, Bot point: 21
Player lose! Money: 440.0
========================
Round #640
Player cards: [♣4, ♥8], Bot cards:[♣4, ♣T]
Player points: [12, 12], Bot points:[14, 14]
Bot get one more card ♦8
Player point: 12, Bot point: 22
Player win! Money: 460.0
========================
Round #641
Player cards: [♦3, ♦5], Bot cards:[♣7, ♦T]
Player points: [8, 8], Bot points:[17, 17]
Player get one more card ♦6
Player get one more card ♥9
Player point: 23, Bot point: 17
Player lose! Money: 440.0
========================
Round #642
Player cards: [♣2, ♣9], Bot cards:[♦4, ♣A]
Player points: [11, 11], Bot points:[5, 15]
----- Double Bet! -----
Player get one more card ♥K
Bot get one more card ♦2
Bot get one more card ♠8
Bot get one more card ♣J
Player point: 21, Bot point: 25
Player win! Money: 480.0
========================
Round #643
Player cards: [♥8, ♠A], Bot cards:[♠6, ♥K]
Player points: [9, 19], Bot points:[16, 16]
Bot get one more card ♦7
Player point: 19, Bot point: 23
Player win! Money: 500.0
========================
Round #644
Player cards: [♠7, ♣7], Bot cards:[♠9, ♣K]
Player points: [14, 14], Bot points:[19, 19]
Player get one more card ♥2
Player get one more card ♦A
Player point: 17, Bot point: 19
Player lose! Money: 480.0
========================
Round #645
Player cards: [♣6, ♠6], Bot cards:[♦8, ♠A]
Player points: [12, 12], Bot points:[9, 19]
Player get one more card ♥6
Bot get one more card ♥4
Bot get one more card ♣Q
Player point: 18, Bot point: 23
Player win! Money: 500.0
========================
Round #646
Player cards: [♠7, ♦K], Bot cards:[♦3, ♥4]
Player points: [17, 17], Bot points:[7, 7]
Bot get one more card ♥J
Player point: 17, Bot point: 17
Draw! Money:500.0
========================
Round #647
Player cards: [♥3, ♦K], Bot cards:[♦3, ♥Q]
Player points: [13, 13], Bot points:[13, 13]
Bot get one more card ♠Q
Player point: 13, Bot point: 23
Player win! Money: 520.0
========================
Round #648
Player cards: [♠2, ♠A], Bot cards:[♠T, ♥J]
Player points: [3, 13], Bot points:[20, 20]
Player get one more card ♣T
Player get one more card ♠K
Player point: 23, Bot point: 20
Player lose! Money: 500.0
========================
Round #649
Player cards: [♦8, ♥T], Bot cards:[♥3, ♥3]
Player points: [18, 18], Bot points:[6, 6]
Bot get one more card ♦A
Bot get one more card ♦9
Bot get one more card ♣5
Player point: 18, Bot point: 21
Player lose! Money: 480.0
========================
Round #650
Player cards: [♠J, ♣K], Bot cards:[♣6, ♣7]
Player points: [20, 20], Bot points:[13, 13]
Bot get one more card ♥J
Player point: 20, Bot point: 23
Player win! Money: 500.0
========================
Round #651
Player cards: [♥5, ♦7], Bot cards:[♥8, ♦J]
Player points: [12, 12], Bot points:[18, 18]
Player get one more card ♣2
Player get one more card ♥K
Player point: 24, Bot point: 18
Player lose! Money: 480.0
========================
Round #652
Player cards: [♣J, ♣A], Bot cards:[♥2, ♥2]
Player points: [11, 21], Bot points:[4, 4]
Bot get one more card ♠Q
Bot get one more card ♦2
Bot get one more card ♥9
Player point: 21, Bot point: 25
------ BlackJack!! ------
Player win! Money: 506.0
========================
Round #653
Player cards: [♥5, ♥7], Bot cards:[♣5, ♦A]
Player points: [12, 12], Bot points:[6, 16]
Bot get one more card ♣2
Bot get one more card ♠A
Bot get one more card ♠8
Player point: 12, Bot point: 17
Player lose! Money: 486.0
========================
Round #654
Player cards: [♣7, ♠8], Bot cards:[♣2, ♣9]
Player points: [15, 15], Bot points:[11, 11]
Bot get one more card ♥T
Player point: 15, Bot point: 21
Player lose! Money: 466.0
========================
Round #655
Player cards: [♠2, ♠9], Bot cards:[♦6, ♦Q]
Player points: [11, 11], Bot points:[16, 16]
----- Double Bet! -----
Player get one more card ♣4
Bot get one more card ♥Q
Player point: 15, Bot point: 26
Player win! Money: 506.0
========================
Round #656
Player cards: [♣8, ♣Q], Bot cards:[♣4, ♠Q]
Player points: [18, 18], Bot points:[14, 14]
Bot get one more card ♠K
Player point: 18, Bot point: 24
Player win! Money: 526.0
========================
Round #657
Player cards: [♠3, ♦4], Bot cards:[♥6, ♣T]
Player points: [7, 7], Bot points:[16, 16]
Player get one more card ♦T
Bot get one more card ♥6
Player point: 17, Bot point: 22
Player win! Money: 546.0
========================
Round #658
Player cards: [♠7, ♦A], Bot cards:[♦2, ♠6]
Player points: [8, 18], Bot points:[8, 8]
Bot get one more card ♣Q
Player point: 18, Bot point: 18
Draw! Money:546.0
========================
Round #659
Player cards: [♠2, ♦J], Bot cards:[♣8, ♦T]
Player points: [12, 12], Bot points:[18, 18]
Player get one more card ♣8
Player point: 20, Bot point: 18
Player win! Money: 566.0
========================
Round #660
Player cards: [♣3, ♦J], Bot cards:[♦T, ♣K]
Player points: [13, 13], Bot points:[20, 20]
Player get one more card ♦J
Player point: 23, Bot point: 20
Player lose! Money: 546.0
========================
Round #661
New deck
Player cards: [♥8, ♦T], Bot cards:[♦T, ♦Q]
Player points: [18, 18], Bot points:[20, 20]
Player point: 18, Bot point: 20
Player lose! Money: 526.0
========================
Round #662
Player cards: [♠2, ♠9], Bot cards:[♥8, ♥K]
Player points: [11, 11], Bot points:[18, 18]
----- Double Bet! -----
Player get one more card ♦K
Player point: 21, Bot point: 18
Player win! Money: 566.0
========================
Round #663
Player cards: [♣7, ♣8], Bot cards:[♦7, ♥K]
Player points: [15, 15], Bot points:[17, 17]
Player get one more card ♥K
Player point: 25, Bot point: 17
Player lose! Money: 546.0
========================
Round #664
Player cards: [♥4, ♠7], Bot cards:[♠8, ♠9]
Player points: [11, 11], Bot points:[17, 17]
----- Double Bet! -----
Player get one more card ♥2
Player point: 13, Bot point: 17
Player lose! Money: 506.0
========================
Round #665
Player cards: [♥9, ♥A], Bot cards:[♥3, ♦K]
Player points: [10, 20], Bot points:[13, 13]
Bot get one more card ♣J
Player point: 20, Bot point: 23
Player win! Money: 526.0
========================
Round #666
Player cards: [♠7, ♠K], Bot cards:[♣4, ♦8]
Player points: [17, 17], Bot points:[12, 12]
Bot get one more card ♦K
Player point: 17, Bot point: 22
Player win! Money: 546.0
========================
Round #667
Player cards: [♦6, ♠K], Bot cards:[♦8, ♦J]
Player points: [16, 16], Bot points:[18, 18]
Player get one more card ♥7
Player point: 23, Bot point: 18
Player lose! Money: 526.0
========================
Round #668
Player cards: [♥6, ♥T], Bot cards:[♦2, ♦6]
Player points: [16, 16], Bot points:[8, 8]
Bot get one more card ♦A
Bot get one more card ♠J
Player point: 16, Bot point: 19
Player lose! Money: 506.0
========================
Round #669
Player cards: [♦2, ♠2], Bot cards:[♥7, ♦A]
Player points: [4, 4], Bot points:[8, 18]
-------- Split! Two hands: [3, 13], [12, 12]
Player get one more card ♥T
Player get one more card ♣2
Player get one more card ♦J
For second hand:
Player get one more card ♣6
Bot get one more card ♦5
Bot get one more card ♥6
Player point: 25, Bot point: 19
Player lose! Money: 486.0
========================
Player point: 18, Bot point: 19
Player lose! Money: 466.0
========================
Round #670
Player cards: [♠2, ♣A], Bot cards:[♦2, ♣6]
Player points: [3, 13], Bot points:[8, 8]
Bot get one more card ♥4
Bot get one more card ♦9
Player point: 13, Bot point: 21
Player lose! Money: 446.0
========================
Round #671
Player cards: [♥A, ♥A], Bot cards:[♣6, ♣J]
Player points: [2, 12], Bot points:[16, 16]
-------- Split! Two hands: [11, 21], [2, 12]
For second hand:
Bot get one more card ♦3
Player point: 21, Bot point: 19
------ BlackJack!! ------
Player win! Money: 472.0
========================
Player point: 12, Bot point: 19
Player lose! Money: 452.0
========================
Round #672
Player cards: [♠4, ♦5], Bot cards:[♥4, ♦9]
Player points: [9, 9], Bot points:[13, 13]
----- Double Bet! -----
Player get one more card ♦7
Bot get one more card ♣T
Player point: 16, Bot point: 23
Player win! Money: 492.0
========================
Round #673
Player cards: [♦7, ♥A], Bot cards:[♠6, ♦A]
Player points: [8, 18], Bot points:[7, 17]
Bot get one more card ♠T
Player point: 18, Bot point: 17
Player win! Money: 512.0
========================
Round #674
Player cards: [♥Q, ♠A], Bot cards:[♥7, ♣J]
Player points: [11, 21], Bot points:[17, 17]
Player point: 21, Bot point: 17
------ BlackJack!! ------
Player win! Money: 538.0
========================
Round #675
Player cards: [♥9, ♠T], Bot cards:[♥6, ♠8]
Player points: [19, 19], Bot points:[14, 14]
Bot get one more card ♠Q
Player point: 19, Bot point: 24
Player win! Money: 558.0
========================
Round #676
Player cards: [♦5, ♠9], Bot cards:[♦3, ♠3]
Player points: [14, 14], Bot points:[6, 6]
Bot get one more card ♠T
Bot get one more card ♣K
Player point: 14, Bot point: 26
Player win! Money: 578.0
========================
Round #677
Player cards: [♥2, ♦4], Bot cards:[♠5, ♥J]
Player points: [6, 6], Bot points:[15, 15]
Player get one more card ♠Q
Bot get one more card ♣Q
Player point: 16, Bot point: 25
Player win! Money: 598.0
========================
Round #678
Player cards: [♥5, ♠A], Bot cards:[♦T, ♣J]
Player points: [6, 16], Bot points:[20, 20]
Player get one more card ♠Q
Player get one more card ♣9
Player point: 25, Bot point: 20
Player lose! Money: 578.0
========================
Round #679
Player cards: [♦6, ♠J], Bot cards:[♥7, ♠Q]
Player points: [16, 16], Bot points:[17, 17]
Player get one more card ♣2
Player point: 18, Bot point: 17
Player win! Money: 598.0
========================
Round #680
Player cards: [♣8, ♦K], Bot cards:[♦3, ♣7]
Player points: [18, 18], Bot points:[10, 10]
Bot get one more card ♥8
Player point: 18, Bot point: 18
Draw! Money:598.0
========================
Round #681
Player cards: [♠2, ♠4], Bot cards:[♣7, ♦J]
Player points: [6, 6], Bot points:[17, 17]
Player get one more card ♥6
Player get one more card ♠K
Player point: 22, Bot point: 17
Player lose! Money: 578.0
========================
Round #682
Player cards: [♥6, ♣9], Bot cards:[♠3, ♣8]
Player points: [15, 15], Bot points:[11, 11]
Bot get one more card ♠8
Player point: 15, Bot point: 19
Player lose! Money: 558.0
========================
Round #683
Player cards: [♦3, ♠5], Bot cards:[♦5, ♠6]
Player points: [8, 8], Bot points:[11, 11]
Player get one more card ♣Q
Bot get one more card ♦4
Bot get one more card ♣6
Player point: 18, Bot point: 21
Player lose! Money: 538.0
========================
Round #684
Player cards: [♣3, ♣8], Bot cards:[♣4, ♣T]
Player points: [11, 11], Bot points:[14, 14]
----- Double Bet! -----
Player get one more card ♠A
Bot get one more card ♦Q
Player point: 12, Bot point: 24
Player win! Money: 578.0
========================
Round #685
Player cards: [♣9, ♥J], Bot cards:[♠4, ♠5]
Player points: [19, 19], Bot points:[9, 9]
Bot get one more card ♥Q
Player point: 19, Bot point: 19
Draw! Money:578.0
========================
Round #686
Player cards: [♥5, ♦8], Bot cards:[♦T, ♣A]
Player points: [13, 13], Bot points:[11, 21]
Player get one more card ♠K
Bot get one more card ♥4
Bot get one more card ♣2
Player point: 23, Bot point: 17
Player lose! Money: 558.0
========================
Round #687
Player cards: [♠5, ♦Q], Bot cards:[♦4, ♥5]
Player points: [15, 15], Bot points:[9, 9]
Bot get one more card ♣3
Bot get one more card ♥3
Bot get one more card ♦K
Player point: 15, Bot point: 25
Player win! Money: 578.0
========================
Round #688
Player cards: [♣3, ♠8], Bot cards:[♠4, ♥9]
Player points: [11, 11], Bot points:[13, 13]
----- Double Bet! -----
Player get one more card ♦A
Bot get one more card ♠J
Player point: 12, Bot point: 23
Player win! Money: 618.0
========================
Round #689
Player cards: [♦7, ♣T], Bot cards:[♦8, ♣K]
Player points: [17, 17], Bot points:[18, 18]
Player point: 17, Bot point: 18
Player lose! Money: 598.0
========================
Round #690
Player cards: [♣2, ♥3], Bot cards:[♥2, ♦6]
Player points: [5, 5], Bot points:[8, 8]
Player get one more card ♣A
Bot get one more card ♣5
Bot get one more card ♠3
Bot get one more card ♣Q
Player point: 16, Bot point: 26
Player win! Money: 618.0
========================
Round #691
Player cards: [♥3, ♦Q], Bot cards:[♦2, ♣5]
Player points: [13, 13], Bot points:[7, 7]
Bot get one more card ♣A
Bot get one more card ♣9
Player point: 13, Bot point: 17
Player lose! Money: 598.0
========================
Round #692
Player cards: [♠6, ♣K], Bot cards:[♥2, ♦J]
Player points: [16, 16], Bot points:[12, 12]
Bot get one more card ♣9
Player point: 16, Bot point: 21
Player lose! Money: 578.0
========================
Round #693
Player cards: [♥8, ♠A], Bot cards:[♥J, ♥Q]
Player points: [9, 19], Bot points:[20, 20]
Player point: 19, Bot point: 20
Player lose! Money: 558.0
========================
Round #694
Player cards: [♠3, ♣Q], Bot cards:[♥5, ♣5]
Player points: [13, 13], Bot points:[10, 10]
Bot get one more card ♥T
Player point: 13, Bot point: 20
Player lose! Money: 538.0
========================
Round #695
Player cards: [♣4, ♥J], Bot cards:[♠7, ♥Q]
Player points: [14, 14], Bot points:[17, 17]
Player get one more card ♦9
Player point: 23, Bot point: 17
Player lose! Money: 518.0
========================
Round #696
Player cards: [♣4, ♦4], Bot cards:[♣3, ♣5]
Player points: [8, 8], Bot points:[8, 8]
Player get one more card ♣7
Bot get one more card ♣T
Player point: 15, Bot point: 18
Player lose! Money: 498.0
========================
Round #697
New deck
Player cards: [♣2, ♠K], Bot cards:[♥J, ♥Q]
Player points: [12, 12], Bot points:[20, 20]
Player get one more card ♦5
Player point: 17, Bot point: 20
Player lose! Money: 478.0
========================
Round #698
Player cards: [♠5, ♥K], Bot cards:[♣2, ♥9]
Player points: [15, 15], Bot points:[11, 11]
Bot get one more card ♣T
Player point: 15, Bot point: 21
Player lose! Money: 458.0
========================
Round #699
Player cards: [♦5, ♦6], Bot cards:[♣6, ♦K]
Player points: [11, 11], Bot points:[16, 16]
----- Double Bet! -----
Player get one more card ♦J
Bot get one more card ♦2
Player point: 21, Bot point: 18
Player win! Money: 498.0
========================
Round #700
Player cards: [♠6, ♠8], Bot cards:[♣5, ♥7]
Player points: [14, 14], Bot points:[12, 12]
Bot get one more card ♣7
Player point: 14, Bot point: 19
Player lose! Money: 478.0
========================
Round #701
Player cards: [♦2, ♥5], Bot cards:[♣9, ♦A]
Player points: [7, 7], Bot points:[10, 20]
Player get one more card ♣J
Bot get one more card ♣4
Bot get one more card ♥3
Player point: 17, Bot point: 17
Draw! Money:478.0
========================
Round #702
Player cards: [♦2, ♣9], Bot cards:[♥2, ♥2]
Player points: [11, 11], Bot points:[4, 4]
----- Double Bet! -----
Player get one more card ♠J
Bot get one more card ♦9
Bot get one more card ♣T
Player point: 21, Bot point: 23
Player win! Money: 518.0
========================
Round #703
Player cards: [♥4, ♠T], Bot cards:[♠7, ♠A]
Player points: [14, 14], Bot points:[8, 18]
Player get one more card ♦J
Bot get one more card ♦Q
Player point: 24, Bot point: 18
Player lose! Money: 498.0
========================
Round #704
Player cards: [♣3, ♦7], Bot cards:[♦3, ♣4]
Player points: [10, 10], Bot points:[7, 7]
----- Double Bet! -----
Player get one more card ♣J
Bot get one more card ♥5
Bot get one more card ♥3
Bot get one more card ♠T
Player point: 20, Bot point: 25
Player win! Money: 538.0
========================
Round #705
Player cards: [♠6, ♥T], Bot cards:[♠2, ♦A]
Player points: [16, 16], Bot points:[3, 13]
Bot get one more card ♠A
Bot get one more card ♦2
Bot get one more card ♣Q
Bot get one more card ♠4
Player point: 16, Bot point: 20
Player lose! Money: 518.0
========================
Round #706
Player cards: [♥9, ♦T], Bot cards:[♥3, ♥7]
Player points: [19, 19], Bot points:[10, 10]
Bot get one more card ♠7
Player point: 19, Bot point: 17
Player win! Money: 538.0
========================
Round #707
Player cards: [♦4, ♥9], Bot cards:[♥6, ♠9]
Player points: [13, 13], Bot points:[15, 15]
Bot get one more card ♥J
Player point: 13, Bot point: 25
Player win! Money: 558.0
========================
Round #708
Player cards: [♥5, ♦Q], Bot cards:[♣9, ♥A]
Player points: [15, 15], Bot points:[10, 20]
Player get one more card ♦9
Bot get one more card ♦K
Player point: 24, Bot point: 20
Player lose! Money: 538.0
========================
Round #709
Player cards: [♥7, ♦8], Bot cards:[♥4, ♣6]
Player points: [15, 15], Bot points:[10, 10]
Bot get one more card ♠A
Bot get one more card ♠7
Player point: 15, Bot point: 18
Player lose! Money: 518.0
========================
Round #710
Player cards: [♠6, ♣Q], Bot cards:[♣2, ♣3]
Player points: [16, 16], Bot points:[5, 5]
Bot get one more card ♥6
Bot get one more card ♣8
Player point: 16, Bot point: 19
Player lose! Money: 498.0
========================
Round #711
Player cards: [♦5, ♣7], Bot cards:[♠6, ♥T]
Player points: [12, 12], Bot points:[16, 16]
Bot get one more card ♥T
Player point: 12, Bot point: 26
Player win! Money: 518.0
========================
Round #712
Player cards: [♣7, ♥A], Bot cards:[♠4, ♦6]
Player points: [8, 18], Bot points:[10, 10]
Bot get one more card ♥A
Bot get one more card ♥6
Player point: 18, Bot point: 17
Player win! Money: 538.0
========================
Round #713
Player cards: [♥9, ♦J], Bot cards:[♣3, ♥T]
Player points: [19, 19], Bot points:[13, 13]
Bot get one more card ♦8
Player point: 19, Bot point: 21
Player lose! Money: 518.0
========================
Round #714
Player cards: [♥2, ♥5], Bot cards:[♦9, ♥A]
Player points: [7, 7], Bot points:[10, 20]
Player get one more card ♦8
Player get one more card ♠A
Player get one more card ♣8
Bot get one more card ♥4
Bot get one more card ♠5
Player point: 24, Bot point: 19
Player lose! Money: 498.0
========================
Round #715
Player cards: [♣3, ♦T], Bot cards:[♣8, ♠9]
Player points: [13, 13], Bot points:[17, 17]
Player get one more card ♣A
Player get one more card ♥K
Player point: 24, Bot point: 17
Player lose! Money: 478.0
========================
Round #716
Player cards: [♥8, ♥J], Bot cards:[♦5, ♠6]
Player points: [18, 18], Bot points:[11, 11]
Bot get one more card ♥T
Player point: 18, Bot point: 21
Player lose! Money: 458.0
========================
Round #717
Player cards: [♣T, ♠J], Bot cards:[♣5, ♦Q]
Player points: [20, 20], Bot points:[15, 15]
Bot get one more card ♠5
Player point: 20, Bot point: 20
Draw! Money:458.0
========================
Round #718
Player cards: [♣5, ♣K], Bot cards:[♦6, ♥Q]
Player points: [15, 15], Bot points:[16, 16]
Bot get one more card ♠Q
Player point: 15, Bot point: 26
Player win! Money: 478.0
========================
Round #719
Player cards: [♠3, ♣K], Bot cards:[♣7, ♦Q]
Player points: [13, 13], Bot points:[17, 17]
Player get one more card ♠8
Player point: 21, Bot point: 17
Player win! Money: 498.0
========================
Round #720
Player cards: [♠8, ♦9], Bot cards:[♦4, ♣6]
Player points: [17, 17], Bot points:[10, 10]
Bot get one more card ♠2
Bot get one more card ♠2
Bot get one more card ♠3
Player point: 17, Bot point: 17
Draw! Money:498.0
========================
Round #721
Player cards: [♠4, ♣A], Bot cards:[♠4, ♠5]
Player points: [5, 15], Bot points:[9, 9]
Bot get one more card ♠J
Player point: 15, Bot point: 19
Player lose! Money: 478.0
========================
Round #722
Player cards: [♠3, ♣T], Bot cards:[♣J, ♠K]
Player points: [13, 13], Bot points:[20, 20]
Player get one more card ♦4
Player point: 17, Bot point: 20
Player lose! Money: 458.0
========================
Round #723
Player cards: [♣2, ♥K], Bot cards:[♥3, ♦4]
Player points: [12, 12], Bot points:[7, 7]
Player get one more card ♦J
Bot get one more card ♥K
Player point: 22, Bot point: 17
Player lose! Money: 438.0
========================
Round #724
Player cards: [♦3, ♦A], Bot cards:[♦T, ♥Q]
Player points: [4, 14], Bot points:[20, 20]
Player get one more card ♣A
Player get one more card ♦6
Player point: 21, Bot point: 20
Player win! Money: 458.0
========================
Round #725
Player cards: [♥9, ♣Q], Bot cards:[♠8, ♣J]
Player points: [19, 19], Bot points:[18, 18]
Player point: 19, Bot point: 18
Player win! Money: 478.0
========================
Round #726
Player cards: [♥4, ♦K], Bot cards:[♠2, ♥J]
Player points: [14, 14], Bot points:[12, 12]
Bot get one more card ♠T
Player point: 14, Bot point: 22
Player win! Money: 498.0
========================
Round #727
Player cards: [♣8, ♣Q], Bot cards:[♥6, ♠K]
Player points: [18, 18], Bot points:[16, 16]
Bot get one more card ♠Q
Player point: 18, Bot point: 26
Player win! Money: 518.0
========================
Round #728
Player cards: [♦T, ♣K], Bot cards:[♥8, ♥Q]
Player points: [20, 20], Bot points:[18, 18]
Player point: 20, Bot point: 18
Player win! Money: 538.0
========================
Round #729
Player cards: [♥7, ♦7], Bot cards:[♣5, ♠Q]
Player points: [14, 14], Bot points:[15, 15]
-------- Split! Two hands: [17, 17], [9, 9]
For second hand:
----- Double Bet! -----
Player get one more card ♣4
Bot get one more card ♣K
Player point: 17, Bot point: 25
Player win! Money: 558.0
========================
Player point: 13, Bot point: 25
Player win! Money: 598.0
========================
Round #730
Player cards: [♦3, ♦7], Bot cards:[♠9, ♦K]
Player points: [10, 10], Bot points:[19, 19]
----- Double Bet! -----
Player get one more card ♣K
Player point: 20, Bot point: 19
Player win! Money: 638.0
========================
Round #731
Player cards: [♠3, ♥8], Bot cards:[♦8, ♠9]
Player points: [11, 11], Bot points:[17, 17]
----- Double Bet! -----
Player get one more card ♣4
Player point: 15, Bot point: 17
Player lose! Money: 598.0
========================
Round #732
Player cards: [♠T, ♦A], Bot cards:[♠7, ♠Q]
Player points: [11, 21], Bot points:[17, 17]
Player point: 21, Bot point: 17
------ BlackJack!! ------
Player win! Money: 624.0
========================
Round #733
Player cards: [♦9, ♠T], Bot cards:[♠7, ♠J]
Player points: [19, 19], Bot points:[17, 17]
Player point: 19, Bot point: 17
Player win! Money: 644.0
========================
Round #734
New deck
Player cards: [♥7, ♦7], Bot cards:[♠9, ♣K]
Player points: [14, 14], Bot points:[19, 19]
Player get one more card ♦T
Player point: 24, Bot point: 19
Player lose! Money: 624.0
========================
Round #735
Player cards: [♠4, ♦K], Bot cards:[♣7, ♠J]
Player points: [14, 14], Bot points:[17, 17]
Player get one more card ♣4
Player point: 18, Bot point: 17
Player win! Money: 644.0
========================
Round #736
Player cards: [♦6, ♦Q], Bot cards:[♦8, ♣8]
Player points: [16, 16], Bot points:[16, 16]
Player get one more card ♦4
Bot get one more card ♥2
Player point: 20, Bot point: 18
Player win! Money: 664.0
========================
Round #737
Player cards: [♦2, ♣6], Bot cards:[♠9, ♠Q]
Player points: [8, 8], Bot points:[19, 19]
Player get one more card ♠5
Player get one more card ♣Q
Player point: 23, Bot point: 19
Player lose! Money: 644.0
========================
Round #738
Player cards: [♦6, ♦T], Bot cards:[♠2, ♥A]
Player points: [16, 16], Bot points:[3, 13]
Bot get one more card ♣J
Bot get one more card ♥9
Player point: 16, Bot point: 22
Player win! Money: 664.0
========================
Round #739
Player cards: [♦3, ♥7], Bot cards:[♦8, ♦9]
Player points: [10, 10], Bot points:[17, 17]
----- Double Bet! -----
Player get one more card ♠J
Player point: 20, Bot point: 17
Player win! Money: 704.0
========================
Round #740
Player cards: [♣2, ♦A], Bot cards:[♥5, ♦T]
Player points: [3, 13], Bot points:[15, 15]
Bot get one more card ♠6
Player point: 13, Bot point: 21
Player lose! Money: 684.0
========================
Round #741
Player cards: [♣9, ♣Q], Bot cards:[♠6, ♥T]
Player points: [19, 19], Bot points:[16, 16]
Bot get one more card ♠8
Player point: 19, Bot point: 24
Player win! Money: 704.0
========================
Round #742
Player cards: [♠9, ♠T], Bot cards:[♦4, ♠5]
Player points: [19, 19], Bot points:[9, 9]
Bot get one more card ♣Q
Player point: 19, Bot point: 19
Draw! Money:704.0
========================
Round #743
Player cards: [♥9, ♣T], Bot cards:[♥3, ♦A]
Player points: [19, 19], Bot points:[4, 14]
Bot get one more card ♠2
Bot get one more card ♥7
Bot get one more card ♣7
Player point: 19, Bot point: 20
Player lose! Money: 684.0
========================
Round #744
Player cards: [♣8, ♠K], Bot cards:[♥2, ♣A]
Player points: [18, 18], Bot points:[3, 13]
Bot get one more card ♣Q
Bot get one more card ♦Q
Player point: 18, Bot point: 23
Player win! Money: 704.0
========================
Round #745
Player cards: [♠9, ♣J], Bot cards:[♣9, ♠Q]
Player points: [19, 19], Bot points:[19, 19]
Player point: 19, Bot point: 19
Draw! Money:704.0
========================
Round #746
Player cards: [♠7, ♥J], Bot cards:[♣6, ♥T]
Player points: [17, 17], Bot points:[16, 16]
Bot get one more card ♣J
Player point: 17, Bot point: 26
Player win! Money: 724.0
========================
Round #747
Player cards: [♥8, ♥8], Bot cards:[♣4, ♠5]
Player points: [16, 16], Bot points:[9, 9]
-------- Split! Two hands: [13, 13], [17, 17]
For second hand:
Bot get one more card ♥4
Bot get one more card ♣9
Player point: 13, Bot point: 22
Player win! Money: 744.0
========================
Player point: 17, Bot point: 22
Player win! Money: 764.0
========================
Round #748
Player cards: [♠T, ♣A], Bot cards:[♦7, ♦J]
Player points: [11, 21], Bot points:[17, 17]
Player point: 21, Bot point: 17
------ BlackJack!! ------
Player win! Money: 790.0
========================
Round #749
Player cards: [♣3, ♦J], Bot cards:[♠T, ♥K]
Player points: [13, 13], Bot points:[20, 20]
Player get one more card ♥6
Player point: 19, Bot point: 20
Player lose! Money: 770.0
========================
Round #750
Player cards: [♥3, ♠3], Bot cards:[♠3, ♥Q]
Player points: [6, 6], Bot points:[13, 13]
Player get one more card ♥6
Player get one more card ♠A
Bot get one more card ♠Q
Player point: 13, Bot point: 23
Player win! Money: 790.0
========================
Round #751
Player cards: [♦7, ♣9], Bot cards:[♠5, ♣6]
Player points: [16, 16], Bot points:[11, 11]
Bot get one more card ♠4
Bot get one more card ♣2
Player point: 16, Bot point: 17
Player lose! Money: 770.0
========================
Round #752
Player cards: [♥4, ♣K], Bot cards:[♦6, ♣8]
Player points: [14, 14], Bot points:[14, 14]
Bot get one more card ♠7
Player point: 14, Bot point: 21
Player lose! Money: 750.0
========================
Round #753
Player cards: [♦J, ♣A], Bot cards:[♣2, ♥9]
Player points: [11, 21], Bot points:[11, 11]
Bot get one more card ♥A
Bot get one more card ♥K
Player point: 21, Bot point: 22
------ BlackJack!! ------
Player win! Money: 776.0
========================
Round #754
Player cards: [♣6, ♦9], Bot cards:[♠K, ♥A]
Player points: [15, 15], Bot points:[11, 21]
Player get one more card ♦5
Bot get one more card ♦3
Bot get one more card ♣6
Player point: 20, Bot point: 20
Draw! Money:776.0
========================
Round #755
Player cards: [♦7, ♣8], Bot cards:[♠9, ♥T]
Player points: [15, 15], Bot points:[19, 19]
Player get one more card ♦Q
Player point: 25, Bot point: 19
Player lose! Money: 756.0
========================
Round #756
Player cards: [♠2, ♣5], Bot cards:[♥T, ♥A]
Player points: [7, 7], Bot points:[11, 21]
Player get one more card ♣3
Player get one more card ♦T
Bot get one more card ♥5
Bot get one more card ♣9
Player point: 20, Bot point: 25
Player win! Money: 776.0
========================
Round #757
Player cards: [♠3, ♦J], Bot cards:[♦2, ♠Q]
Player points: [13, 13], Bot points:[12, 12]
Bot get one more card ♠K
Player point: 13, Bot point: 22
Player win! Money: 796.0
========================
Round #758
Player cards: [♥6, ♠T], Bot cards:[♦5, ♠6]
Player points: [16, 16], Bot points:[11, 11]
Bot get one more card ♣5
Bot get one more card ♠J
Player point: 16, Bot point: 26
Player win! Money: 816.0
========================
Round #759
Player cards: [♥7, ♥J], Bot cards:[♠4, ♥4]
Player points: [17, 17], Bot points:[8, 8]
Bot get one more card ♦A
Bot get one more card ♦3
Bot get one more card ♦5
Player point: 17, Bot point: 17
Draw! Money:816.0
========================
Round #760
Player cards: [♠K, ♦K], Bot cards:[♦4, ♠8]
Player points: [20, 20], Bot points:[12, 12]
Bot get one more card ♣K
Player point: 20, Bot point: 22
Player win! Money: 836.0
========================
Round #761
Player cards: [♥2, ♥5], Bot cards:[♦3, ♦Q]
Player points: [7, 7], Bot points:[13, 13]
Player get one more card ♠A
Bot get one more card ♣4
Player point: 18, Bot point: 17
Player win! Money: 856.0
========================
Round #762
Player cards: [♦2, ♣J], Bot cards:[♠8, ♠A]
Player points: [12, 12], Bot points:[9, 19]
Player get one more card ♠A
Player get one more card ♥Q
Bot get one more card ♦8
Player point: 23, Bot point: 17
Player lose! Money: 836.0
========================
Round #763
Player cards: [♥3, ♥J], Bot cards:[♥2, ♦K]
Player points: [13, 13], Bot points:[12, 12]
Bot get one more card ♥6
Player point: 13, Bot point: 18
Player lose! Money: 816.0
========================
Round #764
Player cards: [♠3, ♣5], Bot cards:[♣3, ♠6]
Player points: [8, 8], Bot points:[9, 9]
Player get one more card ♣4
Player get one more card ♦A
Bot get one more card ♦9
Player point: 13, Bot point: 18
Player lose! Money: 796.0
========================
Round #765
Player cards: [♣3, ♠8], Bot cards:[♦8, ♣K]
Player points: [11, 11], Bot points:[18, 18]
----- Double Bet! -----
Player get one more card ♥8
Player point: 19, Bot point: 18
Player win! Money: 836.0
========================
Round #766
Player cards: [♣T, ♣T], Bot cards:[♦3, ♠K]
Player points: [20, 20], Bot points:[13, 13]
Bot get one more card ♦9
Player point: 20, Bot point: 22
Player win! Money: 856.0
========================
Round #767
Player cards: [♣7, ♥Q], Bot cards:[♣2, ♥8]
Player points: [17, 17], Bot points:[10, 10]
Bot get one more card ♥J
Player point: 17, Bot point: 20
Player lose! Money: 836.0
========================
Round #768
Player cards: [♥3, ♦7], Bot cards:[♠2, ♦K]
Player points: [10, 10], Bot points:[12, 12]
----- Double Bet! -----
Player get one more card ♠J
Bot get one more card ♥K
Player point: 20, Bot point: 22
Player win! Money: 876.0
========================
Round #769
Player cards: [♦2, ♦4], Bot cards:[♦6, ♠7]
Player points: [6, 6], Bot points:[13, 13]
Player get one more card ♥8
Bot get one more card ♣A
Bot get one more card ♠4
Player point: 14, Bot point: 18
Player lose! Money: 856.0
========================
Round #770
New deck
Player cards: [♦3, ♥7], Bot cards:[♣7, ♠K]
Player points: [10, 10], Bot points:[17, 17]
----- Double Bet! -----
Player get one more card ♠8
Player point: 18, Bot point: 17
Player win! Money: 896.0
========================
Round #771
Player cards: [♥5, ♥9], Bot cards:[♣2, ♣3]
Player points: [14, 14], Bot points:[5, 5]
Bot get one more card ♠7
Bot get one more card ♥T
Player point: 14, Bot point: 22
Player win! Money: 916.0
========================
Round #772
Player cards: [♣Q, ♠K], Bot cards:[♣2, ♠6]
Player points: [20, 20], Bot points:[8, 8]
Bot get one more card ♣6
Bot get one more card ♣4
Player point: 20, Bot point: 18
Player win! Money: 936.0
========================
Round #773
Player cards: [♠3, ♣J], Bot cards:[♠9, ♠A]
Player points: [13, 13], Bot points:[10, 20]
Player get one more card ♦K
Bot get one more card ♣5
Bot get one more card ♦9
Player point: 23, Bot point: 24
Player lose! Money: 916.0
========================
Round #774
Player cards: [♥4, ♥Q], Bot cards:[♣4, ♥5]
Player points: [14, 14], Bot points:[9, 9]
Bot get one more card ♣5
Bot get one more card ♥J
Player point: 14, Bot point: 24
Player win! Money: 936.0
========================
Round #775
Player cards: [♦3, ♥A], Bot cards:[♥Q, ♣A]
Player points: [4, 14], Bot points:[11, 21]
Player get one more card ♦7
Bot get one more card ♣6
Player point: 21, Bot point: 17
Player win! Money: 956.0
========================
Round #776
Player cards: [♠4, ♠J], Bot cards:[♥2, ♣4]
Player points: [14, 14], Bot points:[6, 6]
Bot get one more card ♥4
Bot get one more card ♣9
Player point: 14, Bot point: 19
Player lose! Money: 936.0
========================
Round #777
Player cards: [♦Q, ♥K], Bot cards:[♥3, ♠4]
Player points: [20, 20], Bot points:[7, 7]
Bot get one more card ♠K
Player point: 20, Bot point: 17
Player win! Money: 956.0
========================
Round #778
Player cards: [♣6, ♥8], Bot cards:[♦J, ♠Q]
Player points: [14, 14], Bot points:[20, 20]
Player get one more card ♥A
Player get one more card ♦6
Player point: 21, Bot point: 20
Player win! Money: 976.0
========================
Round #779
Player cards: [♠6, ♣K], Bot cards:[♦T, ♣J]
Player points: [16, 16], Bot points:[20, 20]
Player get one more card ♦Q
Player point: 26, Bot point: 20
Player lose! Money: 956.0
========================
Round #780
Player cards: [♥Q, ♥K], Bot cards:[♥6, ♣7]
Player points: [20, 20], Bot points:[13, 13]
Bot get one more card ♦J
Player point: 20, Bot point: 23
Player win! Money: 976.0
========================
Round #781
Player cards: [♦8, ♥A], Bot cards:[♣7, ♠8]
Player points: [9, 19], Bot points:[15, 15]
Bot get one more card ♦7
Player point: 19, Bot point: 22
Player win! Money: 996.0
========================
Round #782
Player cards: [♠7, ♥K], Bot cards:[♦3, ♠8]
Player points: [17, 17], Bot points:[11, 11]
Bot get one more card ♠4
Bot get one more card ♣7
Player point: 17, Bot point: 22
Player win! Money: 1016.0
========================
Round #783
Player cards: [♠2, ♥K], Bot cards:[♥4, ♥T]
Player points: [12, 12], Bot points:[14, 14]
Bot get one more card ♥5
Player point: 12, Bot point: 19
Player lose! Money: 996.0
========================
Round #784
Player cards: [♥T, ♠A], Bot cards:[♥2, ♠T]
Player points: [11, 21], Bot points:[12, 12]
Bot get one more card ♦2
Bot get one more card ♠4
Player point: 21, Bot point: 18
------ BlackJack!! ------
Player win! Money: 1022.0
========================
Round #785
Player cards: [♣T, ♣A], Bot cards:[♥7, ♣T]
Player points: [11, 21], Bot points:[17, 17]
Player point: 21, Bot point: 17
------ BlackJack!! ------
Player win! Money: 1048.0
========================
Round #786
Player cards: [♣3, ♠T], Bot cards:[♥6, ♥J]
Player points: [13, 13], Bot points:[16, 16]
Bot get one more card ♦6
Player point: 13, Bot point: 22
Player win! Money: 1068.0
========================
Round #787
Player cards: [♣3, ♥Q], Bot cards:[♠5, ♣8]
Player points: [13, 13], Bot points:[13, 13]
Bot get one more card ♣A
Bot get one more card ♠5
Player point: 13, Bot point: 19
Player lose! Money: 1048.0
========================
Round #788
Player cards: [♥7, ♣Q], Bot cards:[♥5, ♣Q]
Player points: [17, 17], Bot points:[15, 15]
Bot get one more card ♦7
Player point: 17, Bot point: 22
Player win! Money: 1068.0
========================
Round #789
Player cards: [♣2, ♦K], Bot cards:[♥9, ♥A]
Player points: [12, 12], Bot points:[10, 20]
Player get one more card ♦4
Player get one more card ♥3
Bot get one more card ♣J
Player point: 19, Bot point: 20
Player lose! Money: 1048.0
========================
Round #790
Player cards: [♥2, ♣T], Bot cards:[♦6, ♣8]
Player points: [12, 12], Bot points:[14, 14]
Bot get one more card ♦6
Player point: 12, Bot point: 20
Player lose! Money: 1028.0
========================
Round #791
Player cards: [♣6, ♦9], Bot cards:[♠5, ♥9]
Player points: [15, 15], Bot points:[14, 14]
Bot get one more card ♥K
Player point: 15, Bot point: 24
Player win! Money: 1048.0
========================
Round #792
Player cards: [♥6, ♦8], Bot cards:[♣5, ♣9]
Player points: [14, 14], Bot points:[14, 14]
Bot get one more card ♣K
Player point: 14, Bot point: 24
Player win! Money: 1068.0
========================
Round #793
Player cards: [♦2, ♠3], Bot cards:[♥J, ♦K]
Player points: [5, 5], Bot points:[20, 20]
Player get one more card ♠Q
Player get one more card ♥4
Player point: 19, Bot point: 20
Player lose! Money: 1048.0
========================
Round #794
Player cards: [♣5, ♠7], Bot cards:[♠5, ♦9]
Player points: [12, 12], Bot points:[14, 14]
Bot get one more card ♠J
Player point: 12, Bot point: 24
Player win! Money: 1068.0
========================
Round #795
Player cards: [♠2, ♣9], Bot cards:[♠2, ♦T]
Player points: [11, 11], Bot points:[12, 12]
----- Double Bet! -----
Player get one more card ♠J
Bot get one more card ♥2
Bot get one more card ♦A
Bot get one more card ♠9
Player point: 21, Bot point: 24
Player win! Money: 1108.0
========================
Round #796
Player cards: [♣Q, ♠K], Bot cards:[♦J, ♠A]
Player points: [20, 20], Bot points:[11, 21]
Bot get one more card ♥Q
Player point: 20, Bot point: 21
Player lose! Money: 1088.0
========================
Round #797
Player cards: [♣2, ♣K], Bot cards:[♦4, ♦8]
Player points: [12, 12], Bot points:[12, 12]
Bot get one more card ♣T
Player point: 12, Bot point: 22
Player win! Money: 1108.0
========================
Round #798
Player cards: [♠9, ♦K], Bot cards:[♣5, ♠7]
Player points: [19, 19], Bot points:[12, 12]
Bot get one more card ♦2
Bot get one more card ♦J
Player point: 19, Bot point: 24
Player win! Money: 1128.0
========================
Round #799
Player cards: [♣9, ♣K], Bot cards:[♦Q, ♣A]
Player points: [19, 19], Bot points:[11, 21]
Bot get one more card ♥8
Player point: 19, Bot point: 19
Draw! Money:1128.0
========================
Round #800
Player cards: [♥T, ♥J], Bot cards:[♦5, ♣T]
Player points: [20, 20], Bot points:[15, 15]
Bot get one more card ♦5
Player point: 20, Bot point: 20
Draw! Money:1128.0
========================
Round #801
Player cards: [♥8, ♥9], Bot cards:[♠3, ♠Q]
Player points: [17, 17], Bot points:[13, 13]
Bot get one more card ♠T
Player point: 17, Bot point: 23
Player win! Money: 1148.0
========================
Round #802
Player cards: [♠2, ♦A], Bot cards:[♦7, ♣A]
Player points: [3, 13], Bot points:[8, 18]
Player get one more card ♠9
Player get one more card ♥8
Bot get one more card ♠T
Player point: 20, Bot point: 18
Player win! Money: 1168.0
========================
Round #803
Player cards: [♥7, ♣8], Bot cards:[♥5, ♠J]
Player points: [15, 15], Bot points:[15, 15]
Bot get one more card ♠Q
Player point: 15, Bot point: 25
Player win! Money: 1188.0
========================
Round #804
Player cards: [♠3, ♦9], Bot cards:[♥3, ♠8]
Player points: [12, 12], Bot points:[11, 11]
Player get one more card ♦5
Bot get one more card ♠A
Bot get one more card ♦T
Player point: 17, Bot point: 22
Player win! Money: 1208.0
========================
Round #805
Player cards: [♦5, ♠6], Bot cards:[♠7, ♦A]
Player points: [11, 11], Bot points:[8, 18]
----- Double Bet! -----
Player get one more card ♥4
Bot get one more card ♥6
Bot get one more card ♣7
Player point: 15, Bot point: 21
Player lose! Money: 1168.0
========================
Round #806
Player cards: [♦3, ♦T], Bot cards:[♦Q, ♦A]
Player points: [13, 13], Bot points:[11, 21]
Player get one more card ♣8
Bot get one more card ♠6
Player point: 21, Bot point: 17
Player win! Money: 1188.0
========================
Round #807
New deck
Player cards: [♠K, ♣K], Bot cards:[♠5, ♣T]
Player points: [20, 20], Bot points:[15, 15]
Bot get one more card ♣5
Player point: 20, Bot point: 20
Draw! Money:1188.0
========================
Round #808
Player cards: [♥6, ♠8], Bot cards:[♦7, ♦8]
Player points: [14, 14], Bot points:[15, 15]
Player get one more card ♠7
Bot get one more card ♥9
Player point: 21, Bot point: 24
Player win! Money: 1208.0
========================
Round #809
Player cards: [♣2, ♥5], Bot cards:[♣T, ♦Q]
Player points: [7, 7], Bot points:[20, 20]
Player get one more card ♦6
Player get one more card ♦5
Player point: 18, Bot point: 20
Player lose! Money: 1188.0
========================
Round #810
Player cards: [♠5, ♣J], Bot cards:[♥7, ♣K]
Player points: [15, 15], Bot points:[17, 17]
Player get one more card ♠A
Player get one more card ♠A
Player point: 17, Bot point: 17
Draw! Money:1188.0
========================
Round #811
Player cards: [♦2, ♠6], Bot cards:[♠J, ♣A]
Player points: [8, 8], Bot points:[11, 21]
Player get one more card ♠7
Player get one more card ♦4
Bot get one more card ♥T
Player point: 19, Bot point: 21
Player lose! Money: 1168.0
========================
Round #812
Player cards: [♠3, ♦5], Bot cards:[♠4, ♣8]
Player points: [8, 8], Bot points:[12, 12]
Player get one more card ♠K
Bot get one more card ♦4
Bot get one more card ♥K
Player point: 18, Bot point: 26
Player win! Money: 1188.0
========================
Round #813
Player cards: [♥7, ♦Q], Bot cards:[♠4, ♣J]
Player points: [17, 17], Bot points:[14, 14]
Bot get one more card ♦4
Player point: 17, Bot point: 18
Player lose! Money: 1168.0
========================
Round #814
Player cards: [♥J, ♦A], Bot cards:[♠4, ♦9]
Player points: [11, 21], Bot points:[13, 13]
Bot get one more card ♥8
Player point: 21, Bot point: 21
Player lose! Money: 1148.0
========================
Round #815
Player cards: [♠6, ♥J], Bot cards:[♣4, ♠A]
Player points: [16, 16], Bot points:[5, 15]
Bot get one more card ♠2
Bot get one more card ♥3
Bot get one more card ♠T
Player point: 16, Bot point: 20
Player lose! Money: 1128.0
========================
Round #816
Player cards: [♠2, ♦9], Bot cards:[♣7, ♦A]
Player points: [11, 11], Bot points:[8, 18]
----- Double Bet! -----
Player get one more card ♠6
Bot get one more card ♥6
Bot get one more card ♥8
Player point: 17, Bot point: 22
Player win! Money: 1168.0
========================
Round #817
Player cards: [♥2, ♣7], Bot cards:[♠5, ♦T]
Player points: [9, 9], Bot points:[15, 15]
----- Double Bet! -----
Player get one more card ♦6
Bot get one more card ♦4
Player point: 15, Bot point: 19
Player lose! Money: 1128.0
========================
Round #818
Player cards: [♥2, ♠5], Bot cards:[♥2, ♥3]
Player points: [7, 7], Bot points:[5, 5]
Player get one more card ♥4
Player get one more card ♥A
Bot get one more card ♦J
Bot get one more card ♠3
Player point: 12, Bot point: 18
Player lose! Money: 1108.0
========================
Round #819
Player cards: [♣6, ♥T], Bot cards:[♠8, ♥9]
Player points: [16, 16], Bot points:[17, 17]
Player get one more card ♣3
Player point: 19, Bot point: 17
Player win! Money: 1128.0
========================
Round #820
Player cards: [♦5, ♥5], Bot cards:[♣3, ♦T]
Player points: [10, 10], Bot points:[13, 13]
----- Double Bet! -----
Player get one more card ♥J
Bot get one more card ♠K
Player point: 20, Bot point: 23
Player win! Money: 1168.0
========================
Round #821
Player cards: [♣6, ♥Q], Bot cards:[♠6, ♥7]
Player points: [16, 16], Bot points:[13, 13]
Bot get one more card ♣9
Player point: 16, Bot point: 22
Player win! Money: 1188.0
========================
Round #822
Player cards: [♣2, ♦4], Bot cards:[♥4, ♣Q]
Player points: [6, 6], Bot points:[14, 14]
Player get one more card ♣9
Bot get one more card ♣4
Player point: 15, Bot point: 18
Player lose! Money: 1168.0
========================
Round #823
Player cards: [♥2, ♠K], Bot cards:[♥T, ♦Q]
Player points: [12, 12], Bot points:[20, 20]
Player get one more card ♦5
Player point: 17, Bot point: 20
Player lose! Money: 1148.0
========================
Round #824
Player cards: [♦7, ♣T], Bot cards:[♣4, ♦7]
Player points: [17, 17], Bot points:[11, 11]
Bot get one more card ♦J
Player point: 17, Bot point: 21
Player lose! Money: 1128.0
========================
Round #825
Player cards: [♦K, ♦K], Bot cards:[♣3, ♠9]
Player points: [20, 20], Bot points:[12, 12]
Bot get one more card ♣8
Player point: 20, Bot point: 20
Draw! Money:1128.0
========================
Round #826
Player cards: [♣4, ♠J], Bot cards:[♣3, ♣J]
Player points: [14, 14], Bot points:[13, 13]
Bot get one more card ♥3
Bot get one more card ♠2
Player point: 14, Bot point: 18
Player lose! Money: 1108.0
========================
Round #827
Player cards: [♦2, ♣Q], Bot cards:[♦2, ♥T]
Player points: [12, 12], Bot points:[12, 12]
Player get one more card ♦9
Bot get one more card ♣5
Player point: 21, Bot point: 17
Player win! Money: 1128.0
========================
Round #828
Player cards: [♥3, ♦K], Bot cards:[♦2, ♦A]
Player points: [13, 13], Bot points:[3, 13]
Bot get one more card ♥3
Bot get one more card ♦T
Bot get one more card ♦6
Player point: 13, Bot point: 22
Player win! Money: 1148.0
========================
Round #829
Player cards: [♠3, ♣6], Bot cards:[♠8, ♥8]
Player points: [9, 9], Bot points:[16, 16]
Player get one more card ♣7
Player get one more card ♠9
Bot get one more card ♣9
Player point: 25, Bot point: 25
Player lose! Money: 1128.0
========================
Round #830
Player cards: [♥Q, ♥A], Bot cards:[♦8, ♠Q]
Player points: [11, 21], Bot points:[18, 18]
Player point: 21, Bot point: 18
------ BlackJack!! ------
Player win! Money: 1154.0
========================
Round #831
Player cards: [♣8, ♣9], Bot cards:[♦3, ♠T]
Player points: [17, 17], Bot points:[13, 13]
Bot get one more card ♣3
Bot get one more card ♣5
Player point: 17, Bot point: 21
Player lose! Money: 1134.0
========================
Round #832
Player cards: [♥9, ♠A], Bot cards:[♦8, ♥Q]
Player points: [10, 20], Bot points:[18, 18]
Player point: 20, Bot point: 18
Player win! Money: 1154.0
========================
Round #833
Player cards: [♠J, ♥A], Bot cards:[♦2, ♣A]
Player points: [11, 21], Bot points:[3, 13]
Bot get one more card ♥7
Bot get one more card ♣Q
Player point: 21, Bot point: 20
------ BlackJack!! ------
Player win! Money: 1180.0
========================
Round #834
Player cards: [♦J, ♥A], Bot cards:[♣6, ♣K]
Player points: [11, 21], Bot points:[16, 16]
Bot get one more card ♠T
Player point: 21, Bot point: 26
------ BlackJack!! ------
Player win! Money: 1206.0
========================
Round #835
Player cards: [♠8, ♠9], Bot cards:[♣5, ♣8]
Player points: [17, 17], Bot points:[13, 13]
Bot get one more card ♥K
Player point: 17, Bot point: 23
Player win! Money: 1226.0
========================
Round #836
Player cards: [♠7, ♥K], Bot cards:[♦9, ♥J]
Player points: [17, 17], Bot points:[19, 19]
Player point: 17, Bot point: 19
Player lose! Money: 1206.0
========================
Round #837
Player cards: [♣2, ♣2], Bot cards:[♠3, ♦T]
Player points: [4, 4], Bot points:[13, 13]
Player get one more card ♦8
Player get one more card ♣K
Bot get one more card ♣J
Player point: 22, Bot point: 23
Player lose! Money: 1186.0
========================
Round #838
Player cards: [♥5, ♦7], Bot cards:[♦4, ♠Q]
Player points: [12, 12], Bot points:[14, 14]
Bot get one more card ♦3
Player point: 12, Bot point: 17
Player lose! Money: 1166.0
========================
Round #839
Player cards: [♦3, ♠Q], Bot cards:[♥6, ♠9]
Player points: [13, 13], Bot points:[15, 15]
Bot get one more card ♦J
Player point: 13, Bot point: 25
Player win! Money: 1186.0
========================
Round #840
Player cards: [♣7, ♥Q], Bot cards:[♣4, ♣A]
Player points: [17, 17], Bot points:[5, 15]
Bot get one more card ♥8
Bot get one more card ♠T
Player point: 17, Bot point: 23
Player win! Money: 1206.0
========================
Round #841
Player cards: [♥9, ♠Q], Bot cards:[♣J, ♥K]
Player points: [19, 19], Bot points:[20, 20]
Player point: 19, Bot point: 20
Player lose! Money: 1186.0
========================
Round #842
Player cards: [♥4, ♦Q], Bot cards:[♦3, ♣A]
Player points: [14, 14], Bot points:[4, 14]
Bot get one more card ♠4
Bot get one more card ♥5
Bot get one more card ♠7
Player point: 14, Bot point: 20
Player lose! Money: 1166.0
========================
Round #843
Player cards: [♠2, ♣T], Bot cards:[♥6, ♣Q]
Player points: [12, 12], Bot points:[16, 16]
Bot get one more card ♦6
Player point: 12, Bot point: 22
Player win! Money: 1186.0
========================
Round #844
New deck
Player cards: [♥2, ♠J], Bot cards:[♣Q, ♥K]
Player points: [12, 12], Bot points:[20, 20]
Player get one more card ♣9
Player point: 21, Bot point: 20
Player win! Money: 1206.0
========================
Round #845
Player cards: [♠7, ♠8], Bot cards:[♠4, ♣6]
Player points: [15, 15], Bot points:[10, 10]
Bot get one more card ♠9
Player point: 15, Bot point: 19
Player lose! Money: 1186.0
========================
Round #846
Player cards: [♥5, ♠Q], Bot cards:[♥T, ♦K]
Player points: [15, 15], Bot points:[20, 20]
Player get one more card ♠K
Player point: 25, Bot point: 20
Player lose! Money: 1166.0
========================
Round #847
Player cards: [♣5, ♣8], Bot cards:[♦7, ♣K]
Player points: [13, 13], Bot points:[17, 17]
Player get one more card ♠3
Player get one more card ♠T
Player point: 26, Bot point: 17
Player lose! Money: 1146.0
========================
Round #848
Player cards: [♣2, ♣J], Bot cards:[♦2, ♣A]
Player points: [12, 12], Bot points:[3, 13]
Player get one more card ♦4
Bot get one more card ♥5
Bot get one more card ♣2
Bot get one more card ♠J
Player point: 16, Bot point: 20
Player lose! Money: 1126.0
========================
Round #849
Player cards: [♠4, ♠A], Bot cards:[♠8, ♣8]
Player points: [5, 15], Bot points:[16, 16]
Player get one more card ♦A
Player get one more card ♠A
Bot get one more card ♥4
Player point: 17, Bot point: 20
Player lose! Money: 1106.0
========================
Round #850
Player cards: [♣4, ♥J], Bot cards:[♥3, ♣T]
Player points: [14, 14], Bot points:[13, 13]
Bot get one more card ♠6
Player point: 14, Bot point: 19
Player lose! Money: 1086.0
========================
Round #851
Player cards: [♥J, ♣A], Bot cards:[♦J, ♣Q]
Player points: [11, 21], Bot points:[20, 20]
Player point: 21, Bot point: 20
------ BlackJack!! ------
Player win! Money: 1112.0
========================
Round #852
Player cards: [♦4, ♣9], Bot cards:[♦6, ♣7]
Player points: [13, 13], Bot points:[13, 13]
Bot get one more card ♣K
Player point: 13, Bot point: 23
Player win! Money: 1132.0
========================
Round #853
Player cards: [♦3, ♣3], Bot cards:[♥6, ♠K]
Player points: [6, 6], Bot points:[16, 16]
-------- Split! Two hands: [13, 13], [13, 13]
For second hand:
Bot get one more card ♣5
Player point: 13, Bot point: 21
Player lose! Money: 1112.0
========================
Player point: 13, Bot point: 21
Player lose! Money: 1092.0
========================
Round #854
Player cards: [♣4, ♣8], Bot cards:[♠J, ♦K]
Player points: [12, 12], Bot points:[20, 20]
Player get one more card ♥2
Player get one more card ♦Q
Player point: 24, Bot point: 20
Player lose! Money: 1072.0
========================
Round #855
Player cards: [♠3, ♦A], Bot cards:[♦6, ♦A]
Player points: [4, 14], Bot points:[7, 17]
Bot get one more card ♣J
Player point: 14, Bot point: 17
Player lose! Money: 1052.0
========================
Round #856
Player cards: [♦2, ♠5], Bot cards:[♣T, ♠T]
Player points: [7, 7], Bot points:[20, 20]
Player get one more card ♦A
Player point: 18, Bot point: 20
Player lose! Money: 1032.0
========================
Round #857
Player cards: [♠5, ♠9], Bot cards:[♥8, ♥K]
Player points: [14, 14], Bot points:[18, 18]
Player get one more card ♦5
Player point: 19, Bot point: 18
Player win! Money: 1052.0
========================
Round #858
Player cards: [♥4, ♥7], Bot cards:[♦8, ♦9]
Player points: [11, 11], Bot points:[17, 17]
----- Double Bet! -----
Player get one more card ♥4
Player point: 15, Bot point: 17
Player lose! Money: 1012.0
========================
Round #859
Player cards: [♦T, ♥T], Bot cards:[♦3, ♠7]
Player points: [20, 20], Bot points:[10, 10]
Bot get one more card ♥6
Bot get one more card ♠Q
Player point: 20, Bot point: 26
Player win! Money: 1032.0
========================
Round #860
Player cards: [♥T, ♠Q], Bot cards:[♣7, ♦9]
Player points: [20, 20], Bot points:[16, 16]
Bot get one more card ♦T
Player point: 20, Bot point: 26
Player win! Money: 1052.0
========================
Round #861
Player cards: [♥3, ♥Q], Bot cards:[♥7, ♣Q]
Player points: [13, 13], Bot points:[17, 17]
Player get one more card ♦9
Player point: 22, Bot point: 17
Player lose! Money: 1032.0
========================
Round #862
Player cards: [♥3, ♥T], Bot cards:[♠7, ♥A]
Player points: [13, 13], Bot points:[8, 18]
Player get one more card ♦5
Bot get one more card ♥8
Bot get one more card ♦Q
Player point: 18, Bot point: 26
Player win! Money: 1052.0
========================
Round #863
Player cards: [♦2, ♥Q], Bot cards:[♠5, ♥A]
Player points: [12, 12], Bot points:[6, 16]
Bot get one more card ♥Q
Bot get one more card ♠A
Player point: 12, Bot point: 17
Player lose! Money: 1032.0
========================
Round #864
Player cards: [♣4, ♥J], Bot cards:[♦Q, ♣K]
Player points: [14, 14], Bot points:[20, 20]
Player get one more card ♠A
Player get one more card ♦2
Player point: 17, Bot point: 20
Player lose! Money: 1012.0
========================
Round #865
Player cards: [♠2, ♣T], Bot cards:[♠5, ♥7]
Player points: [12, 12], Bot points:[12, 12]
Bot get one more card ♠4
Bot get one more card ♥4
Player point: 12, Bot point: 20
Player lose! Money: 992.0
========================
Round #866
Player cards: [♥4, ♥9], Bot cards:[♣9, ♣Q]
Player points: [13, 13], Bot points:[19, 19]
Player get one more card ♥9
Player point: 22, Bot point: 19
Player lose! Money: 972.0
========================
Round #867
Player cards: [♣3, ♠K], Bot cards:[♦4, ♠9]
Player points: [13, 13], Bot points:[13, 13]
Bot get one more card ♦3
Bot get one more card ♣9
Player point: 13, Bot point: 25
Player win! Money: 992.0
========================
Round #868
Player cards: [♦5, ♣6], Bot cards:[♣5, ♣6]
Player points: [11, 11], Bot points:[11, 11]
----- Double Bet! -----
Player get one more card ♠J
Bot get one more card ♣4
Bot get one more card ♦9
Player point: 21, Bot point: 24
Player win! Money: 1032.0
========================
Round #869
Player cards: [♠4, ♠T], Bot cards:[♣A, ♥A]
Player points: [14, 14], Bot points:[2, 12]
Player get one more card ♥6
Bot get one more card ♣6
Bot get one more card ♣2
Bot get one more card ♠3
Bot get one more card ♦8
Player point: 20, Bot point: 21
Player lose! Money: 1012.0
========================
Round #870
Player cards: [♠2, ♣3], Bot cards:[♥5, ♦K]
Player points: [5, 5], Bot points:[15, 15]
Player get one more card ♣5
Player get one more card ♣7
Bot get one more card ♣J
Player point: 17, Bot point: 25
Player win! Money: 1032.0
========================
Round #871
Player cards: [♥2, ♠K], Bot cards:[♥6, ♦J]
Player points: [12, 12], Bot points:[16, 16]
Bot get one more card ♠3
Player point: 12, Bot point: 19
Player lose! Money: 1012.0
========================
Round #872
Player cards: [♣7, ♠8], Bot cards:[♦7, ♥K]
Player points: [15, 15], Bot points:[17, 17]
Player get one more card ♦4
Player point: 19, Bot point: 17
Player win! Money: 1032.0
========================
Round #873
Player cards: [♠6, ♦A], Bot cards:[♠2, ♦T]
Player points: [7, 17], Bot points:[12, 12]
Bot get one more card ♣2
Bot get one more card ♦8
Player point: 17, Bot point: 22
Player win! Money: 1052.0
========================
Round #874
Player cards: [♥2, ♥Q], Bot cards:[♦6, ♠T]
Player points: [12, 12], Bot points:[16, 16]
Bot get one more card ♥8
Player point: 12, Bot point: 24
Player win! Money: 1072.0
========================
Round #875
Player cards: [♣J, ♥A], Bot cards:[♥J, ♠Q]
Player points: [11, 21], Bot points:[20, 20]
Player point: 21, Bot point: 20
------ BlackJack!! ------
Player win! Money: 1098.0
========================
Round #876
Player cards: [♠7, ♦K], Bot cards:[♠9, ♣A]
Player points: [17, 17], Bot points:[10, 20]
Bot get one more card ♥8
Player point: 17, Bot point: 18
Player lose! Money: 1078.0
========================
Round #877
Player cards: [♥9, ♦Q], Bot cards:[♠J, ♥K]
Player points: [19, 19], Bot points:[20, 20]
Player point: 19, Bot point: 20
Player lose! Money: 1058.0
========================
Round #878
Player cards: [♦6, ♦8], Bot cards:[♣8, ♣T]
Player points: [14, 14], Bot points:[18, 18]
Player get one more card ♦7
Player point: 21, Bot point: 18
Player win! Money: 1078.0
========================
Round #879
Player cards: [♣3, ♠6], Bot cards:[♦J, ♦K]
Player points: [9, 9], Bot points:[20, 20]
Player get one more card ♠8
Player point: 17, Bot point: 20
Player lose! Money: 1058.0
========================
Round #880
Player cards: [♦5, ♠6], Bot cards:[♦3, ♣K]
Player points: [11, 11], Bot points:[13, 13]
----- Double Bet! -----
Player get one more card ♦8
Bot get one more card ♠2
Bot get one more card ♦7
Player point: 19, Bot point: 22
Player win! Money: 1098.0
========================
Round #881
New deck
Player cards: [♠A, ♣A], Bot cards:[♣7, ♣K]
Player points: [2, 12], Bot points:[17, 17]
-------- Split! Two hands: [11, 21], [6, 16]
For second hand:
Player get one more card ♠A
Player point: 21, Bot point: 17
------ BlackJack!! ------
Player win! Money: 1124.0
========================
Player point: 17, Bot point: 17
Draw! Money:1124.0
========================
Round #882
Player cards: [♦2, ♥T], Bot cards:[♦4, ♣5]
Player points: [12, 12], Bot points:[9, 9]
Bot get one more card ♣2
Bot get one more card ♥Q
Player point: 12, Bot point: 21
Player lose! Money: 1104.0
========================
Round #883
Player cards: [♦4, ♠K], Bot cards:[♣2, ♦6]
Player points: [14, 14], Bot points:[8, 8]
Bot get one more card ♠2
Bot get one more card ♦T
Player point: 14, Bot point: 20
Player lose! Money: 1084.0
========================
Round #884
Player cards: [♠3, ♦5], Bot cards:[♣K, ♥A]
Player points: [8, 8], Bot points:[11, 21]
Player get one more card ♠2
Player get one more card ♦9
Bot get one more card ♦8
Player point: 19, Bot point: 19
Draw! Money:1084.0
========================
Round #885
Player cards: [♣9, ♠Q], Bot cards:[♦8, ♦Q]
Player points: [19, 19], Bot points:[18, 18]
Player point: 19, Bot point: 18
Player win! Money: 1104.0
========================
Round #886
Player cards: [♥3, ♣5], Bot cards:[♠3, ♣8]
Player points: [8, 8], Bot points:[11, 11]
Player get one more card ♠J
Bot get one more card ♥3
Bot get one more card ♣8
Player point: 18, Bot point: 22
Player win! Money: 1124.0
========================
Round #887
Player cards: [♥8, ♦A], Bot cards:[♣2, ♦5]
Player points: [9, 19], Bot points:[7, 7]
Bot get one more card ♥4
Bot get one more card ♣5
Bot get one more card ♣6
Player point: 19, Bot point: 22
Player win! Money: 1144.0
========================
Round #888
Player cards: [♦3, ♥8], Bot cards:[♦9, ♣9]
Player points: [11, 11], Bot points:[18, 18]
----- Double Bet! -----
Player get one more card ♣4
Player point: 15, Bot point: 18
Player lose! Money: 1104.0
========================
Round #889
Player cards: [♥2, ♠Q], Bot cards:[♥6, ♠8]
Player points: [12, 12], Bot points:[14, 14]
Bot get one more card ♣3
Player point: 12, Bot point: 17
Player lose! Money: 1084.0
========================
Round #890
Player cards: [♠9, ♠J], Bot cards:[♣4, ♣8]
Player points: [19, 19], Bot points:[12, 12]
Bot get one more card ♥2
Bot get one more card ♠J
Player point: 19, Bot point: 24
Player win! Money: 1104.0
========================
Round #891
Player cards: [♠3, ♠7], Bot cards:[♥9, ♣Q]
Player points: [10, 10], Bot points:[19, 19]
----- Double Bet! -----
Player get one more card ♥3
Player point: 13, Bot point: 19
Player lose! Money: 1064.0
========================
Round #892
Player cards: [♥5, ♥T], Bot cards:[♥6, ♣9]
Player points: [15, 15], Bot points:[15, 15]
Bot get one more card ♦6
Player point: 15, Bot point: 21
Player lose! Money: 1044.0
========================
Round #893
Player cards: [♠5, ♠K], Bot cards:[♦6, ♣K]
Player points: [15, 15], Bot points:[16, 16]
Bot get one more card ♦Q
Player point: 15, Bot point: 26
Player win! Money: 1064.0
========================
Round #894
Player cards: [♦2, ♣A], Bot cards:[♦7, ♥T]
Player points: [3, 13], Bot points:[17, 17]
Player get one more card ♥A
Player get one more card ♠9
Player get one more card ♥K
Player point: 23, Bot point: 17
Player lose! Money: 1044.0
========================
Round #895
Player cards: [♥6, ♥Q], Bot cards:[♣3, ♠4]
Player points: [16, 16], Bot points:[7, 7]
Bot get one more card ♥2
Bot get one more card ♥Q
Player point: 16, Bot point: 19
Player lose! Money: 1024.0
========================
Round #896
Player cards: [♠2, ♥J], Bot cards:[♠6, ♦A]
Player points: [12, 12], Bot points:[7, 17]
Bot get one more card ♥7
Bot get one more card ♠9
Player point: 12, Bot point: 23
Player win! Money: 1044.0
========================
Round #897
Player cards: [♦3, ♦J], Bot cards:[♥9, ♣T]
Player points: [13, 13], Bot points:[19, 19]
Player get one more card ♥5
Player point: 18, Bot point: 19
Player lose! Money: 1024.0
========================
Round #898
Player cards: [♣4, ♠A], Bot cards:[♦7, ♥A]
Player points: [5, 15], Bot points:[8, 18]
Player get one more card ♠4
Bot get one more card ♠7
Bot get one more card ♥4
Player point: 19, Bot point: 19
Draw! Money:1024.0
========================
Round #899
Player cards: [♥7, ♠T], Bot cards:[♦T, ♥K]
Player points: [17, 17], Bot points:[20, 20]
Player point: 17, Bot point: 20
Player lose! Money: 1004.0
========================
Round #900
Player cards: [♠6, ♥7], Bot cards:[♦9, ♥J]
Player points: [13, 13], Bot points:[19, 19]
Player get one more card ♦K
Player point: 23, Bot point: 19
Player lose! Money: 984.0
========================
Round #901
Player cards: [♥9, ♣A], Bot cards:[♠4, ♥7]
Player points: [10, 20], Bot points:[11, 11]
Bot get one more card ♦Q
Player point: 20, Bot point: 21
Player lose! Money: 964.0
========================
Round #902
Player cards: [♣T, ♦J], Bot cards:[♣6, ♣Q]
Player points: [20, 20], Bot points:[16, 16]
Bot get one more card ♠5
Player point: 20, Bot point: 21
Player lose! Money: 944.0
========================
Round #903
Player cards: [♥5, ♠8], Bot cards:[♠T, ♣K]
Player points: [13, 13], Bot points:[20, 20]
Player get one more card ♦7
Player point: 20, Bot point: 20
Draw! Money:944.0
========================
Round #904
Player cards: [♠Q, ♦K], Bot cards:[♣3, ♠9]
Player points: [20, 20], Bot points:[12, 12]
Bot get one more card ♥3
Bot get one more card ♥K
Player point: 20, Bot point: 25
Player win! Money: 964.0
========================
Round #905
Player cards: [♣3, ♥4], Bot cards:[♥6, ♦6]
Player points: [7, 7], Bot points:[12, 12]
Player get one more card ♦8
Bot get one more card ♠7
Player point: 15, Bot point: 19
Player lose! Money: 944.0
========================
Round #906
Player cards: [♦4, ♣4], Bot cards:[♣Q, ♦K]
Player points: [8, 8], Bot points:[20, 20]
Player get one more card ♣6
Player get one more card ♣Q
Player point: 24, Bot point: 20
Player lose! Money: 924.0
========================
Round #907
Player cards: [♠3, ♦5], Bot cards:[♠6, ♥8]
Player points: [8, 8], Bot points:[14, 14]
Player get one more card ♣J
Bot get one more card ♦8
Player point: 18, Bot point: 22
Player win! Money: 944.0
========================
Round #908
Player cards: [♠5, ♥J], Bot cards:[♦3, ♥8]
Player points: [15, 15], Bot points:[11, 11]
Bot get one more card ♦2
Bot get one more card ♠K
Player point: 15, Bot point: 23
Player win! Money: 964.0
========================
Round #909
Player cards: [♠4, ♥J], Bot cards:[♠7, ♥Q]
Player points: [14, 14], Bot points:[17, 17]
Player get one more card ♦A
Player get one more card ♣A
Player get one more card ♦3
Player point: 19, Bot point: 17
Player win! Money: 984.0
========================
Round #910
Player cards: [♦2, ♠8], Bot cards:[♥3, ♥4]
Player points: [10, 10], Bot points:[7, 7]
----- Double Bet! -----
Player get one more card ♦7
Bot get one more card ♦Q
Player point: 17, Bot point: 17
Draw! Money:984.0
========================
Round #911
Player cards: [♠8, ♦T], Bot cards:[♦4, ♣7]
Player points: [18, 18], Bot points:[11, 11]
Bot get one more card ♣8
Player point: 18, Bot point: 19
Player lose! Money: 964.0
========================
Round #912
Player cards: [♠6, ♠A], Bot cards:[♥2, ♣J]
Player points: [7, 17], Bot points:[12, 12]
Bot get one more card ♦T
Player point: 17, Bot point: 22
Player win! Money: 984.0
========================
Round #913
Player cards: [♣7, ♥9], Bot cards:[♣5, ♠Q]
Player points: [16, 16], Bot points:[15, 15]
Bot get one more card ♦K
Player point: 16, Bot point: 25
Player win! Money: 1004.0
========================
Round #914
Player cards: [♥7, ♥T], Bot cards:[♥9, ♦J]
Player points: [17, 17], Bot points:[19, 19]
Player point: 17, Bot point: 19
Player lose! Money: 984.0
========================
Round #915
Player cards: [♣6, ♦9], Bot cards:[♥5, ♠J]
Player points: [15, 15], Bot points:[15, 15]
Bot get one more card ♥5
Player point: 15, Bot point: 20
Player lose! Money: 964.0
========================
Round #916
Player cards: [♦5, ♠T], Bot cards:[♣J, ♦A]
Player points: [15, 15], Bot points:[11, 21]
Player get one more card ♠K
Bot get one more card ♠T
Player point: 25, Bot point: 21
Player lose! Money: 944.0
========================
Round #917
New deck
Player cards: [♥3, ♥A], Bot cards:[♣4, ♣5]
Player points: [4, 14], Bot points:[9, 9]
Bot get one more card ♥5
Bot get one more card ♦4
Player point: 14, Bot point: 18
Player lose! Money: 924.0
========================
Round #918
Player cards: [♦2, ♣J], Bot cards:[♦5, ♦K]
Player points: [12, 12], Bot points:[15, 15]
Bot get one more card ♦2
Player point: 12, Bot point: 17
Player lose! Money: 904.0
========================
Round #919
Player cards: [♦6, ♥9], Bot cards:[♠9, ♥J]
Player points: [15, 15], Bot points:[19, 19]
Player get one more card ♠T
Player point: 25, Bot point: 19
Player lose! Money: 884.0
========================
Round #920
Player cards: [♠J, ♠Q], Bot cards:[♦Q, ♥K]
Player points: [20, 20], Bot points:[20, 20]
Player point: 20, Bot point: 20
Draw! Money:884.0
========================
Round #921
Player cards: [♠2, ♦A], Bot cards:[♥8, ♠A]
Player points: [3, 13], Bot points:[9, 19]
Player get one more card ♣6
Bot get one more card ♦J
Player point: 19, Bot point: 19
Draw! Money:884.0
========================
Round #922
Player cards: [♠7, ♠8], Bot cards:[♦8, ♥9]
Player points: [15, 15], Bot points:[17, 17]
Player get one more card ♠T
Player point: 25, Bot point: 17
Player lose! Money: 864.0
========================
Round #923
Player cards: [♠2, ♦7], Bot cards:[♥5, ♣9]
Player points: [9, 9], Bot points:[14, 14]
----- Double Bet! -----
Player get one more card ♥J
Bot get one more card ♦6
Player point: 19, Bot point: 20
Player lose! Money: 824.0
========================
Round #924
Player cards: [♦7, ♠A], Bot cards:[♦Q, ♠Q]
Player points: [8, 18], Bot points:[20, 20]
Player point: 18, Bot point: 20
Player lose! Money: 804.0
========================
Round #925
Player cards: [♠8, ♣A], Bot cards:[♣9, ♦J]
Player points: [9, 19], Bot points:[19, 19]
Player point: 19, Bot point: 19
Draw! Money:804.0
========================
Round #926
Player cards: [♣6, ♣K], Bot cards:[♦5, ♣Q]
Player points: [16, 16], Bot points:[15, 15]
Bot get one more card ♣3
Player point: 16, Bot point: 18
Player lose! Money: 784.0
========================
Round #927
Player cards: [♥2, ♥A], Bot cards:[♥6, ♣7]
Player points: [3, 13], Bot points:[13, 13]
Bot get one more card ♠4
Player point: 13, Bot point: 17
Player lose! Money: 764.0
========================
Round #928
Player cards: [♠6, ♣T], Bot cards:[♣3, ♦8]
Player points: [16, 16], Bot points:[11, 11]
Bot get one more card ♠5
Bot get one more card ♣9
Player point: 16, Bot point: 25
Player win! Money: 784.0
========================
Round #929
Player cards: [♣5, ♣7], Bot cards:[♦2, ♠6]
Player points: [12, 12], Bot points:[8, 8]
Player get one more card ♥K
Bot get one more card ♠3
Bot get one more card ♣T
Player point: 22, Bot point: 21
Player lose! Money: 764.0
========================
Round #930
Player cards: [♦4, ♣7], Bot cards:[♥3, ♥5]
Player points: [11, 11], Bot points:[8, 8]
----- Double Bet! -----
Player get one more card ♣9
Bot get one more card ♦T
Player point: 20, Bot point: 18
Player win! Money: 804.0
========================
Round #931
Player cards: [♦8, ♣T], Bot cards:[♦3, ♥6]
Player points: [18, 18], Bot points:[9, 9]
Bot get one more card ♥T
Player point: 18, Bot point: 19
Player lose! Money: 784.0
========================
Round #932
Player cards: [♠2, ♣8], Bot cards:[♣2, ♥T]
Player points: [10, 10], Bot points:[12, 12]
----- Double Bet! -----
Player get one more card ♥4
Bot get one more card ♦7
Player point: 14, Bot point: 19
Player lose! Money: 744.0
========================
Round #933
Player cards: [♣5, ♦T], Bot cards:[♣9, ♥Q]
Player points: [15, 15], Bot points:[19, 19]
Player get one more card ♣4
Player point: 19, Bot point: 19
Draw! Money:744.0
========================
Round #934
Player cards: [♦J, ♣A], Bot cards:[♥8, ♠T]
Player points: [11, 21], Bot points:[18, 18]
Player point: 21, Bot point: 18
------ BlackJack!! ------
Player win! Money: 770.0
========================
Round #935
Player cards: [♠4, ♣T], Bot cards:[♠3, ♠8]
Player points: [14, 14], Bot points:[11, 11]
Bot get one more card ♥2
Bot get one more card ♥3
Bot get one more card ♠Q
Player point: 14, Bot point: 26
Player win! Money: 790.0
========================
Round #936
Player cards: [♣6, ♥8], Bot cards:[♣2, ♥4]
Player points: [14, 14], Bot points:[6, 6]
Bot get one more card ♥A
Bot get one more card ♥4
Bot get one more card ♦Q
Player point: 14, Bot point: 21
Player lose! Money: 770.0
========================
Round #937
Player cards: [♦6, ♥J], Bot cards:[♠4, ♣K]
Player points: [16, 16], Bot points:[14, 14]
Bot get one more card ♣J
Player point: 16, Bot point: 24
Player win! Money: 790.0
========================
Round #938
Player cards: [♥2, ♣T], Bot cards:[♦J, ♥Q]
Player points: [12, 12], Bot points:[20, 20]
Player get one more card ♥6
Player point: 18, Bot point: 20
Player lose! Money: 770.0
========================
Round #939
Player cards: [♦T, ♠K], Bot cards:[♠2, ♥7]
Player points: [20, 20], Bot points:[9, 9]
Bot get one more card ♣2
Bot get one more card ♣6
Player point: 20, Bot point: 17
Player win! Money: 790.0
========================
Round #940
Player cards: [♠3, ♠8], Bot cards:[♦5, ♦J]
Player points: [11, 11], Bot points:[15, 15]
----- Double Bet! -----
Player get one more card ♠K
Bot get one more card ♦A
Bot get one more card ♦9
Player point: 21, Bot point: 25
Player win! Money: 830.0
========================
Round #941
Player cards: [♠5, ♣7], Bot cards:[♠5, ♥7]
Player points: [12, 12], Bot points:[12, 12]
Bot get one more card ♣8
Player point: 12, Bot point: 20
Player lose! Money: 810.0
========================
Round #942
Player cards: [♣J, ♠K], Bot cards:[♠7, ♠A]
Player points: [20, 20], Bot points:[8, 18]
Bot get one more card ♠3
Bot get one more card ♥7
Player point: 20, Bot point: 18
Player win! Money: 830.0
========================
Round #943
Player cards: [♦3, ♠4], Bot cards:[♠5, ♥T]
Player points: [7, 7], Bot points:[15, 15]
Player get one more card ♠7
Bot get one more card ♣3
Player point: 14, Bot point: 18
Player lose! Money: 810.0
========================
Round #944
Player cards: [♣5, ♠J], Bot cards:[♦8, ♠Q]
Player points: [15, 15], Bot points:[18, 18]
Player get one more card ♥Q
Player point: 25, Bot point: 18
Player lose! Money: 790.0
========================
Round #945
Player cards: [♦9, ♥A], Bot cards:[♣2, ♠9]
Player points: [10, 20], Bot points:[11, 11]
Bot get one more card ♣K
Player point: 20, Bot point: 21
Player lose! Money: 770.0
========================
Round #946
Player cards: [♥T, ♠J], Bot cards:[♦9, ♣J]
Player points: [20, 20], Bot points:[19, 19]
Player point: 20, Bot point: 19
Player win! Money: 790.0
========================
Round #947
Player cards: [♦3, ♥4], Bot cards:[♦3, ♥K]
Player points: [7, 7], Bot points:[13, 13]
Player get one more card ♦A
Bot get one more card ♣Q
Player point: 18, Bot point: 23
Player win! Money: 810.0
========================
Round #948
Player cards: [♦7, ♣8], Bot cards:[♠7, ♠J]
Player points: [15, 15], Bot points:[17, 17]
Player get one more card ♦4
Player point: 19, Bot point: 17
Player win! Money: 830.0
========================
Round #949
Player cards: [♥5, ♥6], Bot cards:[♦9, ♦T]
Player points: [11, 11], Bot points:[19, 19]
----- Double Bet! -----
Player get one more card ♥9
Player point: 20, Bot point: 19
Player win! Money: 870.0
========================
Round #950
Player cards: [♦6, ♥A], Bot cards:[♠6, ♣T]
Player points: [7, 17], Bot points:[16, 16]
Bot get one more card ♣K
Player point: 17, Bot point: 26
Player win! Money: 890.0
========================
Round #951
Player cards: [♠9, ♦A], Bot cards:[♣3, ♠9]
Player points: [10, 20], Bot points:[12, 12]
Bot get one more card ♥K
Player point: 20, Bot point: 22
Player win! Money: 910.0
========================
Round #952
Player cards: [♦5, ♣A], Bot cards:[♣7, ♦K]
Player points: [6, 16], Bot points:[17, 17]
Player get one more card ♣A
Player point: 17, Bot point: 17
Draw! Money:910.0
========================
Round #953
Player cards: [♥7, ♣Q], Bot cards:[♥3, ♦Q]
Player points: [17, 17], Bot points:[13, 13]
Bot get one more card ♥8
Player point: 17, Bot point: 21
Player lose! Money: 890.0
========================
Round #954
Player cards: [♦2, ♦4], Bot cards:[♣4, ♠6]
Player points: [6, 6], Bot points:[10, 10]
Player get one more card ♥9
Bot get one more card ♦K
Player point: 15, Bot point: 20
Player lose! Money: 870.0
========================
Round #955
Player cards: [♥2, ♥Q], Bot cards:[♠K, ♠A]
Player points: [12, 12], Bot points:[11, 21]
Player get one more card ♣4
Player get one more card ♣J
Bot get one more card ♦K
Player point: 26, Bot point: 21
Player lose! Money: 850.0
========================
Round #956
New deck
Player cards: [♦9, ♥T], Bot cards:[♦3, ♣Q]
Player points: [19, 19], Bot points:[13, 13]
Bot get one more card ♣T
Player point: 19, Bot point: 23
Player win! Money: 870.0
========================
Round #957
Player cards: [♠3, ♣8], Bot cards:[♠9, ♠Q]
Player points: [11, 11], Bot points:[19, 19]
----- Double Bet! -----
Player get one more card ♠4
Player point: 15, Bot point: 19
Player lose! Money: 830.0
========================
Round #958
Player cards: [♥7, ♥J], Bot cards:[♠8, ♥A]
Player points: [17, 17], Bot points:[9, 19]
Bot get one more card ♦7
Bot get one more card ♦2
Player point: 17, Bot point: 18
Player lose! Money: 810.0
========================
Round #959
Player cards: [♠4, ♠8], Bot cards:[♥6, ♠6]
Player points: [12, 12], Bot points:[12, 12]
Bot get one more card ♦2
Bot get one more card ♦7
Player point: 12, Bot point: 21
Player lose! Money: 790.0
========================
Round #960
Player cards: [♦J, ♦A], Bot cards:[♥7, ♣J]
Player points: [11, 21], Bot points:[17, 17]
Player point: 21, Bot point: 17
------ BlackJack!! ------
Player win! Money: 816.0
========================
Round #961
Player cards: [♠2, ♣4], Bot cards:[♠T, ♦K]
Player points: [6, 6], Bot points:[20, 20]
Player get one more card ♣A
Player point: 17, Bot point: 20
Player lose! Money: 796.0
========================
Round #962
Player cards: [♦4, ♣A], Bot cards:[♦4, ♣Q]
Player points: [5, 15], Bot points:[14, 14]
Bot get one more card ♥A
Bot get one more card ♣7
Player point: 15, Bot point: 22
Player win! Money: 816.0
========================
Round #963
Player cards: [♦3, ♣J], Bot cards:[♣4, ♥J]
Player points: [13, 13], Bot points:[14, 14]
Bot get one more card ♥3
Player point: 13, Bot point: 17
Player lose! Money: 796.0
========================
Round #964
Player cards: [♠4, ♦6], Bot cards:[♥Q, ♠K]
Player points: [10, 10], Bot points:[20, 20]
Player get one more card ♦8
Player point: 18, Bot point: 20
Player lose! Money: 776.0
========================
Round #965
Player cards: [♥5, ♣T], Bot cards:[♥6, ♣T]
Player points: [15, 15], Bot points:[16, 16]
Bot get one more card ♥2
Player point: 15, Bot point: 18
Player lose! Money: 756.0
========================
Round #966
Player cards: [♠2, ♠K], Bot cards:[♣6, ♠7]
Player points: [12, 12], Bot points:[13, 13]
Bot get one more card ♦J
Player point: 12, Bot point: 23
Player win! Money: 776.0
========================
Round #967
Player cards: [♣Q, ♣A], Bot cards:[♦T, ♠A]
Player points: [11, 21], Bot points:[11, 21]
Bot get one more card ♦8
Player point: 21, Bot point: 19
------ BlackJack!! ------
Player win! Money: 802.0
========================
Round #968
Player cards: [♥2, ♥T], Bot cards:[♠J, ♣K]
Player points: [12, 12], Bot points:[20, 20]
Player get one more card ♣2
Player get one more card ♦Q
Player point: 24, Bot point: 20
Player lose! Money: 782.0
========================
Round #969
Player cards: [♣5, ♠J], Bot cards:[♥4, ♣7]
Player points: [15, 15], Bot points:[11, 11]
Bot get one more card ♠6
Player point: 15, Bot point: 17
Player lose! Money: 762.0
========================
Round #970
Player cards: [♠7, ♣Q], Bot cards:[♥T, ♥Q]
Player points: [17, 17], Bot points:[20, 20]
Player point: 17, Bot point: 20
Player lose! Money: 742.0
========================
Round #971
Player cards: [♠5, ♦Q], Bot cards:[♦7, ♦T]
Player points: [15, 15], Bot points:[17, 17]
Player get one more card ♥5
Player point: 20, Bot point: 17
Player win! Money: 762.0
========================
Round #972
Player cards: [♠8, ♦T], Bot cards:[♦5, ♦T]
Player points: [18, 18], Bot points:[15, 15]
Bot get one more card ♠K
Player point: 18, Bot point: 25
Player win! Money: 782.0
========================
Round #973
Player cards: [♣5, ♥9], Bot cards:[♦7, ♦K]
Player points: [14, 14], Bot points:[17, 17]
Player get one more card ♥A
Player get one more card ♠7
Player point: 22, Bot point: 17
Player lose! Money: 762.0
========================
Round #974
Player cards: [♥3, ♦5], Bot cards:[♥6, ♦6]
Player points: [8, 8], Bot points:[12, 12]
Player get one more card ♠J
Bot get one more card ♥3
Bot get one more card ♣T
Player point: 18, Bot point: 25
Player win! Money: 782.0
========================
Round #975
Player cards: [♣9, ♥K], Bot cards:[♥2, ♦K]
Player points: [19, 19], Bot points:[12, 12]
Bot get one more card ♣8
Player point: 19, Bot point: 20
Player lose! Money: 762.0
========================
Round #976
Player cards: [♦4, ♠K], Bot cards:[♠5, ♥K]
Player points: [14, 14], Bot points:[15, 15]
Bot get one more card ♥J
Player point: 14, Bot point: 25
Player win! Money: 782.0
========================
Round #977
Player cards: [♦4, ♠6], Bot cards:[♥3, ♥Q]
Player points: [10, 10], Bot points:[13, 13]
----- Double Bet! -----
Player get one more card ♥8
Bot get one more card ♥9
Player point: 18, Bot point: 22
Player win! Money: 822.0
========================
Round #978
Player cards: [♦8, ♠A], Bot cards:[♦3, ♠J]
Player points: [9, 19], Bot points:[13, 13]
Bot get one more card ♥4
Player point: 19, Bot point: 17
Player win! Money: 842.0
========================
Round #979
Player cards: [♥7, ♦A], Bot cards:[♠3, ♦6]
Player points: [8, 18], Bot points:[9, 9]
Bot get one more card ♥9
Player point: 18, Bot point: 18
Draw! Money:842.0
========================
Round #980
Player cards: [♥6, ♠7], Bot cards:[♣4, ♠9]
Player points: [13, 13], Bot points:[13, 13]
Bot get one more card ♠2
Bot get one more card ♠Q
Player point: 13, Bot point: 25
Player win! Money: 862.0
========================
Round #981
Player cards: [♣5, ♠T], Bot cards:[♦8, ♥K]
Player points: [15, 15], Bot points:[18, 18]
Player get one more card ♥5
Player point: 20, Bot point: 18
Player win! Money: 882.0
========================
Round #982
Player cards: [♣6, ♣J], Bot cards:[♣2, ♣3]
Player points: [16, 16], Bot points:[5, 5]
Bot get one more card ♦Q
Bot get one more card ♦9
Player point: 16, Bot point: 24
Player win! Money: 902.0
========================
Round #983
Player cards: [♥2, ♥Q], Bot cards:[♣3, ♣A]
Player points: [12, 12], Bot points:[4, 14]
Player get one more card ♠2
Bot get one more card ♥K
Bot get one more card ♠T
Player point: 14, Bot point: 24
Player win! Money: 922.0
========================
Round #984
Player cards: [♣6, ♦A], Bot cards:[♠9, ♥T]
Player points: [7, 17], Bot points:[19, 19]
Player point: 17, Bot point: 19
Player lose! Money: 902.0
========================
Round #985
Player cards: [♥4, ♠9], Bot cards:[♣7, ♣K]
Player points: [13, 13], Bot points:[17, 17]
Player get one more card ♥7
Player point: 20, Bot point: 17
Player win! Money: 922.0
========================
Round #986
Player cards: [♠3, ♥J], Bot cards:[♣3, ♦9]
Player points: [13, 13], Bot points:[12, 12]
Bot get one more card ♠5
Player point: 13, Bot point: 17
Player lose! Money: 902.0
========================
Round #987
Player cards: [♣2, ♣3], Bot cards:[♦2, ♠A]
Player points: [5, 5], Bot points:[3, 13]
Player get one more card ♣J
Bot get one more card ♣5
Bot get one more card ♠4
Bot get one more card ♠T
Player point: 15, Bot point: 22
Player win! Money: 922.0
========================
Round #988
Player cards: [♣2, ♠Q], Bot cards:[♣7, ♦J]
Player points: [12, 12], Bot points:[17, 17]
Player get one more card ♠2
Player get one more card ♥8
Player point: 22, Bot point: 17
Player lose! Money: 902.0
========================
Round #989
Player cards: [♥8, ♥8], Bot cards:[♠5, ♣9]
Player points: [16, 16], Bot points:[14, 14]
-------- Split! Two hands: [17, 17], [17, 17]
For second hand:
Bot get one more card ♦5
Player point: 17, Bot point: 19
Player lose! Money: 882.0
========================
Player point: 17, Bot point: 19
Player lose! Money: 862.0
========================
Round #990
Player cards: [♦5, ♣8], Bot cards:[♦3, ♦A]
Player points: [13, 13], Bot points:[4, 14]
Bot get one more card ♣9
Bot get one more card ♣8
Player point: 13, Bot point: 21
Player lose! Money: 842.0
========================
Round #991
Player cards: [♥4, ♣8], Bot cards:[♣6, ♠T]
Player points: [12, 12], Bot points:[16, 16]
Bot get one more card ♠3
Player point: 12, Bot point: 19
Player lose! Money: 822.0
========================
Round #992
Player cards: [♣K, ♣K], Bot cards:[♠8, ♠A]
Player points: [20, 20], Bot points:[9, 19]
Bot get one more card ♣9
Player point: 20, Bot point: 18
Player win! Money: 842.0
========================
Round #993
Player cards: [♦2, ♠Q], Bot cards:[♣2, ♣4]
Player points: [12, 12], Bot points:[6, 6]
Player get one more card ♥5
Bot get one more card ♣Q
Bot get one more card ♦J
Player point: 17, Bot point: 26
Player win! Money: 862.0
========================
Round #994
New deck
Player cards: [♠6, ♦8], Bot cards:[♥T, ♦A]
Player points: [14, 14], Bot points:[11, 21]
Player get one more card ♥6
Bot get one more card ♣J
Player point: 20, Bot point: 21
Player lose! Money: 842.0
========================
Round #995
Player cards: [♦2, ♦K], Bot cards:[♦4, ♣6]
Player points: [12, 12], Bot points:[10, 10]
Bot get one more card ♦9
Player point: 12, Bot point: 19
Player lose! Money: 822.0
========================
Round #996
Player cards: [♣9, ♣A], Bot cards:[♥2, ♠6]
Player points: [10, 20], Bot points:[8, 8]
Bot get one more card ♠8
Bot get one more card ♦9
Player point: 20, Bot point: 25
Player win! Money: 842.0
========================
Round #997
Player cards: [♥2, ♦4], Bot cards:[♣3, ♥J]
Player points: [6, 6], Bot points:[13, 13]
Player get one more card ♥8
Bot get one more card ♥4
Player point: 14, Bot point: 17
Player lose! Money: 822.0
========================
Round #998
Player cards: [♠4, ♦A], Bot cards:[♣2, ♣7]
Player points: [5, 15], Bot points:[9, 9]
Bot get one more card ♦A
Bot get one more card ♦5
Bot get one more card ♦7
Player point: 15, Bot point: 22
Player win! Money: 842.0
========================
Round #999
Total round: 1000. Blackjack count: 47
====== Game Begin! ======
Total money: 500
Player cards: [♠6, ♥7], Bot cards:[♠5, ♣A]
Player points: [13, 13], Bot points:[6, 16]
Bot get one more card ♦3
Bot get one more card ♠8
Player point: 13, Bot point: 17
Player lose! Money: 480
========================
Round #0
Player cards: [♦6, ♣Q], Bot cards:[♥T, ♣K]
Player points: [16, 16], Bot points:[20, 20]
Player get one more card ♣J
Player point: 26, Bot point: 20
Player lose! Money: 459
========================
Round #1
Player cards: [♠3, ♥K], Bot cards:[♠2, ♥4]
Player points: [13, 13], Bot points:[6, 6]
Bot get one more card ♥7
Bot get one more card ♥9
Player point: 13, Bot point: 22
Player win! Money: 478
========================
Round #2
Player cards: [♦T, ♥Q], Bot cards:[♦5, ♥K]
Player points: [20, 20], Bot points:[15, 15]
Bot get one more card ♥2
Player point: 20, Bot point: 17
Player win! Money: 497
========================
Round #3
Player cards: [♦3, ♣T], Bot cards:[♦8, ♦T]
Player points: [13, 13], Bot points:[18, 18]
Player get one more card ♥J
Player point: 23, Bot point: 18
Player lose! Money: 476
========================
Round #4
Player cards: [♠2, ♥J], Bot cards:[♦2, ♣7]
Player points: [12, 12], Bot points:[9, 9]
Player get one more card ♠3
Bot get one more card ♠Q
Player point: 15, Bot point: 19
Player lose! Money: 455
========================
Round #5
Player cards: [♦2, ♠8], Bot cards:[♣3, ♠9]
Player points: [10, 10], Bot points:[12, 12]
----- Double Bet! -----
Player get one more card ♥5
Bot get one more card ♣K
Player point: 15, Bot point: 22
Player win! Money: 494
========================
Round #6
Player cards: [♠2, ♦K], Bot cards:[♥2, ♠A]
Player points: [12, 12], Bot points:[3, 13]
Player get one more card ♦6
Bot get one more card ♦3
Bot get one more card ♠8
Bot get one more card ♣5
Player point: 18, Bot point: 19
Player lose! Money: 473
========================
Round #7
Player cards: [♥6, ♣9], Bot cards:[♦J, ♣Q]
Player points: [15, 15], Bot points:[20, 20]
Player get one more card ♠7
Player point: 22, Bot point: 20
Player lose! Money: 452
========================
Round #8
Player cards: [♣T, ♣J], Bot cards:[♥3, ♥T]
Player points: [20, 20], Bot points:[13, 13]
Bot get one more card ♠4
Player point: 20, Bot point: 17
Player win! Money: 471
========================
Round #9
Player cards: [♣Q, ♥A], Bot cards:[♥4, ♥J]
Player points: [11, 21], Bot points:[14, 14]
Bot get one more card ♣K
Player point: 21, Bot point: 24
------ BlackJack!! ------
Player win! Money: 494.0
========================
Round #10
Player cards: [♣4, ♣J], Bot cards:[♦4, ♠6]
Player points: [14, 14], Bot points:[10, 10]
Bot get one more card ♠A
Bot get one more card ♦T
Player point: 14, Bot point: 21
Player lose! Money: 473.0
========================
Round #11
Player cards: [♦J, ♠Q], Bot cards:[♥Q, ♥A]
Player points: [20, 20], Bot points:[11, 21]
Bot get one more card ♣Q
Player point: 20, Bot point: 21
Player lose! Money: 452.0
========================
Round #12
Player cards: [♥9, ♣9], Bot cards:[♣3, ♦5]
Player points: [18, 18], Bot points:[8, 8]
-------- Split! Two hands: [11, 11], [18, 18]
----- Double Bet! -----
Player get one more card ♣5
For second hand:
Bot get one more card ♦9
Player point: 16, Bot point: 17
Player lose! Money: 411.0
========================
Player point: 18, Bot point: 17
Player win! Money: 431.0
========================
Round #13
Player cards: [♣4, ♣4], Bot cards:[♦4, ♠5]
Player points: [8, 8], Bot points:[9, 9]
Player get one more card ♥T
Bot get one more card ♦J
Player point: 18, Bot point: 19
Player lose! Money: 410.0
========================
Round #14
Player cards: [♦5, ♣7], Bot cards:[♥3, ♣6]
Player points: [12, 12], Bot points:[9, 9]
Player get one more card ♣8
Bot get one more card ♥3
Bot get one more card ♥T
Player point: 20, Bot point: 22
Player win! Money: 429.0
========================
Round #15
Player cards: [♠5, ♣6], Bot cards:[♥5, ♦9]
Player points: [11, 11], Bot points:[14, 14]
----- Double Bet! -----
Player get one more card ♥4
Bot get one more card ♥8
Player point: 15, Bot point: 22
Player win! Money: 468.0
========================
Round #16
Player cards: [♣6, ♦A], Bot cards:[♣2, ♠T]
Player points: [7, 17], Bot points:[12, 12]
Bot get one more card ♣7
Player point: 17, Bot point: 19
Player lose! Money: 447.0
========================
Round #17
Player cards: [♠7, ♣7], Bot cards:[♣3, ♦7]
Player points: [14, 14], Bot points:[10, 10]
-------- Split! Two hands: [10, 10], [12, 12]
----- Double Bet! -----
Player get one more card ♠4
For second hand:
Player get one more card ♠T
Bot get one more card ♦8
Player point: 14, Bot point: 18
Player lose! Money: 406.0
========================
Player point: 22, Bot point: 18
Player lose! Money: 386.0
========================
Round #18
Player cards: [♦Q, ♦K], Bot cards:[♥2, ♣3]
Player points: [20, 20], Bot points:[5, 5]
Bot get one more card ♥5
Bot get one more card ♦9
Player point: 20, Bot point: 19
Player win! Money: 405.0
========================
Round #19
Player cards: [♥8, ♥8], Bot cards:[♠K, ♠A]
Player points: [16, 16], Bot points:[11, 21]
-------- Split! Two hands: [16, 16], [14, 14]
Player get one more card ♦4
For second hand:
Player get one more card ♦K
Bot get one more card ♣T
Player point: 20, Bot point: 21
Player lose! Money: 384.0
========================
Player point: 24, Bot point: 21
Player lose! Money: 364.0
========================
Round #20
Player cards: [♥6, ♥9], Bot cards:[♥K, ♥A]
Player points: [15, 15], Bot points:[11, 21]
Player get one more card ♣2
Bot get one more card ♣4
Bot get one more card ♠3
Player point: 17, Bot point: 18
Player lose! Money: 343.0
========================
Round #21
Player cards: [♠4, ♦K], Bot cards:[♥5, ♣K]
Player points: [14, 14], Bot points:[15, 15]
Bot get one more card ♦7
Player point: 14, Bot point: 22
Player win! Money: 362.0
========================
Round #22
Player cards: [♥2, ♦T], Bot cards:[♦9, ♦A]
Player points: [12, 12], Bot points:[10, 20]
Player get one more card ♦4
Player get one more card ♠5
Bot get one more card ♣A
Bot get one more card ♠9
Player point: 21, Bot point: 20
Player win! Money: 381.0
========================
Round #23
Player cards: [♠6, ♦J], Bot cards:[♦7, ♠J]
Player points: [16, 16], Bot points:[17, 17]
Player get one more card ♥7
Player point: 23, Bot point: 17
Player lose! Money: 360.0
========================
Round #24
Player cards: [♦6, ♦Q], Bot cards:[♦2, ♦8]
Player points: [16, 16], Bot points:[10, 10]
Bot get one more card ♦8
Player point: 16, Bot point: 18
Player lose! Money: 339.0
========================
Round #25
Player cards: [♠Q, ♥A], Bot cards:[♠7, ♠T]
Player points: [11, 21], Bot points:[17, 17]
Player point: 21, Bot point: 17
------ BlackJack!! ------
Player win! Money: 362.0
========================
Round #26
Player cards: [♦7, ♠K], Bot cards:[♠3, ♠A]
Player points: [17, 17], Bot points:[4, 14]
Bot get one more card ♥J
Bot get one more card ♦A
Bot get one more card ♥6
Player point: 17, Bot point: 21
Player lose! Money: 341.0
========================
Round #27
Player cards: [♦6, ♥6], Bot cards:[♥4, ♠K]
Player points: [12, 12], Bot points:[14, 14]
-------- Split! Two hands: [16, 16], [13, 13]
For second hand:
Bot get one more card ♦Q
Player point: 16, Bot point: 24
Player win! Money: 360.0
========================
Player point: 13, Bot point: 24
Player win! Money: 380.0
========================
Round #28
Player cards: [♣8, ♥Q], Bot cards:[♠2, ♥7]
Player points: [18, 18], Bot points:[9, 9]
Bot get one more card ♣5
Bot get one more card ♠J
Player point: 18, Bot point: 24
Player win! Money: 399.0
========================
Round #29
Player cards: [♣2, ♣A], Bot cards:[♥3, ♣8]
Player points: [3, 13], Bot points:[11, 11]
Bot get one more card ♠9
Player point: 13, Bot point: 20
Player lose! Money: 378.0
========================
Round #30
Player cards: [♠J, ♥Q], Bot cards:[♣2, ♦Q]
Player points: [20, 20], Bot points:[12, 12]
Bot get one more card ♣T
Player point: 20, Bot point: 22
Player win! Money: 397.0
========================
Round #31
Player cards: [♥8, ♥9], Bot cards:[♦A, ♣A]
Player points: [17, 17], Bot points:[2, 12]
Bot get one more card ♠6
Bot get one more card ♣9
Player point: 17, Bot point: 17
Draw! Money:396.0
========================
Round #32
New deck
Player cards: [♠5, ♠6], Bot cards:[♦5, ♥K]
Player points: [11, 11], Bot points:[15, 15]
----- Double Bet! -----
Player get one more card ♦K
Bot get one more card ♥7
Player point: 21, Bot point: 22
Player win! Money: 435.0
========================
Round #33
Player cards: [♠4, ♥J], Bot cards:[♣4, ♥A]
Player points: [14, 14], Bot points:[5, 15]
Bot get one more card ♣J
Bot get one more card ♥J
Player point: 14, Bot point: 25
Player win! Money: 454.0
========================
Round #34
Player cards: [♦2, ♣9], Bot cards:[♣2, ♥4]
Player points: [11, 11], Bot points:[6, 6]
----- Double Bet! -----
Player get one more card ♥7
Bot get one more card ♦2
Bot get one more card ♦7
Bot get one more card ♥Q
Player point: 18, Bot point: 25
Player win! Money: 493.0
========================
Round #35
Player cards: [♣9, ♠A], Bot cards:[♣Q, ♠K]
Player points: [10, 20], Bot points:[20, 20]
Player point: 20, Bot point: 20
Draw! Money:492.0
========================
Round #36
Player cards: [♦7, ♦J], Bot cards:[♠2, ♥3]
Player points: [17, 17], Bot points:[5, 5]
Bot get one more card ♥7
Bot get one more card ♣3
Bot get one more card ♦4
Player point: 17, Bot point: 19
Player lose! Money: 471.0
========================
Round #37
Player cards: [♣9, ♣K], Bot cards:[♦Q, ♠Q]
Player points: [19, 19], Bot points:[20, 20]
Player point: 19, Bot point: 20
Player lose! Money: 450.0
========================
Round #38
Player cards: [♦8, ♠9], Bot cards:[♠5, ♠J]
Player points: [17, 17], Bot points:[15, 15]
Bot get one more card ♠6
Player point: 17, Bot point: 21
Player lose! Money: 429.0
========================
Round #39
Player cards: [♥5, ♠6], Bot cards:[♣A, ♥A]
Player points: [11, 11], Bot points:[2, 12]
----- Double Bet! -----
Player get one more card ♥6
Bot get one more card ♦6
Bot get one more card ♦5
Bot get one more card ♥8
Player point: 17, Bot point: 21
Player lose! Money: 388.0
========================
Round #40
Player cards: [♥4, ♠9], Bot cards:[♠3, ♦K]
Player points: [13, 13], Bot points:[13, 13]
Bot get one more card ♣6
Player point: 13, Bot point: 19
Player lose! Money: 367.0
========================
Round #41
Player cards: [♦2, ♥Q], Bot cards:[♠7, ♥Q]
Player points: [12, 12], Bot points:[17, 17]
Player get one more card ♦A
Player get one more card ♣K
Player point: 23, Bot point: 17
Player lose! Money: 346.0
========================
Round #42
Player cards: [♣9, ♦J], Bot cards:[♥6, ♠9]
Player points: [19, 19], Bot points:[15, 15]
Bot get one more card ♣7
Player point: 19, Bot point: 22
Player win! Money: 365.0
========================
Round #43
Player cards: [♠2, ♥J], Bot cards:[♠5, ♥5]
Player points: [12, 12], Bot points:[10, 10]
Bot get one more card ♥5
Bot get one more card ♠T
Player point: 12, Bot point: 25
Player win! Money: 384.0
========================
Round #44
Player cards: [♠4, ♠Q], Bot cards:[♥3, ♠Q]
Player points: [14, 14], Bot points:[13, 13]
Bot get one more card ♥K
Player point: 14, Bot point: 23
Player win! Money: 403.0
========================
Round #45
Player cards: [♥2, ♣J], Bot cards:[♠8, ♠K]
Player points: [12, 12], Bot points:[18, 18]
Player get one more card ♠8
Player point: 20, Bot point: 18
Player win! Money: 422.0
========================
Round #46
Player cards: [♠5, ♥T], Bot cards:[♦8, ♦Q]
Player points: [15, 15], Bot points:[18, 18]
Player get one more card ♣3
Player point: 18, Bot point: 18
Draw! Money:421.0
========================
Round #47
Player cards: [♣Q, ♥Q], Bot cards:[♠2, ♣T]
Player points: [20, 20], Bot points:[12, 12]
Bot get one more card ♥T
Player point: 20, Bot point: 22
Player win! Money: 440.0
========================
Round #48
Player cards: [♥2, ♠7], Bot cards:[♦3, ♦3]
Player points: [9, 9], Bot points:[6, 6]
----- Double Bet! -----
Player get one more card ♥8
Bot get one more card ♣Q
Bot get one more card ♥T
Player point: 17, Bot point: 26
Player win! Money: 479.0
========================
Round #49
Player cards: [♠3, ♦A], Bot cards:[♣5, ♣J]
Player points: [4, 14], Bot points:[15, 15]
Bot get one more card ♥5
Player point: 14, Bot point: 20
Player lose! Money: 458.0
========================
Round #50
Player cards: [♥9, ♠K], Bot cards:[♦5, ♠A]
Player points: [19, 19], Bot points:[6, 16]
Bot get one more card ♠T
Bot get one more card ♦7
Player point: 19, Bot point: 23
Player win! Money: 477.0
========================
Round #51
Player cards: [♠3, ♣5], Bot cards:[♥2, ♣K]
Player points: [8, 8], Bot points:[12, 12]
Player get one more card ♥9
Bot get one more card ♥7
Player point: 17, Bot point: 19
Player lose! Money: 456.0
========================
Round #52
Player cards: [♣7, ♦T], Bot cards:[♣4, ♥A]
Player points: [17, 17], Bot points:[5, 15]
Bot get one more card ♥T
Bot get one more card ♠9
Player point: 17, Bot point: 24
Player win! Money: 475.0
========================
Round #53
Player cards: [♣3, ♣7], Bot cards:[♦9, ♣T]
Player points: [10, 10], Bot points:[19, 19]
----- Double Bet! -----
Player get one more card ♥A
Player point: 21, Bot point: 19
Player win! Money: 514.0
========================
Round #54
Player cards: [♣5, ♣6], Bot cards:[♠T, ♠Q]
Player points: [11, 11], Bot points:[20, 20]
----- Double Bet! -----
Player get one more card ♠2
Player point: 13, Bot point: 20
Player lose! Money: 473.0
========================
Round #55
Player cards: [♦3, ♦5], Bot cards:[♠4, ♦Q]
Player points: [8, 8], Bot points:[14, 14]
Player get one more card ♠A
Bot get one more card ♠A
Bot get one more card ♠8
Player point: 19, Bot point: 23
Player win! Money: 492.0
========================
Round #56
Player cards: [♣6, ♦9], Bot cards:[♥4, ♣Q]
Player points: [15, 15], Bot points:[14, 14]
Bot get one more card ♣J
Player point: 15, Bot point: 24
Player win! Money: 511.0
========================
Round #57
Player cards: [♣T, ♥K], Bot cards:[♣4, ♦9]
Player points: [20, 20], Bot points:[13, 13]
Bot get one more card ♣6
Player point: 20, Bot point: 19
Player win! Money: 530.0
========================
Round #58
Player cards: [♦J, ♣K], Bot cards:[♦8, ♣8]
Player points: [20, 20], Bot points:[16, 16]
Bot get one more card ♠J
Player point: 20, Bot point: 26
Player win! Money: 549.0
========================
Round #59
Player cards: [♦2, ♦T], Bot cards:[♠4, ♦9]
Player points: [12, 12], Bot points:[13, 13]
Bot get one more card ♣T
Player point: 12, Bot point: 23
Player win! Money: 568.0
========================
Round #60
Player cards: [♥3, ♦Q], Bot cards:[♥4, ♦A]
Player points: [13, 13], Bot points:[5, 15]
Bot get one more card ♦6
Bot get one more card ♥J
Player point: 13, Bot point: 21
Player lose! Money: 547.0
========================
Round #61
Player cards: [♦6, ♦J], Bot cards:[♣8, ♥8]
Player points: [16, 16], Bot points:[16, 16]
Player get one more card ♠T
Bot get one more card ♥K
Player point: 26, Bot point: 26
Player lose! Money: 526.0
========================
Round #62
Player cards: [♣8, ♦K], Bot cards:[♦8, ♥9]
Player points: [18, 18], Bot points:[17, 17]
Player point: 18, Bot point: 17
Player win! Money: 545.0
========================
Round #63
Player cards: [♦4, ♠K], Bot cards:[♣2, ♦5]
Player points: [14, 14], Bot points:[7, 7]
Bot get one more card ♥K
Player point: 14, Bot point: 17
Player lose! Money: 524.0
========================
Round #64
Player cards: [♣4, ♣8], Bot cards:[♣2, ♦6]
Player points: [12, 12], Bot points:[8, 8]
Player get one more card ♥6
Bot get one more card ♣7
Bot get one more card ♥2
Player point: 18, Bot point: 17
Player win! Money: 543.0
========================
Round #65
Player cards: [♠4, ♦T], Bot cards:[♠7, ♦T]
Player points: [14, 14], Bot points:[17, 17]
Player get one more card ♥3
Player point: 17, Bot point: 17
Draw! Money:542.0
========================
Round #66
Player cards: [♠3, ♠7], Bot cards:[♣2, ♠6]
Player points: [10, 10], Bot points:[8, 8]
----- Double Bet! -----
Player get one more card ♣A
Bot get one more card ♣9
Player point: 21, Bot point: 17
Player win! Money: 581.0
========================
Round #67
Player cards: [♣8, ♦K], Bot cards:[♦4, ♥6]
Player points: [18, 18], Bot points:[10, 10]
Bot get one more card ♣A
Bot get one more card ♣A
Bot get one more card ♣3
Bot get one more card ♦3
Player point: 18, Bot point: 18
Draw! Money:580.0
========================
Round #68
Player cards: [♦7, ♠T], Bot cards:[♥9, ♣J]
Player points: [17, 17], Bot points:[19, 19]
Player point: 17, Bot point: 19
Player lose! Money: 559.0
========================
Round #69
New deck
Player cards: [♠2, ♣K], Bot cards:[♠4, ♥Q]
Player points: [12, 12], Bot points:[14, 14]
Bot get one more card ♠T
Player point: 12, Bot point: 24
Player win! Money: 578.0
========================
Round #70
Player cards: [♠6, ♦K], Bot cards:[♠4, ♥4]
Player points: [16, 16], Bot points:[8, 8]
Bot get one more card ♦A
Bot get one more card ♣Q
Player point: 16, Bot point: 19
Player lose! Money: 557.0
========================
Round #71
Player cards: [♥8, ♥K], Bot cards:[♥2, ♥9]
Player points: [18, 18], Bot points:[11, 11]
Bot get one more card ♣J
Player point: 18, Bot point: 21
Player lose! Money: 536.0
========================
Round #72
Player cards: [♦3, ♠J], Bot cards:[♥5, ♥K]
Player points: [13, 13], Bot points:[15, 15]
Bot get one more card ♠A
Bot get one more card ♦9
Player point: 13, Bot point: 25
Player win! Money: 555.0
========================
Round #73
Player cards: [♠6, ♠A], Bot cards:[♦4, ♦6]
Player points: [7, 17], Bot points:[10, 10]
Bot get one more card ♠7
Player point: 17, Bot point: 17
Draw! Money:554.0
========================
Round #74
Player cards: [♦2, ♦3], Bot cards:[♠8, ♠T]
Player points: [5, 5], Bot points:[18, 18]
Player get one more card ♣8
Player get one more card ♣7
Player point: 20, Bot point: 18
Player win! Money: 573.0
========================
Round #75
Player cards: [♦Q, ♣A], Bot cards:[♣2, ♠8]
Player points: [11, 21], Bot points:[10, 10]
Bot get one more card ♥7
Player point: 21, Bot point: 17
------ BlackJack!! ------
Player win! Money: 596.0
========================
Round #76
Player cards: [♥Q, ♠A], Bot cards:[♦6, ♠K]
Player points: [11, 21], Bot points:[16, 16]
Bot get one more card ♣6
Player point: 21, Bot point: 22
------ BlackJack!! ------
Player win! Money: 619.0
========================
Round #77
Player cards: [♠2, ♦T], Bot cards:[♥3, ♦J]
Player points: [12, 12], Bot points:[13, 13]
Player get one more card ♦A
Bot get one more card ♥9
Player point: 13, Bot point: 22
Player win! Money: 638.0
========================
Round #78
Player cards: [♦8, ♣Q], Bot cards:[♣2, ♥8]
Player points: [18, 18], Bot points:[10, 10]
Bot get one more card ♦2
Bot get one more card ♠6
Player point: 18, Bot point: 18
Draw! Money:637.0
========================
Round #79
Player cards: [♣3, ♥4], Bot cards:[♦6, ♠J]
Player points: [7, 7], Bot points:[16, 16]
Player get one more card ♥T
Bot get one more card ♥Q
Player point: 17, Bot point: 26
Player win! Money: 656.0
========================
Round #80
Player cards: [♦6, ♠J], Bot cards:[♥Q, ♠A]
Player points: [16, 16], Bot points:[11, 21]
Player get one more card ♠8
Bot get one more card ♦Q
Player point: 24, Bot point: 21
Player lose! Money: 635.0
========================
Round #81
Player cards: [♣5, ♦T], Bot cards:[♣6, ♠Q]
Player points: [15, 15], Bot points:[16, 16]
Bot get one more card ♠5
Player point: 15, Bot point: 21
Player lose! Money: 614.0
========================
Round #82
Player cards: [♥3, ♠8], Bot cards:[♣2, ♥T]
Player points: [11, 11], Bot points:[12, 12]
----- Double Bet! -----
Player get one more card ♦Q
Bot get one more card ♣6
Player point: 21, Bot point: 18
Player win! Money: 653.0
========================
Round #83
Player cards: [♣9, ♦A], Bot cards:[♥4, ♥J]
Player points: [10, 20], Bot points:[14, 14]
Bot get one more card ♦Q
Player point: 20, Bot point: 24
Player win! Money: 672.0
========================
Round #84
Player cards: [♣4, ♥6], Bot cards:[♣T, ♣A]
Player points: [10, 10], Bot points:[11, 21]
Player get one more card ♥K
Bot get one more card ♦2
Bot get one more card ♣4
Player point: 20, Bot point: 17
Player win! Money: 691.0
========================
Round #85
Player cards: [♦4, ♣A], Bot cards:[♣2, ♠5]
Player points: [5, 15], Bot points:[7, 7]
Bot get one more card ♣K
Player point: 15, Bot point: 17
Player lose! Money: 670.0
========================
Round #86
Player cards: [♥2, ♥9], Bot cards:[♣7, ♠K]
Player points: [11, 11], Bot points:[17, 17]
----- Double Bet! -----
Player get one more card ♦K
Player point: 21, Bot point: 17
Player win! Money: 709.0
========================
Round #87
Player cards: [♠3, ♥J], Bot cards:[♣3, ♠J]
Player points: [13, 13], Bot points:[13, 13]
Bot get one more card ♠T
Player point: 13, Bot point: 23
Player win! Money: 728.0
========================
Round #88
Player cards: [♦9, ♣A], Bot cards:[♥8, ♥A]
Player points: [10, 20], Bot points:[9, 19]
Bot get one more card ♠K
Player point: 20, Bot point: 19
Player win! Money: 747.0
========================
Round #89
Player cards: [♣8, ♠K], Bot cards:[♥5, ♣8]
Player points: [18, 18], Bot points:[13, 13]
Bot get one more card ♣9
Player point: 18, Bot point: 22
Player win! Money: 766.0
========================
Round #90
Player cards: [♣3, ♥J], Bot cards:[♣5, ♦5]
Player points: [13, 13], Bot points:[10, 10]
Bot get one more card ♦8
Player point: 13, Bot point: 18
Player lose! Money: 745.0
========================
Round #91
Player cards: [♣5, ♣9], Bot cards:[♥5, ♠Q]
Player points: [14, 14], Bot points:[15, 15]
Bot get one more card ♣T
Player point: 14, Bot point: 25
Player win! Money: 764.0
========================
Round #92
Player cards: [♣7, ♠9], Bot cards:[♠7, ♠J]
Player points: [16, 16], Bot points:[17, 17]
Player get one more card ♦T
Player point: 26, Bot point: 17
Player lose! Money: 743.0
========================
Round #93
Player cards: [♦8, ♦9], Bot cards:[♠6, ♥T]
Player points: [17, 17], Bot points:[16, 16]
Bot get one more card ♠Q
Player point: 17, Bot point: 26
Player win! Money: 762.0
========================
Round #94
Player cards: [♠3, ♠9], Bot cards:[♦5, ♥T]
Player points: [12, 12], Bot points:[15, 15]
Bot get one more card ♥2
Player point: 12, Bot point: 17
Player lose! Money: 741.0
========================
Round #95
Player cards: [♦7, ♣7], Bot cards:[♥3, ♦8]
Player points: [14, 14], Bot points:[11, 11]
-------- Split! Two hands: [8, 18], [15, 15]
For second hand:
Bot get one more card ♣4
Bot get one more card ♥6
Player point: 18, Bot point: 21
Player lose! Money: 720.0
========================
Player point: 15, Bot point: 21
Player lose! Money: 700.0
========================
Round #96
Player cards: [♣5, ♥8], Bot cards:[♦3, ♠4]
Player points: [13, 13], Bot points:[7, 7]
Bot get one more card ♣4
Bot get one more card ♣J
Player point: 13, Bot point: 21
Player lose! Money: 679.0
========================
Round #97
Player cards: [♦5, ♥A], Bot cards:[♦3, ♥J]
Player points: [6, 16], Bot points:[13, 13]
Bot get one more card ♥8
Player point: 16, Bot point: 21
Player lose! Money: 658.0
========================
Round #98
Player cards: [♦4, ♦K], Bot cards:[♠2, ♥6]
Player points: [14, 14], Bot points:[8, 8]
Bot get one more card ♠8
Bot get one more card ♦9
Player point: 14, Bot point: 25
Player win! Money: 677.0
========================
Round #99
Player cards: [♥2, ♥7], Bot cards:[♠3, ♣Q]
Player points: [9, 9], Bot points:[13, 13]
----- Double Bet! -----
Player get one more card ♣3
Bot get one more card ♦J
Player point: 12, Bot point: 23
Player win! Money: 716.0
========================
Round #100
Player cards: [♠3, ♥7], Bot cards:[♦5, ♣6]
Player points: [10, 10], Bot points:[11, 11]
----- Double Bet! -----
Player get one more card ♥K
Bot get one more card ♠T
Player point: 20, Bot point: 21
Player lose! Money: 675.0
========================
Round #101
Player cards: [♦7, ♦7], Bot cards:[♠5, ♥6]
Player points: [14, 14], Bot points:[11, 11]
-------- Split! Two hands: [8, 18], [9, 9]
For second hand:
----- Double Bet! -----
Player get one more card ♠4
Bot get one more card ♠Q
Player point: 18, Bot point: 21
Player lose! Money: 654.0
========================
Player point: 13, Bot point: 21
Player lose! Money: 614.0
========================
Round #102
Player cards: [♠9, ♠9], Bot cards:[♥4, ♥5]
Player points: [18, 18], Bot points:[9, 9]
-------- Split! Two hands: [19, 19], [18, 18]
For second hand:
Bot get one more card ♣9
Player point: 19, Bot point: 18
Player win! Money: 633.0
========================
Player point: 18, Bot point: 18
Draw! Money:633.0
========================
Round #103
Player cards: [♠5, ♠7], Bot cards:[♠7, ♦K]
Player points: [12, 12], Bot points:[17, 17]
Player get one more card ♠Q
Player point: 22, Bot point: 17
Player lose! Money: 612.0
========================
Round #104
Player cards: [♦7, ♣T], Bot cards:[♣5, ♣Q]
Player points: [17, 17], Bot points:[15, 15]
Bot get one more card ♦4
Player point: 17, Bot point: 19
Player lose! Money: 591.0
========================
Round #105
Player cards: [♦4, ♣J], Bot cards:[♥A, ♦A]
Player points: [14, 14], Bot points:[2, 12]
Player get one more card ♦T
Bot get one more card ♦J
Bot get one more card ♥3
Bot get one more card ♥7
Player point: 24, Bot point: 22
Player lose! Money: 570.0
========================
Round #106
New deck
Player cards: [♣6, ♥Q], Bot cards:[♣4, ♦J]
Player points: [16, 16], Bot points:[14, 14]
Bot get one more card ♣T
Player point: 16, Bot point: 24
Player win! Money: 589.0
========================
Round #107
Player cards: [♥9, ♣K], Bot cards:[♠9, ♦J]
Player points: [19, 19], Bot points:[19, 19]
Player point: 19, Bot point: 19
Draw! Money:588.0
========================
Round #108
Player cards: [♠8, ♦A], Bot cards:[♥7, ♠Q]
Player points: [9, 19], Bot points:[17, 17]
Player point: 19, Bot point: 17
Player win! Money: 607.0
========================
Round #109
Player cards: [♠3, ♣6], Bot cards:[♥J, ♠Q]
Player points: [9, 9], Bot points:[20, 20]
Player get one more card ♦6
Player get one more card ♣K
Player point: 25, Bot point: 20
Player lose! Money: 586.0
========================
Round #110
Player cards: [♣2, ♠5], Bot cards:[♠7, ♣T]
Player points: [7, 7], Bot points:[17, 17]
Player get one more card ♦2
Player get one more card ♥5
Player get one more card ♠2
Player get one more card ♦K
Player point: 26, Bot point: 17
Player lose! Money: 565.0
========================
Round #111
Player cards: [♣T, ♥A], Bot cards:[♣5, ♣8]
Player points: [11, 21], Bot points:[13, 13]
Bot get one more card ♠4
Player point: 21, Bot point: 17
------ BlackJack!! ------
Player win! Money: 588.0
========================
Round #112
Player cards: [♣3, ♣5], Bot cards:[♠2, ♣4]
Player points: [8, 8], Bot points:[6, 6]
Player get one more card ♠5
Bot get one more card ♥A
Bot get one more card ♣Q
Player point: 13, Bot point: 17
Player lose! Money: 567.0
========================
Round #113
Player cards: [♠7, ♦7], Bot cards:[♦3, ♥5]
Player points: [14, 14], Bot points:[8, 8]
-------- Split! Two hands: [15, 15], [15, 15]
For second hand:
Bot get one more card ♠K
Player point: 15, Bot point: 18
Player lose! Money: 546.0
========================
Player point: 15, Bot point: 18
Player lose! Money: 526.0
========================
Round #114
Player cards: [♦5, ♥8], Bot cards:[♦J, ♦J]
Player points: [13, 13], Bot points:[20, 20]
Player get one more card ♦J
Player point: 23, Bot point: 20
Player lose! Money: 505.0
========================
Round #115
Player cards: [♣7, ♦9], Bot cards:[♥2, ♣9]
Player points: [16, 16], Bot points:[11, 11]
Bot get one more card ♠5
Bot get one more card ♥A
Player point: 16, Bot point: 17
Player lose! Money: 484.0
========================
Round #116
Player cards: [♠2, ♣T], Bot cards:[♥Q, ♦Q]
Player points: [12, 12], Bot points:[20, 20]
Player get one more card ♥A
Player get one more card ♦4
Player point: 17, Bot point: 20
Player lose! Money: 463.0
========================
Round #117
Player cards: [♦5, ♠Q], Bot cards:[♦6, ♠J]
Player points: [15, 15], Bot points:[16, 16]
Bot get one more card ♥4
Player point: 15, Bot point: 20
Player lose! Money: 442.0
========================
Round #118
Player cards: [♣3, ♣T], Bot cards:[♦8, ♦9]
Player points: [13, 13], Bot points:[17, 17]
Player get one more card ♥8
Player point: 21, Bot point: 17
Player win! Money: 461.0
========================
Round #119
Player cards: [♥K, ♦A], Bot cards:[♥7, ♣A]
Player points: [11, 21], Bot points:[8, 18]
Bot get one more card ♥4
Bot get one more card ♣4
Bot get one more card ♣3
Player point: 21, Bot point: 19
------ BlackJack!! ------
Player win! Money: 484.0
========================
Round #120
Player cards: [♣K, ♠A], Bot cards:[♣6, ♥Q]
Player points: [11, 21], Bot points:[16, 16]
Bot get one more card ♠J
Player point: 21, Bot point: 26
------ BlackJack!! ------
Player win! Money: 507.0
========================
Round #121
Player cards: [♠4, ♥6], Bot cards:[♥J, ♠J]
Player points: [10, 10], Bot points:[20, 20]
Player get one more card ♥3
Player get one more card ♥3
Player get one more card ♥6
Player point: 22, Bot point: 20
Player lose! Money: 486.0
========================
Round #122
Player cards: [♠7, ♥K], Bot cards:[♣5, ♣Q]
Player points: [17, 17], Bot points:[15, 15]
Bot get one more card ♠6
Player point: 17, Bot point: 21
Player lose! Money: 465.0
========================
Round #123
Player cards: [♣9, ♥9], Bot cards:[♦3, ♦3]
Player points: [18, 18], Bot points:[6, 6]
-------- Split! Two hands: [13, 13], [17, 17]
For second hand:
Bot get one more card ♦4
Bot get one more card ♦Q
Player point: 13, Bot point: 20
Player lose! Money: 444.0
========================
Player point: 17, Bot point: 20
Player lose! Money: 424.0
========================
Round #124
Player cards: [♦T, ♣K], Bot cards:[♣Q, ♦K]
Player points: [20, 20], Bot points:[20, 20]
Player point: 20, Bot point: 20
Draw! Money:423.0
========================
Round #125
Player cards: [♠2, ♦8], Bot cards:[♣J, ♣K]
Player points: [10, 10], Bot points:[20, 20]
Player get one more card ♣7
Player point: 17, Bot point: 20
Player lose! Money: 402.0
========================
Round #126
Player cards: [♥2, ♥8], Bot cards:[♦3, ♦7]
Player points: [10, 10], Bot points:[10, 10]
----- Double Bet! -----
Player get one more card ♣J
Bot get one more card ♥9
Player point: 20, Bot point: 19
Player win! Money: 441.0
========================
Round #127
Player cards: [♦4, ♠A], Bot cards:[♠3, ♦6]
Player points: [5, 15], Bot points:[9, 9]
Bot get one more card ♠2
Bot get one more card ♠3
Bot get one more card ♣2
Bot get one more card ♠9
Player point: 15, Bot point: 25
Player win! Money: 460.0
========================
Round #128
Player cards: [♥5, ♦5], Bot cards:[♠J, ♥K]
Player points: [10, 10], Bot points:[20, 20]
Player get one more card ♦5
Player get one more card ♠9
Player point: 24, Bot point: 20
Player lose! Money: 439.0
========================
Round #129
Player cards: [♥T, ♥J], Bot cards:[♥4, ♦6]
Player points: [20, 20], Bot points:[10, 10]
Bot get one more card ♥6
Bot get one more card ♠4
Player point: 20, Bot point: 20
Draw! Money:438.0
========================
Round #130
Player cards: [♦8, ♦A], Bot cards:[♠6, ♥8]
Player points: [9, 19], Bot points:[14, 14]
Bot get one more card ♠J
Player point: 19, Bot point: 24
Player win! Money: 457.0
========================
Round #131
Player cards: [♥4, ♦K], Bot cards:[♣5, ♠6]
Player points: [14, 14], Bot points:[11, 11]
Bot get one more card ♠7
Player point: 14, Bot point: 18
Player lose! Money: 436.0
========================
Round #132
Player cards: [♣7, ♥T], Bot cards:[♣6, ♠6]
Player points: [17, 17], Bot points:[12, 12]
Bot get one more card ♣A
Bot get one more card ♦T
Player point: 17, Bot point: 23
Player win! Money: 455.0
========================
Round #133
Player cards: [♦2, ♣8], Bot cards:[♣J, ♣A]
Player points: [10, 10], Bot points:[11, 21]
Player get one more card ♥2
Player get one more card ♠K
Bot get one more card ♦T
Player point: 22, Bot point: 21
Player lose! Money: 434.0
========================
Round #134
Player cards: [♦2, ♣K], Bot cards:[♥2, ♠Q]
Player points: [12, 12], Bot points:[12, 12]
Player get one more card ♠K
Bot get one more card ♣9
Player point: 22, Bot point: 21
Player lose! Money: 413.0
========================
Round #135
Player cards: [♥6, ♥T], Bot cards:[♣9, ♠J]
Player points: [16, 16], Bot points:[19, 19]
Player get one more card ♥5
Player point: 21, Bot point: 19
Player win! Money: 432.0
========================
Round #136
Player cards: [♥3, ♦9], Bot cards:[♦9, ♥K]
Player points: [12, 12], Bot points:[19, 19]
Player get one more card ♠A
Player get one more card ♣2
Player get one more card ♦7
Player point: 22, Bot point: 19
Player lose! Money: 411.0
========================
Round #137
Player cards: [♣2, ♦T], Bot cards:[♠T, ♦A]
Player points: [12, 12], Bot points:[11, 21]
Player get one more card ♠T
Bot get one more card ♠5
Bot get one more card ♦8
Player point: 22, Bot point: 24
Player lose! Money: 390.0
========================
Round #138
Player cards: [♠T, ♣J], Bot cards:[♠3, ♣Q]
Player points: [20, 20], Bot points:[13, 13]
Bot get one more card ♣3
Bot get one more card ♠T
Player point: 20, Bot point: 26
Player win! Money: 409.0
========================
Round #139
Player cards: [♥J, ♥Q], Bot cards:[♦Q, ♣A]
Player points: [20, 20], Bot points:[11, 21]
Bot get one more card ♠8
Player point: 20, Bot point: 19
Player win! Money: 428.0
========================
Round #140
Player cards: [♠8, ♠A], Bot cards:[♥9, ♦Q]
Player points: [9, 19], Bot points:[19, 19]
Player point: 19, Bot point: 19
Draw! Money:427.0
========================
Round #141
Player cards: [♦7, ♥T], Bot cards:[♥3, ♥7]
Player points: [17, 17], Bot points:[10, 10]
Bot get one more card ♣4
Bot get one more card ♣7
Player point: 17, Bot point: 21
Player lose! Money: 406.0
========================
Round #142
New deck
Player cards: [♦6, ♦9], Bot cards:[♦4, ♣7]
Player points: [15, 15], Bot points:[11, 11]
Bot get one more card ♠6
Player point: 15, Bot point: 17
Player lose! Money: 385.0
========================
Round #143
Player cards: [♥6, ♣6], Bot cards:[♠4, ♦9]
Player points: [12, 12], Bot points:[13, 13]
-------- Split! Two hands: [13, 13], [8, 8]
For second hand:
Player get one more card ♣6
Bot get one more card ♠6
Player point: 13, Bot point: 19
Player lose! Money: 364.0
========================
Player point: 14, Bot point: 19
Player lose! Money: 344.0
========================
Round #144
Player cards: [♥7, ♥7], Bot cards:[♥6, ♠J]
Player points: [14, 14], Bot points:[16, 16]
-------- Split! Two hands: [8, 18], [9, 9]
For second hand:
----- Double Bet! -----
Player get one more card ♣A
Bot get one more card ♣3
Player point: 18, Bot point: 19
Player lose! Money: 323.0
========================
Player point: 20, Bot point: 19
Player win! Money: 363.0
========================
Round #145
Player cards: [♣J, ♦K], Bot cards:[♣T, ♣T]
Player points: [20, 20], Bot points:[20, 20]
Player point: 20, Bot point: 20
Draw! Money:362.0
========================
Round #146
Player cards: [♣2, ♦2], Bot cards:[♠2, ♥9]
Player points: [4, 4], Bot points:[11, 11]
Player get one more card ♦8
Player get one more card ♣7
Bot get one more card ♥2
Bot get one more card ♠2
Bot get one more card ♦Q
Player point: 19, Bot point: 25
Player win! Money: 381.0
========================
Round #147
Player cards: [♣7, ♦8], Bot cards:[♠3, ♥5]
Player points: [15, 15], Bot points:[8, 8]
Bot get one more card ♠A
Bot get one more card ♠J
Player point: 15, Bot point: 19
Player lose! Money: 360.0
========================
Round #148
Player cards: [♣4, ♠T], Bot cards:[♣6, ♣A]
Player points: [14, 14], Bot points:[7, 17]
Bot get one more card ♦5
Bot get one more card ♣K
Player point: 14, Bot point: 22
Player win! Money: 379.0
========================
Round #149
Player cards: [♥3, ♠6], Bot cards:[♦6, ♦A]
Player points: [9, 9], Bot points:[7, 17]
----- Double Bet! -----
Player get one more card ♦7
Bot get one more card ♣A
Bot get one more card ♠T
Player point: 16, Bot point: 18
Player lose! Money: 338.0
========================
Round #150
Player cards: [♣5, ♥Q], Bot cards:[♠2, ♠K]
Player points: [15, 15], Bot points:[12, 12]
Bot get one more card ♥K
Player point: 15, Bot point: 22
Player win! Money: 357.0
========================
Round #151
Player cards: [♣A, ♠A], Bot cards:[♠5, ♠9]
Player points: [2, 12], Bot points:[14, 14]
-------- Split! Two hands: [11, 21], [11, 21]
For second hand:
Bot get one more card ♣J
Player point: 21, Bot point: 24
------ BlackJack!! ------
Player win! Money: 380.0
========================
Player point: 21, Bot point: 24
------ BlackJack!! ------
Player win! Money: 404.0
========================
Round #152
Player cards: [♣4, ♠9], Bot cards:[♠7, ♥8]
Player points: [13, 13], Bot points:[15, 15]
Player get one more card ♣9
Bot get one more card ♦7
Player point: 22, Bot point: 22
Player lose! Money: 383.0
========================
Round #153
Player cards: [♦2, ♣2], Bot cards:[♦5, ♣6]
Player points: [4, 4], Bot points:[11, 11]
-------- Split! Two hands: [6, 6], [10, 10]
Player get one more card ♥9
For second hand:
----- Double Bet! -----
Player get one more card ♠Q
Bot get one more card ♥A
Bot get one more card ♥K
Player point: 15, Bot point: 22
Player win! Money: 402.0
========================
Player point: 20, Bot point: 22
Player win! Money: 442.0
========================
Round #154
Player cards: [♠9, ♣T], Bot cards:[♣4, ♦T]
Player points: [19, 19], Bot points:[14, 14]
Bot get one more card ♣Q
Player point: 19, Bot point: 24
Player win! Money: 461.0
========================
Round #155
Player cards: [♥6, ♠A], Bot cards:[♣2, ♠4]
Player points: [7, 17], Bot points:[6, 6]
Bot get one more card ♦7
Bot get one more card ♦T
Player point: 17, Bot point: 23
Player win! Money: 480.0
========================
Round #156
Player cards: [♥2, ♣Q], Bot cards:[♦6, ♦T]
Player points: [12, 12], Bot points:[16, 16]
Bot get one more card ♦Q
Player point: 12, Bot point: 26
Player win! Money: 499.0
========================
Round #157
Player cards: [♥5, ♦J], Bot cards:[♦3, ♠T]
Player points: [15, 15], Bot points:[13, 13]
Bot get one more card ♠5
Player point: 15, Bot point: 18
Player lose! Money: 478.0
========================
Round #158
Player cards: [♦2, ♦K], Bot cards:[♦9, ♥T]
Player points: [12, 12], Bot points:[19, 19]
Player get one more card ♣5
Player point: 17, Bot point: 19
Player lose! Money: 457.0
========================
Round #159
Player cards: [♥4, ♣4], Bot cards:[♣8, ♦J]
Player points: [8, 8], Bot points:[18, 18]
Player get one more card ♦J
Player point: 18, Bot point: 18
Draw! Money:456.0
========================
Round #160
Player cards: [♣5, ♥8], Bot cards:[♠9, ♠K]
Player points: [13, 13], Bot points:[19, 19]
Player get one more card ♥K
Player point: 23, Bot point: 19
Player lose! Money: 435.0
========================
Round #161
Player cards: [♣3, ♦9], Bot cards:[♦2, ♣Q]
Player points: [12, 12], Bot points:[12, 12]
Player get one more card ♠3
Bot get one more card ♣3
Bot get one more card ♠Q
Player point: 15, Bot point: 25
Player win! Money: 454.0
========================
Round #162
Player cards: [♠J, ♣K], Bot cards:[♥9, ♦A]
Player points: [20, 20], Bot points:[10, 20]
Bot get one more card ♥4
Bot get one more card ♠4
Player point: 20, Bot point: 18
Player win! Money: 473.0
========================
Round #163
Player cards: [♠8, ♦A], Bot cards:[♥6, ♥J]
Player points: [9, 19], Bot points:[16, 16]
Bot get one more card ♠5
Player point: 19, Bot point: 21
Player lose! Money: 452.0
========================
Round #164
Player cards: [♣9, ♥T], Bot cards:[♠7, ♦J]
Player points: [19, 19], Bot points:[17, 17]
Player point: 19, Bot point: 17
Player win! Money: 471.0
========================
Round #165
Player cards: [♣T, ♠Q], Bot cards:[♦3, ♠9]
Player points: [20, 20], Bot points:[12, 12]
Bot get one more card ♣J
Player point: 20, Bot point: 22
Player win! Money: 490.0
========================
Round #166
Player cards: [♣9, ♥K], Bot cards:[♥7, ♠K]
Player points: [19, 19], Bot points:[17, 17]
Player point: 19, Bot point: 17
Player win! Money: 509.0
========================
Round #167
Player cards: [♠J, ♦K], Bot cards:[♠K, ♥A]
Player points: [20, 20], Bot points:[11, 21]
Bot get one more card ♥8
Player point: 20, Bot point: 19
Player win! Money: 528.0
========================
Round #168
Player cards: [♣2, ♣J], Bot cards:[♥Q, ♣K]
Player points: [12, 12], Bot points:[20, 20]
Player get one more card ♠7
Player point: 19, Bot point: 20
Player lose! Money: 507.0
========================
Round #169
Player cards: [♦5, ♠6], Bot cards:[♦6, ♦A]
Player points: [11, 11], Bot points:[7, 17]
----- Double Bet! -----
Player get one more card ♥3
Bot get one more card ♠Q
Player point: 14, Bot point: 17
Player lose! Money: 466.0
========================
Round #170
Player cards: [♦5, ♥Q], Bot cards:[♦3, ♣8]
Player points: [15, 15], Bot points:[11, 11]
Bot get one more card ♠T
Player point: 15, Bot point: 21
Player lose! Money: 445.0
========================
Round #171
Player cards: [♦2, ♣8], Bot cards:[♦8, ♦Q]
Player points: [10, 10], Bot points:[18, 18]
----- Double Bet! -----
Player get one more card ♦T
Player point: 20, Bot point: 18
Player win! Money: 484.0
========================
Round #172
Player cards: [♥2, ♥7], Bot cards:[♥9, ♦K]
Player points: [9, 9], Bot points:[19, 19]
Player get one more card ♥J
Player point: 19, Bot point: 19
Draw! Money:483.0
========================
Round #173
Player cards: [♠8, ♠8], Bot cards:[♥5, ♣9]
Player points: [16, 16], Bot points:[14, 14]
-------- Split! Two hands: [12, 12], [11, 11]
For second hand:
----- Double Bet! -----
Player get one more card ♥3
Bot get one more card ♥4
Player point: 12, Bot point: 18
Player lose! Money: 462.0
========================
Player point: 14, Bot point: 18
Player lose! Money: 422.0
========================
Round #174
Player cards: [♣7, ♥7], Bot cards:[♥J, ♣K]
Player points: [14, 14], Bot points:[20, 20]
Player get one more card ♦3
Player point: 17, Bot point: 20
Player lose! Money: 401.0
========================
Round #175
Player cards: [♦4, ♣Q], Bot cards:[♥J, ♥A]
Player points: [14, 14], Bot points:[11, 21]
Player get one more card ♠3
Bot get one more card ♣3
Bot get one more card ♦8
Player point: 17, Bot point: 22
Player win! Money: 420.0
========================
Round #176
Player cards: [♦7, ♣8], Bot cards:[♠5, ♠A]
Player points: [15, 15], Bot points:[6, 16]
Bot get one more card ♠3
Bot get one more card ♥4
Bot get one more card ♣5
Player point: 15, Bot point: 18
Player lose! Money: 399.0
========================
Round #177
New deck
Player cards: [♣4, ♠8], Bot cards:[♦4, ♦7]
Player points: [12, 12], Bot points:[11, 11]
Bot get one more card ♣8
Player point: 12, Bot point: 19
Player lose! Money: 378.0
========================
Round #178
Player cards: [♠7, ♠J], Bot cards:[♣2, ♥K]
Player points: [17, 17], Bot points:[12, 12]
Bot get one more card ♥T
Player point: 17, Bot point: 22
Player win! Money: 397.0
========================
Round #179
Player cards: [♦2, ♥8], Bot cards:[♥6, ♦K]
Player points: [10, 10], Bot points:[16, 16]
----- Double Bet! -----
Player get one more card ♥2
Bot get one more card ♥Q
Player point: 12, Bot point: 26
Player win! Money: 436.0
========================
Round #180
Player cards: [♥2, ♠8], Bot cards:[♠2, ♠T]
Player points: [10, 10], Bot points:[12, 12]
----- Double Bet! -----
Player get one more card ♥J
Bot get one more card ♠7
Player point: 20, Bot point: 19
Player win! Money: 475.0
========================
Round #181
Player cards: [♣J, ♦A], Bot cards:[♦A, ♦A]
Player points: [11, 21], Bot points:[2, 12]
Bot get one more card ♣2
Bot get one more card ♣Q
Bot get one more card ♣7
Player point: 21, Bot point: 21
Player lose! Money: 454.0
========================
Round #182
Player cards: [♥2, ♥A], Bot cards:[♣3, ♦K]
Player points: [3, 13], Bot points:[13, 13]
Bot get one more card ♥5
Player point: 13, Bot point: 18
Player lose! Money: 433.0
========================
Round #183
Player cards: [♥9, ♣A], Bot cards:[♣3, ♣4]
Player points: [10, 20], Bot points:[7, 7]
Bot get one more card ♠3
Bot get one more card ♣J
Player point: 20, Bot point: 20
Draw! Money:432.0
========================
Round #184
Player cards: [♦3, ♥J], Bot cards:[♦5, ♥7]
Player points: [13, 13], Bot points:[12, 12]
Bot get one more card ♠2
Bot get one more card ♣A
Bot get one more card ♣2
Player point: 13, Bot point: 17
Player lose! Money: 411.0
========================
Round #185
Player cards: [♠4, ♠T], Bot cards:[♦5, ♥A]
Player points: [14, 14], Bot points:[6, 16]
Bot get one more card ♣4
Bot get one more card ♠A
Bot get one more card ♣7
Player point: 14, Bot point: 18
Player lose! Money: 390.0
========================
Round #186
Player cards: [♥6, ♠Q], Bot cards:[♥3, ♦K]
Player points: [16, 16], Bot points:[13, 13]
Bot get one more card ♠J
Player point: 16, Bot point: 23
Player win! Money: 409.0
========================
Round #187
Player cards: [♦2, ♥A], Bot cards:[♥K, ♥K]
Player points: [3, 13], Bot points:[20, 20]
Player get one more card ♣A
Player get one more card ♥4
Player point: 18, Bot point: 20
Player lose! Money: 388.0
========================
Round #188
Player cards: [♦3, ♠A], Bot cards:[♦4, ♥6]
Player points: [4, 14], Bot points:[10, 10]
Bot get one more card ♠4
Bot get one more card ♦Q
Player point: 14, Bot point: 24
Player win! Money: 407.0
========================
Round #189
Player cards: [♠6, ♥T], Bot cards:[♣5, ♥Q]
Player points: [16, 16], Bot points:[15, 15]
Bot get one more card ♥3
Player point: 16, Bot point: 18
Player lose! Money: 386.0
========================
Round #190
Player cards: [♦6, ♠7], Bot cards:[♣7, ♦T]
Player points: [13, 13], Bot points:[17, 17]
Player get one more card ♣Q
Player point: 23, Bot point: 17
Player lose! Money: 365.0
========================
Round #191
Player cards: [♥8, ♦T], Bot cards:[♣2, ♦Q]
Player points: [18, 18], Bot points:[12, 12]
Bot get one more card ♣8
Player point: 18, Bot point: 20
Player lose! Money: 344.0
========================
Round #192
Player cards: [♦8, ♦A], Bot cards:[♦9, ♠K]
Player points: [9, 19], Bot points:[19, 19]
Player point: 19, Bot point: 19
Draw! Money:343.0
========================
Round #193
Player cards: [♣5, ♦8], Bot cards:[♦T, ♠Q]
Player points: [13, 13], Bot points:[20, 20]
Player get one more card ♠9
Player point: 22, Bot point: 20
Player lose! Money: 322.0
========================
Round #194
Player cards: [♥9, ♠J], Bot cards:[♥3, ♥Q]
Player points: [19, 19], Bot points:[13, 13]
Bot get one more card ♥Q
Player point: 19, Bot point: 23
Player win! Money: 341.0
========================
Round #195
Player cards: [♠4, ♥4], Bot cards:[♣6, ♣J]
Player points: [8, 8], Bot points:[16, 16]
Player get one more card ♠7
Bot get one more card ♠9
Player point: 15, Bot point: 25
Player win! Money: 360.0
========================
Round #196
Player cards: [♣T, ♣Q], Bot cards:[♦4, ♠5]
Player points: [20, 20], Bot points:[9, 9]
Bot get one more card ♣K
Player point: 20, Bot point: 19
Player win! Money: 379.0
========================
Round #197
Player cards: [♥8, ♣K], Bot cards:[♠Q, ♦K]
Player points: [18, 18], Bot points:[20, 20]
Player point: 18, Bot point: 20
Player lose! Money: 358.0
========================
Round #198
Player cards: [♣T, ♠K], Bot cards:[♥8, ♥K]
Player points: [20, 20], Bot points:[18, 18]
Player point: 20, Bot point: 18
Player win! Money: 377.0
========================
Round #199
Player cards: [♦6, ♣T], Bot cards:[♥6, ♦8]
Player points: [16, 16], Bot points:[14, 14]
Bot get one more card ♥9
Player point: 16, Bot point: 23
Player win! Money: 396.0
========================
Round #200
Player cards: [♠5, ♦9], Bot cards:[♦7, ♣A]
Player points: [14, 14], Bot points:[8, 18]
Player get one more card ♦K
Bot get one more card ♦3
Bot get one more card ♦T
Player point: 24, Bot point: 21
Player lose! Money: 375.0
========================
Round #201
Player cards: [♥2, ♥9], Bot cards:[♠3, ♦3]
Player points: [11, 11], Bot points:[6, 6]
----- Double Bet! -----
Player get one more card ♥A
Bot get one more card ♣9
Bot get one more card ♥5
Player point: 12, Bot point: 20
Player lose! Money: 334.0
========================
Round #202
Player cards: [♠3, ♥T], Bot cards:[♣6, ♥7]
Player points: [13, 13], Bot points:[13, 13]
Bot get one more card ♣6
Player point: 13, Bot point: 19
Player lose! Money: 313.0
========================
Round #203
Player cards: [♦6, ♥8], Bot cards:[♠4, ♥5]
Player points: [14, 14], Bot points:[9, 9]
Bot get one more card ♠K
Player point: 14, Bot point: 19
Player lose! Money: 292.0
========================
Round #204
Player cards: [♥4, ♠T], Bot cards:[♠J, ♦Q]
Player points: [14, 14], Bot points:[20, 20]
Player get one more card ♥7
Player point: 21, Bot point: 20
Player win! Money: 311.0
========================
Round #205
Player cards: [♥T, ♦Q], Bot cards:[♣9, ♥J]
Player points: [20, 20], Bot points:[19, 19]
Player point: 20, Bot point: 19
Player win! Money: 330.0
========================
Round #206
Player cards: [♠9, ♦J], Bot cards:[♠4, ♠5]
Player points: [19, 19], Bot points:[9, 9]
Bot get one more card ♠8
Player point: 19, Bot point: 17
Player win! Money: 349.0
========================
Round #207
Player cards: [♠2, ♠4], Bot cards:[♣3, ♠5]
Player points: [6, 6], Bot points:[8, 8]
Player get one more card ♠6
Player get one more card ♣8
Bot get one more card ♣5
Bot get one more card ♣6
Player point: 20, Bot point: 19
Player win! Money: 368.0
========================
Round #208
Player cards: [♦6, ♣K], Bot cards:[♦5, ♣7]
Player points: [16, 16], Bot points:[12, 12]
Bot get one more card ♠3
Bot get one more card ♠T
Player point: 16, Bot point: 25
Player win! Money: 387.0
========================
Round #209
Player cards: [♠6, ♠Q], Bot cards:[♣9, ♦J]
Player points: [16, 16], Bot points:[19, 19]
Player get one more card ♠8
Player point: 24, Bot point: 19
Player lose! Money: 366.0
========================
Round #210
Player cards: [♥5, ♦J], Bot cards:[♦2, ♦9]
Player points: [15, 15], Bot points:[11, 11]
Bot get one more card ♠A
Bot get one more card ♣3
Bot get one more card ♠K
Player point: 15, Bot point: 25
Player win! Money: 385.0
========================
Round #211
Player cards: [♦2, ♣5], Bot cards:[♣9, ♣Q]
Player points: [7, 7], Bot points:[19, 19]
Player get one more card ♦7
Player get one more card ♦7
Player point: 21, Bot point: 19
Player win! Money: 404.0
========================
Round #212
Player cards: [♦9, ♦J], Bot cards:[♥4, ♠A]
Player points: [19, 19], Bot points:[5, 15]
Bot get one more card ♠2
Bot get one more card ♥7
Bot get one more card ♣J
Player point: 19, Bot point: 24
Player win! Money: 423.0
========================
Round #213
Player cards: [♦8, ♠K], Bot cards:[♠9, ♥J]
Player points: [18, 18], Bot points:[19, 19]
Player point: 18, Bot point: 19
Player lose! Money: 402.0
========================
Round #214
Player cards: [♣8, ♦Q], Bot cards:[♣T, ♣K]
Player points: [18, 18], Bot points:[20, 20]
Player point: 18, Bot point: 20
Player lose! Money: 381.0
========================
Round #215
New deck
Player cards: [♦4, ♠8], Bot cards:[♠4, ♠8]
Player points: [12, 12], Bot points:[12, 12]
Bot get one more card ♣7
Player point: 12, Bot point: 19
Player lose! Money: 360.0
========================
Round #216
Player cards: [♦3, ♥K], Bot cards:[♦4, ♣6]
Player points: [13, 13], Bot points:[10, 10]
Bot get one more card ♥9
Player point: 13, Bot point: 19
Player lose! Money: 339.0
========================
Round #217
Player cards: [♠2, ♣J], Bot cards:[♥5, ♥T]
Player points: [12, 12], Bot points:[15, 15]
Bot get one more card ♦J
Player point: 12, Bot point: 25
Player win! Money: 358.0
========================
Round #218
Player cards: [♦3, ♦5], Bot cards:[♦9, ♣T]
Player points: [8, 8], Bot points:[19, 19]
Player get one more card ♦2
Player get one more card ♣A
Player point: 21, Bot point: 19
Player win! Money: 377.0
========================
Round #219
Player cards: [♠6, ♦T], Bot cards:[♣2, ♠Q]
Player points: [16, 16], Bot points:[12, 12]
Bot get one more card ♥T
Player point: 16, Bot point: 22
Player win! Money: 396.0
========================
Round #220
Player cards: [♠J, ♥A], Bot cards:[♠9, ♥A]
Player points: [11, 21], Bot points:[10, 20]
Bot get one more card ♣K
Player point: 21, Bot point: 20
------ BlackJack!! ------
Player win! Money: 419.0
========================
Round #221
Player cards: [♠6, ♦A], Bot cards:[♦5, ♠5]
Player points: [7, 17], Bot points:[10, 10]
Bot get one more card ♦J
Player point: 17, Bot point: 20
Player lose! Money: 398.0
========================
Round #222
Player cards: [♣5, ♥K], Bot cards:[♣3, ♦7]
Player points: [15, 15], Bot points:[10, 10]
Bot get one more card ♦Q
Player point: 15, Bot point: 20
Player lose! Money: 377.0
========================
Round #223
Player cards: [♦8, ♥9], Bot cards:[♦5, ♦9]
Player points: [17, 17], Bot points:[14, 14]
Bot get one more card ♦J
Player point: 17, Bot point: 24
Player win! Money: 396.0
========================
Round #224
Player cards: [♠4, ♦6], Bot cards:[♥3, ♠J]
Player points: [10, 10], Bot points:[13, 13]
----- Double Bet! -----
Player get one more card ♦5
Bot get one more card ♠Q
Player point: 15, Bot point: 23
Player win! Money: 435.0
========================
Round #225
Player cards: [♦8, ♥J], Bot cards:[♥3, ♥7]
Player points: [18, 18], Bot points:[10, 10]
Bot get one more card ♦2
Bot get one more card ♦2
Bot get one more card ♦2
Bot get one more card ♦Q
Player point: 18, Bot point: 26
Player win! Money: 454.0
========================
Round #226
Player cards: [♥5, ♣J], Bot cards:[♦3, ♠5]
Player points: [15, 15], Bot points:[8, 8]
Bot get one more card ♥4
Bot get one more card ♣5
Player point: 15, Bot point: 17
Player lose! Money: 433.0
========================
Round #227
Player cards: [♦9, ♠A], Bot cards:[♠Q, ♣A]
Player points: [10, 20], Bot points:[11, 21]
Bot get one more card ♣8
Player point: 20, Bot point: 19
Player win! Money: 452.0
========================
Round #228
Player cards: [♠6, ♠8], Bot cards:[♠2, ♣Q]
Player points: [14, 14], Bot points:[12, 12]
Bot get one more card ♥2
Bot get one more card ♣3
Player point: 14, Bot point: 17
Player lose! Money: 431.0
========================
Round #229
Player cards: [♦T, ♥K], Bot cards:[♥4, ♦Q]
Player points: [20, 20], Bot points:[14, 14]
Bot get one more card ♣8
Player point: 20, Bot point: 22
Player win! Money: 450.0
========================
Round #230
Player cards: [♠T, ♦Q], Bot cards:[♣8, ♣K]
Player points: [20, 20], Bot points:[18, 18]
Player point: 20, Bot point: 18
Player win! Money: 469.0
========================
Round #231
Player cards: [♦A, ♣A], Bot cards:[♥T, ♠Q]
Player points: [2, 12], Bot points:[20, 20]
-------- Split! Two hands: [11, 21], [11, 21]
For second hand:
Player point: 21, Bot point: 20
------ BlackJack!! ------
Player win! Money: 492.0
========================
Player point: 21, Bot point: 20
------ BlackJack!! ------
Player win! Money: 516.0
========================
Round #232
Player cards: [♠3, ♠9], Bot cards:[♣2, ♥5]
Player points: [12, 12], Bot points:[7, 7]
Player get one more card ♠6
Bot get one more card ♣3
Bot get one more card ♠7
Player point: 18, Bot point: 17
Player win! Money: 535.0
========================
Round #233
Player cards: [♥4, ♠K], Bot cards:[♥6, ♦7]
Player points: [14, 14], Bot points:[13, 13]
Bot get one more card ♠3
Bot get one more card ♥4
Player point: 14, Bot point: 20
Player lose! Money: 514.0
========================
Round #234
Player cards: [♥6, ♥K], Bot cards:[♥5, ♥6]
Player points: [16, 16], Bot points:[11, 11]
Bot get one more card ♠6
Player point: 16, Bot point: 17
Player lose! Money: 493.0
========================
Round #235
Player cards: [♣4, ♣4], Bot cards:[♠7, ♦K]
Player points: [8, 8], Bot points:[17, 17]
Player get one more card ♥Q
Player point: 18, Bot point: 17
Player win! Money: 512.0
========================
Round #236
Player cards: [♠4, ♦K], Bot cards:[♥6, ♥Q]
Player points: [14, 14], Bot points:[16, 16]
Bot get one more card ♦4
Player point: 14, Bot point: 20
Player lose! Money: 491.0
========================
Round #237
Player cards: [♦6, ♥8], Bot cards:[♥9, ♦T]
Player points: [14, 14], Bot points:[19, 19]
Player get one more card ♣5
Player point: 19, Bot point: 19
Draw! Money:490.0
========================
Round #238
Player cards: [♠4, ♥9], Bot cards:[♠J, ♥J]
Player points: [13, 13], Bot points:[20, 20]
Player get one more card ♥3
Player get one more card ♠A
Player point: 17, Bot point: 20
Player lose! Money: 469.0
========================
Round #239
Player cards: [♠3, ♦7], Bot cards:[♥8, ♣8]
Player points: [10, 10], Bot points:[16, 16]
----- Double Bet! -----
Player get one more card ♦7
Bot get one more card ♣4
Player point: 17, Bot point: 20
Player lose! Money: 428.0
========================
Round #240
Player cards: [♥8, ♥A], Bot cards:[♣K, ♠K]
Player points: [9, 19], Bot points:[20, 20]
Player point: 19, Bot point: 20
Player lose! Money: 407.0
========================
Round #241
Player cards: [♥2, ♥J], Bot cards:[♣7, ♠J]
Player points: [12, 12], Bot points:[17, 17]
Player get one more card ♠7
Player point: 19, Bot point: 17
Player win! Money: 426.0
========================
Round #242
Player cards: [♣Q, ♠K], Bot cards:[♠2, ♠7]
Player points: [20, 20], Bot points:[9, 9]
Bot get one more card ♥2
Bot get one more card ♣K
Player point: 20, Bot point: 21
Player lose! Money: 405.0
========================
Round #243
Player cards: [♥3, ♦T], Bot cards:[♣2, ♥Q]
Player points: [13, 13], Bot points:[12, 12]
Bot get one more card ♣9
Player point: 13, Bot point: 21
Player lose! Money: 384.0
========================
Round #244
Player cards: [♦6, ♠K], Bot cards:[♥5, ♠9]
Player points: [16, 16], Bot points:[14, 14]
Bot get one more card ♥7
Player point: 16, Bot point: 21
Player lose! Money: 363.0
========================
Round #245
Player cards: [♣9, ♣J], Bot cards:[♠3, ♦5]
Player points: [19, 19], Bot points:[8, 8]
Bot get one more card ♠2
Bot get one more card ♦4
Bot get one more card ♥3
Player point: 19, Bot point: 17
Player win! Money: 382.0
========================
Round #246
Player cards: [♥8, ♥Q], Bot cards:[♥T, ♥J]
Player points: [18, 18], Bot points:[20, 20]
Player point: 18, Bot point: 20
Player lose! Money: 361.0
========================
Round #247
Player cards: [♣6, ♣T], Bot cards:[♣4, ♣Q]
Player points: [16, 16], Bot points:[14, 14]
Bot get one more card ♣T
Player point: 16, Bot point: 24
Player win! Money: 380.0
========================
Round #248
Player cards: [♣7, ♦8], Bot cards:[♣3, ♠9]
Player points: [15, 15], Bot points:[12, 12]
Bot get one more card ♣9
Player point: 15, Bot point: 21
Player lose! Money: 359.0
========================
Round #249
Player cards: [♣2, ♠A], Bot cards:[♣7, ♥A]
Player points: [3, 13], Bot points:[8, 18]
Player get one more card ♦9
Player get one more card ♠T
Bot get one more card ♣5
Bot get one more card ♦4
Player point: 22, Bot point: 17
Player lose! Money: 338.0
========================
Round #250
Player cards: [♣J, ♦A], Bot cards:[♣9, ♦K]
Player points: [11, 21], Bot points:[19, 19]
Player point: 21, Bot point: 19
------ BlackJack!! ------
Player win! Money: 361.0
========================
Round #251
Player cards: [♦3, ♣A], Bot cards:[♦K, ♠A]
Player points: [4, 14], Bot points:[11, 21]
Player get one more card ♠5
Bot get one more card ♠5
Bot get one more card ♣T
Player point: 19, Bot point: 26
Player win! Money: 380.0
========================
Round #252
Player cards: [♣6, ♣Q], Bot cards:[♥2, ♦8]
Player points: [16, 16], Bot points:[10, 10]
Bot get one more card ♥Q
Player point: 16, Bot point: 20
Player lose! Money: 359.0
========================
Round #253
New deck
Player cards: [♥6, ♣J], Bot cards:[♥3, ♠4]
Player points: [16, 16], Bot points:[7, 7]
Bot get one more card ♠2
Bot get one more card ♣4
Bot get one more card ♦3
Bot get one more card ♠3
Player point: 16, Bot point: 19
Player lose! Money: 338.0
========================
Round #254
Player cards: [♠8, ♠Q], Bot cards:[♣6, ♣Q]
Player points: [18, 18], Bot points:[16, 16]
Bot get one more card ♥A
Player point: 18, Bot point: 17
Player win! Money: 357.0
========================
Round #255
Player cards: [♥4, ♠5], Bot cards:[♣6, ♣Q]
Player points: [9, 9], Bot points:[16, 16]
----- Double Bet! -----
Player get one more card ♦9
Bot get one more card ♦4
Player point: 18, Bot point: 20
Player lose! Money: 316.0
========================
Round #256
Player cards: [♥2, ♦K], Bot cards:[♦J, ♦J]
Player points: [12, 12], Bot points:[20, 20]
Player get one more card ♥3
Player get one more card ♠J
Player point: 25, Bot point: 20
Player lose! Money: 295.0
========================
Round #257
Player cards: [♦9, ♣T], Bot cards:[♣8, ♠8]
Player points: [19, 19], Bot points:[16, 16]
Bot get one more card ♠T
Player point: 19, Bot point: 26
Player win! Money: 314.0
========================
Round #258
Player cards: [♣5, ♠6], Bot cards:[♦6, ♠T]
Player points: [11, 11], Bot points:[16, 16]
----- Double Bet! -----
Player get one more card ♣7
Bot get one more card ♥7
Player point: 18, Bot point: 23
Player win! Money: 353.0
========================
Round #259
Player cards: [♥9, ♦T], Bot cards:[♣4, ♦A]
Player points: [19, 19], Bot points:[5, 15]
Bot get one more card ♦A
Bot get one more card ♦J
Bot get one more card ♣4
Player point: 19, Bot point: 20
Player lose! Money: 332.0
========================
Round #260
Player cards: [♥9, ♥K], Bot cards:[♠2, ♣3]
Player points: [19, 19], Bot points:[5, 5]
Bot get one more card ♠6
Bot get one more card ♥7
Player point: 19, Bot point: 18
Player win! Money: 351.0
========================
Round #261
Player cards: [♥9, ♥T], Bot cards:[♦7, ♠7]
Player points: [19, 19], Bot points:[14, 14]
Bot get one more card ♠5
Player point: 19, Bot point: 19
Draw! Money:350.0
========================
Round #262
Player cards: [♥3, ♣J], Bot cards:[♠T, ♦Q]
Player points: [13, 13], Bot points:[20, 20]
Player get one more card ♣7
Player point: 20, Bot point: 20
Draw! Money:349.0
========================
Round #263
Player cards: [♥8, ♠J], Bot cards:[♠2, ♥6]
Player points: [18, 18], Bot points:[8, 8]
Bot get one more card ♦2
Bot get one more card ♣3
Bot get one more card ♠Q
Player point: 18, Bot point: 23
Player win! Money: 368.0
========================
Round #264
Player cards: [♦9, ♦K], Bot cards:[♠9, ♣J]
Player points: [19, 19], Bot points:[19, 19]
Player point: 19, Bot point: 19
Draw! Money:367.0
========================
Round #265
Player cards: [♥7, ♠K], Bot cards:[♦4, ♥8]
Player points: [17, 17], Bot points:[12, 12]
Bot get one more card ♠K
Player point: 17, Bot point: 22
Player win! Money: 386.0
========================
Round #266
Player cards: [♠4, ♣8], Bot cards:[♦3, ♦Q]
Player points: [12, 12], Bot points:[13, 13]
Player get one more card ♥Q
Bot get one more card ♦A
Bot get one more card ♦T
Player point: 22, Bot point: 24
Player lose! Money: 365.0
========================
Round #267
Player cards: [♣2, ♠4], Bot cards:[♠9, ♥Q]
Player points: [6, 6], Bot points:[19, 19]
Player get one more card ♠T
Player get one more card ♦K
Player point: 26, Bot point: 19
Player lose! Money: 344.0
========================
Round #268
Player cards: [♠4, ♦8], Bot cards:[♥8, ♠Q]
Player points: [12, 12], Bot points:[18, 18]
Player get one more card ♠A
Player get one more card ♦2
Player get one more card ♣5
Player point: 20, Bot point: 18
Player win! Money: 363.0
========================
Round #269
Player cards: [♠6, ♦8], Bot cards:[♣T, ♥Q]
Player points: [14, 14], Bot points:[20, 20]
Player get one more card ♦7
Player point: 21, Bot point: 20
Player win! Money: 382.0
========================
Round #270
Player cards: [♣6, ♣8], Bot cards:[♦2, ♠J]
Player points: [14, 14], Bot points:[12, 12]
Bot get one more card ♥5
Player point: 14, Bot point: 17
Player lose! Money: 361.0
========================
Round #271
Player cards: [♦2, ♥7], Bot cards:[♠5, ♣9]
Player points: [9, 9], Bot points:[14, 14]
----- Double Bet! -----
Player get one more card ♥5
Bot get one more card ♠A
Bot get one more card ♥J
Player point: 14, Bot point: 25
Player win! Money: 400.0
========================
Round #272
Player cards: [♥2, ♦4], Bot cards:[♣5, ♦A]
Player points: [6, 6], Bot points:[6, 16]
Player get one more card ♣4
Player get one more card ♣2
Bot get one more card ♠2
Bot get one more card ♣A
Bot get one more card ♥2
Bot get one more card ♣A
Bot get one more card ♦J
Player point: 12, Bot point: 22
Player win! Money: 419.0
========================
Round #273
Player cards: [♠3, ♥9], Bot cards:[♥7, ♠A]
Player points: [12, 12], Bot points:[8, 18]
Player get one more card ♦8
Bot get one more card ♣2
Bot get one more card ♣4
Bot get one more card ♣K
Player point: 20, Bot point: 24
Player win! Money: 438.0
========================
Round #274
Player cards: [♦5, ♦K], Bot cards:[♦6, ♠9]
Player points: [15, 15], Bot points:[15, 15]
Bot get one more card ♥J
Player point: 15, Bot point: 25
Player win! Money: 457.0
========================
Round #275
Player cards: [♠6, ♥8], Bot cards:[♦5, ♠8]
Player points: [14, 14], Bot points:[13, 13]
Bot get one more card ♣9
Player point: 14, Bot point: 22
Player win! Money: 476.0
========================
Round #276
Player cards: [♣3, ♠7], Bot cards:[♦7, ♣Q]
Player points: [10, 10], Bot points:[17, 17]
----- Double Bet! -----
Player get one more card ♥K
Player point: 20, Bot point: 17
Player win! Money: 515.0
========================
Round #277
Player cards: [♣T, ♣Q], Bot cards:[♥2, ♦A]
Player points: [20, 20], Bot points:[3, 13]
Bot get one more card ♠5
Bot get one more card ♠3
Bot get one more card ♠9
Player point: 20, Bot point: 20
Draw! Money:514.0
========================
Round #278
Player cards: [♣3, ♠J], Bot cards:[♦T, ♥J]
Player points: [13, 13], Bot points:[20, 20]
Player get one more card ♥4
Player point: 17, Bot point: 20
Player lose! Money: 493.0
========================
Round #279
Player cards: [♥3, ♠K], Bot cards:[♠Q, ♣K]
Player points: [13, 13], Bot points:[20, 20]
Player get one more card ♣T
Player point: 23, Bot point: 20
Player lose! Money: 472.0
========================
Round #280
Player cards: [♥7, ♣8], Bot cards:[♣5, ♦5]
Player points: [15, 15], Bot points:[10, 10]
Bot get one more card ♠3
Bot get one more card ♠7
Player point: 15, Bot point: 20
Player lose! Money: 451.0
========================
Round #281
Player cards: [♠8, ♣A], Bot cards:[♦6, ♥J]
Player points: [9, 19], Bot points:[16, 16]
Bot get one more card ♥5
Player point: 19, Bot point: 21
Player lose! Money: 430.0
========================
Round #282
Player cards: [♥Q, ♠K], Bot cards:[♦7, ♣K]
Player points: [20, 20], Bot points:[17, 17]
Player point: 20, Bot point: 17
Player win! Money: 449.0
========================
Round #283
Player cards: [♦Q, ♥A], Bot cards:[♦4, ♥T]
Player points: [11, 21], Bot points:[14, 14]
Bot get one more card ♣9
Player point: 21, Bot point: 23
------ BlackJack!! ------
Player win! Money: 472.0
========================
Round #284
Player cards: [♥6, ♣J], Bot cards:[♣K, ♠A]
Player points: [16, 16], Bot points:[11, 21]
Player get one more card ♦6
Bot get one more card ♣A
Bot get one more card ♣7
Player point: 22, Bot point: 19
Player lose! Money: 451.0
========================
Round #285
Player cards: [♥6, ♣6], Bot cards:[♦6, ♣7]
Player points: [12, 12], Bot points:[13, 13]
-------- Split! Two hands: [16, 16], [16, 16]
For second hand:
Bot get one more card ♥A
Bot get one more card ♦J
Player point: 16, Bot point: 24
Player win! Money: 470.0
========================
Player point: 16, Bot point: 24
Player win! Money: 490.0
========================
Round #286
Player cards: [♦3, ♦8], Bot cards:[♠7, ♦Q]
Player points: [11, 11], Bot points:[17, 17]
----- Double Bet! -----
Player get one more card ♣2
Player point: 13, Bot point: 17
Player lose! Money: 449.0
========================
Round #287
Player cards: [♦5, ♣9], Bot cards:[♦9, ♥K]
Player points: [14, 14], Bot points:[19, 19]
Player get one more card ♣6
Player point: 20, Bot point: 19
Player win! Money: 468.0
========================
Round #288
New deck
Player cards: [♥Q, ♣A], Bot cards:[♥2, ♥5]
Player points: [11, 21], Bot points:[7, 7]
Bot get one more card ♣4
Bot get one more card ♦T
Player point: 21, Bot point: 21
Player lose! Money: 447.0
========================
Round #289
Player cards: [♦2, ♦A], Bot cards:[♥3, ♥Q]
Player points: [3, 13], Bot points:[13, 13]
Bot get one more card ♣Q
Player point: 13, Bot point: 23
Player win! Money: 466.0
========================
Round #290
Player cards: [♦9, ♠Q], Bot cards:[♠7, ♣K]
Player points: [19, 19], Bot points:[17, 17]
Player point: 19, Bot point: 17
Player win! Money: 485.0
========================
Round #291
Player cards: [♦7, ♦T], Bot cards:[♣5, ♦J]
Player points: [17, 17], Bot points:[15, 15]
Bot get one more card ♥8
Player point: 17, Bot point: 23
Player win! Money: 504.0
========================
Round #292
Player cards: [♥6, ♥K], Bot cards:[♦2, ♥4]
Player points: [16, 16], Bot points:[6, 6]
Bot get one more card ♥A
Bot get one more card ♣6
Bot get one more card ♣8
Player point: 16, Bot point: 21
Player lose! Money: 483.0
========================
Round #293
Player cards: [♥5, ♥K], Bot cards:[♦4, ♠T]
Player points: [15, 15], Bot points:[14, 14]
Bot get one more card ♦Q
Player point: 15, Bot point: 24
Player win! Money: 502.0
========================
Round #294
Player cards: [♠8, ♦Q], Bot cards:[♣2, ♦7]
Player points: [18, 18], Bot points:[9, 9]
Bot get one more card ♥J
Player point: 18, Bot point: 19
Player lose! Money: 481.0
========================
Round #295
Player cards: [♦4, ♦J], Bot cards:[♠7, ♦8]
Player points: [14, 14], Bot points:[15, 15]
Player get one more card ♦2
Player get one more card ♠9
Bot get one more card ♥3
Player point: 25, Bot point: 18
Player lose! Money: 460.0
========================
Round #296
Player cards: [♠4, ♠6], Bot cards:[♥7, ♠8]
Player points: [10, 10], Bot points:[15, 15]
----- Double Bet! -----
Player get one more card ♠K
Bot get one more card ♠2
Player point: 20, Bot point: 17
Player win! Money: 499.0
========================
Round #297
Player cards: [♠8, ♠J], Bot cards:[♦3, ♦K]
Player points: [18, 18], Bot points:[13, 13]
Bot get one more card ♥9
Player point: 18, Bot point: 22
Player win! Money: 518.0
========================
Round #298
Player cards: [♦6, ♥8], Bot cards:[♠9, ♥K]
Player points: [14, 14], Bot points:[19, 19]
Player get one more card ♥A
Player get one more card ♥4
Player point: 19, Bot point: 19
Draw! Money:517.0
========================
Round #299
Player cards: [♦T, ♥T], Bot cards:[♦9, ♦J]
Player points: [20, 20], Bot points:[19, 19]
Player point: 20, Bot point: 19
Player win! Money: 536.0
========================
Round #300
Player cards: [♣7, ♣T], Bot cards:[♠7, ♣9]
Player points: [17, 17], Bot points:[16, 16]
Bot get one more card ♥9
Player point: 17, Bot point: 25
Player win! Money: 555.0
========================
Round #301
Player cards: [♥4, ♥Q], Bot cards:[♣4, ♥6]
Player points: [14, 14], Bot points:[10, 10]
Bot get one more card ♣Q
Player point: 14, Bot point: 20
Player lose! Money: 534.0
========================
Round #302
Player cards: [♣6, ♠K], Bot cards:[♦Q, ♦K]
Player points: [16, 16], Bot points:[20, 20]
Player get one more card ♣6
Player point: 22, Bot point: 20
Player lose! Money: 513.0
========================
Round #303
Player cards: [♠4, ♥7], Bot cards:[♦8, ♦J]
Player points: [11, 11], Bot points:[18, 18]
----- Double Bet! -----
Player get one more card ♥7
Player point: 18, Bot point: 18
Draw! Money:512.0
========================
Round #304
Player cards: [♥2, ♦8], Bot cards:[♣J, ♦A]
Player points: [10, 10], Bot points:[11, 21]
Player get one more card ♥T
Bot get one more card ♥4
Bot get one more card ♥3
Player point: 20, Bot point: 18
Player win! Money: 531.0
========================
Round #305
Player cards: [♠8, ♠T], Bot cards:[♦3, ♠A]
Player points: [18, 18], Bot points:[4, 14]
Bot get one more card ♣K
Bot get one more card ♥A
Bot get one more card ♦T
Player point: 18, Bot point: 25
Player win! Money: 550.0
========================
Round #306
Player cards: [♣3, ♥J], Bot cards:[♥2, ♥4]
Player points: [13, 13], Bot points:[6, 6]
Bot get one more card ♥8
Bot get one more card ♣Q
Player point: 13, Bot point: 24
Player win! Money: 569.0
========================
Round #307
Player cards: [♦5, ♠K], Bot cards:[♣4, ♥J]
Player points: [15, 15], Bot points:[14, 14]
Bot get one more card ♠K
Player point: 15, Bot point: 24
Player win! Money: 588.0
========================
Round #308
Player cards: [♠4, ♦9], Bot cards:[♥T, ♦A]
Player points: [13, 13], Bot points:[11, 21]
Player get one more card ♣8
Bot get one more card ♠Q
Player point: 21, Bot point: 21
Player lose! Money: 567.0
========================
Round #309
Player cards: [♥3, ♣5], Bot cards:[♦6, ♠Q]
Player points: [8, 8], Bot points:[16, 16]
Player get one more card ♣6
Bot get one more card ♣9
Player point: 14, Bot point: 25
Player win! Money: 586.0
========================
Round #310
Player cards: [♠9, ♣J], Bot cards:[♣2, ♠T]
Player points: [19, 19], Bot points:[12, 12]
Bot get one more card ♠A
Bot get one more card ♥6
Player point: 19, Bot point: 19
Draw! Money:585.0
========================
Round #311
Player cards: [♥5, ♣9], Bot cards:[♠5, ♥6]
Player points: [14, 14], Bot points:[11, 11]
Bot get one more card ♦6
Player point: 14, Bot point: 17
Player lose! Money: 564.0
========================
Round #312
Player cards: [♦2, ♥5], Bot cards:[♦5, ♠6]
Player points: [7, 7], Bot points:[11, 11]
Player get one more card ♣8
Bot get one more card ♣T
Player point: 15, Bot point: 21
Player lose! Money: 543.0
========================
Round #313
Player cards: [♠2, ♣8], Bot cards:[♣3, ♥9]
Player points: [10, 10], Bot points:[12, 12]
----- Double Bet! -----
Player get one more card ♦K
Bot get one more card ♠4
Bot get one more card ♣7
Player point: 20, Bot point: 23
Player win! Money: 582.0
========================
Round #314
Player cards: [♠6, ♦6], Bot cards:[♠2, ♥T]
Player points: [12, 12], Bot points:[12, 12]
-------- Split! Two hands: [11, 11], [11, 11]
----- Double Bet! -----
Player get one more card ♦T
For second hand:
----- Double Bet! -----
Player get one more card ♦9
Bot get one more card ♠3
Bot get one more card ♠6
Player point: 21, Bot point: 21
Player lose! Money: 541.0
========================
Player point: 20, Bot point: 21
Player lose! Money: 501.0
========================
Round #315
Player cards: [♦4, ♣A], Bot cards:[♥4, ♣7]
Player points: [5, 15], Bot points:[11, 11]
Bot get one more card ♣J
Player point: 15, Bot point: 21
Player lose! Money: 480.0
========================
Round #316
Player cards: [♦4, ♠7], Bot cards:[♦3, ♠5]
Player points: [11, 11], Bot points:[8, 8]
----- Double Bet! -----
Player get one more card ♦Q
Bot get one more card ♥A
Bot get one more card ♠A
Bot get one more card ♣T
Player point: 21, Bot point: 20
Player win! Money: 519.0
========================
Round #317
Player cards: [♠2, ♦K], Bot cards:[♦5, ♣T]
Player points: [12, 12], Bot points:[15, 15]
Bot get one more card ♣5
Player point: 12, Bot point: 20
Player lose! Money: 498.0
========================
Round #318
Player cards: [♠8, ♠J], Bot cards:[♠J, ♣K]
Player points: [18, 18], Bot points:[20, 20]
Player point: 18, Bot point: 20
Player lose! Money: 477.0
========================
Round #319
Player cards: [♠3, ♣7], Bot cards:[♠3, ♠5]
Player points: [10, 10], Bot points:[8, 8]
----- Double Bet! -----
Player get one more card ♦3
Bot get one more card ♦7
Bot get one more card ♥8
Player point: 13, Bot point: 23
Player win! Money: 516.0
========================
Round #320
Player cards: [♣9, ♠Q], Bot cards:[♥J, ♣K]
Player points: [19, 19], Bot points:[20, 20]
Player point: 19, Bot point: 20
Player lose! Money: 495.0
========================
Round #321
Player cards: [♠9, ♠J], Bot cards:[♦3, ♣A]
Player points: [19, 19], Bot points:[4, 14]
Bot get one more card ♥A
Bot get one more card ♥2
Bot get one more card ♥T
Player point: 19, Bot point: 17
Player win! Money: 514.0
========================
Round #322
Player cards: [♣2, ♠3], Bot cards:[♣3, ♥K]
Player points: [5, 5], Bot points:[13, 13]
Player get one more card ♠A
Bot get one more card ♣4
Player point: 16, Bot point: 17
Player lose! Money: 493.0
========================
Round #323
Player cards: [♠5, ♣J], Bot cards:[♣2, ♦8]
Player points: [15, 15], Bot points:[10, 10]
Bot get one more card ♣3
Bot get one more card ♥5
Player point: 15, Bot point: 18
Player lose! Money: 472.0
========================
Round #324
New deck
Player cards: [♦5, ♥7], Bot cards:[♠9, ♣A]
Player points: [12, 12], Bot points:[10, 20]
Player get one more card ♥K
Bot get one more card ♥4
Bot get one more card ♦6
Player point: 22, Bot point: 20
Player lose! Money: 451.0
========================
Round #325
Player cards: [♥2, ♠K], Bot cards:[♠4, ♣5]
Player points: [12, 12], Bot points:[9, 9]
Bot get one more card ♦A
Bot get one more card ♦9
Player point: 12, Bot point: 19
Player lose! Money: 430.0
========================
Round #326
Player cards: [♦4, ♣9], Bot cards:[♠T, ♠Q]
Player points: [13, 13], Bot points:[20, 20]
Player get one more card ♠T
Player point: 23, Bot point: 20
Player lose! Money: 409.0
========================
Round #327
Player cards: [♦3, ♦6], Bot cards:[♥2, ♠7]
Player points: [9, 9], Bot points:[9, 9]
Player get one more card ♦A
Bot get one more card ♠J
Player point: 20, Bot point: 19
Player win! Money: 428.0
========================
Round #328
Player cards: [♠3, ♦K], Bot cards:[♣3, ♥5]
Player points: [13, 13], Bot points:[8, 8]
Bot get one more card ♠K
Player point: 13, Bot point: 18
Player lose! Money: 407.0
========================
Round #329
Player cards: [♠7, ♣T], Bot cards:[♣7, ♣8]
Player points: [17, 17], Bot points:[15, 15]
Bot get one more card ♠Q
Player point: 17, Bot point: 25
Player win! Money: 426.0
========================
Round #330
Player cards: [♣6, ♥8], Bot cards:[♣4, ♦7]
Player points: [14, 14], Bot points:[11, 11]
Bot get one more card ♦J
Player point: 14, Bot point: 21
Player lose! Money: 405.0
========================
Round #331
Player cards: [♣Q, ♣A], Bot cards:[♦8, ♦A]
Player points: [11, 21], Bot points:[9, 19]
Bot get one more card ♠K
Player point: 21, Bot point: 19
------ BlackJack!! ------
Player win! Money: 428.0
========================
Round #332
Player cards: [♣2, ♣Q], Bot cards:[♠3, ♥T]
Player points: [12, 12], Bot points:[13, 13]
Player get one more card ♥7
Bot get one more card ♠9
Player point: 19, Bot point: 22
Player win! Money: 447.0
========================
Round #333
Player cards: [♥5, ♥A], Bot cards:[♦7, ♠7]
Player points: [6, 16], Bot points:[14, 14]
Player get one more card ♣K
Player get one more card ♣2
Bot get one more card ♣A
Bot get one more card ♥Q
Player point: 18, Bot point: 25
Player win! Money: 466.0
========================
Round #334
Player cards: [♦2, ♣8], Bot cards:[♣7, ♦T]
Player points: [10, 10], Bot points:[17, 17]
----- Double Bet! -----
Player get one more card ♣Q
Player point: 20, Bot point: 17
Player win! Money: 505.0
========================
Round #335
Player cards: [♥5, ♥9], Bot cards:[♥8, ♦J]
Player points: [14, 14], Bot points:[18, 18]
Player get one more card ♥3
Player point: 17, Bot point: 18
Player lose! Money: 484.0
========================
Round #336
Player cards: [♠6, ♦8], Bot cards:[♥4, ♠8]
Player points: [14, 14], Bot points:[12, 12]
Bot get one more card ♣6
Player point: 14, Bot point: 18
Player lose! Money: 463.0
========================
Round #337
Player cards: [♠8, ♠8], Bot cards:[♣2, ♥J]
Player points: [16, 16], Bot points:[12, 12]
-------- Split! Two hands: [18, 18], [17, 17]
For second hand:
Bot get one more card ♣3
Bot get one more card ♣J
Player point: 18, Bot point: 25
Player win! Money: 482.0
========================
Player point: 17, Bot point: 25
Player win! Money: 502.0
========================
Round #338
Player cards: [♠2, ♦T], Bot cards:[♠4, ♠4]
Player points: [12, 12], Bot points:[8, 8]
Bot get one more card ♥K
Player point: 12, Bot point: 18
Player lose! Money: 481.0
========================
Round #339
Player cards: [♥3, ♣6], Bot cards:[♠T, ♣Q]
Player points: [9, 9], Bot points:[20, 20]
Player get one more card ♣9
Player point: 18, Bot point: 20
Player lose! Money: 460.0
========================
Round #340
Player cards: [♥9, ♥A], Bot cards:[♠2, ♦7]
Player points: [10, 20], Bot points:[9, 9]
Bot get one more card ♣K
Player point: 20, Bot point: 19
Player win! Money: 479.0
========================
Round #341
Player cards: [♦Q, ♠A], Bot cards:[♦7, ♠A]
Player points: [11, 21], Bot points:[8, 18]
Bot get one more card ♦J
Player point: 21, Bot point: 18
------ BlackJack!! ------
Player win! Money: 502.0
========================
Round #342
Player cards: [♣9, ♠Q], Bot cards:[♥2, ♣4]
Player points: [19, 19], Bot points:[6, 6]
Bot get one more card ♦Q
Bot get one more card ♥8
Player point: 19, Bot point: 24
Player win! Money: 521.0
========================
Round #343
Player cards: [♣2, ♥6], Bot cards:[♦2, ♦A]
Player points: [8, 8], Bot points:[3, 13]
Player get one more card ♦6
Bot get one more card ♦2
Bot get one more card ♦9
Bot get one more card ♦4
Player point: 14, Bot point: 18
Player lose! Money: 500.0
========================
Round #344
Player cards: [♣4, ♣T], Bot cards:[♠Q, ♦K]
Player points: [14, 14], Bot points:[20, 20]
Player get one more card ♦3
Player point: 17, Bot point: 20
Player lose! Money: 479.0
========================
Round #345
Player cards: [♠4, ♠6], Bot cards:[♦8, ♣J]
Player points: [10, 10], Bot points:[18, 18]
----- Double Bet! -----
Player get one more card ♣4
Player point: 14, Bot point: 18
Player lose! Money: 438.0
========================
Round #346
Player cards: [♥Q, ♦A], Bot cards:[♦6, ♦8]
Player points: [11, 21], Bot points:[14, 14]
Bot get one more card ♣5
Player point: 21, Bot point: 19
------ BlackJack!! ------
Player win! Money: 461.0
========================
Round #347
Player cards: [♣Q, ♠A], Bot cards:[♠6, ♥9]
Player points: [11, 21], Bot points:[15, 15]
Bot get one more card ♥6
Player point: 21, Bot point: 21
Player lose! Money: 440.0
========================
Round #348
Player cards: [♥2, ♥Q], Bot cards:[♥8, ♥Q]
Player points: [12, 12], Bot points:[18, 18]
Player get one more card ♥7
Player point: 19, Bot point: 18
Player win! Money: 459.0
========================
Round #349
Player cards: [♣9, ♥9], Bot cards:[♠3, ♠9]
Player points: [18, 18], Bot points:[12, 12]
-------- Split! Two hands: [19, 19], [14, 14]
For second hand:
Bot get one more card ♥9
Player point: 19, Bot point: 21
Player lose! Money: 438.0
========================
Player point: 14, Bot point: 21
Player lose! Money: 418.0
========================
Round #350
Player cards: [♣6, ♦K], Bot cards:[♣3, ♠5]
Player points: [16, 16], Bot points:[8, 8]
Bot get one more card ♠2
Bot get one more card ♥7
Player point: 16, Bot point: 17
Player lose! Money: 397.0
========================
Round #351
Player cards: [♠T, ♣A], Bot cards:[♣T, ♠J]
Player points: [11, 21], Bot points:[20, 20]
Player point: 21, Bot point: 20
------ BlackJack!! ------
Player win! Money: 420.0
========================
Round #352
Player cards: [♦7, ♦T], Bot cards:[♣J, ♥K]
Player points: [17, 17], Bot points:[20, 20]
Player point: 17, Bot point: 20
Player lose! Money: 399.0
========================
Round #353
Player cards: [♥3, ♣T], Bot cards:[♦3, ♥7]
Player points: [13, 13], Bot points:[10, 10]
Bot get one more card ♥J
Player point: 13, Bot point: 20
Player lose! Money: 378.0
========================
Round #354
Player cards: [♦5, ♦T], Bot cards:[♣7, ♥T]
Player points: [15, 15], Bot points:[17, 17]
Player get one more card ♥6
Player point: 21, Bot point: 17
Player win! Money: 397.0
========================
Round #355
Player cards: [♥3, ♣K], Bot cards:[♣3, ♠5]
Player points: [13, 13], Bot points:[8, 8]
Bot get one more card ♣A
Bot get one more card ♥J
Player point: 13, Bot point: 19
Player lose! Money: 376.0
========================
Round #356
Player cards: [♣5, ♥T], Bot cards:[♦2, ♠8]
Player points: [15, 15], Bot points:[10, 10]
Bot get one more card ♣7
Player point: 15, Bot point: 17
Player lose! Money: 355.0
========================
Round #357
Player cards: [♠5, ♠9], Bot cards:[♣5, ♠J]
Player points: [14, 14], Bot points:[15, 15]
Bot get one more card ♥5
Player point: 14, Bot point: 20
Player lose! Money: 334.0
========================
Round #358
Player cards: [♣J, ♦K], Bot cards:[♦Q, ♥K]
Player points: [20, 20], Bot points:[20, 20]
Player point: 20, Bot point: 20
Draw! Money:333.0
========================
Round #359
Player cards: [♦Q, ♣K], Bot cards:[♦4, ♣8]
Player points: [20, 20], Bot points:[12, 12]
Bot get one more card ♠6
Player point: 20, Bot point: 18
Player win! Money: 352.0
========================
Round #360
Player cards: [♠2, ♠3], Bot cards:[♠5, ♦9]
Player points: [5, 5], Bot points:[14, 14]
Player get one more card ♥4
Player get one more card ♣8
Bot get one more card ♥A
Bot get one more card ♥T
Player point: 17, Bot point: 25
Player win! Money: 371.0
========================
Round #361
Player cards: [♦5, ♠7], Bot cards:[♥4, ♠A]
Player points: [12, 12], Bot points:[5, 15]
Bot get one more card ♦J
Bot get one more card ♠T
Player point: 12, Bot point: 25
Player win! Money: 390.0
========================
Round #362
New deck
Player cards: [♣4, ♥A], Bot cards:[♠4, ♦T]
Player points: [5, 15], Bot points:[14, 14]
Bot get one more card ♦3
Player point: 15, Bot point: 17
Player lose! Money: 369.0
========================
Round #363
Player cards: [♣4, ♠6], Bot cards:[♠Q, ♥A]
Player points: [10, 10], Bot points:[11, 21]
Player get one more card ♦3
Player get one more card ♥A
Player get one more card ♠8
Bot get one more card ♣5
Bot get one more card ♦4
Player point: 22, Bot point: 20
Player lose! Money: 348.0
========================
Round #364
Player cards: [♥7, ♠8], Bot cards:[♦2, ♥Q]
Player points: [15, 15], Bot points:[12, 12]
Bot get one more card ♣J
Player point: 15, Bot point: 22
Player win! Money: 367.0
========================
Round #365
Player cards: [♦8, ♥9], Bot cards:[♠3, ♣T]
Player points: [17, 17], Bot points:[13, 13]
Bot get one more card ♦5
Player point: 17, Bot point: 18
Player lose! Money: 346.0
========================
Round #366
Player cards: [♥J, ♣K], Bot cards:[♣5, ♦Q]
Player points: [20, 20], Bot points:[15, 15]
Bot get one more card ♥3
Player point: 20, Bot point: 18
Player win! Money: 365.0
========================
Round #367
Player cards: [♠5, ♥5], Bot cards:[♦4, ♦J]
Player points: [10, 10], Bot points:[14, 14]
----- Double Bet! -----
Player get one more card ♣T
Bot get one more card ♥J
Player point: 20, Bot point: 24
Player win! Money: 404.0
========================
Round #368
Player cards: [♦8, ♥A], Bot cards:[♦2, ♦6]
Player points: [9, 19], Bot points:[8, 8]
Bot get one more card ♥4
Bot get one more card ♣3
Bot get one more card ♦Q
Player point: 19, Bot point: 25
Player win! Money: 423.0
========================
Round #369
Player cards: [♠7, ♠8], Bot cards:[♦J, ♥K]
Player points: [15, 15], Bot points:[20, 20]
Player get one more card ♥4
Player point: 19, Bot point: 20
Player lose! Money: 402.0
========================
Round #370
Player cards: [♥6, ♠K], Bot cards:[♦5, ♠J]
Player points: [16, 16], Bot points:[15, 15]
Bot get one more card ♦T
Player point: 16, Bot point: 25
Player win! Money: 421.0
========================
Round #371
Player cards: [♥2, ♠5], Bot cards:[♣A, ♣A]
Player points: [7, 7], Bot points:[2, 12]
Player get one more card ♣6
Player get one more card ♣9
Bot get one more card ♠3
Bot get one more card ♥5
Bot get one more card ♠2
Bot get one more card ♠J
Player point: 22, Bot point: 22
Player lose! Money: 400.0
========================
Round #372
Player cards: [♣5, ♥6], Bot cards:[♦4, ♣J]
Player points: [11, 11], Bot points:[14, 14]
----- Double Bet! -----
Player get one more card ♠7
Bot get one more card ♥9
Player point: 18, Bot point: 23
Player win! Money: 439.0
========================
Round #373
Player cards: [♥6, ♠A], Bot cards:[♣8, ♣9]
Player points: [7, 17], Bot points:[17, 17]
Player point: 17, Bot point: 17
Draw! Money:438.0
========================
Round #374
Player cards: [♠J, ♣K], Bot cards:[♦7, ♠T]
Player points: [20, 20], Bot points:[17, 17]
Player point: 20, Bot point: 17
Player win! Money: 457.0
========================
Round #375
Player cards: [♣3, ♠4], Bot cards:[♣5, ♣J]
Player points: [7, 7], Bot points:[15, 15]
Player get one more card ♣3
Player get one more card ♦J
Bot get one more card ♥7
Player point: 20, Bot point: 22
Player win! Money: 476.0
========================
Round #376
Player cards: [♣2, ♥K], Bot cards:[♦6, ♦7]
Player points: [12, 12], Bot points:[13, 13]
Bot get one more card ♣7
Player point: 12, Bot point: 20
Player lose! Money: 455.0
========================
Round #377
Player cards: [♥5, ♣6], Bot cards:[♣2, ♥8]
Player points: [11, 11], Bot points:[10, 10]
----- Double Bet! -----
Player get one more card ♠K
Bot get one more card ♦5
Bot get one more card ♣J
Player point: 21, Bot point: 25
Player win! Money: 494.0
========================
Round #378
Player cards: [♣7, ♥9], Bot cards:[♥Q, ♠K]
Player points: [16, 16], Bot points:[20, 20]
Player get one more card ♠T
Player point: 26, Bot point: 20
Player lose! Money: 473.0
========================
Round #379
Player cards: [♠4, ♦T], Bot cards:[♠J, ♥K]
Player points: [14, 14], Bot points:[20, 20]
Player get one more card ♦9
Player point: 23, Bot point: 20
Player lose! Money: 452.0
========================
Round #380
Player cards: [♥T, ♣K], Bot cards:[♥6, ♦T]
Player points: [20, 20], Bot points:[16, 16]
Bot get one more card ♦3
Player point: 20, Bot point: 19
Player win! Money: 471.0
========================
Round #381
Player cards: [♦2, ♠2], Bot cards:[♣9, ♣T]
Player points: [4, 4], Bot points:[19, 19]
Player get one more card ♠3
Player get one more card ♥2
Player get one more card ♦J
Player point: 19, Bot point: 19
Draw! Money:470.0
========================
Round #382
Player cards: [♥J, ♣Q], Bot cards:[♠K, ♦A]
Player points: [20, 20], Bot points:[11, 21]
Bot get one more card ♠Q
Player point: 20, Bot point: 21
Player lose! Money: 449.0
========================
Round #383
Player cards: [♦3, ♠6], Bot cards:[♣Q, ♦K]
Player points: [9, 9], Bot points:[20, 20]
Player get one more card ♠8
Player point: 17, Bot point: 20
Player lose! Money: 428.0
========================
Round #384
Player cards: [♦6, ♠A], Bot cards:[♦6, ♥Q]
Player points: [7, 17], Bot points:[16, 16]
Bot get one more card ♠J
Player point: 17, Bot point: 26
Player win! Money: 447.0
========================
Round #385
Player cards: [♦5, ♦9], Bot cards:[♥2, ♦K]
Player points: [14, 14], Bot points:[12, 12]
Bot get one more card ♣8
Player point: 14, Bot point: 20
Player lose! Money: 426.0
========================
Round #386
Player cards: [♥5, ♦A], Bot cards:[♦4, ♦7]
Player points: [6, 16], Bot points:[11, 11]
Bot get one more card ♥3
Bot get one more card ♦K
Player point: 16, Bot point: 24
Player win! Money: 445.0
========================
Round #387
Player cards: [♣7, ♦8], Bot cards:[♠9, ♦A]
Player points: [15, 15], Bot points:[10, 20]
Player get one more card ♦9
Bot get one more card ♠7
Player point: 24, Bot point: 17
Player lose! Money: 424.0
========================
Round #388
Player cards: [♥T, ♠A], Bot cards:[♥3, ♣A]
Player points: [11, 21], Bot points:[4, 14]
Bot get one more card ♣3
Bot get one more card ♦Q
Player point: 21, Bot point: 17
------ BlackJack!! ------
Player win! Money: 447.0
========================
Round #389
Player cards: [♦7, ♠Q], Bot cards:[♦4, ♣6]
Player points: [17, 17], Bot points:[10, 10]
Bot get one more card ♥Q
Player point: 17, Bot point: 20
Player lose! Money: 426.0
========================
Round #390
Player cards: [♠4, ♠A], Bot cards:[♦3, ♥7]
Player points: [5, 15], Bot points:[10, 10]
Bot get one more card ♠5
Bot get one more card ♥6
Player point: 15, Bot point: 21
Player lose! Money: 405.0
========================
Round #391
Player cards: [♥3, ♦8], Bot cards:[♣4, ♣T]
Player points: [11, 11], Bot points:[14, 14]
----- Double Bet! -----
Player get one more card ♠T
Bot get one more card ♦2
Bot get one more card ♠T
Player point: 21, Bot point: 26
Player win! Money: 444.0
========================
Round #392
Player cards: [♣6, ♥T], Bot cards:[♥8, ♥K]
Player points: [16, 16], Bot points:[18, 18]
Player get one more card ♠6
Player point: 22, Bot point: 18
Player lose! Money: 423.0
========================
Round #393
Player cards: [♥8, ♦K], Bot cards:[♠2, ♣2]
Player points: [18, 18], Bot points:[4, 4]
Bot get one more card ♥A
Bot get one more card ♠2
Bot get one more card ♣8
Bot get one more card ♣9
Player point: 18, Bot point: 24
Player win! Money: 442.0
========================
Round #394
Player cards: [♥7, ♥J], Bot cards:[♣4, ♣A]
Player points: [17, 17], Bot points:[5, 15]
Bot get one more card ♣2
Bot get one more card ♠9
Bot get one more card ♥4
Player point: 17, Bot point: 20
Player lose! Money: 421.0
========================
Round #395
Player cards: [♣8, ♣Q], Bot cards:[♣7, ♣Q]
Player points: [18, 18], Bot points:[17, 17]
Player point: 18, Bot point: 17
Player win! Money: 440.0
========================
Round #396
Player cards: [♠3, ♦Q], Bot cards:[♥4, ♣K]
Player points: [13, 13], Bot points:[14, 14]
Bot get one more card ♠9
Player point: 13, Bot point: 23
Player win! Money: 459.0
========================
Round #397
Player cards: [♠7, ♠Q], Bot cards:[♥2, ♠9]
Player points: [17, 17], Bot points:[11, 11]
Bot get one more card ♦A
Bot get one more card ♠5
Player point: 17, Bot point: 17
Draw! Money:458.0
========================
Round #398
New deck
Player cards: [♦3, ♣Q], Bot cards:[♣4, ♣A]
Player points: [13, 13], Bot points:[5, 15]
Bot get one more card ♥J
Bot get one more card ♥5
Player point: 13, Bot point: 20
Player lose! Money: 437.0
========================
Round #399
Player cards: [♣7, ♣8], Bot cards:[♦8, ♦K]
Player points: [15, 15], Bot points:[18, 18]
Player get one more card ♦9
Player point: 24, Bot point: 18
Player lose! Money: 416.0
========================
Round #400
Player cards: [♠3, ♣J], Bot cards:[♠2, ♠9]
Player points: [13, 13], Bot points:[11, 11]
Bot get one more card ♥4
Bot get one more card ♦A
Bot get one more card ♥A
Player point: 13, Bot point: 17
Player lose! Money: 395.0
========================
Round #401
Player cards: [♠4, ♥7], Bot cards:[♠4, ♠T]
Player points: [11, 11], Bot points:[14, 14]
----- Double Bet! -----
Player get one more card ♦Q
Bot get one more card ♦8
Player point: 21, Bot point: 22
Player win! Money: 434.0
========================
Round #402
Player cards: [♥7, ♠A], Bot cards:[♠7, ♠J]
Player points: [8, 18], Bot points:[17, 17]
Player point: 18, Bot point: 17
Player win! Money: 453.0
========================
Round #403
Player cards: [♠2, ♠5], Bot cards:[♣9, ♣T]
Player points: [7, 7], Bot points:[19, 19]
Player get one more card ♥8
Player get one more card ♦7
Player point: 22, Bot point: 19
Player lose! Money: 432.0
========================
Round #404
Player cards: [♠8, ♦9], Bot cards:[♦2, ♦8]
Player points: [17, 17], Bot points:[10, 10]
Bot get one more card ♣5
Bot get one more card ♦8
Player point: 17, Bot point: 23
Player win! Money: 451.0
========================
Round #405
Player cards: [♥2, ♦K], Bot cards:[♦7, ♠7]
Player points: [12, 12], Bot points:[14, 14]
Player get one more card ♥8
Bot get one more card ♣K
Player point: 20, Bot point: 24
Player win! Money: 470.0
========================
Round #406
Player cards: [♦6, ♣8], Bot cards:[♥4, ♠8]
Player points: [14, 14], Bot points:[12, 12]
Bot get one more card ♥4
Bot get one more card ♦9
Player point: 14, Bot point: 25
Player win! Money: 489.0
========================
Round #407
Player cards: [♥9, ♥Q], Bot cards:[♠8, ♠K]
Player points: [19, 19], Bot points:[18, 18]
Player point: 19, Bot point: 18
Player win! Money: 508.0
========================
Round #408
Player cards: [♥5, ♠5], Bot cards:[♠6, ♣9]
Player points: [10, 10], Bot points:[15, 15]
----- Double Bet! -----
Player get one more card ♥J
Bot get one more card ♥9
Player point: 20, Bot point: 24
Player win! Money: 547.0
========================
Round #409
Player cards: [♣8, ♥J], Bot cards:[♦3, ♣A]
Player points: [18, 18], Bot points:[4, 14]
Bot get one more card ♣5
Bot get one more card ♥3
Bot get one more card ♥Q
Player point: 18, Bot point: 22
Player win! Money: 566.0
========================
Round #410
Player cards: [♣3, ♣6], Bot cards:[♣5, ♠J]
Player points: [9, 9], Bot points:[15, 15]
----- Double Bet! -----
Player get one more card ♣T
Bot get one more card ♣5
Player point: 19, Bot point: 20
Player lose! Money: 525.0
========================
Round #411
Player cards: [♣3, ♦5], Bot cards:[♠2, ♦3]
Player points: [8, 8], Bot points:[5, 5]
Player get one more card ♠K
Bot get one more card ♥K
Bot get one more card ♥Q
Player point: 18, Bot point: 25
Player win! Money: 544.0
========================
Round #412
Player cards: [♠2, ♥6], Bot cards:[♥T, ♠Q]
Player points: [8, 8], Bot points:[20, 20]
Player get one more card ♠K
Player point: 18, Bot point: 20
Player lose! Money: 523.0
========================
Round #413
Player cards: [♦T, ♣J], Bot cards:[♣8, ♠T]
Player points: [20, 20], Bot points:[18, 18]
Player point: 20, Bot point: 18
Player win! Money: 542.0
========================
Round #414
Player cards: [♣9, ♦A], Bot cards:[♦9, ♥A]
Player points: [10, 20], Bot points:[10, 20]
Bot get one more card ♠K
Player point: 20, Bot point: 20
Draw! Money:541.0
========================
Round #415
Player cards: [♥2, ♦J], Bot cards:[♥6, ♣Q]
Player points: [12, 12], Bot points:[16, 16]
Bot get one more card ♦J
Player point: 12, Bot point: 26
Player win! Money: 560.0
========================
Round #416
Player cards: [♣3, ♦4], Bot cards:[♣2, ♠A]
Player points: [7, 7], Bot points:[3, 13]
Player get one more card ♦5
Player get one more card ♠K
Bot get one more card ♣Q
Bot get one more card ♦K
Player point: 22, Bot point: 23
Player lose! Money: 539.0
========================
Round #417
Player cards: [♦J, ♣Q], Bot cards:[♦6, ♥K]
Player points: [20, 20], Bot points:[16, 16]
Bot get one more card ♦2
Player point: 20, Bot point: 18
Player win! Money: 558.0
========================
Round #418
Player cards: [♠3, ♠8], Bot cards:[♥2, ♥5]
Player points: [11, 11], Bot points:[7, 7]
----- Double Bet! -----
Player get one more card ♥A
Bot get one more card ♣T
Player point: 12, Bot point: 17
Player lose! Money: 517.0
========================
Round #419
Player cards: [♥6, ♠7], Bot cards:[♦6, ♦7]
Player points: [13, 13], Bot points:[13, 13]
Bot get one more card ♣9
Player point: 13, Bot point: 22
Player win! Money: 536.0
========================
Round #420
Player cards: [♥T, ♦Q], Bot cards:[♥7, ♥T]
Player points: [20, 20], Bot points:[17, 17]
Player point: 20, Bot point: 17
Player win! Money: 555.0
========================
Round #421
Player cards: [♠5, ♠9], Bot cards:[♠4, ♥K]
Player points: [14, 14], Bot points:[14, 14]
Bot get one more card ♥T
Player point: 14, Bot point: 24
Player win! Money: 574.0
========================
Round #422
Player cards: [♥K, ♦A], Bot cards:[♥8, ♣J]
Player points: [11, 21], Bot points:[18, 18]
Player point: 21, Bot point: 18
------ BlackJack!! ------
Player win! Money: 597.0
========================
Round #423
Player cards: [♦6, ♥7], Bot cards:[♦T, ♠Q]
Player points: [13, 13], Bot points:[20, 20]
Player get one more card ♦Q
Player point: 23, Bot point: 20
Player lose! Money: 576.0
========================
Round #424
Player cards: [♠6, ♠6], Bot cards:[♦5, ♠J]
Player points: [12, 12], Bot points:[15, 15]
-------- Split! Two hands: [8, 8], [16, 16]
Player get one more card ♣2
Player get one more card ♦3
For second hand:
Bot get one more card ♥A
Bot get one more card ♦J
Player point: 13, Bot point: 26
Player win! Money: 595.0
========================
Player point: 16, Bot point: 26
Player win! Money: 615.0
========================
Round #425
Player cards: [♣6, ♣7], Bot cards:[♠3, ♣3]
Player points: [13, 13], Bot points:[6, 6]
Bot get one more card ♦A
Bot get one more card ♥9
Bot get one more card ♥3
Player point: 13, Bot point: 19
Player lose! Money: 594.0
========================
Round #426
Player cards: [♦4, ♠9], Bot cards:[♥8, ♠9]
Player points: [13, 13], Bot points:[17, 17]
Player get one more card ♥4
Player point: 17, Bot point: 17
Draw! Money:593.0
========================
Round #427
Player cards: [♠4, ♠7], Bot cards:[♠3, ♣J]
Player points: [11, 11], Bot points:[13, 13]
----- Double Bet! -----
Player get one more card ♥T
Bot get one more card ♠Q
Player point: 21, Bot point: 23
Player win! Money: 632.0
========================
Round #428
Player cards: [♣6, ♦9], Bot cards:[♥3, ♥Q]
Player points: [15, 15], Bot points:[13, 13]
Bot get one more card ♦K
Player point: 15, Bot point: 23
Player win! Money: 651.0
========================
Round #429
Player cards: [♥2, ♣7], Bot cards:[♦2, ♥5]
Player points: [9, 9], Bot points:[7, 7]
Player get one more card ♠A
Bot get one more card ♠J
Player point: 20, Bot point: 17
Player win! Money: 670.0
========================
Round #430
Player cards: [♦2, ♣6], Bot cards:[♥6, ♠Q]
Player points: [8, 8], Bot points:[16, 16]
Player get one more card ♥J
Bot get one more card ♠6
Player point: 18, Bot point: 22
Player win! Money: 689.0
========================
Round #431
Player cards: [♣K, ♠A], Bot cards:[♠T, ♦T]
Player points: [11, 21], Bot points:[20, 20]
Player point: 21, Bot point: 20
------ BlackJack!! ------
Player win! Money: 712.0
========================
Round #432
Player cards: [♣K, ♣A], Bot cards:[♥3, ♥8]
Player points: [11, 21], Bot points:[11, 11]
Bot get one more card ♦T
Player point: 21, Bot point: 21
Player lose! Money: 691.0
========================
Round #433
Player cards: [♠5, ♠T], Bot cards:[♣4, ♣T]
Player points: [15, 15], Bot points:[14, 14]
Bot get one more card ♥9
Player point: 15, Bot point: 23
Player win! Money: 710.0
========================
Round #434
Player cards: [♣4, ♦5], Bot cards:[♦4, ♦4]
Player points: [9, 9], Bot points:[8, 8]
----- Double Bet! -----
Player get one more card ♣2
Bot get one more card ♣K
Player point: 11, Bot point: 18
Player lose! Money: 669.0
========================
Round #435
New deck
Player cards: [♣7, ♥K], Bot cards:[♥5, ♥T]
Player points: [17, 17], Bot points:[15, 15]
Bot get one more card ♠K
Player point: 17, Bot point: 25
Player win! Money: 688.0
========================
Round #436
Player cards: [♠6, ♠T], Bot cards:[♠4, ♦9]
Player points: [16, 16], Bot points:[13, 13]
Bot get one more card ♥7
Player point: 16, Bot point: 20
Player lose! Money: 667.0
========================
Round #437
Player cards: [♠5, ♣K], Bot cards:[♣J, ♠J]
Player points: [15, 15], Bot points:[20, 20]
Player get one more card ♠7
Player point: 22, Bot point: 20
Player lose! Money: 646.0
========================
Round #438
Player cards: [♠4, ♦7], Bot cards:[♣2, ♣5]
Player points: [11, 11], Bot points:[7, 7]
----- Double Bet! -----
Player get one more card ♥Q
Bot get one more card ♣T
Player point: 21, Bot point: 17
Player win! Money: 685.0
========================
Round #439
Player cards: [♦4, ♦5], Bot cards:[♥5, ♥J]
Player points: [9, 9], Bot points:[15, 15]
----- Double Bet! -----
Player get one more card ♦6
Bot get one more card ♠K
Player point: 15, Bot point: 25
Player win! Money: 724.0
========================
Round #440
Player cards: [♦J, ♦J], Bot cards:[♠3, ♠9]
Player points: [20, 20], Bot points:[12, 12]
Bot get one more card ♠7
Player point: 20, Bot point: 19
Player win! Money: 743.0
========================
Round #441
Player cards: [♣2, ♠8], Bot cards:[♥6, ♣8]
Player points: [10, 10], Bot points:[14, 14]
----- Double Bet! -----
Player get one more card ♥2
Bot get one more card ♣3
Player point: 12, Bot point: 17
Player lose! Money: 702.0
========================
Round #442
Player cards: [♦5, ♦K], Bot cards:[♥6, ♠J]
Player points: [15, 15], Bot points:[16, 16]
Bot get one more card ♠2
Player point: 15, Bot point: 18
Player lose! Money: 681.0
========================
Round #443
Player cards: [♠5, ♥8], Bot cards:[♥4, ♣K]
Player points: [13, 13], Bot points:[14, 14]
Bot get one more card ♠5
Player point: 13, Bot point: 19
Player lose! Money: 660.0
========================
Round #444
Player cards: [♥K, ♣A], Bot cards:[♥Q, ♥A]
Player points: [11, 21], Bot points:[11, 21]
Bot get one more card ♦8
Player point: 21, Bot point: 19
------ BlackJack!! ------
Player win! Money: 683.0
========================
Round #445
Player cards: [♥7, ♦T], Bot cards:[♦5, ♦K]
Player points: [17, 17], Bot points:[15, 15]
Bot get one more card ♠K
Player point: 17, Bot point: 25
Player win! Money: 702.0
========================
Round #446
Player cards: [♦T, ♠K], Bot cards:[♣Q, ♥Q]
Player points: [20, 20], Bot points:[20, 20]
Player point: 20, Bot point: 20
Draw! Money:701.0
========================
Round #447
Player cards: [♣4, ♣J], Bot cards:[♦8, ♥T]
Player points: [14, 14], Bot points:[18, 18]
Player get one more card ♦A
Player get one more card ♥J
Player point: 25, Bot point: 18
Player lose! Money: 680.0
========================
Round #448
Player cards: [♣2, ♦2], Bot cards:[♠6, ♦J]
Player points: [4, 4], Bot points:[16, 16]
-------- Split! Two hands: [11, 11], [3, 13]
----- Double Bet! -----
Player get one more card ♦Q
For second hand:
Bot get one more card ♠J
Player point: 21, Bot point: 26
Player win! Money: 719.0
========================
Player point: 13, Bot point: 26
Player win! Money: 739.0
========================
Round #449
Player cards: [♠9, ♠A], Bot cards:[♣4, ♥6]
Player points: [10, 20], Bot points:[10, 10]
Bot get one more card ♣9
Player point: 20, Bot point: 19
Player win! Money: 758.0
========================
Round #450
Player cards: [♣5, ♠7], Bot cards:[♦4, ♦K]
Player points: [12, 12], Bot points:[14, 14]
Bot get one more card ♣3
Player point: 12, Bot point: 17
Player lose! Money: 737.0
========================
Round #451
Player cards: [♦6, ♠J], Bot cards:[♣T, ♦Q]
Player points: [16, 16], Bot points:[20, 20]
Player get one more card ♦8
Player point: 24, Bot point: 20
Player lose! Money: 716.0
========================
Round #452
Player cards: [♣4, ♣7], Bot cards:[♦7, ♣A]
Player points: [11, 11], Bot points:[8, 18]
----- Double Bet! -----
Player get one more card ♣A
Bot get one more card ♣8
Bot get one more card ♦3
Player point: 12, Bot point: 19
Player lose! Money: 675.0
========================
Round #453
Player cards: [♠Q, ♦K], Bot cards:[♠8, ♠A]
Player points: [20, 20], Bot points:[9, 19]
Bot get one more card ♠6
Bot get one more card ♥4
Player point: 20, Bot point: 19
Player win! Money: 694.0
========================
Round #454
Player cards: [♦3, ♦J], Bot cards:[♠Q, ♣Q]
Player points: [13, 13], Bot points:[20, 20]
Player get one more card ♠A
Player get one more card ♣T
Player point: 24, Bot point: 20
Player lose! Money: 673.0
========================
Round #455
Player cards: [♥8, ♦A], Bot cards:[♦4, ♣K]
Player points: [9, 19], Bot points:[14, 14]
Bot get one more card ♣9
Player point: 19, Bot point: 23
Player win! Money: 692.0
========================
Round #456
Player cards: [♥3, ♥5], Bot cards:[♠5, ♥8]
Player points: [8, 8], Bot points:[13, 13]
Player get one more card ♥9
Bot get one more card ♥5
Player point: 17, Bot point: 18
Player lose! Money: 671.0
========================
Round #457
Player cards: [♠4, ♦4], Bot cards:[♥7, ♥A]
Player points: [8, 8], Bot points:[8, 18]
Player get one more card ♠3
Player get one more card ♥3
Bot get one more card ♣A
Bot get one more card ♠4
Bot get one more card ♠8
Player point: 14, Bot point: 21
Player lose! Money: 650.0
========================
Round #458
Player cards: [♣9, ♠T], Bot cards:[♦2, ♣4]
Player points: [19, 19], Bot points:[6, 6]
Bot get one more card ♥4
Bot get one more card ♦6
Bot get one more card ♥T
Player point: 19, Bot point: 26
Player win! Money: 669.0
========================
Round #459
Player cards: [♣7, ♣8], Bot cards:[♥3, ♦T]
Player points: [15, 15], Bot points:[13, 13]
Bot get one more card ♦T
Player point: 15, Bot point: 23
Player win! Money: 688.0
========================
Round #460
Player cards: [♠3, ♣Q], Bot cards:[♥4, ♦7]
Player points: [13, 13], Bot points:[11, 11]
Bot get one more card ♠2
Bot get one more card ♣9
Player point: 13, Bot point: 22
Player win! Money: 707.0
========================
Round #461
Player cards: [♠2, ♥9], Bot cards:[♠7, ♥9]
Player points: [11, 11], Bot points:[16, 16]
----- Double Bet! -----
Player get one more card ♦8
Bot get one more card ♣8
Player point: 19, Bot point: 24
Player win! Money: 746.0
========================
Round #462
Player cards: [♥2, ♣T], Bot cards:[♥3, ♥K]
Player points: [12, 12], Bot points:[13, 13]
Player get one more card ♥7
Bot get one more card ♥J
Player point: 19, Bot point: 23
Player win! Money: 765.0
========================
Round #463
Player cards: [♥6, ♣7], Bot cards:[♠2, ♦3]
Player points: [13, 13], Bot points:[5, 5]
Bot get one more card ♥J
Bot get one more card ♠6
Player point: 13, Bot point: 21
Player lose! Money: 744.0
========================
Round #464
Player cards: [♣3, ♦A], Bot cards:[♠8, ♠Q]
Player points: [4, 14], Bot points:[18, 18]
Player get one more card ♠T
Player get one more card ♥9
Player point: 23, Bot point: 18
Player lose! Money: 723.0
========================
Round #465
Player cards: [♦9, ♠T], Bot cards:[♣4, ♥A]
Player points: [19, 19], Bot points:[5, 15]
Bot get one more card ♦2
Bot get one more card ♣K
Player point: 19, Bot point: 17
Player win! Money: 742.0
========================
Round #466
Player cards: [♥9, ♣Q], Bot cards:[♠3, ♣5]
Player points: [19, 19], Bot points:[8, 8]
Bot get one more card ♠A
Bot get one more card ♦6
Bot get one more card ♦2
Player point: 19, Bot point: 17
Player win! Money: 761.0
========================
Round #467
Player cards: [♦3, ♣3], Bot cards:[♥T, ♠Q]
Player points: [6, 6], Bot points:[20, 20]
Player get one more card ♠9
Player get one more card ♣7
Player point: 22, Bot point: 20
Player lose! Money: 740.0
========================
Round #468
Player cards: [♦Q, ♦A], Bot cards:[♥2, ♥8]
Player points: [11, 21], Bot points:[10, 10]
Bot get one more card ♣A
Bot get one more card ♣6
Player point: 21, Bot point: 17
------ BlackJack!! ------
Player win! Money: 763.0
========================
Round #469
Player cards: [♦5, ♦7], Bot cards:[♠6, ♦7]
Player points: [12, 12], Bot points:[13, 13]
Bot get one more card ♣2
Bot get one more card ♣J
Player point: 12, Bot point: 25
Player win! Money: 782.0
========================
Round #470
Player cards: [♣6, ♦Q], Bot cards:[♦9, ♥Q]
Player points: [16, 16], Bot points:[19, 19]
Player get one more card ♣J
Player point: 26, Bot point: 19
Player lose! Money: 761.0
========================
Round #471
New deck
Player cards: [♠8, ♣Q], Bot cards:[♦2, ♦5]
Player points: [18, 18], Bot points:[7, 7]
Bot get one more card ♠2
Bot get one more card ♣2
Bot get one more card ♥J
Player point: 18, Bot point: 21
Player lose! Money: 740.0
========================
Round #472
Player cards: [♦8, ♥A], Bot cards:[♥2, ♠K]
Player points: [9, 19], Bot points:[12, 12]
Bot get one more card ♠5
Player point: 19, Bot point: 17
Player win! Money: 759.0
========================
Round #473
Player cards: [♦K, ♥K], Bot cards:[♥8, ♦A]
Player points: [20, 20], Bot points:[9, 19]
Bot get one more card ♥3
Bot get one more card ♠6
Player point: 20, Bot point: 18
Player win! Money: 778.0
========================
Round #474
Player cards: [♦6, ♦A], Bot cards:[♠2, ♦4]
Player points: [7, 17], Bot points:[6, 6]
Bot get one more card ♦5
Bot get one more card ♦T
Player point: 17, Bot point: 21
Player lose! Money: 757.0
========================
Round #475
Player cards: [♥2, ♠5], Bot cards:[♣K, ♥A]
Player points: [7, 7], Bot points:[11, 21]
Player get one more card ♥K
Bot get one more card ♦K
Player point: 17, Bot point: 21
Player lose! Money: 736.0
========================
Round #476
Player cards: [♣6, ♠T], Bot cards:[♦7, ♦9]
Player points: [16, 16], Bot points:[16, 16]
Player get one more card ♦6
Bot get one more card ♦K
Player point: 22, Bot point: 26
Player lose! Money: 715.0
========================
Round #477
Player cards: [♠2, ♥K], Bot cards:[♠4, ♣J]
Player points: [12, 12], Bot points:[14, 14]
Bot get one more card ♣J
Player point: 12, Bot point: 24
Player win! Money: 734.0
========================
Round #478
Player cards: [♥3, ♥Q], Bot cards:[♦7, ♥7]
Player points: [13, 13], Bot points:[14, 14]
Player get one more card ♥Q
Bot get one more card ♠7
Player point: 23, Bot point: 21
Player lose! Money: 713.0
========================
Round #479
Player cards: [♥3, ♣3], Bot cards:[♣7, ♣A]
Player points: [6, 6], Bot points:[8, 18]
-------- Split! Two hands: [7, 7], [13, 13]
Player get one more card ♠Q
For second hand:
Player get one more card ♣7
Bot get one more card ♥5
Bot get one more card ♣6
Player point: 17, Bot point: 19
Player lose! Money: 692.0
========================
Player point: 20, Bot point: 19
Player win! Money: 712.0
========================
Round #480
Player cards: [♣5, ♠6], Bot cards:[♠4, ♥6]
Player points: [11, 11], Bot points:[10, 10]
----- Double Bet! -----
Player get one more card ♣T
Bot get one more card ♠4
Bot get one more card ♠A
Bot get one more card ♣Q
Player point: 21, Bot point: 25
Player win! Money: 751.0
========================
Round #481
Player cards: [♠T, ♣Q], Bot cards:[♥7, ♥Q]
Player points: [20, 20], Bot points:[17, 17]
Player point: 20, Bot point: 17
Player win! Money: 770.0
========================
Round #482
Player cards: [♣3, ♣6], Bot cards:[♣5, ♠T]
Player points: [9, 9], Bot points:[15, 15]
----- Double Bet! -----
Player get one more card ♣T
Bot get one more card ♠T
Player point: 19, Bot point: 25
Player win! Money: 809.0
========================
Round #483
Player cards: [♣3, ♠6], Bot cards:[♠4, ♣5]
Player points: [9, 9], Bot points:[9, 9]
----- Double Bet! -----
Player get one more card ♠9
Bot get one more card ♦3
Bot get one more card ♦3
Bot get one more card ♦Q
Player point: 18, Bot point: 25
Player win! Money: 848.0
========================
Round #484
Player cards: [♣3, ♥T], Bot cards:[♣5, ♦J]
Player points: [13, 13], Bot points:[15, 15]
Bot get one more card ♥A
Bot get one more card ♣9
Player point: 13, Bot point: 25
Player win! Money: 867.0
========================
Round #485
Player cards: [♣2, ♣8], Bot cards:[♠3, ♠9]
Player points: [10, 10], Bot points:[12, 12]
----- Double Bet! -----
Player get one more card ♥7
Bot get one more card ♥Q
Player point: 17, Bot point: 22
Player win! Money: 906.0
========================
Round #486
Player cards: [♦T, ♦Q], Bot cards:[♥4, ♦4]
Player points: [20, 20], Bot points:[8, 8]
Bot get one more card ♠K
Player point: 20, Bot point: 18
Player win! Money: 925.0
========================
Round #487
Player cards: [♦3, ♥8], Bot cards:[♣2, ♥4]
Player points: [11, 11], Bot points:[6, 6]
----- Double Bet! -----
Player get one more card ♥6
Bot get one more card ♠J
Bot get one more card ♠K
Player point: 17, Bot point: 26
Player win! Money: 964.0
========================
Round #488
Player cards: [♣4, ♣J], Bot cards:[♣6, ♥K]
Player points: [14, 14], Bot points:[16, 16]
Bot get one more card ♠8
Player point: 14, Bot point: 24
Player win! Money: 983.0
========================
Round #489
Player cards: [♥9, ♣T], Bot cards:[♠5, ♦A]
Player points: [19, 19], Bot points:[6, 16]
Bot get one more card ♥4
Bot get one more card ♠A
Bot get one more card ♦8
Player point: 19, Bot point: 19
Draw! Money:982.0
========================
Round #490
Player cards: [♥6, ♠A], Bot cards:[♦8, ♥J]
Player points: [7, 17], Bot points:[18, 18]
Player point: 17, Bot point: 18
Player lose! Money: 961.0
========================
Round #491
Player cards: [♥9, ♦Q], Bot cards:[♦2, ♥K]
Player points: [19, 19], Bot points:[12, 12]
Bot get one more card ♦6
Player point: 19, Bot point: 18
Player win! Money: 980.0
========================
Round #492
Player cards: [♥4, ♦6], Bot cards:[♣6, ♦J]
Player points: [10, 10], Bot points:[16, 16]
----- Double Bet! -----
Player get one more card ♠9
Bot get one more card ♣8
Player point: 19, Bot point: 24
Player win! Money: 1019.0
========================
Round #493
Player cards: [♦5, ♥7], Bot cards:[♠7, ♣9]
Player points: [12, 12], Bot points:[16, 16]
Player get one more card ♦Q
Bot get one more card ♥2
Player point: 22, Bot point: 18
Player lose! Money: 998.0
========================
Round #494
Player cards: [♣2, ♦9], Bot cards:[♠3, ♦4]
Player points: [11, 11], Bot points:[7, 7]
----- Double Bet! -----
Player get one more card ♥9
Bot get one more card ♦4
Bot get one more card ♦J
Player point: 20, Bot point: 21
Player lose! Money: 957.0
========================
Round #495
Player cards: [♦3, ♣T], Bot cards:[♥3, ♦T]
Player points: [13, 13], Bot points:[13, 13]
Bot get one more card ♠9
Player point: 13, Bot point: 22
Player win! Money: 976.0
========================
Round #496
Player cards: [♠J, ♦J], Bot cards:[♣4, ♦5]
Player points: [20, 20], Bot points:[9, 9]
Bot get one more card ♥T
Player point: 20, Bot point: 19
Player win! Money: 995.0
========================
Round #497
Player cards: [♠7, ♦9], Bot cards:[♦T, ♦K]
Player points: [16, 16], Bot points:[20, 20]
Player get one more card ♦7
Player point: 23, Bot point: 20
Player lose! Money: 974.0
========================
Round #498
Player cards: [♦2, ♠9], Bot cards:[♥5, ♥9]
Player points: [11, 11], Bot points:[14, 14]
----- Double Bet! -----
Player get one more card ♠2
Bot get one more card ♥2
Bot get one more card ♥A
Player point: 13, Bot point: 17
Player lose! Money: 933.0
========================
Round #499
Player cards: [♣6, ♠Q], Bot cards:[♣7, ♦8]
Player points: [16, 16], Bot points:[15, 15]
Player get one more card ♦2
Bot get one more card ♣K
Player point: 18, Bot point: 25
Player win! Money: 952.0
========================
Round #500
Player cards: [♥6, ♠J], Bot cards:[♣8, ♣9]
Player points: [16, 16], Bot points:[17, 17]
Player get one more card ♦9
Player point: 25, Bot point: 17
Player lose! Money: 931.0
========================
Round #501
Player cards: [♥J, ♣A], Bot cards:[♣9, ♥J]
Player points: [11, 21], Bot points:[19, 19]
Player point: 21, Bot point: 19
------ BlackJack!! ------
Player win! Money: 954.0
========================
Round #502
Player cards: [♥2, ♣K], Bot cards:[♠Q, ♣A]
Player points: [12, 12], Bot points:[11, 21]
Player get one more card ♥5
Bot get one more card ♠7
Player point: 17, Bot point: 18
Player lose! Money: 933.0
========================
Round #503
Player cards: [♣7, ♥T], Bot cards:[♣4, ♦A]
Player points: [17, 17], Bot points:[5, 15]
Bot get one more card ♠6
Bot get one more card ♠5
Bot get one more card ♥8
Player point: 17, Bot point: 24
Player win! Money: 952.0
========================
Round #504
Player cards: [♥T, ♠K], Bot cards:[♦7, ♠8]
Player points: [20, 20], Bot points:[15, 15]
Bot get one more card ♣5
Player point: 20, Bot point: 20
Draw! Money:951.0
========================
Round #505
Player cards: [♠3, ♣K], Bot cards:[♥8, ♠A]
Player points: [13, 13], Bot points:[9, 19]
Player get one more card ♣8
Bot get one more card ♣Q
Player point: 21, Bot point: 19
Player win! Money: 970.0
========================
Round #506
New deck
Player cards: [♠T, ♣J], Bot cards:[♠3, ♠T]
Player points: [20, 20], Bot points:[13, 13]
Bot get one more card ♥T
Player point: 20, Bot point: 23
Player win! Money: 989.0
========================
Round #507
Player cards: [♦4, ♣A], Bot cards:[♣2, ♣9]
Player points: [5, 15], Bot points:[11, 11]
Bot get one more card ♠J
Player point: 15, Bot point: 21
Player lose! Money: 968.0
========================
Round #508
Player cards: [♦9, ♣K], Bot cards:[♠4, ♣5]
Player points: [19, 19], Bot points:[9, 9]
Bot get one more card ♥J
Player point: 19, Bot point: 19
Draw! Money:967.0
========================
Round #509
Player cards: [♣6, ♥A], Bot cards:[♦2, ♦J]
Player points: [7, 17], Bot points:[12, 12]
Bot get one more card ♦J
Player point: 17, Bot point: 22
Player win! Money: 986.0
========================
Round #510
Player cards: [♥2, ♥8], Bot cards:[♣6, ♦7]
Player points: [10, 10], Bot points:[13, 13]
----- Double Bet! -----
Player get one more card ♠K
Bot get one more card ♦5
Player point: 20, Bot point: 18
Player win! Money: 1025.0
========================
Round #511
Player cards: [♠3, ♣7], Bot cards:[♥5, ♠9]
Player points: [10, 10], Bot points:[14, 14]
----- Double Bet! -----
Player get one more card ♠2
Bot get one more card ♥7
Player point: 12, Bot point: 21
Player lose! Money: 984.0
========================
Round #512
Player cards: [♦2, ♠7], Bot cards:[♣2, ♦J]
Player points: [9, 9], Bot points:[12, 12]
Player get one more card ♥K
Bot get one more card ♥A
Bot get one more card ♣Q
Player point: 19, Bot point: 23
Player win! Money: 1003.0
========================
Round #513
Player cards: [♣5, ♥A], Bot cards:[♣K, ♠A]
Player points: [6, 16], Bot points:[11, 21]
Player get one more card ♠A
Bot get one more card ♠9
Player point: 17, Bot point: 20
Player lose! Money: 982.0
========================
Round #514
Player cards: [♦9, ♠T], Bot cards:[♣3, ♠Q]
Player points: [19, 19], Bot points:[13, 13]
Bot get one more card ♦6
Player point: 19, Bot point: 19
Draw! Money:981.0
========================
Round #515
Player cards: [♣3, ♠7], Bot cards:[♠J, ♥K]
Player points: [10, 10], Bot points:[20, 20]
Player get one more card ♥6
Player get one more card ♣A
Player point: 17, Bot point: 20
Player lose! Money: 960.0
========================
Round #516
Player cards: [♥5, ♠K], Bot cards:[♥6, ♦8]
Player points: [15, 15], Bot points:[14, 14]
Bot get one more card ♥4
Player point: 15, Bot point: 18
Player lose! Money: 939.0
========================
Round #517
Player cards: [♠6, ♥9], Bot cards:[♠5, ♦7]
Player points: [15, 15], Bot points:[12, 12]
Bot get one more card ♦T
Player point: 15, Bot point: 22
Player win! Money: 958.0
========================
Round #518
Player cards: [♣4, ♦A], Bot cards:[♥2, ♠2]
Player points: [5, 15], Bot points:[4, 4]
Bot get one more card ♠A
Bot get one more card ♦T
Bot get one more card ♠2
Player point: 15, Bot point: 17
Player lose! Money: 937.0
========================
Round #519
Player cards: [♠4, ♥J], Bot cards:[♣6, ♠Q]
Player points: [14, 14], Bot points:[16, 16]
Bot get one more card ♣7
Player point: 14, Bot point: 23
Player win! Money: 956.0
========================
Round #520
Player cards: [♠7, ♥T], Bot cards:[♦8, ♦8]
Player points: [17, 17], Bot points:[16, 16]
Bot get one more card ♥6
Player point: 17, Bot point: 22
Player win! Money: 975.0
========================
Round #521
Player cards: [♠4, ♠8], Bot cards:[♣4, ♣9]
Player points: [12, 12], Bot points:[13, 13]
Bot get one more card ♥4
Player point: 12, Bot point: 17
Player lose! Money: 954.0
========================
Round #522
Player cards: [♥9, ♦9], Bot cards:[♣T, ♠Q]
Player points: [18, 18], Bot points:[20, 20]
Player point: 18, Bot point: 20
Player lose! Money: 933.0
========================
Round #523
Player cards: [♥Q, ♦Q], Bot cards:[♣4, ♣9]
Player points: [20, 20], Bot points:[13, 13]
Bot get one more card ♠3
Bot get one more card ♠8
Player point: 20, Bot point: 24
Player win! Money: 952.0
========================
Round #524
Player cards: [♦3, ♦T], Bot cards:[♠Q, ♣K]
Player points: [13, 13], Bot points:[20, 20]
Player get one more card ♠5
Player point: 18, Bot point: 20
Player lose! Money: 931.0
========================
Round #525
Player cards: [♠7, ♥8], Bot cards:[♠5, ♥7]
Player points: [15, 15], Bot points:[12, 12]
Bot get one more card ♣Q
Player point: 15, Bot point: 22
Player win! Money: 950.0
========================
Round #526
Player cards: [♦K, ♣K], Bot cards:[♥8, ♥T]
Player points: [20, 20], Bot points:[18, 18]
Player point: 20, Bot point: 18
Player win! Money: 969.0
========================
Round #527
Player cards: [♦J, ♣A], Bot cards:[♥5, ♦T]
Player points: [11, 21], Bot points:[15, 15]
Bot get one more card ♥3
Player point: 21, Bot point: 18
------ BlackJack!! ------
Player win! Money: 992.0
========================
Round #528
Player cards: [♣8, ♣A], Bot cards:[♦2, ♦K]
Player points: [9, 19], Bot points:[12, 12]
Bot get one more card ♣J
Player point: 19, Bot point: 22
Player win! Money: 1011.0
========================
Round #529
Player cards: [♣2, ♣T], Bot cards:[♥3, ♦A]
Player points: [12, 12], Bot points:[4, 14]
Player get one more card ♥7
Bot get one more card ♠J
Bot get one more card ♣7
Player point: 19, Bot point: 21
Player lose! Money: 990.0
========================
Round #530
Player cards: [♦5, ♣6], Bot cards:[♠K, ♥K]
Player points: [11, 11], Bot points:[20, 20]
----- Double Bet! -----
Player get one more card ♥2
Player point: 13, Bot point: 20
Player lose! Money: 949.0
========================
Round #531
Player cards: [♣8, ♥Q], Bot cards:[♦8, ♦A]
Player points: [18, 18], Bot points:[9, 19]
Bot get one more card ♣Q
Player point: 18, Bot point: 19
Player lose! Money: 928.0
========================
Round #532
Player cards: [♦6, ♥T], Bot cards:[♠9, ♠Q]
Player points: [16, 16], Bot points:[19, 19]
Player get one more card ♠K
Player point: 26, Bot point: 19
Player lose! Money: 907.0
========================
Round #533
Player cards: [♦6, ♦Q], Bot cards:[♠8, ♥9]
Player points: [16, 16], Bot points:[17, 17]
Player get one more card ♣3
Player point: 19, Bot point: 17
Player win! Money: 926.0
========================
Round #534
Player cards: [♣5, ♦Q], Bot cards:[♦3, ♥6]
Player points: [15, 15], Bot points:[9, 9]
Bot get one more card ♠8
Player point: 15, Bot point: 17
Player lose! Money: 905.0
========================
Round #535
Player cards: [♣T, ♣J], Bot cards:[♦6, ♠A]
Player points: [20, 20], Bot points:[7, 17]
Bot get one more card ♥5
Bot get one more card ♥J
Player point: 20, Bot point: 22
Player win! Money: 924.0
========================
Round #536
Player cards: [♦2, ♠6], Bot cards:[♦4, ♠4]
Player points: [8, 8], Bot points:[8, 8]
Player get one more card ♥9
Bot get one more card ♠6
Bot get one more card ♠2
Bot get one more card ♥K
Player point: 17, Bot point: 26
Player win! Money: 943.0
========================
Round #537
Player cards: [♦7, ♥Q], Bot cards:[♠8, ♣T]
Player points: [17, 17], Bot points:[18, 18]
Player point: 17, Bot point: 18
Player lose! Money: 922.0
========================
Round #538
Player cards: [♠3, ♣5], Bot cards:[♥4, ♣8]
Player points: [8, 8], Bot points:[12, 12]
Player get one more card ♥7
Bot get one more card ♦9
Player point: 15, Bot point: 21
Player lose! Money: 901.0
========================
Round #539
Player cards: [♦Q, ♦K], Bot cards:[♥3, ♥8]
Player points: [20, 20], Bot points:[11, 11]
Bot get one more card ♣Q
Player point: 20, Bot point: 21
Player lose! Money: 880.0
========================
Round #540
Player cards: [♦3, ♥Q], Bot cards:[♦4, ♣A]
Player points: [13, 13], Bot points:[5, 15]
Bot get one more card ♦K
Bot get one more card ♦A
Bot get one more card ♥J
Player point: 13, Bot point: 26
Player win! Money: 899.0
========================
Round #541
Player cards: [♠3, ♣3], Bot cards:[♣2, ♣8]
Player points: [6, 6], Bot points:[10, 10]
Player get one more card ♦4
Player get one more card ♠9
Bot get one more card ♦5
Bot get one more card ♣7
Player point: 19, Bot point: 22
Player win! Money: 918.0
========================
Round #542
Player cards: [♣4, ♥A], Bot cards:[♦5, ♣9]
Player points: [5, 15], Bot points:[14, 14]
Bot get one more card ♣J
Player point: 15, Bot point: 24
Player win! Money: 937.0
========================
Round #543
Player cards: [♥4, ♠5], Bot cards:[♥3, ♠J]
Player points: [9, 9], Bot points:[13, 13]
----- Double Bet! -----
Player get one more card ♠6
Bot get one more card ♦3
Bot get one more card ♥5
Player point: 15, Bot point: 21
Player lose! Money: 896.0
========================
Round #544
New deck
Player cards: [♦7, ♥8], Bot cards:[♦4, ♠5]
Player points: [15, 15], Bot points:[9, 9]
Bot get one more card ♠7
Bot get one more card ♣Q
Player point: 15, Bot point: 26
Player win! Money: 915.0
========================
Round #545
Player cards: [♣7, ♦A], Bot cards:[♠T, ♠A]
Player points: [8, 18], Bot points:[11, 21]
Bot get one more card ♦J
Player point: 18, Bot point: 21
Player lose! Money: 894.0
========================
Round #546
Player cards: [♣4, ♣T], Bot cards:[♠5, ♦7]
Player points: [14, 14], Bot points:[12, 12]
Bot get one more card ♥5
Player point: 14, Bot point: 17
Player lose! Money: 873.0
========================
Round #547
Player cards: [♣K, ♠A], Bot cards:[♠2, ♥9]
Player points: [11, 21], Bot points:[11, 11]
Bot get one more card ♥4
Bot get one more card ♦3
Player point: 21, Bot point: 18
------ BlackJack!! ------
Player win! Money: 896.0
========================
Round #548
Player cards: [♦J, ♣J], Bot cards:[♣J, ♦Q]
Player points: [20, 20], Bot points:[20, 20]
Player point: 20, Bot point: 20
Draw! Money:895.0
========================
Round #549
Player cards: [♠Q, ♣A], Bot cards:[♠3, ♠4]
Player points: [11, 21], Bot points:[7, 7]
Bot get one more card ♥7
Bot get one more card ♣Q
Player point: 21, Bot point: 24
------ BlackJack!! ------
Player win! Money: 918.0
========================
Round #550
Player cards: [♥2, ♠5], Bot cards:[♥4, ♣A]
Player points: [7, 7], Bot points:[5, 15]
Player get one more card ♠5
Bot get one more card ♦K
Bot get one more card ♣K
Player point: 12, Bot point: 25
Player win! Money: 937.0
========================
Round #551
Player cards: [♥2, ♠A], Bot cards:[♦6, ♠K]
Player points: [3, 13], Bot points:[16, 16]
Bot get one more card ♠T
Player point: 13, Bot point: 26
Player win! Money: 956.0
========================
Round #552
Player cards: [♠6, ♠7], Bot cards:[♠8, ♠T]
Player points: [13, 13], Bot points:[18, 18]
Player get one more card ♠3
Player get one more card ♣J
Player point: 26, Bot point: 18
Player lose! Money: 935.0
========================
Round #553
Player cards: [♣4, ♦4], Bot cards:[♥6, ♥8]
Player points: [8, 8], Bot points:[14, 14]
Player get one more card ♥6
Bot get one more card ♠Q
Player point: 14, Bot point: 24
Player win! Money: 954.0
========================
Round #554
Player cards: [♦2, ♦5], Bot cards:[♥2, ♥T]
Player points: [7, 7], Bot points:[12, 12]
Player get one more card ♥Q
Bot get one more card ♣T
Player point: 17, Bot point: 22
Player win! Money: 973.0
========================
Round #555
Player cards: [♥2, ♥K], Bot cards:[♠6, ♠9]
Player points: [12, 12], Bot points:[15, 15]
Bot get one more card ♠K
Player point: 12, Bot point: 25
Player win! Money: 992.0
========================
Round #556
Player cards: [♣8, ♦9], Bot cards:[♣7, ♦T]
Player points: [17, 17], Bot points:[17, 17]
Player point: 17, Bot point: 17
Draw! Money:991.0
========================
Round #557
Player cards: [♥9, ♠9], Bot cards:[♣8, ♦K]
Player points: [18, 18], Bot points:[18, 18]
-------- Split! Two hands: [10, 20], [19, 19]
For second hand:
Player point: 20, Bot point: 18
Player win! Money: 1010.0
========================
Player point: 19, Bot point: 18
Player win! Money: 1030.0
========================
Round #558
Player cards: [♣T, ♦T], Bot cards:[♦2, ♦8]
Player points: [20, 20], Bot points:[10, 10]
Bot get one more card ♦Q
Player point: 20, Bot point: 20
Draw! Money:1029.0
========================
Round #559
Player cards: [♠2, ♥J], Bot cards:[♥7, ♥A]
Player points: [12, 12], Bot points:[8, 18]
Player get one more card ♠9
Bot get one more card ♦6
Bot get one more card ♣2
Bot get one more card ♥8
Player point: 21, Bot point: 24
Player win! Money: 1048.0
========================
Round #560
Player cards: [♥3, ♦J], Bot cards:[♦9, ♠J]
Player points: [13, 13], Bot points:[19, 19]
Player get one more card ♥4
Player point: 17, Bot point: 19
Player lose! Money: 1027.0
========================
Round #561
Player cards: [♥7, ♠8], Bot cards:[♥J, ♥J]
Player points: [15, 15], Bot points:[20, 20]
Player get one more card ♠K
Player point: 25, Bot point: 20
Player lose! Money: 1006.0
========================
Round #562
Player cards: [♣8, ♥A], Bot cards:[♦8, ♥T]
Player points: [9, 19], Bot points:[18, 18]
Player point: 19, Bot point: 18
Player win! Money: 1025.0
========================
Round #563
Player cards: [♣9, ♦A], Bot cards:[♣3, ♣6]
Player points: [10, 20], Bot points:[9, 9]
Bot get one more card ♦5
Bot get one more card ♣3
Player point: 20, Bot point: 17
Player win! Money: 1044.0
========================
Round #564
Player cards: [♥9, ♦A], Bot cards:[♥4, ♣5]
Player points: [10, 20], Bot points:[9, 9]
Bot get one more card ♦4
Bot get one more card ♣A
Bot get one more card ♦7
Player point: 20, Bot point: 21
Player lose! Money: 1023.0
========================
Round #565
Player cards: [♣4, ♥7], Bot cards:[♠4, ♣9]
Player points: [11, 11], Bot points:[13, 13]
----- Double Bet! -----
Player get one more card ♣5
Bot get one more card ♥5
Player point: 16, Bot point: 18
Player lose! Money: 982.0
========================
Round #566
Player cards: [♣2, ♦9], Bot cards:[♣9, ♥T]
Player points: [11, 11], Bot points:[19, 19]
----- Double Bet! -----
Player get one more card ♥5
Player point: 16, Bot point: 19
Player lose! Money: 941.0
========================
Round #567
Player cards: [♦5, ♠6], Bot cards:[♥6, ♣9]
Player points: [11, 11], Bot points:[15, 15]
----- Double Bet! -----
Player get one more card ♣T
Bot get one more card ♦A
Bot get one more card ♠4
Player point: 21, Bot point: 20
Player win! Money: 980.0
========================
Round #568
Player cards: [♦8, ♦J], Bot cards:[♥6, ♥A]
Player points: [18, 18], Bot points:[7, 17]
Bot get one more card ♣5
Bot get one more card ♠8
Player point: 18, Bot point: 20
Player lose! Money: 959.0
========================
Round #569
Player cards: [♣Q, ♣A], Bot cards:[♦3, ♠T]
Player points: [11, 21], Bot points:[13, 13]
Bot get one more card ♠7
Player point: 21, Bot point: 20
------ BlackJack!! ------
Player win! Money: 982.0
========================
Round #570
Player cards: [♦5, ♦Q], Bot cards:[♦2, ♠6]
Player points: [15, 15], Bot points:[8, 8]
Bot get one more card ♣5
Bot get one more card ♠2
Bot get one more card ♥T
Player point: 15, Bot point: 25
Player win! Money: 1001.0
========================
Round #571
Player cards: [♦4, ♠9], Bot cards:[♦3, ♠J]
Player points: [13, 13], Bot points:[13, 13]
Bot get one more card ♥Q
Player point: 13, Bot point: 23
Player win! Money: 1020.0
========================
Round #572
Player cards: [♦7, ♣J], Bot cards:[♣8, ♦K]
Player points: [17, 17], Bot points:[18, 18]
Player point: 17, Bot point: 18
Player lose! Money: 999.0
========================
Round #573
Player cards: [♣3, ♣Q], Bot cards:[♠3, ♦K]
Player points: [13, 13], Bot points:[13, 13]
Bot get one more card ♠Q
Player point: 13, Bot point: 23
Player win! Money: 1018.0
========================
Round #574
Player cards: [♦9, ♦T], Bot cards:[♣2, ♠J]
Player points: [19, 19], Bot points:[12, 12]
Bot get one more card ♠J
Player point: 19, Bot point: 22
Player win! Money: 1037.0
========================
Round #575
Player cards: [♣6, ♥K], Bot cards:[♥5, ♥9]
Player points: [16, 16], Bot points:[14, 14]
Bot get one more card ♣4
Player point: 16, Bot point: 18
Player lose! Money: 1016.0
========================
Round #576
Player cards: [♣7, ♠T], Bot cards:[♥3, ♥3]
Player points: [17, 17], Bot points:[6, 6]
Bot get one more card ♦6
Bot get one more card ♦T
Player point: 17, Bot point: 22
Player win! Money: 1035.0
========================
Round #577
Player cards: [♥2, ♠4], Bot cards:[♦7, ♦Q]
Player points: [6, 6], Bot points:[17, 17]
Player get one more card ♣7
Player get one more card ♥8
Player point: 21, Bot point: 17
Player win! Money: 1054.0
========================
Round #578
Player cards: [♣3, ♠Q], Bot cards:[♥K, ♣K]
Player points: [13, 13], Bot points:[20, 20]
Player get one more card ♦3
Player get one more card ♥K
Player point: 26, Bot point: 20
Player lose! Money: 1033.0
========================
Round #579
Player cards: [♦8, ♠J], Bot cards:[♠3, ♠K]
Player points: [18, 18], Bot points:[13, 13]
Bot get one more card ♥3
Bot get one more card ♠7
Player point: 18, Bot point: 23
Player win! Money: 1052.0
========================
Round #580
Player cards: [♠2, ♣2], Bot cards:[♣6, ♦6]
Player points: [4, 4], Bot points:[12, 12]
-------- Split! Two hands: [10, 10], [4, 4]
----- Double Bet! -----
Player get one more card ♣6
For second hand:
Player get one more card ♥J
Bot get one more card ♣K
Player point: 16, Bot point: 22
Player win! Money: 1091.0
========================
Player point: 14, Bot point: 22
Player win! Money: 1111.0
========================
Round #581
New deck
Player cards: [♥9, ♠J], Bot cards:[♥2, ♠Q]
Player points: [19, 19], Bot points:[12, 12]
Bot get one more card ♥6
Player point: 19, Bot point: 18
Player win! Money: 1130.0
========================
Round #582
Player cards: [♥T, ♥K], Bot cards:[♦7, ♣8]
Player points: [20, 20], Bot points:[15, 15]
Bot get one more card ♦2
Player point: 20, Bot point: 17
Player win! Money: 1149.0
========================
Round #583
Player cards: [♠4, ♦K], Bot cards:[♦3, ♣4]
Player points: [14, 14], Bot points:[7, 7]
Bot get one more card ♦2
Bot get one more card ♦4
Bot get one more card ♠9
Player point: 14, Bot point: 22
Player win! Money: 1168.0
========================
Round #584
Player cards: [♠7, ♠K], Bot cards:[♣7, ♠9]
Player points: [17, 17], Bot points:[16, 16]
Bot get one more card ♠4
Player point: 17, Bot point: 20
Player lose! Money: 1147.0
========================
Round #585
Player cards: [♥5, ♦7], Bot cards:[♠A, ♦A]
Player points: [12, 12], Bot points:[2, 12]
Player get one more card ♥4
Player get one more card ♥J
Bot get one more card ♣3
Bot get one more card ♥3
Bot get one more card ♥K
Player point: 26, Bot point: 18
Player lose! Money: 1126.0
========================
Round #586
Player cards: [♠2, ♦J], Bot cards:[♣3, ♦T]
Player points: [12, 12], Bot points:[13, 13]
Player get one more card ♥A
Bot get one more card ♠9
Player point: 13, Bot point: 22
Player win! Money: 1145.0
========================
Round #587
Player cards: [♥6, ♥6], Bot cards:[♣6, ♠Q]
Player points: [12, 12], Bot points:[16, 16]
-------- Split! Two hands: [13, 13], [15, 15]
For second hand:
Bot get one more card ♠T
Player point: 13, Bot point: 26
Player win! Money: 1164.0
========================
Player point: 15, Bot point: 26
Player win! Money: 1184.0
========================
Round #588
Player cards: [♥5, ♥8], Bot cards:[♥9, ♠K]
Player points: [13, 13], Bot points:[19, 19]
Player get one more card ♦Q
Player point: 23, Bot point: 19
Player lose! Money: 1163.0
========================
Round #589
Player cards: [♠T, ♠K], Bot cards:[♥J, ♠A]
Player points: [20, 20], Bot points:[11, 21]
Bot get one more card ♠3
Bot get one more card ♦9
Player point: 20, Bot point: 23
Player win! Money: 1182.0
========================
Round #590
Player cards: [♠6, ♦9], Bot cards:[♠3, ♦J]
Player points: [15, 15], Bot points:[13, 13]
Bot get one more card ♣9
Player point: 15, Bot point: 22
Player win! Money: 1201.0
========================
Round #591
Player cards: [♣8, ♥Q], Bot cards:[♦4, ♣T]
Player points: [18, 18], Bot points:[14, 14]
Bot get one more card ♠3
Player point: 18, Bot point: 17
Player win! Money: 1220.0
========================
Round #592
Player cards: [♥3, ♣J], Bot cards:[♠8, ♣J]
Player points: [13, 13], Bot points:[18, 18]
Player get one more card ♠J
Player point: 23, Bot point: 18
Player lose! Money: 1199.0
========================
Round #593
Player cards: [♣3, ♣4], Bot cards:[♥2, ♥7]
Player points: [7, 7], Bot points:[9, 9]
Player get one more card ♠Q
Bot get one more card ♥6
Bot get one more card ♥T
Player point: 17, Bot point: 25
Player win! Money: 1218.0
========================
Round #594
Player cards: [♦5, ♥T], Bot cards:[♣5, ♠8]
Player points: [15, 15], Bot points:[13, 13]
Bot get one more card ♣8
Player point: 15, Bot point: 21
Player lose! Money: 1197.0
========================
Round #595
Player cards: [♣5, ♦Q], Bot cards:[♦2, ♣Q]
Player points: [15, 15], Bot points:[12, 12]
Bot get one more card ♥Q
Player point: 15, Bot point: 22
Player win! Money: 1216.0
========================
Round #596
Player cards: [♣2, ♦T], Bot cards:[♥7, ♠T]
Player points: [12, 12], Bot points:[17, 17]
Player get one more card ♦6
Player point: 18, Bot point: 17
Player win! Money: 1235.0
========================
Round #597
Player cards: [♥5, ♥7], Bot cards:[♣6, ♣A]
Player points: [12, 12], Bot points:[7, 17]
Bot get one more card ♣6
Bot get one more card ♥9
Player point: 12, Bot point: 22
Player win! Money: 1254.0
========================
Round #598
Player cards: [♦6, ♥K], Bot cards:[♠5, ♥Q]
Player points: [16, 16], Bot points:[15, 15]
Bot get one more card ♥3
Player point: 16, Bot point: 18
Player lose! Money: 1233.0
========================
Round #599
Player cards: [♦8, ♦A], Bot cards:[♥4, ♣8]
Player points: [9, 19], Bot points:[12, 12]
Bot get one more card ♥K
Player point: 19, Bot point: 22
Player win! Money: 1252.0
========================
Round #600
Player cards: [♥8, ♥J], Bot cards:[♠5, ♦7]
Player points: [18, 18], Bot points:[12, 12]
Bot get one more card ♦5
Player point: 18, Bot point: 17
Player win! Money: 1271.0
========================
Round #601
Player cards: [♣Q, ♠K], Bot cards:[♣3, ♦7]
Player points: [20, 20], Bot points:[10, 10]
Bot get one more card ♣7
Player point: 20, Bot point: 17
Player win! Money: 1290.0
========================
Round #602
Player cards: [♣T, ♣A], Bot cards:[♠J, ♣K]
Player points: [11, 21], Bot points:[20, 20]
Player point: 21, Bot point: 20
------ BlackJack!! ------
Player win! Money: 1313.0
========================
Round #603
Player cards: [♣2, ♦9], Bot cards:[♦4, ♣K]
Player points: [11, 11], Bot points:[14, 14]
----- Double Bet! -----
Player get one more card ♠4
Bot get one more card ♠5
Player point: 15, Bot point: 19
Player lose! Money: 1272.0
========================
Round #604
Player cards: [♦3, ♣5], Bot cards:[♥A, ♦A]
Player points: [8, 8], Bot points:[2, 12]
Player get one more card ♣K
Bot get one more card ♥T
Bot get one more card ♥5
Player point: 18, Bot point: 17
Player win! Money: 1291.0
========================
Round #605
Player cards: [♦3, ♠Q], Bot cards:[♦T, ♣J]
Player points: [13, 13], Bot points:[20, 20]
Player get one more card ♣A
Player get one more card ♠5
Player point: 19, Bot point: 20
Player lose! Money: 1270.0
========================
Round #606
Player cards: [♠2, ♣6], Bot cards:[♠6, ♦6]
Player points: [8, 8], Bot points:[12, 12]
Player get one more card ♠A
Bot get one more card ♠7
Player point: 19, Bot point: 19
Draw! Money:1269.0
========================
Round #607
Player cards: [♥4, ♠A], Bot cards:[♣9, ♣T]
Player points: [5, 15], Bot points:[19, 19]
Player get one more card ♦8
Player get one more card ♣2
Player get one more card ♠2
Player point: 17, Bot point: 19
Player lose! Money: 1248.0
========================
Round #608
Player cards: [♠6, ♦A], Bot cards:[♣9, ♥A]
Player points: [7, 17], Bot points:[10, 20]
Bot get one more card ♣4
Bot get one more card ♣A
Bot get one more card ♣Q
Player point: 17, Bot point: 25
Player win! Money: 1267.0
========================
Round #609
Player cards: [♠8, ♠9], Bot cards:[♦6, ♥Q]
Player points: [17, 17], Bot points:[16, 16]
Bot get one more card ♠J
Player point: 17, Bot point: 26
Player win! Money: 1286.0
========================
Round #610
Player cards: [♦2, ♦T], Bot cards:[♥3, ♦K]
Player points: [12, 12], Bot points:[13, 13]
Player get one more card ♠A
Bot get one more card ♣Q
Player point: 13, Bot point: 23
Player win! Money: 1305.0
========================
Round #611
Player cards: [♠6, ♥8], Bot cards:[♠7, ♥J]
Player points: [14, 14], Bot points:[17, 17]
Player get one more card ♠8
Player point: 22, Bot point: 17
Player lose! Money: 1284.0
========================
Round #612
Player cards: [♠2, ♥2], Bot cards:[♣7, ♦Q]
Player points: [4, 4], Bot points:[17, 17]
-------- Split! Two hands: [6, 6], [11, 11]
Player get one more card ♠T
Player get one more card ♦Q
For second hand:
----- Double Bet! -----
Player get one more card ♥9
Player point: 26, Bot point: 17
Player lose! Money: 1263.0
========================
Player point: 20, Bot point: 17
Player win! Money: 1303.0
========================
Round #613
Player cards: [♦3, ♦K], Bot cards:[♦5, ♥A]
Player points: [13, 13], Bot points:[6, 16]
Bot get one more card ♣T
Bot get one more card ♦8
Player point: 13, Bot point: 24
Player win! Money: 1322.0
========================
Round #614
Player cards: [♦K, ♣K], Bot cards:[♣4, ♥8]
Player points: [20, 20], Bot points:[12, 12]
Bot get one more card ♠3
Bot get one more card ♦J
Player point: 20, Bot point: 25
Player win! Money: 1341.0
========================
Round #615
Player cards: [♣2, ♦5], Bot cards:[♠4, ♦8]
Player points: [7, 7], Bot points:[12, 12]
Player get one more card ♦J
Bot get one more card ♥7
Player point: 17, Bot point: 19
Player lose! Money: 1320.0
========================
Round #616
New deck
Player cards: [♣3, ♥5], Bot cards:[♥2, ♣Q]
Player points: [8, 8], Bot points:[12, 12]
Player get one more card ♦4
Player get one more card ♥Q
Bot get one more card ♦6
Player point: 22, Bot point: 18
Player lose! Money: 1299.0
========================
Round #617
Player cards: [♠4, ♠7], Bot cards:[♠3, ♦K]
Player points: [11, 11], Bot points:[13, 13]
----- Double Bet! -----
Player get one more card ♥J
Bot get one more card ♦K
Player point: 21, Bot point: 23
Player win! Money: 1338.0
========================
Round #618
Player cards: [♥J, ♦Q], Bot cards:[♣2, ♥9]
Player points: [20, 20], Bot points:[11, 11]
Bot get one more card ♣A
Bot get one more card ♥Q
Player point: 20, Bot point: 22
Player win! Money: 1357.0
========================
Round #619
Player cards: [♦4, ♦A], Bot cards:[♣8, ♣K]
Player points: [5, 15], Bot points:[18, 18]
Player get one more card ♣6
Player point: 21, Bot point: 18
Player win! Money: 1376.0
========================
Round #620
Player cards: [♠Q, ♥K], Bot cards:[♠7, ♦8]
Player points: [20, 20], Bot points:[15, 15]
Bot get one more card ♣9
Player point: 20, Bot point: 24
Player win! Money: 1395.0
========================
Round #621
Player cards: [♠5, ♠7], Bot cards:[♠T, ♠A]
Player points: [12, 12], Bot points:[11, 21]
Player get one more card ♠8
Bot get one more card ♠Q
Player point: 20, Bot point: 21
Player lose! Money: 1374.0
========================
Round #622
Player cards: [♥3, ♠J], Bot cards:[♦2, ♦5]
Player points: [13, 13], Bot points:[7, 7]
Bot get one more card ♣A
Bot get one more card ♣6
Bot get one more card ♦J
Player point: 13, Bot point: 24
Player win! Money: 1393.0
========================
Round #623
Player cards: [♥3, ♥7], Bot cards:[♠6, ♦A]
Player points: [10, 10], Bot points:[7, 17]
----- Double Bet! -----
Player get one more card ♦J
Bot get one more card ♦6
Bot get one more card ♠Q
Player point: 20, Bot point: 23
Player win! Money: 1432.0
========================
Round #624
Player cards: [♥2, ♦2], Bot cards:[♥4, ♦8]
Player points: [4, 4], Bot points:[12, 12]
-------- Split! Two hands: [11, 11], [4, 4]
----- Double Bet! -----
Player get one more card ♣T
For second hand:
Player get one more card ♥7
Player get one more card ♦4
Bot get one more card ♥6
Player point: 21, Bot point: 18
Player win! Money: 1471.0
========================
Player point: 15, Bot point: 18
Player lose! Money: 1451.0
========================
Round #625
Player cards: [♣6, ♦K], Bot cards:[♥3, ♠8]
Player points: [16, 16], Bot points:[11, 11]
Bot get one more card ♣3
Bot get one more card ♣J
Player point: 16, Bot point: 24
Player win! Money: 1470.0
========================
Round #626
Player cards: [♦7, ♠9], Bot cards:[♥2, ♠2]
Player points: [16, 16], Bot points:[4, 4]
Bot get one more card ♣J
Bot get one more card ♠J
Player point: 16, Bot point: 24
Player win! Money: 1489.0
========================
Round #627
Player cards: [♦3, ♠J], Bot cards:[♥T, ♣J]
Player points: [13, 13], Bot points:[20, 20]
Player get one more card ♥9
Player point: 22, Bot point: 20
Player lose! Money: 1468.0
========================
Round #628
Player cards: [♥8, ♣A], Bot cards:[♣4, ♣Q]
Player points: [9, 19], Bot points:[14, 14]
Bot get one more card ♦Q
Player point: 19, Bot point: 24
Player win! Money: 1487.0
========================
Round #629
Player cards: [♠8, ♠T], Bot cards:[♥6, ♥Q]
Player points: [18, 18], Bot points:[16, 16]
Bot get one more card ♣4
Player point: 18, Bot point: 20
Player lose! Money: 1466.0
========================
Round #630
Player cards: [♠6, ♣T], Bot cards:[♣5, ♠Q]
Player points: [16, 16], Bot points:[15, 15]
Bot get one more card ♦3
Player point: 16, Bot point: 18
Player lose! Money: 1445.0
========================
Round #631
Player cards: [♦6, ♦J], Bot cards:[♠3, ♣K]
Player points: [16, 16], Bot points:[13, 13]
Bot get one more card ♦Q
Player point: 16, Bot point: 23
Player win! Money: 1464.0
========================
Round #632
Player cards: [♠6, ♣Q], Bot cards:[♣8, ♥K]
Player points: [16, 16], Bot points:[18, 18]
Player get one more card ♣9
Player point: 25, Bot point: 18
Player lose! Money: 1443.0
========================
Round #633
Player cards: [♠2, ♠9], Bot cards:[♠5, ♣7]
Player points: [11, 11], Bot points:[12, 12]
----- Double Bet! -----
Player get one more card ♣9
Bot get one more card ♦9
Player point: 20, Bot point: 21
Player lose! Money: 1402.0
========================
Round #634
Player cards: [♥2, ♦7], Bot cards:[♥Q, ♠A]
Player points: [9, 9], Bot points:[11, 21]
Player get one more card ♥6
Player get one more card ♠7
Bot get one more card ♠3
Bot get one more card ♣6
Player point: 22, Bot point: 20
Player lose! Money: 1381.0
========================
Round #635
Player cards: [♦2, ♦7], Bot cards:[♦5, ♦K]
Player points: [9, 9], Bot points:[15, 15]
----- Double Bet! -----
Player get one more card ♥5
Bot get one more card ♣2
Player point: 14, Bot point: 17
Player lose! Money: 1340.0
========================
Round #636
Player cards: [♠5, ♠9], Bot cards:[♣5, ♠T]
Player points: [14, 14], Bot points:[15, 15]
Bot get one more card ♥5
Player point: 14, Bot point: 20
Player lose! Money: 1319.0
========================
Round #637
Player cards: [♣J, ♥K], Bot cards:[♦T, ♥A]
Player points: [20, 20], Bot points:[11, 21]
Bot get one more card ♥7
Player point: 20, Bot point: 18
Player win! Money: 1338.0
========================
Round #638
Player cards: [♣7, ♠K], Bot cards:[♣2, ♥T]
Player points: [17, 17], Bot points:[12, 12]
Bot get one more card ♥4
Bot get one more card ♣8
Player point: 17, Bot point: 24
Player win! Money: 1357.0
========================
Round #639
Player cards: [♥5, ♦9], Bot cards:[♦4, ♠K]
Player points: [14, 14], Bot points:[14, 14]
Bot get one more card ♠K
Player point: 14, Bot point: 24
Player win! Money: 1376.0
========================
Round #640
Player cards: [♣4, ♦5], Bot cards:[♠4, ♠J]
Player points: [9, 9], Bot points:[14, 14]
----- Double Bet! -----
Player get one more card ♣7
Bot get one more card ♦4
Player point: 16, Bot point: 18
Player lose! Money: 1335.0
========================
Round #641
Player cards: [♥4, ♥4], Bot cards:[♠T, ♥T]
Player points: [8, 8], Bot points:[20, 20]
Player get one more card ♦Q
Player point: 18, Bot point: 20
Player lose! Money: 1314.0
========================
Round #642
Player cards: [♥2, ♠7], Bot cards:[♥9, ♠A]
Player points: [9, 9], Bot points:[10, 20]
Player get one more card ♣3
Player get one more card ♦3
Player get one more card ♠2
Bot get one more card ♣3
Bot get one more card ♣T
Player point: 17, Bot point: 23
Player win! Money: 1333.0
========================
Round #643
Player cards: [♣5, ♥J], Bot cards:[♠2, ♥T]
Player points: [15, 15], Bot points:[12, 12]
Bot get one more card ♥Q
Player point: 15, Bot point: 22
Player win! Money: 1352.0
========================
Round #644
Player cards: [♣4, ♥A], Bot cards:[♠6, ♠A]
Player points: [5, 15], Bot points:[7, 17]
Bot get one more card ♥J
Player point: 15, Bot point: 17
Player lose! Money: 1331.0
========================
Round #645
Player cards: [♣7, ♣8], Bot cards:[♥7, ♠9]
Player points: [15, 15], Bot points:[16, 16]
Player get one more card ♦A
Player get one more card ♥8
Bot get one more card ♦5
Player point: 24, Bot point: 21
Player lose! Money: 1310.0
========================
Round #646
Player cards: [♥6, ♥A], Bot cards:[♠3, ♥9]
Player points: [7, 17], Bot points:[12, 12]
Bot get one more card ♣K
Player point: 17, Bot point: 22
Player win! Money: 1329.0
========================
Round #647
Player cards: [♣J, ♣Q], Bot cards:[♣K, ♥A]
Player points: [20, 20], Bot points:[11, 21]
Bot get one more card ♦A
Bot get one more card ♦7
Player point: 20, Bot point: 19
Player win! Money: 1348.0
========================
Round #648
Player cards: [♦2, ♠8], Bot cards:[♣5, ♣9]
Player points: [10, 10], Bot points:[14, 14]
----- Double Bet! -----
Player get one more card ♥K
Bot get one more card ♠4
Player point: 20, Bot point: 18
Player win! Money: 1387.0
========================
Round #649
Player cards: [♥3, ♦9], Bot cards:[♠5, ♣T]
Player points: [12, 12], Bot points:[15, 15]
Bot get one more card ♦T
Player point: 12, Bot point: 25
Player win! Money: 1406.0
========================
Round #650
Player cards: [♠4, ♦6], Bot cards:[♦T, ♦T]
Player points: [10, 10], Bot points:[20, 20]
Player get one more card ♥8
Player point: 18, Bot point: 20
Player lose! Money: 1385.0
========================
Round #651
New deck
Player cards: [♥4, ♦T], Bot cards:[♣Q, ♥K]
Player points: [14, 14], Bot points:[20, 20]
Player get one more card ♦3
Player point: 17, Bot point: 20
Player lose! Money: 1364.0
========================
Round #652
Player cards: [♣7, ♠8], Bot cards:[♥5, ♦8]
Player points: [15, 15], Bot points:[13, 13]
Bot get one more card ♠6
Player point: 15, Bot point: 19
Player lose! Money: 1343.0
========================
Round #653
Player cards: [♠8, ♦Q], Bot cards:[♠2, ♦8]
Player points: [18, 18], Bot points:[10, 10]
Bot get one more card ♠7
Player point: 18, Bot point: 17
Player win! Money: 1362.0
========================
Round #654
Player cards: [♥2, ♦A], Bot cards:[♣5, ♣7]
Player points: [3, 13], Bot points:[12, 12]
Bot get one more card ♣7
Player point: 13, Bot point: 19
Player lose! Money: 1341.0
========================
Round #655
Player cards: [♦J, ♥K], Bot cards:[♣9, ♥J]
Player points: [20, 20], Bot points:[19, 19]
Player point: 20, Bot point: 19
Player win! Money: 1360.0
========================
Round #656
Player cards: [♥8, ♥Q], Bot cards:[♥8, ♠9]
Player points: [18, 18], Bot points:[17, 17]
Player point: 18, Bot point: 17
Player win! Money: 1379.0
========================
Round #657
Player cards: [♥2, ♠3], Bot cards:[♠T, ♠J]
Player points: [5, 5], Bot points:[20, 20]
Player get one more card ♥7
Player get one more card ♣8
Player point: 20, Bot point: 20
Draw! Money:1378.0
========================
Round #658
Player cards: [♠5, ♠A], Bot cards:[♣6, ♦8]
Player points: [6, 16], Bot points:[14, 14]
Bot get one more card ♣7
Player point: 16, Bot point: 21
Player lose! Money: 1357.0
========================
Round #659
Player cards: [♦2, ♠K], Bot cards:[♦5, ♦6]
Player points: [12, 12], Bot points:[11, 11]
Bot get one more card ♣8
Player point: 12, Bot point: 19
Player lose! Money: 1336.0
========================
Round #660
Player cards: [♦2, ♣8], Bot cards:[♣2, ♥3]
Player points: [10, 10], Bot points:[5, 5]
----- Double Bet! -----
Player get one more card ♣4
Bot get one more card ♠3
Bot get one more card ♦2
Bot get one more card ♦5
Bot get one more card ♥8
Player point: 14, Bot point: 23
Player win! Money: 1375.0
========================
Round #661
Player cards: [♠7, ♦9], Bot cards:[♣4, ♦Q]
Player points: [16, 16], Bot points:[14, 14]
Bot get one more card ♦Q
Player point: 16, Bot point: 24
Player win! Money: 1394.0
========================
Round #662
Player cards: [♦3, ♣4], Bot cards:[♣T, ♣A]
Player points: [7, 7], Bot points:[11, 21]
Player get one more card ♦J
Bot get one more card ♠A
Bot get one more card ♣2
Bot get one more card ♣K
Player point: 17, Bot point: 24
Player win! Money: 1413.0
========================
Round #663
Player cards: [♠5, ♥K], Bot cards:[♥3, ♣A]
Player points: [15, 15], Bot points:[4, 14]
Bot get one more card ♣8
Bot get one more card ♥J
Player point: 15, Bot point: 22
Player win! Money: 1432.0
========================
Round #664
Player cards: [♦4, ♠9], Bot cards:[♥Q, ♦K]
Player points: [13, 13], Bot points:[20, 20]
Player get one more card ♠7
Player point: 20, Bot point: 20
Draw! Money:1431.0
========================
Round #665
Player cards: [♦7, ♣T], Bot cards:[♠4, ♥9]
Player points: [17, 17], Bot points:[13, 13]
Bot get one more card ♠K
Player point: 17, Bot point: 23
Player win! Money: 1450.0
========================
Round #666
Player cards: [♥3, ♥5], Bot cards:[♥8, ♥Q]
Player points: [8, 8], Bot points:[18, 18]
Player get one more card ♠Q
Player point: 18, Bot point: 18
Draw! Money:1449.0
========================
Round #667
Player cards: [♦8, ♠T], Bot cards:[♠8, ♦9]
Player points: [18, 18], Bot points:[17, 17]
Player point: 18, Bot point: 17
Player win! Money: 1468.0
========================
Round #668
Player cards: [♠9, ♠Q], Bot cards:[♣5, ♦K]
Player points: [19, 19], Bot points:[15, 15]
Bot get one more card ♣J
Player point: 19, Bot point: 25
Player win! Money: 1487.0
========================
Round #669
Player cards: [♣6, ♦K], Bot cards:[♠8, ♣J]
Player points: [16, 16], Bot points:[18, 18]
Player get one more card ♣J
Player point: 26, Bot point: 18
Player lose! Money: 1466.0
========================
Round #670
Player cards: [♦8, ♣Q], Bot cards:[♥4, ♥T]
Player points: [18, 18], Bot points:[14, 14]
Bot get one more card ♥6
Player point: 18, Bot point: 20
Player lose! Money: 1445.0
========================
Round #671
Player cards: [♥4, ♥6], Bot cards:[♣3, ♣A]
Player points: [10, 10], Bot points:[4, 14]
----- Double Bet! -----
Player get one more card ♦A
Bot get one more card ♦6
Bot get one more card ♥2
Bot get one more card ♥T
Player point: 21, Bot point: 22
Player win! Money: 1484.0
========================
Round #672
Player cards: [♣5, ♥Q], Bot cards:[♦7, ♥J]
Player points: [15, 15], Bot points:[17, 17]
Player get one more card ♠Q
Player point: 25, Bot point: 17
Player lose! Money: 1463.0
========================
Round #673
Player cards: [♣3, ♥7], Bot cards:[♥2, ♠9]
Player points: [10, 10], Bot points:[11, 11]
----- Double Bet! -----
Player get one more card ♠3
Bot get one more card ♥9
Player point: 13, Bot point: 20
Player lose! Money: 1422.0
========================
Round #674
Player cards: [♠5, ♥T], Bot cards:[♣2, ♥6]
Player points: [15, 15], Bot points:[8, 8]
Bot get one more card ♠A
Bot get one more card ♠2
Bot get one more card ♠T
Player point: 15, Bot point: 21
Player lose! Money: 1401.0
========================
Round #675
Player cards: [♣4, ♠J], Bot cards:[♥4, ♥A]
Player points: [14, 14], Bot points:[5, 15]
Bot get one more card ♣3
Bot get one more card ♠7
Bot get one more card ♣5
Player point: 14, Bot point: 20
Player lose! Money: 1380.0
========================
Round #676
Player cards: [♦8, ♥9], Bot cards:[♠J, ♣K]
Player points: [17, 17], Bot points:[20, 20]
Player point: 17, Bot point: 20
Player lose! Money: 1359.0
========================
Round #677
Player cards: [♦3, ♣K], Bot cards:[♦7, ♥A]
Player points: [13, 13], Bot points:[8, 18]
Player get one more card ♣9
Bot get one more card ♣6
Bot get one more card ♣Q
Player point: 22, Bot point: 24
Player lose! Money: 1338.0
========================
Round #678
Player cards: [♦4, ♥A], Bot cards:[♠K, ♠K]
Player points: [5, 15], Bot points:[20, 20]
Player get one more card ♦K
Player get one more card ♦2
Player point: 17, Bot point: 20
Player lose! Money: 1317.0
========================
Round #679
Player cards: [♠3, ♦J], Bot cards:[♣3, ♠5]
Player points: [13, 13], Bot points:[8, 8]
Bot get one more card ♣9
Player point: 13, Bot point: 17
Player lose! Money: 1296.0
========================
Round #680
Player cards: [♠4, ♥6], Bot cards:[♠2, ♦T]
Player points: [10, 10], Bot points:[12, 12]
----- Double Bet! -----
Player get one more card ♦6
Bot get one more card ♥7
Player point: 16, Bot point: 19
Player lose! Money: 1255.0
========================
Round #681
Player cards: [♣T, ♦A], Bot cards:[♦9, ♠K]
Player points: [11, 21], Bot points:[19, 19]
Player point: 21, Bot point: 19
------ BlackJack!! ------
Player win! Money: 1278.0
========================
Round #682
Player cards: [♥J, ♣A], Bot cards:[♣2, ♠4]
Player points: [11, 21], Bot points:[6, 6]
Bot get one more card ♦J
Bot get one more card ♣K
Player point: 21, Bot point: 26
------ BlackJack!! ------
Player win! Money: 1301.0
========================
Round #683
Player cards: [♦5, ♠6], Bot cards:[♦4, ♣J]
Player points: [11, 11], Bot points:[14, 14]
----- Double Bet! -----
Player get one more card ♠6
Bot get one more card ♥5
Player point: 17, Bot point: 19
Player lose! Money: 1260.0
========================
Round #684
Player cards: [♥3, ♥8], Bot cards:[♦J, ♥A]
Player points: [11, 11], Bot points:[11, 21]
----- Double Bet! -----
Player get one more card ♦5
Bot get one more card ♠2
Bot get one more card ♦7
Player point: 16, Bot point: 20
Player lose! Money: 1219.0
========================
Round #685
Player cards: [♦6, ♣6], Bot cards:[♥T, ♥K]
Player points: [12, 12], Bot points:[20, 20]
Player get one more card ♠T
Player point: 22, Bot point: 20
Player lose! Money: 1198.0
========================
Round #686
Player cards: [♦9, ♠J], Bot cards:[♥7, ♣A]
Player points: [19, 19], Bot points:[8, 18]
Bot get one more card ♠Q
Player point: 19, Bot point: 18
Player win! Money: 1217.0
========================
Round #687
Player cards: [♦3, ♠6], Bot cards:[♣5, ♣Q]
Player points: [9, 9], Bot points:[15, 15]
----- Double Bet! -----
Player get one more card ♣T
Bot get one more card ♦T
Player point: 19, Bot point: 25
Player win! Money: 1256.0
========================
Round #688
Player cards: [♦4, ♦T], Bot cards:[♥9, ♦Q]
Player points: [14, 14], Bot points:[19, 19]
Player get one more card ♠4
Player point: 18, Bot point: 19
Player lose! Money: 1235.0
========================
Round #689
New deck
Player cards: [♠7, ♠8], Bot cards:[♠4, ♦9]
Player points: [15, 15], Bot points:[13, 13]
Bot get one more card ♠K
Player point: 15, Bot point: 23
Player win! Money: 1254.0
========================
Round #690
Player cards: [♥K, ♣K], Bot cards:[♠9, ♥J]
Player points: [20, 20], Bot points:[19, 19]
Player point: 20, Bot point: 19
Player win! Money: 1273.0
========================
Round #691
Player cards: [♠6, ♥8], Bot cards:[♠8, ♣A]
Player points: [14, 14], Bot points:[9, 19]
Player get one more card ♦7
Bot get one more card ♦T
Player point: 21, Bot point: 19
Player win! Money: 1292.0
========================
Round #692
Player cards: [♠2, ♦9], Bot cards:[♠3, ♦K]
Player points: [11, 11], Bot points:[13, 13]
----- Double Bet! -----
Player get one more card ♥3
Bot get one more card ♣A
Bot get one more card ♦T
Player point: 14, Bot point: 24
Player win! Money: 1331.0
========================
Round #693
Player cards: [♦7, ♣T], Bot cards:[♦8, ♠J]
Player points: [17, 17], Bot points:[18, 18]
Player point: 17, Bot point: 18
Player lose! Money: 1310.0
========================
Round #694
Player cards: [♠4, ♥T], Bot cards:[♥3, ♠7]
Player points: [14, 14], Bot points:[10, 10]
Bot get one more card ♠2
Bot get one more card ♥A
Bot get one more card ♥5
Player point: 14, Bot point: 18
Player lose! Money: 1289.0
========================
Round #695
Player cards: [♦6, ♥9], Bot cards:[♣3, ♣T]
Player points: [15, 15], Bot points:[13, 13]
Bot get one more card ♣J
Player point: 15, Bot point: 23
Player win! Money: 1308.0
========================
Round #696
Player cards: [♥9, ♦J], Bot cards:[♥8, ♦A]
Player points: [19, 19], Bot points:[9, 19]
Bot get one more card ♦5
Bot get one more card ♦6
Player point: 19, Bot point: 20
Player lose! Money: 1287.0
========================
Round #697
Player cards: [♣4, ♠Q], Bot cards:[♥4, ♥T]
Player points: [14, 14], Bot points:[14, 14]
Bot get one more card ♣A
Bot get one more card ♠A
Bot get one more card ♥6
Player point: 14, Bot point: 22
Player win! Money: 1306.0
========================
Round #698
Player cards: [♦5, ♣9], Bot cards:[♣7, ♠T]
Player points: [14, 14], Bot points:[17, 17]
Player get one more card ♦4
Player point: 18, Bot point: 17
Player win! Money: 1325.0
========================
Round #699
Player cards: [♠6, ♦J], Bot cards:[♠T, ♦A]
Player points: [16, 16], Bot points:[11, 21]
Player get one more card ♣K
Bot get one more card ♠5
Bot get one more card ♥A
Player point: 26, Bot point: 17
Player lose! Money: 1304.0
========================
Round #700
Player cards: [♥7, ♦T], Bot cards:[♥2, ♥J]
Player points: [17, 17], Bot points:[12, 12]
Bot get one more card ♠8
Player point: 17, Bot point: 20
Player lose! Money: 1283.0
========================
Round #701
Player cards: [♥2, ♣4], Bot cards:[♠4, ♠5]
Player points: [6, 6], Bot points:[9, 9]
Player get one more card ♦3
Player get one more card ♣5
Bot get one more card ♠J
Player point: 14, Bot point: 19
Player lose! Money: 1262.0
========================
Round #702
Player cards: [♠3, ♥K], Bot cards:[♠4, ♣Q]
Player points: [13, 13], Bot points:[14, 14]
Bot get one more card ♥2
Bot get one more card ♥5
Player point: 13, Bot point: 21
Player lose! Money: 1241.0
========================
Round #703
Player cards: [♦2, ♠K], Bot cards:[♣Q, ♠K]
Player points: [12, 12], Bot points:[20, 20]
Player get one more card ♣9
Player point: 21, Bot point: 20
Player win! Money: 1260.0
========================
Round #704
Player cards: [♦4, ♥Q], Bot cards:[♦3, ♠Q]
Player points: [14, 14], Bot points:[13, 13]
Bot get one more card ♦K
Player point: 14, Bot point: 23
Player win! Money: 1279.0
========================
Round #705
Player cards: [♣2, ♠9], Bot cards:[♦3, ♦J]
Player points: [11, 11], Bot points:[13, 13]
----- Double Bet! -----
Player get one more card ♠Q
Bot get one more card ♣6
Player point: 21, Bot point: 19
Player win! Money: 1318.0
========================
Round #706
Player cards: [♣2, ♥3], Bot cards:[♥4, ♣5]
Player points: [5, 5], Bot points:[9, 9]
Player get one more card ♦6
Player get one more card ♠3
Bot get one more card ♦J
Player point: 14, Bot point: 19
Player lose! Money: 1297.0
========================
Round #707
Player cards: [♠5, ♣K], Bot cards:[♣4, ♥A]
Player points: [15, 15], Bot points:[5, 15]
Bot get one more card ♦9
Bot get one more card ♣8
Player point: 15, Bot point: 22
Player win! Money: 1316.0
========================
Round #708
Player cards: [♣5, ♥8], Bot cards:[♦5, ♥6]
Player points: [13, 13], Bot points:[11, 11]
Bot get one more card ♣8
Player point: 13, Bot point: 19
Player lose! Money: 1295.0
========================
Round #709
Player cards: [♥6, ♥K], Bot cards:[♥J, ♠A]
Player points: [16, 16], Bot points:[11, 21]
Player get one more card ♠A
Bot get one more card ♦2
Bot get one more card ♠T
Player point: 17, Bot point: 23
Player win! Money: 1314.0
========================
Round #710
Player cards: [♠3, ♥9], Bot cards:[♦Q, ♠K]
Player points: [12, 12], Bot points:[20, 20]
Player get one more card ♦6
Player point: 18, Bot point: 20
Player lose! Money: 1293.0
========================
Round #711
Player cards: [♦8, ♦K], Bot cards:[♠Q, ♦Q]
Player points: [18, 18], Bot points:[20, 20]
Player point: 18, Bot point: 20
Player lose! Money: 1272.0
========================
Round #712
Player cards: [♦9, ♥Q], Bot cards:[♥6, ♦A]
Player points: [19, 19], Bot points:[7, 17]
Bot get one more card ♦7
Bot get one more card ♠6
Player point: 19, Bot point: 20
Player lose! Money: 1251.0
========================
Round #713
Player cards: [♦T, ♥Q], Bot cards:[♣5, ♠7]
Player points: [20, 20], Bot points:[12, 12]
Bot get one more card ♠5
Player point: 20, Bot point: 17
Player win! Money: 1270.0
========================
Round #714
Player cards: [♦2, ♥T], Bot cards:[♣T, ♣J]
Player points: [12, 12], Bot points:[20, 20]
Player get one more card ♠8
Player point: 20, Bot point: 20
Draw! Money:1269.0
========================
Round #715
Player cards: [♣6, ♣6], Bot cards:[♦4, ♥7]
Player points: [12, 12], Bot points:[11, 11]
-------- Split! Two hands: [7, 17], [13, 13]
For second hand:
Bot get one more card ♥5
Bot get one more card ♠7
Player point: 17, Bot point: 23
Player win! Money: 1288.0
========================
Player point: 13, Bot point: 23
Player win! Money: 1308.0
========================
Round #716
Player cards: [♣3, ♣3], Bot cards:[♣T, ♠A]
Player points: [6, 6], Bot points:[11, 21]
Player get one more card ♥5
Player get one more card ♥K
Bot get one more card ♦2
Bot get one more card ♣9
Player point: 21, Bot point: 22
Player win! Money: 1327.0
========================
Round #717
Player cards: [♥5, ♦8], Bot cards:[♥2, ♣6]
Player points: [13, 13], Bot points:[8, 8]
Bot get one more card ♠6
Bot get one more card ♣9
Player point: 13, Bot point: 23
Player win! Money: 1346.0
========================
Round #718
Player cards: [♣J, ♥Q], Bot cards:[♠2, ♥A]
Player points: [20, 20], Bot points:[3, 13]
Bot get one more card ♥3
Bot get one more card ♥4
Bot get one more card ♣4
Bot get one more card ♣3
Player point: 20, Bot point: 17
Player win! Money: 1365.0
========================
Round #719
Player cards: [♦8, ♦Q], Bot cards:[♣7, ♠J]
Player points: [18, 18], Bot points:[17, 17]
Player point: 18, Bot point: 17
Player win! Money: 1384.0
========================
Round #720
Player cards: [♦4, ♦5], Bot cards:[♥7, ♠9]
Player points: [9, 9], Bot points:[16, 16]
Player get one more card ♦K
Bot get one more card ♣Q
Player point: 19, Bot point: 26
Player win! Money: 1403.0
========================
Round #721
Player cards: [♣2, ♣7], Bot cards:[♥4, ♣Q]
Player points: [9, 9], Bot points:[14, 14]
----- Double Bet! -----
Player get one more card ♣9
Bot get one more card ♦Q
Player point: 18, Bot point: 24
Player win! Money: 1442.0
========================
Round #722
Player cards: [♠T, ♦A], Bot cards:[♥8, ♥T]
Player points: [11, 21], Bot points:[18, 18]
Player point: 21, Bot point: 18
------ BlackJack!! ------
Player win! Money: 1465.0
========================
Round #723
Player cards: [♣2, ♠J], Bot cards:[♦3, ♣8]
Player points: [12, 12], Bot points:[11, 11]
Player get one more card ♣A
Bot get one more card ♣7
Player point: 13, Bot point: 18
Player lose! Money: 1444.0
========================
Round #724
Player cards: [♠2, ♥J], Bot cards:[♣8, ♠9]
Player points: [12, 12], Bot points:[17, 17]
Player get one more card ♠A
Player get one more card ♦7
Player point: 20, Bot point: 17
Player win! Money: 1463.0
========================
Round #725
New deck
Player cards: [♠2, ♦T], Bot cards:[♣7, ♠J]
Player points: [12, 12], Bot points:[17, 17]
Player get one more card ♥A
Player get one more card ♥7
Player point: 20, Bot point: 17
Player win! Money: 1482.0
========================
Round #726
Player cards: [♠J, ♦Q], Bot cards:[♠5, ♦J]
Player points: [20, 20], Bot points:[15, 15]
Bot get one more card ♣K
Player point: 20, Bot point: 25
Player win! Money: 1501.0
========================
Round #727
Player cards: [♠9, ♥A], Bot cards:[♠7, ♣T]
Player points: [10, 20], Bot points:[17, 17]
Player point: 20, Bot point: 17
Player win! Money: 1520.0
========================
Round #728
Player cards: [♠K, ♥A], Bot cards:[♥3, ♠6]
Player points: [11, 21], Bot points:[9, 9]
Bot get one more card ♠4
Bot get one more card ♣8
Player point: 21, Bot point: 21
Player lose! Money: 1499.0
========================
Round #729
Player cards: [♣7, ♥Q], Bot cards:[♠6, ♠K]
Player points: [17, 17], Bot points:[16, 16]
Bot get one more card ♣8
Player point: 17, Bot point: 24
Player win! Money: 1518.0
========================
Round #730
Player cards: [♠3, ♥T], Bot cards:[♦9, ♦K]
Player points: [13, 13], Bot points:[19, 19]
Player get one more card ♦3
Player get one more card ♥J
Player point: 26, Bot point: 19
Player lose! Money: 1497.0
========================
Round #731
Player cards: [♥2, ♠9], Bot cards:[♥2, ♠6]
Player points: [11, 11], Bot points:[8, 8]
----- Double Bet! -----
Player get one more card ♦A
Bot get one more card ♣6
Bot get one more card ♠J
Player point: 12, Bot point: 24
Player win! Money: 1536.0
========================
Round #732
Player cards: [♠2, ♠T], Bot cards:[♥3, ♥5]
Player points: [12, 12], Bot points:[8, 8]
Player get one more card ♠A
Bot get one more card ♥9
Player point: 13, Bot point: 17
Player lose! Money: 1515.0
========================
Round #733
Player cards: [♣2, ♠T], Bot cards:[♠3, ♦T]
Player points: [12, 12], Bot points:[13, 13]
Player get one more card ♦7
Bot get one more card ♥4
Player point: 19, Bot point: 17
Player win! Money: 1534.0
========================
Round #734
Player cards: [♣6, ♣J], Bot cards:[♠3, ♣4]
Player points: [16, 16], Bot points:[7, 7]
Bot get one more card ♥9
Bot get one more card ♥A
Player point: 16, Bot point: 17
Player lose! Money: 1513.0
========================
Round #735
Player cards: [♥5, ♦8], Bot cards:[♣8, ♠T]
Player points: [13, 13], Bot points:[18, 18]
Player get one more card ♦Q
Player point: 23, Bot point: 18
Player lose! Money: 1492.0
========================
Round #736
Player cards: [♠4, ♥9], Bot cards:[♠8, ♣A]
Player points: [13, 13], Bot points:[9, 19]
Player get one more card ♦4
Bot get one more card ♦T
Player point: 17, Bot point: 19
Player lose! Money: 1471.0
========================
Round #737
Player cards: [♥4, ♣Q], Bot cards:[♠Q, ♠A]
Player points: [14, 14], Bot points:[11, 21]
Player get one more card ♦7
Bot get one more card ♠7
Player point: 21, Bot point: 18
Player win! Money: 1490.0
========================
Round #738
Player cards: [♣2, ♦6], Bot cards:[♠2, ♦J]
Player points: [8, 8], Bot points:[12, 12]
Player get one more card ♠5
Bot get one more card ♣2
Bot get one more card ♦4
Player point: 13, Bot point: 18
Player lose! Money: 1469.0
========================
Round #739
Player cards: [♦5, ♣A], Bot cards:[♠5, ♣K]
Player points: [6, 16], Bot points:[15, 15]
Bot get one more card ♥9
Player point: 16, Bot point: 24
Player win! Money: 1488.0
========================
Round #740
Player cards: [♥T, ♥T], Bot cards:[♠2, ♦3]
Player points: [20, 20], Bot points:[5, 5]
Bot get one more card ♣J
Bot get one more card ♥6
Player point: 20, Bot point: 21
Player lose! Money: 1467.0
========================
Round #741
Player cards: [♠4, ♣4], Bot cards:[♦2, ♣T]
Player points: [8, 8], Bot points:[12, 12]
Player get one more card ♦6
Bot get one more card ♦3
Bot get one more card ♦K
Player point: 14, Bot point: 25
Player win! Money: 1486.0
========================
Round #742
Player cards: [♣4, ♣4], Bot cards:[♦7, ♠K]
Player points: [8, 8], Bot points:[17, 17]
Player get one more card ♣K
Player point: 18, Bot point: 17
Player win! Money: 1505.0
========================
Round #743
Player cards: [♠4, ♣7], Bot cards:[♣3, ♣A]
Player points: [11, 11], Bot points:[4, 14]
----- Double Bet! -----
Player get one more card ♦5
Bot get one more card ♦Q
Bot get one more card ♣3
Player point: 16, Bot point: 17
Player lose! Money: 1464.0
========================
Round #744
Player cards: [♣5, ♣J], Bot cards:[♦2, ♠6]
Player points: [15, 15], Bot points:[8, 8]
Bot get one more card ♥4
Bot get one more card ♣3
Bot get one more card ♥7
Player point: 15, Bot point: 22
Player win! Money: 1483.0
========================
Round #745
Player cards: [♥5, ♠9], Bot cards:[♦2, ♣J]
Player points: [14, 14], Bot points:[12, 12]
Bot get one more card ♦A
Bot get one more card ♠K
Player point: 14, Bot point: 23
Player win! Money: 1502.0
========================
Round #746
Player cards: [♦6, ♠8], Bot cards:[♦3, ♦9]
Player points: [14, 14], Bot points:[12, 12]
Bot get one more card ♥8
Player point: 14, Bot point: 20
Player lose! Money: 1481.0
========================
Round #747
Player cards: [♠7, ♦T], Bot cards:[♣5, ♠7]
Player points: [17, 17], Bot points:[12, 12]
Bot get one more card ♣3
Bot get one more card ♦J
Player point: 17, Bot point: 25
Player win! Money: 1500.0
========================
Round #748
Player cards: [♣5, ♣5], Bot cards:[♥Q, ♥Q]
Player points: [10, 10], Bot points:[20, 20]
Player get one more card ♣Q
Player point: 20, Bot point: 20
Draw! Money:1499.0
========================
Round #749
Player cards: [♥4, ♠Q], Bot cards:[♥5, ♥6]
Player points: [14, 14], Bot points:[11, 11]
Bot get one more card ♥6
Player point: 14, Bot point: 17
Player lose! Money: 1478.0
========================
Round #750
Player cards: [♥T, ♥K], Bot cards:[♦4, ♦8]
Player points: [20, 20], Bot points:[12, 12]
Bot get one more card ♦7
Player point: 20, Bot point: 19
Player win! Money: 1497.0
========================
Round #751
Player cards: [♦2, ♠Q], Bot cards:[♥7, ♠8]
Player points: [12, 12], Bot points:[15, 15]
Player get one more card ♣7
Bot get one more card ♦A
Bot get one more card ♠Q
Player point: 19, Bot point: 26
Player win! Money: 1516.0
========================
Round #752
Player cards: [♥7, ♣K], Bot cards:[♣6, ♦K]
Player points: [17, 17], Bot points:[16, 16]
Bot get one more card ♣Q
Player point: 17, Bot point: 26
Player win! Money: 1535.0
========================
Round #753
Player cards: [♣2, ♠8], Bot cards:[♦4, ♥K]
Player points: [10, 10], Bot points:[14, 14]
----- Double Bet! -----
Player get one more card ♦Q
Bot get one more card ♣8
Player point: 20, Bot point: 22
Player win! Money: 1574.0
========================
Round #754
Player cards: [♦5, ♦6], Bot cards:[♠5, ♥K]
Player points: [11, 11], Bot points:[15, 15]
----- Double Bet! -----
Player get one more card ♣9
Bot get one more card ♥J
Player point: 20, Bot point: 25
Player win! Money: 1613.0
========================
Round #755
Player cards: [♠3, ♥Q], Bot cards:[♦3, ♣9]
Player points: [13, 13], Bot points:[12, 12]
Bot get one more card ♠J
Player point: 13, Bot point: 22
Player win! Money: 1632.0
========================
Round #756
Player cards: [♥2, ♦K], Bot cards:[♥8, ♣J]
Player points: [12, 12], Bot points:[18, 18]
Player get one more card ♣T
Player point: 22, Bot point: 18
Player lose! Money: 1611.0
========================
Round #757
Player cards: [♥6, ♦9], Bot cards:[♣Q, ♥K]
Player points: [15, 15], Bot points:[20, 20]
Player get one more card ♥8
Player point: 23, Bot point: 20
Player lose! Money: 1590.0
========================
Round #758
Player cards: [♥9, ♠A], Bot cards:[♥3, ♣A]
Player points: [10, 20], Bot points:[4, 14]
Bot get one more card ♦5
Bot get one more card ♣9
Player point: 20, Bot point: 18
Player win! Money: 1609.0
========================
Round #759
Player cards: [♠T, ♦A], Bot cards:[♥8, ♥J]
Player points: [11, 21], Bot points:[18, 18]
Player point: 21, Bot point: 18
------ BlackJack!! ------
Player win! Money: 1632.0
========================
Round #760
Player cards: [♥2, ♠A], Bot cards:[♦8, ♣K]
Player points: [3, 13], Bot points:[18, 18]
Player get one more card ♣6
Player point: 19, Bot point: 18
Player win! Money: 1651.0
========================
Round #761
New deck
Player cards: [♣5, ♠7], Bot cards:[♠2, ♥3]
Player points: [12, 12], Bot points:[5, 5]
Player get one more card ♠J
Bot get one more card ♦9
Bot get one more card ♣6
Player point: 22, Bot point: 20
Player lose! Money: 1630.0
========================
Round #762
Player cards: [♣7, ♥8], Bot cards:[♣2, ♦9]
Player points: [15, 15], Bot points:[11, 11]
Bot get one more card ♣6
Player point: 15, Bot point: 17
Player lose! Money: 1609.0
========================
Round #763
Player cards: [♦5, ♣9], Bot cards:[♥3, ♥A]
Player points: [14, 14], Bot points:[4, 14]
Bot get one more card ♣3
Bot get one more card ♥8
Bot get one more card ♦K
Player point: 14, Bot point: 25
Player win! Money: 1628.0
========================
Round #764
Player cards: [♥K, ♦A], Bot cards:[♠3, ♥6]
Player points: [11, 21], Bot points:[9, 9]
Bot get one more card ♣2
Bot get one more card ♥5
Bot get one more card ♦Q
Player point: 21, Bot point: 26
------ BlackJack!! ------
Player win! Money: 1651.0
========================
Round #765
Player cards: [♠Q, ♣A], Bot cards:[♣4, ♠K]
Player points: [11, 21], Bot points:[14, 14]
Bot get one more card ♦A
Bot get one more card ♦J
Player point: 21, Bot point: 25
------ BlackJack!! ------
Player win! Money: 1674.0
========================
Round #766
Player cards: [♥3, ♦3], Bot cards:[♦7, ♥J]
Player points: [6, 6], Bot points:[17, 17]
-------- Split! Two hands: [13, 13], [13, 13]
Player get one more card ♥Q
For second hand:
Player get one more card ♥T
Player point: 23, Bot point: 17
Player lose! Money: 1653.0
========================
Player point: 23, Bot point: 17
Player lose! Money: 1633.0
========================
Round #767
Player cards: [♦T, ♠Q], Bot cards:[♥K, ♠A]
Player points: [20, 20], Bot points:[11, 21]
Bot get one more card ♥4
Bot get one more card ♣Q
Player point: 20, Bot point: 25
Player win! Money: 1652.0
========================
Round #768
Player cards: [♣J, ♥A], Bot cards:[♠4, ♥T]
Player points: [11, 21], Bot points:[14, 14]
Bot get one more card ♣5
Player point: 21, Bot point: 19
------ BlackJack!! ------
Player win! Money: 1675.0
========================
Round #769
Player cards: [♠6, ♦J], Bot cards:[♥T, ♣T]
Player points: [16, 16], Bot points:[20, 20]
Player get one more card ♥7
Player point: 23, Bot point: 20
Player lose! Money: 1654.0
========================
Round #770
Player cards: [♦6, ♦7], Bot cards:[♣T, ♠T]
Player points: [13, 13], Bot points:[20, 20]
Player get one more card ♣7
Player point: 20, Bot point: 20
Draw! Money:1653.0
========================
Round #771
Player cards: [♥4, ♦6], Bot cards:[♦2, ♣5]
Player points: [10, 10], Bot points:[7, 7]
----- Double Bet! -----
Player get one more card ♣A
Bot get one more card ♥3
Bot get one more card ♦7
Player point: 21, Bot point: 17
Player win! Money: 1692.0
========================
Round #772
Player cards: [♥2, ♣T], Bot cards:[♥5, ♠Q]
Player points: [12, 12], Bot points:[15, 15]
Bot get one more card ♣6
Player point: 12, Bot point: 21
Player lose! Money: 1671.0
========================
Round #773
Player cards: [♥J, ♣K], Bot cards:[♦2, ♠T]
Player points: [20, 20], Bot points:[12, 12]
Bot get one more card ♠K
Player point: 20, Bot point: 22
Player win! Money: 1690.0
========================
Round #774
Player cards: [♥5, ♠A], Bot cards:[♣T, ♣J]
Player points: [6, 16], Bot points:[20, 20]
Player get one more card ♣T
Player get one more card ♣3
Player point: 19, Bot point: 20
Player lose! Money: 1669.0
========================
Round #775
Player cards: [♥3, ♣8], Bot cards:[♦3, ♥7]
Player points: [11, 11], Bot points:[10, 10]
----- Double Bet! -----
Player get one more card ♥2
Bot get one more card ♥Q
Player point: 13, Bot point: 20
Player lose! Money: 1628.0
========================
Round #776
Player cards: [♠3, ♠8], Bot cards:[♣6, ♦8]
Player points: [11, 11], Bot points:[14, 14]
----- Double Bet! -----
Player get one more card ♠4
Bot get one more card ♦4
Player point: 15, Bot point: 18
Player lose! Money: 1587.0
========================
Round #777
Player cards: [♦8, ♠J], Bot cards:[♠8, ♦A]
Player points: [18, 18], Bot points:[9, 19]
Bot get one more card ♣J
Player point: 18, Bot point: 19
Player lose! Money: 1566.0
========================
Round #778
Player cards: [♦J, ♣Q], Bot cards:[♦2, ♥K]
Player points: [20, 20], Bot points:[12, 12]
Bot get one more card ♠6
Player point: 20, Bot point: 18
Player win! Money: 1585.0
========================
Round #779
Player cards: [♠3, ♣4], Bot cards:[♣8, ♦K]
Player points: [7, 7], Bot points:[18, 18]
Player get one more card ♠A
Player point: 18, Bot point: 18
Draw! Money:1584.0
========================
Round #780
Player cards: [♦4, ♦K], Bot cards:[♠7, ♠J]
Player points: [14, 14], Bot points:[17, 17]
Player get one more card ♣8
Player point: 22, Bot point: 17
Player lose! Money: 1563.0
========================
Round #781
Player cards: [♦6, ♦9], Bot cards:[♠7, ♠8]
Player points: [15, 15], Bot points:[15, 15]
Player get one more card ♥8
Bot get one more card ♠2
Player point: 23, Bot point: 17
Player lose! Money: 1542.0
========================
Round #782
Player cards: [♦4, ♣5], Bot cards:[♥2, ♣7]
Player points: [9, 9], Bot points:[9, 9]
Player get one more card ♠9
Bot get one more card ♦K
Player point: 18, Bot point: 19
Player lose! Money: 1521.0
========================
Round #783
Player cards: [♥6, ♣Q], Bot cards:[♦9, ♦Q]
Player points: [16, 16], Bot points:[19, 19]
Player get one more card ♣4
Player point: 20, Bot point: 19
Player win! Money: 1540.0
========================
Round #784
Player cards: [♥6, ♣K], Bot cards:[♦3, ♣K]
Player points: [16, 16], Bot points:[13, 13]
Bot get one more card ♠5
Player point: 16, Bot point: 18
Player lose! Money: 1519.0
========================
Round #785
Player cards: [♣9, ♠Q], Bot cards:[♦9, ♠9]
Player points: [19, 19], Bot points:[18, 18]
Player point: 19, Bot point: 18
Player win! Money: 1538.0
========================
Round #786
Player cards: [♠2, ♥4], Bot cards:[♥2, ♣J]
Player points: [6, 6], Bot points:[12, 12]
Player get one more card ♦5
Player get one more card ♣A
Bot get one more card ♦J
Player point: 12, Bot point: 22
Player win! Money: 1557.0
========================
Round #787
Player cards: [♥J, ♥A], Bot cards:[♦8, ♥A]
Player points: [11, 21], Bot points:[9, 19]
Bot get one more card ♦A
Bot get one more card ♦3
Bot get one more card ♣7
Player point: 21, Bot point: 20
------ BlackJack!! ------
Player win! Money: 1580.0
========================
Round #788
Player cards: [♠3, ♣9], Bot cards:[♠5, ♦7]
Player points: [12, 12], Bot points:[12, 12]
Bot get one more card ♥7
Player point: 12, Bot point: 19
Player lose! Money: 1559.0
========================
Round #789
Player cards: [♠4, ♥9], Bot cards:[♣4, ♥Q]
Player points: [13, 13], Bot points:[14, 14]
Bot get one more card ♦5
Player point: 13, Bot point: 19
Player lose! Money: 1538.0
========================
Round #790
Player cards: [♠2, ♥8], Bot cards:[♦4, ♠8]
Player points: [10, 10], Bot points:[12, 12]
----- Double Bet! -----
Player get one more card ♥T
Bot get one more card ♣A
Bot get one more card ♦J
Player point: 20, Bot point: 23
Player win! Money: 1577.0
========================
Round #791
Player cards: [♣2, ♣8], Bot cards:[♠6, ♣Q]
Player points: [10, 10], Bot points:[16, 16]
----- Double Bet! -----
Player get one more card ♦2
Bot get one more card ♥7
Player point: 12, Bot point: 23
Player win! Money: 1616.0
========================
Round #792
Player cards: [♠4, ♠5], Bot cards:[♥4, ♣9]
Player points: [9, 9], Bot points:[13, 13]
----- Double Bet! -----
Player get one more card ♥6
Bot get one more card ♦Q
Player point: 15, Bot point: 23
Player win! Money: 1655.0
========================
Round #793
Player cards: [♣2, ♦8], Bot cards:[♦5, ♥K]
Player points: [10, 10], Bot points:[15, 15]
----- Double Bet! -----
Player get one more card ♦T
Bot get one more card ♣9
Player point: 20, Bot point: 24
Player win! Money: 1694.0
========================
Round #794
Player cards: [♠9, ♠A], Bot cards:[♥9, ♥9]
Player points: [10, 20], Bot points:[18, 18]
Player point: 20, Bot point: 18
Player win! Money: 1713.0
========================
Round #795
Player cards: [♠9, ♦T], Bot cards:[♦T, ♦Q]
Player points: [19, 19], Bot points:[20, 20]
Player point: 19, Bot point: 20
Player lose! Money: 1692.0
========================
Round #796
Player cards: [♦6, ♠T], Bot cards:[♦8, ♥9]
Player points: [16, 16], Bot points:[17, 17]
Player get one more card ♠7
Player point: 23, Bot point: 17
Player lose! Money: 1671.0
========================
Round #797
Player cards: [♣3, ♠K], Bot cards:[♠T, ♠J]
Player points: [13, 13], Bot points:[20, 20]
Player get one more card ♥J
Player point: 23, Bot point: 20
Player lose! Money: 1650.0
========================
Round #798
New deck
Player cards: [♦3, ♥4], Bot cards:[♣2, ♥K]
Player points: [7, 7], Bot points:[12, 12]
Player get one more card ♠7
Bot get one more card ♣9
Player point: 14, Bot point: 21
Player lose! Money: 1629.0
========================
Round #799
Player cards: [♥2, ♣9], Bot cards:[♦2, ♣K]
Player points: [11, 11], Bot points:[12, 12]
----- Double Bet! -----
Player get one more card ♠8
Bot get one more card ♣2
Bot get one more card ♥K
Player point: 19, Bot point: 24
Player win! Money: 1668.0
========================
Round #800
Player cards: [♥9, ♦A], Bot cards:[♥8, ♥Q]
Player points: [10, 20], Bot points:[18, 18]
Player point: 20, Bot point: 18
Player win! Money: 1687.0
========================
Round #801
Player cards: [♣T, ♥J], Bot cards:[♠5, ♦6]
Player points: [20, 20], Bot points:[11, 11]
Bot get one more card ♦K
Player point: 20, Bot point: 21
Player lose! Money: 1666.0
========================
Round #802
Player cards: [♥9, ♦T], Bot cards:[♥4, ♠A]
Player points: [19, 19], Bot points:[5, 15]
Bot get one more card ♣T
Bot get one more card ♠J
Player point: 19, Bot point: 25
Player win! Money: 1685.0
========================
Round #803
Player cards: [♠5, ♣J], Bot cards:[♦8, ♣T]
Player points: [15, 15], Bot points:[18, 18]
Player get one more card ♠5
Player point: 20, Bot point: 18
Player win! Money: 1704.0
========================
Round #804
Player cards: [♣8, ♣J], Bot cards:[♠4, ♠A]
Player points: [18, 18], Bot points:[5, 15]
Bot get one more card ♠6
Bot get one more card ♥7
Player point: 18, Bot point: 18
Draw! Money:1703.0
========================
Round #805
Player cards: [♣9, ♠9], Bot cards:[♣6, ♠Q]
Player points: [18, 18], Bot points:[16, 16]
-------- Split! Two hands: [15, 15], [16, 16]
For second hand:
Bot get one more card ♠7
Player point: 15, Bot point: 23
Player win! Money: 1722.0
========================
Player point: 16, Bot point: 23
Player win! Money: 1742.0
========================
Round #806
Player cards: [♥6, ♦7], Bot cards:[♥T, ♦K]
Player points: [13, 13], Bot points:[20, 20]
Player get one more card ♣K
Player point: 23, Bot point: 20
Player lose! Money: 1721.0
========================
Round #807
Player cards: [♦4, ♠4], Bot cards:[♠3, ♦6]
Player points: [8, 8], Bot points:[9, 9]
Player get one more card ♥3
Player get one more card ♣3
Bot get one more card ♣7
Bot get one more card ♦2
Player point: 14, Bot point: 18
Player lose! Money: 1700.0
========================
Round #808
Player cards: [♦3, ♠3], Bot cards:[♥5, ♥Q]
Player points: [6, 6], Bot points:[15, 15]
-------- Split! Two hands: [13, 13], [8, 8]
For second hand:
Player get one more card ♥7
Bot get one more card ♥A
Bot get one more card ♥6
Player point: 13, Bot point: 22
Player win! Money: 1719.0
========================
Player point: 15, Bot point: 22
Player win! Money: 1739.0
========================
Round #809
Player cards: [♣4, ♥A], Bot cards:[♠J, ♠Q]
Player points: [5, 15], Bot points:[20, 20]
Player get one more card ♦7
Player get one more card ♦2
Player get one more card ♦9
Player point: 23, Bot point: 20
Player lose! Money: 1718.0
========================
Round #810
Player cards: [♠6, ♣J], Bot cards:[♦J, ♦K]
Player points: [16, 16], Bot points:[20, 20]
Player get one more card ♠Q
Player point: 26, Bot point: 20
Player lose! Money: 1697.0
========================
Round #811
Player cards: [♦4, ♣7], Bot cards:[♦8, ♠T]
Player points: [11, 11], Bot points:[18, 18]
----- Double Bet! -----
Player get one more card ♣K
Player point: 21, Bot point: 18
Player win! Money: 1736.0
========================
Round #812
Player cards: [♣7, ♥8], Bot cards:[♠6, ♠9]
Player points: [15, 15], Bot points:[15, 15]
Bot get one more card ♥J
Player point: 15, Bot point: 25
Player win! Money: 1755.0
========================
Round #813
Player cards: [♠2, ♠8], Bot cards:[♣5, ♠K]
Player points: [10, 10], Bot points:[15, 15]
----- Double Bet! -----
Player get one more card ♣6
Bot get one more card ♠K
Player point: 16, Bot point: 25
Player win! Money: 1794.0
========================
Round #814
Player cards: [♠J, ♦K], Bot cards:[♥3, ♠9]
Player points: [20, 20], Bot points:[12, 12]
Bot get one more card ♥T
Player point: 20, Bot point: 22
Player win! Money: 1813.0
========================
Round #815
Player cards: [♣8, ♥K], Bot cards:[♥9, ♣K]
Player points: [18, 18], Bot points:[19, 19]
Player point: 18, Bot point: 19
Player lose! Money: 1792.0
========================
Round #816
Player cards: [♥2, ♦3], Bot cards:[♠6, ♦7]
Player points: [5, 5], Bot points:[13, 13]
Player get one more card ♠T
Bot get one more card ♣A
Bot get one more card ♦A
Bot get one more card ♠K
Player point: 15, Bot point: 25
Player win! Money: 1811.0
========================
Round #817
Player cards: [♥5, ♠8], Bot cards:[♠5, ♥7]
Player points: [13, 13], Bot points:[12, 12]
Bot get one more card ♣T
Player point: 13, Bot point: 22
Player win! Money: 1830.0
========================
Round #818
Player cards: [♥5, ♣A], Bot cards:[♥2, ♣5]
Player points: [6, 16], Bot points:[7, 7]
Bot get one more card ♣6
Bot get one more card ♣J
Player point: 16, Bot point: 23
Player win! Money: 1849.0
========================
Round #819
Player cards: [♦3, ♦5], Bot cards:[♣8, ♥K]
Player points: [8, 8], Bot points:[18, 18]
Player get one more card ♦Q
Player point: 18, Bot point: 18
Draw! Money:1848.0
========================
Round #820
Player cards: [♥J, ♣Q], Bot cards:[♥2, ♣3]
Player points: [20, 20], Bot points:[5, 5]
Bot get one more card ♦J
Bot get one more card ♠7
Player point: 20, Bot point: 22
Player win! Money: 1867.0
========================
Round #821
Player cards: [♣4, ♥Q], Bot cards:[♦4, ♣5]
Player points: [14, 14], Bot points:[9, 9]
Bot get one more card ♠4
Bot get one more card ♣A
Bot get one more card ♦A
Bot get one more card ♣4
Player point: 14, Bot point: 19
Player lose! Money: 1846.0
========================
Round #822
Player cards: [♦5, ♦8], Bot cards:[♣6, ♣Q]
Player points: [13, 13], Bot points:[16, 16]
Bot get one more card ♦7
Player point: 13, Bot point: 23
Player win! Money: 1865.0
========================
Round #823
Player cards: [♣3, ♦J], Bot cards:[♦9, ♦A]
Player points: [13, 13], Bot points:[10, 20]
Player get one more card ♠2
Player get one more card ♦5
Bot get one more card ♦T
Player point: 20, Bot point: 20
Draw! Money:1864.0
========================
Round #824
Player cards: [♦4, ♣K], Bot cards:[♥7, ♠9]
Player points: [14, 14], Bot points:[16, 16]
Player get one more card ♠3
Bot get one more card ♥6
Player point: 17, Bot point: 22
Player win! Money: 1883.0
========================
Round #825
Player cards: [♠T, ♦T], Bot cards:[♦6, ♠6]
Player points: [20, 20], Bot points:[12, 12]
Bot get one more card ♠8
Player point: 20, Bot point: 20
Draw! Money:1882.0
========================
Round #826
Player cards: [♥8, ♦Q], Bot cards:[♦2, ♦Q]
Player points: [18, 18], Bot points:[12, 12]
Bot get one more card ♥4
Bot get one more card ♣Q
Player point: 18, Bot point: 26
Player win! Money: 1901.0
========================
Round #827
Player cards: [♣9, ♥J], Bot cards:[♦5, ♥9]
Player points: [19, 19], Bot points:[14, 14]
Bot get one more card ♣3
Player point: 19, Bot point: 17
Player win! Money: 1920.0
========================
Round #828
Player cards: [♦9, ♠A], Bot cards:[♣2, ♥3]
Player points: [10, 20], Bot points:[5, 5]
Bot get one more card ♥A
Bot get one more card ♠4
Bot get one more card ♥5
Bot get one more card ♠K
Player point: 20, Bot point: 25
Player win! Money: 1939.0
========================
Round #829
Player cards: [♥8, ♦9], Bot cards:[♠9, ♦Q]
Player points: [17, 17], Bot points:[19, 19]
Player point: 17, Bot point: 19
Player lose! Money: 1918.0
========================
Round #830
Player cards: [♠3, ♥5], Bot cards:[♣8, ♠J]
Player points: [8, 8], Bot points:[18, 18]
Player get one more card ♥T
Player point: 18, Bot point: 18
Draw! Money:1917.0
========================
Round #831
Player cards: [♥4, ♣5], Bot cards:[♦6, ♦T]
Player points: [9, 9], Bot points:[16, 16]
----- Double Bet! -----
Player get one more card ♠T
Bot get one more card ♣Q
Player point: 19, Bot point: 26
Player win! Money: 1956.0
========================
Round #832
Player cards: [♥T, ♥A], Bot cards:[♥3, ♥Q]
Player points: [11, 21], Bot points:[13, 13]
Bot get one more card ♣2
Bot get one more card ♠Q
Player point: 21, Bot point: 25
------ BlackJack!! ------
Player win! Money: 1979.0
========================
Round #833
New deck
Player cards: [♥6, ♣Q], Bot cards:[♥9, ♠T]
Player points: [16, 16], Bot points:[19, 19]
Player get one more card ♠8
Player point: 24, Bot point: 19
Player lose! Money: 1958.0
========================
Round #834
Player cards: [♥4, ♦T], Bot cards:[♥8, ♦A]
Player points: [14, 14], Bot points:[9, 19]
Player get one more card ♣4
Bot get one more card ♦9
Player point: 18, Bot point: 18
Draw! Money:1957.0
========================
Round #835
Player cards: [♦9, ♣J], Bot cards:[♠8, ♦A]
Player points: [19, 19], Bot points:[9, 19]
Bot get one more card ♣9
Player point: 19, Bot point: 18
Player win! Money: 1976.0
========================
Round #836
Player cards: [♣2, ♥T], Bot cards:[♣6, ♣8]
Player points: [12, 12], Bot points:[14, 14]
Bot get one more card ♠T
Player point: 12, Bot point: 24
Player win! Money: 1995.0
========================
Round #837
Player cards: [♠8, ♦J], Bot cards:[♣T, ♣Q]
Player points: [18, 18], Bot points:[20, 20]
Player point: 18, Bot point: 20
Player lose! Money: 1974.0
========================
Round #838
Player cards: [♥A, ♠A], Bot cards:[♦Q, ♦Q]
Player points: [2, 12], Bot points:[20, 20]
-------- Split! Two hands: [5, 15], [2, 12]
Player get one more card ♥J
Player get one more card ♠K
For second hand:
Player get one more card ♦5
Player point: 25, Bot point: 20
Player lose! Money: 1953.0
========================
Player point: 17, Bot point: 20
Player lose! Money: 1933.0
========================
Round #839
Player cards: [♥J, ♦K], Bot cards:[♥9, ♦Q]
Player points: [20, 20], Bot points:[19, 19]
Player point: 20, Bot point: 19
Player win! Money: 1952.0
========================
Round #840
Player cards: [♠4, ♠Q], Bot cards:[♣8, ♣A]
Player points: [14, 14], Bot points:[9, 19]
Player get one more card ♠6
Bot get one more card ♣7
Bot get one more card ♠J
Player point: 20, Bot point: 26
Player win! Money: 1971.0
========================
Round #841
Player cards: [♦4, ♠T], Bot cards:[♠3, ♠A]
Player points: [14, 14], Bot points:[4, 14]
Bot get one more card ♥T
Bot get one more card ♦K
Player point: 14, Bot point: 24
Player win! Money: 1990.0
========================
Round #842
Player cards: [♥6, ♣J], Bot cards:[♣8, ♠J]
Player points: [16, 16], Bot points:[18, 18]
Player get one more card ♥K
Player point: 26, Bot point: 18
Player lose! Money: 1969.0
========================
Round #843
Player cards: [♦2, ♣6], Bot cards:[♥3, ♦6]
Player points: [8, 8], Bot points:[9, 9]
Player get one more card ♥8
Bot get one more card ♦3
Bot get one more card ♣3
Bot get one more card ♠2
Player point: 16, Bot point: 17
Player lose! Money: 1948.0
========================
Round #844
Player cards: [♥3, ♥K], Bot cards:[♠7, ♦T]
Player points: [13, 13], Bot points:[17, 17]
Player get one more card ♣K
Player point: 23, Bot point: 17
Player lose! Money: 1927.0
========================
Round #845
Player cards: [♦3, ♥9], Bot cards:[♥2, ♣7]
Player points: [12, 12], Bot points:[9, 9]
Player get one more card ♥8
Bot get one more card ♥2
Bot get one more card ♠2
Bot get one more card ♠9
Player point: 20, Bot point: 22
Player win! Money: 1946.0
========================
Round #846
Player cards: [♥4, ♦8], Bot cards:[♥Q, ♥K]
Player points: [12, 12], Bot points:[20, 20]
Player get one more card ♠5
Player point: 17, Bot point: 20
Player lose! Money: 1925.0
========================
Round #847
Player cards: [♦7, ♦7], Bot cards:[♦3, ♣Q]
Player points: [14, 14], Bot points:[13, 13]
-------- Split! Two hands: [8, 18], [17, 17]
For second hand:
Bot get one more card ♥J
Player point: 18, Bot point: 23
Player win! Money: 1944.0
========================
Player point: 17, Bot point: 23
Player win! Money: 1964.0
========================
Round #848
Player cards: [♠9, ♥T], Bot cards:[♥4, ♦6]
Player points: [19, 19], Bot points:[10, 10]
Bot get one more card ♦8
Player point: 19, Bot point: 18
Player win! Money: 1983.0
========================
Round #849
Player cards: [♥7, ♥9], Bot cards:[♣T, ♣A]
Player points: [16, 16], Bot points:[11, 21]
Player get one more card ♠8
Bot get one more card ♣4
Bot get one more card ♦T
Player point: 24, Bot point: 25
Player lose! Money: 1962.0
========================
Round #850
Player cards: [♦T, ♣J], Bot cards:[♥2, ♦J]
Player points: [20, 20], Bot points:[12, 12]
Bot get one more card ♣Q
Player point: 20, Bot point: 22
Player win! Money: 1981.0
========================
Round #851
Player cards: [♠7, ♥7], Bot cards:[♠7, ♦J]
Player points: [14, 14], Bot points:[17, 17]
-------- Split! Two hands: [8, 18], [13, 13]
For second hand:
Player get one more card ♣5
Player point: 18, Bot point: 17
Player win! Money: 2000.0
========================
Player point: 18, Bot point: 17
Player win! Money: 2020.0
========================
Round #852
Player cards: [♠3, ♣5], Bot cards:[♥3, ♥5]
Player points: [8, 8], Bot points:[8, 8]
Player get one more card ♠2
Player get one more card ♥5
Bot get one more card ♣K
Player point: 15, Bot point: 18
Player lose! Money: 1999.0
========================
Round #853
Player cards: [♦5, ♠K], Bot cards:[♣5, ♦7]
Player points: [15, 15], Bot points:[12, 12]
Bot get one more card ♣A
Bot get one more card ♣7
Player point: 15, Bot point: 20
Player lose! Money: 1978.0
========================
Round #854
Player cards: [♠2, ♣4], Bot cards:[♣2, ♣K]
Player points: [6, 6], Bot points:[12, 12]
Player get one more card ♠5
Player get one more card ♣7
Bot get one more card ♠K
Player point: 18, Bot point: 22
Player win! Money: 1997.0
========================
Round #855
Player cards: [♦6, ♣J], Bot cards:[♣2, ♠6]
Player points: [16, 16], Bot points:[8, 8]
Bot get one more card ♣4
Bot get one more card ♦7
Player point: 16, Bot point: 19
Player lose! Money: 1976.0
========================
Round #856
Player cards: [♦2, ♦5], Bot cards:[♦2, ♥5]
Player points: [7, 7], Bot points:[7, 7]
Player get one more card ♦9
Bot get one more card ♠4
Bot get one more card ♠5
Bot get one more card ♦9
Player point: 16, Bot point: 25
Player win! Money: 1995.0
========================
Round #857
Player cards: [♣4, ♠K], Bot cards:[♦2, ♥Q]
Player points: [14, 14], Bot points:[12, 12]
Bot get one more card ♣8
Player point: 14, Bot point: 20
Player lose! Money: 1974.0
========================
Round #858
Player cards: [♦4, ♥Q], Bot cards:[♦8, ♦J]
Player points: [14, 14], Bot points:[18, 18]
Player get one more card ♥J
Player point: 24, Bot point: 18
Player lose! Money: 1953.0
========================
Round #859
Player cards: [♥6, ♦8], Bot cards:[♦3, ♣3]
Player points: [14, 14], Bot points:[6, 6]
Bot get one more card ♠3
Bot get one more card ♠A
Bot get one more card ♣3
Bot get one more card ♠7
Player point: 14, Bot point: 20
Player lose! Money: 1932.0
========================
Round #860
Player cards: [♥4, ♣9], Bot cards:[♥7, ♣9]
Player points: [13, 13], Bot points:[16, 16]
Player get one more card ♠Q
Bot get one more card ♥2
Player point: 23, Bot point: 18
Player lose! Money: 1911.0
========================
Round #861
Player cards: [♠2, ♥3], Bot cards:[♦6, ♥K]
Player points: [5, 5], Bot points:[16, 16]
Player get one more card ♣T
Bot get one more card ♠Q
Player point: 15, Bot point: 26
Player win! Money: 1930.0
========================
Round #862
Player cards: [♠2, ♣3], Bot cards:[♣6, ♣A]
Player points: [5, 5], Bot points:[7, 17]
Player get one more card ♠5
Player get one more card ♣T
Bot get one more card ♠6
Bot get one more card ♠T
Player point: 20, Bot point: 23
Player win! Money: 1949.0
========================
Round #863
Player cards: [♠7, ♠9], Bot cards:[♥6, ♥8]
Player points: [16, 16], Bot points:[14, 14]
Bot get one more card ♠A
Bot get one more card ♦4
Player point: 16, Bot point: 19
Player lose! Money: 1928.0
========================
Round #864
Player cards: [♦8, ♠J], Bot cards:[♦J, ♦Q]
Player points: [18, 18], Bot points:[20, 20]
Player point: 18, Bot point: 20
Player lose! Money: 1907.0
========================
Round #865
Player cards: [♠4, ♥A], Bot cards:[♠9, ♦K]
Player points: [5, 15], Bot points:[19, 19]
Player get one more card ♣A
Player get one more card ♣3
Player point: 19, Bot point: 19
Draw! Money:1906.0
========================
Round #866
Player cards: [♣2, ♦4], Bot cards:[♣9, ♦A]
Player points: [6, 6], Bot points:[10, 20]
Player get one more card ♥5
Player get one more card ♣5
Bot get one more card ♦5
Bot get one more card ♠3
Player point: 16, Bot point: 18
Player lose! Money: 1885.0
========================
Round #867
New deck
Player cards: [♦2, ♠T], Bot cards:[♠2, ♥7]
Player points: [12, 12], Bot points:[9, 9]
Player get one more card ♥5
Bot get one more card ♣8
Player point: 17, Bot point: 17
Draw! Money:1884.0
========================
Round #868
Player cards: [♠8, ♦A], Bot cards:[♠9, ♠A]
Player points: [9, 19], Bot points:[10, 20]
Bot get one more card ♦4
Bot get one more card ♠A
Bot get one more card ♦4
Player point: 19, Bot point: 19
Draw! Money:1883.0
========================
Round #869
Player cards: [♦7, ♠J], Bot cards:[♦5, ♣T]
Player points: [17, 17], Bot points:[15, 15]
Bot get one more card ♣8
Player point: 17, Bot point: 23
Player win! Money: 1902.0
========================
Round #870
Player cards: [♣9, ♠9], Bot cards:[♥4, ♠T]
Player points: [18, 18], Bot points:[14, 14]
-------- Split! Two hands: [11, 11], [10, 20]
----- Double Bet! -----
Player get one more card ♠6
For second hand:
Bot get one more card ♥J
Player point: 17, Bot point: 24
Player win! Money: 1941.0
========================
Player point: 20, Bot point: 24
Player win! Money: 1961.0
========================
Round #871
Player cards: [♥7, ♣A], Bot cards:[♣2, ♥Q]
Player points: [8, 18], Bot points:[12, 12]
Bot get one more card ♣K
Player point: 18, Bot point: 22
Player win! Money: 1980.0
========================
Round #872
Player cards: [♥T, ♥Q], Bot cards:[♥7, ♦J]
Player points: [20, 20], Bot points:[17, 17]
Player point: 20, Bot point: 17
Player win! Money: 1999.0
========================
Round #873
Player cards: [♥2, ♣A], Bot cards:[♣5, ♥8]
Player points: [3, 13], Bot points:[13, 13]
Bot get one more card ♥8
Player point: 13, Bot point: 21
Player lose! Money: 1978.0
========================
Round #874
Player cards: [♠5, ♦K], Bot cards:[♣6, ♠7]
Player points: [15, 15], Bot points:[13, 13]
Bot get one more card ♠A
Bot get one more card ♠5
Player point: 15, Bot point: 19
Player lose! Money: 1957.0
========================
Round #875
Player cards: [♦7, ♣T], Bot cards:[♥2, ♠9]
Player points: [17, 17], Bot points:[11, 11]
Bot get one more card ♦5
Bot get one more card ♥6
Player point: 17, Bot point: 22
Player win! Money: 1976.0
========================
Round #876
Player cards: [♠2, ♠Q], Bot cards:[♣7, ♣8]
Player points: [12, 12], Bot points:[15, 15]
Player get one more card ♠Q
Bot get one more card ♠4
Player point: 22, Bot point: 19
Player lose! Money: 1955.0
========================
Round #877
Player cards: [♣7, ♥K], Bot cards:[♠4, ♣A]
Player points: [17, 17], Bot points:[5, 15]
Bot get one more card ♣6
Bot get one more card ♣9
Player point: 17, Bot point: 20
Player lose! Money: 1934.0
========================
Round #878
Player cards: [♥9, ♣J], Bot cards:[♠6, ♥J]
Player points: [19, 19], Bot points:[16, 16]
Bot get one more card ♠K
Player point: 19, Bot point: 26
Player win! Money: 1953.0
========================
Round #879
Player cards: [♣9, ♠J], Bot cards:[♠8, ♥T]
Player points: [19, 19], Bot points:[18, 18]
Player point: 19, Bot point: 18
Player win! Money: 1972.0
========================
Round #880
Player cards: [♣J, ♥A], Bot cards:[♥7, ♣Q]
Player points: [11, 21], Bot points:[17, 17]
Player point: 21, Bot point: 17
------ BlackJack!! ------
Player win! Money: 1995.0
========================
Round #881
Player cards: [♠7, ♦T], Bot cards:[♥7, ♣J]
Player points: [17, 17], Bot points:[17, 17]
Player point: 17, Bot point: 17
Draw! Money:1994.0
========================
Round #882
Player cards: [♦7, ♦J], Bot cards:[♠4, ♠T]
Player points: [17, 17], Bot points:[14, 14]
Bot get one more card ♣J
Player point: 17, Bot point: 24
Player win! Money: 2013.0
========================
Round #883
Player cards: [♣4, ♦9], Bot cards:[♥2, ♦A]
Player points: [13, 13], Bot points:[3, 13]
Bot get one more card ♠3
Bot get one more card ♥3
Bot get one more card ♥3
Bot get one more card ♠5
Player point: 13, Bot point: 17
Player lose! Money: 1992.0
========================
Round #884
Player cards: [♣6, ♦T], Bot cards:[♠5, ♦9]
Player points: [16, 16], Bot points:[14, 14]
Bot get one more card ♣5
Player point: 16, Bot point: 19
Player lose! Money: 1971.0
========================
Round #885
Player cards: [♠6, ♥Q], Bot cards:[♠2, ♠K]
Player points: [16, 16], Bot points:[12, 12]
Bot get one more card ♣6
Player point: 16, Bot point: 18
Player lose! Money: 1950.0
========================
Round #886
Player cards: [♦2, ♠4], Bot cards:[♣4, ♣K]
Player points: [6, 6], Bot points:[14, 14]
Player get one more card ♥Q
Bot get one more card ♣3
Player point: 16, Bot point: 17
Player lose! Money: 1929.0
========================
Round #887
Player cards: [♣4, ♥4], Bot cards:[♥T, ♦K]
Player points: [8, 8], Bot points:[20, 20]
Player get one more card ♥6
Player get one more card ♦6
Player point: 20, Bot point: 20
Draw! Money:1928.0
========================
Round #888
Player cards: [♦9, ♣T], Bot cards:[♣2, ♥K]
Player points: [19, 19], Bot points:[12, 12]
Bot get one more card ♣Q
Player point: 19, Bot point: 22
Player win! Money: 1947.0
========================
Round #889
Player cards: [♣3, ♦6], Bot cards:[♣9, ♦K]
Player points: [9, 9], Bot points:[19, 19]
Player get one more card ♣4
Player get one more card ♥8
Player point: 21, Bot point: 19
Player win! Money: 1966.0
========================
Round #890
Player cards: [♣2, ♠T], Bot cards:[♦7, ♣T]
Player points: [12, 12], Bot points:[17, 17]
Player get one more card ♦5
Player point: 17, Bot point: 17
Draw! Money:1965.0
========================
Round #891
Player cards: [♦8, ♦A], Bot cards:[♦3, ♦6]
Player points: [9, 19], Bot points:[9, 9]
Bot get one more card ♦T
Player point: 19, Bot point: 19
Draw! Money:1964.0
========================
Round #892
Player cards: [♦4, ♣K], Bot cards:[♠6, ♥6]
Player points: [14, 14], Bot points:[12, 12]
Bot get one more card ♣K
Player point: 14, Bot point: 22
Player win! Money: 1983.0
========================
Round #893
Player cards: [♥5, ♣8], Bot cards:[♠3, ♥9]
Player points: [13, 13], Bot points:[12, 12]
Bot get one more card ♦Q
Player point: 13, Bot point: 22
Player win! Money: 2002.0
========================
Round #894
Player cards: [♣Q, ♠K], Bot cards:[♦3, ♦8]
Player points: [20, 20], Bot points:[11, 11]
Bot get one more card ♣7
Player point: 20, Bot point: 18
Player win! Money: 2021.0
========================
Round #895
Player cards: [♥3, ♠8], Bot cards:[♣Q, ♦A]
Player points: [11, 11], Bot points:[11, 21]
----- Double Bet! -----
Player get one more card ♥Q
Bot get one more card ♣A
Bot get one more card ♣3
Bot get one more card ♣3
Player point: 21, Bot point: 18
Player win! Money: 2060.0
========================
Round #896
Player cards: [♣5, ♥K], Bot cards:[♣7, ♠7]
Player points: [15, 15], Bot points:[14, 14]
Player get one more card ♥J
Bot get one more card ♦K
Player point: 25, Bot point: 24
Player lose! Money: 2039.0
========================
Round #897
Player cards: [♦6, ♥A], Bot cards:[♦3, ♦3]
Player points: [7, 17], Bot points:[6, 6]
Bot get one more card ♠3
Bot get one more card ♦8
Player point: 17, Bot point: 17
Draw! Money:2038.0
========================
Round #898
Player cards: [♠K, ♥A], Bot cards:[♦5, ♠A]
Player points: [11, 21], Bot points:[6, 16]
Bot get one more card ♥4
Bot get one more card ♥6
Bot get one more card ♣5
Player point: 21, Bot point: 21
Player lose! Money: 2017.0
========================
Round #899
Player cards: [♦4, ♠Q], Bot cards:[♠9, ♠J]
Player points: [14, 14], Bot points:[19, 19]
Player get one more card ♠Q
Player point: 24, Bot point: 19
Player lose! Money: 1996.0
========================
Round #900
Player cards: [♠6, ♠7], Bot cards:[♣K, ♥A]
Player points: [13, 13], Bot points:[11, 21]
Player get one more card ♦J
Bot get one more card ♦J
Player point: 23, Bot point: 21
Player lose! Money: 1975.0
========================
Round #901
Player cards: [♥5, ♦K], Bot cards:[♥9, ♥T]
Player points: [15, 15], Bot points:[19, 19]
Player get one more card ♥K
Player point: 25, Bot point: 19
Player lose! Money: 1954.0
========================
Round #902
Player cards: [♠2, ♥T], Bot cards:[♥3, ♠J]
Player points: [12, 12], Bot points:[13, 13]
Player get one more card ♥8
Bot get one more card ♥4
Player point: 20, Bot point: 17
Player win! Money: 1973.0
========================
Round #903
Player cards: [♠8, ♦Q], Bot cards:[♥5, ♦8]
Player points: [18, 18], Bot points:[13, 13]
Bot get one more card ♦T
Player point: 18, Bot point: 23
Player win! Money: 1992.0
========================
Round #904
Player cards: [♥9, ♦Q], Bot cards:[♦2, ♦Q]
Player points: [19, 19], Bot points:[12, 12]
Bot get one more card ♥2
Bot get one more card ♦9
Player point: 19, Bot point: 23
Player win! Money: 2011.0
========================
Round #905
New deck
Player cards: [♠6, ♠T], Bot cards:[♣T, ♠K]
Player points: [16, 16], Bot points:[20, 20]
Player get one more card ♦2
Player point: 18, Bot point: 20
Player lose! Money: 1990.0
========================
Round #906
Player cards: [♠4, ♠Q], Bot cards:[♣6, ♣7]
Player points: [14, 14], Bot points:[13, 13]
Bot get one more card ♣9
Player point: 14, Bot point: 22
Player win! Money: 2009.0
========================
Round #907
Player cards: [♦7, ♥Q], Bot cards:[♠3, ♥J]
Player points: [17, 17], Bot points:[13, 13]
Bot get one more card ♦4
Player point: 17, Bot point: 17
Draw! Money:2008.0
========================
Round #908
Player cards: [♥4, ♠7], Bot cards:[♦6, ♥6]
Player points: [11, 11], Bot points:[12, 12]
----- Double Bet! -----
Player get one more card ♥K
Bot get one more card ♠2
Bot get one more card ♦7
Player point: 21, Bot point: 21
Player lose! Money: 1967.0
========================
Round #909
Player cards: [♥5, ♠T], Bot cards:[♥7, ♥9]
Player points: [15, 15], Bot points:[16, 16]
Player get one more card ♦T
Bot get one more card ♣K
Player point: 25, Bot point: 26
Player lose! Money: 1946.0
========================
Round #910
Player cards: [♣4, ♠4], Bot cards:[♠Q, ♣A]
Player points: [8, 8], Bot points:[11, 21]
Player get one more card ♣J
Bot get one more card ♠9
Player point: 18, Bot point: 20
Player lose! Money: 1925.0
========================
Round #911
Player cards: [♥J, ♥Q], Bot cards:[♠4, ♦7]
Player points: [20, 20], Bot points:[11, 11]
Bot get one more card ♥2
Bot get one more card ♥8
Player point: 20, Bot point: 21
Player lose! Money: 1904.0
========================
Round #912
Player cards: [♣2, ♠K], Bot cards:[♠5, ♣A]
Player points: [12, 12], Bot points:[6, 16]
Bot get one more card ♠7
Bot get one more card ♠A
Bot get one more card ♣4
Player point: 12, Bot point: 18
Player lose! Money: 1883.0
========================
Round #913
Player cards: [♦6, ♥K], Bot cards:[♣5, ♠7]
Player points: [16, 16], Bot points:[12, 12]
Bot get one more card ♠5
Player point: 16, Bot point: 17
Player lose! Money: 1862.0
========================
Round #914
Player cards: [♥3, ♦5], Bot cards:[♦6, ♦Q]
Player points: [8, 8], Bot points:[16, 16]
Player get one more card ♠9
Bot get one more card ♥6
Player point: 17, Bot point: 22
Player win! Money: 1881.0
========================
Round #915
Player cards: [♦2, ♣K], Bot cards:[♦5, ♦A]
Player points: [12, 12], Bot points:[6, 16]
Bot get one more card ♣4
Bot get one more card ♥7
Player point: 12, Bot point: 17
Player lose! Money: 1860.0
========================
Round #916
Player cards: [♣8, ♠A], Bot cards:[♥6, ♦T]
Player points: [9, 19], Bot points:[16, 16]
Bot get one more card ♣K
Player point: 19, Bot point: 26
Player win! Money: 1879.0
========================
Round #917
Player cards: [♣4, ♦J], Bot cards:[♦Q, ♣K]
Player points: [14, 14], Bot points:[20, 20]
Player get one more card ♣Q
Player point: 24, Bot point: 20
Player lose! Money: 1858.0
========================
Round #918
Player cards: [♦2, ♣8], Bot cards:[♥J, ♥A]
Player points: [10, 10], Bot points:[11, 21]
Player get one more card ♠2
Player get one more card ♣A
Player get one more card ♠A
Player get one more card ♣3
Bot get one more card ♣8
Player point: 17, Bot point: 19
Player lose! Money: 1837.0
========================
Round #919
Player cards: [♦3, ♠8], Bot cards:[♦T, ♥J]
Player points: [11, 11], Bot points:[20, 20]
----- Double Bet! -----
Player get one more card ♣2
Player point: 13, Bot point: 20
Player lose! Money: 1796.0
========================
Round #920
Player cards: [♠4, ♦Q], Bot cards:[♣5, ♥Q]
Player points: [14, 14], Bot points:[15, 15]
Bot get one more card ♦2
Player point: 14, Bot point: 17
Player lose! Money: 1775.0
========================
Round #921
Player cards: [♦8, ♥9], Bot cards:[♦3, ♥T]
Player points: [17, 17], Bot points:[13, 13]
Bot get one more card ♦7
Player point: 17, Bot point: 20
Player lose! Money: 1754.0
========================
Round #922
Player cards: [♥8, ♦A], Bot cards:[♠6, ♦9]
Player points: [9, 19], Bot points:[15, 15]
Bot get one more card ♣7
Player point: 19, Bot point: 22
Player win! Money: 1773.0
========================
Round #923
Player cards: [♥4, ♠5], Bot cards:[♣J, ♠A]
Player points: [9, 9], Bot points:[11, 21]
Player get one more card ♦A
Bot get one more card ♦9
Player point: 20, Bot point: 20
Draw! Money:1772.0
========================
Round #924
Player cards: [♠3, ♠J], Bot cards:[♥3, ♥9]
Player points: [13, 13], Bot points:[12, 12]
Bot get one more card ♣T
Player point: 13, Bot point: 22
Player win! Money: 1791.0
========================
Round #925
Player cards: [♣5, ♥A], Bot cards:[♦5, ♣Q]
Player points: [6, 16], Bot points:[15, 15]
Bot get one more card ♣9
Player point: 16, Bot point: 24
Player win! Money: 1810.0
========================
Round #926
Player cards: [♦5, ♦T], Bot cards:[♣8, ♦A]
Player points: [15, 15], Bot points:[9, 19]
Player get one more card ♦9
Bot get one more card ♠5
Bot get one more card ♦Q
Player point: 24, Bot point: 24
Player lose! Money: 1789.0
========================
Round #927
Player cards: [♠3, ♣6], Bot cards:[♦4, ♥5]
Player points: [9, 9], Bot points:[9, 9]
----- Double Bet! -----
Player get one more card ♣5
Bot get one more card ♠8
Player point: 14, Bot point: 17
Player lose! Money: 1748.0
========================
Round #928
Player cards: [♠J, ♠Q], Bot cards:[♠8, ♥Q]
Player points: [20, 20], Bot points:[18, 18]
Player point: 20, Bot point: 18
Player win! Money: 1767.0
========================
Round #929
Player cards: [♥5, ♥A], Bot cards:[♥2, ♣9]
Player points: [6, 16], Bot points:[11, 11]
Bot get one more card ♥T
Player point: 16, Bot point: 21
Player lose! Money: 1746.0
========================
Round #930
Player cards: [♥8, ♣A], Bot cards:[♠2, ♣9]
Player points: [9, 19], Bot points:[11, 11]
Bot get one more card ♣J
Player point: 19, Bot point: 21
Player lose! Money: 1725.0
========================
Round #931
Player cards: [♠6, ♣7], Bot cards:[♥2, ♥T]
Player points: [13, 13], Bot points:[12, 12]
Bot get one more card ♦8
Player point: 13, Bot point: 20
Player lose! Money: 1704.0
========================
Round #932
Player cards: [♥T, ♦J], Bot cards:[♣3, ♠6]
Player points: [20, 20], Bot points:[9, 9]
Bot get one more card ♣7
Bot get one more card ♥K
Player point: 20, Bot point: 26
Player win! Money: 1723.0
========================
Round #933
Player cards: [♥8, ♠8], Bot cards:[♥2, ♠K]
Player points: [16, 16], Bot points:[12, 12]
-------- Split! Two hands: [12, 12], [18, 18]
Player get one more card ♦8
For second hand:
Bot get one more card ♥A
Bot get one more card ♦2
Bot get one more card ♠9
Player point: 20, Bot point: 24
Player win! Money: 1742.0
========================
Player point: 18, Bot point: 24
Player win! Money: 1762.0
========================
Round #934
Player cards: [♥9, ♦J], Bot cards:[♠7, ♣J]
Player points: [19, 19], Bot points:[17, 17]
Player point: 19, Bot point: 17
Player win! Money: 1781.0
========================
Round #935
Player cards: [♦3, ♦6], Bot cards:[♠2, ♠T]
Player points: [9, 9], Bot points:[12, 12]
Player get one more card ♣3
Player get one more card ♥7
Bot get one more card ♣3
Bot get one more card ♦K
Player point: 19, Bot point: 25
Player win! Money: 1800.0
========================
Round #936
Player cards: [♥3, ♥7], Bot cards:[♥6, ♥K]
Player points: [10, 10], Bot points:[16, 16]
----- Double Bet! -----
Player get one more card ♣2
Bot get one more card ♠T
Player point: 12, Bot point: 26
Player win! Money: 1839.0
========================
Round #937
Player cards: [♥3, ♣T], Bot cards:[♠3, ♦4]
Player points: [13, 13], Bot points:[7, 7]
Bot get one more card ♣6
Bot get one more card ♠Q
Player point: 13, Bot point: 23
Player win! Money: 1858.0
========================
Round #938
Player cards: [♥J, ♦K], Bot cards:[♣2, ♠K]
Player points: [20, 20], Bot points:[12, 12]
Bot get one more card ♦9
Player point: 20, Bot point: 21
Player lose! Money: 1837.0
========================
Round #939
Player cards: [♠3, ♦4], Bot cards:[♥4, ♣T]
Player points: [7, 7], Bot points:[14, 14]
Player get one more card ♠J
Bot get one more card ♦K
Player point: 17, Bot point: 24
Player win! Money: 1856.0
========================
Round #940
Player cards: [♣6, ♣Q], Bot cards:[♥5, ♠J]
Player points: [16, 16], Bot points:[15, 15]
Bot get one more card ♦3
Player point: 16, Bot point: 18
Player lose! Money: 1835.0
========================
Round #941
New deck
Player cards: [♦6, ♦K], Bot cards:[♣3, ♦4]
Player points: [16, 16], Bot points:[7, 7]
Bot get one more card ♣Q
Player point: 16, Bot point: 17
Player lose! Money: 1814.0
========================
Round #942
Player cards: [♥4, ♠8], Bot cards:[♣7, ♥J]
Player points: [12, 12], Bot points:[17, 17]
Player get one more card ♣T
Player point: 22, Bot point: 17
Player lose! Money: 1793.0
========================
Round #943
Player cards: [♥3, ♣6], Bot cards:[♠6, ♠Q]
Player points: [9, 9], Bot points:[16, 16]
----- Double Bet! -----
Player get one more card ♠4
Bot get one more card ♣6
Player point: 13, Bot point: 22
Player win! Money: 1832.0
========================
Round #944
Player cards: [♦6, ♦A], Bot cards:[♠8, ♦A]
Player points: [7, 17], Bot points:[9, 19]
Bot get one more card ♦Q
Player point: 17, Bot point: 19
Player lose! Money: 1811.0
========================
Round #945
Player cards: [♣9, ♣J], Bot cards:[♦J, ♣K]
Player points: [19, 19], Bot points:[20, 20]
Player point: 19, Bot point: 20
Player lose! Money: 1790.0
========================
Round #946
Player cards: [♦3, ♥T], Bot cards:[♥3, ♥6]
Player points: [13, 13], Bot points:[9, 9]
Bot get one more card ♦7
Bot get one more card ♥8
Player point: 13, Bot point: 24
Player win! Money: 1809.0
========================
Round #947
Player cards: [♣4, ♠8], Bot cards:[♥5, ♥8]
Player points: [12, 12], Bot points:[13, 13]
Bot get one more card ♥2
Bot get one more card ♦2
Player point: 12, Bot point: 17
Player lose! Money: 1788.0
========================
Round #948
Player cards: [♣T, ♠J], Bot cards:[♦3, ♠4]
Player points: [20, 20], Bot points:[7, 7]
Bot get one more card ♠5
Bot get one more card ♣K
Player point: 20, Bot point: 22
Player win! Money: 1807.0
========================
Round #949
Player cards: [♠5, ♦J], Bot cards:[♦4, ♦4]
Player points: [15, 15], Bot points:[8, 8]
Bot get one more card ♦J
Player point: 15, Bot point: 18
Player lose! Money: 1786.0
========================
Round #950
Player cards: [♣2, ♥Q], Bot cards:[♥7, ♠9]
Player points: [12, 12], Bot points:[16, 16]
Player get one more card ♠A
Player get one more card ♥3
Player get one more card ♥A
Bot get one more card ♦3
Player point: 17, Bot point: 19
Player lose! Money: 1765.0
========================
Round #951
Player cards: [♣3, ♣T], Bot cards:[♣5, ♣A]
Player points: [13, 13], Bot points:[6, 16]
Bot get one more card ♣5
Bot get one more card ♦9
Player point: 13, Bot point: 20
Player lose! Money: 1744.0
========================
Round #952
Player cards: [♥8, ♣J], Bot cards:[♠6, ♦Q]
Player points: [18, 18], Bot points:[16, 16]
Bot get one more card ♥3
Player point: 18, Bot point: 19
Player lose! Money: 1723.0
========================
Round #953
Player cards: [♣5, ♥A], Bot cards:[♠T, ♦Q]
Player points: [6, 16], Bot points:[20, 20]
Player get one more card ♦T
Player get one more card ♦9
Player point: 25, Bot point: 20
Player lose! Money: 1702.0
========================
Round #954
Player cards: [♦2, ♠4], Bot cards:[♣7, ♥8]
Player points: [6, 6], Bot points:[15, 15]
Player get one more card ♥K
Player get one more card ♥A
Bot get one more card ♥9
Player point: 17, Bot point: 24
Player win! Money: 1721.0
========================
Round #955
Player cards: [♣8, ♥T], Bot cards:[♠8, ♥Q]
Player points: [18, 18], Bot points:[18, 18]
Player point: 18, Bot point: 18
Draw! Money:1720.0
========================
Round #956
Player cards: [♥6, ♠A], Bot cards:[♠J, ♥K]
Player points: [7, 17], Bot points:[20, 20]
Player point: 17, Bot point: 20
Player lose! Money: 1699.0
========================
Round #957
Player cards: [♠2, ♦3], Bot cards:[♠7, ♦A]
Player points: [5, 5], Bot points:[8, 18]
Player get one more card ♣2
Player get one more card ♠Q
Bot get one more card ♣8
Bot get one more card ♥9
Player point: 17, Bot point: 25
Player win! Money: 1718.0
========================
Round #958
Player cards: [♣3, ♥9], Bot cards:[♦7, ♥9]
Player points: [12, 12], Bot points:[16, 16]
Player get one more card ♣2
Player get one more card ♠A
Player get one more card ♠J
Bot get one more card ♦9
Player point: 25, Bot point: 25
Player lose! Money: 1697.0
========================
Round #959
Player cards: [♥7, ♥T], Bot cards:[♦T, ♠T]
Player points: [17, 17], Bot points:[20, 20]
Player point: 17, Bot point: 20
Player lose! Money: 1676.0
========================
Round #960
Player cards: [♦8, ♥K], Bot cards:[♥2, ♠T]
Player points: [18, 18], Bot points:[12, 12]
Bot get one more card ♦8
Player point: 18, Bot point: 20
Player lose! Money: 1655.0
========================
Round #961
Player cards: [♥J, ♣A], Bot cards:[♠6, ♣K]
Player points: [11, 21], Bot points:[16, 16]
Bot get one more card ♦J
Player point: 21, Bot point: 26
------ BlackJack!! ------
Player win! Money: 1678.0
========================
Round #962
Player cards: [♦4, ♥Q], Bot cards:[♥T, ♠A]
Player points: [14, 14], Bot points:[11, 21]
Player get one more card ♥5
Bot get one more card ♦7
Player point: 19, Bot point: 18
Player win! Money: 1697.0
========================
Round #963
Player cards: [♦T, ♠T], Bot cards:[♦8, ♥K]
Player points: [20, 20], Bot points:[18, 18]
Player point: 20, Bot point: 18
Player win! Money: 1716.0
========================
Round #964
Player cards: [♠9, ♣9], Bot cards:[♣2, ♣6]
Player points: [18, 18], Bot points:[8, 8]
-------- Split! Two hands: [13, 13], [18, 18]
For second hand:
Bot get one more card ♥2
Bot get one more card ♣7
Player point: 13, Bot point: 17
Player lose! Money: 1695.0
========================
Player point: 18, Bot point: 17
Player win! Money: 1715.0
========================
Round #965
Player cards: [♣4, ♦6], Bot cards:[♣K, ♦K]
Player points: [10, 10], Bot points:[20, 20]
Player get one more card ♣Q
Player point: 20, Bot point: 20
Draw! Money:1714.0
========================
Round #966
Player cards: [♠3, ♦K], Bot cards:[♠2, ♥7]
Player points: [13, 13], Bot points:[9, 9]
Bot get one more card ♠K
Player point: 13, Bot point: 19
Player lose! Money: 1693.0
========================
Round #967
Player cards: [♥4, ♣8], Bot cards:[♦5, ♥6]
Player points: [12, 12], Bot points:[11, 11]
Bot get one more card ♠Q
Player point: 12, Bot point: 21
Player lose! Money: 1672.0
========================
Round #968
Player cards: [♦5, ♣Q], Bot cards:[♦2, ♠6]
Player points: [15, 15], Bot points:[8, 8]
Bot get one more card ♣Q
Player point: 15, Bot point: 18
Player lose! Money: 1651.0
========================
Round #969
Player cards: [♥5, ♦7], Bot cards:[♣J, ♥Q]
Player points: [12, 12], Bot points:[20, 20]
Player get one more card ♦2
Player get one more card ♣4
Player point: 18, Bot point: 20
Player lose! Money: 1630.0
========================
Round #970
Player cards: [♠9, ♣J], Bot cards:[♠3, ♠K]
Player points: [19, 19], Bot points:[13, 13]
Bot get one more card ♠7
Player point: 19, Bot point: 20
Player lose! Money: 1609.0
========================
Round #971
Player cards: [♦9, ♥A], Bot cards:[♥5, ♦T]
Player points: [10, 20], Bot points:[15, 15]
Bot get one more card ♦5
Player point: 20, Bot point: 20
Draw! Money:1608.0
========================
Round #972
Player cards: [♥4, ♦A], Bot cards:[♥2, ♠7]
Player points: [5, 15], Bot points:[9, 9]
Bot get one more card ♠2
Bot get one more card ♣9
Player point: 15, Bot point: 20
Player lose! Money: 1587.0
========================
Round #973
Player cards: [♠5, ♠9], Bot cards:[♥J, ♣Q]
Player points: [14, 14], Bot points:[20, 20]
Player get one more card ♣6
Player point: 20, Bot point: 20
Draw! Money:1586.0
========================
Round #974
Player cards: [♦Q, ♠Q], Bot cards:[♣3, ♠K]
Player points: [20, 20], Bot points:[13, 13]
Bot get one more card ♣8
Player point: 20, Bot point: 21
Player lose! Money: 1565.0
========================
Round #975
Player cards: [♠9, ♠K], Bot cards:[♥6, ♦8]
Player points: [19, 19], Bot points:[14, 14]
Bot get one more card ♠J
Player point: 19, Bot point: 24
Player win! Money: 1584.0
========================
Round #976
Player cards: [♦5, ♠7], Bot cards:[♠2, ♠5]
Player points: [12, 12], Bot points:[7, 7]
Player get one more card ♣5
Bot get one more card ♣7
Bot get one more card ♥7
Player point: 17, Bot point: 21
Player lose! Money: 1563.0
========================
Round #977
Player cards: [♠3, ♣A], Bot cards:[♠4, ♠Q]
Player points: [4, 14], Bot points:[14, 14]
Bot get one more card ♦6
Player point: 14, Bot point: 20
Player lose! Money: 1542.0
========================
Round #978
New deck
Player cards: [♦8, ♦T], Bot cards:[♣4, ♠5]
Player points: [18, 18], Bot points:[9, 9]
Bot get one more card ♠2
Bot get one more card ♣A
Bot get one more card ♠T
Player point: 18, Bot point: 22
Player win! Money: 1561.0
========================
Round #979
Player cards: [♣T, ♣Q], Bot cards:[♥2, ♣2]
Player points: [20, 20], Bot points:[4, 4]
Bot get one more card ♥5
Bot get one more card ♠T
Player point: 20, Bot point: 19
Player win! Money: 1580.0
========================
Round #980
Player cards: [♣4, ♠A], Bot cards:[♦7, ♥Q]
Player points: [5, 15], Bot points:[17, 17]
Player get one more card ♥9
Player get one more card ♦A
Player get one more card ♣9
Player point: 24, Bot point: 17
Player lose! Money: 1559.0
========================
Round #981
Player cards: [♥8, ♥T], Bot cards:[♠4, ♦6]
Player points: [18, 18], Bot points:[10, 10]
Bot get one more card ♥K
Player point: 18, Bot point: 20
Player lose! Money: 1538.0
========================
Round #982
Player cards: [♦5, ♣A], Bot cards:[♦T, ♥J]
Player points: [6, 16], Bot points:[20, 20]
Player get one more card ♠3
Player point: 19, Bot point: 20
Player lose! Money: 1517.0
========================
Round #983
Player cards: [♣3, ♦6], Bot cards:[♠3, ♠6]
Player points: [9, 9], Bot points:[9, 9]
----- Double Bet! -----
Player get one more card ♣8
Bot get one more card ♣A
Bot get one more card ♠K
Player point: 17, Bot point: 20
Player lose! Money: 1476.0
========================
Round #984
Player cards: [♦4, ♦5], Bot cards:[♣3, ♠3]
Player points: [9, 9], Bot points:[6, 6]
----- Double Bet! -----
Player get one more card ♦8
Bot get one more card ♠5
Bot get one more card ♦J
Player point: 17, Bot point: 21
Player lose! Money: 1435.0
========================
Round #985
Player cards: [♣8, ♣J], Bot cards:[♦J, ♠Q]
Player points: [18, 18], Bot points:[20, 20]
Player point: 18, Bot point: 20
Player lose! Money: 1414.0
========================
Round #986
Player cards: [♥8, ♦8], Bot cards:[♦Q, ♣K]
Player points: [16, 16], Bot points:[20, 20]
-------- Split! Two hands: [15, 15], [9, 19]
Player get one more card ♥T
For second hand:
Player point: 25, Bot point: 20
Player lose! Money: 1393.0
========================
Player point: 19, Bot point: 20
Player lose! Money: 1373.0
========================
Round #987
Player cards: [♣2, ♣Q], Bot cards:[♥8, ♥A]
Player points: [12, 12], Bot points:[9, 19]
Player get one more card ♣T
Bot get one more card ♣K
Player point: 22, Bot point: 19
Player lose! Money: 1352.0
========================
Round #988
Player cards: [♠Q, ♠K], Bot cards:[♦2, ♦8]
Player points: [20, 20], Bot points:[10, 10]
Bot get one more card ♦3
Bot get one more card ♠3
Bot get one more card ♥3
Player point: 20, Bot point: 19
Player win! Money: 1371.0
========================
Round #989
Player cards: [♠4, ♠7], Bot cards:[♣4, ♥A]
Player points: [11, 11], Bot points:[5, 15]
----- Double Bet! -----
Player get one more card ♥7
Bot get one more card ♠K
Bot get one more card ♠T
Player point: 18, Bot point: 25
Player win! Money: 1410.0
========================
Round #990
Player cards: [♣6, ♣Q], Bot cards:[♣T, ♣A]
Player points: [16, 16], Bot points:[11, 21]
Player get one more card ♥3
Bot get one more card ♥K
Player point: 19, Bot point: 21
Player lose! Money: 1389.0
========================
Round #991
Player cards: [♦8, ♠J], Bot cards:[♣5, ♣6]
Player points: [18, 18], Bot points:[11, 11]
Bot get one more card ♠K
Player point: 18, Bot point: 21
Player lose! Money: 1368.0
========================
Round #992
Player cards: [♣2, ♥6], Bot cards:[♦6, ♦K]
Player points: [8, 8], Bot points:[16, 16]
Player get one more card ♠A
Bot get one more card ♥2
Player point: 19, Bot point: 18
Player win! Money: 1387.0
========================
Round #993
Player cards: [♣7, ♥T], Bot cards:[♦2, ♦Q]
Player points: [17, 17], Bot points:[12, 12]
Bot get one more card ♥7
Player point: 17, Bot point: 19
Player lose! Money: 1366.0
========================
Round #994
Player cards: [♥J, ♦K], Bot cards:[♥4, ♠6]
Player points: [20, 20], Bot points:[10, 10]
Bot get one more card ♣8
Player point: 20, Bot point: 18
Player win! Money: 1385.0
========================
Round #995
Player cards: [♥J, ♠Q], Bot cards:[♣4, ♦T]
Player points: [20, 20], Bot points:[14, 14]
Bot get one more card ♦K
Player point: 20, Bot point: 24
Player win! Money: 1404.0
========================
Round #996
Player cards: [♣4, ♥Q], Bot cards:[♦4, ♠J]
Player points: [14, 14], Bot points:[14, 14]
Bot get one more card ♦5
Player point: 14, Bot point: 19
Player lose! Money: 1383.0
========================
Round #997
Player cards: [♣9, ♥J], Bot cards:[♦J, ♥J]
Player points: [19, 19], Bot points:[20, 20]
Player point: 19, Bot point: 20
Player lose! Money: 1362.0
========================
Round #998
Player cards: [♠8, ♥K], Bot cards:[♥6, ♠A]
Player points: [18, 18], Bot points:[7, 17]
Bot get one more card ♦Q
Player point: 18, Bot point: 17
Player win! Money: 1381.0
========================
Round #999
Total round: 1000. Blackjack count: 40
====== Game Begin! ======
Total money: 500
Player cards: [♥2, ♥6], Bot cards:[♥J, ♥A]
Player points: [8, 8], Bot points:[11, 21]
Player get one more card ♥2
Player get one more card ♠6
Player get one more card ♥8
Bot get one more card ♥A
Bot get one more card ♥Q
Player point: 24, Bot point: 22
Player lose! Money: 480
========================
Round #0
Player cards: [♦3, ♥4], Bot cards:[♦3, ♣Q]
Player points: [7, 7], Bot points:[13, 13]
Player get one more card ♣2
Player get one more card ♣8
Bot get one more card ♦7
Player point: 17, Bot point: 20
Player lose! Money: 459
========================
Round #1
Player cards: [♥4, ♣Q], Bot cards:[♦8, ♦J]
Player points: [14, 14], Bot points:[18, 18]
Player get one more card ♣3
Player point: 17, Bot point: 18
Player lose! Money: 438
========================
Round #2
Player cards: [♠5, ♦A], Bot cards:[♦9, ♥9]
Player points: [6, 16], Bot points:[18, 18]
Player get one more card ♦2
Player point: 18, Bot point: 18
Draw! Money:437
========================
Round #3
Player cards: [♦5, ♠T], Bot cards:[♠2, ♥7]
Player points: [15, 15], Bot points:[9, 9]
Bot get one more card ♣9
Player point: 15, Bot point: 18
Player lose! Money: 416
========================
Round #4
Player cards: [♣6, ♦A], Bot cards:[♥3, ♣9]
Player points: [7, 17], Bot points:[12, 12]
Bot get one more card ♦8
Player point: 17, Bot point: 20
Player lose! Money: 395
========================
Round #5
Player cards: [♦4, ♣T], Bot cards:[♠6, ♠7]
Player points: [14, 14], Bot points:[13, 13]
Bot get one more card ♣5
Player point: 14, Bot point: 18
Player lose! Money: 374
========================
Round #6
Player cards: [♠2, ♥J], Bot cards:[♣J, ♠Q]
Player points: [12, 12], Bot points:[20, 20]
Player get one more card ♦6
Player point: 18, Bot point: 20
Player lose! Money: 353
========================
Round #7
Player cards: [♣2, ♥T], Bot cards:[♠J, ♣K]
Player points: [12, 12], Bot points:[20, 20]
Player get one more card ♣4
Player get one more card ♠Q
Player point: 26, Bot point: 20
Player lose! Money: 332
========================
Round #8
Player cards: [♠3, ♠J], Bot cards:[♣7, ♦T]
Player points: [13, 13], Bot points:[17, 17]
Player get one more card ♥A
Player get one more card ♦2
Player get one more card ♦4
Player point: 20, Bot point: 17
Player win! Money: 351
========================
Round #9
Player cards: [♣7, ♣A], Bot cards:[♥2, ♥6]
Player points: [8, 18], Bot points:[8, 8]
Bot get one more card ♥3
Bot get one more card ♣3
Bot get one more card ♦A
Bot get one more card ♦9
Player point: 18, Bot point: 24
Player win! Money: 370
========================
Round #10
Player cards: [♠3, ♣T], Bot cards:[♠6, ♣8]
Player points: [13, 13], Bot points:[14, 14]
Bot get one more card ♠4
Player point: 13, Bot point: 18
Player lose! Money: 349
========================
Round #11
Player cards: [♥3, ♣T], Bot cards:[♥3, ♠T]
Player points: [13, 13], Bot points:[13, 13]
Bot get one more card ♠A
Bot get one more card ♥5
Player point: 13, Bot point: 19
Player lose! Money: 328
========================
Round #12
Player cards: [♠6, ♣8], Bot cards:[♥5, ♦T]
Player points: [14, 14], Bot points:[15, 15]
Bot get one more card ♠3
Player point: 14, Bot point: 18
Player lose! Money: 307
========================
Round #13
Player cards: [♥J, ♣K], Bot cards:[♥K, ♥K]
Player points: [20, 20], Bot points:[20, 20]
Player point: 20, Bot point: 20
Draw! Money:306
========================
Round #14
Player cards: [♠8, ♠9], Bot cards:[♣5, ♣A]
Player points: [17, 17], Bot points:[6, 16]
Bot get one more card ♠5
Bot get one more card ♦8
Player point: 17, Bot point: 19
Player lose! Money: 285
========================
Round #15
Player cards: [♥5, ♥8], Bot cards:[♥9, ♣J]
Player points: [13, 13], Bot points:[19, 19]
Player get one more card ♠9
Player point: 22, Bot point: 19
Player lose! Money: 264
========================
Round #16
Player cards: [♥6, ♣8], Bot cards:[♣4, ♦4]
Player points: [14, 14], Bot points:[8, 8]
Bot get one more card ♠7
Bot get one more card ♥4
Player point: 14, Bot point: 19
Player lose! Money: 243
========================
Round #17
Player cards: [♦6, ♦9], Bot cards:[♦3, ♠J]
Player points: [15, 15], Bot points:[13, 13]
Bot get one more card ♠T
Player point: 15, Bot point: 23
Player win! Money: 262
========================
Round #18
Player cards: [♦7, ♠8], Bot cards:[♥2, ♦Q]
Player points: [15, 15], Bot points:[12, 12]
Bot get one more card ♣Q
Player point: 15, Bot point: 22
Player win! Money: 281
========================
Round #19
Player cards: [♣5, ♦K], Bot cards:[♠2, ♠5]
Player points: [15, 15], Bot points:[7, 7]
Bot get one more card ♠K
Player point: 15, Bot point: 17
Player lose! Money: 260
========================
Round #20
Player cards: [♣2, ♦T], Bot cards:[♣5, ♣K]
Player points: [12, 12], Bot points:[15, 15]
Bot get one more card ♣7
Player point: 12, Bot point: 22
Player win! Money: 279
========================
Round #21
Player cards: [♣6, ♥T], Bot cards:[♣K, ♦K]
Player points: [16, 16], Bot points:[20, 20]
Player get one more card ♥6
Player point: 22, Bot point: 20
Player lose! Money: 258
========================
Round #22
Player cards: [♣4, ♠5], Bot cards:[♥7, ♥A]
Player points: [9, 9], Bot points:[8, 18]
Player get one more card ♦5
Player get one more card ♣J
Bot get one more card ♦Q
Player point: 24, Bot point: 18
Player lose! Money: 237
========================
Round #23
Player cards: [♣J, ♠Q], Bot cards:[♠7, ♦J]
Player points: [20, 20], Bot points:[17, 17]
Player point: 20, Bot point: 17
Player win! Money: 256
========================
Round #24
Player cards: [♦2, ♣6], Bot cards:[♦6, ♣A]
Player points: [8, 8], Bot points:[7, 17]
Player get one more card ♥J
Bot get one more card ♣A
Bot get one more card ♠Q
Player point: 18, Bot point: 18
Draw! Money:255
========================
Round #25
Player cards: [♦5, ♣6], Bot cards:[♦J, ♠K]
Player points: [11, 11], Bot points:[20, 20]
----- Double Bet! -----
Player get one more card ♦J
Player point: 21, Bot point: 20
Player win! Money: 294
========================
Round #26
Player cards: [♥Q, ♠A], Bot cards:[♠8, ♣9]
Player points: [11, 21], Bot points:[17, 17]
Player point: 21, Bot point: 17
------ BlackJack!! ------
Player win! Money: 317.0
========================
Round #27
Player cards: [♣4, ♥9], Bot cards:[♣3, ♦9]
Player points: [13, 13], Bot points:[12, 12]
Bot get one more card ♦4
Bot get one more card ♦K
Player point: 13, Bot point: 26
Player win! Money: 336.0
========================
Round #28
Player cards: [♣3, ♠A], Bot cards:[♥Q, ♠K]
Player points: [4, 14], Bot points:[20, 20]
Player get one more card ♠2
Player get one more card ♦Q
Player get one more card ♥K
Player point: 26, Bot point: 20
Player lose! Money: 315.0
========================
Round #29
Player cards: [♥5, ♠J], Bot cards:[♦5, ♠T]
Player points: [15, 15], Bot points:[15, 15]
Bot get one more card ♦Q
Player point: 15, Bot point: 25
Player win! Money: 334.0
========================
Round #30
Player cards: [♥T, ♠K], Bot cards:[♣2, ♣7]
Player points: [20, 20], Bot points:[9, 9]
Bot get one more card ♣9
Player point: 20, Bot point: 18
Player win! Money: 353.0
========================
Round #31
Player cards: [♦3, ♥7], Bot cards:[♦8, ♥8]
Player points: [10, 10], Bot points:[16, 16]
----- Double Bet! -----
Player get one more card ♥4
Bot get one more card ♦A
Player point: 14, Bot point: 17
Player lose! Money: 312.0
========================
Round #32
Player cards: [♠4, ♥7], Bot cards:[♠3, ♥9]
Player points: [11, 11], Bot points:[12, 12]
----- Double Bet! -----
Player get one more card ♠4
Bot get one more card ♣T
Player point: 15, Bot point: 22
Player win! Money: 351.0
========================
Round #33
Player cards: [♠8, ♥T], Bot cards:[♠4, ♦T]
Player points: [18, 18], Bot points:[14, 14]
Bot get one more card ♦7
Player point: 18, Bot point: 21
Player lose! Money: 330.0
========================
Round #34
Player cards: [♥8, ♥Q], Bot cards:[♠7, ♠9]
Player points: [18, 18], Bot points:[16, 16]
Bot get one more card ♠9
Player point: 18, Bot point: 25
Player win! Money: 349.0
========================
Round #35
New deck
Player cards: [♠5, ♣7], Bot cards:[♣K, ♥A]
Player points: [12, 12], Bot points:[11, 21]
Player get one more card ♣4
Player get one more card ♣6
Bot get one more card ♠A
Bot get one more card ♦3
Bot get one more card ♠T
Player point: 22, Bot point: 25
Player lose! Money: 328.0
========================
Round #36
Player cards: [♠2, ♥7], Bot cards:[♦Q, ♥K]
Player points: [9, 9], Bot points:[20, 20]
Player get one more card ♣7
Player get one more card ♦2
Player point: 18, Bot point: 20
Player lose! Money: 307.0
========================
Round #37
Player cards: [♥8, ♣A], Bot cards:[♣8, ♥J]
Player points: [9, 19], Bot points:[18, 18]
Player point: 19, Bot point: 18
Player win! Money: 326.0
========================
Round #38
Player cards: [♣2, ♠7], Bot cards:[♦4, ♠A]
Player points: [9, 9], Bot points:[5, 15]
----- Double Bet! -----
Player get one more card ♦9
Bot get one more card ♣9
Bot get one more card ♦8
Player point: 18, Bot point: 22
Player win! Money: 365.0
========================
Round #39
Player cards: [♠Q, ♥K], Bot cards:[♦Q, ♠A]
Player points: [20, 20], Bot points:[11, 21]
Bot get one more card ♥6
Player point: 20, Bot point: 17
Player win! Money: 384.0
========================
Round #40
Player cards: [♥6, ♣K], Bot cards:[♠Q, ♣A]
Player points: [16, 16], Bot points:[11, 21]
Player get one more card ♥9
Bot get one more card ♣Q
Player point: 25, Bot point: 21
Player lose! Money: 363.0
========================
Round #41
Player cards: [♠5, ♣T], Bot cards:[♥3, ♦3]
Player points: [15, 15], Bot points:[6, 6]
Bot get one more card ♣T
Bot get one more card ♠K
Player point: 15, Bot point: 26
Player win! Money: 382.0
========================
Round #42
Player cards: [♣4, ♦9], Bot cards:[♠J, ♣Q]
Player points: [13, 13], Bot points:[20, 20]
Player get one more card ♥8
Player point: 21, Bot point: 20
Player win! Money: 401.0
========================
Round #43
Player cards: [♣3, ♦T], Bot cards:[♥3, ♦T]
Player points: [13, 13], Bot points:[13, 13]
Bot get one more card ♣Q
Player point: 13, Bot point: 23
Player win! Money: 420.0
========================
Round #44
Player cards: [♦4, ♦6], Bot cards:[♦2, ♣J]
Player points: [10, 10], Bot points:[12, 12]
----- Double Bet! -----
Player get one more card ♠7
Bot get one more card ♥9
Player point: 17, Bot point: 21
Player lose! Money: 379.0
========================
Round #45
Player cards: [♥J, ♠K], Bot cards:[♣J, ♥K]
Player points: [20, 20], Bot points:[20, 20]
Player point: 20, Bot point: 20
Draw! Money:378.0
========================
Round #46
Player cards: [♠Q, ♠K], Bot cards:[♣6, ♠J]
Player points: [20, 20], Bot points:[16, 16]
Bot get one more card ♥4
Player point: 20, Bot point: 20
Draw! Money:377.0
========================
Round #47
Player cards: [♠9, ♦A], Bot cards:[♥4, ♦A]
Player points: [10, 20], Bot points:[5, 15]
Bot get one more card ♠7
Bot get one more card ♠4
Bot get one more card ♣K
Player point: 20, Bot point: 26
Player win! Money: 396.0
========================
Round #48
Player cards: [♠3, ♦Q], Bot cards:[♥2, ♠9]
Player points: [13, 13], Bot points:[11, 11]
Bot get one more card ♦K
Player point: 13, Bot point: 21
Player lose! Money: 375.0
========================
Round #49
Player cards: [♠2, ♦8], Bot cards:[♣J, ♦A]
Player points: [10, 10], Bot points:[11, 21]
Player get one more card ♦6
Player get one more card ♣7
Bot get one more card ♣7
Player point: 23, Bot point: 18
Player lose! Money: 354.0
========================
Round #50
Player cards: [♦5, ♠6], Bot cards:[♠4, ♣T]
Player points: [11, 11], Bot points:[14, 14]
----- Double Bet! -----
Player get one more card ♥5
Bot get one more card ♦8
Player point: 16, Bot point: 22
Player win! Money: 393.0
========================
Round #51
Player cards: [♦T, ♣J], Bot cards:[♠2, ♦7]
Player points: [20, 20], Bot points:[9, 9]
Bot get one more card ♣8
Player point: 20, Bot point: 17
Player win! Money: 412.0
========================
Round #52
Player cards: [♥3, ♣8], Bot cards:[♦4, ♥7]
Player points: [11, 11], Bot points:[11, 11]
----- Double Bet! -----
Player get one more card ♥8
Bot get one more card ♣Q
Player point: 19, Bot point: 21
Player lose! Money: 371.0
========================
Round #53
Player cards: [♠8, ♥Q], Bot cards:[♥9, ♥Q]
Player points: [18, 18], Bot points:[19, 19]
Player point: 18, Bot point: 19
Player lose! Money: 350.0
========================
Round #54
Player cards: [♣6, ♥7], Bot cards:[♥3, ♥5]
Player points: [13, 13], Bot points:[8, 8]
Bot get one more card ♠8
Bot get one more card ♦5
Player point: 13, Bot point: 21
Player lose! Money: 329.0
========================
Round #55
Player cards: [♣2, ♦7], Bot cards:[♦J, ♣A]
Player points: [9, 9], Bot points:[11, 21]
Player get one more card ♥T
Bot get one more card ♥5
Bot get one more card ♠6
Player point: 19, Bot point: 22
Player win! Money: 348.0
========================
Round #56
Player cards: [♦9, ♠T], Bot cards:[♠7, ♠K]
Player points: [19, 19], Bot points:[17, 17]
Player point: 19, Bot point: 17
Player win! Money: 367.0
========================
Round #57
Player cards: [♠2, ♦A], Bot cards:[♦3, ♣9]
Player points: [3, 13], Bot points:[12, 12]
Bot get one more card ♦J
Player point: 13, Bot point: 22
Player win! Money: 386.0
========================
Round #58
Player cards: [♥4, ♠6], Bot cards:[♦6, ♦7]
Player points: [10, 10], Bot points:[13, 13]
----- Double Bet! -----
Player get one more card ♦K
Bot get one more card ♠T
Player point: 20, Bot point: 23
Player win! Money: 425.0
========================
Round #59
Player cards: [♥2, ♠A], Bot cards:[♣4, ♥J]
Player points: [3, 13], Bot points:[14, 14]
Bot get one more card ♣8
Player point: 13, Bot point: 22
Player win! Money: 444.0
========================
Round #60
Player cards: [♠4, ♣6], Bot cards:[♣3, ♣9]
Player points: [10, 10], Bot points:[12, 12]
----- Double Bet! -----
Player get one more card ♠3
Bot get one more card ♥A
Bot get one more card ♦5
Player point: 13, Bot point: 18
Player lose! Money: 403.0
========================
Round #61
Player cards: [♥Q, ♥K], Bot cards:[♠6, ♥Q]
Player points: [20, 20], Bot points:[16, 16]
Bot get one more card ♠J
Player point: 20, Bot point: 26
Player win! Money: 422.0
========================
Round #62
Player cards: [♥4, ♦7], Bot cards:[♠3, ♥9]
Player points: [11, 11], Bot points:[12, 12]
----- Double Bet! -----
Player get one more card ♥T
Bot get one more card ♣5
Player point: 21, Bot point: 17
Player win! Money: 461.0
========================
Round #63
Player cards: [♥T, ♥A], Bot cards:[♠8, ♠J]
Player points: [11, 21], Bot points:[18, 18]
Player point: 21, Bot point: 18
------ BlackJack!! ------
Player win! Money: 484.0
========================
Round #64
Player cards: [♥2, ♣Q], Bot cards:[♠3, ♦6]
Player points: [12, 12], Bot points:[9, 9]
Player get one more card ♥J
Bot get one more card ♥T
Player point: 22, Bot point: 19
Player lose! Money: 463.0
========================
Round #65
Player cards: [♦7, ♦8], Bot cards:[♣2, ♣3]
Player points: [15, 15], Bot points:[5, 5]
Bot get one more card ♠9
Bot get one more card ♥2
Bot get one more card ♥K
Player point: 15, Bot point: 26
Player win! Money: 482.0
========================
Round #66
Player cards: [♣5, ♦J], Bot cards:[♣5, ♥7]
Player points: [15, 15], Bot points:[12, 12]
Bot get one more card ♣5
Player point: 15, Bot point: 17
Player lose! Money: 461.0
========================
Round #67
Player cards: [♥6, ♥A], Bot cards:[♣2, ♥6]
Player points: [7, 17], Bot points:[8, 8]
Bot get one more card ♠4
Bot get one more card ♠A
Bot get one more card ♦T
Player point: 17, Bot point: 23
Player win! Money: 480.0
========================
Round #68
Player cards: [♦2, ♦2], Bot cards:[♣3, ♠Q]
Player points: [4, 4], Bot points:[13, 13]
Player get one more card ♠8
Player get one more card ♦6
Bot get one more card ♦Q
Player point: 18, Bot point: 23
Player win! Money: 499.0
========================
Round #69
Player cards: [♦4, ♦K], Bot cards:[♠5, ♣T]
Player points: [14, 14], Bot points:[15, 15]
Bot get one more card ♣9
Player point: 14, Bot point: 24
Player win! Money: 518.0
========================
Round #70
Player cards: [♦2, ♦K], Bot cards:[♠5, ♠9]
Player points: [12, 12], Bot points:[14, 14]
Bot get one more card ♥5
Player point: 12, Bot point: 19
Player lose! Money: 497.0
========================
Round #71
Player cards: [♦3, ♦J], Bot cards:[♦9, ♣A]
Player points: [13, 13], Bot points:[10, 20]
Player get one more card ♣K
Bot get one more card ♦K
Player point: 23, Bot point: 20
Player lose! Money: 476.0
========================
Round #72
New deck
Player cards: [♦2, ♦7], Bot cards:[♦J, ♥K]
Player points: [9, 9], Bot points:[20, 20]
Player get one more card ♦4
Player get one more card ♥7
Player point: 20, Bot point: 20
Draw! Money:475.0
========================
Round #73
Player cards: [♠J, ♠Q], Bot cards:[♦6, ♣A]
Player points: [20, 20], Bot points:[7, 17]
Bot get one more card ♦7
Bot get one more card ♦K
Player point: 20, Bot point: 24
Player win! Money: 494.0
========================
Round #74
Player cards: [♣3, ♥A], Bot cards:[♦3, ♣5]
Player points: [4, 14], Bot points:[8, 8]
Bot get one more card ♠5
Bot get one more card ♣T
Player point: 14, Bot point: 23
Player win! Money: 513.0
========================
Round #75
Player cards: [♦J, ♣J], Bot cards:[♦3, ♦K]
Player points: [20, 20], Bot points:[13, 13]
Bot get one more card ♣6
Player point: 20, Bot point: 19
Player win! Money: 532.0
========================
Round #76
Player cards: [♥8, ♠T], Bot cards:[♦T, ♦K]
Player points: [18, 18], Bot points:[20, 20]
Player point: 18, Bot point: 20
Player lose! Money: 511.0
========================
Round #77
Player cards: [♦6, ♦6], Bot cards:[♦3, ♥K]
Player points: [12, 12], Bot points:[13, 13]
-------- Split! Two hands: [16, 16], [13, 13]
For second hand:
Bot get one more card ♦8
Player point: 16, Bot point: 21
Player lose! Money: 490.0
========================
Player point: 13, Bot point: 21
Player lose! Money: 470.0
========================
Round #78
Player cards: [♣4, ♥8], Bot cards:[♦8, ♣A]
Player points: [12, 12], Bot points:[9, 19]
Player get one more card ♠T
Bot get one more card ♠J
Player point: 22, Bot point: 19
Player lose! Money: 449.0
========================
Round #79
Player cards: [♦5, ♦7], Bot cards:[♣6, ♥9]
Player points: [12, 12], Bot points:[15, 15]
Bot get one more card ♠K
Player point: 12, Bot point: 25
Player win! Money: 468.0
========================
Round #80
Player cards: [♣3, ♥4], Bot cards:[♥2, ♠Q]
Player points: [7, 7], Bot points:[12, 12]
Player get one more card ♠7
Bot get one more card ♣K
Player point: 14, Bot point: 22
Player win! Money: 487.0
========================
Round #81
Player cards: [♠7, ♥K], Bot cards:[♥T, ♥A]
Player points: [17, 17], Bot points:[11, 21]
Bot get one more card ♥7
Player point: 17, Bot point: 18
Player lose! Money: 466.0
========================
Round #82
Player cards: [♠6, ♣T], Bot cards:[♣2, ♥8]
Player points: [16, 16], Bot points:[10, 10]
Bot get one more card ♦2
Bot get one more card ♦9
Player point: 16, Bot point: 21
Player lose! Money: 445.0
========================
Round #83
Player cards: [♠2, ♦5], Bot cards:[♥4, ♦A]
Player points: [7, 7], Bot points:[5, 15]
Player get one more card ♥5
Bot get one more card ♦T
Bot get one more card ♠9
Player point: 12, Bot point: 24
Player win! Money: 464.0
========================
Round #84
Player cards: [♥6, ♦9], Bot cards:[♥6, ♥8]
Player points: [15, 15], Bot points:[14, 14]
Bot get one more card ♥3
Player point: 15, Bot point: 17
Player lose! Money: 443.0
========================
Round #85
Player cards: [♥2, ♥T], Bot cards:[♠J, ♥Q]
Player points: [12, 12], Bot points:[20, 20]
Player get one more card ♥A
Player get one more card ♦J
Player point: 23, Bot point: 20
Player lose! Money: 422.0
========================
Round #86
Player cards: [♥4, ♠5], Bot cards:[♠6, ♦8]
Player points: [9, 9], Bot points:[14, 14]
----- Double Bet! -----
Player get one more card ♠4
Bot get one more card ♠Q
Player point: 13, Bot point: 24
Player win! Money: 461.0
========================
Round #87
Player cards: [♥3, ♣5], Bot cards:[♣Q, ♦A]
Player points: [8, 8], Bot points:[11, 21]
Player get one more card ♣4
Player get one more card ♣8
Bot get one more card ♣5
Bot get one more card ♣8
Player point: 20, Bot point: 24
Player win! Money: 480.0
========================
Round #88
Player cards: [♠3, ♣Q], Bot cards:[♠8, ♠9]
Player points: [13, 13], Bot points:[17, 17]
Player get one more card ♣3
Player get one more card ♥A
Player point: 17, Bot point: 17
Draw! Money:479.0
========================
Round #89
Player cards: [♣4, ♦7], Bot cards:[♦2, ♥J]
Player points: [11, 11], Bot points:[12, 12]
----- Double Bet! -----
Player get one more card ♠5
Bot get one more card ♣A
Bot get one more card ♠3
Bot get one more card ♠8
Player point: 16, Bot point: 24
Player win! Money: 518.0
========================
Round #90
Player cards: [♠T, ♣K], Bot cards:[♣3, ♣T]
Player points: [20, 20], Bot points:[13, 13]
Bot get one more card ♣5
Player point: 20, Bot point: 18
Player win! Money: 537.0
========================
Round #91
Player cards: [♣2, ♥3], Bot cards:[♦2, ♥5]
Player points: [5, 5], Bot points:[7, 7]
Player get one more card ♦K
Bot get one more card ♦Q
Player point: 15, Bot point: 17
Player lose! Money: 516.0
========================
Round #92
Player cards: [♥3, ♣K], Bot cards:[♥5, ♠A]
Player points: [13, 13], Bot points:[6, 16]
Bot get one more card ♥J
Bot get one more card ♠4
Player point: 13, Bot point: 20
Player lose! Money: 495.0
========================
Round #93
Player cards: [♥5, ♥6], Bot cards:[♠7, ♥9]
Player points: [11, 11], Bot points:[16, 16]
----- Double Bet! -----
Player get one more card ♦6
Bot get one more card ♠2
Player point: 17, Bot point: 18
Player lose! Money: 454.0
========================
Round #94
Player cards: [♥9, ♠K], Bot cards:[♥2, ♦5]
Player points: [19, 19], Bot points:[7, 7]
Bot get one more card ♣9
Bot get one more card ♠9
Player point: 19, Bot point: 25
Player win! Money: 473.0
========================
Round #95
Player cards: [♠T, ♠J], Bot cards:[♣T, ♥Q]
Player points: [20, 20], Bot points:[20, 20]
Player point: 20, Bot point: 20
Draw! Money:472.0
========================
Round #96
Player cards: [♦8, ♠K], Bot cards:[♠8, ♣A]
Player points: [18, 18], Bot points:[9, 19]
Bot get one more card ♣7
Bot get one more card ♣9
Player point: 18, Bot point: 25
Player win! Money: 491.0
========================
Round #97
Player cards: [♦5, ♦Q], Bot cards:[♦9, ♣Q]
Player points: [15, 15], Bot points:[19, 19]
Player get one more card ♣J
Player point: 25, Bot point: 19
Player lose! Money: 470.0
========================
Round #98
Player cards: [♣6, ♥Q], Bot cards:[♠2, ♣2]
Player points: [16, 16], Bot points:[4, 4]
Bot get one more card ♣Q
Bot get one more card ♥7
Player point: 16, Bot point: 21
Player lose! Money: 449.0
========================
Round #99
Player cards: [♣2, ♣J], Bot cards:[♥4, ♦9]
Player points: [12, 12], Bot points:[13, 13]
Bot get one more card ♦J
Player point: 12, Bot point: 23
Player win! Money: 468.0
========================
Round #100
Player cards: [♣9, ♥Q], Bot cards:[♥7, ♣8]
Player points: [19, 19], Bot points:[15, 15]
Bot get one more card ♦4
Player point: 19, Bot point: 19
Draw! Money:467.0
========================
Round #101
Player cards: [♣4, ♥T], Bot cards:[♣8, ♦T]
Player points: [14, 14], Bot points:[18, 18]
Player get one more card ♠A
Player get one more card ♥J
Player point: 25, Bot point: 18
Player lose! Money: 446.0
========================
Round #102
Player cards: [♣7, ♣9], Bot cards:[♠K, ♠A]
Player points: [16, 16], Bot points:[11, 21]
Player get one more card ♦5
Bot get one more card ♠3
Bot get one more card ♦Q
Player point: 21, Bot point: 24
Player win! Money: 465.0
========================
Round #103
Player cards: [♥8, ♥9], Bot cards:[♠6, ♦Q]
Player points: [17, 17], Bot points:[16, 16]
Bot get one more card ♦3
Player point: 17, Bot point: 19
Player lose! Money: 444.0
========================
Round #104
Player cards: [♠8, ♦A], Bot cards:[♣J, ♥K]
Player points: [9, 19], Bot points:[20, 20]
Player point: 19, Bot point: 20
Player lose! Money: 423.0
========================
Round #105
Player cards: [♥2, ♦A], Bot cards:[♠5, ♠Q]
Player points: [3, 13], Bot points:[15, 15]
Bot get one more card ♠4
Player point: 13, Bot point: 19
Player lose! Money: 402.0
========================
Round #106
Player cards: [♠7, ♦T], Bot cards:[♦4, ♣K]
Player points: [17, 17], Bot points:[14, 14]
Bot get one more card ♠A
Bot get one more card ♠T
Player point: 17, Bot point: 25
Player win! Money: 421.0
========================
Round #107
Player cards: [♣7, ♠9], Bot cards:[♦4, ♠4]
Player points: [16, 16], Bot points:[8, 8]
Bot get one more card ♣6
Bot get one more card ♠3
Player point: 16, Bot point: 17
Player lose! Money: 400.0
========================
Round #108
New deck
Player cards: [♠2, ♣K], Bot cards:[♠6, ♣8]
Player points: [12, 12], Bot points:[14, 14]
Bot get one more card ♦6
Player point: 12, Bot point: 20
Player lose! Money: 379.0
========================
Round #109
Player cards: [♥8, ♣A], Bot cards:[♣8, ♣Q]
Player points: [9, 19], Bot points:[18, 18]
Player point: 19, Bot point: 18
Player win! Money: 398.0
========================
Round #110
Player cards: [♣7, ♠Q], Bot cards:[♣6, ♠T]
Player points: [17, 17], Bot points:[16, 16]
Bot get one more card ♠6
Player point: 17, Bot point: 22
Player win! Money: 417.0
========================
Round #111
Player cards: [♥5, ♦Q], Bot cards:[♦3, ♦K]
Player points: [15, 15], Bot points:[13, 13]
Bot get one more card ♠2
Bot get one more card ♦7
Player point: 15, Bot point: 22
Player win! Money: 436.0
========================
Round #112
Player cards: [♠2, ♣4], Bot cards:[♦6, ♦K]
Player points: [6, 6], Bot points:[16, 16]
Player get one more card ♣8
Bot get one more card ♦4
Player point: 14, Bot point: 20
Player lose! Money: 415.0
========================
Round #113
Player cards: [♦6, ♠6], Bot cards:[♠J, ♠K]
Player points: [12, 12], Bot points:[20, 20]
Player get one more card ♥2
Player get one more card ♠7
Player point: 21, Bot point: 20
Player win! Money: 434.0
========================
Round #114
Player cards: [♠4, ♥A], Bot cards:[♥6, ♥9]
Player points: [5, 15], Bot points:[15, 15]
Bot get one more card ♣J
Player point: 15, Bot point: 25
Player win! Money: 453.0
========================
Round #115
Player cards: [♦9, ♣T], Bot cards:[♠2, ♣Q]
Player points: [19, 19], Bot points:[12, 12]
Bot get one more card ♣4
Bot get one more card ♣T
Player point: 19, Bot point: 26
Player win! Money: 472.0
========================
Round #116
Player cards: [♠3, ♠T], Bot cards:[♠4, ♣5]
Player points: [13, 13], Bot points:[9, 9]
Bot get one more card ♠T
Player point: 13, Bot point: 19
Player lose! Money: 451.0
========================
Round #117
Player cards: [♣2, ♣8], Bot cards:[♦3, ♦4]
Player points: [10, 10], Bot points:[7, 7]
----- Double Bet! -----
Player get one more card ♠8
Bot get one more card ♥K
Player point: 18, Bot point: 17
Player win! Money: 490.0
========================
Round #118
Player cards: [♦5, ♠5], Bot cards:[♣7, ♠Q]
Player points: [10, 10], Bot points:[17, 17]
----- Double Bet! -----
Player get one more card ♠Q
Player point: 20, Bot point: 17
Player win! Money: 529.0
========================
Round #119
Player cards: [♣2, ♠8], Bot cards:[♠9, ♣A]
Player points: [10, 10], Bot points:[10, 20]
----- Double Bet! -----
Player get one more card ♥T
Bot get one more card ♦T
Player point: 20, Bot point: 20
Draw! Money:528.0
========================
Round #120
Player cards: [♠2, ♣A], Bot cards:[♥4, ♠9]
Player points: [3, 13], Bot points:[13, 13]
Bot get one more card ♥6
Player point: 13, Bot point: 19
Player lose! Money: 507.0
========================
Round #121
Player cards: [♠J, ♦J], Bot cards:[♥8, ♠A]
Player points: [20, 20], Bot points:[9, 19]
Bot get one more card ♥J
Player point: 20, Bot point: 19
Player win! Money: 526.0
========================
Round #122
Player cards: [♠T, ♣K], Bot cards:[♣7, ♥T]
Player points: [20, 20], Bot points:[17, 17]
Player point: 20, Bot point: 17
Player win! Money: 545.0
========================
Round #123
Player cards: [♥Q, ♣Q], Bot cards:[♠7, ♥T]
Player points: [20, 20], Bot points:[17, 17]
Player point: 20, Bot point: 17
Player win! Money: 564.0
========================
Round #124
Player cards: [♥4, ♠J], Bot cards:[♣4, ♣K]
Player points: [14, 14], Bot points:[14, 14]
Bot get one more card ♥6
Player point: 14, Bot point: 20
Player lose! Money: 543.0
========================
Round #125
Player cards: [♠5, ♥5], Bot cards:[♦5, ♣Q]
Player points: [10, 10], Bot points:[15, 15]
----- Double Bet! -----
Player get one more card ♦9
Bot get one more card ♥3
Player point: 19, Bot point: 18
Player win! Money: 582.0
========================
Round #126
Player cards: [♠4, ♥4], Bot cards:[♦2, ♣7]
Player points: [8, 8], Bot points:[9, 9]
Player get one more card ♥K
Bot get one more card ♠A
Bot get one more card ♦6
Bot get one more card ♦8
Player point: 18, Bot point: 24
Player win! Money: 601.0
========================
Round #127
Player cards: [♥2, ♠K], Bot cards:[♠K, ♥K]
Player points: [12, 12], Bot points:[20, 20]
Player get one more card ♣5
Player point: 17, Bot point: 20
Player lose! Money: 580.0
========================
Round #128
Player cards: [♦7, ♠8], Bot cards:[♦A, ♦A]
Player points: [15, 15], Bot points:[2, 12]
Player get one more card ♣T
Bot get one more card ♦2
Bot get one more card ♦Q
Bot get one more card ♠9
Player point: 25, Bot point: 23
Player lose! Money: 559.0
========================
Round #129
Player cards: [♣5, ♦8], Bot cards:[♠6, ♥T]
Player points: [13, 13], Bot points:[16, 16]
Bot get one more card ♦T
Player point: 13, Bot point: 26
Player win! Money: 578.0
========================
Round #130
Player cards: [♥3, ♣T], Bot cards:[♣3, ♦J]
Player points: [13, 13], Bot points:[13, 13]
Bot get one more card ♣J
Player point: 13, Bot point: 23
Player win! Money: 597.0
========================
Round #131
Player cards: [♥Q, ♣A], Bot cards:[♣J, ♥A]
Player points: [11, 21], Bot points:[11, 21]
Bot get one more card ♣9
Player point: 21, Bot point: 20
------ BlackJack!! ------
Player win! Money: 620.0
========================
Round #132
Player cards: [♦2, ♦3], Bot cards:[♥9, ♦T]
Player points: [5, 5], Bot points:[19, 19]
Player get one more card ♠6
Player get one more card ♣6
Player point: 17, Bot point: 19
Player lose! Money: 599.0
========================
Round #133
Player cards: [♥5, ♥Q], Bot cards:[♥3, ♠5]
Player points: [15, 15], Bot points:[8, 8]
Bot get one more card ♣9
Player point: 15, Bot point: 17
Player lose! Money: 578.0
========================
Round #134
Player cards: [♣J, ♦K], Bot cards:[♥8, ♥9]
Player points: [20, 20], Bot points:[17, 17]
Player point: 20, Bot point: 17
Player win! Money: 597.0
========================
Round #135
Player cards: [♠J, ♥A], Bot cards:[♦Q, ♠Q]
Player points: [11, 21], Bot points:[20, 20]
Player point: 21, Bot point: 20
------ BlackJack!! ------
Player win! Money: 620.0
========================
Round #136
Player cards: [♥3, ♣5], Bot cards:[♦5, ♣K]
Player points: [8, 8], Bot points:[15, 15]
Player get one more card ♦2
Player get one more card ♦A
Bot get one more card ♠A
Bot get one more card ♥2
Player point: 21, Bot point: 18
Player win! Money: 639.0
========================
Round #137
Player cards: [♥2, ♠7], Bot cards:[♦T, ♦K]
Player points: [9, 9], Bot points:[20, 20]
Player get one more card ♠9
Player point: 18, Bot point: 20
Player lose! Money: 618.0
========================
Round #138
Player cards: [♥6, ♥7], Bot cards:[♦4, ♥J]
Player points: [13, 13], Bot points:[14, 14]
Bot get one more card ♣4
Player point: 13, Bot point: 18
Player lose! Money: 597.0
========================
Round #139
Player cards: [♦3, ♥Q], Bot cards:[♦9, ♥T]
Player points: [13, 13], Bot points:[19, 19]
Player get one more card ♥A
Player get one more card ♦A
Player get one more card ♥7
Player point: 22, Bot point: 19
Player lose! Money: 576.0
========================
Round #140
Player cards: [♣3, ♠8], Bot cards:[♥5, ♦8]
Player points: [11, 11], Bot points:[13, 13]
----- Double Bet! -----
Player get one more card ♣2
Bot get one more card ♥4
Player point: 13, Bot point: 17
Player lose! Money: 535.0
========================
Round #141
Player cards: [♦7, ♠A], Bot cards:[♦J, ♠K]
Player points: [8, 18], Bot points:[20, 20]
Player point: 18, Bot point: 20
Player lose! Money: 514.0
========================
Round #142
Player cards: [♣4, ♥J], Bot cards:[♣3, ♥K]
Player points: [14, 14], Bot points:[13, 13]
Bot get one more card ♦Q
Player point: 14, Bot point: 23
Player win! Money: 533.0
========================
Round #143
Player cards: [♠5, ♣9], Bot cards:[♦4, ♦J]
Player points: [14, 14], Bot points:[14, 14]
Bot get one more card ♥J
Player point: 14, Bot point: 24
Player win! Money: 552.0
========================
Round #144
Player cards: [♣2, ♦9], Bot cards:[♠3, ♦5]
Player points: [11, 11], Bot points:[8, 8]
----- Double Bet! -----
Player get one more card ♠7
Bot get one more card ♣3
Bot get one more card ♣6
Player point: 18, Bot point: 17
Player win! Money: 591.0
========================
Round #145
Player cards: [♠3, ♥8], Bot cards:[♦7, ♥9]
Player points: [11, 11], Bot points:[16, 16]
----- Double Bet! -----
Player get one more card ♣9
Bot get one more card ♣6
Player point: 20, Bot point: 22
Player win! Money: 630.0
========================
Round #146
New deck
Player cards: [♣8, ♠A], Bot cards:[♣K, ♦K]
Player points: [9, 19], Bot points:[20, 20]
Player point: 19, Bot point: 20
Player lose! Money: 609.0
========================
Round #147
Player cards: [♣6, ♦T], Bot cards:[♦7, ♥7]
Player points: [16, 16], Bot points:[14, 14]
Player get one more card ♦K
Bot get one more card ♦2
Bot get one more card ♠9
Player point: 26, Bot point: 25
Player lose! Money: 588.0
========================
Round #148
Player cards: [♦5, ♣8], Bot cards:[♣Q, ♥K]
Player points: [13, 13], Bot points:[20, 20]
Player get one more card ♥9
Player point: 22, Bot point: 20
Player lose! Money: 567.0
========================
Round #149
Player cards: [♣4, ♦8], Bot cards:[♥3, ♦Q]
Player points: [12, 12], Bot points:[13, 13]
Player get one more card ♦3
Bot get one more card ♣2
Bot get one more card ♥J
Player point: 15, Bot point: 25
Player win! Money: 586.0
========================
Round #150
Player cards: [♠T, ♥J], Bot cards:[♠3, ♣A]
Player points: [20, 20], Bot points:[4, 14]
Bot get one more card ♦3
Bot get one more card ♣J
Player point: 20, Bot point: 17
Player win! Money: 605.0
========================
Round #151
Player cards: [♥2, ♥8], Bot cards:[♠2, ♦9]
Player points: [10, 10], Bot points:[11, 11]
----- Double Bet! -----
Player get one more card ♣J
Bot get one more card ♠A
Bot get one more card ♦6
Player point: 20, Bot point: 18
Player win! Money: 644.0
========================
Round #152
Player cards: [♠2, ♣9], Bot cards:[♦6, ♠Q]
Player points: [11, 11], Bot points:[16, 16]
----- Double Bet! -----
Player get one more card ♠3
Bot get one more card ♣6
Player point: 14, Bot point: 22
Player win! Money: 683.0
========================
Round #153
Player cards: [♠T, ♦Q], Bot cards:[♣Q, ♦A]
Player points: [20, 20], Bot points:[11, 21]
Bot get one more card ♥6
Player point: 20, Bot point: 17
Player win! Money: 702.0
========================
Round #154
Player cards: [♥7, ♥T], Bot cards:[♥7, ♦7]
Player points: [17, 17], Bot points:[14, 14]
Bot get one more card ♥Q
Player point: 17, Bot point: 24
Player win! Money: 721.0
========================
Round #155
Player cards: [♠7, ♥K], Bot cards:[♠2, ♣Q]
Player points: [17, 17], Bot points:[12, 12]
Bot get one more card ♠7
Player point: 17, Bot point: 19
Player lose! Money: 700.0
========================
Round #156
Player cards: [♦4, ♣J], Bot cards:[♥5, ♠8]
Player points: [14, 14], Bot points:[13, 13]
Bot get one more card ♥7
Player point: 14, Bot point: 20
Player lose! Money: 679.0
========================
Round #157
Player cards: [♣5, ♥A], Bot cards:[♣T, ♣K]
Player points: [6, 16], Bot points:[20, 20]
Player get one more card ♠J
Player get one more card ♣A
Player point: 17, Bot point: 20
Player lose! Money: 658.0
========================
Round #158
Player cards: [♠9, ♦A], Bot cards:[♥4, ♣4]
Player points: [10, 20], Bot points:[8, 8]
Bot get one more card ♣2
Bot get one more card ♠6
Bot get one more card ♠2
Player point: 20, Bot point: 18
Player win! Money: 677.0
========================
Round #159
Player cards: [♠3, ♦6], Bot cards:[♦T, ♦J]
Player points: [9, 9], Bot points:[20, 20]
Player get one more card ♠K
Player point: 19, Bot point: 20
Player lose! Money: 656.0
========================
Round #160
Player cards: [♠T, ♥K], Bot cards:[♥2, ♠Q]
Player points: [20, 20], Bot points:[12, 12]
Bot get one more card ♥7
Player point: 20, Bot point: 19
Player win! Money: 675.0
========================
Round #161
Player cards: [♦6, ♣A], Bot cards:[♦2, ♥Q]
Player points: [7, 17], Bot points:[12, 12]
Bot get one more card ♥T
Player point: 17, Bot point: 22
Player win! Money: 694.0
========================
Round #162
Player cards: [♠8, ♥9], Bot cards:[♠4, ♣5]
Player points: [17, 17], Bot points:[9, 9]
Bot get one more card ♦8
Player point: 17, Bot point: 17
Draw! Money:693.0
========================
Round #163
Player cards: [♣4, ♥8], Bot cards:[♥6, ♠J]
Player points: [12, 12], Bot points:[16, 16]
Bot get one more card ♦5
Player point: 12, Bot point: 21
Player lose! Money: 672.0
========================
Round #164
Player cards: [♣3, ♣3], Bot cards:[♠5, ♦K]
Player points: [6, 6], Bot points:[15, 15]
-------- Split! Two hands: [9, 9], [10, 10]
----- Double Bet! -----
Player get one more card ♣7
For second hand:
----- Double Bet! -----
Player get one more card ♣5
Bot get one more card ♠4
Player point: 16, Bot point: 19
Player lose! Money: 631.0
========================
Player point: 15, Bot point: 19
Player lose! Money: 591.0
========================
Round #165
Player cards: [♦7, ♦J], Bot cards:[♣2, ♠J]
Player points: [17, 17], Bot points:[12, 12]
Bot get one more card ♥Q
Player point: 17, Bot point: 22
Player win! Money: 610.0
========================
Round #166
Player cards: [♥6, ♥A], Bot cards:[♦8, ♣K]
Player points: [7, 17], Bot points:[18, 18]
Player point: 17, Bot point: 18
Player lose! Money: 589.0
========================
Round #167
Player cards: [♥4, ♥8], Bot cards:[♦4, ♥4]
Player points: [12, 12], Bot points:[8, 8]
Bot get one more card ♥9
Player point: 12, Bot point: 17
Player lose! Money: 568.0
========================
Round #168
Player cards: [♣4, ♠7], Bot cards:[♠Q, ♣K]
Player points: [11, 11], Bot points:[20, 20]
----- Double Bet! -----
Player get one more card ♣7
Player point: 18, Bot point: 20
Player lose! Money: 527.0
========================
Round #169
Player cards: [♣2, ♦9], Bot cards:[♦2, ♠4]
Player points: [11, 11], Bot points:[6, 6]
----- Double Bet! -----
Player get one more card ♣9
Bot get one more card ♦8
Bot get one more card ♦J
Player point: 20, Bot point: 24
Player win! Money: 566.0
========================
Round #170
Player cards: [♦K, ♠K], Bot cards:[♠5, ♦Q]
Player points: [20, 20], Bot points:[15, 15]
Bot get one more card ♥6
Player point: 20, Bot point: 21
Player lose! Money: 545.0
========================
Round #171
Player cards: [♦3, ♣7], Bot cards:[♠3, ♠9]
Player points: [10, 10], Bot points:[12, 12]
----- Double Bet! -----
Player get one more card ♥3
Bot get one more card ♥3
Bot get one more card ♥J
Player point: 13, Bot point: 25
Player win! Money: 584.0
========================
Round #172
Player cards: [♥2, ♦4], Bot cards:[♦4, ♦A]
Player points: [6, 6], Bot points:[5, 15]
Player get one more card ♥Q
Bot get one more card ♣T
Bot get one more card ♣T
Player point: 16, Bot point: 25
Player win! Money: 603.0
========================
Round #173
Player cards: [♦5, ♦J], Bot cards:[♣3, ♠4]
Player points: [15, 15], Bot points:[7, 7]
Bot get one more card ♥3
Bot get one more card ♦2
Bot get one more card ♠6
Player point: 15, Bot point: 18
Player lose! Money: 582.0
========================
Round #174
Player cards: [♠3, ♦5], Bot cards:[♠5, ♣J]
Player points: [8, 8], Bot points:[15, 15]
Player get one more card ♥K
Bot get one more card ♦7
Player point: 18, Bot point: 22
Player win! Money: 601.0
========================
Round #175
Player cards: [♥J, ♠A], Bot cards:[♦8, ♥9]
Player points: [11, 21], Bot points:[17, 17]
Player point: 21, Bot point: 17
------ BlackJack!! ------
Player win! Money: 624.0
========================
Round #176
Player cards: [♥8, ♠9], Bot cards:[♥5, ♠K]
Player points: [17, 17], Bot points:[15, 15]
Bot get one more card ♣9
Player point: 17, Bot point: 24
Player win! Money: 643.0
========================
Round #177
Player cards: [♠4, ♥A], Bot cards:[♦9, ♣Q]
Player points: [5, 15], Bot points:[19, 19]
Player get one more card ♠Q
Player get one more card ♠T
Player point: 25, Bot point: 19
Player lose! Money: 622.0
========================
Round #178
Player cards: [♥2, ♥7], Bot cards:[♣6, ♥A]
Player points: [9, 9], Bot points:[7, 17]
----- Double Bet! -----
Player get one more card ♣T
Bot get one more card ♣7
Bot get one more card ♦9
Player point: 19, Bot point: 23
Player win! Money: 661.0
========================
Round #179
Player cards: [♠8, ♦A], Bot cards:[♣5, ♠5]
Player points: [9, 19], Bot points:[10, 10]
Bot get one more card ♦T
Player point: 19, Bot point: 20
Player lose! Money: 640.0
========================
Round #180
Player cards: [♥6, ♣A], Bot cards:[♥5, ♣8]
Player points: [7, 17], Bot points:[13, 13]
Bot get one more card ♠8
Player point: 17, Bot point: 21
Player lose! Money: 619.0
========================
Round #181
Player cards: [♣3, ♦T], Bot cards:[♥4, ♠6]
Player points: [13, 13], Bot points:[10, 10]
Bot get one more card ♣6
Bot get one more card ♥5
Player point: 13, Bot point: 21
Player lose! Money: 598.0
========================
Round #182
New deck
Player cards: [♠3, ♥K], Bot cards:[♦7, ♥J]
Player points: [13, 13], Bot points:[17, 17]
Player get one more card ♣4
Player point: 17, Bot point: 17
Draw! Money:597.0
========================
Round #183
Player cards: [♦3, ♦7], Bot cards:[♣8, ♠A]
Player points: [10, 10], Bot points:[9, 19]
----- Double Bet! -----
Player get one more card ♣J
Bot get one more card ♦J
Player point: 20, Bot point: 19
Player win! Money: 636.0
========================
Round #184
Player cards: [♦6, ♥7], Bot cards:[♠6, ♠7]
Player points: [13, 13], Bot points:[13, 13]
Bot get one more card ♣3
Bot get one more card ♦Q
Player point: 13, Bot point: 26
Player win! Money: 655.0
========================
Round #185
Player cards: [♥A, ♣A], Bot cards:[♦5, ♣8]
Player points: [2, 12], Bot points:[13, 13]
-------- Split! Two hands: [7, 17], [9, 19]
For second hand:
Bot get one more card ♣T
Player point: 17, Bot point: 23
Player win! Money: 674.0
========================
Player point: 19, Bot point: 23
Player win! Money: 694.0
========================
Round #186
Player cards: [♥3, ♠5], Bot cards:[♣2, ♥A]
Player points: [8, 8], Bot points:[3, 13]
Player get one more card ♣9
Bot get one more card ♦9
Bot get one more card ♥6
Player point: 17, Bot point: 18
Player lose! Money: 673.0
========================
Round #187
Player cards: [♦3, ♣8], Bot cards:[♠Q, ♠A]
Player points: [11, 11], Bot points:[11, 21]
----- Double Bet! -----
Player get one more card ♦Q
Bot get one more card ♣T
Player point: 21, Bot point: 21
Player lose! Money: 632.0
========================
Round #188
Player cards: [♣A, ♠A], Bot cards:[♣J, ♣K]
Player points: [2, 12], Bot points:[20, 20]
-------- Split! Two hands: [11, 21], [3, 13]
For second hand:
Player get one more card ♥K
Player get one more card ♣6
Player point: 21, Bot point: 20
------ BlackJack!! ------
Player win! Money: 655.0
========================
Player point: 19, Bot point: 20
Player lose! Money: 635.0
========================
Round #189
Player cards: [♥2, ♠J], Bot cards:[♦5, ♥7]
Player points: [12, 12], Bot points:[12, 12]
Bot get one more card ♦8
Player point: 12, Bot point: 20
Player lose! Money: 614.0
========================
Round #190
Player cards: [♠2, ♠J], Bot cards:[♦3, ♦J]
Player points: [12, 12], Bot points:[13, 13]
Player get one more card ♥Q
Bot get one more card ♣5
Player point: 22, Bot point: 18
Player lose! Money: 593.0
========================
Round #191
Player cards: [♦3, ♣9], Bot cards:[♠Q, ♥A]
Player points: [12, 12], Bot points:[11, 21]
Player get one more card ♠A
Player get one more card ♠K
Bot get one more card ♠2
Bot get one more card ♦8
Player point: 23, Bot point: 21
Player lose! Money: 572.0
========================
Round #192
Player cards: [♠6, ♦8], Bot cards:[♥5, ♥7]
Player points: [14, 14], Bot points:[12, 12]
Bot get one more card ♥6
Player point: 14, Bot point: 18
Player lose! Money: 551.0
========================
Round #193
Player cards: [♠2, ♥5], Bot cards:[♠3, ♥T]
Player points: [7, 7], Bot points:[13, 13]
Player get one more card ♦5
Player get one more card ♠J
Bot get one more card ♣Q
Player point: 22, Bot point: 23
Player lose! Money: 530.0
========================
Round #194
Player cards: [♣5, ♦6], Bot cards:[♠4, ♠5]
Player points: [11, 11], Bot points:[9, 9]
----- Double Bet! -----
Player get one more card ♥4
Bot get one more card ♠Q
Player point: 15, Bot point: 19
Player lose! Money: 489.0
========================
Round #195
Player cards: [♠3, ♥9], Bot cards:[♣6, ♦J]
Player points: [12, 12], Bot points:[16, 16]
Bot get one more card ♣T
Player point: 12, Bot point: 26
Player win! Money: 508.0
========================
Round #196
Player cards: [♦4, ♠6], Bot cards:[♥9, ♦A]
Player points: [10, 10], Bot points:[10, 20]
----- Double Bet! -----
Player get one more card ♥3
Bot get one more card ♣4
Bot get one more card ♠8
Player point: 13, Bot point: 22
Player win! Money: 547.0
========================
Round #197
Player cards: [♥2, ♥8], Bot cards:[♥5, ♠J]
Player points: [10, 10], Bot points:[15, 15]
----- Double Bet! -----
Player get one more card ♠3
Bot get one more card ♥Q
Player point: 13, Bot point: 25
Player win! Money: 586.0
========================
Round #198
Player cards: [♦9, ♦T], Bot cards:[♦6, ♣Q]
Player points: [19, 19], Bot points:[16, 16]
Bot get one more card ♠8
Player point: 19, Bot point: 24
Player win! Money: 605.0
========================
Round #199
Player cards: [♠9, ♠T], Bot cards:[♦2, ♦K]
Player points: [19, 19], Bot points:[12, 12]
Bot get one more card ♦2
Bot get one more card ♠7
Player point: 19, Bot point: 21
Player lose! Money: 584.0
========================
Round #200
Player cards: [♠2, ♠T], Bot cards:[♣8, ♥8]
Player points: [12, 12], Bot points:[16, 16]
Player get one more card ♣7
Bot get one more card ♣A
Player point: 19, Bot point: 17
Player win! Money: 603.0
========================
Round #201
Player cards: [♥3, ♥T], Bot cards:[♥3, ♠7]
Player points: [13, 13], Bot points:[10, 10]
Bot get one more card ♥4
Bot get one more card ♥2
Bot get one more card ♥9
Player point: 13, Bot point: 25
Player win! Money: 622.0
========================
Round #202
Player cards: [♥6, ♦9], Bot cards:[♥6, ♦Q]
Player points: [15, 15], Bot points:[16, 16]
Bot get one more card ♦T
Player point: 15, Bot point: 26
Player win! Money: 641.0
========================
Round #203
Player cards: [♠9, ♥T], Bot cards:[♦2, ♣Q]
Player points: [19, 19], Bot points:[12, 12]
Bot get one more card ♠9
Player point: 19, Bot point: 21
Player lose! Money: 620.0
========================
Round #204
Player cards: [♥5, ♠6], Bot cards:[♠4, ♦K]
Player points: [11, 11], Bot points:[14, 14]
----- Double Bet! -----
Player get one more card ♠K
Bot get one more card ♥A
Bot get one more card ♣9
Player point: 21, Bot point: 24
Player win! Money: 659.0
========================
Round #205
Player cards: [♠T, ♥T], Bot cards:[♠5, ♣J]
Player points: [20, 20], Bot points:[15, 15]
Bot get one more card ♦3
Player point: 20, Bot point: 18
Player win! Money: 678.0
========================
Round #206
Player cards: [♣K, ♦A], Bot cards:[♥4, ♠8]
Player points: [11, 21], Bot points:[12, 12]
Bot get one more card ♥K
Player point: 21, Bot point: 22
------ BlackJack!! ------
Player win! Money: 701.0
========================
Round #207
Player cards: [♣2, ♦K], Bot cards:[♦4, ♠4]
Player points: [12, 12], Bot points:[8, 8]
Bot get one more card ♥4
Bot get one more card ♣J
Player point: 12, Bot point: 22
Player win! Money: 720.0
========================
Round #208
Player cards: [♣4, ♦A], Bot cards:[♥2, ♠9]
Player points: [5, 15], Bot points:[11, 11]
Bot get one more card ♣4
Bot get one more card ♦4
Player point: 15, Bot point: 19
Player lose! Money: 699.0
========================
Round #209
Player cards: [♣7, ♠K], Bot cards:[♠5, ♦A]
Player points: [17, 17], Bot points:[6, 16]
Bot get one more card ♣5
Bot get one more card ♥J
Player point: 17, Bot point: 21
Player lose! Money: 678.0
========================
Round #210
Player cards: [♣2, ♠K], Bot cards:[♣3, ♠8]
Player points: [12, 12], Bot points:[11, 11]
Player get one more card ♦9
Bot get one more card ♠K
Player point: 21, Bot point: 21
Player lose! Money: 657.0
========================
Round #211
Player cards: [♣7, ♠Q], Bot cards:[♥8, ♥T]
Player points: [17, 17], Bot points:[18, 18]
Player point: 17, Bot point: 18
Player lose! Money: 636.0
========================
Round #212
Player cards: [♣6, ♦8], Bot cards:[♠7, ♠T]
Player points: [14, 14], Bot points:[17, 17]
Player get one more card ♠A
Player get one more card ♠4
Player point: 19, Bot point: 17
Player win! Money: 655.0
========================
Round #213
Player cards: [♣7, ♣A], Bot cards:[♣T, ♦T]
Player points: [8, 18], Bot points:[20, 20]
Player point: 18, Bot point: 20
Player lose! Money: 634.0
========================
Round #214
Player cards: [♥9, ♥K], Bot cards:[♥T, ♥J]
Player points: [19, 19], Bot points:[20, 20]
Player point: 19, Bot point: 20
Player lose! Money: 613.0
========================
Round #215
Player cards: [♦J, ♣Q], Bot cards:[♣3, ♦K]
Player points: [20, 20], Bot points:[13, 13]
Bot get one more card ♦7
Player point: 20, Bot point: 20
Draw! Money:612.0
========================
Round #216
Player cards: [♣9, ♥Q], Bot cards:[♣6, ♦Q]
Player points: [19, 19], Bot points:[16, 16]
Bot get one more card ♣K
Player point: 19, Bot point: 26
Player win! Money: 631.0
========================
Round #217
Player cards: [♦7, ♦Q], Bot cards:[♣5, ♥7]
Player points: [17, 17], Bot points:[12, 12]
Bot get one more card ♥Q
Player point: 17, Bot point: 22
Player win! Money: 650.0
========================
Round #218
New deck
Player cards: [♦9, ♠K], Bot cards:[♥5, ♣K]
Player points: [19, 19], Bot points:[15, 15]
Bot get one more card ♥K
Player point: 19, Bot point: 25
Player win! Money: 669.0
========================
Round #219
Player cards: [♣4, ♣T], Bot cards:[♥2, ♥J]
Player points: [14, 14], Bot points:[12, 12]
Bot get one more card ♣3
Bot get one more card ♠3
Player point: 14, Bot point: 18
Player lose! Money: 648.0
========================
Round #220
Player cards: [♠4, ♦5], Bot cards:[♣8, ♣9]
Player points: [9, 9], Bot points:[17, 17]
Player get one more card ♣9
Player point: 18, Bot point: 17
Player win! Money: 667.0
========================
Round #221
Player cards: [♠7, ♥J], Bot cards:[♠8, ♦T]
Player points: [17, 17], Bot points:[18, 18]
Player point: 17, Bot point: 18
Player lose! Money: 646.0
========================
Round #222
Player cards: [♥8, ♠9], Bot cards:[♣3, ♠J]
Player points: [17, 17], Bot points:[13, 13]
Bot get one more card ♣4
Player point: 17, Bot point: 17
Draw! Money:645.0
========================
Round #223
Player cards: [♥Q, ♠A], Bot cards:[♦6, ♦J]
Player points: [11, 21], Bot points:[16, 16]
Bot get one more card ♦K
Player point: 21, Bot point: 26
------ BlackJack!! ------
Player win! Money: 668.0
========================
Round #224
Player cards: [♦T, ♠K], Bot cards:[♦5, ♠Q]
Player points: [20, 20], Bot points:[15, 15]
Bot get one more card ♦9
Player point: 20, Bot point: 24
Player win! Money: 687.0
========================
Round #225
Player cards: [♥5, ♥8], Bot cards:[♠9, ♠T]
Player points: [13, 13], Bot points:[19, 19]
Player get one more card ♦2
Player get one more card ♠3
Player point: 18, Bot point: 19
Player lose! Money: 666.0
========================
Round #226
Player cards: [♦6, ♣6], Bot cards:[♥3, ♥T]
Player points: [12, 12], Bot points:[13, 13]
-------- Split! Two hands: [15, 15], [7, 17]
For second hand:
Bot get one more card ♣7
Player point: 15, Bot point: 20
Player lose! Money: 645.0
========================
Player point: 17, Bot point: 20
Player lose! Money: 625.0
========================
Round #227
Player cards: [♥2, ♦3], Bot cards:[♦Q, ♣K]
Player points: [5, 5], Bot points:[20, 20]
Player get one more card ♣Q
Player get one more card ♥K
Player point: 25, Bot point: 20
Player lose! Money: 604.0
========================
Round #228
Player cards: [♠2, ♣4], Bot cards:[♥5, ♣8]
Player points: [6, 6], Bot points:[13, 13]
Player get one more card ♥A
Bot get one more card ♥9
Player point: 17, Bot point: 22
Player win! Money: 623.0
========================
Round #229
Player cards: [♣4, ♦4], Bot cards:[♦6, ♥J]
Player points: [8, 8], Bot points:[16, 16]
Player get one more card ♣A
Bot get one more card ♦5
Player point: 19, Bot point: 21
Player lose! Money: 602.0
========================
Round #230
Player cards: [♦4, ♥4], Bot cards:[♦3, ♣9]
Player points: [8, 8], Bot points:[12, 12]
Player get one more card ♦2
Player get one more card ♣Q
Bot get one more card ♦4
Bot get one more card ♦Q
Player point: 20, Bot point: 26
Player win! Money: 621.0
========================
Round #231
Player cards: [♣5, ♠7], Bot cards:[♥4, ♥8]
Player points: [12, 12], Bot points:[12, 12]
Bot get one more card ♦K
Player point: 12, Bot point: 22
Player win! Money: 640.0
========================
Round #232
Player cards: [♠J, ♣Q], Bot cards:[♥7, ♦A]
Player points: [20, 20], Bot points:[8, 18]
Bot get one more card ♦3
Bot get one more card ♥K
Player point: 20, Bot point: 21
Player lose! Money: 619.0
========================
Round #233
Player cards: [♣7, ♥Q], Bot cards:[♦2, ♥8]
Player points: [17, 17], Bot points:[10, 10]
Bot get one more card ♠J
Player point: 17, Bot point: 20
Player lose! Money: 598.0
========================
Round #234
Player cards: [♦9, ♣T], Bot cards:[♥2, ♠9]
Player points: [19, 19], Bot points:[11, 11]
Bot get one more card ♣Q
Player point: 19, Bot point: 21
Player lose! Money: 577.0
========================
Round #235
Player cards: [♠4, ♣6], Bot cards:[♣3, ♦4]
Player points: [10, 10], Bot points:[7, 7]
----- Double Bet! -----
Player get one more card ♥4
Bot get one more card ♦J
Player point: 14, Bot point: 17
Player lose! Money: 536.0
========================
Round #236
Player cards: [♣J, ♦A], Bot cards:[♦9, ♠T]
Player points: [11, 21], Bot points:[19, 19]
Player point: 21, Bot point: 19
------ BlackJack!! ------
Player win! Money: 559.0
========================
Round #237
Player cards: [♠2, ♦K], Bot cards:[♣2, ♣5]
Player points: [12, 12], Bot points:[7, 7]
Player get one more card ♦Q
Bot get one more card ♦5
Bot get one more card ♠T
Player point: 22, Bot point: 22
Player lose! Money: 538.0
========================
Round #238
Player cards: [♣7, ♦A], Bot cards:[♦8, ♠T]
Player points: [8, 18], Bot points:[18, 18]
Player point: 18, Bot point: 18
Draw! Money:537.0
========================
Round #239
Player cards: [♣2, ♣6], Bot cards:[♠5, ♦8]
Player points: [8, 8], Bot points:[13, 13]
Player get one more card ♦T
Bot get one more card ♣8
Player point: 18, Bot point: 21
Player lose! Money: 516.0
========================
Round #240
Player cards: [♦7, ♦K], Bot cards:[♥8, ♠8]
Player points: [17, 17], Bot points:[16, 16]
Bot get one more card ♠2
Player point: 17, Bot point: 18
Player lose! Money: 495.0
========================
Round #241
Player cards: [♥9, ♥A], Bot cards:[♥6, ♣7]
Player points: [10, 20], Bot points:[13, 13]
Bot get one more card ♥4
Player point: 20, Bot point: 17
Player win! Money: 514.0
========================
Round #242
Player cards: [♥3, ♣K], Bot cards:[♠7, ♠A]
Player points: [13, 13], Bot points:[8, 18]
Player get one more card ♥7
Bot get one more card ♠2
Bot get one more card ♥K
Player point: 20, Bot point: 20
Draw! Money:513.0
========================
Round #243
Player cards: [♠6, ♦T], Bot cards:[♣5, ♥5]
Player points: [16, 16], Bot points:[10, 10]
Bot get one more card ♦7
Player point: 16, Bot point: 17
Player lose! Money: 492.0
========================
Round #244
Player cards: [♥T, ♣A], Bot cards:[♣9, ♥A]
Player points: [11, 21], Bot points:[10, 20]
Bot get one more card ♠8
Player point: 21, Bot point: 18
------ BlackJack!! ------
Player win! Money: 515.0
========================
Round #245
Player cards: [♦2, ♥6], Bot cards:[♠3, ♠8]
Player points: [8, 8], Bot points:[11, 11]
Player get one more card ♥A
Bot get one more card ♦8
Player point: 19, Bot point: 19
Draw! Money:514.0
========================
Round #246
Player cards: [♣3, ♣5], Bot cards:[♦6, ♦8]
Player points: [8, 8], Bot points:[14, 14]
Player get one more card ♠4
Bot get one more card ♠A
Bot get one more card ♠6
Player point: 12, Bot point: 21
Player lose! Money: 493.0
========================
Round #247
Player cards: [♠3, ♣A], Bot cards:[♦2, ♥Q]
Player points: [4, 14], Bot points:[12, 12]
Bot get one more card ♣2
Bot get one more card ♦7
Player point: 14, Bot point: 21
Player lose! Money: 472.0
========================
Round #248
Player cards: [♥T, ♠Q], Bot cards:[♣6, ♣8]
Player points: [20, 20], Bot points:[14, 14]
Bot get one more card ♥6
Player point: 20, Bot point: 20
Draw! Money:471.0
========================
Round #249
Player cards: [♠7, ♣T], Bot cards:[♣3, ♥7]
Player points: [17, 17], Bot points:[10, 10]
Bot get one more card ♣K
Player point: 17, Bot point: 20
Player lose! Money: 450.0
========================
Round #250
Player cards: [♠J, ♠Q], Bot cards:[♠5, ♠Q]
Player points: [20, 20], Bot points:[15, 15]
Bot get one more card ♠6
Player point: 20, Bot point: 21
Player lose! Money: 429.0
========================
Round #251
Player cards: [♣J, ♦Q], Bot cards:[♣J, ♥Q]
Player points: [20, 20], Bot points:[20, 20]
Player point: 20, Bot point: 20
Draw! Money:428.0
========================
Round #252
Player cards: [♦4, ♣K], Bot cards:[♦7, ♥9]
Player points: [14, 14], Bot points:[16, 16]
Player get one more card ♥J
Bot get one more card ♥T
Player point: 24, Bot point: 26
Player lose! Money: 407.0
========================
Round #253
Player cards: [♠5, ♣J], Bot cards:[♠K, ♠A]
Player points: [15, 15], Bot points:[11, 21]
Player get one more card ♣T
Bot get one more card ♠4
Bot get one more card ♥2
Player point: 25, Bot point: 17
Player lose! Money: 386.0
========================
Round #254
Player cards: [♦5, ♣A], Bot cards:[♠5, ♦J]
Player points: [6, 16], Bot points:[15, 15]
Bot get one more card ♥3
Player point: 16, Bot point: 18
Player lose! Money: 365.0
========================
Round #255
Player cards: [♣2, ♦3], Bot cards:[♠6, ♠K]
Player points: [5, 5], Bot points:[16, 16]
Player get one more card ♥6
Player get one more card ♥3
Bot get one more card ♥9
Player point: 14, Bot point: 25
Player win! Money: 384.0
========================
Round #256
New deck
Player cards: [♣8, ♠J], Bot cards:[♣5, ♣6]
Player points: [18, 18], Bot points:[11, 11]
Bot get one more card ♠A
Bot get one more card ♠A
Bot get one more card ♦6
Player point: 18, Bot point: 19
Player lose! Money: 363.0
========================
Round #257
Player cards: [♣9, ♦9], Bot cards:[♠2, ♣6]
Player points: [18, 18], Bot points:[8, 8]
-------- Split! Two hands: [19, 19], [14, 14]
For second hand:
Bot get one more card ♠2
Bot get one more card ♣A
Bot get one more card ♦8
Player point: 19, Bot point: 19
Draw! Money:362.0
========================
Player point: 14, Bot point: 19
Player lose! Money: 342.0
========================
Round #258
Player cards: [♦3, ♠8], Bot cards:[♣5, ♥9]
Player points: [11, 11], Bot points:[14, 14]
----- Double Bet! -----
Player get one more card ♥6
Bot get one more card ♠9
Player point: 17, Bot point: 23
Player win! Money: 381.0
========================
Round #259
Player cards: [♥7, ♠Q], Bot cards:[♦5, ♦K]
Player points: [17, 17], Bot points:[15, 15]
Bot get one more card ♦J
Player point: 17, Bot point: 25
Player win! Money: 400.0
========================
Round #260
Player cards: [♦6, ♣J], Bot cards:[♥8, ♣9]
Player points: [16, 16], Bot points:[17, 17]
Player get one more card ♠5
Player point: 21, Bot point: 17
Player win! Money: 419.0
========================
Round #261
Player cards: [♠6, ♠T], Bot cards:[♣4, ♦Q]
Player points: [16, 16], Bot points:[14, 14]
Bot get one more card ♣Q
Player point: 16, Bot point: 24
Player win! Money: 438.0
========================
Round #262
Player cards: [♦4, ♥6], Bot cards:[♥2, ♥6]
Player points: [10, 10], Bot points:[8, 8]
----- Double Bet! -----
Player get one more card ♥A
Bot get one more card ♠9
Player point: 21, Bot point: 17
Player win! Money: 477.0
========================
Round #263
Player cards: [♣J, ♥Q], Bot cards:[♥Q, ♣Q]
Player points: [20, 20], Bot points:[20, 20]
Player point: 20, Bot point: 20
Draw! Money:476.0
========================
Round #264
Player cards: [♠T, ♦A], Bot cards:[♦7, ♥8]
Player points: [11, 21], Bot points:[15, 15]
Bot get one more card ♠J
Player point: 21, Bot point: 25
------ BlackJack!! ------
Player win! Money: 499.0
========================
Round #265
Player cards: [♣2, ♥9], Bot cards:[♥T, ♦J]
Player points: [11, 11], Bot points:[20, 20]
----- Double Bet! -----
Player get one more card ♥T
Player point: 21, Bot point: 20
Player win! Money: 538.0
========================
Round #266
Player cards: [♥5, ♦A], Bot cards:[♦4, ♣A]
Player points: [6, 16], Bot points:[5, 15]
Bot get one more card ♥A
Bot get one more card ♥7
Bot get one more card ♣4
Player point: 16, Bot point: 17
Player lose! Money: 517.0
========================
Round #267
Player cards: [♥5, ♥8], Bot cards:[♦9, ♥K]
Player points: [13, 13], Bot points:[19, 19]
Player get one more card ♣2
Player get one more card ♥2
Player point: 17, Bot point: 19
Player lose! Money: 496.0
========================
Round #268
Player cards: [♦4, ♥T], Bot cards:[♠6, ♣9]
Player points: [14, 14], Bot points:[15, 15]
Bot get one more card ♣Q
Player point: 14, Bot point: 25
Player win! Money: 515.0
========================
Round #269
Player cards: [♦5, ♣J], Bot cards:[♥4, ♦9]
Player points: [15, 15], Bot points:[13, 13]
Bot get one more card ♥3
Bot get one more card ♦8
Player point: 15, Bot point: 24
Player win! Money: 534.0
========================
Round #270
Player cards: [♣4, ♠A], Bot cards:[♦2, ♦K]
Player points: [5, 15], Bot points:[12, 12]
Bot get one more card ♦Q
Player point: 15, Bot point: 22
Player win! Money: 553.0
========================
Round #271
Player cards: [♠2, ♠K], Bot cards:[♥3, ♦9]
Player points: [12, 12], Bot points:[12, 12]
Player get one more card ♥Q
Bot get one more card ♥7
Player point: 22, Bot point: 19
Player lose! Money: 532.0
========================
Round #272
Player cards: [♣5, ♣K], Bot cards:[♠4, ♦5]
Player points: [15, 15], Bot points:[9, 9]
Bot get one more card ♣3
Bot get one more card ♣T
Player point: 15, Bot point: 22
Player win! Money: 551.0
========================
Round #273
Player cards: [♦2, ♣T], Bot cards:[♠5, ♠9]
Player points: [12, 12], Bot points:[14, 14]
Bot get one more card ♥6
Player point: 12, Bot point: 20
Player lose! Money: 530.0
========================
Round #274
Player cards: [♥Q, ♦Q], Bot cards:[♠8, ♠Q]
Player points: [20, 20], Bot points:[18, 18]
Player point: 20, Bot point: 18
Player win! Money: 549.0
========================
Round #275
Player cards: [♠6, ♠7], Bot cards:[♦5, ♣6]
Player points: [13, 13], Bot points:[11, 11]
Bot get one more card ♦T
Player point: 13, Bot point: 21
Player lose! Money: 528.0
========================
Round #276
Player cards: [♠4, ♠K], Bot cards:[♣3, ♣3]
Player points: [14, 14], Bot points:[6, 6]
Bot get one more card ♦7
Bot get one more card ♠3
Bot get one more card ♦2
Player point: 14, Bot point: 18
Player lose! Money: 507.0
========================
Round #277
Player cards: [♠4, ♦7], Bot cards:[♣2, ♣4]
Player points: [11, 11], Bot points:[6, 6]
----- Double Bet! -----
Player get one more card ♦Q
Bot get one more card ♠5
Bot get one more card ♦K
Player point: 21, Bot point: 21
Player lose! Money: 466.0
========================
Round #278
Player cards: [♠7, ♣K], Bot cards:[♣8, ♣8]
Player points: [17, 17], Bot points:[16, 16]
Bot get one more card ♥2
Player point: 17, Bot point: 18
Player lose! Money: 445.0
========================
Round #279
Player cards: [♠9, ♠T], Bot cards:[♥J, ♥J]
Player points: [19, 19], Bot points:[20, 20]
Player point: 19, Bot point: 20
Player lose! Money: 424.0
========================
Round #280
Player cards: [♦J, ♦A], Bot cards:[♠T, ♥J]
Player points: [11, 21], Bot points:[20, 20]
Player point: 21, Bot point: 20
------ BlackJack!! ------
Player win! Money: 447.0
========================
Round #281
Player cards: [♦4, ♣K], Bot cards:[♥7, ♠J]
Player points: [14, 14], Bot points:[17, 17]
Player get one more card ♣7
Player point: 21, Bot point: 17
Player win! Money: 466.0
========================
Round #282
Player cards: [♥5, ♣9], Bot cards:[♥K, ♣A]
Player points: [14, 14], Bot points:[11, 21]
Player get one more card ♣K
Bot get one more card ♠6
Player point: 24, Bot point: 17
Player lose! Money: 445.0
========================
Round #283
Player cards: [♥K, ♣A], Bot cards:[♠2, ♠J]
Player points: [11, 21], Bot points:[12, 12]
Bot get one more card ♠J
Player point: 21, Bot point: 22
------ BlackJack!! ------
Player win! Money: 468.0
========================
Round #284
Player cards: [♥7, ♣7], Bot cards:[♦6, ♥A]
Player points: [14, 14], Bot points:[7, 17]
-------- Split! Two hands: [17, 17], [13, 13]
For second hand:
Bot get one more card ♥8
Bot get one more card ♣9
Player point: 17, Bot point: 24
Player win! Money: 487.0
========================
Player point: 13, Bot point: 24
Player win! Money: 507.0
========================
Round #285
Player cards: [♥9, ♥T], Bot cards:[♦3, ♥J]
Player points: [19, 19], Bot points:[13, 13]
Bot get one more card ♣6
Player point: 19, Bot point: 19
Draw! Money:506.0
========================
Round #286
Player cards: [♣T, ♥J], Bot cards:[♣8, ♦J]
Player points: [20, 20], Bot points:[18, 18]
Player point: 20, Bot point: 18
Player win! Money: 525.0
========================
Round #287
Player cards: [♠7, ♦T], Bot cards:[♦8, ♦A]
Player points: [17, 17], Bot points:[9, 19]
Bot get one more card ♦3
Bot get one more card ♥A
Bot get one more card ♠7
Player point: 17, Bot point: 20
Player lose! Money: 504.0
========================
Round #288
Player cards: [♥4, ♠Q], Bot cards:[♦J, ♠Q]
Player points: [14, 14], Bot points:[20, 20]
Player get one more card ♥9
Player point: 23, Bot point: 20
Player lose! Money: 483.0
========================
Round #289
Player cards: [♥3, ♠4], Bot cards:[♥2, ♣3]
Player points: [7, 7], Bot points:[5, 5]
Player get one more card ♦T
Bot get one more card ♥4
Bot get one more card ♠5
Bot get one more card ♦7
Player point: 17, Bot point: 21
Player lose! Money: 462.0
========================
Round #290
Player cards: [♠K, ♠A], Bot cards:[♥4, ♥K]
Player points: [11, 21], Bot points:[14, 14]
Bot get one more card ♦K
Player point: 21, Bot point: 24
------ BlackJack!! ------
Player win! Money: 485.0
========================
Round #291
Player cards: [♠3, ♠K], Bot cards:[♦T, ♣Q]
Player points: [13, 13], Bot points:[20, 20]
Player get one more card ♥3
Player get one more card ♣5
Player point: 21, Bot point: 20
Player win! Money: 504.0
========================
Round #292
Player cards: [♦3, ♠3], Bot cards:[♣7, ♠8]
Player points: [6, 6], Bot points:[15, 15]
-------- Split! Two hands: [5, 5], [11, 11]
Player get one more card ♣7
Player get one more card ♣2
Player get one more card ♠3
For second hand:
----- Double Bet! -----
Player get one more card ♦8
New deck
Bot get one more card ♣5
Player point: 17, Bot point: 20
Player lose! Money: 483.0
========================
Player point: 19, Bot point: 20
Player lose! Money: 443.0
========================
Round #293
Player cards: [♦5, ♦T], Bot cards:[♣J, ♣J]
Player points: [15, 15], Bot points:[20, 20]
Player get one more card ♥A
Player get one more card ♣6
Player point: 22, Bot point: 20
Player lose! Money: 422.0
========================
Round #294
Player cards: [♦T, ♣K], Bot cards:[♦J, ♠K]
Player points: [20, 20], Bot points:[20, 20]
Player point: 20, Bot point: 20
Draw! Money:421.0
========================
Round #295
Player cards: [♦2, ♥J], Bot cards:[♦4, ♦8]
Player points: [12, 12], Bot points:[12, 12]
Bot get one more card ♦5
Player point: 12, Bot point: 17
Player lose! Money: 400.0
========================
Round #296
Player cards: [♣5, ♦Q], Bot cards:[♦7, ♥9]
Player points: [15, 15], Bot points:[16, 16]
Player get one more card ♦3
Bot get one more card ♦2
Player point: 18, Bot point: 18
Draw! Money:399.0
========================
Round #297
Player cards: [♦7, ♥A], Bot cards:[♥8, ♣J]
Player points: [8, 18], Bot points:[18, 18]
Player point: 18, Bot point: 18
Draw! Money:398.0
========================
Round #298
Player cards: [♦9, ♣Q], Bot cards:[♠T, ♠K]
Player points: [19, 19], Bot points:[20, 20]
Player point: 19, Bot point: 20
Player lose! Money: 377.0
========================
Round #299
Player cards: [♦2, ♠T], Bot cards:[♠2, ♦6]
Player points: [12, 12], Bot points:[8, 8]
Player get one more card ♥6
Bot get one more card ♠8
Bot get one more card ♣8
Player point: 18, Bot point: 24
Player win! Money: 396.0
========================
Round #300
Player cards: [♣8, ♦Q], Bot cards:[♥2, ♣9]
Player points: [18, 18], Bot points:[11, 11]
Bot get one more card ♣5
Bot get one more card ♥9
Player point: 18, Bot point: 25
Player win! Money: 415.0
========================
Round #301
Player cards: [♥5, ♠Q], Bot cards:[♥2, ♣9]
Player points: [15, 15], Bot points:[11, 11]
Bot get one more card ♠K
Player point: 15, Bot point: 21
Player lose! Money: 394.0
========================
Round #302
Player cards: [♣4, ♠Q], Bot cards:[♣T, ♦A]
Player points: [14, 14], Bot points:[11, 21]
Player get one more card ♣A
Player get one more card ♣2
Bot get one more card ♠8
Player point: 17, Bot point: 19
Player lose! Money: 373.0
========================
Round #303
Player cards: [♠2, ♦6], Bot cards:[♠J, ♥K]
Player points: [8, 8], Bot points:[20, 20]
Player get one more card ♠9
Player point: 17, Bot point: 20
Player lose! Money: 352.0
========================
Round #304
Player cards: [♣2, ♥5], Bot cards:[♠6, ♣7]
Player points: [7, 7], Bot points:[13, 13]
Player get one more card ♣Q
Bot get one more card ♥3
Bot get one more card ♣8
Player point: 17, Bot point: 24
Player win! Money: 371.0
========================
Round #305
Player cards: [♠9, ♦T], Bot cards:[♠4, ♥6]
Player points: [19, 19], Bot points:[10, 10]
Bot get one more card ♣6
Bot get one more card ♠7
Player point: 19, Bot point: 23
Player win! Money: 390.0
========================
Round #306
Player cards: [♠6, ♦A], Bot cards:[♦4, ♥K]
Player points: [7, 17], Bot points:[14, 14]
Bot get one more card ♣A
Bot get one more card ♠9
Player point: 17, Bot point: 24
Player win! Money: 409.0
========================
Round #307
Player cards: [♠3, ♣6], Bot cards:[♦8, ♣T]
Player points: [9, 9], Bot points:[18, 18]
Player get one more card ♠7
Player get one more card ♥Q
Player point: 26, Bot point: 18
Player lose! Money: 388.0
========================
Round #308
Player cards: [♠3, ♥7], Bot cards:[♥T, ♦K]
Player points: [10, 10], Bot points:[20, 20]
Player get one more card ♠5
Player get one more card ♦J
Player point: 25, Bot point: 20
Player lose! Money: 367.0
========================
Round #309
Player cards: [♥4, ♠J], Bot cards:[♥9, ♥Q]
Player points: [14, 14], Bot points:[19, 19]
Player get one more card ♥K
Player point: 24, Bot point: 19
Player lose! Money: 346.0
========================
Round #310
Player cards: [♠T, ♦K], Bot cards:[♠6, ♣K]
Player points: [20, 20], Bot points:[16, 16]
Bot get one more card ♥7
Player point: 20, Bot point: 23
Player win! Money: 365.0
========================
Round #311
Player cards: [♦8, ♠A], Bot cards:[♥6, ♥T]
Player points: [9, 19], Bot points:[16, 16]
Bot get one more card ♠3
Player point: 19, Bot point: 19
Draw! Money:364.0
========================
Round #312
Player cards: [♣2, ♥K], Bot cards:[♦4, ♥5]
Player points: [12, 12], Bot points:[9, 9]
Bot get one more card ♥4
Bot get one more card ♥A
Bot get one more card ♦J
Player point: 12, Bot point: 24
Player win! Money: 383.0
========================
Round #313
Player cards: [♣A, ♠A], Bot cards:[♠5, ♦9]
Player points: [2, 12], Bot points:[14, 14]
-------- Split! Two hands: [11, 21], [4, 14]
For second hand:
Bot get one more card ♠7
Player point: 21, Bot point: 21
Player lose! Money: 362.0
========================
Player point: 14, Bot point: 21
Player lose! Money: 342.0
========================
Round #314
Player cards: [♥8, ♣Q], Bot cards:[♦T, ♣Q]
Player points: [18, 18], Bot points:[20, 20]
Player point: 18, Bot point: 20
Player lose! Money: 321.0
========================
Round #315
Player cards: [♠6, ♥8], Bot cards:[♥5, ♣9]
Player points: [14, 14], Bot points:[14, 14]
Bot get one more card ♥J
Player point: 14, Bot point: 24
Player win! Money: 340.0
========================
Round #316
Player cards: [♦6, ♥A], Bot cards:[♣3, ♠A]
Player points: [7, 17], Bot points:[4, 14]
Bot get one more card ♦A
Bot get one more card ♣5
Bot get one more card ♠8
Player point: 17, Bot point: 18
Player lose! Money: 319.0
========================
Round #317
Player cards: [♦5, ♣7], Bot cards:[♥2, ♠8]
Player points: [12, 12], Bot points:[10, 10]
Player get one more card ♠2
Bot get one more card ♦2
Bot get one more card ♣9
Player point: 14, Bot point: 21
Player lose! Money: 298.0
========================
Round #318
Player cards: [♥7, ♥T], Bot cards:[♥3, ♠4]
Player points: [17, 17], Bot points:[7, 7]
Bot get one more card ♦K
Player point: 17, Bot point: 17
Draw! Money:297.0
========================
Round #319
Player cards: [♦3, ♣4], Bot cards:[♦7, ♣J]
Player points: [7, 7], Bot points:[17, 17]
Player get one more card ♣3
Player get one more card ♠4
Player point: 14, Bot point: 17
Player lose! Money: 276.0
========================
Round #320
Player cards: [♦3, ♥Q], Bot cards:[♥J, ♠J]
Player points: [13, 13], Bot points:[20, 20]
Player get one more card ♦5
Player point: 18, Bot point: 20
Player lose! Money: 255.0
========================
Round #321
Player cards: [♠2, ♦7], Bot cards:[♣7, ♠A]
Player points: [9, 9], Bot points:[8, 18]
Player get one more card ♥Q
Bot get one more card ♠J
Player point: 19, Bot point: 18
Player win! Money: 274.0
========================
Round #322
Player cards: [♠T, ♣T], Bot cards:[♥2, ♦8]
Player points: [20, 20], Bot points:[10, 10]
Bot get one more card ♣A
Bot get one more card ♣3
Bot get one more card ♦Q
Player point: 20, Bot point: 24
Player win! Money: 293.0
========================
Round #323
Player cards: [♥3, ♠4], Bot cards:[♦6, ♦J]
Player points: [7, 7], Bot points:[16, 16]
Player get one more card ♠Q
Bot get one more card ♥T
Player point: 17, Bot point: 26
Player win! Money: 312.0
========================
Round #324
Player cards: [♣6, ♣K], Bot cards:[♠5, ♦Q]
Player points: [16, 16], Bot points:[15, 15]
Bot get one more card ♠K
Player point: 16, Bot point: 25
Player win! Money: 331.0
========================
Round #325
Player cards: [♣4, ♣K], Bot cards:[♦3, ♠Q]
Player points: [14, 14], Bot points:[13, 13]
Bot get one more card ♣2
Bot get one more card ♦A
Bot get one more card ♦9
Player point: 14, Bot point: 25
Player win! Money: 350.0
========================
Round #326
Player cards: [♣4, ♣8], Bot cards:[♥6, ♥8]
Player points: [12, 12], Bot points:[14, 14]
Bot get one more card ♥9
Player point: 12, Bot point: 23
Player win! Money: 369.0
========================
Round #327
Player cards: [♥4, ♦9], Bot cards:[♦4, ♣7]
Player points: [13, 13], Bot points:[11, 11]
Bot get one more card ♦K
Player point: 13, Bot point: 21
Player lose! Money: 348.0
========================
Round #328
New deck
Player cards: [♥5, ♦7], Bot cards:[♥2, ♦9]
Player points: [12, 12], Bot points:[11, 11]
Player get one more card ♣2
Bot get one more card ♠T
Player point: 14, Bot point: 21
Player lose! Money: 327.0
========================
Round #329
Player cards: [♦2, ♦8], Bot cards:[♣J, ♥K]
Player points: [10, 10], Bot points:[20, 20]
Player get one more card ♣Q
Player point: 20, Bot point: 20
Draw! Money:326.0
========================
Round #330
Player cards: [♥8, ♠Q], Bot cards:[♥3, ♠7]
Player points: [18, 18], Bot points:[10, 10]
Bot get one more card ♦3
Bot get one more card ♥3
Bot get one more card ♣T
Player point: 18, Bot point: 26
Player win! Money: 345.0
========================
Round #331
Player cards: [♠4, ♠Q], Bot cards:[♠6, ♦7]
Player points: [14, 14], Bot points:[13, 13]
Bot get one more card ♣Q
Player point: 14, Bot point: 23
Player win! Money: 364.0
========================
Round #332
Player cards: [♥2, ♠T], Bot cards:[♣2, ♠2]
Player points: [12, 12], Bot points:[4, 4]
Player get one more card ♥3
Bot get one more card ♣A
Bot get one more card ♠9
Bot get one more card ♥9
Player point: 15, Bot point: 23
Player win! Money: 383.0
========================
Round #333
Player cards: [♠3, ♦6], Bot cards:[♣7, ♣K]
Player points: [9, 9], Bot points:[17, 17]
Player get one more card ♣6
Player get one more card ♥4
Player point: 19, Bot point: 17
Player win! Money: 402.0
========================
Round #334
Player cards: [♦7, ♥K], Bot cards:[♠2, ♠5]
Player points: [17, 17], Bot points:[7, 7]
Bot get one more card ♠J
Player point: 17, Bot point: 17
Draw! Money:401.0
========================
Round #335
Player cards: [♥3, ♥J], Bot cards:[♣7, ♣A]
Player points: [13, 13], Bot points:[8, 18]
Player get one more card ♣T
Bot get one more card ♠8
Bot get one more card ♦6
Player point: 23, Bot point: 22
Player lose! Money: 380.0
========================
Round #336
Player cards: [♦7, ♦K], Bot cards:[♠2, ♦A]
Player points: [17, 17], Bot points:[3, 13]
Bot get one more card ♥6
Bot get one more card ♣6
Bot get one more card ♥2
Player point: 17, Bot point: 17
Draw! Money:379.0
========================
Round #337
Player cards: [♣2, ♥5], Bot cards:[♣4, ♥7]
Player points: [7, 7], Bot points:[11, 11]
Player get one more card ♥K
Bot get one more card ♠4
Bot get one more card ♦5
Player point: 17, Bot point: 20
Player lose! Money: 358.0
========================
Round #338
Player cards: [♠4, ♦5], Bot cards:[♦K, ♠K]
Player points: [9, 9], Bot points:[20, 20]
Player get one more card ♠T
Player point: 19, Bot point: 20
Player lose! Money: 337.0
========================
Round #339
Player cards: [♣9, ♣A], Bot cards:[♥T, ♦Q]
Player points: [10, 20], Bot points:[20, 20]
Player point: 20, Bot point: 20
Draw! Money:336.0
========================
Round #340
Player cards: [♦4, ♥7], Bot cards:[♣5, ♦9]
Player points: [11, 11], Bot points:[14, 14]
----- Double Bet! -----
Player get one more card ♦9
Bot get one more card ♥Q
Player point: 20, Bot point: 24
Player win! Money: 375.0
========================
Round #341
Player cards: [♣T, ♦Q], Bot cards:[♦4, ♥8]
Player points: [20, 20], Bot points:[12, 12]
Bot get one more card ♠K
Player point: 20, Bot point: 22
Player win! Money: 394.0
========================
Round #342
Player cards: [♥9, ♥T], Bot cards:[♦Q, ♠A]
Player points: [19, 19], Bot points:[11, 21]
Bot get one more card ♥9
Player point: 19, Bot point: 20
Player lose! Money: 373.0
========================
Round #343
Player cards: [♠J, ♦J], Bot cards:[♦5, ♦T]
Player points: [20, 20], Bot points:[15, 15]
Bot get one more card ♥Q
Player point: 20, Bot point: 25
Player win! Money: 392.0
========================
Round #344
Player cards: [♦J, ♣K], Bot cards:[♣2, ♦8]
Player points: [20, 20], Bot points:[10, 10]
Bot get one more card ♦3
Bot get one more card ♠7
Player point: 20, Bot point: 20
Draw! Money:391.0
========================
Round #345
Player cards: [♣8, ♥A], Bot cards:[♥4, ♦Q]
Player points: [9, 19], Bot points:[14, 14]
Bot get one more card ♥5
Player point: 19, Bot point: 19
Draw! Money:390.0
========================
Round #346
Player cards: [♦6, ♥7], Bot cards:[♦2, ♥4]
Player points: [13, 13], Bot points:[6, 6]
Bot get one more card ♦A
Bot get one more card ♠7
Bot get one more card ♠6
Player point: 13, Bot point: 20
Player lose! Money: 369.0
========================
Round #347
Player cards: [♣5, ♥K], Bot cards:[♦T, ♠A]
Player points: [15, 15], Bot points:[11, 21]
Player get one more card ♥7
Bot get one more card ♦K
Player point: 22, Bot point: 21
Player lose! Money: 348.0
========================
Round #348
Player cards: [♠5, ♦8], Bot cards:[♥4, ♠6]
Player points: [13, 13], Bot points:[10, 10]
Bot get one more card ♥6
Bot get one more card ♠9
Player point: 13, Bot point: 25
Player win! Money: 367.0
========================
Round #349
Player cards: [♠3, ♠9], Bot cards:[♥4, ♠J]
Player points: [12, 12], Bot points:[14, 14]
Bot get one more card ♣Q
Player point: 12, Bot point: 24
Player win! Money: 386.0
========================
Round #350
Player cards: [♥5, ♥9], Bot cards:[♣4, ♥A]
Player points: [14, 14], Bot points:[5, 15]
Bot get one more card ♦3
Bot get one more card ♣7
Bot get one more card ♠7
Player point: 14, Bot point: 22
Player win! Money: 405.0
========================
Round #351
Player cards: [♣4, ♣6], Bot cards:[♦4, ♣K]
Player points: [10, 10], Bot points:[14, 14]
----- Double Bet! -----
Player get one more card ♥Q
Bot get one more card ♥T
Player point: 20, Bot point: 24
Player win! Money: 444.0
========================
Round #352
Player cards: [♠3, ♣9], Bot cards:[♠2, ♣9]
Player points: [12, 12], Bot points:[11, 11]
Player get one more card ♥Q
Bot get one more card ♠5
Bot get one more card ♦A
Player point: 22, Bot point: 17
Player lose! Money: 423.0
========================
Round #353
Player cards: [♣6, ♠T], Bot cards:[♠5, ♣Q]
Player points: [16, 16], Bot points:[15, 15]
Bot get one more card ♣8
Player point: 16, Bot point: 23
Player win! Money: 442.0
========================
Round #354
Player cards: [♥J, ♠J], Bot cards:[♦5, ♣T]
Player points: [20, 20], Bot points:[15, 15]
Bot get one more card ♣8
Player point: 20, Bot point: 23
Player win! Money: 461.0
========================
Round #355
Player cards: [♣5, ♥8], Bot cards:[♣3, ♣A]
Player points: [13, 13], Bot points:[4, 14]
Bot get one more card ♥T
Bot get one more card ♠9
Player point: 13, Bot point: 23
Player win! Money: 480.0
========================
Round #356
Player cards: [♦6, ♦A], Bot cards:[♦2, ♣J]
Player points: [7, 17], Bot points:[12, 12]
Bot get one more card ♥A
Bot get one more card ♥6
Player point: 17, Bot point: 19
Player lose! Money: 459.0
========================
Round #357
Player cards: [♠6, ♦8], Bot cards:[♣4, ♣J]
Player points: [14, 14], Bot points:[14, 14]
Bot get one more card ♠K
Player point: 14, Bot point: 24
Player win! Money: 478.0
========================
Round #358
Player cards: [♥8, ♦K], Bot cards:[♣8, ♥J]
Player points: [18, 18], Bot points:[18, 18]
Player point: 18, Bot point: 18
Draw! Money:477.0
========================
Round #359
Player cards: [♠9, ♠A], Bot cards:[♥3, ♣9]
Player points: [10, 20], Bot points:[12, 12]
Bot get one more card ♥6
Player point: 20, Bot point: 18
Player win! Money: 496.0
========================
Round #360
Player cards: [♠7, ♣J], Bot cards:[♣5, ♠8]
Player points: [17, 17], Bot points:[13, 13]
Bot get one more card ♦T
Player point: 17, Bot point: 23
Player win! Money: 515.0
========================
Round #361
Player cards: [♥2, ♠8], Bot cards:[♥J, ♠A]
Player points: [10, 10], Bot points:[11, 21]
Player get one more card ♣K
Bot get one more card ♠Q
Player point: 20, Bot point: 21
Player lose! Money: 494.0
========================
Round #362
Player cards: [♣T, ♦J], Bot cards:[♠3, ♥7]
Player points: [20, 20], Bot points:[10, 10]
Bot get one more card ♣7
Player point: 20, Bot point: 17
Player win! Money: 513.0
========================
Round #363
Player cards: [♦3, ♦J], Bot cards:[♣3, ♠K]
Player points: [13, 13], Bot points:[13, 13]
Bot get one more card ♠4
Player point: 13, Bot point: 17
Player lose! Money: 492.0
========================
Round #364
Player cards: [♦4, ♥A], Bot cards:[♠5, ♠8]
Player points: [5, 15], Bot points:[13, 13]
Bot get one more card ♦T
Player point: 15, Bot point: 23
Player win! Money: 511.0
========================
Round #365
New deck
Player cards: [♣6, ♣J], Bot cards:[♣4, ♦A]
Player points: [16, 16], Bot points:[5, 15]
Bot get one more card ♦2
Bot get one more card ♣K
Player point: 16, Bot point: 17
Player lose! Money: 490.0
========================
Round #366
Player cards: [♠5, ♥J], Bot cards:[♥2, ♣4]
Player points: [15, 15], Bot points:[6, 6]
Bot get one more card ♥K
Bot get one more card ♠7
Player point: 15, Bot point: 23
Player win! Money: 509.0
========================
Round #367
Player cards: [♥4, ♠A], Bot cards:[♥4, ♥7]
Player points: [5, 15], Bot points:[11, 11]
Bot get one more card ♣5
Bot get one more card ♥6
Player point: 15, Bot point: 22
Player win! Money: 528.0
========================
Round #368
Player cards: [♥4, ♦7], Bot cards:[♠8, ♦8]
Player points: [11, 11], Bot points:[16, 16]
----- Double Bet! -----
Player get one more card ♥Q
Bot get one more card ♠4
Player point: 21, Bot point: 20
Player win! Money: 567.0
========================
Round #369
Player cards: [♠7, ♦T], Bot cards:[♠2, ♠J]
Player points: [17, 17], Bot points:[12, 12]
Bot get one more card ♦A
Bot get one more card ♣T
Player point: 17, Bot point: 23
Player win! Money: 586.0
========================
Round #370
Player cards: [♥5, ♣Q], Bot cards:[♣5, ♦9]
Player points: [15, 15], Bot points:[14, 14]
Bot get one more card ♥9
Player point: 15, Bot point: 23
Player win! Money: 605.0
========================
Round #371
Player cards: [♥8, ♥Q], Bot cards:[♣2, ♠K]
Player points: [18, 18], Bot points:[12, 12]
Bot get one more card ♣3
Bot get one more card ♣J
Player point: 18, Bot point: 25
Player win! Money: 624.0
========================
Round #372
Player cards: [♥6, ♦7], Bot cards:[♥5, ♥6]
Player points: [13, 13], Bot points:[11, 11]
Bot get one more card ♥Q
Player point: 13, Bot point: 21
Player lose! Money: 603.0
========================
Round #373
Player cards: [♥6, ♥8], Bot cards:[♣2, ♣K]
Player points: [14, 14], Bot points:[12, 12]
Bot get one more card ♠T
Player point: 14, Bot point: 22
Player win! Money: 622.0
========================
Round #374
Player cards: [♥8, ♠9], Bot cards:[♠3, ♦9]
Player points: [17, 17], Bot points:[12, 12]
Bot get one more card ♦8
Player point: 17, Bot point: 20
Player lose! Money: 601.0
========================
Round #375
Player cards: [♦2, ♣Q], Bot cards:[♠T, ♣J]
Player points: [12, 12], Bot points:[20, 20]
Player get one more card ♦9
Player point: 21, Bot point: 20
Player win! Money: 620.0
========================
Round #376
Player cards: [♣6, ♥A], Bot cards:[♠5, ♣T]
Player points: [7, 17], Bot points:[15, 15]
Bot get one more card ♦J
Player point: 17, Bot point: 25
Player win! Money: 639.0
========================
Round #377
Player cards: [♠8, ♦K], Bot cards:[♠T, ♠K]
Player points: [18, 18], Bot points:[20, 20]
Player point: 18, Bot point: 20
Player lose! Money: 618.0
========================
Round #378
Player cards: [♥K, ♦A], Bot cards:[♦5, ♠Q]
Player points: [11, 21], Bot points:[15, 15]
Bot get one more card ♦K
Player point: 21, Bot point: 25
------ BlackJack!! ------
Player win! Money: 641.0
========================
Round #379
Player cards: [♣3, ♠6], Bot cards:[♥J, ♣A]
Player points: [9, 9], Bot points:[11, 21]
Player get one more card ♣4
Player get one more card ♦2
Player get one more card ♥2
Bot get one more card ♠8
Player point: 17, Bot point: 19
Player lose! Money: 620.0
========================
Round #380
Player cards: [♦2, ♦T], Bot cards:[♦5, ♦6]
Player points: [12, 12], Bot points:[11, 11]
Bot get one more card ♦K
Player point: 12, Bot point: 21
Player lose! Money: 599.0
========================
Round #381
Player cards: [♦J, ♥K], Bot cards:[♥Q, ♠A]
Player points: [20, 20], Bot points:[11, 21]
Bot get one more card ♦6
Player point: 20, Bot point: 17
Player win! Money: 618.0
========================
Round #382
Player cards: [♥A, ♠A], Bot cards:[♠3, ♠4]
Player points: [2, 12], Bot points:[7, 7]
-------- Split! Two hands: [4, 14], [10, 20]
For second hand:
Bot get one more card ♦2
Bot get one more card ♠9
Player point: 14, Bot point: 18
Player lose! Money: 597.0
========================
Player point: 20, Bot point: 18
Player win! Money: 617.0
========================
Round #383
Player cards: [♠9, ♥T], Bot cards:[♦Q, ♥K]
Player points: [19, 19], Bot points:[20, 20]
Player point: 19, Bot point: 20
Player lose! Money: 596.0
========================
Round #384
Player cards: [♣2, ♦Q], Bot cards:[♦5, ♣5]
Player points: [12, 12], Bot points:[10, 10]
Bot get one more card ♠5
Bot get one more card ♦4
Player point: 12, Bot point: 19
Player lose! Money: 575.0
========================
Round #385
Player cards: [♦8, ♣A], Bot cards:[♠3, ♣9]
Player points: [9, 19], Bot points:[12, 12]
Bot get one more card ♥3
Bot get one more card ♠K
Player point: 19, Bot point: 25
Player win! Money: 594.0
========================
Round #386
Player cards: [♣7, ♥A], Bot cards:[♣T, ♣J]
Player points: [8, 18], Bot points:[20, 20]
Player point: 18, Bot point: 20
Player lose! Money: 573.0
========================
Round #387
Player cards: [♣3, ♣K], Bot cards:[♠2, ♥T]
Player points: [13, 13], Bot points:[12, 12]
Bot get one more card ♦7
Player point: 13, Bot point: 19
Player lose! Money: 552.0
========================
Round #388
Player cards: [♦7, ♠J], Bot cards:[♠Q, ♠Q]
Player points: [17, 17], Bot points:[20, 20]
Player point: 17, Bot point: 20
Player lose! Money: 531.0
========================
Round #389
Player cards: [♠2, ♣Q], Bot cards:[♦4, ♠7]
Player points: [12, 12], Bot points:[11, 11]
Bot get one more card ♣8
Player point: 12, Bot point: 19
Player lose! Money: 510.0
========================
Round #390
Player cards: [♦K, ♣A], Bot cards:[♣6, ♣9]
Player points: [11, 21], Bot points:[15, 15]
Bot get one more card ♥7
Player point: 21, Bot point: 22
------ BlackJack!! ------
Player win! Money: 533.0
========================
Round #391
Player cards: [♦4, ♠6], Bot cards:[♣8, ♣9]
Player points: [10, 10], Bot points:[17, 17]
----- Double Bet! -----
Player get one more card ♦A
Player point: 21, Bot point: 17
Player win! Money: 572.0
========================
Round #392
Player cards: [♠2, ♦Q], Bot cards:[♠3, ♣4]
Player points: [12, 12], Bot points:[7, 7]
Player get one more card ♣K
Bot get one more card ♦J
Player point: 22, Bot point: 17
Player lose! Money: 551.0
========================
Round #393
Player cards: [♥2, ♠4], Bot cards:[♥7, ♥J]
Player points: [6, 6], Bot points:[17, 17]
Player get one more card ♦9
Player get one more card ♠A
Player get one more card ♥9
Player point: 25, Bot point: 17
Player lose! Money: 530.0
========================
Round #394
Player cards: [♣8, ♣9], Bot cards:[♣2, ♠T]
Player points: [17, 17], Bot points:[12, 12]
Bot get one more card ♦9
Player point: 17, Bot point: 21
Player lose! Money: 509.0
========================
Round #395
Player cards: [♥T, ♣A], Bot cards:[♠6, ♠J]
Player points: [11, 21], Bot points:[16, 16]
Bot get one more card ♥2
Player point: 21, Bot point: 18
------ BlackJack!! ------
Player win! Money: 532.0
========================
Round #396
Player cards: [♥3, ♦Q], Bot cards:[♠4, ♣Q]
Player points: [13, 13], Bot points:[14, 14]
Bot get one more card ♠8
Player point: 13, Bot point: 22
Player win! Money: 551.0
========================
Round #397
Player cards: [♦3, ♦T], Bot cards:[♦3, ♥A]
Player points: [13, 13], Bot points:[4, 14]
Bot get one more card ♠5
Bot get one more card ♣5
Bot get one more card ♣8
Player point: 13, Bot point: 22
Player win! Money: 570.0
========================
Round #398
Player cards: [♦6, ♥J], Bot cards:[♥3, ♦4]
Player points: [16, 16], Bot points:[7, 7]
Bot get one more card ♦8
Bot get one more card ♣T
Player point: 16, Bot point: 25
Player win! Money: 589.0
========================
Round #399
Player cards: [♣7, ♥9], Bot cards:[♥5, ♦5]
Player points: [16, 16], Bot points:[10, 10]
Bot get one more card ♦J
Player point: 16, Bot point: 20
Player lose! Money: 568.0
========================
Round #400
Player cards: [♣3, ♠3], Bot cards:[♦3, ♥7]
Player points: [6, 6], Bot points:[10, 10]
Player get one more card ♠K
Bot get one more card ♠J
Player point: 16, Bot point: 20
Player lose! Money: 547.0
========================
Round #401
Player cards: [♥5, ♣7], Bot cards:[♣3, ♥8]
Player points: [12, 12], Bot points:[11, 11]
Player get one more card ♠6
Bot get one more card ♦6
Player point: 18, Bot point: 17
Player win! Money: 566.0
========================
Round #402
Player cards: [♣3, ♥3], Bot cards:[♥4, ♥9]
Player points: [6, 6], Bot points:[13, 13]
-------- Split! Two hands: [13, 13], [9, 9]
For second hand:
----- Double Bet! -----
Player get one more card ♠Q
Bot get one more card ♥T
Player point: 13, Bot point: 23
Player win! Money: 585.0
========================
Player point: 19, Bot point: 23
Player win! Money: 625.0
========================
Round #403
New deck
Player cards: [♣T, ♥J], Bot cards:[♣5, ♦9]
Player points: [20, 20], Bot points:[14, 14]
Bot get one more card ♠Q
Player point: 20, Bot point: 24
Player win! Money: 644.0
========================
Round #404
Player cards: [♥8, ♦Q], Bot cards:[♥5, ♦T]
Player points: [18, 18], Bot points:[15, 15]
Bot get one more card ♥2
Player point: 18, Bot point: 17
Player win! Money: 663.0
========================
Round #405
Player cards: [♥9, ♥Q], Bot cards:[♥3, ♣Q]
Player points: [19, 19], Bot points:[13, 13]
Bot get one more card ♣J
Player point: 19, Bot point: 23
Player win! Money: 682.0
========================
Round #406
Player cards: [♠4, ♣6], Bot cards:[♦6, ♦K]
Player points: [10, 10], Bot points:[16, 16]
----- Double Bet! -----
Player get one more card ♠Q
Bot get one more card ♠8
Player point: 20, Bot point: 24
Player win! Money: 721.0
========================
Round #407
Player cards: [♦7, ♣8], Bot cards:[♣4, ♦6]
Player points: [15, 15], Bot points:[10, 10]
Bot get one more card ♠6
Bot get one more card ♦5
Player point: 15, Bot point: 21
Player lose! Money: 700.0
========================
Round #408
Player cards: [♣8, ♥K], Bot cards:[♦4, ♥K]
Player points: [18, 18], Bot points:[14, 14]
Bot get one more card ♣3
Player point: 18, Bot point: 17
Player win! Money: 719.0
========================
Round #409
Player cards: [♦3, ♥3], Bot cards:[♣3, ♠7]
Player points: [6, 6], Bot points:[10, 10]
Player get one more card ♠5
Player get one more card ♥2
Bot get one more card ♣K
Player point: 13, Bot point: 20
Player lose! Money: 698.0
========================
Round #410
Player cards: [♥9, ♠Q], Bot cards:[♠6, ♣9]
Player points: [19, 19], Bot points:[15, 15]
Bot get one more card ♠Q
Player point: 19, Bot point: 25
Player win! Money: 717.0
========================
Round #411
Player cards: [♥4, ♦T], Bot cards:[♠7, ♣K]
Player points: [14, 14], Bot points:[17, 17]
Player get one more card ♥A
Player get one more card ♠A
Player get one more card ♥A
Player point: 17, Bot point: 17
Draw! Money:716.0
========================
Round #412
Player cards: [♣7, ♠T], Bot cards:[♦4, ♦5]
Player points: [17, 17], Bot points:[9, 9]
Bot get one more card ♦J
Player point: 17, Bot point: 19
Player lose! Money: 695.0
========================
Round #413
Player cards: [♦5, ♦A], Bot cards:[♣6, ♦7]
Player points: [6, 16], Bot points:[13, 13]
Bot get one more card ♥7
Player point: 16, Bot point: 20
Player lose! Money: 674.0
========================
Round #414
Player cards: [♦4, ♠8], Bot cards:[♥6, ♦8]
Player points: [12, 12], Bot points:[14, 14]
Bot get one more card ♥6
Player point: 12, Bot point: 20
Player lose! Money: 653.0
========================
Round #415
Player cards: [♠2, ♥7], Bot cards:[♥2, ♠5]
Player points: [9, 9], Bot points:[7, 7]
Player get one more card ♠Q
Bot get one more card ♠4
Bot get one more card ♦7
Player point: 19, Bot point: 18
Player win! Money: 672.0
========================
Round #416
Player cards: [♥J, ♣J], Bot cards:[♥4, ♥Q]
Player points: [20, 20], Bot points:[14, 14]
Bot get one more card ♣2
Bot get one more card ♣A
Player point: 20, Bot point: 17
Player win! Money: 691.0
========================
Round #417
Player cards: [♣5, ♠9], Bot cards:[♠2, ♦9]
Player points: [14, 14], Bot points:[11, 11]
Bot get one more card ♣T
Player point: 14, Bot point: 21
Player lose! Money: 670.0
========================
Round #418
Player cards: [♠3, ♣J], Bot cards:[♣7, ♦8]
Player points: [13, 13], Bot points:[15, 15]
Player get one more card ♥A
Player get one more card ♣3
Bot get one more card ♣2
Player point: 17, Bot point: 17
Draw! Money:669.0
========================
Round #419
Player cards: [♠T, ♠J], Bot cards:[♥6, ♠6]
Player points: [20, 20], Bot points:[12, 12]
Bot get one more card ♦2
Bot get one more card ♥5
Player point: 20, Bot point: 19
Player win! Money: 688.0
========================
Round #420
Player cards: [♦9, ♥Q], Bot cards:[♣8, ♣T]
Player points: [19, 19], Bot points:[18, 18]
Player point: 19, Bot point: 18
Player win! Money: 707.0
========================
Round #421
Player cards: [♥5, ♣K], Bot cards:[♠8, ♣9]
Player points: [15, 15], Bot points:[17, 17]
Player get one more card ♥9
Player point: 24, Bot point: 17
Player lose! Money: 686.0
========================
Round #422
Player cards: [♦4, ♦K], Bot cards:[♣3, ♣Q]
Player points: [14, 14], Bot points:[13, 13]
Bot get one more card ♠J
Player point: 14, Bot point: 23
Player win! Money: 705.0
========================
Round #423
Player cards: [♠7, ♠K], Bot cards:[♦2, ♥7]
Player points: [17, 17], Bot points:[9, 9]
Bot get one more card ♦2
Bot get one more card ♠9
Player point: 17, Bot point: 20
Player lose! Money: 684.0
========================
Round #424
Player cards: [♣9, ♣T], Bot cards:[♠6, ♦J]
Player points: [19, 19], Bot points:[16, 16]
Bot get one more card ♠4
Player point: 19, Bot point: 20
Player lose! Money: 663.0
========================
Round #425
Player cards: [♦6, ♠A], Bot cards:[♥2, ♦T]
Player points: [7, 17], Bot points:[12, 12]
Bot get one more card ♦3
Bot get one more card ♦9
Player point: 17, Bot point: 24
Player win! Money: 682.0
========================
Round #426
Player cards: [♠T, ♣Q], Bot cards:[♠T, ♥J]
Player points: [20, 20], Bot points:[20, 20]
Player point: 20, Bot point: 20
Draw! Money:681.0
========================
Round #427
Player cards: [♦3, ♣9], Bot cards:[♥T, ♣A]
Player points: [12, 12], Bot points:[11, 21]
Player get one more card ♦J
Bot get one more card ♣J
Player point: 22, Bot point: 21
Player lose! Money: 660.0
========================
Round #428
Player cards: [♠3, ♥T], Bot cards:[♠4, ♥K]
Player points: [13, 13], Bot points:[14, 14]
Bot get one more card ♦6
Player point: 13, Bot point: 20
Player lose! Money: 639.0
========================
Round #429
Player cards: [♣5, ♦Q], Bot cards:[♥T, ♣A]
Player points: [15, 15], Bot points:[11, 21]
Player get one more card ♦K
Bot get one more card ♥T
Player point: 25, Bot point: 21
Player lose! Money: 618.0
========================
Round #430
Player cards: [♠J, ♣A], Bot cards:[♠5, ♦5]
Player points: [11, 21], Bot points:[10, 10]
Bot get one more card ♥8
Player point: 21, Bot point: 18
------ BlackJack!! ------
Player win! Money: 641.0
========================
Round #431
Player cards: [♣6, ♠K], Bot cards:[♥4, ♦A]
Player points: [16, 16], Bot points:[5, 15]
Bot get one more card ♥9
Bot get one more card ♥3
Player point: 16, Bot point: 17
Player lose! Money: 620.0
========================
Round #432
Player cards: [♥3, ♥7], Bot cards:[♦7, ♦Q]
Player points: [10, 10], Bot points:[17, 17]
----- Double Bet! -----
Player get one more card ♣7
Player point: 17, Bot point: 17
Draw! Money:619.0
========================
Round #433
Player cards: [♠J, ♠K], Bot cards:[♦2, ♥J]
Player points: [20, 20], Bot points:[12, 12]
Bot get one more card ♠2
Bot get one more card ♣6
Player point: 20, Bot point: 20
Draw! Money:618.0
========================
Round #434
Player cards: [♠7, ♠9], Bot cards:[♠9, ♠A]
Player points: [16, 16], Bot points:[10, 20]
Player get one more card ♠3
Bot get one more card ♦T
Player point: 19, Bot point: 20
Player lose! Money: 597.0
========================
Round #435
Player cards: [♥4, ♣7], Bot cards:[♣4, ♠8]
Player points: [11, 11], Bot points:[12, 12]
----- Double Bet! -----
Player get one more card ♠A
Bot get one more card ♣4
Bot get one more card ♥A
Player point: 12, Bot point: 17
Player lose! Money: 556.0
========================
Round #436
Player cards: [♣5, ♥Q], Bot cards:[♣8, ♦A]
Player points: [15, 15], Bot points:[9, 19]
Player get one more card ♦8
Bot get one more card ♣K
Player point: 23, Bot point: 19
Player lose! Money: 535.0
========================
Round #437
Player cards: [♠3, ♠7], Bot cards:[♠K, ♦K]
Player points: [10, 10], Bot points:[20, 20]
Player get one more card ♥5
Player get one more card ♥8
Player point: 23, Bot point: 20
Player lose! Money: 514.0
========================
Round #438
Player cards: [♥8, ♣Q], Bot cards:[♣2, ♥K]
Player points: [18, 18], Bot points:[12, 12]
Bot get one more card ♥6
Player point: 18, Bot point: 18
Draw! Money:513.0
========================
Round #439
Player cards: [♣2, ♣7], Bot cards:[♦3, ♣4]
Player points: [9, 9], Bot points:[7, 7]
----- Double Bet! -----
Player get one more card ♦8
Bot get one more card ♠5
Bot get one more card ♦A
Bot get one more card ♠2
Bot get one more card ♦J
Player point: 17, Bot point: 25
Player win! Money: 552.0
========================
Round #440
New deck
Player cards: [♠8, ♣T], Bot cards:[♥3, ♠8]
Player points: [18, 18], Bot points:[11, 11]
Bot get one more card ♣J
Player point: 18, Bot point: 21
Player lose! Money: 531.0
========================
Round #441
Player cards: [♦2, ♣A], Bot cards:[♥3, ♦K]
Player points: [3, 13], Bot points:[13, 13]
Bot get one more card ♠8
Player point: 13, Bot point: 21
Player lose! Money: 510.0
========================
Round #442
Player cards: [♦K, ♣A], Bot cards:[♠5, ♥A]
Player points: [11, 21], Bot points:[6, 16]
Bot get one more card ♦7
Bot get one more card ♠6
Player point: 21, Bot point: 19
------ BlackJack!! ------
Player win! Money: 533.0
========================
Round #443
Player cards: [♠5, ♥T], Bot cards:[♦6, ♥8]
Player points: [15, 15], Bot points:[14, 14]
Bot get one more card ♣5
Player point: 15, Bot point: 19
Player lose! Money: 512.0
========================
Round #444
Player cards: [♣4, ♥J], Bot cards:[♣7, ♠J]
Player points: [14, 14], Bot points:[17, 17]
Player get one more card ♦8
Player point: 22, Bot point: 17
Player lose! Money: 491.0
========================
Round #445
Player cards: [♦9, ♦K], Bot cards:[♥7, ♠K]
Player points: [19, 19], Bot points:[17, 17]
Player point: 19, Bot point: 17
Player win! Money: 510.0
========================
Round #446
Player cards: [♣2, ♠3], Bot cards:[♠8, ♣A]
Player points: [5, 5], Bot points:[9, 19]
Player get one more card ♣3
Player get one more card ♣2
Player get one more card ♥K
Bot get one more card ♣3
Bot get one more card ♦T
Player point: 20, Bot point: 22
Player win! Money: 529.0
========================
Round #447
Player cards: [♥2, ♦6], Bot cards:[♠9, ♥T]
Player points: [8, 8], Bot points:[19, 19]
Player get one more card ♣8
Player get one more card ♥5
Player point: 21, Bot point: 19
Player win! Money: 548.0
========================
Round #448
Player cards: [♥9, ♦Q], Bot cards:[♥2, ♥3]
Player points: [19, 19], Bot points:[5, 5]
Bot get one more card ♥6
Bot get one more card ♠5
Bot get one more card ♦8
Player point: 19, Bot point: 24
Player win! Money: 567.0
========================
Round #449
Player cards: [♣5, ♥8], Bot cards:[♠7, ♦J]
Player points: [13, 13], Bot points:[17, 17]
Player get one more card ♥8
Player point: 21, Bot point: 17
Player win! Money: 586.0
========================
Round #450
Player cards: [♣2, ♣5], Bot cards:[♠4, ♥J]
Player points: [7, 7], Bot points:[14, 14]
Player get one more card ♥A
Bot get one more card ♠3
Player point: 18, Bot point: 17
Player win! Money: 605.0
========================
Round #451
Player cards: [♥6, ♠9], Bot cards:[♥5, ♦T]
Player points: [15, 15], Bot points:[15, 15]
Bot get one more card ♣4
Player point: 15, Bot point: 19
Player lose! Money: 584.0
========================
Round #452
Player cards: [♦4, ♥4], Bot cards:[♥4, ♥K]
Player points: [8, 8], Bot points:[14, 14]
Player get one more card ♣T
Bot get one more card ♠9
Player point: 18, Bot point: 23
Player win! Money: 603.0
========================
Round #453
Player cards: [♥T, ♥K], Bot cards:[♦7, ♦A]
Player points: [20, 20], Bot points:[8, 18]
Bot get one more card ♦5
Bot get one more card ♦7
Player point: 20, Bot point: 20
Draw! Money:602.0
========================
Round #454
Player cards: [♦T, ♥A], Bot cards:[♥2, ♣Q]
Player points: [11, 21], Bot points:[12, 12]
Bot get one more card ♣9
Player point: 21, Bot point: 21
Player lose! Money: 581.0
========================
Round #455
Player cards: [♥2, ♥6], Bot cards:[♠T, ♥Q]
Player points: [8, 8], Bot points:[20, 20]
Player get one more card ♦2
Player get one more card ♦5
Player get one more card ♠T
Player point: 25, Bot point: 20
Player lose! Money: 560.0
========================
Round #456
Player cards: [♠6, ♣7], Bot cards:[♣6, ♥9]
Player points: [13, 13], Bot points:[15, 15]
Bot get one more card ♦Q
Player point: 13, Bot point: 25
Player win! Money: 579.0
========================
Round #457
Player cards: [♠6, ♥J], Bot cards:[♦6, ♣K]
Player points: [16, 16], Bot points:[16, 16]
Bot get one more card ♠7
Player point: 16, Bot point: 23
Player win! Money: 598.0
========================
Round #458
Player cards: [♠3, ♣8], Bot cards:[♠7, ♣T]
Player points: [11, 11], Bot points:[17, 17]
----- Double Bet! -----
Player get one more card ♦T
Player point: 21, Bot point: 17
Player win! Money: 637.0
========================
Round #459
Player cards: [♠7, ♠A], Bot cards:[♥7, ♣T]
Player points: [8, 18], Bot points:[17, 17]
Player point: 18, Bot point: 17
Player win! Money: 656.0
========================
Round #460
Player cards: [♣2, ♣6], Bot cards:[♠3, ♠T]
Player points: [8, 8], Bot points:[13, 13]
Player get one more card ♣3
Player get one more card ♠K
Bot get one more card ♦J
Player point: 21, Bot point: 23
Player win! Money: 675.0
========================
Round #461
Player cards: [♣J, ♠Q], Bot cards:[♦6, ♣A]
Player points: [20, 20], Bot points:[7, 17]
Bot get one more card ♥7
Bot get one more card ♦A
Bot get one more card ♥Q
Player point: 20, Bot point: 25
Player win! Money: 694.0
========================
Round #462
Player cards: [♦3, ♦8], Bot cards:[♣8, ♥Q]
Player points: [11, 11], Bot points:[18, 18]
----- Double Bet! -----
Player get one more card ♠J
Player point: 21, Bot point: 18
Player win! Money: 733.0
========================
Round #463
Player cards: [♦2, ♥T], Bot cards:[♦4, ♣K]
Player points: [12, 12], Bot points:[14, 14]
Bot get one more card ♣6
Player point: 12, Bot point: 20
Player lose! Money: 712.0
========================
Round #464
Player cards: [♣9, ♠A], Bot cards:[♥3, ♦8]
Player points: [10, 20], Bot points:[11, 11]
Bot get one more card ♦9
Player point: 20, Bot point: 20
Draw! Money:711.0
========================
Round #465
Player cards: [♦5, ♥9], Bot cards:[♥4, ♣4]
Player points: [14, 14], Bot points:[8, 8]
Bot get one more card ♣6
Bot get one more card ♦4
Player point: 14, Bot point: 18
Player lose! Money: 690.0
========================
Round #466
Player cards: [♦5, ♥9], Bot cards:[♠Q, ♠A]
Player points: [14, 14], Bot points:[11, 21]
Player get one more card ♠5
Bot get one more card ♦7
Player point: 19, Bot point: 18
Player win! Money: 709.0
========================
Round #467
Player cards: [♣5, ♠K], Bot cards:[♣7, ♠J]
Player points: [15, 15], Bot points:[17, 17]
Player get one more card ♠2
Player point: 17, Bot point: 17
Draw! Money:708.0
========================
Round #468
Player cards: [♥Q, ♠K], Bot cards:[♣Q, ♦A]
Player points: [20, 20], Bot points:[11, 21]
Bot get one more card ♦9
Player point: 20, Bot point: 20
Draw! Money:707.0
========================
Round #469
Player cards: [♥6, ♥A], Bot cards:[♥5, ♦9]
Player points: [7, 17], Bot points:[14, 14]
Bot get one more card ♠Q
Player point: 17, Bot point: 24
Player win! Money: 726.0
========================
Round #470
Player cards: [♠9, ♠Q], Bot cards:[♠2, ♦Q]
Player points: [19, 19], Bot points:[12, 12]
Bot get one more card ♣J
Player point: 19, Bot point: 22
Player win! Money: 745.0
========================
Round #471
Player cards: [♦3, ♠A], Bot cards:[♠6, ♦Q]
Player points: [4, 14], Bot points:[16, 16]
Bot get one more card ♦A
Player point: 14, Bot point: 17
Player lose! Money: 724.0
========================
Round #472
Player cards: [♠T, ♦J], Bot cards:[♦3, ♣Q]
Player points: [20, 20], Bot points:[13, 13]
Bot get one more card ♥7
Player point: 20, Bot point: 20
Draw! Money:723.0
========================
Round #473
Player cards: [♠2, ♦K], Bot cards:[♦3, ♣Q]
Player points: [12, 12], Bot points:[13, 13]
Player get one more card ♦2
Bot get one more card ♣7
Player point: 14, Bot point: 20
Player lose! Money: 702.0
========================
Round #474
Player cards: [♥5, ♣K], Bot cards:[♠4, ♠J]
Player points: [15, 15], Bot points:[14, 14]
Bot get one more card ♣9
Player point: 15, Bot point: 23
Player win! Money: 721.0
========================
Round #475
Player cards: [♦4, ♣8], Bot cards:[♣K, ♥K]
Player points: [12, 12], Bot points:[20, 20]
Player get one more card ♣9
Player point: 21, Bot point: 20
Player win! Money: 740.0
========================
Round #476
Player cards: [♥4, ♣J], Bot cards:[♠4, ♦J]
Player points: [14, 14], Bot points:[14, 14]
Bot get one more card ♥8
Player point: 14, Bot point: 22
Player win! Money: 759.0
========================
Round #477
New deck
Player cards: [♦5, ♥J], Bot cards:[♠5, ♥J]
Player points: [15, 15], Bot points:[15, 15]
Bot get one more card ♠A
Bot get one more card ♣8
Player point: 15, Bot point: 24
Player win! Money: 778.0
========================
Round #478
Player cards: [♠2, ♠A], Bot cards:[♣2, ♠T]
Player points: [3, 13], Bot points:[12, 12]
Bot get one more card ♣3
Bot get one more card ♠4
Player point: 13, Bot point: 19
Player lose! Money: 757.0
========================
Round #479
Player cards: [♦2, ♣8], Bot cards:[♥5, ♣Q]
Player points: [10, 10], Bot points:[15, 15]
----- Double Bet! -----
Player get one more card ♣3
Bot get one more card ♦9
Player point: 13, Bot point: 24
Player win! Money: 796.0
========================
Round #480
Player cards: [♥K, ♠A], Bot cards:[♠5, ♥9]
Player points: [11, 21], Bot points:[14, 14]
Bot get one more card ♥9
Player point: 21, Bot point: 23
------ BlackJack!! ------
Player win! Money: 819.0
========================
Round #481
Player cards: [♣T, ♣K], Bot cards:[♥7, ♥8]
Player points: [20, 20], Bot points:[15, 15]
Bot get one more card ♥4
Player point: 20, Bot point: 19
Player win! Money: 838.0
========================
Round #482
Player cards: [♣2, ♦K], Bot cards:[♣7, ♠8]
Player points: [12, 12], Bot points:[15, 15]
Player get one more card ♥2
Player get one more card ♦J
Bot get one more card ♣A
Bot get one more card ♠8
Player point: 24, Bot point: 24
Player lose! Money: 817.0
========================
Round #483
Player cards: [♠3, ♣5], Bot cards:[♠3, ♦3]
Player points: [8, 8], Bot points:[6, 6]
Player get one more card ♠9
Bot get one more card ♣9
Bot get one more card ♠K
Player point: 17, Bot point: 25
Player win! Money: 836.0
========================
Round #484
Player cards: [♦Q, ♦Q], Bot cards:[♦2, ♥T]
Player points: [20, 20], Bot points:[12, 12]
Bot get one more card ♦2
Bot get one more card ♥K
Player point: 20, Bot point: 24
Player win! Money: 855.0
========================
Round #485
Player cards: [♦7, ♠9], Bot cards:[♣Q, ♣K]
Player points: [16, 16], Bot points:[20, 20]
Player get one more card ♣8
Player point: 24, Bot point: 20
Player lose! Money: 834.0
========================
Round #486
Player cards: [♣4, ♣4], Bot cards:[♠T, ♥J]
Player points: [8, 8], Bot points:[20, 20]
Player get one more card ♠6
Player get one more card ♣4
Player point: 18, Bot point: 20
Player lose! Money: 813.0
========================
Round #487
Player cards: [♠7, ♦Q], Bot cards:[♦2, ♥7]
Player points: [17, 17], Bot points:[9, 9]
Bot get one more card ♦8
Player point: 17, Bot point: 17
Draw! Money:812.0
========================
Round #488
Player cards: [♥9, ♣Q], Bot cards:[♥J, ♦J]
Player points: [19, 19], Bot points:[20, 20]
Player point: 19, Bot point: 20
Player lose! Money: 791.0
========================
Round #489
Player cards: [♠5, ♦A], Bot cards:[♣6, ♠Q]
Player points: [6, 16], Bot points:[16, 16]
Bot get one more card ♦9
Player point: 16, Bot point: 25
Player win! Money: 810.0
========================
Round #490
Player cards: [♥4, ♦9], Bot cards:[♦7, ♣A]
Player points: [13, 13], Bot points:[8, 18]
Player get one more card ♠2
Player get one more card ♣2
Bot get one more card ♣9
Player point: 17, Bot point: 17
Draw! Money:809.0
========================
Round #491
Player cards: [♥6, ♠Q], Bot cards:[♠4, ♥8]
Player points: [16, 16], Bot points:[12, 12]
Bot get one more card ♠6
Player point: 16, Bot point: 18
Player lose! Money: 788.0
========================
Round #492
Player cards: [♣3, ♥Q], Bot cards:[♠6, ♠K]
Player points: [13, 13], Bot points:[16, 16]
Bot get one more card ♦4
Player point: 13, Bot point: 20
Player lose! Money: 767.0
========================
Round #493
Player cards: [♥3, ♣7], Bot cards:[♥5, ♣T]
Player points: [10, 10], Bot points:[15, 15]
----- Double Bet! -----
Player get one more card ♦A
Bot get one more card ♦3
Player point: 21, Bot point: 18
Player win! Money: 806.0
========================
Round #494
Player cards: [♠7, ♥Q], Bot cards:[♦4, ♦A]
Player points: [17, 17], Bot points:[5, 15]
Bot get one more card ♥A
Bot get one more card ♣4
Bot get one more card ♦Q
Player point: 17, Bot point: 20
Player lose! Money: 785.0
========================
Round #495
Player cards: [♣5, ♦8], Bot cards:[♠2, ♠K]
Player points: [13, 13], Bot points:[12, 12]
Bot get one more card ♥A
Bot get one more card ♦J
Player point: 13, Bot point: 23
Player win! Money: 804.0
========================
Round #496
Player cards: [♠7, ♠7], Bot cards:[♦T, ♥A]
Player points: [14, 14], Bot points:[11, 21]
Player get one more card ♠T
Bot get one more card ♥6
Player point: 24, Bot point: 17
Player lose! Money: 783.0
========================
Round #497
Player cards: [♣3, ♦T], Bot cards:[♠3, ♣9]
Player points: [13, 13], Bot points:[12, 12]
Bot get one more card ♦3
Bot get one more card ♠4
Player point: 13, Bot point: 19
Player lose! Money: 762.0
========================
Round #498
Player cards: [♥5, ♦Q], Bot cards:[♠6, ♦A]
Player points: [15, 15], Bot points:[7, 17]
Bot get one more card ♠3
Bot get one more card ♠J
Player point: 15, Bot point: 20
Player lose! Money: 741.0
========================
Round #499
Player cards: [♠2, ♦4], Bot cards:[♠Q, ♣K]
Player points: [6, 6], Bot points:[20, 20]
Player get one more card ♥K
Player get one more card ♣6
Player point: 22, Bot point: 20
Player lose! Money: 720.0
========================
Round #500
Player cards: [♥5, ♠5], Bot cards:[♥2, ♣J]
Player points: [10, 10], Bot points:[12, 12]
----- Double Bet! -----
Player get one more card ♠J
Bot get one more card ♥2
Bot get one more card ♠4
Player point: 20, Bot point: 18
Player win! Money: 759.0
========================
Round #501
Player cards: [♥Q, ♦K], Bot cards:[♦5, ♥8]
Player points: [20, 20], Bot points:[13, 13]
Bot get one more card ♣Q
Player point: 20, Bot point: 23
Player win! Money: 778.0
========================
Round #502
Player cards: [♦7, ♦9], Bot cards:[♠4, ♣5]
Player points: [16, 16], Bot points:[9, 9]
Bot get one more card ♥T
Player point: 16, Bot point: 19
Player lose! Money: 757.0
========================
Round #503
Player cards: [♥2, ♦8], Bot cards:[♦5, ♥7]
Player points: [10, 10], Bot points:[12, 12]
----- Double Bet! -----
Player get one more card ♥J
Bot get one more card ♣T
Player point: 20, Bot point: 22
Player win! Money: 796.0
========================
Round #504
Player cards: [♥6, ♦J], Bot cards:[♦3, ♥K]
Player points: [16, 16], Bot points:[13, 13]
Bot get one more card ♣T
Player point: 16, Bot point: 23
Player win! Money: 815.0
========================
Round #505
Player cards: [♣9, ♥Q], Bot cards:[♥3, ♦K]
Player points: [19, 19], Bot points:[13, 13]
Bot get one more card ♣6
Player point: 19, Bot point: 19
Draw! Money:814.0
========================
Round #506
Player cards: [♦6, ♥7], Bot cards:[♦4, ♠8]
Player points: [13, 13], Bot points:[12, 12]
Bot get one more card ♠A
Bot get one more card ♦5
Player point: 13, Bot point: 18
Player lose! Money: 793.0
========================
Round #507
Player cards: [♣2, ♦T], Bot cards:[♠8, ♥9]
Player points: [12, 12], Bot points:[17, 17]
Player get one more card ♣8
Player point: 20, Bot point: 17
Player win! Money: 812.0
========================
Round #508
Player cards: [♦6, ♠J], Bot cards:[♥8, ♣A]
Player points: [16, 16], Bot points:[9, 19]
Player get one more card ♣6
Bot get one more card ♣A
Bot get one more card ♠J
Player point: 22, Bot point: 20
Player lose! Money: 791.0
========================
Round #509
Player cards: [♣7, ♥T], Bot cards:[♠9, ♥A]
Player points: [17, 17], Bot points:[10, 20]
Bot get one more card ♠Q
Player point: 17, Bot point: 20
Player lose! Money: 770.0
========================
Round #510
Player cards: [♣3, ♥T], Bot cards:[♣J, ♣K]
Player points: [13, 13], Bot points:[20, 20]
Player get one more card ♥3
Player get one more card ♦7
Player point: 23, Bot point: 20
Player lose! Money: 749.0
========================
Round #511
Player cards: [♣5, ♦K], Bot cards:[♣7, ♣J]
Player points: [15, 15], Bot points:[17, 17]
Player get one more card ♥3
Player point: 18, Bot point: 17
Player win! Money: 768.0
========================
Round #512
Player cards: [♠2, ♦T], Bot cards:[♦6, ♦6]
Player points: [12, 12], Bot points:[12, 12]
Bot get one more card ♣J
Player point: 12, Bot point: 22
Player win! Money: 787.0
========================
Round #513
New deck
Player cards: [♦8, ♦8], Bot cards:[♦T, ♣J]
Player points: [16, 16], Bot points:[20, 20]
-------- Split! Two hands: [11, 11], [10, 10]
----- Double Bet! -----
Player get one more card ♣2
For second hand:
Player get one more card ♦T
Player point: 13, Bot point: 20
Player lose! Money: 746.0
========================
Player point: 20, Bot point: 20
Draw! Money:746.0
========================
Round #514
Player cards: [♦2, ♣Q], Bot cards:[♥5, ♠8]
Player points: [12, 12], Bot points:[13, 13]
Bot get one more card ♣6
Player point: 12, Bot point: 19
Player lose! Money: 725.0
========================
Round #515
Player cards: [♠4, ♣7], Bot cards:[♣J, ♠Q]
Player points: [11, 11], Bot points:[20, 20]
----- Double Bet! -----
Player get one more card ♦8
Player point: 19, Bot point: 20
Player lose! Money: 684.0
========================
Round #516
Player cards: [♦9, ♠A], Bot cards:[♦2, ♦3]
Player points: [10, 20], Bot points:[5, 5]
Bot get one more card ♦3
Bot get one more card ♦J
Player point: 20, Bot point: 18
Player win! Money: 703.0
========================
Round #517
Player cards: [♦7, ♣A], Bot cards:[♣7, ♣J]
Player points: [8, 18], Bot points:[17, 17]
Player point: 18, Bot point: 17
Player win! Money: 722.0
========================
Round #518
Player cards: [♣3, ♠9], Bot cards:[♠8, ♣T]
Player points: [12, 12], Bot points:[18, 18]
Player get one more card ♦A
Player get one more card ♥8
Player point: 21, Bot point: 18
Player win! Money: 741.0
========================
Round #519
Player cards: [♠7, ♠A], Bot cards:[♥6, ♥K]
Player points: [8, 18], Bot points:[16, 16]
Bot get one more card ♠2
Player point: 18, Bot point: 18
Draw! Money:740.0
========================
Round #520
Player cards: [♥2, ♦K], Bot cards:[♥7, ♥T]
Player points: [12, 12], Bot points:[17, 17]
Player get one more card ♥5
Player point: 17, Bot point: 17
Draw! Money:739.0
========================
Round #521
Player cards: [♦7, ♠J], Bot cards:[♠3, ♣8]
Player points: [17, 17], Bot points:[11, 11]
Bot get one more card ♣Q
Player point: 17, Bot point: 21
Player lose! Money: 718.0
========================
Round #522
Player cards: [♦3, ♣5], Bot cards:[♣6, ♦9]
Player points: [8, 8], Bot points:[15, 15]
Player get one more card ♣4
Bot get one more card ♠8
Player point: 12, Bot point: 23
Player win! Money: 737.0
========================
Round #523
Player cards: [♥4, ♣5], Bot cards:[♣6, ♥8]
Player points: [9, 9], Bot points:[14, 14]
----- Double Bet! -----
Player get one more card ♠5
Bot get one more card ♥A
Bot get one more card ♠J
Player point: 14, Bot point: 25
Player win! Money: 776.0
========================
Round #524
Player cards: [♠9, ♦A], Bot cards:[♠3, ♦7]
Player points: [10, 20], Bot points:[10, 10]
Bot get one more card ♠T
Player point: 20, Bot point: 20
Draw! Money:775.0
========================
Round #525
Player cards: [♣7, ♣8], Bot cards:[♦6, ♣9]
Player points: [15, 15], Bot points:[15, 15]
Bot get one more card ♥9
Player point: 15, Bot point: 24
Player win! Money: 794.0
========================
Round #526
Player cards: [♦5, ♠7], Bot cards:[♦6, ♦J]
Player points: [12, 12], Bot points:[16, 16]
Bot get one more card ♣4
Player point: 12, Bot point: 20
Player lose! Money: 773.0
========================
Round #527
Player cards: [♠T, ♠J], Bot cards:[♠T, ♥Q]
Player points: [20, 20], Bot points:[20, 20]
Player point: 20, Bot point: 20
Draw! Money:772.0
========================
Round #528
Player cards: [♥Q, ♣Q], Bot cards:[♦2, ♦T]
Player points: [20, 20], Bot points:[12, 12]
Bot get one more card ♦4
Bot get one more card ♦Q
Player point: 20, Bot point: 26
Player win! Money: 791.0
========================
Round #529
Player cards: [♣3, ♠K], Bot cards:[♣8, ♠Q]
Player points: [13, 13], Bot points:[18, 18]
Player get one more card ♠6
Player point: 19, Bot point: 18
Player win! Money: 810.0
========================
Round #530
Player cards: [♠2, ♦7], Bot cards:[♦2, ♣A]
Player points: [9, 9], Bot points:[3, 13]
Player get one more card ♥2
Player get one more card ♠T
Bot get one more card ♥T
Bot get one more card ♦4
Player point: 21, Bot point: 17
Player win! Money: 829.0
========================
Round #531
Player cards: [♠5, ♠A], Bot cards:[♦J, ♥Q]
Player points: [6, 16], Bot points:[20, 20]
Player get one more card ♥7
Player get one more card ♠6
Player point: 19, Bot point: 20
Player lose! Money: 808.0
========================
Round #532
Player cards: [♣6, ♠K], Bot cards:[♦9, ♥Q]
Player points: [16, 16], Bot points:[19, 19]
Player get one more card ♠9
Player point: 25, Bot point: 19
Player lose! Money: 787.0
========================
Round #533
Player cards: [♥8, ♥K], Bot cards:[♥4, ♦Q]
Player points: [18, 18], Bot points:[14, 14]
Bot get one more card ♠2
Bot get one more card ♣7
Player point: 18, Bot point: 23
Player win! Money: 806.0
========================
Round #534
Player cards: [♥4, ♠9], Bot cards:[♦5, ♦K]
Player points: [13, 13], Bot points:[15, 15]
Bot get one more card ♥3
Player point: 13, Bot point: 18
Player lose! Money: 785.0
========================
Round #535
Player cards: [♦K, ♥A], Bot cards:[♣4, ♠8]
Player points: [11, 21], Bot points:[12, 12]
Bot get one more card ♠K
Player point: 21, Bot point: 22
------ BlackJack!! ------
Player win! Money: 808.0
========================
Round #536
Player cards: [♣8, ♣K], Bot cards:[♥2, ♦A]
Player points: [18, 18], Bot points:[3, 13]
Bot get one more card ♦8
Bot get one more card ♥J
Player point: 18, Bot point: 21
Player lose! Money: 787.0
========================
Round #537
Player cards: [♣T, ♦J], Bot cards:[♠7, ♥K]
Player points: [20, 20], Bot points:[17, 17]
Player point: 20, Bot point: 17
Player win! Money: 806.0
========================
Round #538
Player cards: [♥5, ♦6], Bot cards:[♣2, ♣Q]
Player points: [11, 11], Bot points:[12, 12]
----- Double Bet! -----
Player get one more card ♣J
Bot get one more card ♦A
Bot get one more card ♣3
Bot get one more card ♥J
Player point: 21, Bot point: 26
Player win! Money: 845.0
========================
Round #539
Player cards: [♣2, ♠Q], Bot cards:[♥4, ♠5]
Player points: [12, 12], Bot points:[9, 9]
Bot get one more card ♣4
Bot get one more card ♣T
Player point: 12, Bot point: 23
Player win! Money: 864.0
========================
Round #540
Player cards: [♠5, ♣A], Bot cards:[♥6, ♦9]
Player points: [6, 16], Bot points:[15, 15]
Bot get one more card ♥3
Player point: 16, Bot point: 18
Player lose! Money: 843.0
========================
Round #541
Player cards: [♣T, ♥A], Bot cards:[♦5, ♦Q]
Player points: [11, 21], Bot points:[15, 15]
Bot get one more card ♦K
Player point: 21, Bot point: 25
------ BlackJack!! ------
Player win! Money: 866.0
========================
Round #542
Player cards: [♦6, ♦T], Bot cards:[♣5, ♥K]
Player points: [16, 16], Bot points:[15, 15]
Bot get one more card ♠6
Player point: 16, Bot point: 21
Player lose! Money: 845.0
========================
Round #543
Player cards: [♥3, ♥4], Bot cards:[♠4, ♣9]
Player points: [7, 7], Bot points:[13, 13]
Player get one more card ♣K
Bot get one more card ♠4
Player point: 17, Bot point: 17
Draw! Money:844.0
========================
Round #544
Player cards: [♦Q, ♠K], Bot cards:[♥5, ♥8]
Player points: [20, 20], Bot points:[13, 13]
Bot get one more card ♥9
Player point: 20, Bot point: 22
Player win! Money: 863.0
========================
Round #545
Player cards: [♠3, ♥J], Bot cards:[♥6, ♠9]
Player points: [13, 13], Bot points:[15, 15]
Bot get one more card ♣K
Player point: 13, Bot point: 25
Player win! Money: 882.0
========================
Round #546
Player cards: [♥J, ♠Q], Bot cards:[♠6, ♠K]
Player points: [20, 20], Bot points:[16, 16]
Bot get one more card ♠7
Player point: 20, Bot point: 23
Player win! Money: 901.0
========================
Round #547
Player cards: [♥7, ♣9], Bot cards:[♥4, ♥T]
Player points: [16, 16], Bot points:[14, 14]
Bot get one more card ♥7
Player point: 16, Bot point: 21
Player lose! Money: 880.0
========================
Round #548
Player cards: [♦4, ♥T], Bot cards:[♥6, ♣9]
Player points: [14, 14], Bot points:[15, 15]
Bot get one more card ♥A
Bot get one more card ♠T
Player point: 14, Bot point: 26
Player win! Money: 899.0
========================
Round #549
Player cards: [♥3, ♠J], Bot cards:[♦4, ♣A]
Player points: [13, 13], Bot points:[5, 15]
Bot get one more card ♣5
Bot get one more card ♠2
Bot get one more card ♥2
Bot get one more card ♣K
Player point: 13, Bot point: 24
Player win! Money: 918.0
========================
Round #550
Player cards: [♦5, ♥9], Bot cards:[♥6, ♠A]
Player points: [14, 14], Bot points:[7, 17]
Bot get one more card ♥9
Bot get one more card ♠4
Player point: 14, Bot point: 20
Player lose! Money: 897.0
========================
Round #551
New deck
Player cards: [♣3, ♣K], Bot cards:[♥8, ♥J]
Player points: [13, 13], Bot points:[18, 18]
Player get one more card ♠8
Player point: 21, Bot point: 18
Player win! Money: 916.0
========================
Round #552
Player cards: [♥T, ♣A], Bot cards:[♥5, ♦J]
Player points: [11, 21], Bot points:[15, 15]
Bot get one more card ♣T
Player point: 21, Bot point: 25
------ BlackJack!! ------
Player win! Money: 939.0
========================
Round #553
Player cards: [♥2, ♣6], Bot cards:[♥6, ♥A]
Player points: [8, 8], Bot points:[7, 17]
Player get one more card ♥8
Bot get one more card ♠A
Bot get one more card ♠5
Bot get one more card ♠2
Bot get one more card ♦3
Player point: 16, Bot point: 18
Player lose! Money: 918.0
========================
Round #554
Player cards: [♠5, ♠8], Bot cards:[♠7, ♥7]
Player points: [13, 13], Bot points:[14, 14]
Player get one more card ♦J
Bot get one more card ♠6
Player point: 23, Bot point: 20
Player lose! Money: 897.0
========================
Round #555
Player cards: [♦6, ♣6], Bot cards:[♦2, ♠9]
Player points: [12, 12], Bot points:[11, 11]
-------- Split! Two hands: [8, 8], [9, 9]
Player get one more card ♥Q
For second hand:
Player get one more card ♥3
Player get one more card ♠2
Bot get one more card ♣2
Bot get one more card ♣3
Bot get one more card ♥6
Player point: 18, Bot point: 22
Player win! Money: 916.0
========================
Player point: 14, Bot point: 22
Player win! Money: 936.0
========================
Round #556
Player cards: [♣8, ♦J], Bot cards:[♣9, ♦Q]
Player points: [18, 18], Bot points:[19, 19]
Player point: 18, Bot point: 19
Player lose! Money: 915.0
========================
Round #557
Player cards: [♣3, ♠K], Bot cards:[♠3, ♥Q]
Player points: [13, 13], Bot points:[13, 13]
Bot get one more card ♣J
Player point: 13, Bot point: 23
Player win! Money: 934.0
========================
Round #558
Player cards: [♦5, ♦7], Bot cards:[♠3, ♥A]
Player points: [12, 12], Bot points:[4, 14]
Player get one more card ♦A
Bot get one more card ♠T
Bot get one more card ♠5
Player point: 13, Bot point: 19
Player lose! Money: 913.0
========================
Round #559
Player cards: [♣2, ♠T], Bot cards:[♠3, ♣4]
Player points: [12, 12], Bot points:[7, 7]
Player get one more card ♥8
Bot get one more card ♥9
Bot get one more card ♠A
Player point: 20, Bot point: 17
Player win! Money: 932.0
========================
Round #560
Player cards: [♦4, ♣9], Bot cards:[♠8, ♥9]
Player points: [13, 13], Bot points:[17, 17]
Player get one more card ♣2
Player get one more card ♦8
Player point: 23, Bot point: 17
Player lose! Money: 911.0
========================
Round #561
Player cards: [♦8, ♣T], Bot cards:[♥T, ♣K]
Player points: [18, 18], Bot points:[20, 20]
Player point: 18, Bot point: 20
Player lose! Money: 890.0
========================
Round #562
Player cards: [♥J, ♠J], Bot cards:[♥4, ♥4]
Player points: [20, 20], Bot points:[8, 8]
Bot get one more card ♥7
Bot get one more card ♣6
Player point: 20, Bot point: 21
Player lose! Money: 869.0
========================
Round #563
Player cards: [♠3, ♠J], Bot cards:[♥5, ♦T]
Player points: [13, 13], Bot points:[15, 15]
Bot get one more card ♠9
Player point: 13, Bot point: 24
Player win! Money: 888.0
========================
Round #564
Player cards: [♥K, ♠A], Bot cards:[♦5, ♥6]
Player points: [11, 21], Bot points:[11, 11]
Bot get one more card ♦K
Player point: 21, Bot point: 21
Player lose! Money: 867.0
========================
Round #565
Player cards: [♥T, ♣A], Bot cards:[♠2, ♣4]
Player points: [11, 21], Bot points:[6, 6]
Bot get one more card ♣4
Bot get one more card ♥Q
Player point: 21, Bot point: 20
------ BlackJack!! ------
Player win! Money: 890.0
========================
Round #566
Player cards: [♥2, ♠T], Bot cards:[♠6, ♠K]
Player points: [12, 12], Bot points:[16, 16]
Bot get one more card ♣J
Player point: 12, Bot point: 26
Player win! Money: 909.0
========================
Round #567
Player cards: [♦5, ♥8], Bot cards:[♦9, ♣Q]
Player points: [13, 13], Bot points:[19, 19]
Player get one more card ♦K
Player point: 23, Bot point: 19
Player lose! Money: 888.0
========================
Round #568
Player cards: [♣5, ♥7], Bot cards:[♥4, ♦Q]
Player points: [12, 12], Bot points:[14, 14]
Bot get one more card ♠9
Player point: 12, Bot point: 23
Player win! Money: 907.0
========================
Round #569
Player cards: [♦4, ♦6], Bot cards:[♥5, ♠9]
Player points: [10, 10], Bot points:[14, 14]
----- Double Bet! -----
Player get one more card ♦2
Bot get one more card ♠Q
Player point: 12, Bot point: 24
Player win! Money: 946.0
========================
Round #570
Player cards: [♣4, ♣Q], Bot cards:[♣5, ♣8]
Player points: [14, 14], Bot points:[13, 13]
Bot get one more card ♣4
Player point: 14, Bot point: 17
Player lose! Money: 925.0
========================
Round #571
Player cards: [♦9, ♠Q], Bot cards:[♣Q, ♥K]
Player points: [19, 19], Bot points:[20, 20]
Player point: 19, Bot point: 20
Player lose! Money: 904.0
========================
Round #572
Player cards: [♠7, ♥A], Bot cards:[♦8, ♣Q]
Player points: [8, 18], Bot points:[18, 18]
Player point: 18, Bot point: 18
Draw! Money:903.0
========================
Round #573
Player cards: [♥9, ♦K], Bot cards:[♣J, ♦K]
Player points: [19, 19], Bot points:[20, 20]
Player point: 19, Bot point: 20
Player lose! Money: 882.0
========================
Round #574
Player cards: [♣8, ♠T], Bot cards:[♦3, ♠4]
Player points: [18, 18], Bot points:[7, 7]
Bot get one more card ♠6
Bot get one more card ♠Q
Player point: 18, Bot point: 23
Player win! Money: 901.0
========================
Round #575
Player cards: [♥3, ♦6], Bot cards:[♣9, ♦A]
Player points: [9, 9], Bot points:[10, 20]
Player get one more card ♥9
Bot get one more card ♦A
Bot get one more card ♠4
Bot get one more card ♦8
Player point: 18, Bot point: 23
Player win! Money: 920.0
========================
Round #576
Player cards: [♦3, ♦T], Bot cards:[♣T, ♣K]
Player points: [13, 13], Bot points:[20, 20]
Player get one more card ♦4
Player point: 17, Bot point: 20
Player lose! Money: 899.0
========================
Round #577
Player cards: [♣3, ♠K], Bot cards:[♦2, ♣7]
Player points: [13, 13], Bot points:[9, 9]
Bot get one more card ♥J
Player point: 13, Bot point: 19
Player lose! Money: 878.0
========================
Round #578
Player cards: [♦4, ♣A], Bot cards:[♣8, ♥K]
Player points: [5, 15], Bot points:[18, 18]
Player get one more card ♥A
Player get one more card ♠J
Player get one more card ♣6
Player point: 22, Bot point: 18
Player lose! Money: 857.0
========================
Round #579
Player cards: [♠7, ♣T], Bot cards:[♥2, ♠4]
Player points: [17, 17], Bot points:[6, 6]
Bot get one more card ♦9
Bot get one more card ♠K
Player point: 17, Bot point: 25
Player win! Money: 876.0
========================
Round #580
Player cards: [♣2, ♦7], Bot cards:[♣7, ♣K]
Player points: [9, 9], Bot points:[17, 17]
Player get one more card ♥7
Player get one more card ♦7
Player point: 23, Bot point: 17
Player lose! Money: 855.0
========================
Round #581
Player cards: [♣3, ♠8], Bot cards:[♠7, ♦Q]
Player points: [11, 11], Bot points:[17, 17]
----- Double Bet! -----
Player get one more card ♣J
Player point: 21, Bot point: 17
Player win! Money: 894.0
========================
Round #582
Player cards: [♠6, ♣9], Bot cards:[♠4, ♥J]
Player points: [15, 15], Bot points:[14, 14]
Bot get one more card ♥6
Player point: 15, Bot point: 20
Player lose! Money: 873.0
========================
Round #583
Player cards: [♣5, ♣7], Bot cards:[♦6, ♣7]
Player points: [12, 12], Bot points:[13, 13]
Bot get one more card ♥K
Player point: 12, Bot point: 23
Player win! Money: 892.0
========================
Round #584
Player cards: [♦3, ♦T], Bot cards:[♦2, ♦J]
Player points: [13, 13], Bot points:[12, 12]
Bot get one more card ♦9
Player point: 13, Bot point: 21
Player lose! Money: 871.0
========================
Round #585
Player cards: [♥4, ♠A], Bot cards:[♥3, ♦8]
Player points: [5, 15], Bot points:[11, 11]
Bot get one more card ♥Q
Player point: 15, Bot point: 21
Player lose! Money: 850.0
========================
Round #586
Player cards: [♥5, ♠Q], Bot cards:[♦7, ♦A]
Player points: [15, 15], Bot points:[8, 18]
Player get one more card ♠J
Bot get one more card ♣A
Bot get one more card ♦5
Bot get one more card ♦Q
Player point: 25, Bot point: 24
Player lose! Money: 829.0
========================
Round #587
New deck
Player cards: [♥5, ♣A], Bot cards:[♠3, ♥Q]
Player points: [6, 16], Bot points:[13, 13]
Bot get one more card ♠4
Player point: 16, Bot point: 17
Player lose! Money: 808.0
========================
Round #588
Player cards: [♠4, ♥K], Bot cards:[♣2, ♦A]
Player points: [14, 14], Bot points:[3, 13]
Bot get one more card ♥5
Bot get one more card ♣7
Bot get one more card ♠9
Player point: 14, Bot point: 24
Player win! Money: 827.0
========================
Round #589
Player cards: [♣4, ♣9], Bot cards:[♠4, ♣5]
Player points: [13, 13], Bot points:[9, 9]
Bot get one more card ♦9
Player point: 13, Bot point: 18
Player lose! Money: 806.0
========================
Round #590
Player cards: [♠4, ♣6], Bot cards:[♠6, ♦T]
Player points: [10, 10], Bot points:[16, 16]
----- Double Bet! -----
Player get one more card ♥3
Bot get one more card ♦8
Player point: 13, Bot point: 24
Player win! Money: 845.0
========================
Round #591
Player cards: [♦J, ♠J], Bot cards:[♥7, ♥J]
Player points: [20, 20], Bot points:[17, 17]
Player point: 20, Bot point: 17
Player win! Money: 864.0
========================
Round #592
Player cards: [♦3, ♠A], Bot cards:[♣7, ♦Q]
Player points: [4, 14], Bot points:[17, 17]
Player get one more card ♠2
Player get one more card ♦T
Player get one more card ♠T
Player point: 26, Bot point: 17
Player lose! Money: 843.0
========================
Round #593
Player cards: [♠6, ♠7], Bot cards:[♦Q, ♦Q]
Player points: [13, 13], Bot points:[20, 20]
Player get one more card ♥3
Player get one more card ♦3
Player point: 19, Bot point: 20
Player lose! Money: 822.0
========================
Round #594
Player cards: [♠2, ♥A], Bot cards:[♦2, ♠Q]
Player points: [3, 13], Bot points:[12, 12]
Bot get one more card ♣6
Player point: 13, Bot point: 18
Player lose! Money: 801.0
========================
Round #595
Player cards: [♠5, ♦6], Bot cards:[♥4, ♣K]
Player points: [11, 11], Bot points:[14, 14]
----- Double Bet! -----
Player get one more card ♥T
Bot get one more card ♣J
Player point: 21, Bot point: 24
Player win! Money: 840.0
========================
Round #596
Player cards: [♠6, ♦J], Bot cards:[♣9, ♠J]
Player points: [16, 16], Bot points:[19, 19]
Player get one more card ♦4
Player point: 20, Bot point: 19
Player win! Money: 859.0
========================
Round #597
Player cards: [♥6, ♣J], Bot cards:[♦9, ♠A]
Player points: [16, 16], Bot points:[10, 20]
Player get one more card ♠6
Bot get one more card ♥5
Bot get one more card ♥Q
Player point: 22, Bot point: 25
Player lose! Money: 838.0
========================
Round #598
Player cards: [♣5, ♠8], Bot cards:[♣J, ♥Q]
Player points: [13, 13], Bot points:[20, 20]
Player get one more card ♣T
Player point: 23, Bot point: 20
Player lose! Money: 817.0
========================
Round #599
Player cards: [♥2, ♦6], Bot cards:[♠2, ♣5]
Player points: [8, 8], Bot points:[7, 7]
Player get one more card ♥8
Bot get one more card ♦3
Bot get one more card ♥K
Player point: 16, Bot point: 20
Player lose! Money: 796.0
========================
Round #600
Player cards: [♠T, ♦A], Bot cards:[♣8, ♠Q]
Player points: [11, 21], Bot points:[18, 18]
Player point: 21, Bot point: 18
------ BlackJack!! ------
Player win! Money: 819.0
========================
Round #601
Player cards: [♠3, ♥9], Bot cards:[♠2, ♠9]
Player points: [12, 12], Bot points:[11, 11]
Player get one more card ♣Q
Bot get one more card ♠Q
Player point: 22, Bot point: 21
Player lose! Money: 798.0
========================
Round #602
Player cards: [♥8, ♦9], Bot cards:[♣2, ♥T]
Player points: [17, 17], Bot points:[12, 12]
Bot get one more card ♥7
Player point: 17, Bot point: 19
Player lose! Money: 777.0
========================
Round #603
Player cards: [♦K, ♣K], Bot cards:[♣3, ♥7]
Player points: [20, 20], Bot points:[10, 10]
Bot get one more card ♠A
Bot get one more card ♠5
Bot get one more card ♠K
Player point: 20, Bot point: 26
Player win! Money: 796.0
========================
Round #604
Player cards: [♥5, ♦A], Bot cards:[♣Q, ♥A]
Player points: [6, 16], Bot points:[11, 21]
Player get one more card ♣5
Bot get one more card ♦6
Player point: 21, Bot point: 17
Player win! Money: 815.0
========================
Round #605
Player cards: [♠2, ♥9], Bot cards:[♦T, ♦T]
Player points: [11, 11], Bot points:[20, 20]
----- Double Bet! -----
Player get one more card ♣5
Player point: 16, Bot point: 20
Player lose! Money: 774.0
========================
Round #606
Player cards: [♦6, ♠9], Bot cards:[♥2, ♠K]
Player points: [15, 15], Bot points:[12, 12]
Bot get one more card ♠8
Player point: 15, Bot point: 20
Player lose! Money: 753.0
========================
Round #607
Player cards: [♥6, ♦7], Bot cards:[♣2, ♣8]
Player points: [13, 13], Bot points:[10, 10]
Bot get one more card ♠7
Player point: 13, Bot point: 17
Player lose! Money: 732.0
========================
Round #608
Player cards: [♠5, ♠7], Bot cards:[♠J, ♦A]
Player points: [12, 12], Bot points:[11, 21]
Player get one more card ♣4
Player get one more card ♥6
Bot get one more card ♥9
Player point: 22, Bot point: 20
Player lose! Money: 711.0
========================
Round #609
Player cards: [♦7, ♦J], Bot cards:[♥T, ♣Q]
Player points: [17, 17], Bot points:[20, 20]
Player point: 17, Bot point: 20
Player lose! Money: 690.0
========================
Round #610
Player cards: [♥3, ♦9], Bot cards:[♥2, ♥J]
Player points: [12, 12], Bot points:[12, 12]
Player get one more card ♣8
Bot get one more card ♥8
Player point: 20, Bot point: 20
Draw! Money:689.0
========================
Round #611
Player cards: [♥T, ♣A], Bot cards:[♦2, ♦5]
Player points: [11, 21], Bot points:[7, 7]
Bot get one more card ♦K
Player point: 21, Bot point: 17
------ BlackJack!! ------
Player win! Money: 712.0
========================
Round #612
Player cards: [♥A, ♥A], Bot cards:[♦8, ♣A]
Player points: [2, 12], Bot points:[9, 19]
-------- Split! Two hands: [7, 17], [3, 13]
For second hand:
Player get one more card ♥K
Player get one more card ♠7
Bot get one more card ♠8
Player point: 17, Bot point: 17
Draw! Money:711.0
========================
Player point: 20, Bot point: 17
Player win! Money: 731.0
========================
Round #613
Player cards: [♥4, ♣J], Bot cards:[♦2, ♣K]
Player points: [14, 14], Bot points:[12, 12]
Bot get one more card ♣3
Bot get one more card ♠5
Player point: 14, Bot point: 20
Player lose! Money: 710.0
========================
Round #614
Player cards: [♣3, ♥T], Bot cards:[♦J, ♦Q]
Player points: [13, 13], Bot points:[20, 20]
Player get one more card ♥4
Player point: 17, Bot point: 20
Player lose! Money: 689.0
========================
Round #615
Player cards: [♣2, ♥K], Bot cards:[♣T, ♠T]
Player points: [12, 12], Bot points:[20, 20]
Player get one more card ♦8
Player point: 20, Bot point: 20
Draw! Money:688.0
========================
Round #616
Player cards: [♦5, ♣K], Bot cards:[♦3, ♥Q]
Player points: [15, 15], Bot points:[13, 13]
Bot get one more card ♥8
Player point: 15, Bot point: 21
Player lose! Money: 667.0
========================
Round #617
Player cards: [♦5, ♠T], Bot cards:[♣6, ♦8]
Player points: [15, 15], Bot points:[14, 14]
Bot get one more card ♥9
Player point: 15, Bot point: 23
Player win! Money: 686.0
========================
Round #618
Player cards: [♦5, ♠8], Bot cards:[♣4, ♦4]
Player points: [13, 13], Bot points:[8, 8]
Bot get one more card ♦4
Bot get one more card ♠K
Player point: 13, Bot point: 22
Player win! Money: 705.0
========================
Round #619
Player cards: [♠5, ♣A], Bot cards:[♠3, ♠A]
Player points: [6, 16], Bot points:[4, 14]
Bot get one more card ♠J
Bot get one more card ♥6
Player point: 16, Bot point: 20
Player lose! Money: 684.0
========================
Round #620
Player cards: [♠3, ♥J], Bot cards:[♣8, ♠9]
Player points: [13, 13], Bot points:[17, 17]
Player get one more card ♣T
Player point: 23, Bot point: 17
Player lose! Money: 663.0
========================
Round #621
Player cards: [♣Q, ♦K], Bot cards:[♣7, ♥J]
Player points: [20, 20], Bot points:[17, 17]
Player point: 20, Bot point: 17
Player win! Money: 682.0
========================
Round #622
Player cards: [♥3, ♥3], Bot cards:[♥4, ♠Q]
Player points: [6, 6], Bot points:[14, 14]
-------- Split! Two hands: [7, 7], [13, 13]
Player get one more card ♣7
For second hand:
Bot get one more card ♣9
Player point: 14, Bot point: 23
Player win! Money: 701.0
========================
Player point: 13, Bot point: 23
Player win! Money: 721.0
========================
Round #623
Player cards: [♣3, ♠K], Bot cards:[♦7, ♦K]
Player points: [13, 13], Bot points:[17, 17]
Player get one more card ♣T
Player point: 23, Bot point: 17
Player lose! Money: 700.0
========================
Round #624
New deck
Player cards: [♠3, ♠A], Bot cards:[♠J, ♦Q]
Player points: [4, 14], Bot points:[20, 20]
Player get one more card ♣4
Player point: 18, Bot point: 20
Player lose! Money: 679.0
========================
Round #625
Player cards: [♦6, ♥9], Bot cards:[♦9, ♠Q]
Player points: [15, 15], Bot points:[19, 19]
Player get one more card ♣3
Player point: 18, Bot point: 19
Player lose! Money: 658.0
========================
Round #626
Player cards: [♣8, ♥K], Bot cards:[♠6, ♦K]
Player points: [18, 18], Bot points:[16, 16]
Bot get one more card ♣5
Player point: 18, Bot point: 21
Player lose! Money: 637.0
========================
Round #627
Player cards: [♣4, ♣5], Bot cards:[♠2, ♣3]
Player points: [9, 9], Bot points:[5, 5]
Player get one more card ♣Q
Bot get one more card ♥8
Bot get one more card ♣T
Player point: 19, Bot point: 23
Player win! Money: 656.0
========================
Round #628
Player cards: [♥2, ♦4], Bot cards:[♣7, ♥T]
Player points: [6, 6], Bot points:[17, 17]
Player get one more card ♦A
Player point: 17, Bot point: 17
Draw! Money:655.0
========================
Round #629
Player cards: [♠7, ♣T], Bot cards:[♣6, ♥A]
Player points: [17, 17], Bot points:[7, 17]
Bot get one more card ♥8
Bot get one more card ♠2
Player point: 17, Bot point: 17
Draw! Money:654.0
========================
Round #630
Player cards: [♦8, ♣A], Bot cards:[♣4, ♥Q]
Player points: [9, 19], Bot points:[14, 14]
Bot get one more card ♦4
Player point: 19, Bot point: 18
Player win! Money: 673.0
========================
Round #631
Player cards: [♣K, ♥A], Bot cards:[♦2, ♠5]
Player points: [11, 21], Bot points:[7, 7]
Bot get one more card ♦J
Player point: 21, Bot point: 17
------ BlackJack!! ------
Player win! Money: 696.0
========================
Round #632
Player cards: [♣3, ♠4], Bot cards:[♥5, ♦K]
Player points: [7, 7], Bot points:[15, 15]
Player get one more card ♣T
Bot get one more card ♦T
Player point: 17, Bot point: 25
Player win! Money: 715.0
========================
Round #633
Player cards: [♦2, ♦7], Bot cards:[♦Q, ♥Q]
Player points: [9, 9], Bot points:[20, 20]
Player get one more card ♦J
Player point: 19, Bot point: 20
Player lose! Money: 694.0
========================
Round #634
Player cards: [♥4, ♥K], Bot cards:[♣3, ♦T]
Player points: [14, 14], Bot points:[13, 13]
Bot get one more card ♠9
Player point: 14, Bot point: 22
Player win! Money: 713.0
========================
Round #635
Player cards: [♣2, ♥3], Bot cards:[♥4, ♥6]
Player points: [5, 5], Bot points:[10, 10]
Player get one more card ♠9
Bot get one more card ♦7
Player point: 14, Bot point: 17
Player lose! Money: 692.0
========================
Round #636
Player cards: [♦8, ♦9], Bot cards:[♦4, ♦7]
Player points: [17, 17], Bot points:[11, 11]
Bot get one more card ♣9
Player point: 17, Bot point: 20
Player lose! Money: 671.0
========================
Round #637
Player cards: [♠4, ♣8], Bot cards:[♥2, ♦T]
Player points: [12, 12], Bot points:[12, 12]
Player get one more card ♦2
Bot get one more card ♠K
Player point: 14, Bot point: 22
Player win! Money: 690.0
========================
Round #638
Player cards: [♣6, ♦7], Bot cards:[♣2, ♦K]
Player points: [13, 13], Bot points:[12, 12]
Bot get one more card ♠T
Player point: 13, Bot point: 22
Player win! Money: 709.0
========================
Round #639
Player cards: [♦3, ♣9], Bot cards:[♠8, ♠9]
Player points: [12, 12], Bot points:[17, 17]
Player get one more card ♥T
Player point: 22, Bot point: 17
Player lose! Money: 688.0
========================
Round #640
Player cards: [♣J, ♣A], Bot cards:[♦5, ♠Q]
Player points: [11, 21], Bot points:[15, 15]
Bot get one more card ♦7
Player point: 21, Bot point: 22
------ BlackJack!! ------
Player win! Money: 711.0
========================
Round #641
Player cards: [♠9, ♥J], Bot cards:[♠3, ♠Q]
Player points: [19, 19], Bot points:[13, 13]
Bot get one more card ♦Q
Player point: 19, Bot point: 23
Player win! Money: 730.0
========================
Round #642
Player cards: [♦2, ♦K], Bot cards:[♥J, ♣A]
Player points: [12, 12], Bot points:[11, 21]
Player get one more card ♣6
Bot get one more card ♠4
Bot get one more card ♠T
Player point: 18, Bot point: 25
Player win! Money: 749.0
========================
Round #643
Player cards: [♦4, ♠6], Bot cards:[♣4, ♣A]
Player points: [10, 10], Bot points:[5, 15]
----- Double Bet! -----
Player get one more card ♣2
Bot get one more card ♦3
Bot get one more card ♥T
Player point: 12, Bot point: 18
Player lose! Money: 708.0
========================
Round #644
Player cards: [♥2, ♠4], Bot cards:[♣5, ♦6]
Player points: [6, 6], Bot points:[11, 11]
Player get one more card ♣8
Bot get one more card ♦J
Player point: 14, Bot point: 21
Player lose! Money: 687.0
========================
Round #645
Player cards: [♦3, ♦5], Bot cards:[♣9, ♣9]
Player points: [8, 8], Bot points:[18, 18]
Player get one more card ♦2
Player get one more card ♥7
Player point: 17, Bot point: 18
Player lose! Money: 666.0
========================
Round #646
Player cards: [♦T, ♣K], Bot cards:[♠5, ♥6]
Player points: [20, 20], Bot points:[11, 11]
Bot get one more card ♦9
Player point: 20, Bot point: 20
Draw! Money:665.0
========================
Round #647
Player cards: [♠8, ♥9], Bot cards:[♣Q, ♥A]
Player points: [17, 17], Bot points:[11, 21]
Bot get one more card ♥K
Player point: 17, Bot point: 21
Player lose! Money: 644.0
========================
Round #648
Player cards: [♠7, ♠T], Bot cards:[♥K, ♦A]
Player points: [17, 17], Bot points:[11, 21]
Bot get one more card ♥3
Bot get one more card ♦J
Player point: 17, Bot point: 24
Player win! Money: 663.0
========================
Round #649
Player cards: [♠5, ♥J], Bot cards:[♣7, ♠8]
Player points: [15, 15], Bot points:[15, 15]
Player get one more card ♥7
Bot get one more card ♦8
Player point: 22, Bot point: 23
Player lose! Money: 642.0
========================
Round #650
Player cards: [♠K, ♦A], Bot cards:[♣2, ♥9]
Player points: [11, 21], Bot points:[11, 11]
Bot get one more card ♠J
Player point: 21, Bot point: 21
Player lose! Money: 621.0
========================
Round #651
Player cards: [♥7, ♣T], Bot cards:[♠J, ♦A]
Player points: [17, 17], Bot points:[11, 21]
Bot get one more card ♣5
Bot get one more card ♠A
Player point: 17, Bot point: 17
Draw! Money:620.0
========================
Round #652
Player cards: [♠2, ♦3], Bot cards:[♦5, ♠6]
Player points: [5, 5], Bot points:[11, 11]
Player get one more card ♣8
Bot get one more card ♠5
Bot get one more card ♥6
Player point: 13, Bot point: 22
Player win! Money: 639.0
========================
Round #653
Player cards: [♠7, ♣J], Bot cards:[♠6, ♥8]
Player points: [17, 17], Bot points:[14, 14]
Bot get one more card ♠3
Player point: 17, Bot point: 17
Draw! Money:638.0
========================
Round #654
Player cards: [♥6, ♣K], Bot cards:[♦6, ♥7]
Player points: [16, 16], Bot points:[13, 13]
Bot get one more card ♥J
Player point: 16, Bot point: 23
Player win! Money: 657.0
========================
Round #655
Player cards: [♦6, ♣J], Bot cards:[♥4, ♠A]
Player points: [16, 16], Bot points:[5, 15]
Bot get one more card ♦4
Bot get one more card ♦5
Bot get one more card ♥7
Player point: 16, Bot point: 21
Player lose! Money: 636.0
========================
Round #656
Player cards: [♥9, ♣J], Bot cards:[♣Q, ♠A]
Player points: [19, 19], Bot points:[11, 21]
Bot get one more card ♠K
Player point: 19, Bot point: 21
Player lose! Money: 615.0
========================
Round #657
Player cards: [♣7, ♠Q], Bot cards:[♠8, ♥A]
Player points: [17, 17], Bot points:[9, 19]
Bot get one more card ♥Q
Player point: 17, Bot point: 19
Player lose! Money: 594.0
========================
Round #658
Player cards: [♣7, ♣9], Bot cards:[♣Q, ♠K]
Player points: [16, 16], Bot points:[20, 20]
Player get one more card ♣6
Player point: 22, Bot point: 20
Player lose! Money: 573.0
========================
Round #659
Player cards: [♠J, ♦Q], Bot cards:[♥3, ♥Q]
Player points: [20, 20], Bot points:[13, 13]
Bot get one more card ♠7
Player point: 20, Bot point: 20
Draw! Money:572.0
========================
Round #660
Player cards: [♥2, ♥3], Bot cards:[♥5, ♦9]
Player points: [5, 5], Bot points:[14, 14]
Player get one more card ♠2
Player get one more card ♠3
Player get one more card ♦8
Bot get one more card ♥T
Player point: 18, Bot point: 24
Player win! Money: 591.0
========================
Round #661
New deck
Player cards: [♠6, ♦8], Bot cards:[♦9, ♠Q]
Player points: [14, 14], Bot points:[19, 19]
Player get one more card ♥Q
Player point: 24, Bot point: 19
Player lose! Money: 570.0
========================
Round #662
Player cards: [♦2, ♣9], Bot cards:[♥T, ♣J]
Player points: [11, 11], Bot points:[20, 20]
----- Double Bet! -----
Player get one more card ♠A
Player point: 12, Bot point: 20
Player lose! Money: 529.0
========================
Round #663
Player cards: [♦3, ♠J], Bot cards:[♥4, ♣6]
Player points: [13, 13], Bot points:[10, 10]
Bot get one more card ♣5
Bot get one more card ♠6
Player point: 13, Bot point: 21
Player lose! Money: 508.0
========================
Round #664
Player cards: [♥2, ♦4], Bot cards:[♣2, ♦5]
Player points: [6, 6], Bot points:[7, 7]
Player get one more card ♦2
Player get one more card ♥2
Player get one more card ♣K
Bot get one more card ♠T
Player point: 20, Bot point: 17
Player win! Money: 527.0
========================
Round #665
Player cards: [♥9, ♠9], Bot cards:[♥5, ♦9]
Player points: [18, 18], Bot points:[14, 14]
-------- Split! Two hands: [13, 13], [16, 16]
For second hand:
Bot get one more card ♦Q
Player point: 13, Bot point: 24
Player win! Money: 546.0
========================
Player point: 16, Bot point: 24
Player win! Money: 566.0
========================
Round #666
Player cards: [♠2, ♥8], Bot cards:[♣4, ♥6]
Player points: [10, 10], Bot points:[10, 10]
----- Double Bet! -----
Player get one more card ♦K
Bot get one more card ♠6
Bot get one more card ♣K
Player point: 20, Bot point: 26
Player win! Money: 605.0
========================
Round #667
Player cards: [♥J, ♦A], Bot cards:[♠5, ♦6]
Player points: [11, 21], Bot points:[11, 11]
Bot get one more card ♠A
Bot get one more card ♥8
Player point: 21, Bot point: 20
------ BlackJack!! ------
Player win! Money: 628.0
========================
Round #668
Player cards: [♦5, ♣K], Bot cards:[♣3, ♣3]
Player points: [15, 15], Bot points:[6, 6]
Bot get one more card ♦2
Bot get one more card ♦J
Player point: 15, Bot point: 18
Player lose! Money: 607.0
========================
Round #669
Player cards: [♥5, ♥7], Bot cards:[♣Q, ♦A]
Player points: [12, 12], Bot points:[11, 21]
Player get one more card ♣2
Player get one more card ♣4
Bot get one more card ♠9
Player point: 18, Bot point: 20
Player lose! Money: 586.0
========================
Round #670
Player cards: [♦4, ♥A], Bot cards:[♥4, ♦6]
Player points: [5, 15], Bot points:[10, 10]
Bot get one more card ♠5
Bot get one more card ♣3
Player point: 15, Bot point: 18
Player lose! Money: 565.0
========================
Round #671
Player cards: [♦4, ♦J], Bot cards:[♥J, ♦K]
Player points: [14, 14], Bot points:[20, 20]
Player get one more card ♣A
Player get one more card ♦T
Player point: 25, Bot point: 20
Player lose! Money: 544.0
========================
Round #672
Player cards: [♦7, ♠9], Bot cards:[♠3, ♦A]
Player points: [16, 16], Bot points:[4, 14]
Bot get one more card ♥8
Bot get one more card ♦K
Player point: 16, Bot point: 22
Player win! Money: 563.0
========================
Round #673
Player cards: [♦5, ♥9], Bot cards:[♦3, ♠Q]
Player points: [14, 14], Bot points:[13, 13]
Bot get one more card ♥3
Bot get one more card ♠2
Player point: 14, Bot point: 18
Player lose! Money: 542.0
========================
Round #674
Player cards: [♣9, ♣A], Bot cards:[♠5, ♥6]
Player points: [10, 20], Bot points:[11, 11]
Bot get one more card ♥J
Player point: 20, Bot point: 21
Player lose! Money: 521.0
========================
Round #675
Player cards: [♦6, ♣K], Bot cards:[♦4, ♣8]
Player points: [16, 16], Bot points:[12, 12]
Bot get one more card ♠4
Bot get one more card ♥6
Player point: 16, Bot point: 22
Player win! Money: 540.0
========================
Round #676
Player cards: [♦5, ♠Q], Bot cards:[♠4, ♦8]
Player points: [15, 15], Bot points:[12, 12]
Bot get one more card ♣Q
Player point: 15, Bot point: 22
Player win! Money: 559.0
========================
Round #677
Player cards: [♠9, ♣K], Bot cards:[♣2, ♦9]
Player points: [19, 19], Bot points:[11, 11]
Bot get one more card ♠4
Bot get one more card ♦J
Player point: 19, Bot point: 25
Player win! Money: 578.0
========================
Round #678
Player cards: [♠8, ♠J], Bot cards:[♦7, ♥Q]
Player points: [18, 18], Bot points:[17, 17]
Player point: 18, Bot point: 17
Player win! Money: 597.0
========================
Round #679
Player cards: [♣5, ♥A], Bot cards:[♥5, ♥6]
Player points: [6, 16], Bot points:[11, 11]
Bot get one more card ♣T
Player point: 16, Bot point: 21
Player lose! Money: 576.0
========================
Round #680
Player cards: [♥3, ♥K], Bot cards:[♥7, ♣J]
Player points: [13, 13], Bot points:[17, 17]
Player get one more card ♥4
Player point: 17, Bot point: 17
Draw! Money:575.0
========================
Round #681
Player cards: [♦3, ♣9], Bot cards:[♣Q, ♥K]
Player points: [12, 12], Bot points:[20, 20]
Player get one more card ♠Q
Player point: 22, Bot point: 20
Player lose! Money: 554.0
========================
Round #682
Player cards: [♣7, ♥Q], Bot cards:[♠T, ♥T]
Player points: [17, 17], Bot points:[20, 20]
Player point: 17, Bot point: 20
Player lose! Money: 533.0
========================
Round #683
Player cards: [♣J, ♠A], Bot cards:[♥K, ♠A]
Player points: [11, 21], Bot points:[11, 21]
Bot get one more card ♣8
Player point: 21, Bot point: 19
------ BlackJack!! ------
Player win! Money: 556.0
========================
Round #684
Player cards: [♠6, ♣9], Bot cards:[♠T, ♠K]
Player points: [15, 15], Bot points:[20, 20]
Player get one more card ♠8
Player point: 23, Bot point: 20
Player lose! Money: 535.0
========================
Round #685
Player cards: [♠T, ♥A], Bot cards:[♠7, ♣Q]
Player points: [11, 21], Bot points:[17, 17]
Player point: 21, Bot point: 17
------ BlackJack!! ------
Player win! Money: 558.0
========================
Round #686
Player cards: [♣6, ♥8], Bot cards:[♥2, ♣5]
Player points: [14, 14], Bot points:[7, 7]
Bot get one more card ♥5
Bot get one more card ♦8
Player point: 14, Bot point: 20
Player lose! Money: 537.0
========================
Round #687
Player cards: [♣7, ♥9], Bot cards:[♥8, ♦T]
Player points: [16, 16], Bot points:[18, 18]
Player get one more card ♥3
Player point: 19, Bot point: 18
Player win! Money: 556.0
========================
Round #688
Player cards: [♣6, ♦A], Bot cards:[♥7, ♣A]
Player points: [7, 17], Bot points:[8, 18]
Bot get one more card ♠3
Bot get one more card ♦6
Player point: 17, Bot point: 17
Draw! Money:555.0
========================
Round #689
Player cards: [♠5, ♠J], Bot cards:[♠T, ♠K]
Player points: [15, 15], Bot points:[20, 20]
Player get one more card ♥2
Player point: 17, Bot point: 20
Player lose! Money: 534.0
========================
Round #690
Player cards: [♣6, ♥9], Bot cards:[♦Q, ♦Q]
Player points: [15, 15], Bot points:[20, 20]
Player get one more card ♦7
Player point: 22, Bot point: 20
Player lose! Money: 513.0
========================
Round #691
Player cards: [♥5, ♠K], Bot cards:[♣T, ♠K]
Player points: [15, 15], Bot points:[20, 20]
Player get one more card ♥4
Player point: 19, Bot point: 20
Player lose! Money: 492.0
========================
Round #692
Player cards: [♠2, ♣7], Bot cards:[♣3, ♥J]
Player points: [9, 9], Bot points:[13, 13]
----- Double Bet! -----
Player get one more card ♠7
Bot get one more card ♠8
Player point: 16, Bot point: 21
Player lose! Money: 451.0
========================
Round #693
Player cards: [♦2, ♦7], Bot cards:[♣5, ♦8]
Player points: [9, 9], Bot points:[13, 13]
----- Double Bet! -----
Player get one more card ♦T
Bot get one more card ♥T
Player point: 19, Bot point: 23
Player win! Money: 490.0
========================
Round #694
Player cards: [♥7, ♣T], Bot cards:[♠3, ♥3]
Player points: [17, 17], Bot points:[6, 6]
Bot get one more card ♠J
Bot get one more card ♥5
Player point: 17, Bot point: 21
Player lose! Money: 469.0
========================
Round #695
Player cards: [♦9, ♦T], Bot cards:[♣J, ♥Q]
Player points: [19, 19], Bot points:[20, 20]
Player point: 19, Bot point: 20
Player lose! Money: 448.0
========================
Round #696
Player cards: [♠7, ♦J], Bot cards:[♠4, ♣A]
Player points: [17, 17], Bot points:[5, 15]
Bot get one more card ♣2
Bot get one more card ♣7
Bot get one more card ♠8
Player point: 17, Bot point: 22
Player win! Money: 467.0
========================
Round #697
Player cards: [♣4, ♥K], Bot cards:[♣8, ♥A]
Player points: [14, 14], Bot points:[9, 19]
Player get one more card ♣4
Bot get one more card ♣T
Player point: 18, Bot point: 19
Player lose! Money: 446.0
========================
Round #698
New deck
Player cards: [♥7, ♦7], Bot cards:[♣5, ♦9]
Player points: [14, 14], Bot points:[14, 14]
-------- Split! Two hands: [16, 16], [12, 12]
For second hand:
Bot get one more card ♥6
Player point: 16, Bot point: 20
Player lose! Money: 425.0
========================
Player point: 12, Bot point: 20
Player lose! Money: 405.0
========================
Round #699
Player cards: [♦7, ♦9], Bot cards:[♠2, ♥A]
Player points: [16, 16], Bot points:[3, 13]
Bot get one more card ♥4
Bot get one more card ♠J
Player point: 16, Bot point: 17
Player lose! Money: 384.0
========================
Round #700
Player cards: [♠9, ♣9], Bot cards:[♣3, ♥T]
Player points: [18, 18], Bot points:[13, 13]
-------- Split! Two hands: [19, 19], [10, 20]
For second hand:
Bot get one more card ♥3
Bot get one more card ♠K
Player point: 19, Bot point: 26
Player win! Money: 403.0
========================
Player point: 20, Bot point: 26
Player win! Money: 423.0
========================
Round #701
Player cards: [♦8, ♥8], Bot cards:[♣6, ♠7]
Player points: [16, 16], Bot points:[13, 13]
-------- Split! Two hands: [10, 10], [18, 18]
----- Double Bet! -----
Player get one more card ♥T
For second hand:
Bot get one more card ♥4
Player point: 20, Bot point: 17
Player win! Money: 462.0
========================
Player point: 18, Bot point: 17
Player win! Money: 482.0
========================
Round #702
Player cards: [♥T, ♣Q], Bot cards:[♠2, ♥8]
Player points: [20, 20], Bot points:[10, 10]
Bot get one more card ♣4
Bot get one more card ♦9
Player point: 20, Bot point: 23
Player win! Money: 501.0
========================
Round #703
Player cards: [♠8, ♥Q], Bot cards:[♣T, ♠A]
Player points: [18, 18], Bot points:[11, 21]
Bot get one more card ♠4
Bot get one more card ♣4
Player point: 18, Bot point: 19
Player lose! Money: 480.0
========================
Round #704
Player cards: [♦6, ♣7], Bot cards:[♣6, ♣K]
Player points: [13, 13], Bot points:[16, 16]
Bot get one more card ♠T
Player point: 13, Bot point: 26
Player win! Money: 499.0
========================
Round #705
Player cards: [♠6, ♥8], Bot cards:[♦3, ♥7]
Player points: [14, 14], Bot points:[10, 10]
Bot get one more card ♠5
Bot get one more card ♦A
Bot get one more card ♦4
Player point: 14, Bot point: 20
Player lose! Money: 478.0
========================
Round #706
Player cards: [♠7, ♥Q], Bot cards:[♥6, ♣K]
Player points: [17, 17], Bot points:[16, 16]
Bot get one more card ♣9
Player point: 17, Bot point: 25
Player win! Money: 497.0
========================
Round #707
Player cards: [♥J, ♦K], Bot cards:[♣5, ♠8]
Player points: [20, 20], Bot points:[13, 13]
Bot get one more card ♣8
Player point: 20, Bot point: 21
Player lose! Money: 476.0
========================
Round #708
Player cards: [♥3, ♥A], Bot cards:[♥J, ♦K]
Player points: [4, 14], Bot points:[20, 20]
Player get one more card ♠7
Player point: 21, Bot point: 20
Player win! Money: 495.0
========================
Round #709
Player cards: [♣3, ♠K], Bot cards:[♥Q, ♦K]
Player points: [13, 13], Bot points:[20, 20]
Player get one more card ♠3
Player get one more card ♦4
Player point: 20, Bot point: 20
Draw! Money:494.0
========================
Round #710
Player cards: [♣2, ♥4], Bot cards:[♣7, ♦Q]
Player points: [6, 6], Bot points:[17, 17]
Player get one more card ♦5
Player get one more card ♦Q
Player point: 21, Bot point: 17
Player win! Money: 513.0
========================
Round #711
Player cards: [♥5, ♦K], Bot cards:[♦2, ♦T]
Player points: [15, 15], Bot points:[12, 12]
Bot get one more card ♠5
Player point: 15, Bot point: 17
Player lose! Money: 492.0
========================
Round #712
Player cards: [♦3, ♥K], Bot cards:[♦5, ♣T]
Player points: [13, 13], Bot points:[15, 15]
Bot get one more card ♣J
Player point: 13, Bot point: 25
Player win! Money: 511.0
========================
Round #713
Player cards: [♥K, ♣K], Bot cards:[♠3, ♦4]
Player points: [20, 20], Bot points:[7, 7]
Bot get one more card ♥A
Bot get one more card ♣A
Bot get one more card ♣2
Bot get one more card ♣T
Player point: 20, Bot point: 21
Player lose! Money: 490.0
========================
Round #714
Player cards: [♠2, ♦J], Bot cards:[♠6, ♣Q]
Player points: [12, 12], Bot points:[16, 16]
Bot get one more card ♥4
Player point: 12, Bot point: 20
Player lose! Money: 469.0
========================
Round #715
Player cards: [♣2, ♦J], Bot cards:[♠J, ♦A]
Player points: [12, 12], Bot points:[11, 21]
Player get one more card ♦2
Player get one more card ♣Q
Bot get one more card ♦7
Player point: 24, Bot point: 18
Player lose! Money: 448.0
========================
Round #716
Player cards: [♥8, ♠9], Bot cards:[♥5, ♠8]
Player points: [17, 17], Bot points:[13, 13]
Bot get one more card ♠2
Bot get one more card ♠8
Player point: 17, Bot point: 23
Player win! Money: 467.0
========================
Round #717
Player cards: [♠9, ♠T], Bot cards:[♥5, ♦Q]
Player points: [19, 19], Bot points:[15, 15]
Bot get one more card ♦6
Player point: 19, Bot point: 21
Player lose! Money: 446.0
========================
Round #718
Player cards: [♣8, ♣A], Bot cards:[♥3, ♣A]
Player points: [9, 19], Bot points:[4, 14]
Bot get one more card ♣9
Bot get one more card ♦3
Bot get one more card ♣6
Player point: 19, Bot point: 22
Player win! Money: 465.0
========================
Round #719
Player cards: [♠J, ♦Q], Bot cards:[♦8, ♥J]
Player points: [20, 20], Bot points:[18, 18]
Player point: 20, Bot point: 18
Player win! Money: 484.0
========================
Round #720
Player cards: [♣6, ♠A], Bot cards:[♥2, ♦5]
Player points: [7, 17], Bot points:[7, 7]
Bot get one more card ♦A
Bot get one more card ♣8
Bot get one more card ♣5
Player point: 17, Bot point: 21
Player lose! Money: 463.0
========================
Round #721
Player cards: [♥6, ♥K], Bot cards:[♦5, ♥7]
Player points: [16, 16], Bot points:[12, 12]
Bot get one more card ♣8
Player point: 16, Bot point: 20
Player lose! Money: 442.0
========================
Round #722
Player cards: [♦6, ♦7], Bot cards:[♥2, ♠3]
Player points: [13, 13], Bot points:[5, 5]
Bot get one more card ♠Q
Bot get one more card ♠5
Player point: 13, Bot point: 20
Player lose! Money: 421.0
========================
Round #723
Player cards: [♥2, ♥Q], Bot cards:[♣8, ♠Q]
Player points: [12, 12], Bot points:[18, 18]
Player get one more card ♥6
Player point: 18, Bot point: 18
Draw! Money:420.0
========================
Round #724
Player cards: [♦8, ♦K], Bot cards:[♣5, ♥J]
Player points: [18, 18], Bot points:[15, 15]
Bot get one more card ♦2
Player point: 18, Bot point: 17
Player win! Money: 439.0
========================
Round #725
Player cards: [♥T, ♠A], Bot cards:[♣3, ♣T]
Player points: [11, 21], Bot points:[13, 13]
Bot get one more card ♣Q
Player point: 21, Bot point: 23
------ BlackJack!! ------
Player win! Money: 462.0
========================
Round #726
Player cards: [♦9, ♦T], Bot cards:[♠6, ♦Q]
Player points: [19, 19], Bot points:[16, 16]
Bot get one more card ♠7
Player point: 19, Bot point: 23
Player win! Money: 481.0
========================
Round #727
Player cards: [♣3, ♣J], Bot cards:[♠4, ♦4]
Player points: [13, 13], Bot points:[8, 8]
Bot get one more card ♠A
Bot get one more card ♠Q
Player point: 13, Bot point: 19
Player lose! Money: 460.0
========================
Round #728
Player cards: [♠Q, ♦A], Bot cards:[♠2, ♣4]
Player points: [11, 21], Bot points:[6, 6]
Bot get one more card ♦6
Bot get one more card ♠K
Player point: 21, Bot point: 22
------ BlackJack!! ------
Player win! Money: 483.0
========================
Round #729
Player cards: [♥3, ♥9], Bot cards:[♠3, ♥9]
Player points: [12, 12], Bot points:[12, 12]
Player get one more card ♠4
Bot get one more card ♦T
Player point: 16, Bot point: 22
Player win! Money: 502.0
========================
Round #730
Player cards: [♣7, ♣7], Bot cards:[♠K, ♥A]
Player points: [14, 14], Bot points:[11, 21]
Player get one more card ♥T
Bot get one more card ♣J
Player point: 24, Bot point: 21
Player lose! Money: 481.0
========================
Round #731
Player cards: [♠4, ♥K], Bot cards:[♣4, ♣J]
Player points: [14, 14], Bot points:[14, 14]
Bot get one more card ♠3
Player point: 14, Bot point: 17
Player lose! Money: 460.0
========================
Round #732
Player cards: [♥7, ♠9], Bot cards:[♥5, ♥9]
Player points: [16, 16], Bot points:[14, 14]
Bot get one more card ♣9
Player point: 16, Bot point: 23
Player win! Money: 479.0
========================
Round #733
Player cards: [♦J, ♠J], Bot cards:[♥2, ♦T]
Player points: [20, 20], Bot points:[12, 12]
Bot get one more card ♠6
Player point: 20, Bot point: 18
Player win! Money: 498.0
========================
Round #734
New deck
Player cards: [♠6, ♠T], Bot cards:[♦3, ♥J]
Player points: [16, 16], Bot points:[13, 13]
Bot get one more card ♣Q
Player point: 16, Bot point: 23
Player win! Money: 517.0
========================
Round #735
Player cards: [♠8, ♦J], Bot cards:[♥4, ♥K]
Player points: [18, 18], Bot points:[14, 14]
Bot get one more card ♠7
Player point: 18, Bot point: 21
Player lose! Money: 496.0
========================
Round #736
Player cards: [♣7, ♦Q], Bot cards:[♣5, ♥5]
Player points: [17, 17], Bot points:[10, 10]
Bot get one more card ♥T
Player point: 17, Bot point: 20
Player lose! Money: 475.0
========================
Round #737
Player cards: [♠2, ♥A], Bot cards:[♣2, ♣5]
Player points: [3, 13], Bot points:[7, 7]
Bot get one more card ♣7
Bot get one more card ♠2
Bot get one more card ♦2
Player point: 13, Bot point: 18
Player lose! Money: 454.0
========================
Round #738
Player cards: [♣J, ♦K], Bot cards:[♠9, ♥T]
Player points: [20, 20], Bot points:[19, 19]
Player point: 20, Bot point: 19
Player win! Money: 473.0
========================
Round #739
Player cards: [♥4, ♥8], Bot cards:[♣8, ♠Q]
Player points: [12, 12], Bot points:[18, 18]
Player get one more card ♣9
Player point: 21, Bot point: 18
Player win! Money: 492.0
========================
Round #740
Player cards: [♠9, ♣A], Bot cards:[♣5, ♥A]
Player points: [10, 20], Bot points:[6, 16]
Bot get one more card ♠3
Bot get one more card ♦Q
Player point: 20, Bot point: 19
Player win! Money: 511.0
========================
Round #741
Player cards: [♦7, ♣A], Bot cards:[♥9, ♠J]
Player points: [8, 18], Bot points:[19, 19]
Player point: 18, Bot point: 19
Player lose! Money: 490.0
========================
Round #742
Player cards: [♣9, ♦A], Bot cards:[♠5, ♣Q]
Player points: [10, 20], Bot points:[15, 15]
Bot get one more card ♠7
Player point: 20, Bot point: 22
Player win! Money: 509.0
========================
Round #743
Player cards: [♣2, ♠4], Bot cards:[♥8, ♣K]
Player points: [6, 6], Bot points:[18, 18]
Player get one more card ♦6
Player get one more card ♥K
Player point: 22, Bot point: 18
Player lose! Money: 488.0
========================
Round #744
Player cards: [♣J, ♣K], Bot cards:[♦3, ♠7]
Player points: [20, 20], Bot points:[10, 10]
Bot get one more card ♦Q
Player point: 20, Bot point: 20
Draw! Money:487.0
========================
Round #745
Player cards: [♣6, ♣A], Bot cards:[♦2, ♣3]
Player points: [7, 17], Bot points:[5, 5]
Bot get one more card ♦K
Bot get one more card ♣2
Player point: 17, Bot point: 17
Draw! Money:486.0
========================
Round #746
Player cards: [♥5, ♣T], Bot cards:[♦T, ♥T]
Player points: [15, 15], Bot points:[20, 20]
Player get one more card ♦5
Player point: 20, Bot point: 20
Draw! Money:485.0
========================
Round #747
Player cards: [♣4, ♥J], Bot cards:[♦4, ♦Q]
Player points: [14, 14], Bot points:[14, 14]
Bot get one more card ♦8
Player point: 14, Bot point: 22
Player win! Money: 504.0
========================
Round #748
Player cards: [♦4, ♦A], Bot cards:[♥2, ♦8]
Player points: [5, 15], Bot points:[10, 10]
Bot get one more card ♣J
Player point: 15, Bot point: 20
Player lose! Money: 483.0
========================
Round #749
Player cards: [♠2, ♠8], Bot cards:[♥3, ♣4]
Player points: [10, 10], Bot points:[7, 7]
----- Double Bet! -----
Player get one more card ♦T
Bot get one more card ♦5
Bot get one more card ♠A
Bot get one more card ♣8
Player point: 20, Bot point: 21
Player lose! Money: 442.0
========================
Round #750
Player cards: [♥5, ♣9], Bot cards:[♠8, ♥A]
Player points: [14, 14], Bot points:[9, 19]
Player get one more card ♦7
Bot get one more card ♠9
Player point: 21, Bot point: 18
Player win! Money: 461.0
========================
Round #751
Player cards: [♥J, ♣Q], Bot cards:[♣8, ♦9]
Player points: [20, 20], Bot points:[17, 17]
Player point: 20, Bot point: 17
Player win! Money: 480.0
========================
Round #752
Player cards: [♠6, ♦9], Bot cards:[♦2, ♥5]
Player points: [15, 15], Bot points:[7, 7]
Bot get one more card ♣K
Player point: 15, Bot point: 17
Player lose! Money: 459.0
========================
Round #753
Player cards: [♦J, ♠A], Bot cards:[♦J, ♠Q]
Player points: [11, 21], Bot points:[20, 20]
Player point: 21, Bot point: 20
------ BlackJack!! ------
Player win! Money: 482.0
========================
Round #754
Player cards: [♥4, ♣Q], Bot cards:[♣3, ♣4]
Player points: [14, 14], Bot points:[7, 7]
Bot get one more card ♥2
Bot get one more card ♥T
Player point: 14, Bot point: 19
Player lose! Money: 461.0
========================
Round #755
Player cards: [♦4, ♦T], Bot cards:[♠T, ♥Q]
Player points: [14, 14], Bot points:[20, 20]
Player get one more card ♦5
Player point: 19, Bot point: 20
Player lose! Money: 440.0
========================
Round #756
Player cards: [♥2, ♣2], Bot cards:[♣4, ♦6]
Player points: [4, 4], Bot points:[10, 10]
-------- Split! Two hands: [7, 7], [11, 11]
Player get one more card ♥J
For second hand:
----- Double Bet! -----
Player get one more card ♣6
Bot get one more card ♠T
Player point: 17, Bot point: 20
Player lose! Money: 419.0
========================
Player point: 17, Bot point: 20
Player lose! Money: 379.0
========================
Round #757
Player cards: [♠5, ♥Q], Bot cards:[♠9, ♣K]
Player points: [15, 15], Bot points:[19, 19]
Player get one more card ♠3
Player point: 18, Bot point: 19
Player lose! Money: 358.0
========================
Round #758
Player cards: [♥4, ♥9], Bot cards:[♦7, ♠J]
Player points: [13, 13], Bot points:[17, 17]
Player get one more card ♣3
Player get one more card ♦5
Player point: 21, Bot point: 17
Player win! Money: 377.0
========================
Round #759
Player cards: [♥3, ♦6], Bot cards:[♥8, ♠T]
Player points: [9, 9], Bot points:[18, 18]
Player get one more card ♦T
Player point: 19, Bot point: 18
Player win! Money: 396.0
========================
Round #760
Player cards: [♣7, ♠Q], Bot cards:[♥3, ♣8]
Player points: [17, 17], Bot points:[11, 11]
Bot get one more card ♠T
Player point: 17, Bot point: 21
Player lose! Money: 375.0
========================
Round #761
Player cards: [♥9, ♠K], Bot cards:[♠3, ♣6]
Player points: [19, 19], Bot points:[9, 9]
Bot get one more card ♦K
Player point: 19, Bot point: 19
Draw! Money:374.0
========================
Round #762
Player cards: [♠4, ♦J], Bot cards:[♥6, ♠K]
Player points: [14, 14], Bot points:[16, 16]
Bot get one more card ♣A
Player point: 14, Bot point: 17
Player lose! Money: 353.0
========================
Round #763
Player cards: [♣J, ♠K], Bot cards:[♥3, ♣7]
Player points: [20, 20], Bot points:[10, 10]
Bot get one more card ♥6
Bot get one more card ♠J
Player point: 20, Bot point: 26
Player win! Money: 372.0
========================
Round #764
Player cards: [♦3, ♣6], Bot cards:[♣T, ♠A]
Player points: [9, 9], Bot points:[11, 21]
Player get one more card ♥K
Bot get one more card ♥2
Bot get one more card ♦8
Player point: 19, Bot point: 21
Player lose! Money: 351.0
========================
Round #765
Player cards: [♥7, ♥7], Bot cards:[♥7, ♦A]
Player points: [14, 14], Bot points:[8, 18]
-------- Split! Two hands: [17, 17], [11, 11]
For second hand:
----- Double Bet! -----
Player get one more card ♦K
Bot get one more card ♣T
Player point: 17, Bot point: 18
Player lose! Money: 330.0
========================
Player point: 21, Bot point: 18
Player win! Money: 370.0
========================
Round #766
Player cards: [♥9, ♠J], Bot cards:[♦6, ♥K]
Player points: [19, 19], Bot points:[16, 16]
Bot get one more card ♦2
Player point: 19, Bot point: 18
Player win! Money: 389.0
========================
Round #767
Player cards: [♠2, ♦7], Bot cards:[♣2, ♣9]
Player points: [9, 9], Bot points:[11, 11]
Player get one more card ♦8
Bot get one more card ♥8
Player point: 17, Bot point: 19
Player lose! Money: 368.0
========================
Round #768
Player cards: [♦3, ♠7], Bot cards:[♦9, ♠K]
Player points: [10, 10], Bot points:[19, 19]
----- Double Bet! -----
Player get one more card ♠5
Player point: 15, Bot point: 19
Player lose! Money: 327.0
========================
Round #769
Player cards: [♦8, ♦A], Bot cards:[♦3, ♠6]
Player points: [9, 19], Bot points:[9, 9]
Bot get one more card ♠3
Bot get one more card ♠6
Player point: 19, Bot point: 18
Player win! Money: 346.0
========================
Round #770
Player cards: [♥6, ♥6], Bot cards:[♦3, ♣T]
Player points: [12, 12], Bot points:[13, 13]
-------- Split! Two hands: [13, 13], [16, 16]
For second hand:
Bot get one more card ♦J
Player point: 13, Bot point: 23
Player win! Money: 365.0
========================
Player point: 16, Bot point: 23
Player win! Money: 385.0
========================
Round #771
New deck
Player cards: [♠2, ♣9], Bot cards:[♠8, ♠8]
Player points: [11, 11], Bot points:[16, 16]
----- Double Bet! -----
Player get one more card ♠T
Bot get one more card ♦K
Player point: 21, Bot point: 26
Player win! Money: 424.0
========================
Round #772
Player cards: [♠7, ♣A], Bot cards:[♦6, ♣7]
Player points: [8, 18], Bot points:[13, 13]
Bot get one more card ♠A
Bot get one more card ♣8
Player point: 18, Bot point: 22
Player win! Money: 443.0
========================
Round #773
Player cards: [♥7, ♥A], Bot cards:[♥2, ♣9]
Player points: [8, 18], Bot points:[11, 11]
Bot get one more card ♣J
Player point: 18, Bot point: 21
Player lose! Money: 422.0
========================
Round #774
Player cards: [♣K, ♠K], Bot cards:[♠T, ♥Q]
Player points: [20, 20], Bot points:[20, 20]
Player point: 20, Bot point: 20
Draw! Money:421.0
========================
Round #775
Player cards: [♣6, ♣J], Bot cards:[♥9, ♥Q]
Player points: [16, 16], Bot points:[19, 19]
Player get one more card ♣8
Player point: 24, Bot point: 19
Player lose! Money: 400.0
========================
Round #776
Player cards: [♦9, ♦Q], Bot cards:[♠Q, ♥K]
Player points: [19, 19], Bot points:[20, 20]
Player point: 19, Bot point: 20
Player lose! Money: 379.0
========================
Round #777
Player cards: [♥4, ♣5], Bot cards:[♠5, ♠8]
Player points: [9, 9], Bot points:[13, 13]
----- Double Bet! -----
Player get one more card ♥7
Bot get one more card ♦3
Bot get one more card ♦4
Player point: 16, Bot point: 20
Player lose! Money: 338.0
========================
Round #778
Player cards: [♥T, ♠K], Bot cards:[♥5, ♥6]
Player points: [20, 20], Bot points:[11, 11]
Bot get one more card ♣6
Player point: 20, Bot point: 17
Player win! Money: 357.0
========================
Round #779
Player cards: [♣2, ♥4], Bot cards:[♦6, ♦T]
Player points: [6, 6], Bot points:[16, 16]
Player get one more card ♦7
Bot get one more card ♠9
Player point: 13, Bot point: 25
Player win! Money: 376.0
========================
Round #780
Player cards: [♣2, ♦K], Bot cards:[♠J, ♠Q]
Player points: [12, 12], Bot points:[20, 20]
Player get one more card ♥3
Player get one more card ♣3
Player point: 18, Bot point: 20
Player lose! Money: 355.0
========================
Round #781
Player cards: [♦6, ♥9], Bot cards:[♥5, ♠9]
Player points: [15, 15], Bot points:[14, 14]
Bot get one more card ♥8
Player point: 15, Bot point: 22
Player win! Money: 374.0
========================
Round #782
Player cards: [♠2, ♠K], Bot cards:[♠3, ♦Q]
Player points: [12, 12], Bot points:[13, 13]
Player get one more card ♠7
Bot get one more card ♥K
Player point: 19, Bot point: 23
Player win! Money: 393.0
========================
Round #783
Player cards: [♣4, ♣6], Bot cards:[♠5, ♣7]
Player points: [10, 10], Bot points:[12, 12]
----- Double Bet! -----
Player get one more card ♠A
Bot get one more card ♠8
Player point: 21, Bot point: 20
Player win! Money: 432.0
========================
Round #784
Player cards: [♣3, ♦7], Bot cards:[♦2, ♥J]
Player points: [10, 10], Bot points:[12, 12]
----- Double Bet! -----
Player get one more card ♦J
Bot get one more card ♣7
Player point: 20, Bot point: 19
Player win! Money: 471.0
========================
Round #785
Player cards: [♦4, ♥8], Bot cards:[♠4, ♠7]
Player points: [12, 12], Bot points:[11, 11]
Bot get one more card ♠A
Bot get one more card ♣8
Player point: 12, Bot point: 20
Player lose! Money: 450.0
========================
Round #786
Player cards: [♥4, ♥J], Bot cards:[♦8, ♠9]
Player points: [14, 14], Bot points:[17, 17]
Player get one more card ♣T
Player point: 24, Bot point: 17
Player lose! Money: 429.0
========================
Round #787
Player cards: [♠7, ♦T], Bot cards:[♠A, ♠A]
Player points: [17, 17], Bot points:[2, 12]
Bot get one more card ♥A
Bot get one more card ♦8
Bot get one more card ♦2
Bot get one more card ♥T
Player point: 17, Bot point: 23
Player win! Money: 448.0
========================
Round #788
Player cards: [♠3, ♦A], Bot cards:[♣Q, ♦A]
Player points: [4, 14], Bot points:[11, 21]
Player get one more card ♥Q
Player get one more card ♦Q
Bot get one more card ♣3
Bot get one more card ♥2
Bot get one more card ♦4
Player point: 24, Bot point: 20
Player lose! Money: 427.0
========================
Round #789
Player cards: [♦9, ♥A], Bot cards:[♣9, ♥J]
Player points: [10, 20], Bot points:[19, 19]
Player point: 20, Bot point: 19
Player win! Money: 446.0
========================
Round #790
Player cards: [♥6, ♦7], Bot cards:[♥5, ♦T]
Player points: [13, 13], Bot points:[15, 15]
Bot get one more card ♣2
Player point: 13, Bot point: 17
Player lose! Money: 425.0
========================
Round #791
Player cards: [♦3, ♦T], Bot cards:[♦3, ♥6]
Player points: [13, 13], Bot points:[9, 9]
Bot get one more card ♣5
Bot get one more card ♦9
Player point: 13, Bot point: 23
Player win! Money: 444.0
========================
Round #792
Player cards: [♠T, ♥Q], Bot cards:[♣J, ♣K]
Player points: [20, 20], Bot points:[20, 20]
Player point: 20, Bot point: 20
Draw! Money:443.0
========================
Round #793
Player cards: [♠4, ♦J], Bot cards:[♥9, ♥J]
Player points: [14, 14], Bot points:[19, 19]
Player get one more card ♣4
Player point: 18, Bot point: 19
Player lose! Money: 422.0
========================
Round #794
Player cards: [♠2, ♠5], Bot cards:[♠4, ♣4]
Player points: [7, 7], Bot points:[8, 8]
Player get one more card ♥A
Bot get one more card ♦6
Bot get one more card ♠5
Player point: 18, Bot point: 19
Player lose! Money: 401.0
========================
Round #795
Player cards: [♥8, ♣Q], Bot cards:[♦Q, ♦A]
Player points: [18, 18], Bot points:[11, 21]
Bot get one more card ♦K
Player point: 18, Bot point: 21
Player lose! Money: 380.0
========================
Round #796
Player cards: [♥7, ♥7], Bot cards:[♥3, ♥T]
Player points: [14, 14], Bot points:[13, 13]
-------- Split! Two hands: [13, 13], [8, 18]
For second hand:
Bot get one more card ♥Q
Player point: 13, Bot point: 23
Player win! Money: 399.0
========================
Player point: 18, Bot point: 23
Player win! Money: 419.0
========================
Round #797
Player cards: [♦5, ♣9], Bot cards:[♣K, ♣A]
Player points: [14, 14], Bot points:[11, 21]
Player get one more card ♥T
Bot get one more card ♦5
Bot get one more card ♣A
Player point: 24, Bot point: 17
Player lose! Money: 398.0
========================
Round #798
Player cards: [♥2, ♠3], Bot cards:[♠J, ♣K]
Player points: [5, 5], Bot points:[20, 20]
Player get one more card ♦7
Player get one more card ♦4
Player get one more card ♠4
Player point: 20, Bot point: 20
Draw! Money:397.0
========================
Round #799
Player cards: [♦8, ♠Q], Bot cards:[♣7, ♠K]
Player points: [18, 18], Bot points:[17, 17]
Player point: 18, Bot point: 17
Player win! Money: 416.0
========================
Round #800
Player cards: [♣3, ♣8], Bot cards:[♠6, ♥K]
Player points: [11, 11], Bot points:[16, 16]
----- Double Bet! -----
Player get one more card ♣Q
Bot get one more card ♦K
Player point: 21, Bot point: 26
Player win! Money: 455.0
========================
Round #801
Player cards: [♣3, ♠6], Bot cards:[♥4, ♦A]
Player points: [9, 9], Bot points:[5, 15]
----- Double Bet! -----
Player get one more card ♥9
Bot get one more card ♦5
Bot get one more card ♦J
Player point: 18, Bot point: 20
Player lose! Money: 414.0
========================
Round #802
Player cards: [♣2, ♣4], Bot cards:[♣5, ♥6]
Player points: [6, 6], Bot points:[11, 11]
Player get one more card ♥A
Bot get one more card ♠9
Player point: 17, Bot point: 20
Player lose! Money: 393.0
========================
Round #803
Player cards: [♠4, ♥5], Bot cards:[♥3, ♠3]
Player points: [9, 9], Bot points:[6, 6]
----- Double Bet! -----
Player get one more card ♣J
Bot get one more card ♣5
Bot get one more card ♠6
Player point: 19, Bot point: 17
Player win! Money: 432.0
========================
Round #804
Player cards: [♠8, ♣T], Bot cards:[♦9, ♣Q]
Player points: [18, 18], Bot points:[19, 19]
Player point: 18, Bot point: 19
Player lose! Money: 411.0
========================
Round #805
Player cards: [♥3, ♣T], Bot cards:[♦2, ♥K]
Player points: [13, 13], Bot points:[12, 12]
Bot get one more card ♣T
Player point: 13, Bot point: 22
Player win! Money: 430.0
========================
Round #806
Player cards: [♥2, ♦J], Bot cards:[♦5, ♠Q]
Player points: [12, 12], Bot points:[15, 15]
Bot get one more card ♦8
Player point: 12, Bot point: 23
Player win! Money: 449.0
========================
Round #807
Player cards: [♦3, ♦4], Bot cards:[♠2, ♣6]
Player points: [7, 7], Bot points:[8, 8]
Player get one more card ♠J
Bot get one more card ♠J
Player point: 17, Bot point: 18
Player lose! Money: 428.0
========================
Round #808
New deck
Player cards: [♣6, ♠T], Bot cards:[♦5, ♥8]
Player points: [16, 16], Bot points:[13, 13]
Bot get one more card ♦4
Player point: 16, Bot point: 17
Player lose! Money: 407.0
========================
Round #809
Player cards: [♥2, ♥T], Bot cards:[♥5, ♥9]
Player points: [12, 12], Bot points:[14, 14]
Bot get one more card ♣3
Player point: 12, Bot point: 17
Player lose! Money: 386.0
========================
Round #810
Player cards: [♣T, ♠K], Bot cards:[♠J, ♣K]
Player points: [20, 20], Bot points:[20, 20]
Player point: 20, Bot point: 20
Draw! Money:385.0
========================
Round #811
Player cards: [♠8, ♦9], Bot cards:[♦4, ♣7]
Player points: [17, 17], Bot points:[11, 11]
Bot get one more card ♥3
Bot get one more card ♥J
Player point: 17, Bot point: 24
Player win! Money: 404.0
========================
Round #812
Player cards: [♣6, ♥K], Bot cards:[♥Q, ♥Q]
Player points: [16, 16], Bot points:[20, 20]
Player get one more card ♣2
Player point: 18, Bot point: 20
Player lose! Money: 383.0
========================
Round #813
Player cards: [♠6, ♦J], Bot cards:[♥7, ♣K]
Player points: [16, 16], Bot points:[17, 17]
Player get one more card ♣A
Player point: 17, Bot point: 17
Draw! Money:382.0
========================
Round #814
Player cards: [♣2, ♦Q], Bot cards:[♦T, ♠T]
Player points: [12, 12], Bot points:[20, 20]
Player get one more card ♦8
Player point: 20, Bot point: 20
Draw! Money:381.0
========================
Round #815
Player cards: [♠4, ♥Q], Bot cards:[♣T, ♥J]
Player points: [14, 14], Bot points:[20, 20]
Player get one more card ♣J
Player point: 24, Bot point: 20
Player lose! Money: 360.0
========================
Round #816
Player cards: [♥2, ♥3], Bot cards:[♥7, ♠9]
Player points: [5, 5], Bot points:[16, 16]
Player get one more card ♠4
Player get one more card ♠9
Bot get one more card ♥J
Player point: 18, Bot point: 26
Player win! Money: 379.0
========================
Round #817
Player cards: [♥6, ♥T], Bot cards:[♦2, ♦5]
Player points: [16, 16], Bot points:[7, 7]
Bot get one more card ♦Q
Player point: 16, Bot point: 17
Player lose! Money: 358.0
========================
Round #818
Player cards: [♠Q, ♦A], Bot cards:[♣5, ♥9]
Player points: [11, 21], Bot points:[14, 14]
Bot get one more card ♥3
Player point: 21, Bot point: 17
------ BlackJack!! ------
Player win! Money: 381.0
========================
Round #819
Player cards: [♦4, ♦6], Bot cards:[♦9, ♣Q]
Player points: [10, 10], Bot points:[19, 19]
----- Double Bet! -----
Player get one more card ♣3
Player point: 13, Bot point: 19
Player lose! Money: 340.0
========================
Round #820
Player cards: [♣6, ♥T], Bot cards:[♣9, ♠Q]
Player points: [16, 16], Bot points:[19, 19]
Player get one more card ♦J
Player point: 26, Bot point: 19
Player lose! Money: 319.0
========================
Round #821
Player cards: [♥5, ♣Q], Bot cards:[♥T, ♣J]
Player points: [15, 15], Bot points:[20, 20]
Player get one more card ♦A
Player get one more card ♣J
Player point: 26, Bot point: 20
Player lose! Money: 298.0
========================
Round #822
Player cards: [♠5, ♠K], Bot cards:[♥4, ♦6]
Player points: [15, 15], Bot points:[10, 10]
Bot get one more card ♦3
Bot get one more card ♦K
Player point: 15, Bot point: 23
Player win! Money: 317.0
========================
Round #823
Player cards: [♥8, ♥K], Bot cards:[♦8, ♥A]
Player points: [18, 18], Bot points:[9, 19]
Bot get one more card ♠A
Bot get one more card ♣A
Bot get one more card ♠J
Player point: 18, Bot point: 21
Player lose! Money: 296.0
========================
Round #824
Player cards: [♣5, ♠A], Bot cards:[♦2, ♠5]
Player points: [6, 16], Bot points:[7, 7]
Bot get one more card ♣9
Bot get one more card ♦7
Player point: 16, Bot point: 23
Player win! Money: 315.0
========================
Round #825
Player cards: [♣8, ♣K], Bot cards:[♣6, ♦K]
Player points: [18, 18], Bot points:[16, 16]
Bot get one more card ♥6
Player point: 18, Bot point: 22
Player win! Money: 334.0
========================
Round #826
Player cards: [♠2, ♣8], Bot cards:[♣4, ♦Q]
Player points: [10, 10], Bot points:[14, 14]
----- Double Bet! -----
Player get one more card ♣9
Bot get one more card ♦5
Player point: 19, Bot point: 19
Draw! Money:333.0
========================
Round #827
Player cards: [♦J, ♣Q], Bot cards:[♠8, ♠T]
Player points: [20, 20], Bot points:[18, 18]
Player point: 20, Bot point: 18
Player win! Money: 352.0
========================
Round #828
Player cards: [♠3, ♠8], Bot cards:[♥8, ♠A]
Player points: [11, 11], Bot points:[9, 19]
----- Double Bet! -----
Player get one more card ♦9
Bot get one more card ♦A
Bot get one more card ♠7
Player point: 20, Bot point: 17
Player win! Money: 391.0
========================
Round #829
Player cards: [♠2, ♦7], Bot cards:[♦2, ♥7]
Player points: [9, 9], Bot points:[9, 9]
Player get one more card ♠J
Bot get one more card ♦8
Player point: 19, Bot point: 17
Player win! Money: 410.0
========================
Round #830
Player cards: [♠T, ♠Q], Bot cards:[♥5, ♣8]
Player points: [20, 20], Bot points:[13, 13]
Bot get one more card ♣K
Player point: 20, Bot point: 23
Player win! Money: 429.0
========================
Round #831
Player cards: [♥3, ♥6], Bot cards:[♠Q, ♥A]
Player points: [9, 9], Bot points:[11, 21]
Player get one more card ♦5
Player get one more card ♥5
Bot get one more card ♦3
Bot get one more card ♦6
Player point: 19, Bot point: 20
Player lose! Money: 408.0
========================
Round #832
Player cards: [♣4, ♣T], Bot cards:[♠3, ♠5]
Player points: [14, 14], Bot points:[8, 8]
Bot get one more card ♣9
Player point: 14, Bot point: 17
Player lose! Money: 387.0
========================
Round #833
Player cards: [♠2, ♦K], Bot cards:[♣2, ♠3]
Player points: [12, 12], Bot points:[5, 5]
Player get one more card ♥K
Bot get one more card ♦6
Bot get one more card ♣4
Bot get one more card ♠K
Player point: 22, Bot point: 25
Player lose! Money: 366.0
========================
Round #834
Player cards: [♦2, ♦7], Bot cards:[♥9, ♠J]
Player points: [9, 9], Bot points:[19, 19]
Player get one more card ♠6
Player get one more card ♣4
Player point: 19, Bot point: 19
Draw! Money:365.0
========================
Round #835
Player cards: [♥K, ♠A], Bot cards:[♣5, ♥Q]
Player points: [11, 21], Bot points:[15, 15]
Bot get one more card ♥8
Player point: 21, Bot point: 23
------ BlackJack!! ------
Player win! Money: 388.0
========================
Round #836
Player cards: [♣3, ♣J], Bot cards:[♠9, ♦T]
Player points: [13, 13], Bot points:[19, 19]
Player get one more card ♣5
Player point: 18, Bot point: 19
Player lose! Money: 367.0
========================
Round #837
Player cards: [♣2, ♥9], Bot cards:[♥4, ♦8]
Player points: [11, 11], Bot points:[12, 12]
----- Double Bet! -----
Player get one more card ♦J
Bot get one more card ♠4
Bot get one more card ♥6
Player point: 21, Bot point: 22
Player win! Money: 406.0
========================
Round #838
Player cards: [♣A, ♣A], Bot cards:[♥J, ♥A]
Player points: [2, 12], Bot points:[11, 21]
-------- Split! Two hands: [8, 18], [4, 14]
For second hand:
Player get one more card ♠2
Player get one more card ♦3
Bot get one more card ♥4
Bot get one more card ♣7
Player point: 18, Bot point: 22
Player win! Money: 425.0
========================
Player point: 19, Bot point: 22
Player win! Money: 445.0
========================
Round #839
Player cards: [♦T, ♣T], Bot cards:[♦2, ♠6]
Player points: [20, 20], Bot points:[8, 8]
Bot get one more card ♠6
Bot get one more card ♥4
Player point: 20, Bot point: 18
Player win! Money: 464.0
========================
Round #840
Player cards: [♣3, ♠5], Bot cards:[♠4, ♠7]
Player points: [8, 8], Bot points:[11, 11]
Player get one more card ♣Q
Bot get one more card ♠7
Player point: 18, Bot point: 18
Draw! Money:463.0
========================
Round #841
Player cards: [♣8, ♥8], Bot cards:[♣7, ♦T]
Player points: [16, 16], Bot points:[17, 17]
-------- Split! Two hands: [11, 11], [16, 16]
----- Double Bet! -----
Player get one more card ♣5
For second hand:
Player get one more card ♣7
Player point: 16, Bot point: 17
Player lose! Money: 422.0
========================
Player point: 23, Bot point: 17
Player lose! Money: 402.0
========================
Round #842
Player cards: [♦4, ♦Q], Bot cards:[♦9, ♠K]
Player points: [14, 14], Bot points:[19, 19]
Player get one more card ♥A
Player get one more card ♥2
Player point: 17, Bot point: 19
Player lose! Money: 381.0
========================
Round #843
New deck
Player cards: [♥Q, ♥A], Bot cards:[♠4, ♥7]
Player points: [11, 21], Bot points:[11, 11]
Bot get one more card ♣J
Player point: 21, Bot point: 21
Player lose! Money: 360.0
========================
Round #844
Player cards: [♥4, ♥8], Bot cards:[♦2, ♥5]
Player points: [12, 12], Bot points:[7, 7]
Player get one more card ♠Q
Bot get one more card ♥2
Bot get one more card ♣7
Bot get one more card ♣A
Player point: 22, Bot point: 17
Player lose! Money: 339.0
========================
Round #845
Player cards: [♣9, ♥J], Bot cards:[♦6, ♥Q]
Player points: [19, 19], Bot points:[16, 16]
Bot get one more card ♠A
Player point: 19, Bot point: 17
Player win! Money: 358.0
========================
Round #846
Player cards: [♥3, ♦8], Bot cards:[♠3, ♠5]
Player points: [11, 11], Bot points:[8, 8]
----- Double Bet! -----
Player get one more card ♠Q
Bot get one more card ♦6
Bot get one more card ♣Q
Player point: 21, Bot point: 24
Player win! Money: 397.0
========================
Round #847
Player cards: [♦4, ♣8], Bot cards:[♥J, ♠Q]
Player points: [12, 12], Bot points:[20, 20]
Player get one more card ♦5
Player point: 17, Bot point: 20
Player lose! Money: 376.0
========================
Round #848
Player cards: [♦2, ♣3], Bot cards:[♥7, ♦8]
Player points: [5, 5], Bot points:[15, 15]
Player get one more card ♥Q
Player get one more card ♠K
Bot get one more card ♥4
Player point: 25, Bot point: 19
Player lose! Money: 355.0
========================
Round #849
Player cards: [♥Q, ♣Q], Bot cards:[♦3, ♠4]
Player points: [20, 20], Bot points:[7, 7]
Bot get one more card ♣8
Bot get one more card ♣5
Player point: 20, Bot point: 20
Draw! Money:354.0
========================
Round #850
Player cards: [♣9, ♣K], Bot cards:[♠7, ♦A]
Player points: [19, 19], Bot points:[8, 18]
Bot get one more card ♥3
Bot get one more card ♣8
Player point: 19, Bot point: 19
Draw! Money:353.0
========================
Round #851
Player cards: [♠6, ♥T], Bot cards:[♥7, ♥A]
Player points: [16, 16], Bot points:[8, 18]
Player get one more card ♣T
Bot get one more card ♦7
Bot get one more card ♥K
Player point: 26, Bot point: 25
Player lose! Money: 332.0
========================
Round #852
Player cards: [♦5, ♣6], Bot cards:[♣3, ♥5]
Player points: [11, 11], Bot points:[8, 8]
----- Double Bet! -----
Player get one more card ♠Q
Bot get one more card ♣2
Bot get one more card ♠T
Player point: 21, Bot point: 20
Player win! Money: 371.0
========================
Round #853
Player cards: [♦K, ♥A], Bot cards:[♠J, ♣A]
Player points: [11, 21], Bot points:[11, 21]
Bot get one more card ♠5
Bot get one more card ♠K
Player point: 21, Bot point: 26
------ BlackJack!! ------
Player win! Money: 394.0
========================
Round #854
Player cards: [♣4, ♣5], Bot cards:[♣9, ♣K]
Player points: [9, 9], Bot points:[19, 19]
Player get one more card ♠4
Player get one more card ♣K
Player point: 23, Bot point: 19
Player lose! Money: 373.0
========================
Round #855
Player cards: [♣3, ♦T], Bot cards:[♦J, ♦A]
Player points: [13, 13], Bot points:[11, 21]
Player get one more card ♦7
Bot get one more card ♦9
Player point: 20, Bot point: 20
Draw! Money:372.0
========================
Round #856
Player cards: [♦9, ♠T], Bot cards:[♦J, ♣A]
Player points: [19, 19], Bot points:[11, 21]
Bot get one more card ♠2
Bot get one more card ♥8
Player point: 19, Bot point: 21
Player lose! Money: 351.0
========================
Round #857
Player cards: [♥6, ♦Q], Bot cards:[♦3, ♣5]
Player points: [16, 16], Bot points:[8, 8]
Bot get one more card ♥2
Bot get one more card ♥T
Player point: 16, Bot point: 20
Player lose! Money: 330.0
========================
Round #858
Player cards: [♠3, ♠3], Bot cards:[♠2, ♦K]
Player points: [6, 6], Bot points:[12, 12]
Player get one more card ♥J
Bot get one more card ♠9
Player point: 16, Bot point: 21
Player lose! Money: 309.0
========================
Round #859
Player cards: [♥4, ♠T], Bot cards:[♥6, ♦7]
Player points: [14, 14], Bot points:[13, 13]
Bot get one more card ♠6
Player point: 14, Bot point: 19
Player lose! Money: 288.0
========================
Round #860
Player cards: [♠6, ♥K], Bot cards:[♠5, ♠9]
Player points: [16, 16], Bot points:[14, 14]
Bot get one more card ♥4
Player point: 16, Bot point: 18
Player lose! Money: 267.0
========================
Round #861
Player cards: [♣2, ♦5], Bot cards:[♣3, ♠6]
Player points: [7, 7], Bot points:[9, 9]
Player get one more card ♥9
Bot get one more card ♠8
Player point: 16, Bot point: 17
Player lose! Money: 246.0
========================
Round #862
Player cards: [♦6, ♠7], Bot cards:[♦K, ♠K]
Player points: [13, 13], Bot points:[20, 20]
Player get one more card ♦4
Player point: 17, Bot point: 20
Player lose! Money: 225.0
========================
Round #863
Player cards: [♥2, ♦T], Bot cards:[♣6, ♥7]
Player points: [12, 12], Bot points:[13, 13]
Bot get one more card ♥T
Player point: 12, Bot point: 23
Player win! Money: 244.0
========================
Round #864
Player cards: [♥6, ♦6], Bot cards:[♠2, ♥8]
Player points: [12, 12], Bot points:[10, 10]
-------- Split! Two hands: [11, 11], [15, 15]
----- Double Bet! -----
Player get one more card ♣4
For second hand:
Bot get one more card ♠J
Player point: 15, Bot point: 20
Player lose! Money: 203.0
========================
Player point: 15, Bot point: 20
Player lose! Money: 183.0
========================
Round #865
Player cards: [♦8, ♠9], Bot cards:[♦3, ♣J]
Player points: [17, 17], Bot points:[13, 13]
Bot get one more card ♣Q
Player point: 17, Bot point: 23
Player win! Money: 202.0
========================
Round #866
Player cards: [♥8, ♥T], Bot cards:[♣2, ♣J]
Player points: [18, 18], Bot points:[12, 12]
Bot get one more card ♠A
Bot get one more card ♥3
Bot get one more card ♦8
Player point: 18, Bot point: 24
Player win! Money: 221.0
========================
Round #867
Player cards: [♣T, ♠T], Bot cards:[♥3, ♥9]
Player points: [20, 20], Bot points:[12, 12]
Bot get one more card ♦5
Player point: 20, Bot point: 17
Player win! Money: 240.0
========================
Round #868
Player cards: [♠8, ♠A], Bot cards:[♥2, ♦T]
Player points: [9, 19], Bot points:[12, 12]
Bot get one more card ♣9
Player point: 19, Bot point: 21
Player lose! Money: 219.0
========================
Round #869
Player cards: [♥2, ♦Q], Bot cards:[♣4, ♦K]
Player points: [12, 12], Bot points:[14, 14]
Bot get one more card ♠8
Player point: 12, Bot point: 22
Player win! Money: 238.0
========================
Round #870
Player cards: [♠9, ♦T], Bot cards:[♥6, ♦9]
Player points: [19, 19], Bot points:[15, 15]
Bot get one more card ♠2
Player point: 19, Bot point: 17
Player win! Money: 257.0
========================
Round #871
Player cards: [♣K, ♠A], Bot cards:[♦2, ♦A]
Player points: [11, 21], Bot points:[3, 13]
Bot get one more card ♥J
Bot get one more card ♥K
Player point: 21, Bot point: 23
------ BlackJack!! ------
Player win! Money: 280.0
========================
Round #872
Player cards: [♠8, ♣A], Bot cards:[♦4, ♣T]
Player points: [9, 19], Bot points:[14, 14]
Bot get one more card ♣7
Player point: 19, Bot point: 21
Player lose! Money: 259.0
========================
Round #873
Player cards: [♣J, ♠K], Bot cards:[♠4, ♦K]
Player points: [20, 20], Bot points:[14, 14]
Bot get one more card ♦J
Player point: 20, Bot point: 24
Player win! Money: 278.0
========================
Round #874
Player cards: [♠7, ♥9], Bot cards:[♣6, ♣7]
Player points: [16, 16], Bot points:[13, 13]
Bot get one more card ♦3
Bot get one more card ♣4
Player point: 16, Bot point: 20
Player lose! Money: 257.0
========================
Round #875
Player cards: [♣8, ♥A], Bot cards:[♠3, ♣6]
Player points: [9, 19], Bot points:[9, 9]
Bot get one more card ♥9
Player point: 19, Bot point: 18
Player win! Money: 276.0
========================
Round #876
Player cards: [♦7, ♠7], Bot cards:[♣7, ♦Q]
Player points: [14, 14], Bot points:[17, 17]
-------- Split! Two hands: [9, 9], [17, 17]
Player get one more card ♦4
Player get one more card ♠9
For second hand:
Player point: 22, Bot point: 17
Player lose! Money: 255.0
========================
Player point: 17, Bot point: 17
Draw! Money:255.0
========================
Round #877
Player cards: [♥7, ♦Q], Bot cards:[♠5, ♠T]
Player points: [17, 17], Bot points:[15, 15]
Bot get one more card ♠J
Player point: 17, Bot point: 25
Player win! Money: 274.0
========================
Round #878
Player cards: [♦2, ♥K], Bot cards:[♣T, ♦J]
Player points: [12, 12], Bot points:[20, 20]
Player get one more card ♦A
Player get one more card ♠J
Player point: 23, Bot point: 20
Player lose! Money: 253.0
========================
Round #879
New deck
Player cards: [♥2, ♦3], Bot cards:[♦4, ♠T]
Player points: [5, 5], Bot points:[14, 14]
Player get one more card ♣8
Bot get one more card ♦7
Player point: 13, Bot point: 21
Player lose! Money: 232.0
========================
Round #880
Player cards: [♥7, ♠A], Bot cards:[♦4, ♣4]
Player points: [8, 18], Bot points:[8, 8]
Bot get one more card ♥8
Bot get one more card ♣3
Player point: 18, Bot point: 19
Player lose! Money: 211.0
========================
Round #881
Player cards: [♠7, ♦T], Bot cards:[♥Q, ♠K]
Player points: [17, 17], Bot points:[20, 20]
Player point: 17, Bot point: 20
Player lose! Money: 190.0
========================
Round #882
Player cards: [♠J, ♦J], Bot cards:[♦9, ♣A]
Player points: [20, 20], Bot points:[10, 20]
Bot get one more card ♥T
Player point: 20, Bot point: 20
Draw! Money:189.0
========================
Round #883
Player cards: [♣2, ♥6], Bot cards:[♥J, ♥J]
Player points: [8, 8], Bot points:[20, 20]
Player get one more card ♠Q
Player point: 18, Bot point: 20
Player lose! Money: 168.0
========================
Round #884
Player cards: [♥4, ♠J], Bot cards:[♥4, ♣K]
Player points: [14, 14], Bot points:[14, 14]
Bot get one more card ♥3
Player point: 14, Bot point: 17
Player lose! Money: 147.0
========================
Round #885
Player cards: [♣5, ♥J], Bot cards:[♠7, ♥K]
Player points: [15, 15], Bot points:[17, 17]
Player get one more card ♦2
Player point: 17, Bot point: 17
Draw! Money:146.0
========================
Round #886
Player cards: [♣5, ♠5], Bot cards:[♠3, ♦A]
Player points: [10, 10], Bot points:[4, 14]
----- Double Bet! -----
Player get one more card ♦K
Bot get one more card ♦Q
Bot get one more card ♣Q
Player point: 20, Bot point: 24
Player win! Money: 185.0
========================
Round #887
Player cards: [♣3, ♣9], Bot cards:[♣6, ♣A]
Player points: [12, 12], Bot points:[7, 17]
Bot get one more card ♥5
Bot get one more card ♥3
Bot get one more card ♣K
Player point: 12, Bot point: 25
Player win! Money: 204.0
========================
Round #888
Player cards: [♣5, ♦6], Bot cards:[♠J, ♠Q]
Player points: [11, 11], Bot points:[20, 20]
----- Double Bet! -----
Player get one more card ♠5
Player point: 16, Bot point: 20
Player lose! Money: 163.0
========================
Round #889
Player cards: [♥9, ♣J], Bot cards:[♦7, ♠A]
Player points: [19, 19], Bot points:[8, 18]
Bot get one more card ♦J
Player point: 19, Bot point: 18
Player win! Money: 182.0
========================
Round #890
Player cards: [♣9, ♠9], Bot cards:[♦4, ♠T]
Player points: [18, 18], Bot points:[14, 14]
-------- Split! Two hands: [10, 20], [15, 15]
For second hand:
Bot get one more card ♣T
Player point: 20, Bot point: 24
Player win! Money: 201.0
========================
Player point: 15, Bot point: 24
Player win! Money: 221.0
========================
Round #891
Player cards: [♠8, ♣J], Bot cards:[♦3, ♣T]
Player points: [18, 18], Bot points:[13, 13]
Bot get one more card ♣4
Player point: 18, Bot point: 17
Player win! Money: 240.0
========================
Round #892
Player cards: [♥T, ♥Q], Bot cards:[♦2, ♣6]
Player points: [20, 20], Bot points:[8, 8]
Bot get one more card ♣7
Bot get one more card ♥5
Player point: 20, Bot point: 20
Draw! Money:239.0
========================
Round #893
Player cards: [♣7, ♣A], Bot cards:[♠2, ♠4]
Player points: [8, 18], Bot points:[6, 6]
Bot get one more card ♦K
Bot get one more card ♠2
Player point: 18, Bot point: 18
Draw! Money:238.0
========================
Round #894
Player cards: [♥4, ♥K], Bot cards:[♠6, ♣Q]
Player points: [14, 14], Bot points:[16, 16]
Bot get one more card ♦5
Player point: 14, Bot point: 21
Player lose! Money: 217.0
========================
Round #895
Player cards: [♥4, ♠9], Bot cards:[♠2, ♠9]
Player points: [13, 13], Bot points:[11, 11]
Bot get one more card ♦8
Player point: 13, Bot point: 19
Player lose! Money: 196.0
========================
Round #896
Player cards: [♥6, ♥K], Bot cards:[♠3, ♦8]
Player points: [16, 16], Bot points:[11, 11]
Bot get one more card ♠A
Bot get one more card ♦2
Bot get one more card ♦6
Player point: 16, Bot point: 20
Player lose! Money: 175.0
========================
Round #897
Player cards: [♥5, ♦A], Bot cards:[♥7, ♦A]
Player points: [6, 16], Bot points:[8, 18]
Player get one more card ♦3
Bot get one more card ♦8
Bot get one more card ♥A
Player point: 19, Bot point: 17
Player win! Money: 194.0
========================
Round #898
Player cards: [♠4, ♠7], Bot cards:[♦5, ♥T]
Player points: [11, 11], Bot points:[15, 15]
----- Double Bet! -----
Player get one more card ♦9
Bot get one more card ♣5
Player point: 20, Bot point: 20
Draw! Money:193.0
========================
Round #899
Player cards: [♦J, ♠K], Bot cards:[♦8, ♥A]
Player points: [20, 20], Bot points:[9, 19]
Bot get one more card ♣J
Player point: 20, Bot point: 19
Player win! Money: 212.0
========================
Round #900
Player cards: [♦2, ♥3], Bot cards:[♠2, ♣7]
Player points: [5, 5], Bot points:[9, 9]
Player get one more card ♥8
Bot get one more card ♦A
Bot get one more card ♦4
Bot get one more card ♠7
Player point: 13, Bot point: 21
Player lose! Money: 191.0
========================
Round #901
Player cards: [♦3, ♠T], Bot cards:[♣5, ♣T]
Player points: [13, 13], Bot points:[15, 15]
Bot get one more card ♥2
Player point: 13, Bot point: 17
Player lose! Money: 170.0
========================
Round #902
Player cards: [♣2, ♥5], Bot cards:[♣2, ♣9]
Player points: [7, 7], Bot points:[11, 11]
Player get one more card ♥A
Bot get one more card ♣J
Player point: 18, Bot point: 21
Player lose! Money: 149.0
========================
Round #903
Player cards: [♥Q, ♠A], Bot cards:[♠3, ♥7]
Player points: [11, 21], Bot points:[10, 10]
Bot get one more card ♠6
Bot get one more card ♠Q
Player point: 21, Bot point: 26
------ BlackJack!! ------
Player win! Money: 172.0
========================
Round #904
Player cards: [♣6, ♣9], Bot cards:[♦6, ♥6]
Player points: [15, 15], Bot points:[12, 12]
Bot get one more card ♣8
Player point: 15, Bot point: 20
Player lose! Money: 151.0
========================
Round #905
Player cards: [♠T, ♣Q], Bot cards:[♣3, ♥6]
Player points: [20, 20], Bot points:[9, 9]
Bot get one more card ♥2
Bot get one more card ♣T
Player point: 20, Bot point: 21
Player lose! Money: 130.0
========================
Round #906
Player cards: [♠8, ♦Q], Bot cards:[♦T, ♥K]
Player points: [18, 18], Bot points:[20, 20]
Player point: 18, Bot point: 20
Player lose! Money: 109.0
========================
Round #907
Player cards: [♦9, ♥Q], Bot cards:[♠K, ♦K]
Player points: [19, 19], Bot points:[20, 20]
Player point: 19, Bot point: 20
Player lose! Money: 88.0
========================
Round #908
Player cards: [♦Q, ♠K], Bot cards:[♣4, ♠4]
Player points: [20, 20], Bot points:[8, 8]
Bot get one more card ♥9
Player point: 20, Bot point: 17
Player win! Money: 107.0
========================
Round #909
Player cards: [♠5, ♦6], Bot cards:[♣2, ♥3]
Player points: [11, 11], Bot points:[5, 5]
----- Double Bet! -----
Player get one more card ♦J
Bot get one more card ♠7
Bot get one more card ♣A
Bot get one more card ♣8
Player point: 21, Bot point: 21
Player lose! Money: 66.0
========================
Round #910
Player cards: [♠8, ♣Q], Bot cards:[♠9, ♦Q]
Player points: [18, 18], Bot points:[19, 19]
Player point: 18, Bot point: 19
Player lose! Money: 45.0
========================
Round #911
Player cards: [♠3, ♣7], Bot cards:[♦7, ♦9]
Player points: [10, 10], Bot points:[16, 16]
----- Double Bet! -----
Player get one more card ♠J
Bot get one more card ♥5
Player point: 20, Bot point: 21
Player lose! Money: 4.0
========================
Round #912
Player cards: [♦5, ♥9], Bot cards:[♠Q, ♣K]
Player points: [14, 14], Bot points:[20, 20]
Player get one more card ♥J
Player point: 24, Bot point: 20
Player lose! Money: -17.0
========================
Round #913
Total round: 914. Blackjack count: 39
====== Game Begin! ======
Total money: 500
Player cards: [♥5, ♥A], Bot cards:[♣9, ♠K]
Player points: [6, 16], Bot points:[19, 19]
Player get one more card ♦8
Player get one more card ♣3
Player point: 17, Bot point: 19
Player lose! Money: 480
========================
Round #0
Player cards: [♣K, ♣A], Bot cards:[♦7, ♥A]
Player points: [11, 21], Bot points:[8, 18]
Bot get one more card ♣Q
Player point: 21, Bot point: 18
------ BlackJack!! ------
Player win! Money: 503.0
========================
Round #1
Player cards: [♠7, ♣7], Bot cards:[♠2, ♥A]
Player points: [14, 14], Bot points:[3, 13]
-------- Split! Two hands: [14, 14], [17, 17]
For second hand:
Bot get one more card ♠2
Bot get one more card ♣3
Bot get one more card ♣A
Bot get one more card ♦Q
Player point: 14, Bot point: 19
Player lose! Money: 482.0
========================
Player point: 17, Bot point: 19
Player lose! Money: 462.0
========================
Round #2
Player cards: [♣Q, ♥Q], Bot cards:[♥6, ♠9]
Player points: [20, 20], Bot points:[15, 15]
Bot get one more card ♣2
Player point: 20, Bot point: 17
Player win! Money: 481.0
========================
Round #3
Player cards: [♣2, ♠J], Bot cards:[♦5, ♠8]
Player points: [12, 12], Bot points:[13, 13]
Bot get one more card ♣J
Player point: 12, Bot point: 23
Player win! Money: 500.0
========================
Round #4
Player cards: [♦5, ♣T], Bot cards:[♣T, ♥T]
Player points: [15, 15], Bot points:[20, 20]
Player get one more card ♦7
Player point: 22, Bot point: 20
Player lose! Money: 479.0
========================
Round #5
Player cards: [♦4, ♦Q], Bot cards:[♦2, ♥9]
Player points: [14, 14], Bot points:[11, 11]
Bot get one more card ♦5
Bot get one more card ♥4
Player point: 14, Bot point: 20
Player lose! Money: 458.0
========================
Round #6
Player cards: [♦7, ♦7], Bot cards:[♥6, ♣8]
Player points: [14, 14], Bot points:[14, 14]
-------- Split! Two hands: [12, 12], [17, 17]
For second hand:
Bot get one more card ♥9
Player point: 12, Bot point: 23
Player win! Money: 477.0
========================
Player point: 17, Bot point: 23
Player win! Money: 497.0
========================
Round #7
Player cards: [♠T, ♥J], Bot cards:[♠9, ♠J]
Player points: [20, 20], Bot points:[19, 19]
Player point: 20, Bot point: 19
Player win! Money: 516.0
========================
Round #8
Player cards: [♦T, ♠J], Bot cards:[♣7, ♠K]
Player points: [20, 20], Bot points:[17, 17]
Player point: 20, Bot point: 17
Player win! Money: 535.0
========================
Round #9
Player cards: [♥2, ♠6], Bot cards:[♠3, ♠8]
Player points: [8, 8], Bot points:[11, 11]
Player get one more card ♠7
Bot get one more card ♦2
Bot get one more card ♠6
Player point: 15, Bot point: 19
Player lose! Money: 514.0
========================
Round #10
Player cards: [♣5, ♥9], Bot cards:[♦3, ♥5]
Player points: [14, 14], Bot points:[8, 8]
Bot get one more card ♥J
Player point: 14, Bot point: 18
Player lose! Money: 493.0
========================
Round #11
Player cards: [♠8, ♠9], Bot cards:[♥3, ♣K]
Player points: [17, 17], Bot points:[13, 13]
Bot get one more card ♦9
Player point: 17, Bot point: 22
Player win! Money: 512.0
========================
Round #12
Player cards: [♥3, ♦4], Bot cards:[♦8, ♥Q]
Player points: [7, 7], Bot points:[18, 18]
Player get one more card ♠K
Player point: 17, Bot point: 18
Player lose! Money: 491.0
========================
Round #13
Player cards: [♦3, ♥T], Bot cards:[♥2, ♣8]
Player points: [13, 13], Bot points:[10, 10]
Bot get one more card ♠4
Bot get one more card ♥4
Player point: 13, Bot point: 18
Player lose! Money: 470.0
========================
Round #14
Player cards: [♥3, ♥8], Bot cards:[♣3, ♣6]
Player points: [11, 11], Bot points:[9, 9]
----- Double Bet! -----
Player get one more card ♦6
Bot get one more card ♠Q
Player point: 17, Bot point: 19
Player lose! Money: 429.0
========================
Round #15
Player cards: [♥7, ♣J], Bot cards:[♣8, ♠A]
Player points: [17, 17], Bot points:[9, 19]
Bot get one more card ♥4
Bot get one more card ♦9
Player point: 17, Bot point: 22
Player win! Money: 448.0
========================
Round #16
Player cards: [♥J, ♥K], Bot cards:[♣4, ♣6]
Player points: [20, 20], Bot points:[10, 10]
Bot get one more card ♣Q
Player point: 20, Bot point: 20
Draw! Money:447.0
========================
Round #17
Player cards: [♦J, ♠J], Bot cards:[♠2, ♦8]
Player points: [20, 20], Bot points:[10, 10]
Bot get one more card ♦3
Bot get one more card ♦A
Bot get one more card ♥Q
Player point: 20, Bot point: 24
Player win! Money: 466.0
========================
Round #18
Player cards: [♣5, ♠8], Bot cards:[♦Q, ♥K]
Player points: [13, 13], Bot points:[20, 20]
Player get one more card ♦A
Player get one more card ♠6
Player point: 20, Bot point: 20
Draw! Money:465.0
========================
Round #19
Player cards: [♥5, ♣J], Bot cards:[♦8, ♦A]
Player points: [15, 15], Bot points:[9, 19]
Player get one more card ♠Q
Bot get one more card ♥J
Player point: 25, Bot point: 19
Player lose! Money: 444.0
========================
Round #20
Player cards: [♥7, ♠A], Bot cards:[♦T, ♠T]
Player points: [8, 18], Bot points:[20, 20]
Player point: 18, Bot point: 20
Player lose! Money: 423.0
========================
Round #21
Player cards: [♠3, ♦J], Bot cards:[♣7, ♥K]
Player points: [13, 13], Bot points:[17, 17]
Player get one more card ♣6
Player point: 19, Bot point: 17
Player win! Money: 442.0
========================
Round #22
Player cards: [♥2, ♦A], Bot cards:[♣2, ♣K]
Player points: [3, 13], Bot points:[12, 12]
Bot get one more card ♥T
Player point: 13, Bot point: 22
Player win! Money: 461.0
========================
Round #23
Player cards: [♦4, ♠Q], Bot cards:[♥3, ♠A]
Player points: [14, 14], Bot points:[4, 14]
Bot get one more card ♦9
Bot get one more card ♦6
Player point: 14, Bot point: 19
Player lose! Money: 440.0
========================
Round #24
Player cards: [♥6, ♦Q], Bot cards:[♦9, ♠K]
Player points: [16, 16], Bot points:[19, 19]
Player get one more card ♦K
Player point: 26, Bot point: 19
Player lose! Money: 419.0
========================
Round #25
Player cards: [♥7, ♠9], Bot cards:[♦2, ♦2]
Player points: [16, 16], Bot points:[4, 4]
Bot get one more card ♥8
Bot get one more card ♥4
Bot get one more card ♠2
Player point: 16, Bot point: 18
Player lose! Money: 398.0
========================
Round #26
Player cards: [♠4, ♣T], Bot cards:[♣5, ♣K]
Player points: [14, 14], Bot points:[15, 15]
Bot get one more card ♦T
Player point: 14, Bot point: 25
Player win! Money: 417.0
========================
Round #27
Player cards: [♥6, ♥T], Bot cards:[♥7, ♣A]
Player points: [16, 16], Bot points:[8, 18]
Player get one more card ♣T
Bot get one more card ♣4
Bot get one more card ♦K
Player point: 26, Bot point: 22
Player lose! Money: 396.0
========================
Round #28
Player cards: [♥2, ♣3], Bot cards:[♠4, ♠5]
Player points: [5, 5], Bot points:[9, 9]
Player get one more card ♠7
Bot get one more card ♦5
Bot get one more card ♥8
Player point: 12, Bot point: 22
Player win! Money: 415.0
========================
Round #29
Player cards: [♠3, ♠5], Bot cards:[♣9, ♦J]
Player points: [8, 8], Bot points:[19, 19]
Player get one more card ♦K
Player point: 18, Bot point: 19
Player lose! Money: 394.0
========================
Round #30
Player cards: [♣4, ♦4], Bot cards:[♣4, ♦K]
Player points: [8, 8], Bot points:[14, 14]
Player get one more card ♣A
Bot get one more card ♦T
Player point: 19, Bot point: 24
Player win! Money: 413.0
========================
Round #31
Player cards: [♠4, ♦J], Bot cards:[♠5, ♣J]
Player points: [14, 14], Bot points:[15, 15]
Bot get one more card ♣7
Player point: 14, Bot point: 22
Player win! Money: 432.0
========================
Round #32
Player cards: [♠T, ♥K], Bot cards:[♣5, ♠6]
Player points: [20, 20], Bot points:[11, 11]
Bot get one more card ♣2
Bot get one more card ♦3
Bot get one more card ♥A
Player point: 20, Bot point: 17
Player win! Money: 451.0
========================
Round #33
Player cards: [♥8, ♥9], Bot cards:[♣8, ♣9]
Player points: [17, 17], Bot points:[17, 17]
Player point: 17, Bot point: 17
Draw! Money:450.0
========================
Round #34
New deck
Player cards: [♦4, ♣A], Bot cards:[♦3, ♠9]
Player points: [5, 15], Bot points:[12, 12]
Bot get one more card ♠K
Player point: 15, Bot point: 22
Player win! Money: 469.0
========================
Round #35
Player cards: [♠5, ♠T], Bot cards:[♠2, ♠A]
Player points: [15, 15], Bot points:[3, 13]
Bot get one more card ♦5
Bot get one more card ♥3
Bot get one more card ♣J
Player point: 15, Bot point: 21
Player lose! Money: 448.0
========================
Round #36
Player cards: [♣8, ♥Q], Bot cards:[♥3, ♦T]
Player points: [18, 18], Bot points:[13, 13]
Bot get one more card ♦7
Player point: 18, Bot point: 20
Player lose! Money: 427.0
========================
Round #37
Player cards: [♠5, ♦5], Bot cards:[♥2, ♥9]
Player points: [10, 10], Bot points:[11, 11]
----- Double Bet! -----
Player get one more card ♠9
Bot get one more card ♣4
Bot get one more card ♣3
Player point: 19, Bot point: 18
Player win! Money: 466.0
========================
Round #38
Player cards: [♣T, ♠A], Bot cards:[♥5, ♠J]
Player points: [11, 21], Bot points:[15, 15]
Bot get one more card ♠J
Player point: 21, Bot point: 25
------ BlackJack!! ------
Player win! Money: 489.0
========================
Round #39
Player cards: [♣5, ♦7], Bot cards:[♦7, ♥K]
Player points: [12, 12], Bot points:[17, 17]
Player get one more card ♦Q
Player point: 22, Bot point: 17
Player lose! Money: 468.0
========================
Round #40
Player cards: [♠8, ♦T], Bot cards:[♣9, ♣A]
Player points: [18, 18], Bot points:[10, 20]
Bot get one more card ♣6
Bot get one more card ♣3
Player point: 18, Bot point: 19
Player lose! Money: 447.0
========================
Round #41
Player cards: [♠3, ♥4], Bot cards:[♥7, ♥8]
Player points: [7, 7], Bot points:[15, 15]
Player get one more card ♠K
Bot get one more card ♠Q
Player point: 17, Bot point: 25
Player win! Money: 466.0
========================
Round #42
Player cards: [♣4, ♣6], Bot cards:[♦6, ♣7]
Player points: [10, 10], Bot points:[13, 13]
----- Double Bet! -----
Player get one more card ♠8
Bot get one more card ♥2
Bot get one more card ♣2
Player point: 18, Bot point: 17
Player win! Money: 505.0
========================
Round #43
Player cards: [♠3, ♠4], Bot cards:[♦2, ♥3]
Player points: [7, 7], Bot points:[5, 5]
Player get one more card ♦J
Bot get one more card ♥8
Bot get one more card ♣K
Player point: 17, Bot point: 23
Player win! Money: 524.0
========================
Round #44
Player cards: [♣2, ♣Q], Bot cards:[♥T, ♥Q]
Player points: [12, 12], Bot points:[20, 20]
Player get one more card ♥2
Player get one more card ♥K
Player point: 24, Bot point: 20
Player lose! Money: 503.0
========================
Round #45
Player cards: [♥4, ♠6], Bot cards:[♠T, ♠K]
Player points: [10, 10], Bot points:[20, 20]
Player get one more card ♥6
Player get one more card ♥T
Player point: 26, Bot point: 20
Player lose! Money: 482.0
========================
Round #46
Player cards: [♠9, ♠Q], Bot cards:[♠4, ♣T]
Player points: [19, 19], Bot points:[14, 14]
Bot get one more card ♠T
Player point: 19, Bot point: 24
Player win! Money: 501.0
========================
Round #47
Player cards: [♦6, ♦7], Bot cards:[♠6, ♣J]
Player points: [13, 13], Bot points:[16, 16]
Bot get one more card ♠2
Player point: 13, Bot point: 18
Player lose! Money: 480.0
========================
Round #48
Player cards: [♠3, ♠3], Bot cards:[♣7, ♠K]
Player points: [6, 6], Bot points:[17, 17]
-------- Split! Two hands: [12, 12], [9, 9]
Player get one more card ♠Q
For second hand:
Player get one more card ♥A
Player point: 22, Bot point: 17
Player lose! Money: 459.0
========================
Player point: 20, Bot point: 17
Player win! Money: 479.0
========================
Round #49
Player cards: [♠8, ♥A], Bot cards:[♠5, ♦8]
Player points: [9, 19], Bot points:[13, 13]
Bot get one more card ♥T
Player point: 19, Bot point: 23
Player win! Money: 498.0
========================
Round #50
Player cards: [♣Q, ♥K], Bot cards:[♦2, ♣J]
Player points: [20, 20], Bot points:[12, 12]
Bot get one more card ♦3
Bot get one more card ♦6
Player point: 20, Bot point: 21
Player lose! Money: 477.0
========================
Round #51
Player cards: [♥J, ♠A], Bot cards:[♣6, ♣9]
Player points: [11, 21], Bot points:[15, 15]
Bot get one more card ♥A
Bot get one more card ♦K
Player point: 21, Bot point: 26
------ BlackJack!! ------
Player win! Money: 500.0
========================
Round #52
Player cards: [♠5, ♥9], Bot cards:[♣3, ♦T]
Player points: [14, 14], Bot points:[13, 13]
Bot get one more card ♣7
Player point: 14, Bot point: 20
Player lose! Money: 479.0
========================
Round #53
Player cards: [♠4, ♥9], Bot cards:[♣6, ♦9]
Player points: [13, 13], Bot points:[15, 15]
Bot get one more card ♠6
Player point: 13, Bot point: 21
Player lose! Money: 458.0
========================
Round #54
Player cards: [♦4, ♣A], Bot cards:[♣2, ♥J]
Player points: [5, 15], Bot points:[12, 12]
Bot get one more card ♥8
Player point: 15, Bot point: 20
Player lose! Money: 437.0
========================
Round #55
Player cards: [♣9, ♥Q], Bot cards:[♦8, ♣8]
Player points: [19, 19], Bot points:[16, 16]
Bot get one more card ♠5
Player point: 19, Bot point: 21
Player lose! Money: 416.0
========================
Round #56
Player cards: [♦J, ♠Q], Bot cards:[♣7, ♠7]
Player points: [20, 20], Bot points:[14, 14]
Bot get one more card ♣3
Player point: 20, Bot point: 17
Player win! Money: 435.0
========================
Round #57
Player cards: [♥4, ♦K], Bot cards:[♥9, ♥Q]
Player points: [14, 14], Bot points:[19, 19]
Player get one more card ♦J
Player point: 24, Bot point: 19
Player lose! Money: 414.0
========================
Round #58
Player cards: [♦6, ♠J], Bot cards:[♦Q, ♣K]
Player points: [16, 16], Bot points:[20, 20]
Player get one more card ♣4
Player point: 20, Bot point: 20
Draw! Money:413.0
========================
Round #59
Player cards: [♣5, ♥7], Bot cards:[♦5, ♣Q]
Player points: [12, 12], Bot points:[15, 15]
Bot get one more card ♠6
Player point: 12, Bot point: 21
Player lose! Money: 392.0
========================
Round #60
Player cards: [♣4, ♣8], Bot cards:[♦2, ♦K]
Player points: [12, 12], Bot points:[12, 12]
Player get one more card ♠T
Bot get one more card ♣J
Player point: 22, Bot point: 22
Player lose! Money: 371.0
========================
Round #61
Player cards: [♥7, ♠8], Bot cards:[♣6, ♣9]
Player points: [15, 15], Bot points:[15, 15]
Bot get one more card ♥4
Player point: 15, Bot point: 19
Player lose! Money: 350.0
========================
Round #62
Player cards: [♦5, ♦6], Bot cards:[♥K, ♣K]
Player points: [11, 11], Bot points:[20, 20]
----- Double Bet! -----
Player get one more card ♣K
Player point: 21, Bot point: 20
Player win! Money: 389.0
========================
Round #63
Player cards: [♥2, ♠A], Bot cards:[♦J, ♦A]
Player points: [3, 13], Bot points:[11, 21]
Player get one more card ♥T
Player get one more card ♥J
Bot get one more card ♦A
Bot get one more card ♦A
Bot get one more card ♣9
Player point: 23, Bot point: 22
Player lose! Money: 368.0
========================
Round #64
Player cards: [♠7, ♦K], Bot cards:[♦9, ♣A]
Player points: [17, 17], Bot points:[10, 20]
Bot get one more card ♠A
Bot get one more card ♦9
Player point: 17, Bot point: 20
Player lose! Money: 347.0
========================
Round #65
Player cards: [♣2, ♣T], Bot cards:[♣5, ♦8]
Player points: [12, 12], Bot points:[13, 13]
Bot get one more card ♠4
Player point: 12, Bot point: 17
Player lose! Money: 326.0
========================
Round #66
Player cards: [♥7, ♥8], Bot cards:[♠2, ♠3]
Player points: [15, 15], Bot points:[5, 5]
Bot get one more card ♠2
Bot get one more card ♦Q
Player point: 15, Bot point: 17
Player lose! Money: 305.0
========================
Round #67
Player cards: [♥5, ♠Q], Bot cards:[♦8, ♥J]
Player points: [15, 15], Bot points:[18, 18]
Player get one more card ♦4
Player point: 19, Bot point: 18
Player win! Money: 324.0
========================
Round #68
Player cards: [♥6, ♣8], Bot cards:[♦3, ♦4]
Player points: [14, 14], Bot points:[7, 7]
Bot get one more card ♦9
Bot get one more card ♦A
Player point: 14, Bot point: 17
Player lose! Money: 303.0
========================
Round #69
Player cards: [♠7, ♠T], Bot cards:[♠7, ♦Q]
Player points: [17, 17], Bot points:[17, 17]
Player point: 17, Bot point: 17
Draw! Money:302.0
========================
Round #70
Player cards: [♦3, ♣5], Bot cards:[♥5, ♠J]
Player points: [8, 8], Bot points:[15, 15]
Player get one more card ♣Q
Bot get one more card ♥6
Player point: 18, Bot point: 21
Player lose! Money: 281.0
========================
Round #71
New deck
Player cards: [♠J, ♦K], Bot cards:[♠5, ♦J]
Player points: [20, 20], Bot points:[15, 15]
Bot get one more card ♠7
Player point: 20, Bot point: 22
Player win! Money: 300.0
========================
Round #72
Player cards: [♦2, ♠6], Bot cards:[♣8, ♦9]
Player points: [8, 8], Bot points:[17, 17]
Player get one more card ♣2
Player get one more card ♣5
Player point: 15, Bot point: 17
Player lose! Money: 279.0
========================
Round #73
Player cards: [♠3, ♥6], Bot cards:[♣T, ♥J]
Player points: [9, 9], Bot points:[20, 20]
Player get one more card ♦7
Player get one more card ♠J
Player point: 26, Bot point: 20
Player lose! Money: 258.0
========================
Round #74
Player cards: [♥7, ♣T], Bot cards:[♦8, ♠Q]
Player points: [17, 17], Bot points:[18, 18]
Player point: 17, Bot point: 18
Player lose! Money: 237.0
========================
Round #75
Player cards: [♦7, ♥Q], Bot cards:[♥2, ♥7]
Player points: [17, 17], Bot points:[9, 9]
Bot get one more card ♣T
Player point: 17, Bot point: 19
Player lose! Money: 216.0
========================
Round #76
Player cards: [♥7, ♦J], Bot cards:[♥6, ♠A]
Player points: [17, 17], Bot points:[7, 17]
Bot get one more card ♠A
Bot get one more card ♠4
Bot get one more card ♥T
Player point: 17, Bot point: 22
Player win! Money: 235.0
========================
Round #77
Player cards: [♥3, ♠5], Bot cards:[♠K, ♥A]
Player points: [8, 8], Bot points:[11, 21]
Player get one more card ♣3
Player get one more card ♥8
Bot get one more card ♠3
Bot get one more card ♥A
Bot get one more card ♠Q
Player point: 19, Bot point: 25
Player win! Money: 254.0
========================
Round #78
Player cards: [♠4, ♠8], Bot cards:[♥J, ♠J]
Player points: [12, 12], Bot points:[20, 20]
Player get one more card ♣K
Player point: 22, Bot point: 20
Player lose! Money: 233.0
========================
Round #79
Player cards: [♥8, ♥9], Bot cards:[♠2, ♦K]
Player points: [17, 17], Bot points:[12, 12]
Bot get one more card ♦2
Bot get one more card ♥3
Player point: 17, Bot point: 17
Draw! Money:232.0
========================
Round #80
Player cards: [♦7, ♠Q], Bot cards:[♠8, ♥9]
Player points: [17, 17], Bot points:[17, 17]
Player point: 17, Bot point: 17
Draw! Money:231.0
========================
Round #81
Player cards: [♠4, ♣J], Bot cards:[♣6, ♦A]
Player points: [14, 14], Bot points:[7, 17]
Bot get one more card ♦7
Bot get one more card ♥7
Player point: 14, Bot point: 21
Player lose! Money: 210.0
========================
Round #82
Player cards: [♠3, ♣Q], Bot cards:[♦T, ♦K]
Player points: [13, 13], Bot points:[20, 20]
Player get one more card ♦Q
Player point: 23, Bot point: 20
Player lose! Money: 189.0
========================
Round #83
Player cards: [♣3, ♥4], Bot cards:[♥Q, ♦Q]
Player points: [7, 7], Bot points:[20, 20]
Player get one more card ♣9
Player get one more card ♠T
Player point: 26, Bot point: 20
Player lose! Money: 168.0
========================
Round #84
Player cards: [♣7, ♦9], Bot cards:[♣3, ♥4]
Player points: [16, 16], Bot points:[7, 7]
Bot get one more card ♥5
Bot get one more card ♦5
Player point: 16, Bot point: 17
Player lose! Money: 147.0
========================
Round #85
Player cards: [♣J, ♣Q], Bot cards:[♥3, ♥8]
Player points: [20, 20], Bot points:[11, 11]
Bot get one more card ♣J
Player point: 20, Bot point: 21
Player lose! Money: 126.0
========================
Round #86
Player cards: [♦4, ♣A], Bot cards:[♠2, ♥2]
Player points: [5, 15], Bot points:[4, 4]
Bot get one more card ♣4
Bot get one more card ♥2
Bot get one more card ♠8
Player point: 15, Bot point: 18
Player lose! Money: 105.0
========================
Round #87
Player cards: [♠Q, ♣A], Bot cards:[♣3, ♦Q]
Player points: [11, 21], Bot points:[13, 13]
Bot get one more card ♠9
Player point: 21, Bot point: 22
------ BlackJack!! ------
Player win! Money: 128.0
========================
Round #88
Player cards: [♦5, ♦6], Bot cards:[♦6, ♣Q]
Player points: [11, 11], Bot points:[16, 16]
----- Double Bet! -----
Player get one more card ♣Q
Bot get one more card ♠K
Player point: 21, Bot point: 26
Player win! Money: 167.0
========================
Round #89
Player cards: [♦9, ♠T], Bot cards:[♥6, ♥J]
Player points: [19, 19], Bot points:[16, 16]
Bot get one more card ♣A
Player point: 19, Bot point: 17
Player win! Money: 186.0
========================
Round #90
Player cards: [♠6, ♥T], Bot cards:[♦9, ♥A]
Player points: [16, 16], Bot points:[10, 20]
Player get one more card ♦2
Bot get one more card ♠T
Player point: 18, Bot point: 20
Player lose! Money: 165.0
========================
Round #91
Player cards: [♠6, ♦A], Bot cards:[♥5, ♠9]
Player points: [7, 17], Bot points:[14, 14]
Bot get one more card ♦2
Bot get one more card ♣5
Player point: 17, Bot point: 21
Player lose! Money: 144.0
========================
Round #92
Player cards: [♦6, ♣9], Bot cards:[♣4, ♠5]
Player points: [15, 15], Bot points:[9, 9]
Bot get one more card ♣2
Bot get one more card ♠9
Player point: 15, Bot point: 20
Player lose! Money: 123.0
========================
Round #93
Player cards: [♣5, ♦K], Bot cards:[♣5, ♣6]
Player points: [15, 15], Bot points:[11, 11]
Bot get one more card ♠K
Player point: 15, Bot point: 21
Player lose! Money: 102.0
========================
Round #94
Player cards: [♣2, ♠8], Bot cards:[♦8, ♦8]
Player points: [10, 10], Bot points:[16, 16]
----- Double Bet! -----
Player get one more card ♣7
Bot get one more card ♠2
Player point: 17, Bot point: 18
Player lose! Money: 61.0
========================
Round #95
Player cards: [♣7, ♥K], Bot cards:[♣7, ♣8]
Player points: [17, 17], Bot points:[15, 15]
Bot get one more card ♣6
Player point: 17, Bot point: 21
Player lose! Money: 40.0
========================
Round #96
Player cards: [♠3, ♠K], Bot cards:[♥3, ♦6]
Player points: [13, 13], Bot points:[9, 9]
Bot get one more card ♣6
Bot get one more card ♥5
Player point: 13, Bot point: 20
Player lose! Money: 19.0
========================
Round #97
Player cards: [♣2, ♦4], Bot cards:[♣8, ♥T]
Player points: [6, 6], Bot points:[18, 18]
Player get one more card ♠9
Player get one more card ♦Q
Player point: 25, Bot point: 18
Player lose! Money: -2.0
========================
Round #98
Total round: 99. Blackjack count: 4
====== Game Begin! ======
Total money: 500
Player cards: [♠3, ♣T], Bot cards:[♣T, ♠A]
Player points: [13, 13], Bot points:[11, 21]
Player get one more card ♣3
Player get one more card ♥6
Bot get one more card ♥5
Bot get one more card ♣3
Player point: 22, Bot point: 19
Player lose! Money: 480
========================
Round #0
Player cards: [♠J, ♥J], Bot cards:[♠9, ♦9]
Player points: [20, 20], Bot points:[18, 18]
Player point: 20, Bot point: 18
Player win! Money: 499
========================
Round #1
Player cards: [♦J, ♥A], Bot cards:[♦4, ♦8]
Player points: [11, 21], Bot points:[12, 12]
Bot get one more card ♠9
Player point: 21, Bot point: 21
Player lose! Money: 478
========================
Round #2
Player cards: [♣5, ♥K], Bot cards:[♠4, ♦5]
Player points: [15, 15], Bot points:[9, 9]
Bot get one more card ♥Q
Player point: 15, Bot point: 19
Player lose! Money: 457
========================
Round #3
Player cards: [♠J, ♦Q], Bot cards:[♥J, ♠Q]
Player points: [20, 20], Bot points:[20, 20]
Player point: 20, Bot point: 20
Draw! Money:456
========================
Round #4
Player cards: [♣Q, ♦A], Bot cards:[♥2, ♠3]
Player points: [11, 21], Bot points:[5, 5]
Bot get one more card ♦T
Bot get one more card ♥9
Player point: 21, Bot point: 24
------ BlackJack!! ------
Player win! Money: 479.0
========================
Round #5
Player cards: [♥T, ♣A], Bot cards:[♦6, ♠8]
Player points: [11, 21], Bot points:[14, 14]
Bot get one more card ♥3
Player point: 21, Bot point: 17
------ BlackJack!! ------
Player win! Money: 502.0
========================
Round #6
Player cards: [♦8, ♠T], Bot cards:[♣6, ♥T]
Player points: [18, 18], Bot points:[16, 16]
Bot get one more card ♦6
Player point: 18, Bot point: 22
Player win! Money: 521.0
========================
Round #7
Player cards: [♠T, ♣A], Bot cards:[♦5, ♥5]
Player points: [11, 21], Bot points:[10, 10]
Bot get one more card ♦9
Player point: 21, Bot point: 19
------ BlackJack!! ------
Player win! Money: 544.0
========================
Round #8
Player cards: [♦7, ♣A], Bot cards:[♠2, ♦8]
Player points: [8, 18], Bot points:[10, 10]
Bot get one more card ♠7
Player point: 18, Bot point: 17
Player win! Money: 563.0
========================
Round #9
Player cards: [♦2, ♦T], Bot cards:[♥4, ♣J]
Player points: [12, 12], Bot points:[14, 14]
Bot get one more card ♦3
Player point: 12, Bot point: 17
Player lose! Money: 542.0
========================
Round #10
Player cards: [♣2, ♥4], Bot cards:[♣6, ♠K]
Player points: [6, 6], Bot points:[16, 16]
Player get one more card ♠4
Player get one more card ♠6
Bot get one more card ♦2
Player point: 16, Bot point: 18
Player lose! Money: 521.0
========================
Round #11
Player cards: [♠5, ♠5], Bot cards:[♥Q, ♠K]
Player points: [10, 10], Bot points:[20, 20]
Player get one more card ♦9
Player point: 19, Bot point: 20
Player lose! Money: 500.0
========================
Round #12
Player cards: [♣2, ♠A], Bot cards:[♠8, ♣9]
Player points: [3, 13], Bot points:[17, 17]
Player get one more card ♠2
Player get one more card ♥6
Player point: 21, Bot point: 17
Player win! Money: 519.0
========================
Round #13
Player cards: [♣J, ♦Q], Bot cards:[♣4, ♣8]
Player points: [20, 20], Bot points:[12, 12]
Bot get one more card ♠4
Bot get one more card ♣4
Player point: 20, Bot point: 20
Draw! Money:518.0
========================
Round #14
Player cards: [♣3, ♠9], Bot cards:[♦6, ♣J]
Player points: [12, 12], Bot points:[16, 16]
Bot get one more card ♠K
Player point: 12, Bot point: 26
Player win! Money: 537.0
========================
Round #15
Player cards: [♦3, ♥8], Bot cards:[♥3, ♥6]
Player points: [11, 11], Bot points:[9, 9]
----- Double Bet! -----
Player get one more card ♠2
Bot get one more card ♦J
Player point: 13, Bot point: 19
Player lose! Money: 496.0
========================
Round #16
Player cards: [♥4, ♥5], Bot cards:[♥7, ♣J]
Player points: [9, 9], Bot points:[17, 17]
Player get one more card ♦7
Player get one more card ♥2
Player point: 18, Bot point: 17
Player win! Money: 515.0
========================
Round #17
Player cards: [♠2, ♠A], Bot cards:[♠Q, ♥K]
Player points: [3, 13], Bot points:[20, 20]
Player get one more card ♠6
Player point: 19, Bot point: 20
Player lose! Money: 494.0
========================
Round #18
Player cards: [♦6, ♦9], Bot cards:[♣7, ♦Q]
Player points: [15, 15], Bot points:[17, 17]
Player get one more card ♣9
Player point: 24, Bot point: 17
Player lose! Money: 473.0
========================
Round #19
Player cards: [♥2, ♥A], Bot cards:[♣3, ♥K]
Player points: [3, 13], Bot points:[13, 13]
Bot get one more card ♦K
Player point: 13, Bot point: 23
Player win! Money: 492.0
========================
Round #20
Player cards: [♣2, ♥Q], Bot cards:[♦4, ♣8]
Player points: [12, 12], Bot points:[12, 12]
Bot get one more card ♣4
Bot get one more card ♠J
Player point: 12, Bot point: 26
Player win! Money: 511.0
========================
Round #21
Player cards: [♥9, ♠T], Bot cards:[♣8, ♦J]
Player points: [19, 19], Bot points:[18, 18]
Player point: 19, Bot point: 18
Player win! Money: 530.0
========================
Round #22
Player cards: [♣Q, ♣K], Bot cards:[♦4, ♥7]
Player points: [20, 20], Bot points:[11, 11]
Bot get one more card ♥K
Player point: 20, Bot point: 21
Player lose! Money: 509.0
========================
Round #23
Player cards: [♣5, ♥A], Bot cards:[♣7, ♥7]
Player points: [6, 16], Bot points:[14, 14]
Player get one more card ♠7
Player get one more card ♣2
Player get one more card ♥5
Bot get one more card ♠8
Player point: 20, Bot point: 22
Player win! Money: 528.0
========================
Round #24
Player cards: [♦3, ♦A], Bot cards:[♠J, ♦K]
Player points: [4, 14], Bot points:[20, 20]
Player get one more card ♥Q
Player get one more card ♣Q
Player point: 24, Bot point: 20
Player lose! Money: 507.0
========================
Round #25
Player cards: [♠3, ♠7], Bot cards:[♦2, ♦A]
Player points: [10, 10], Bot points:[3, 13]
----- Double Bet! -----
Player get one more card ♥T
Bot get one more card ♦3
Bot get one more card ♥9
Bot get one more card ♥J
Player point: 20, Bot point: 25
Player win! Money: 546.0
========================
Round #26
Player cards: [♦8, ♦K], Bot cards:[♥3, ♥4]
Player points: [18, 18], Bot points:[7, 7]
Bot get one more card ♥6
Bot get one more card ♣5
Player point: 18, Bot point: 18
Draw! Money:545.0
========================
Round #27
Player cards: [♣4, ♣9], Bot cards:[♣K, ♣A]
Player points: [13, 13], Bot points:[11, 21]
Player get one more card ♣6
Bot get one more card ♦J
Player point: 19, Bot point: 21
Player lose! Money: 524.0
========================
Round #28
Player cards: [♦2, ♥8], Bot cards:[♣T, ♦Q]
Player points: [10, 10], Bot points:[20, 20]
Player get one more card ♦7
Player point: 17, Bot point: 20
Player lose! Money: 503.0
========================
Round #29
Player cards: [♣T, ♠Q], Bot cards:[♣5, ♦A]
Player points: [20, 20], Bot points:[6, 16]
Bot get one more card ♠A
Bot get one more card ♠5
Bot get one more card ♦T
Player point: 20, Bot point: 22
Player win! Money: 522.0
========================
Round #30
Player cards: [♥3, ♠6], Bot cards:[♥2, ♣8]
Player points: [9, 9], Bot points:[10, 10]
Player get one more card ♣7
Bot get one more card ♣Q
Player point: 16, Bot point: 20
Player lose! Money: 501.0
========================
Round #31
Player cards: [♠7, ♦K], Bot cards:[♦4, ♣K]
Player points: [17, 17], Bot points:[14, 14]
Bot get one more card ♥A
Bot get one more card ♥8
Player point: 17, Bot point: 23
Player win! Money: 520.0
========================
Round #32
Player cards: [♦T, ♠K], Bot cards:[♥8, ♥T]
Player points: [20, 20], Bot points:[18, 18]
Player point: 20, Bot point: 18
Player win! Money: 539.0
========================
Round #33
Player cards: [♣7, ♠9], Bot cards:[♦5, ♠8]
Player points: [16, 16], Bot points:[13, 13]
Bot get one more card ♥9
Player point: 16, Bot point: 22
Player win! Money: 558.0
========================
Round #34
Player cards: [♠4, ♣K], Bot cards:[♥J, ♠Q]
Player points: [14, 14], Bot points:[20, 20]
Player get one more card ♠T
Player point: 24, Bot point: 20
Player lose! Money: 537.0
========================
Round #35
New deck
Player cards: [♦3, ♦5], Bot cards:[♥4, ♦K]
Player points: [8, 8], Bot points:[14, 14]
Player get one more card ♠J
Bot get one more card ♠A
Bot get one more card ♥T
Player point: 18, Bot point: 25
Player win! Money: 556.0
========================
Round #36
Player cards: [♥4, ♠A], Bot cards:[♣J, ♦Q]
Player points: [5, 15], Bot points:[20, 20]
Player get one more card ♠6
Player point: 21, Bot point: 20
Player win! Money: 575.0
========================
Round #37
Player cards: [♠3, ♥3], Bot cards:[♣7, ♦Q]
Player points: [6, 6], Bot points:[17, 17]
-------- Split! Two hands: [12, 12], [9, 9]
Player get one more card ♠8
For second hand:
Player get one more card ♣J
Player point: 20, Bot point: 17
Player win! Money: 594.0
========================
Player point: 19, Bot point: 17
Player win! Money: 614.0
========================
Round #38
Player cards: [♠2, ♦T], Bot cards:[♠5, ♦7]
Player points: [12, 12], Bot points:[12, 12]
Bot get one more card ♦K
Player point: 12, Bot point: 22
Player win! Money: 633.0
========================
Round #39
Player cards: [♥5, ♠T], Bot cards:[♥K, ♠K]
Player points: [15, 15], Bot points:[20, 20]
Player get one more card ♠Q
Player point: 25, Bot point: 20
Player lose! Money: 612.0
========================
Round #40
Player cards: [♣3, ♣9], Bot cards:[♥3, ♥T]
Player points: [12, 12], Bot points:[13, 13]
Player get one more card ♥5
Bot get one more card ♥Q
Player point: 17, Bot point: 23
Player win! Money: 631.0
========================
Round #41
Player cards: [♦6, ♣T], Bot cards:[♥Q, ♠A]
Player points: [16, 16], Bot points:[11, 21]
Player get one more card ♦3
Bot get one more card ♣7
Player point: 19, Bot point: 18
Player win! Money: 650.0
========================
Round #42
Player cards: [♠6, ♠6], Bot cards:[♦4, ♣5]
Player points: [12, 12], Bot points:[9, 9]
-------- Split! Two hands: [11, 11], [8, 8]
----- Double Bet! -----
Player get one more card ♦2
For second hand:
Player get one more card ♣8
Bot get one more card ♦3
Bot get one more card ♠K
Player point: 13, Bot point: 22
Player win! Money: 689.0
========================
Player point: 16, Bot point: 22
Player win! Money: 709.0
========================
Round #43
Player cards: [♣6, ♣9], Bot cards:[♦3, ♠5]
Player points: [15, 15], Bot points:[8, 8]
Bot get one more card ♠8
Bot get one more card ♠9
Player point: 15, Bot point: 25
Player win! Money: 728.0
========================
Round #44
Player cards: [♣2, ♠J], Bot cards:[♠T, ♥J]
Player points: [12, 12], Bot points:[20, 20]
Player get one more card ♠4
Player get one more card ♦9
Player point: 25, Bot point: 20
Player lose! Money: 707.0
========================
Round #45
Player cards: [♠3, ♣A], Bot cards:[♥4, ♦Q]
Player points: [4, 14], Bot points:[14, 14]
Bot get one more card ♣T
Player point: 14, Bot point: 24
Player win! Money: 726.0
========================
Round #46
Player cards: [♦2, ♣A], Bot cards:[♦6, ♠T]
Player points: [3, 13], Bot points:[16, 16]
Bot get one more card ♠Q
Player point: 13, Bot point: 26
Player win! Money: 745.0
========================
Round #47
Player cards: [♣4, ♥A], Bot cards:[♣2, ♦8]
Player points: [5, 15], Bot points:[10, 10]
Bot get one more card ♥J
Player point: 15, Bot point: 20
Player lose! Money: 724.0
========================
Round #48
Player cards: [♣6, ♦T], Bot cards:[♠6, ♥8]
Player points: [16, 16], Bot points:[14, 14]
Bot get one more card ♥8
Player point: 16, Bot point: 22
Player win! Money: 743.0
========================
Round #49
Player cards: [♦8, ♠9], Bot cards:[♠5, ♠A]
Player points: [17, 17], Bot points:[6, 16]
Bot get one more card ♠5
Bot get one more card ♦8
Player point: 17, Bot point: 19
Player lose! Money: 722.0
========================
Round #50
Player cards: [♥9, ♠9], Bot cards:[♥2, ♥T]
Player points: [18, 18], Bot points:[12, 12]
-------- Split! Two hands: [19, 19], [19, 19]
For second hand:
Bot get one more card ♦T
Player point: 19, Bot point: 22
Player win! Money: 741.0
========================
Player point: 19, Bot point: 22
Player win! Money: 761.0
========================
Round #51
Player cards: [♥K, ♣K], Bot cards:[♠3, ♠Q]
Player points: [20, 20], Bot points:[13, 13]
Bot get one more card ♥8
Player point: 20, Bot point: 21
Player lose! Money: 740.0
========================
Round #52
Player cards: [♠8, ♥Q], Bot cards:[♦5, ♣J]
Player points: [18, 18], Bot points:[15, 15]
Bot get one more card ♥8
Player point: 18, Bot point: 23
Player win! Money: 759.0
========================
Round #53
Player cards: [♠J, ♠K], Bot cards:[♠7, ♣7]
Player points: [20, 20], Bot points:[14, 14]
Bot get one more card ♥9
Player point: 20, Bot point: 23
Player win! Money: 778.0
========================
Round #54
Player cards: [♠3, ♣Q], Bot cards:[♦2, ♥J]
Player points: [13, 13], Bot points:[12, 12]
Bot get one more card ♠2
Bot get one more card ♦T
Player point: 13, Bot point: 24
Player win! Money: 797.0
========================
Round #55
Player cards: [♣4, ♣4], Bot cards:[♣3, ♦7]
Player points: [8, 8], Bot points:[10, 10]
Player get one more card ♦A
Bot get one more card ♣Q
Player point: 19, Bot point: 20
Player lose! Money: 776.0
========================
Round #56
Player cards: [♠8, ♥K], Bot cards:[♦7, ♥T]
Player points: [18, 18], Bot points:[17, 17]
Player point: 18, Bot point: 17
Player win! Money: 795.0
========================
Round #57
Player cards: [♦4, ♦K], Bot cards:[♣2, ♦9]
Player points: [14, 14], Bot points:[11, 11]
Bot get one more card ♥3
Bot get one more card ♣6
Player point: 14, Bot point: 20
Player lose! Money: 774.0
========================
Round #58
Player cards: [♦4, ♠7], Bot cards:[♥2, ♥5]
Player points: [11, 11], Bot points:[7, 7]
----- Double Bet! -----
Player get one more card ♦2
Bot get one more card ♦J
Player point: 13, Bot point: 17
Player lose! Money: 733.0
========================
Round #59
Player cards: [♦5, ♥9], Bot cards:[♣5, ♥7]
Player points: [14, 14], Bot points:[12, 12]
Bot get one more card ♥2
Bot get one more card ♣T
Player point: 14, Bot point: 24
Player win! Money: 752.0
========================
Round #60
Player cards: [♥7, ♥A], Bot cards:[♥Q, ♣K]
Player points: [8, 18], Bot points:[20, 20]
Player point: 18, Bot point: 20
Player lose! Money: 731.0
========================
Round #61
Player cards: [♥5, ♣6], Bot cards:[♠3, ♦J]
Player points: [11, 11], Bot points:[13, 13]
----- Double Bet! -----
Player get one more card ♣5
Bot get one more card ♦K
Player point: 16, Bot point: 23
Player win! Money: 770.0
========================
Round #62
Player cards: [♦5, ♠T], Bot cards:[♥7, ♣9]
Player points: [15, 15], Bot points:[16, 16]
Player get one more card ♥6
Bot get one more card ♦A
Player point: 21, Bot point: 17
Player win! Money: 789.0
========================
Round #63
Player cards: [♦5, ♣Q], Bot cards:[♣9, ♠J]
Player points: [15, 15], Bot points:[19, 19]
Player get one more card ♣7
Player point: 22, Bot point: 19
Player lose! Money: 768.0
========================
Round #64
Player cards: [♣6, ♦9], Bot cards:[♣3, ♥6]
Player points: [15, 15], Bot points:[9, 9]
Bot get one more card ♥A
Bot get one more card ♣3
Bot get one more card ♠4
Player point: 15, Bot point: 17
Player lose! Money: 747.0
========================
Round #65
Player cards: [♣8, ♦9], Bot cards:[♦8, ♥K]
Player points: [17, 17], Bot points:[18, 18]
Player point: 17, Bot point: 18
Player lose! Money: 726.0
========================
Round #66
Player cards: [♥7, ♦7], Bot cards:[♣5, ♣9]
Player points: [14, 14], Bot points:[14, 14]
-------- Split! Two hands: [13, 13], [14, 14]
For second hand:
Bot get one more card ♦J
Player point: 13, Bot point: 24
Player win! Money: 745.0
========================
Player point: 14, Bot point: 24
Player win! Money: 765.0
========================
Round #67
Player cards: [♣4, ♣K], Bot cards:[♥6, ♦7]
Player points: [14, 14], Bot points:[13, 13]
Bot get one more card ♣Q
Player point: 14, Bot point: 23
Player win! Money: 784.0
========================
Round #68
Player cards: [♦4, ♦J], Bot cards:[♥2, ♦6]
Player points: [14, 14], Bot points:[8, 8]
Bot get one more card ♣2
Bot get one more card ♠2
Bot get one more card ♦A
Bot get one more card ♣A
Bot get one more card ♥7
Player point: 14, Bot point: 21
Player lose! Money: 763.0
========================
Round #69
Player cards: [♥4, ♠6], Bot cards:[♣J, ♣A]
Player points: [10, 10], Bot points:[11, 21]
Player get one more card ♠K
Bot get one more card ♦Q
Player point: 20, Bot point: 21
Player lose! Money: 742.0
========================
Round #70
Player cards: [♠4, ♣8], Bot cards:[♠7, ♣K]
Player points: [12, 12], Bot points:[17, 17]
Player get one more card ♥A
Player get one more card ♠4
Player point: 17, Bot point: 17
Draw! Money:741.0
========================
Round #71
New deck
Player cards: [♥8, ♣8], Bot cards:[♥9, ♦K]
Player points: [16, 16], Bot points:[19, 19]
-------- Split! Two hands: [12, 12], [16, 16]
Player get one more card ♥A
Player get one more card ♦9
For second hand:
Player get one more card ♦3
Player point: 22, Bot point: 19
Player lose! Money: 720.0
========================
Player point: 19, Bot point: 19
Draw! Money:720.0
========================
Round #72
Player cards: [♦2, ♣3], Bot cards:[♥3, ♣9]
Player points: [5, 5], Bot points:[12, 12]
Player get one more card ♠2
Player get one more card ♦A
Bot get one more card ♣8
Player point: 18, Bot point: 20
Player lose! Money: 699.0
========================
Round #73
Player cards: [♠7, ♣K], Bot cards:[♣2, ♥T]
Player points: [17, 17], Bot points:[12, 12]
Bot get one more card ♦A
Bot get one more card ♥A
Bot get one more card ♥6
Player point: 17, Bot point: 20
Player lose! Money: 678.0
========================
Round #74
Player cards: [♥4, ♦Q], Bot cards:[♣7, ♣Q]
Player points: [14, 14], Bot points:[17, 17]
Player get one more card ♦A
Player get one more card ♠9
Player point: 24, Bot point: 17
Player lose! Money: 657.0
========================
Round #75
Player cards: [♠5, ♦J], Bot cards:[♣4, ♥K]
Player points: [15, 15], Bot points:[14, 14]
Bot get one more card ♦J
Player point: 15, Bot point: 24
Player win! Money: 676.0
========================
Round #76
Player cards: [♥2, ♥T], Bot cards:[♦J, ♣Q]
Player points: [12, 12], Bot points:[20, 20]
Player get one more card ♦Q
Player point: 22, Bot point: 20
Player lose! Money: 655.0
========================
Round #77
Player cards: [♥5, ♣Q], Bot cards:[♠A, ♣A]
Player points: [15, 15], Bot points:[2, 12]
Player get one more card ♠6
Bot get one more card ♦Q
Bot get one more card ♦3
Bot get one more card ♥Q
Player point: 21, Bot point: 25
Player win! Money: 674.0
========================
Round #78
Player cards: [♦4, ♦T], Bot cards:[♦4, ♦9]
Player points: [14, 14], Bot points:[13, 13]
Bot get one more card ♠9
Player point: 14, Bot point: 22
Player win! Money: 693.0
========================
Round #79
Player cards: [♦7, ♣J], Bot cards:[♣4, ♠J]
Player points: [17, 17], Bot points:[14, 14]
Bot get one more card ♦5
Player point: 17, Bot point: 19
Player lose! Money: 672.0
========================
Round #80
Player cards: [♣2, ♠J], Bot cards:[♦7, ♣A]
Player points: [12, 12], Bot points:[8, 18]
Player get one more card ♦5
Bot get one more card ♥T
Player point: 17, Bot point: 18
Player lose! Money: 651.0
========================
Round #81
Player cards: [♣9, ♠Q], Bot cards:[♥7, ♠7]
Player points: [19, 19], Bot points:[14, 14]
Bot get one more card ♥4
Player point: 19, Bot point: 18
Player win! Money: 670.0
========================
Round #82
Player cards: [♥7, ♦K], Bot cards:[♣9, ♥Q]
Player points: [17, 17], Bot points:[19, 19]
Player point: 17, Bot point: 19
Player lose! Money: 649.0
========================
Round #83
Player cards: [♣7, ♥K], Bot cards:[♣3, ♠6]
Player points: [17, 17], Bot points:[9, 9]
Bot get one more card ♥A
Bot get one more card ♥9
Player point: 17, Bot point: 19
Player lose! Money: 628.0
========================
Round #84
Player cards: [♦7, ♠8], Bot cards:[♦3, ♥T]
Player points: [15, 15], Bot points:[13, 13]
Bot get one more card ♠J
Player point: 15, Bot point: 23
Player win! Money: 647.0
========================
Round #85
Player cards: [♠2, ♣6], Bot cards:[♥4, ♦4]
Player points: [8, 8], Bot points:[8, 8]
Player get one more card ♦2
Player get one more card ♥6
Bot get one more card ♣J
Player point: 16, Bot point: 18
Player lose! Money: 626.0
========================
Round #86
Player cards: [♦5, ♣K], Bot cards:[♠5, ♥9]
Player points: [15, 15], Bot points:[14, 14]
Bot get one more card ♥3
Player point: 15, Bot point: 17
Player lose! Money: 605.0
========================
Round #87
Player cards: [♣3, ♠K], Bot cards:[♦6, ♦J]
Player points: [13, 13], Bot points:[16, 16]
Bot get one more card ♥6
Player point: 13, Bot point: 22
Player win! Money: 624.0
========================
Round #88
Player cards: [♦T, ♣K], Bot cards:[♠4, ♥6]
Player points: [20, 20], Bot points:[10, 10]
Bot get one more card ♠K
Player point: 20, Bot point: 20
Draw! Money:623.0
========================
Round #89
Player cards: [♣7, ♥K], Bot cards:[♣5, ♣A]
Player points: [17, 17], Bot points:[6, 16]
Bot get one more card ♠K
Bot get one more card ♥2
Player point: 17, Bot point: 18
Player lose! Money: 602.0
========================
Round #90
Player cards: [♥K, ♥A], Bot cards:[♠9, ♥J]
Player points: [11, 21], Bot points:[19, 19]
Player point: 21, Bot point: 19
------ BlackJack!! ------
Player win! Money: 625.0
========================
Round #91
Player cards: [♣5, ♥J], Bot cards:[♦2, ♠6]
Player points: [15, 15], Bot points:[8, 8]
Bot get one more card ♠2
Bot get one more card ♦9
Player point: 15, Bot point: 19
Player lose! Money: 604.0
========================
Round #92
Player cards: [♣6, ♦A], Bot cards:[♠T, ♠Q]
Player points: [7, 17], Bot points:[20, 20]
Player point: 17, Bot point: 20
Player lose! Money: 583.0
========================
Round #93
Player cards: [♦2, ♦6], Bot cards:[♥5, ♥J]
Player points: [8, 8], Bot points:[15, 15]
Player get one more card ♣5
Bot get one more card ♠5
Player point: 13, Bot point: 20
Player lose! Money: 562.0
========================
Round #94
Player cards: [♦6, ♣Q], Bot cards:[♠8, ♠A]
Player points: [16, 16], Bot points:[9, 19]
Player get one more card ♠T
Bot get one more card ♦5
Bot get one more card ♣6
Player point: 26, Bot point: 20
Player lose! Money: 541.0
========================
Round #95
Player cards: [♥5, ♥8], Bot cards:[♠3, ♣8]
Player points: [13, 13], Bot points:[11, 11]
Bot get one more card ♥8
Player point: 13, Bot point: 19
Player lose! Money: 520.0
========================
Round #96
Player cards: [♠3, ♠A], Bot cards:[♥3, ♣4]
Player points: [4, 14], Bot points:[7, 7]
Bot get one more card ♠3
Bot get one more card ♠8
Player point: 14, Bot point: 18
Player lose! Money: 499.0
========================
Round #97
Player cards: [♠2, ♥J], Bot cards:[♥2, ♣T]
Player points: [12, 12], Bot points:[12, 12]
Player get one more card ♥2
Bot get one more card ♠K
Player point: 14, Bot point: 22
Player win! Money: 518.0
========================
Round #98
Player cards: [♦T, ♦A], Bot cards:[♦T, ♦K]
Player points: [11, 21], Bot points:[20, 20]
Player point: 21, Bot point: 20
------ BlackJack!! ------
Player win! Money: 541.0
========================
Round #99
Player cards: [♣4, ♥7], Bot cards:[♦8, ♠9]
Player points: [11, 11], Bot points:[17, 17]
----- Double Bet! -----
Player get one more card ♦7
Player point: 18, Bot point: 17
Player win! Money: 580.0
========================
Round #100
Player cards: [♠3, ♥Q], Bot cards:[♥5, ♣J]
Player points: [13, 13], Bot points:[15, 15]
Bot get one more card ♦8
Player point: 13, Bot point: 23
Player win! Money: 599.0
========================
Round #101
Player cards: [♥9, ♣T], Bot cards:[♣5, ♣7]
Player points: [19, 19], Bot points:[12, 12]
Bot get one more card ♥3
Bot get one more card ♥Q
Player point: 19, Bot point: 25
Player win! Money: 618.0
========================
Round #102
Player cards: [♦9, ♣K], Bot cards:[♣6, ♣T]
Player points: [19, 19], Bot points:[16, 16]
Bot get one more card ♠T
Player point: 19, Bot point: 26
Player win! Money: 637.0
========================
Round #103
Player cards: [♦3, ♣8], Bot cards:[♥3, ♥4]
Player points: [11, 11], Bot points:[7, 7]
----- Double Bet! -----
Player get one more card ♦6
Bot get one more card ♣2
Bot get one more card ♠9
Player point: 17, Bot point: 18
Player lose! Money: 596.0
========================
Round #104
Player cards: [♠T, ♣A], Bot cards:[♠7, ♥7]
Player points: [11, 21], Bot points:[14, 14]
Bot get one more card ♠7
Player point: 21, Bot point: 21
Player lose! Money: 575.0
========================
Round #105
Player cards: [♣2, ♦4], Bot cards:[♣T, ♠A]
Player points: [6, 6], Bot points:[11, 21]
Player get one more card ♦Q
Player get one more card ♠Q
Bot get one more card ♣J
Player point: 26, Bot point: 21
Player lose! Money: 554.0
========================
Round #106
Player cards: [♣3, ♠6], Bot cards:[♠Q, ♦K]
Player points: [9, 9], Bot points:[20, 20]
Player get one more card ♠5
Player get one more card ♠8
Player point: 22, Bot point: 20
Player lose! Money: 533.0
========================
Round #107
New deck
Player cards: [♦3, ♠9], Bot cards:[♥3, ♥4]
Player points: [12, 12], Bot points:[7, 7]
Player get one more card ♣2
Bot get one more card ♦2
Bot get one more card ♦9
Player point: 14, Bot point: 18
Player lose! Money: 512.0
========================
Round #108
Player cards: [♣7, ♣T], Bot cards:[♠5, ♣6]
Player points: [17, 17], Bot points:[11, 11]
Bot get one more card ♥8
Player point: 17, Bot point: 19
Player lose! Money: 491.0
========================
Round #109
Player cards: [♠5, ♠J], Bot cards:[♠2, ♥Q]
Player points: [15, 15], Bot points:[12, 12]
Bot get one more card ♦6
Player point: 15, Bot point: 18
Player lose! Money: 470.0
========================
Round #110
Player cards: [♥2, ♦8], Bot cards:[♦7, ♥8]
Player points: [10, 10], Bot points:[15, 15]
----- Double Bet! -----
Player get one more card ♥9
Bot get one more card ♥A
Bot get one more card ♣3
Player point: 19, Bot point: 19
Draw! Money:469.0
========================
Round #111
Player cards: [♠8, ♠Q], Bot cards:[♠J, ♠Q]
Player points: [18, 18], Bot points:[20, 20]
Player point: 18, Bot point: 20
Player lose! Money: 448.0
========================
Round #112
Player cards: [♣5, ♦Q], Bot cards:[♣7, ♣8]
Player points: [15, 15], Bot points:[15, 15]
Player get one more card ♦5
Bot get one more card ♥6
Player point: 20, Bot point: 21
Player lose! Money: 427.0
========================
Round #113
Player cards: [♣4, ♠6], Bot cards:[♠Q, ♠K]
Player points: [10, 10], Bot points:[20, 20]
Player get one more card ♠9
Player point: 19, Bot point: 20
Player lose! Money: 406.0
========================
Round #114
Player cards: [♣3, ♦4], Bot cards:[♦A, ♣A]
Player points: [7, 7], Bot points:[2, 12]
Player get one more card ♠A
Bot get one more card ♥Q
Bot get one more card ♥6
Player point: 18, Bot point: 18
Draw! Money:405.0
========================
Round #115
Player cards: [♦4, ♦T], Bot cards:[♠7, ♠8]
Player points: [14, 14], Bot points:[15, 15]
Player get one more card ♠7
Bot get one more card ♠3
Player point: 21, Bot point: 18
Player win! Money: 424.0
========================
Round #116
Player cards: [♦5, ♣9], Bot cards:[♦2, ♥6]
Player points: [14, 14], Bot points:[8, 8]
Bot get one more card ♦T
Player point: 14, Bot point: 18
Player lose! Money: 403.0
========================
Round #117
Player cards: [♥4, ♠T], Bot cards:[♥3, ♥J]
Player points: [14, 14], Bot points:[13, 13]
Bot get one more card ♥Q
Player point: 14, Bot point: 23
Player win! Money: 422.0
========================
Round #118
Player cards: [♠J, ♠Q], Bot cards:[♥2, ♠5]
Player points: [20, 20], Bot points:[7, 7]
Bot get one more card ♥4
Bot get one more card ♣K
Player point: 20, Bot point: 21
Player lose! Money: 401.0
========================
Round #119
Player cards: [♠9, ♠T], Bot cards:[♠7, ♦J]
Player points: [19, 19], Bot points:[17, 17]
Player point: 19, Bot point: 17
Player win! Money: 420.0
========================
Round #120
Player cards: [♠2, ♥T], Bot cards:[♥9, ♦A]
Player points: [12, 12], Bot points:[10, 20]
Player get one more card ♦T
Bot get one more card ♠A
Bot get one more card ♥5
Bot get one more card ♦T
Player point: 22, Bot point: 26
Player lose! Money: 399.0
========================
Round #121
Player cards: [♦8, ♥K], Bot cards:[♠4, ♣9]
Player points: [18, 18], Bot points:[13, 13]
Bot get one more card ♣T
Player point: 18, Bot point: 23
Player win! Money: 418.0
========================
Round #122
Player cards: [♦Q, ♣K], Bot cards:[♣T, ♦K]
Player points: [20, 20], Bot points:[20, 20]
Player point: 20, Bot point: 20
Draw! Money:417.0
========================
Round #123
Player cards: [♦6, ♣8], Bot cards:[♣2, ♠5]
Player points: [14, 14], Bot points:[7, 7]
Bot get one more card ♥6
Bot get one more card ♥J
Player point: 14, Bot point: 23
Player win! Money: 436.0
========================
Round #124
Player cards: [♠3, ♣6], Bot cards:[♦9, ♦A]
Player points: [9, 9], Bot points:[10, 20]
Player get one more card ♦4
Player get one more card ♠4
Bot get one more card ♥J
Player point: 17, Bot point: 20
Player lose! Money: 415.0
========================
Round #125
Player cards: [♣J, ♣K], Bot cards:[♦7, ♣J]
Player points: [20, 20], Bot points:[17, 17]
Player point: 20, Bot point: 17
Player win! Money: 434.0
========================
Round #126
Player cards: [♥2, ♦6], Bot cards:[♣J, ♥K]
Player points: [8, 8], Bot points:[20, 20]
Player get one more card ♠T
Player point: 18, Bot point: 20
Player lose! Money: 413.0
========================
Round #127
Player cards: [♠4, ♥4], Bot cards:[♣9, ♥K]
Player points: [8, 8], Bot points:[19, 19]
Player get one more card ♦3
Player get one more card ♣4
Player point: 15, Bot point: 19
Player lose! Money: 392.0
========================
Round #128
Player cards: [♦8, ♣8], Bot cards:[♥5, ♦J]
Player points: [16, 16], Bot points:[15, 15]
-------- Split! Two hands: [14, 14], [11, 11]
For second hand:
----- Double Bet! -----
Player get one more card ♠K
Bot get one more card ♥8
Player point: 14, Bot point: 23
Player win! Money: 411.0
========================
Player point: 21, Bot point: 23
Player win! Money: 451.0
========================
Round #129
Player cards: [♣J, ♠K], Bot cards:[♥7, ♠9]
Player points: [20, 20], Bot points:[16, 16]
Bot get one more card ♠Q
Player point: 20, Bot point: 26
Player win! Money: 470.0
========================
Round #130
Player cards: [♦3, ♥T], Bot cards:[♠4, ♣A]
Player points: [13, 13], Bot points:[5, 15]
Bot get one more card ♠2
Bot get one more card ♥A
Bot get one more card ♠6
Bot get one more card ♠A
Bot get one more card ♠K
Player point: 13, Bot point: 25
Player win! Money: 489.0
========================
Round #131
Player cards: [♥K, ♦A], Bot cards:[♣2, ♠J]
Player points: [11, 21], Bot points:[12, 12]
Bot get one more card ♣Q
Player point: 21, Bot point: 22
------ BlackJack!! ------
Player win! Money: 512.0
========================
Round #132
Player cards: [♠3, ♥J], Bot cards:[♠4, ♣5]
Player points: [13, 13], Bot points:[9, 9]
Bot get one more card ♥7
Bot get one more card ♣3
Player point: 13, Bot point: 19
Player lose! Money: 491.0
========================
Round #133
Player cards: [♥7, ♦J], Bot cards:[♦5, ♦Q]
Player points: [17, 17], Bot points:[15, 15]
Bot get one more card ♦K
Player point: 17, Bot point: 25
Player win! Money: 510.0
========================
Round #134
Player cards: [♠8, ♣K], Bot cards:[♦K, ♣A]
Player points: [18, 18], Bot points:[11, 21]
Bot get one more card ♠J
Player point: 18, Bot point: 21
Player lose! Money: 489.0
========================
Round #135
Player cards: [♥2, ♦5], Bot cards:[♦8, ♥8]
Player points: [7, 7], Bot points:[16, 16]
Player get one more card ♣7
Player get one more card ♣9
Bot get one more card ♠T
Player point: 23, Bot point: 26
Player lose! Money: 468.0
========================
Round #136
Player cards: [♠7, ♣Q], Bot cards:[♣2, ♥A]
Player points: [17, 17], Bot points:[3, 13]
Bot get one more card ♦9
Bot get one more card ♥9
Player point: 17, Bot point: 21
Player lose! Money: 447.0
========================
Round #137
Player cards: [♦2, ♣3], Bot cards:[♣T, ♣A]
Player points: [5, 5], Bot points:[11, 21]
Player get one more card ♦Q
Player get one more card ♣8
Bot get one more card ♦J
Player point: 23, Bot point: 21
Player lose! Money: 426.0
========================
Round #138
Player cards: [♠2, ♥T], Bot cards:[♠8, ♥T]
Player points: [12, 12], Bot points:[18, 18]
Player get one more card ♠6
Player point: 18, Bot point: 18
Draw! Money:425.0
========================
Round #139
Player cards: [♣5, ♣Q], Bot cards:[♦8, ♦9]
Player points: [15, 15], Bot points:[17, 17]
Player get one more card ♣6
Player point: 21, Bot point: 17
Player win! Money: 444.0
========================
Round #140
Player cards: [♣4, ♣4], Bot cards:[♦7, ♣8]
Player points: [8, 8], Bot points:[15, 15]
Player get one more card ♦6
Player get one more card ♠6
Bot get one more card ♣Q
Player point: 20, Bot point: 25
Player win! Money: 463.0
========================
Round #141
Player cards: [♦2, ♥5], Bot cards:[♠3, ♣7]
Player points: [7, 7], Bot points:[10, 10]
Player get one more card ♠4
Player get one more card ♦7
Bot get one more card ♦4
Bot get one more card ♥5
Player point: 18, Bot point: 19
Player lose! Money: 442.0
========================
Round #142
Player cards: [♣5, ♥9], Bot cards:[♥8, ♠A]
Player points: [14, 14], Bot points:[9, 19]
Player get one more card ♥3
Bot get one more card ♥7
Bot get one more card ♣9
Player point: 17, Bot point: 25
Player win! Money: 461.0
========================
Round #143
New deck
Player cards: [♣6, ♦7], Bot cards:[♣9, ♣K]
Player points: [13, 13], Bot points:[19, 19]
Player get one more card ♦8
Player point: 21, Bot point: 19
Player win! Money: 480.0
========================
Round #144
Player cards: [♦4, ♣J], Bot cards:[♦T, ♠A]
Player points: [14, 14], Bot points:[11, 21]
Player get one more card ♣Q
Bot get one more card ♠Q
Player point: 24, Bot point: 21
Player lose! Money: 459.0
========================
Round #145
Player cards: [♠5, ♦J], Bot cards:[♦4, ♥9]
Player points: [15, 15], Bot points:[13, 13]
Bot get one more card ♥Q
Player point: 15, Bot point: 23
Player win! Money: 478.0
========================
Round #146
Player cards: [♥5, ♥J], Bot cards:[♦4, ♠J]
Player points: [15, 15], Bot points:[14, 14]
Bot get one more card ♠9
Player point: 15, Bot point: 23
Player win! Money: 497.0
========================
Round #147
Player cards: [♥J, ♦A], Bot cards:[♠2, ♦K]
Player points: [11, 21], Bot points:[12, 12]
Bot get one more card ♦J
Player point: 21, Bot point: 22
------ BlackJack!! ------
Player win! Money: 520.0
========================
Round #148
Player cards: [♥6, ♥7], Bot cards:[♣4, ♥9]
Player points: [13, 13], Bot points:[13, 13]
Bot get one more card ♠9
Player point: 13, Bot point: 22
Player win! Money: 539.0
========================
Round #149
Player cards: [♦7, ♦K], Bot cards:[♦7, ♠K]
Player points: [17, 17], Bot points:[17, 17]
Player point: 17, Bot point: 17
Draw! Money:538.0
========================
Round #150
Player cards: [♣3, ♣4], Bot cards:[♠T, ♣J]
Player points: [7, 7], Bot points:[20, 20]
Player get one more card ♥2
Player get one more card ♠A
Player point: 20, Bot point: 20
Draw! Money:537.0
========================
Round #151
Player cards: [♣5, ♣5], Bot cards:[♠6, ♥8]
Player points: [10, 10], Bot points:[14, 14]
----- Double Bet! -----
Player get one more card ♥A
Bot get one more card ♣4
Player point: 21, Bot point: 18
Player win! Money: 576.0
========================
Round #152
Player cards: [♦2, ♦4], Bot cards:[♦6, ♥Q]
Player points: [6, 6], Bot points:[16, 16]
Player get one more card ♠5
Player get one more card ♣5
Bot get one more card ♥K
Player point: 16, Bot point: 26
Player win! Money: 595.0
========================
Round #153
Player cards: [♥4, ♠4], Bot cards:[♠3, ♥4]
Player points: [8, 8], Bot points:[7, 7]
Player get one more card ♦2
Player get one more card ♥T
Bot get one more card ♦3
Bot get one more card ♦9
Player point: 20, Bot point: 19
Player win! Money: 614.0
========================
Round #154
Player cards: [♠T, ♠K], Bot cards:[♠2, ♦5]
Player points: [20, 20], Bot points:[7, 7]
Bot get one more card ♥J
Player point: 20, Bot point: 17
Player win! Money: 633.0
========================
Round #155
Player cards: [♥8, ♥9], Bot cards:[♠4, ♦Q]
Player points: [17, 17], Bot points:[14, 14]
Bot get one more card ♣3
Player point: 17, Bot point: 17
Draw! Money:632.0
========================
Round #156
Player cards: [♣T, ♣K], Bot cards:[♥3, ♥A]
Player points: [20, 20], Bot points:[4, 14]
Bot get one more card ♦8
Bot get one more card ♦A
Bot get one more card ♥T
Player point: 20, Bot point: 23
Player win! Money: 651.0
========================
Round #157
Player cards: [♣2, ♠K], Bot cards:[♦2, ♣J]
Player points: [12, 12], Bot points:[12, 12]
Player get one more card ♦Q
Bot get one more card ♥A
Bot get one more card ♥9
Player point: 22, Bot point: 22
Player lose! Money: 630.0
========================
Round #158
Player cards: [♣T, ♠J], Bot cards:[♠J, ♠Q]
Player points: [20, 20], Bot points:[20, 20]
Player point: 20, Bot point: 20
Draw! Money:629.0
========================
Round #159
Player cards: [♠3, ♣K], Bot cards:[♠3, ♠T]
Player points: [13, 13], Bot points:[13, 13]
Bot get one more card ♥7
Player point: 13, Bot point: 20
Player lose! Money: 608.0
========================
Round #160
Player cards: [♥3, ♣A], Bot cards:[♠7, ♦K]
Player points: [4, 14], Bot points:[17, 17]
Player get one more card ♣T
Player get one more card ♣7
Player point: 21, Bot point: 17
Player win! Money: 627.0
========================
Round #161
Player cards: [♠7, ♥K], Bot cards:[♦3, ♥4]
Player points: [17, 17], Bot points:[7, 7]
Bot get one more card ♥6
Bot get one more card ♦J
Player point: 17, Bot point: 23
Player win! Money: 646.0
========================
Round #162
Player cards: [♥3, ♥8], Bot cards:[♣2, ♣A]
Player points: [11, 11], Bot points:[3, 13]
----- Double Bet! -----
Player get one more card ♥3
Bot get one more card ♥2
Bot get one more card ♣8
Bot get one more card ♦5
Player point: 14, Bot point: 18
Player lose! Money: 605.0
========================
Round #163
Player cards: [♠8, ♦Q], Bot cards:[♦3, ♣A]
Player points: [18, 18], Bot points:[4, 14]
Bot get one more card ♣3
Bot get one more card ♣9
Bot get one more card ♦3
Player point: 18, Bot point: 19
Player lose! Money: 584.0
========================
Round #164
Player cards: [♠4, ♣6], Bot cards:[♣9, ♣Q]
Player points: [10, 10], Bot points:[19, 19]
----- Double Bet! -----
Player get one more card ♠2
Player point: 12, Bot point: 19
Player lose! Money: 543.0
========================
Round #165
Player cards: [♣6, ♥6], Bot cards:[♦9, ♠J]
Player points: [12, 12], Bot points:[19, 19]
Player get one more card ♥8
Player point: 20, Bot point: 19
Player win! Money: 562.0
========================
Round #166
Player cards: [♣8, ♦T], Bot cards:[♠7, ♠7]
Player points: [18, 18], Bot points:[14, 14]
Bot get one more card ♦T
Player point: 18, Bot point: 24
Player win! Money: 581.0
========================
Round #167
Player cards: [♠6, ♠Q], Bot cards:[♠5, ♦Q]
Player points: [16, 16], Bot points:[15, 15]
Bot get one more card ♦J
Player point: 16, Bot point: 25
Player win! Money: 600.0
========================
Round #168
Player cards: [♦5, ♣8], Bot cards:[♦7, ♦K]
Player points: [13, 13], Bot points:[17, 17]
Player get one more card ♣T
Player point: 23, Bot point: 17
Player lose! Money: 579.0
========================
Round #169
Player cards: [♥7, ♥A], Bot cards:[♣4, ♥5]
Player points: [8, 18], Bot points:[9, 9]
Bot get one more card ♠9
Player point: 18, Bot point: 18
Draw! Money:578.0
========================
Round #170
Player cards: [♣Q, ♥K], Bot cards:[♠T, ♥A]
Player points: [20, 20], Bot points:[11, 21]
Bot get one more card ♣9
Player point: 20, Bot point: 20
Draw! Money:577.0
========================
Round #171
Player cards: [♠2, ♥T], Bot cards:[♦6, ♥6]
Player points: [12, 12], Bot points:[12, 12]
Bot get one more card ♠4
Bot get one more card ♣7
Player point: 12, Bot point: 23
Player win! Money: 596.0
========================
Round #172
Player cards: [♠6, ♠8], Bot cards:[♦8, ♣8]
Player points: [14, 14], Bot points:[16, 16]
Player get one more card ♣6
Bot get one more card ♠K
Player point: 20, Bot point: 26
Player win! Money: 615.0
========================
Round #173
Player cards: [♥4, ♦6], Bot cards:[♦9, ♥K]
Player points: [10, 10], Bot points:[19, 19]
----- Double Bet! -----
Player get one more card ♥Q
Player point: 20, Bot point: 19
Player win! Money: 654.0
========================
Round #174
Player cards: [♦6, ♥J], Bot cards:[♥2, ♣K]
Player points: [16, 16], Bot points:[12, 12]
Bot get one more card ♥Q
Player point: 16, Bot point: 22
Player win! Money: 673.0
========================
Round #175
Player cards: [♥2, ♠5], Bot cards:[♠8, ♥T]
Player points: [7, 7], Bot points:[18, 18]
Player get one more card ♦A
Player point: 18, Bot point: 18
Draw! Money:672.0
========================
Round #176
Player cards: [♣3, ♠8], Bot cards:[♣2, ♥3]
Player points: [11, 11], Bot points:[5, 5]
----- Double Bet! -----
Player get one more card ♥5
Bot get one more card ♣7
Bot get one more card ♥7
Player point: 16, Bot point: 19
Player lose! Money: 631.0
========================
Round #177
Player cards: [♦8, ♣J], Bot cards:[♥5, ♥Q]
Player points: [18, 18], Bot points:[15, 15]
Bot get one more card ♠3
Player point: 18, Bot point: 18
Draw! Money:630.0
========================
Round #178
Player cards: [♣Q, ♠A], Bot cards:[♠9, ♦T]
Player points: [11, 21], Bot points:[19, 19]
Player point: 21, Bot point: 19
------ BlackJack!! ------
Player win! Money: 653.0
========================
Round #179
Player cards: [♦2, ♣2], Bot cards:[♦9, ♦A]
Player points: [4, 4], Bot points:[10, 20]
Player get one more card ♠Q
Player get one more card ♣5
Bot get one more card ♦5
Bot get one more card ♦K
Player point: 19, Bot point: 25
Player win! Money: 672.0
========================
Round #180
New deck
Player cards: [♦5, ♣T], Bot cards:[♦J, ♦A]
Player points: [15, 15], Bot points:[11, 21]
Player get one more card ♦4
Bot get one more card ♠9
Player point: 19, Bot point: 20
Player lose! Money: 651.0
========================
Round #181
Player cards: [♥9, ♥Q], Bot cards:[♦T, ♣A]
Player points: [19, 19], Bot points:[11, 21]
Bot get one more card ♣6
Player point: 19, Bot point: 17
Player win! Money: 670.0
========================
Round #182
Player cards: [♥7, ♥J], Bot cards:[♠2, ♣7]
Player points: [17, 17], Bot points:[9, 9]
Bot get one more card ♣3
Bot get one more card ♦5
Player point: 17, Bot point: 17
Draw! Money:669.0
========================
Round #183
Player cards: [♠2, ♦3], Bot cards:[♠A, ♦A]
Player points: [5, 5], Bot points:[2, 12]
Player get one more card ♠J
Player get one more card ♠T
Bot get one more card ♠3
Bot get one more card ♠2
Bot get one more card ♠Q
Player point: 25, Bot point: 17
Player lose! Money: 648.0
========================
Round #184
Player cards: [♣4, ♣K], Bot cards:[♠2, ♥4]
Player points: [14, 14], Bot points:[6, 6]
Bot get one more card ♠7
Bot get one more card ♦5
Player point: 14, Bot point: 18
Player lose! Money: 627.0
========================
Round #185
Player cards: [♣3, ♣4], Bot cards:[♠T, ♥K]
Player points: [7, 7], Bot points:[20, 20]
Player get one more card ♣K
Player point: 17, Bot point: 20
Player lose! Money: 606.0
========================
Round #186
Player cards: [♠J, ♠A], Bot cards:[♣J, ♦K]
Player points: [11, 21], Bot points:[20, 20]
Player point: 21, Bot point: 20
------ BlackJack!! ------
Player win! Money: 629.0
========================
Round #187
Player cards: [♠8, ♣T], Bot cards:[♠K, ♣A]
Player points: [18, 18], Bot points:[11, 21]
Bot get one more card ♠9
Player point: 18, Bot point: 20
Player lose! Money: 608.0
========================
Round #188
Player cards: [♠8, ♦J], Bot cards:[♣7, ♦7]
Player points: [18, 18], Bot points:[14, 14]
Bot get one more card ♠K
Player point: 18, Bot point: 24
Player win! Money: 627.0
========================
Round #189
Player cards: [♣4, ♦9], Bot cards:[♦8, ♥8]
Player points: [13, 13], Bot points:[16, 16]
Player get one more card ♦8
Bot get one more card ♥7
Player point: 21, Bot point: 23
Player win! Money: 646.0
========================
Round #190
Player cards: [♣2, ♥2], Bot cards:[♦2, ♠3]
Player points: [4, 4], Bot points:[5, 5]
Player get one more card ♠5
Player get one more card ♥K
Bot get one more card ♥6
Bot get one more card ♦2
Bot get one more card ♦6
Player point: 19, Bot point: 19
Draw! Money:645.0
========================
Round #191
Player cards: [♦Q, ♦K], Bot cards:[♦8, ♣A]
Player points: [20, 20], Bot points:[9, 19]
Bot get one more card ♦2
Bot get one more card ♣Q
Player point: 20, Bot point: 21
Player lose! Money: 624.0
========================
Round #192
Player cards: [♣2, ♥T], Bot cards:[♠7, ♦9]
Player points: [12, 12], Bot points:[16, 16]
Player get one more card ♣Q
Bot get one more card ♣K
Player point: 22, Bot point: 26
Player lose! Money: 603.0
========================
Round #193
Player cards: [♥2, ♠7], Bot cards:[♦6, ♣J]
Player points: [9, 9], Bot points:[16, 16]
----- Double Bet! -----
Player get one more card ♥2
Bot get one more card ♣A
Player point: 11, Bot point: 17
Player lose! Money: 562.0
========================
Round #194
Player cards: [♣8, ♦A], Bot cards:[♣9, ♦K]
Player points: [9, 19], Bot points:[19, 19]
Player point: 19, Bot point: 19
Draw! Money:561.0
========================
Round #195
Player cards: [♥8, ♠8], Bot cards:[♣9, ♥Q]
Player points: [16, 16], Bot points:[19, 19]
-------- Split! Two hands: [12, 12], [9, 19]
Player get one more card ♣5
For second hand:
Player point: 17, Bot point: 19
Player lose! Money: 540.0
========================
Player point: 19, Bot point: 19
Draw! Money:540.0
========================
Round #196
Player cards: [♦3, ♠A], Bot cards:[♠5, ♣8]
Player points: [4, 14], Bot points:[13, 13]
Bot get one more card ♣A
Bot get one more card ♣7
Player point: 14, Bot point: 21
Player lose! Money: 519.0
========================
Round #197
Player cards: [♣6, ♠T], Bot cards:[♣5, ♦J]
Player points: [16, 16], Bot points:[15, 15]
Bot get one more card ♠6
Player point: 16, Bot point: 21
Player lose! Money: 498.0
========================
Round #198
Player cards: [♥3, ♠3], Bot cards:[♠9, ♠Q]
Player points: [6, 6], Bot points:[19, 19]
Player get one more card ♥J
Player get one more card ♣7
Player point: 23, Bot point: 19
Player lose! Money: 477.0
========================
Round #199
Player cards: [♣2, ♥A], Bot cards:[♥5, ♠A]
Player points: [3, 13], Bot points:[6, 16]
Bot get one more card ♦T
Bot get one more card ♣Q
Player point: 13, Bot point: 26
Player win! Money: 496.0
========================
Round #200
Player cards: [♦3, ♥Q], Bot cards:[♣3, ♣Q]
Player points: [13, 13], Bot points:[13, 13]
Bot get one more card ♥5
Player point: 13, Bot point: 18
Player lose! Money: 475.0
========================
Round #201
Player cards: [♥5, ♦7], Bot cards:[♥3, ♠6]
Player points: [12, 12], Bot points:[9, 9]
Player get one more card ♥6
Bot get one more card ♦3
Bot get one more card ♣5
Player point: 18, Bot point: 17
Player win! Money: 494.0
========================
Round #202
Player cards: [♠4, ♠Q], Bot cards:[♣2, ♥A]
Player points: [14, 14], Bot points:[3, 13]
Bot get one more card ♥7
Bot get one more card ♣6
Bot get one more card ♠9
Player point: 14, Bot point: 25
Player win! Money: 513.0
========================
Round #203
Player cards: [♦9, ♥A], Bot cards:[♠4, ♥J]
Player points: [10, 20], Bot points:[14, 14]
Bot get one more card ♣7
Player point: 20, Bot point: 21
Player lose! Money: 492.0
========================
Round #204
Player cards: [♣8, ♦Q], Bot cards:[♠4, ♥9]
Player points: [18, 18], Bot points:[13, 13]
Bot get one more card ♣J
Player point: 18, Bot point: 23
Player win! Money: 511.0
========================
Round #205
Player cards: [♥T, ♦K], Bot cards:[♠5, ♠T]
Player points: [20, 20], Bot points:[15, 15]
Bot get one more card ♥9
Player point: 20, Bot point: 24
Player win! Money: 530.0
========================
Round #206
Player cards: [♦5, ♠8], Bot cards:[♣3, ♣J]
Player points: [13, 13], Bot points:[13, 13]
Bot get one more card ♠K
Player point: 13, Bot point: 23
Player win! Money: 549.0
========================
Round #207
Player cards: [♥3, ♠J], Bot cards:[♥6, ♥8]
Player points: [13, 13], Bot points:[14, 14]
Bot get one more card ♣9
Player point: 13, Bot point: 23
Player win! Money: 568.0
========================
Round #208
Player cards: [♥5, ♣9], Bot cards:[♥6, ♦8]
Player points: [14, 14], Bot points:[14, 14]
Bot get one more card ♣K
Player point: 14, Bot point: 24
Player win! Money: 587.0
========================
Round #209
Player cards: [♦4, ♦6], Bot cards:[♥4, ♦7]
Player points: [10, 10], Bot points:[11, 11]
----- Double Bet! -----
Player get one more card ♥4
Bot get one more card ♦7
Player point: 14, Bot point: 18
Player lose! Money: 546.0
========================
Round #210
Player cards: [♥4, ♥7], Bot cards:[♠3, ♦9]
Player points: [11, 11], Bot points:[12, 12]
----- Double Bet! -----
Player get one more card ♥3
Bot get one more card ♦A
Bot get one more card ♥8
Player point: 14, Bot point: 21
Player lose! Money: 505.0
========================
Round #211
Player cards: [♣5, ♠6], Bot cards:[♦2, ♦Q]
Player points: [11, 11], Bot points:[12, 12]
----- Double Bet! -----
Player get one more card ♠7
Bot get one more card ♥2
Bot get one more card ♠Q
Player point: 18, Bot point: 24
Player win! Money: 544.0
========================
Round #212
Player cards: [♠6, ♦T], Bot cards:[♠5, ♦T]
Player points: [16, 16], Bot points:[15, 15]
Bot get one more card ♣6
Player point: 16, Bot point: 21
Player lose! Money: 523.0
========================
Round #213
Player cards: [♣8, ♥K], Bot cards:[♠4, ♥T]
Player points: [18, 18], Bot points:[14, 14]
Bot get one more card ♣T
Player point: 18, Bot point: 24
Player win! Money: 542.0
========================
Round #214
Player cards: [♦4, ♦J], Bot cards:[♠6, ♦6]
Player points: [14, 14], Bot points:[12, 12]
Bot get one more card ♥T
Player point: 14, Bot point: 22
Player win! Money: 561.0
========================
Round #215
Player cards: [♣T, ♦Q], Bot cards:[♥J, ♠A]
Player points: [20, 20], Bot points:[11, 21]
Bot get one more card ♣4
Bot get one more card ♥9
Player point: 20, Bot point: 24
Player win! Money: 580.0
========================
Round #216
New deck
Player cards: [♣2, ♣5], Bot cards:[♦Q, ♦A]
Player points: [7, 7], Bot points:[11, 21]
Player get one more card ♣J
Bot get one more card ♦2
Bot get one more card ♥3
Bot get one more card ♥Q
Player point: 17, Bot point: 26
Player win! Money: 599.0
========================
Round #217
Player cards: [♣K, ♣A], Bot cards:[♥5, ♦J]
Player points: [11, 21], Bot points:[15, 15]
Bot get one more card ♥J
Player point: 21, Bot point: 25
------ BlackJack!! ------
Player win! Money: 622.0
========================
Round #218
Player cards: [♦5, ♠8], Bot cards:[♥6, ♣8]
Player points: [13, 13], Bot points:[14, 14]
Bot get one more card ♦5
Player point: 13, Bot point: 19
Player lose! Money: 601.0
========================
Round #219
Player cards: [♠5, ♠A], Bot cards:[♦2, ♦T]
Player points: [6, 16], Bot points:[12, 12]
Bot get one more card ♦8
Player point: 16, Bot point: 20
Player lose! Money: 580.0
========================
Round #220
Player cards: [♣6, ♣K], Bot cards:[♦9, ♦T]
Player points: [16, 16], Bot points:[19, 19]
Player get one more card ♣9
Player point: 25, Bot point: 19
Player lose! Money: 559.0
========================
Round #221
Player cards: [♣7, ♥K], Bot cards:[♠2, ♥3]
Player points: [17, 17], Bot points:[5, 5]
Bot get one more card ♥K
Bot get one more card ♠Q
Player point: 17, Bot point: 25
Player win! Money: 578.0
========================
Round #222
Player cards: [♥5, ♦7], Bot cards:[♣6, ♥8]
Player points: [12, 12], Bot points:[14, 14]
Bot get one more card ♦Q
Player point: 12, Bot point: 24
Player win! Money: 597.0
========================
Round #223
Player cards: [♠4, ♦T], Bot cards:[♠6, ♣Q]
Player points: [14, 14], Bot points:[16, 16]
Bot get one more card ♠J
Player point: 14, Bot point: 26
Player win! Money: 616.0
========================
Round #224
Player cards: [♦4, ♠J], Bot cards:[♥8, ♦T]
Player points: [14, 14], Bot points:[18, 18]
Player get one more card ♣J
Player point: 24, Bot point: 18
Player lose! Money: 595.0
========================
Round #225
Player cards: [♣9, ♥A], Bot cards:[♠2, ♠9]
Player points: [10, 20], Bot points:[11, 11]
Bot get one more card ♠6
Player point: 20, Bot point: 17
Player win! Money: 614.0
========================
Round #226
Player cards: [♠2, ♥5], Bot cards:[♥2, ♣T]
Player points: [7, 7], Bot points:[12, 12]
Player get one more card ♥6
Bot get one more card ♠8
Player point: 13, Bot point: 20
Player lose! Money: 593.0
========================
Round #227
Player cards: [♠5, ♠K], Bot cards:[♥3, ♣Q]
Player points: [15, 15], Bot points:[13, 13]
Bot get one more card ♠J
Player point: 15, Bot point: 23
Player win! Money: 612.0
========================
Round #228
Player cards: [♣J, ♥J], Bot cards:[♦4, ♣7]
Player points: [20, 20], Bot points:[11, 11]
Bot get one more card ♦A
Bot get one more card ♥5
Player point: 20, Bot point: 17
Player win! Money: 631.0
========================
Round #229
Player cards: [♥8, ♥T], Bot cards:[♥7, ♠K]
Player points: [18, 18], Bot points:[17, 17]
Player point: 18, Bot point: 17
Player win! Money: 650.0
========================
Round #230
Player cards: [♥9, ♠A], Bot cards:[♥T, ♦K]
Player points: [10, 20], Bot points:[20, 20]
Player point: 20, Bot point: 20
Draw! Money:649.0
========================
Round #231
Player cards: [♠7, ♣Q], Bot cards:[♦6, ♣J]
Player points: [17, 17], Bot points:[16, 16]
Bot get one more card ♥J
Player point: 17, Bot point: 26
Player win! Money: 668.0
========================
Round #232
Player cards: [♦3, ♣A], Bot cards:[♥4, ♠9]
Player points: [4, 14], Bot points:[13, 13]
Bot get one more card ♦8
Player point: 14, Bot point: 21
Player lose! Money: 647.0
========================
Round #233
Player cards: [♦7, ♦K], Bot cards:[♣3, ♥8]
Player points: [17, 17], Bot points:[11, 11]
Bot get one more card ♥9
Player point: 17, Bot point: 20
Player lose! Money: 626.0
========================
Round #234
Player cards: [♦J, ♠A], Bot cards:[♠9, ♣T]
Player points: [11, 21], Bot points:[19, 19]
Player point: 21, Bot point: 19
------ BlackJack!! ------
Player win! Money: 649.0
========================
Round #235
Player cards: [♣4, ♥K], Bot cards:[♣8, ♠J]
Player points: [14, 14], Bot points:[18, 18]
Player get one more card ♠A
Player get one more card ♦A
Player get one more card ♣A
Player point: 17, Bot point: 18
Player lose! Money: 628.0
========================
Round #236
Player cards: [♥2, ♦8], Bot cards:[♠8, ♠T]
Player points: [10, 10], Bot points:[18, 18]
----- Double Bet! -----
Player get one more card ♣2
Player point: 12, Bot point: 18
Player lose! Money: 587.0
========================
Round #237
Player cards: [♥2, ♥Q], Bot cards:[♦5, ♠J]
Player points: [12, 12], Bot points:[15, 15]
Bot get one more card ♣A
Bot get one more card ♥A
Player point: 12, Bot point: 17
Player lose! Money: 566.0
========================
Round #238
Player cards: [♣6, ♣8], Bot cards:[♠6, ♣7]
Player points: [14, 14], Bot points:[13, 13]
Bot get one more card ♠3
Bot get one more card ♥T
Player point: 14, Bot point: 26
Player win! Money: 585.0
========================
Round #239
Player cards: [♠2, ♣9], Bot cards:[♣4, ♥A]
Player points: [11, 11], Bot points:[5, 15]
----- Double Bet! -----
Player get one more card ♦3
Bot get one more card ♥T
Bot get one more card ♥7
Player point: 14, Bot point: 22
Player win! Money: 624.0
========================
Round #240
Player cards: [♦2, ♠7], Bot cards:[♥7, ♥7]
Player points: [9, 9], Bot points:[14, 14]
Player get one more card ♣5
Player get one more card ♠T
Bot get one more card ♠4
Player point: 24, Bot point: 18
Player lose! Money: 603.0
========================
Round #241
Player cards: [♣4, ♠8], Bot cards:[♦3, ♦9]
Player points: [12, 12], Bot points:[12, 12]
Player get one more card ♠4
Bot get one more card ♣3
Bot get one more card ♦4
Player point: 16, Bot point: 19
Player lose! Money: 582.0
========================
Round #242
Player cards: [♣2, ♣7], Bot cards:[♣3, ♠Q]
Player points: [9, 9], Bot points:[13, 13]
----- Double Bet! -----
Player get one more card ♦J
Bot get one more card ♠K
Player point: 19, Bot point: 23
Player win! Money: 621.0
========================
Round #243
Player cards: [♠3, ♥K], Bot cards:[♥Q, ♥A]
Player points: [13, 13], Bot points:[11, 21]
Player get one more card ♠3
Player get one more card ♠T
Bot get one more card ♠Q
Player point: 26, Bot point: 21
Player lose! Money: 600.0
========================
Round #244
Player cards: [♦7, ♣K], Bot cards:[♠5, ♥K]
Player points: [17, 17], Bot points:[15, 15]
Bot get one more card ♥9
Player point: 17, Bot point: 24
Player win! Money: 619.0
========================
Round #245
Player cards: [♣T, ♠T], Bot cards:[♦9, ♥Q]
Player points: [20, 20], Bot points:[19, 19]
Player point: 20, Bot point: 19
Player win! Money: 638.0
========================
Round #246
Player cards: [♥2, ♦K], Bot cards:[♦3, ♠K]
Player points: [12, 12], Bot points:[13, 13]
Player get one more card ♦6
Bot get one more card ♥Q
Player point: 18, Bot point: 23
Player win! Money: 657.0
========================
Round #247
Player cards: [♣4, ♦4], Bot cards:[♥9, ♠Q]
Player points: [8, 8], Bot points:[19, 19]
Player get one more card ♣2
Player get one more card ♠7
Player point: 17, Bot point: 19
Player lose! Money: 636.0
========================
Round #248
Player cards: [♥4, ♠4], Bot cards:[♥6, ♦7]
Player points: [8, 8], Bot points:[13, 13]
Player get one more card ♣K
Bot get one more card ♦8
Player point: 18, Bot point: 21
Player lose! Money: 615.0
========================
Round #249
Player cards: [♣Q, ♠K], Bot cards:[♥3, ♣8]
Player points: [20, 20], Bot points:[11, 11]
Bot get one more card ♠3
Bot get one more card ♠7
Player point: 20, Bot point: 21
Player lose! Money: 594.0
========================
Round #250
Player cards: [♥4, ♦5], Bot cards:[♥6, ♦Q]
Player points: [9, 9], Bot points:[16, 16]
----- Double Bet! -----
Player get one more card ♦A
Bot get one more card ♦J
Player point: 20, Bot point: 26
Player win! Money: 633.0
========================
Round #251
Player cards: [♠9, ♦9], Bot cards:[♣5, ♠6]
Player points: [18, 18], Bot points:[11, 11]
-------- Split! Two hands: [18, 18], [14, 14]
For second hand:
Bot get one more card ♦6
Player point: 18, Bot point: 17
Player win! Money: 652.0
========================
Player point: 14, Bot point: 17
Player lose! Money: 632.0
========================
Round #252
Player cards: [♣5, ♣T], Bot cards:[♦6, ♦K]
Player points: [15, 15], Bot points:[16, 16]
Bot get one more card ♥4
Player point: 15, Bot point: 20
Player lose! Money: 611.0
========================
Round #253
New deck
Player cards: [♥6, ♣Q], Bot cards:[♥5, ♦7]
Player points: [16, 16], Bot points:[12, 12]
Bot get one more card ♦A
Bot get one more card ♣Q
Player point: 16, Bot point: 23
Player win! Money: 630.0
========================
Round #254
Player cards: [♠J, ♦Q], Bot cards:[♣8, ♣Q]
Player points: [20, 20], Bot points:[18, 18]
Player point: 20, Bot point: 18
Player win! Money: 649.0
========================
Round #255
Player cards: [♥3, ♥4], Bot cards:[♥8, ♠Q]
Player points: [7, 7], Bot points:[18, 18]
Player get one more card ♥Q
Player point: 17, Bot point: 18
Player lose! Money: 628.0
========================
Round #256
Player cards: [♠4, ♥A], Bot cards:[♠3, ♦7]
Player points: [5, 15], Bot points:[10, 10]
Bot get one more card ♥7
Player point: 15, Bot point: 17
Player lose! Money: 607.0
========================
Round #257
Player cards: [♦Q, ♣K], Bot cards:[♠4, ♣7]
Player points: [20, 20], Bot points:[11, 11]
Bot get one more card ♣6
Player point: 20, Bot point: 17
Player win! Money: 626.0
========================
Round #258
Player cards: [♣2, ♣7], Bot cards:[♣6, ♣J]
Player points: [9, 9], Bot points:[16, 16]
----- Double Bet! -----
Player get one more card ♣Q
Bot get one more card ♦7
Player point: 19, Bot point: 23
Player win! Money: 665.0
========================
Round #259
Player cards: [♣4, ♠9], Bot cards:[♦5, ♠A]
Player points: [13, 13], Bot points:[6, 16]
Bot get one more card ♥T
Bot get one more card ♦J
Player point: 13, Bot point: 26
Player win! Money: 684.0
========================
Round #260
Player cards: [♦8, ♥T], Bot cards:[♣3, ♥Q]
Player points: [18, 18], Bot points:[13, 13]
Bot get one more card ♠6
Player point: 18, Bot point: 19
Player lose! Money: 663.0
========================
Round #261
Player cards: [♠7, ♣8], Bot cards:[♣3, ♣3]
Player points: [15, 15], Bot points:[6, 6]
Bot get one more card ♦4
Bot get one more card ♥2
Bot get one more card ♥A
Bot get one more card ♣7
Player point: 15, Bot point: 20
Player lose! Money: 642.0
========================
Round #262
Player cards: [♠7, ♦K], Bot cards:[♣2, ♥2]
Player points: [17, 17], Bot points:[4, 4]
Bot get one more card ♦J
Bot get one more card ♠3
Player point: 17, Bot point: 17
Draw! Money:641.0
========================
Round #263
Player cards: [♦2, ♦A], Bot cards:[♠2, ♥8]
Player points: [3, 13], Bot points:[10, 10]
Bot get one more card ♥9
Player point: 13, Bot point: 19
Player lose! Money: 620.0
========================
Round #264
Player cards: [♥3, ♦T], Bot cards:[♠3, ♠5]
Player points: [13, 13], Bot points:[8, 8]
Bot get one more card ♥8
Bot get one more card ♠9
Player point: 13, Bot point: 25
Player win! Money: 639.0
========================
Round #265
Player cards: [♥4, ♣6], Bot cards:[♦2, ♥J]
Player points: [10, 10], Bot points:[12, 12]
----- Double Bet! -----
Player get one more card ♥7
Bot get one more card ♥3
Bot get one more card ♣T
Player point: 17, Bot point: 25
Player win! Money: 678.0
========================
Round #266
Player cards: [♠K, ♦K], Bot cards:[♠2, ♣T]
Player points: [20, 20], Bot points:[12, 12]
Bot get one more card ♠J
Player point: 20, Bot point: 22
Player win! Money: 697.0
========================
Round #267
Player cards: [♥7, ♠8], Bot cards:[♦8, ♣A]
Player points: [15, 15], Bot points:[9, 19]
Player get one more card ♦3
Bot get one more card ♦5
Bot get one more card ♦4
Player point: 18, Bot point: 18
Draw! Money:696.0
========================
Round #268
Player cards: [♠7, ♦A], Bot cards:[♣3, ♦J]
Player points: [8, 18], Bot points:[13, 13]
Bot get one more card ♣A
Bot get one more card ♠6
Player point: 18, Bot point: 20
Player lose! Money: 675.0
========================
Round #269
Player cards: [♣5, ♦T], Bot cards:[♣2, ♦Q]
Player points: [15, 15], Bot points:[12, 12]
Bot get one more card ♥4
Bot get one more card ♦7
Player point: 15, Bot point: 23
Player win! Money: 694.0
========================
Round #270
Player cards: [♥9, ♣J], Bot cards:[♥J, ♠K]
Player points: [19, 19], Bot points:[20, 20]
Player point: 19, Bot point: 20
Player lose! Money: 673.0
========================
Round #271
Player cards: [♣9, ♣A], Bot cards:[♦2, ♦5]
Player points: [10, 20], Bot points:[7, 7]
Bot get one more card ♥6
Bot get one more card ♣J
Player point: 20, Bot point: 23
Player win! Money: 692.0
========================
Round #272
Player cards: [♦5, ♥T], Bot cards:[♥Q, ♥K]
Player points: [15, 15], Bot points:[20, 20]
Player get one more card ♣7
Player point: 22, Bot point: 20
Player lose! Money: 671.0
========================
Round #273
Player cards: [♦9, ♠K], Bot cards:[♣J, ♥J]
Player points: [19, 19], Bot points:[20, 20]
Player point: 19, Bot point: 20
Player lose! Money: 650.0
========================
Round #274
Player cards: [♦T, ♣K], Bot cards:[♦8, ♠9]
Player points: [20, 20], Bot points:[17, 17]
Player point: 20, Bot point: 17
Player win! Money: 669.0
========================
Round #275
Player cards: [♣5, ♠Q], Bot cards:[♦9, ♠T]
Player points: [15, 15], Bot points:[19, 19]
Player get one more card ♥5
Player point: 20, Bot point: 19
Player win! Money: 688.0
========================
Round #276
Player cards: [♠2, ♠Q], Bot cards:[♠T, ♦J]
Player points: [12, 12], Bot points:[20, 20]
Player get one more card ♦A
Player get one more card ♦4
Player point: 17, Bot point: 20
Player lose! Money: 667.0
========================
Round #277
Player cards: [♥4, ♠4], Bot cards:[♦4, ♦9]
Player points: [8, 8], Bot points:[13, 13]
Player get one more card ♦Q
Bot get one more card ♠8
Player point: 18, Bot point: 21
Player lose! Money: 646.0
========================
Round #278
Player cards: [♥5, ♥K], Bot cards:[♠K, ♥A]
Player points: [15, 15], Bot points:[11, 21]
Player get one more card ♦3
Bot get one more card ♣9
Player point: 18, Bot point: 20
Player lose! Money: 625.0
========================
Round #279
Player cards: [♣5, ♦8], Bot cards:[♥J, ♠A]
Player points: [13, 13], Bot points:[11, 21]
Player get one more card ♠4
Bot get one more card ♦6
Player point: 17, Bot point: 17
Draw! Money:624.0
========================
Round #280
Player cards: [♦2, ♣T], Bot cards:[♠T, ♥Q]
Player points: [12, 12], Bot points:[20, 20]
Player get one more card ♦T
Player point: 22, Bot point: 20
Player lose! Money: 603.0
========================
Round #281
Player cards: [♣4, ♥9], Bot cards:[♠8, ♦K]
Player points: [13, 13], Bot points:[18, 18]
Player get one more card ♥K
Player point: 23, Bot point: 18
Player lose! Money: 582.0
========================
Round #282
Player cards: [♠J, ♥A], Bot cards:[♦3, ♣6]
Player points: [11, 21], Bot points:[9, 9]
Bot get one more card ♥T
Player point: 21, Bot point: 19
------ BlackJack!! ------
Player win! Money: 605.0
========================
Round #283
Player cards: [♠3, ♥9], Bot cards:[♦6, ♣9]
Player points: [12, 12], Bot points:[15, 15]
Bot get one more card ♥2
Player point: 12, Bot point: 17
Player lose! Money: 584.0
========================
Round #284
Player cards: [♠5, ♠T], Bot cards:[♣5, ♠A]
Player points: [15, 15], Bot points:[6, 16]
Bot get one more card ♣4
Bot get one more card ♦K
Player point: 15, Bot point: 20
Player lose! Money: 563.0
========================
Round #285
Player cards: [♥2, ♥J], Bot cards:[♠9, ♣9]
Player points: [12, 12], Bot points:[18, 18]
Player get one more card ♣6
Player point: 18, Bot point: 18
Draw! Money:562.0
========================
Round #286
Player cards: [♠2, ♠6], Bot cards:[♥3, ♣3]
Player points: [8, 8], Bot points:[6, 6]
Player get one more card ♠J
Bot get one more card ♥6
Bot get one more card ♠5
Player point: 18, Bot point: 17
Player win! Money: 581.0
========================
Round #287
Player cards: [♦Q, ♣K], Bot cards:[♠7, ♠A]
Player points: [20, 20], Bot points:[8, 18]
Bot get one more card ♠Q
Player point: 20, Bot point: 18
Player win! Money: 600.0
========================
Round #288
Player cards: [♦6, ♠8], Bot cards:[♣4, ♣A]
Player points: [14, 14], Bot points:[5, 15]
Bot get one more card ♣8
Bot get one more card ♣8
Player point: 14, Bot point: 21
Player lose! Money: 579.0
========================
Round #289
Player cards: [♠5, ♦9], Bot cards:[♣2, ♣T]
Player points: [14, 14], Bot points:[12, 12]
Bot get one more card ♥5
Player point: 14, Bot point: 17
Player lose! Money: 558.0
========================
Round #290
New deck
Player cards: [♦3, ♠6], Bot cards:[♦4, ♠T]
Player points: [9, 9], Bot points:[14, 14]
----- Double Bet! -----
Player get one more card ♦A
Bot get one more card ♥2
Bot get one more card ♦8
Player point: 20, Bot point: 24
Player win! Money: 597.0
========================
Round #291
Player cards: [♦7, ♦T], Bot cards:[♠8, ♥A]
Player points: [17, 17], Bot points:[9, 19]
Bot get one more card ♣3
Bot get one more card ♠5
Player point: 17, Bot point: 17
Draw! Money:596.0
========================
Round #292
Player cards: [♥T, ♠K], Bot cards:[♦9, ♠Q]
Player points: [20, 20], Bot points:[19, 19]
Player point: 20, Bot point: 19
Player win! Money: 615.0
========================
Round #293
Player cards: [♣7, ♣A], Bot cards:[♥9, ♦K]
Player points: [8, 18], Bot points:[19, 19]
Player point: 18, Bot point: 19
Player lose! Money: 594.0
========================
Round #294
Player cards: [♣T, ♥Q], Bot cards:[♦J, ♠Q]
Player points: [20, 20], Bot points:[20, 20]
Player point: 20, Bot point: 20
Draw! Money:593.0
========================
Round #295
Player cards: [♠9, ♦Q], Bot cards:[♥2, ♠5]
Player points: [19, 19], Bot points:[7, 7]
Bot get one more card ♣6
Bot get one more card ♥A
Bot get one more card ♥2
Bot get one more card ♦3
Player point: 19, Bot point: 19
Draw! Money:592.0
========================
Round #296
Player cards: [♥8, ♣9], Bot cards:[♣T, ♦K]
Player points: [17, 17], Bot points:[20, 20]
Player point: 17, Bot point: 20
Player lose! Money: 571.0
========================
Round #297
Player cards: [♦8, ♥K], Bot cards:[♠6, ♠6]
Player points: [18, 18], Bot points:[12, 12]
Bot get one more card ♥4
Bot get one more card ♣4
Player point: 18, Bot point: 20
Player lose! Money: 550.0
========================
Round #298
Player cards: [♣4, ♥7], Bot cards:[♦9, ♥A]
Player points: [11, 11], Bot points:[10, 20]
----- Double Bet! -----
Player get one more card ♠A
Bot get one more card ♦6
Bot get one more card ♦7
Player point: 12, Bot point: 23
Player win! Money: 589.0
========================
Round #299
Player cards: [♦J, ♦A], Bot cards:[♠7, ♥J]
Player points: [11, 21], Bot points:[17, 17]
Player point: 21, Bot point: 17
------ BlackJack!! ------
Player win! Money: 612.0
========================
Round #300
Player cards: [♥9, ♥K], Bot cards:[♠2, ♣4]
Player points: [19, 19], Bot points:[6, 6]
Bot get one more card ♣J
Bot get one more card ♦7
Player point: 19, Bot point: 23
Player win! Money: 631.0
========================
Round #301
Player cards: [♠2, ♦A], Bot cards:[♥4, ♦K]
Player points: [3, 13], Bot points:[14, 14]
Bot get one more card ♥K
Player point: 13, Bot point: 24
Player win! Money: 650.0
========================
Round #302
Player cards: [♥9, ♦9], Bot cards:[♦2, ♥3]
Player points: [18, 18], Bot points:[5, 5]
-------- Split! Two hands: [17, 17], [19, 19]
For second hand:
Bot get one more card ♥Q
Bot get one more card ♦6
Player point: 17, Bot point: 21
Player lose! Money: 629.0
========================
Player point: 19, Bot point: 21
Player lose! Money: 609.0
========================
Round #303
Player cards: [♥5, ♥7], Bot cards:[♣7, ♦T]
Player points: [12, 12], Bot points:[17, 17]
Player get one more card ♦T
Player point: 22, Bot point: 17
Player lose! Money: 588.0
========================
Round #304
Player cards: [♦4, ♣K], Bot cards:[♠4, ♣J]
Player points: [14, 14], Bot points:[14, 14]
Bot get one more card ♣Q
Player point: 14, Bot point: 24
Player win! Money: 607.0
========================
Round #305
Player cards: [♥5, ♣K], Bot cards:[♣8, ♥Q]
Player points: [15, 15], Bot points:[18, 18]
Player get one more card ♣9
Player point: 24, Bot point: 18
Player lose! Money: 586.0
========================
Round #306
Player cards: [♥5, ♠J], Bot cards:[♠4, ♣A]
Player points: [15, 15], Bot points:[5, 15]
Bot get one more card ♠A
Bot get one more card ♦5
Bot get one more card ♦3
Bot get one more card ♥8
Player point: 15, Bot point: 22
Player win! Money: 605.0
========================
Round #307
Player cards: [♦5, ♣7], Bot cards:[♠3, ♥6]
Player points: [12, 12], Bot points:[9, 9]
Player get one more card ♣8
Bot get one more card ♥3
Bot get one more card ♦6
Player point: 20, Bot point: 18
Player win! Money: 624.0
========================
Round #308
Player cards: [♣3, ♣6], Bot cards:[♣Q, ♠A]
Player points: [9, 9], Bot points:[11, 21]
Player get one more card ♦Q
Bot get one more card ♠3
Bot get one more card ♥6
Player point: 19, Bot point: 20
Player lose! Money: 603.0
========================
Round #309
Player cards: [♦2, ♣8], Bot cards:[♥6, ♠J]
Player points: [10, 10], Bot points:[16, 16]
----- Double Bet! -----
Player get one more card ♦6
Bot get one more card ♠A
Player point: 16, Bot point: 17
Player lose! Money: 562.0
========================
Round #310
Player cards: [♠5, ♣K], Bot cards:[♥7, ♣K]
Player points: [15, 15], Bot points:[17, 17]
Player get one more card ♦5
Player point: 20, Bot point: 17
Player win! Money: 581.0
========================
Round #311
Player cards: [♠5, ♣T], Bot cards:[♦5, ♠9]
Player points: [15, 15], Bot points:[14, 14]
Bot get one more card ♠Q
Player point: 15, Bot point: 24
Player win! Money: 600.0
========================
Round #312
Player cards: [♣T, ♦Q], Bot cards:[♥Q, ♦K]
Player points: [20, 20], Bot points:[20, 20]
Player point: 20, Bot point: 20
Draw! Money:599.0
========================
Round #313
Player cards: [♥6, ♥T], Bot cards:[♦4, ♠6]
Player points: [16, 16], Bot points:[10, 10]
Bot get one more card ♥A
Bot get one more card ♦4
Bot get one more card ♦2
Player point: 16, Bot point: 17
Player lose! Money: 578.0
========================
Round #314
Player cards: [♦3, ♥4], Bot cards:[♦3, ♦J]
Player points: [7, 7], Bot points:[13, 13]
Player get one more card ♠4
Player get one more card ♠8
Bot get one more card ♣Q
Player point: 19, Bot point: 23
Player win! Money: 597.0
========================
Round #315
Player cards: [♣K, ♣A], Bot cards:[♠6, ♠J]
Player points: [11, 21], Bot points:[16, 16]
Bot get one more card ♠3
Player point: 21, Bot point: 19
------ BlackJack!! ------
Player win! Money: 620.0
========================
Round #316
Player cards: [♥T, ♥K], Bot cards:[♥3, ♦A]
Player points: [20, 20], Bot points:[4, 14]
Bot get one more card ♠7
Bot get one more card ♦T
Player point: 20, Bot point: 21
Player lose! Money: 599.0
========================
Round #317
Player cards: [♠T, ♠J], Bot cards:[♣9, ♥J]
Player points: [20, 20], Bot points:[19, 19]
Player point: 20, Bot point: 19
Player win! Money: 618.0
========================
Round #318
Player cards: [♣2, ♠4], Bot cards:[♣3, ♥J]
Player points: [6, 6], Bot points:[13, 13]
Player get one more card ♣4
Player get one more card ♣6
Bot get one more card ♣8
Player point: 16, Bot point: 21
Player lose! Money: 597.0
========================
Round #319
Player cards: [♦6, ♥8], Bot cards:[♦9, ♠9]
Player points: [14, 14], Bot points:[18, 18]
Player get one more card ♥9
Player point: 23, Bot point: 18
Player lose! Money: 576.0
========================
Round #320
Player cards: [♠T, ♠Q], Bot cards:[♦2, ♥4]
Player points: [20, 20], Bot points:[6, 6]
Bot get one more card ♦8
Bot get one more card ♥8
Player point: 20, Bot point: 22
Player win! Money: 595.0
========================
Round #321
Player cards: [♥T, ♥J], Bot cards:[♣2, ♠3]
Player points: [20, 20], Bot points:[5, 5]
Bot get one more card ♣5
Bot get one more card ♦J
Player point: 20, Bot point: 20
Draw! Money:594.0
========================
Round #322
Player cards: [♥7, ♣J], Bot cards:[♣3, ♥8]
Player points: [17, 17], Bot points:[11, 11]
Bot get one more card ♣2
Bot get one more card ♥K
Player point: 17, Bot point: 23
Player win! Money: 613.0
========================
Round #323
Player cards: [♦7, ♠K], Bot cards:[♣2, ♠T]
Player points: [17, 17], Bot points:[12, 12]
Bot get one more card ♣J
Player point: 17, Bot point: 22
Player win! Money: 632.0
========================
Round #324
Player cards: [♥5, ♠8], Bot cards:[♠2, ♠7]
Player points: [13, 13], Bot points:[9, 9]
Bot get one more card ♣Q
Player point: 13, Bot point: 19
Player lose! Money: 611.0
========================
Round #325
Player cards: [♣5, ♣7], Bot cards:[♦2, ♣A]
Player points: [12, 12], Bot points:[3, 13]
Player get one more card ♠8
Bot get one more card ♥3
Bot get one more card ♣9
Bot get one more card ♥6
Player point: 20, Bot point: 21
Player lose! Money: 590.0
========================
Round #326
Player cards: [♠7, ♠K], Bot cards:[♣5, ♠K]
Player points: [17, 17], Bot points:[15, 15]
Bot get one more card ♠2
Player point: 17, Bot point: 17
Draw! Money:589.0
========================
Round #327
New deck
Player cards: [♣J, ♣K], Bot cards:[♣2, ♠A]
Player points: [20, 20], Bot points:[3, 13]
Bot get one more card ♦9
Bot get one more card ♣6
Player point: 20, Bot point: 18
Player win! Money: 608.0
========================
Round #328
Player cards: [♥Q, ♥A], Bot cards:[♠5, ♦8]
Player points: [11, 21], Bot points:[13, 13]
Bot get one more card ♥7
Player point: 21, Bot point: 20
------ BlackJack!! ------
Player win! Money: 631.0
========================
Round #329
Player cards: [♠2, ♥6], Bot cards:[♦7, ♣Q]
Player points: [8, 8], Bot points:[17, 17]
Player get one more card ♦5
Player get one more card ♥4
Player point: 17, Bot point: 17
Draw! Money:630.0
========================
Round #330
Player cards: [♠8, ♦T], Bot cards:[♣J, ♦K]
Player points: [18, 18], Bot points:[20, 20]
Player point: 18, Bot point: 20
Player lose! Money: 609.0
========================
Round #331
Player cards: [♦3, ♣9], Bot cards:[♦4, ♥T]
Player points: [12, 12], Bot points:[14, 14]
Bot get one more card ♠6
Player point: 12, Bot point: 20
Player lose! Money: 588.0
========================
Round #332
Player cards: [♥5, ♠A], Bot cards:[♠Q, ♥K]
Player points: [6, 16], Bot points:[20, 20]
Player get one more card ♥2
Player point: 18, Bot point: 20
Player lose! Money: 567.0
========================
Round #333
Player cards: [♦6, ♦8], Bot cards:[♠T, ♦A]
Player points: [14, 14], Bot points:[11, 21]
Player get one more card ♠9
Bot get one more card ♦7
Player point: 23, Bot point: 18
Player lose! Money: 546.0
========================
Round #334
Player cards: [♠4, ♣6], Bot cards:[♠6, ♦A]
Player points: [10, 10], Bot points:[7, 17]
----- Double Bet! -----
Player get one more card ♦J
Bot get one more card ♠4
Bot get one more card ♣2
Bot get one more card ♠5
Player point: 20, Bot point: 18
Player win! Money: 585.0
========================
Round #335
Player cards: [♥3, ♠5], Bot cards:[♠5, ♥9]
Player points: [8, 8], Bot points:[14, 14]
Player get one more card ♣Q
Bot get one more card ♥4
Player point: 18, Bot point: 18
Draw! Money:584.0
========================
Round #336
Player cards: [♥Q, ♣Q], Bot cards:[♥8, ♦9]
Player points: [20, 20], Bot points:[17, 17]
Player point: 20, Bot point: 17
Player win! Money: 603.0
========================
Round #337
Player cards: [♠3, ♣K], Bot cards:[♣2, ♥A]
Player points: [13, 13], Bot points:[3, 13]
Bot get one more card ♦K
Bot get one more card ♠8
Player point: 13, Bot point: 21
Player lose! Money: 582.0
========================
Round #338
Player cards: [♣3, ♣7], Bot cards:[♠J, ♦A]
Player points: [10, 10], Bot points:[11, 21]
Player get one more card ♠T
Bot get one more card ♦J
Player point: 20, Bot point: 21
Player lose! Money: 561.0
========================
Round #339
Player cards: [♣T, ♣A], Bot cards:[♠3, ♠Q]
Player points: [11, 21], Bot points:[13, 13]
Bot get one more card ♥8
Player point: 21, Bot point: 21
Player lose! Money: 540.0
========================
Round #340
Player cards: [♣6, ♦J], Bot cards:[♣7, ♠7]
Player points: [16, 16], Bot points:[14, 14]
Player get one more card ♦K
Bot get one more card ♦8
Player point: 26, Bot point: 22
Player lose! Money: 519.0
========================
Round #341
Player cards: [♥7, ♠7], Bot cards:[♣8, ♥9]
Player points: [14, 14], Bot points:[17, 17]
Player get one more card ♣3
Player point: 17, Bot point: 17
Draw! Money:518.0
========================
Round #342
Player cards: [♥8, ♣K], Bot cards:[♥6, ♣9]
Player points: [18, 18], Bot points:[15, 15]
Bot get one more card ♠9
Player point: 18, Bot point: 24
Player win! Money: 537.0
========================
Round #343
Player cards: [♥3, ♠T], Bot cards:[♣4, ♦6]
Player points: [13, 13], Bot points:[10, 10]
Bot get one more card ♥2
Bot get one more card ♥4
Bot get one more card ♦3
Player point: 13, Bot point: 19
Player lose! Money: 516.0
========================
Round #344
Player cards: [♥T, ♣T], Bot cards:[♦3, ♠9]
Player points: [20, 20], Bot points:[12, 12]
Bot get one more card ♠J
Player point: 20, Bot point: 22
Player win! Money: 535.0
========================
Round #345
Player cards: [♦5, ♠7], Bot cards:[♠8, ♥J]
Player points: [12, 12], Bot points:[18, 18]
Player get one more card ♣3
Player get one more card ♣Q
Player point: 25, Bot point: 18
Player lose! Money: 514.0
========================
Round #346
Player cards: [♠6, ♣7], Bot cards:[♥5, ♦5]
Player points: [13, 13], Bot points:[10, 10]
Bot get one more card ♥A
Bot get one more card ♣8
Player point: 13, Bot point: 19
Player lose! Money: 493.0
========================
Round #347
Player cards: [♠Q, ♥K], Bot cards:[♥3, ♠8]
Player points: [20, 20], Bot points:[11, 11]
Bot get one more card ♣5
Bot get one more card ♣4
Player point: 20, Bot point: 20
Draw! Money:492.0
========================
Round #348
Player cards: [♣2, ♣J], Bot cards:[♦T, ♥Q]
Player points: [12, 12], Bot points:[20, 20]
Player get one more card ♠4
Player get one more card ♠7
Player point: 23, Bot point: 20
Player lose! Money: 471.0
========================
Round #349
Player cards: [♣6, ♦Q], Bot cards:[♦4, ♥9]
Player points: [16, 16], Bot points:[13, 13]
Bot get one more card ♠K
Player point: 16, Bot point: 23
Player win! Money: 490.0
========================
Round #350
Player cards: [♥8, ♠T], Bot cards:[♥J, ♦Q]
Player points: [18, 18], Bot points:[20, 20]
Player point: 18, Bot point: 20
Player lose! Money: 469.0
========================
Round #351
Player cards: [♦3, ♣A], Bot cards:[♥6, ♠9]
Player points: [4, 14], Bot points:[15, 15]
Bot get one more card ♥Q
Player point: 14, Bot point: 25
Player win! Money: 488.0
========================
Round #352
Player cards: [♣5, ♦A], Bot cards:[♠2, ♦T]
Player points: [6, 16], Bot points:[12, 12]
Bot get one more card ♦6
Player point: 16, Bot point: 18
Player lose! Money: 467.0
========================
Round #353
Player cards: [♥2, ♣9], Bot cards:[♥4, ♠6]
Player points: [11, 11], Bot points:[10, 10]
----- Double Bet! -----
Player get one more card ♦6
Bot get one more card ♥3
Bot get one more card ♥7
Player point: 17, Bot point: 20
Player lose! Money: 426.0
========================
Round #354
Player cards: [♦5, ♦7], Bot cards:[♣5, ♦J]
Player points: [12, 12], Bot points:[15, 15]
Bot get one more card ♠K
Player point: 12, Bot point: 25
Player win! Money: 445.0
========================
Round #355
Player cards: [♣8, ♣T], Bot cards:[♣7, ♣A]
Player points: [18, 18], Bot points:[8, 18]
Bot get one more card ♠Q
Player point: 18, Bot point: 18
Draw! Money:444.0
========================
Round #356
Player cards: [♣4, ♣A], Bot cards:[♦2, ♦Q]
Player points: [5, 15], Bot points:[12, 12]
Bot get one more card ♦8
Player point: 15, Bot point: 20
Player lose! Money: 423.0
========================
Round #357
Player cards: [♠3, ♠A], Bot cards:[♣8, ♥9]
Player points: [4, 14], Bot points:[17, 17]
Player get one more card ♥A
Player get one more card ♠K
Player get one more card ♣K
Player point: 25, Bot point: 17
Player lose! Money: 402.0
========================
Round #358
Player cards: [♥6, ♣J], Bot cards:[♣6, ♠K]
Player points: [16, 16], Bot points:[16, 16]
Bot get one more card ♦2
Player point: 16, Bot point: 18
Player lose! Money: 381.0
========================
Round #359
Player cards: [♥5, ♦T], Bot cards:[♠2, ♦7]
Player points: [15, 15], Bot points:[9, 9]
Bot get one more card ♥K
Player point: 15, Bot point: 19
Player lose! Money: 360.0
========================
Round #360
Player cards: [♣5, ♥J], Bot cards:[♣3, ♠3]
Player points: [15, 15], Bot points:[6, 6]
Bot get one more card ♥T
Bot get one more card ♥2
Player point: 15, Bot point: 18
Player lose! Money: 339.0
========================
Round #361
Player cards: [♦2, ♣5], Bot cards:[♥7, ♠A]
Player points: [7, 7], Bot points:[8, 18]
Player get one more card ♦K
Bot get one more card ♠4
Bot get one more card ♣T
Player point: 17, Bot point: 22
Player win! Money: 358.0
========================
Round #362
Player cards: [♦Q, ♥K], Bot cards:[♠2, ♦2]
Player points: [20, 20], Bot points:[4, 4]
Bot get one more card ♠J
Bot get one more card ♦4
Player point: 20, Bot point: 18
Player win! Money: 377.0
========================
Round #363
Player cards: [♦9, ♦9], Bot cards:[♥2, ♦4]
Player points: [18, 18], Bot points:[6, 6]
-------- Split! Two hands: [14, 14], [19, 19]
For second hand:
Bot get one more card ♣4
Bot get one more card ♥7
Player point: 14, Bot point: 17
Player lose! Money: 356.0
========================
Player point: 19, Bot point: 17
Player win! Money: 376.0
========================
Round #364
New deck
Player cards: [♥Q, ♣A], Bot cards:[♣8, ♥T]
Player points: [11, 21], Bot points:[18, 18]
Player point: 21, Bot point: 18
------ BlackJack!! ------
Player win! Money: 399.0
========================
Round #365
Player cards: [♣3, ♠5], Bot cards:[♥6, ♥J]
Player points: [8, 8], Bot points:[16, 16]
Player get one more card ♦9
Bot get one more card ♠6
Player point: 17, Bot point: 22
Player win! Money: 418.0
========================
Round #366
Player cards: [♦A, ♥A], Bot cards:[♠4, ♦5]
Player points: [2, 12], Bot points:[9, 9]
-------- Split! Two hands: [6, 16], [10, 20]
For second hand:
Bot get one more card ♠5
Bot get one more card ♣4
Player point: 16, Bot point: 18
Player lose! Money: 397.0
========================
Player point: 20, Bot point: 18
Player win! Money: 417.0
========================
Round #367
Player cards: [♥3, ♥T], Bot cards:[♠T, ♣T]
Player points: [13, 13], Bot points:[20, 20]
Player get one more card ♦K
Player point: 23, Bot point: 20
Player lose! Money: 396.0
========================
Round #368
Player cards: [♣T, ♠J], Bot cards:[♥T, ♠Q]
Player points: [20, 20], Bot points:[20, 20]
Player point: 20, Bot point: 20
Draw! Money:395.0
========================
Round #369
Player cards: [♦3, ♥J], Bot cards:[♦2, ♥7]
Player points: [13, 13], Bot points:[9, 9]
Bot get one more card ♦4
Bot get one more card ♣4
Player point: 13, Bot point: 17
Player lose! Money: 374.0
========================
Round #370
Player cards: [♣6, ♦Q], Bot cards:[♦7, ♣T]
Player points: [16, 16], Bot points:[17, 17]
Player get one more card ♠A
Player point: 17, Bot point: 17
Draw! Money:373.0
========================
Round #371
Player cards: [♥9, ♥A], Bot cards:[♥4, ♠Q]
Player points: [10, 20], Bot points:[14, 14]
Bot get one more card ♣7
Player point: 20, Bot point: 21
Player lose! Money: 352.0
========================
Round #372
Player cards: [♦5, ♣T], Bot cards:[♠3, ♦J]
Player points: [15, 15], Bot points:[13, 13]
Bot get one more card ♣2
Bot get one more card ♦A
Bot get one more card ♣5
Player point: 15, Bot point: 21
Player lose! Money: 331.0
========================
Round #373
Player cards: [♥8, ♠T], Bot cards:[♥2, ♦2]
Player points: [18, 18], Bot points:[4, 4]
Bot get one more card ♠K
Bot get one more card ♥2
Bot get one more card ♣J
Player point: 18, Bot point: 26
Player win! Money: 350.0
========================
Round #374
Player cards: [♦6, ♦J], Bot cards:[♠5, ♥K]
Player points: [16, 16], Bot points:[15, 15]
Bot get one more card ♣5
Player point: 16, Bot point: 20
Player lose! Money: 329.0
========================
Round #375
Player cards: [♥4, ♦Q], Bot cards:[♦6, ♦K]
Player points: [14, 14], Bot points:[16, 16]
Bot get one more card ♣7
Player point: 14, Bot point: 23
Player win! Money: 348.0
========================
Round #376
Player cards: [♠7, ♣A], Bot cards:[♦6, ♠8]
Player points: [8, 18], Bot points:[14, 14]
Bot get one more card ♥Q
Player point: 18, Bot point: 24
Player win! Money: 367.0
========================
Round #377
Player cards: [♣9, ♦9], Bot cards:[♠3, ♦T]
Player points: [18, 18], Bot points:[13, 13]
-------- Split! Two hands: [19, 19], [10, 20]
For second hand:
Bot get one more card ♠5
Player point: 19, Bot point: 18
Player win! Money: 386.0
========================
Player point: 20, Bot point: 18
Player win! Money: 406.0
========================
Round #378
Player cards: [♠8, ♣Q], Bot cards:[♣7, ♥K]
Player points: [18, 18], Bot points:[17, 17]
Player point: 18, Bot point: 17
Player win! Money: 425.0
========================
Round #379
Player cards: [♠6, ♠7], Bot cards:[♥7, ♥Q]
Player points: [13, 13], Bot points:[17, 17]
Player get one more card ♠6
Player point: 19, Bot point: 17
Player win! Money: 444.0
========================
Round #380
Player cards: [♠T, ♣Q], Bot cards:[♥2, ♦J]
Player points: [20, 20], Bot points:[12, 12]
Bot get one more card ♦K
Player point: 20, Bot point: 22
Player win! Money: 463.0
========================
Round #381
Player cards: [♣6, ♠K], Bot cards:[♠2, ♣3]
Player points: [16, 16], Bot points:[5, 5]
Bot get one more card ♠K
Bot get one more card ♠4
Player point: 16, Bot point: 19
Player lose! Money: 442.0
========================
Round #382
Player cards: [♥4, ♣K], Bot cards:[♥6, ♠T]
Player points: [14, 14], Bot points:[16, 16]
Bot get one more card ♥9
Player point: 14, Bot point: 25
Player win! Money: 461.0
========================
Round #383
Player cards: [♥8, ♥T], Bot cards:[♦2, ♠8]
Player points: [18, 18], Bot points:[10, 10]
Bot get one more card ♣2
Bot get one more card ♥6
Player point: 18, Bot point: 18
Draw! Money:460.0
========================
Round #384
Player cards: [♣8, ♥9], Bot cards:[♣6, ♥A]
Player points: [17, 17], Bot points:[7, 17]
Bot get one more card ♣5
Bot get one more card ♠2
Bot get one more card ♠A
Bot get one more card ♥5
Player point: 17, Bot point: 20
Player lose! Money: 439.0
========================
Round #385
Player cards: [♦J, ♥K], Bot cards:[♦3, ♦5]
Player points: [20, 20], Bot points:[8, 8]
Bot get one more card ♠J
Player point: 20, Bot point: 18
Player win! Money: 458.0
========================
Round #386
Player cards: [♥8, ♠A], Bot cards:[♦8, ♦Q]
Player points: [9, 19], Bot points:[18, 18]
Player point: 19, Bot point: 18
Player win! Money: 477.0
========================
Round #387
Player cards: [♦9, ♦T], Bot cards:[♣6, ♣A]
Player points: [19, 19], Bot points:[7, 17]
Bot get one more card ♣Q
Player point: 19, Bot point: 17
Player win! Money: 496.0
========================
Round #388
Player cards: [♥7, ♣9], Bot cards:[♥8, ♣9]
Player points: [16, 16], Bot points:[17, 17]
Player get one more card ♣3
Player point: 19, Bot point: 17
Player win! Money: 515.0
========================
Round #389
Player cards: [♦7, ♣J], Bot cards:[♦8, ♣9]
Player points: [17, 17], Bot points:[17, 17]
Player point: 17, Bot point: 17
Draw! Money:514.0
========================
Round #390
Player cards: [♣8, ♠J], Bot cards:[♠4, ♥J]
Player points: [18, 18], Bot points:[14, 14]
Bot get one more card ♦4
Player point: 18, Bot point: 18
Draw! Money:513.0
========================
Round #391
Player cards: [♥5, ♣Q], Bot cards:[♦4, ♦7]
Player points: [15, 15], Bot points:[11, 11]
Bot get one more card ♦3
Bot get one more card ♥K
Player point: 15, Bot point: 24
Player win! Money: 532.0
========================
Round #392
Player cards: [♦8, ♣K], Bot cards:[♠2, ♠4]
Player points: [18, 18], Bot points:[6, 6]
Bot get one more card ♦A
Bot get one more card ♣3
Bot get one more card ♣5
Bot get one more card ♦6
Player point: 18, Bot point: 21
Player lose! Money: 511.0
========================
Round #393
Player cards: [♠9, ♦T], Bot cards:[♥4, ♦4]
Player points: [19, 19], Bot points:[8, 8]
Bot get one more card ♠Q
Player point: 19, Bot point: 18
Player win! Money: 530.0
========================
Round #394
Player cards: [♥3, ♦7], Bot cards:[♠8, ♣K]
Player points: [10, 10], Bot points:[18, 18]
----- Double Bet! -----
Player get one more card ♦T
Player point: 20, Bot point: 18
Player win! Money: 569.0
========================
Round #395
Player cards: [♠2, ♠7], Bot cards:[♦2, ♣A]
Player points: [9, 9], Bot points:[3, 13]
Player get one more card ♠9
Bot get one more card ♥2
Bot get one more card ♣4
Bot get one more card ♠3
Bot get one more card ♠K
Player point: 18, Bot point: 22
Player win! Money: 588.0
========================
Round #396
Player cards: [♣8, ♦9], Bot cards:[♦3, ♥5]
Player points: [17, 17], Bot points:[8, 8]
Bot get one more card ♥A
Bot get one more card ♣J
Player point: 17, Bot point: 19
Player lose! Money: 567.0
========================
Round #397
Player cards: [♥6, ♥7], Bot cards:[♥3, ♠7]
Player points: [13, 13], Bot points:[10, 10]
Bot get one more card ♦8
Player point: 13, Bot point: 18
Player lose! Money: 546.0
========================
Round #398
Player cards: [♣2, ♣7], Bot cards:[♥9, ♣K]
Player points: [9, 9], Bot points:[19, 19]
Player get one more card ♦Q
Player point: 19, Bot point: 19
Draw! Money:545.0
========================
Round #399
Player cards: [♣2, ♠9], Bot cards:[♥3, ♥J]
Player points: [11, 11], Bot points:[13, 13]
----- Double Bet! -----
Player get one more card ♥Q
Bot get one more card ♠Q
Player point: 21, Bot point: 23
Player win! Money: 584.0
========================
Round #400
Player cards: [♦5, ♠A], Bot cards:[♠6, ♦K]
Player points: [6, 16], Bot points:[16, 16]
Bot get one more card ♣4
Player point: 16, Bot point: 20
Player lose! Money: 563.0
========================
Round #401
New deck
Player cards: [♣7, ♠J], Bot cards:[♦4, ♠A]
Player points: [17, 17], Bot points:[5, 15]
Bot get one more card ♠3
Bot get one more card ♣8
Bot get one more card ♥K
Player point: 17, Bot point: 26
Player win! Money: 582.0
========================
Round #402
Player cards: [♥J, ♣Q], Bot cards:[♦3, ♣A]
Player points: [20, 20], Bot points:[4, 14]
Bot get one more card ♦7
Bot get one more card ♣T
Player point: 20, Bot point: 21
Player lose! Money: 561.0
========================
Round #403
Player cards: [♥2, ♥6], Bot cards:[♥6, ♦A]
Player points: [8, 8], Bot points:[7, 17]
Player get one more card ♥3
Player get one more card ♣4
Bot get one more card ♠T
Player point: 15, Bot point: 17
Player lose! Money: 540.0
========================
Round #404
Player cards: [♦6, ♥9], Bot cards:[♥T, ♦J]
Player points: [15, 15], Bot points:[20, 20]
Player get one more card ♣A
Player get one more card ♦5
Player point: 21, Bot point: 20
Player win! Money: 559.0
========================
Round #405
Player cards: [♦T, ♠K], Bot cards:[♥K, ♦A]
Player points: [20, 20], Bot points:[11, 21]
Bot get one more card ♦9
Player point: 20, Bot point: 20
Draw! Money:558.0
========================
Round #406
Player cards: [♠5, ♣A], Bot cards:[♣4, ♦6]
Player points: [6, 16], Bot points:[10, 10]
Bot get one more card ♥5
Bot get one more card ♠2
Player point: 16, Bot point: 17
Player lose! Money: 537.0
========================
Round #407
Player cards: [♣2, ♣8], Bot cards:[♦4, ♣6]
Player points: [10, 10], Bot points:[10, 10]
----- Double Bet! -----
Player get one more card ♣K
Bot get one more card ♥A
Bot get one more card ♠6
Player point: 20, Bot point: 17
Player win! Money: 576.0
========================
Round #408
Player cards: [♠6, ♠Q], Bot cards:[♠K, ♣A]
Player points: [16, 16], Bot points:[11, 21]
Player get one more card ♦J
Bot get one more card ♥3
Bot get one more card ♦6
Player point: 26, Bot point: 20
Player lose! Money: 555.0
========================
Round #409
Player cards: [♥2, ♦7], Bot cards:[♣Q, ♠K]
Player points: [9, 9], Bot points:[20, 20]
Player get one more card ♠Q
Player point: 19, Bot point: 20
Player lose! Money: 534.0
========================
Round #410
Player cards: [♠3, ♣5], Bot cards:[♦4, ♣7]
Player points: [8, 8], Bot points:[11, 11]
Player get one more card ♣5
Bot get one more card ♦A
Bot get one more card ♥J
Player point: 13, Bot point: 22
Player win! Money: 553.0
========================
Round #411
Player cards: [♦Q, ♦K], Bot cards:[♣T, ♥K]
Player points: [20, 20], Bot points:[20, 20]
Player point: 20, Bot point: 20
Draw! Money:552.0
========================
Round #412
Player cards: [♣K, ♦A], Bot cards:[♦2, ♥Q]
Player points: [11, 21], Bot points:[12, 12]
Bot get one more card ♠5
Player point: 21, Bot point: 17
------ BlackJack!! ------
Player win! Money: 575.0
========================
Round #413
Player cards: [♣3, ♣J], Bot cards:[♠4, ♦9]
Player points: [13, 13], Bot points:[13, 13]
Bot get one more card ♦6
Player point: 13, Bot point: 19
Player lose! Money: 554.0
========================
Round #414
Player cards: [♠6, ♥J], Bot cards:[♥9, ♥A]
Player points: [16, 16], Bot points:[10, 20]
Player get one more card ♥9
Bot get one more card ♣5
Bot get one more card ♣6
Player point: 25, Bot point: 21
Player lose! Money: 533.0
========================
Round #415
Player cards: [♣2, ♣Q], Bot cards:[♣J, ♥Q]
Player points: [12, 12], Bot points:[20, 20]
Player get one more card ♦8
Player point: 20, Bot point: 20
Draw! Money:532.0
========================
Round #416
Player cards: [♥Q, ♣K], Bot cards:[♠4, ♠7]
Player points: [20, 20], Bot points:[11, 11]
Bot get one more card ♣J
Player point: 20, Bot point: 21
Player lose! Money: 511.0
========================
Round #417
Player cards: [♥4, ♠8], Bot cards:[♦7, ♦J]
Player points: [12, 12], Bot points:[17, 17]
Player get one more card ♠J
Player point: 22, Bot point: 17
Player lose! Money: 490.0
========================
Round #418
Player cards: [♦2, ♦Q], Bot cards:[♦2, ♣8]
Player points: [12, 12], Bot points:[10, 10]
Player get one more card ♠J
Bot get one more card ♦4
Bot get one more card ♠T
Player point: 22, Bot point: 24
Player lose! Money: 469.0
========================
Round #419
Player cards: [♣2, ♠A], Bot cards:[♠2, ♥T]
Player points: [3, 13], Bot points:[12, 12]
Bot get one more card ♠T
Player point: 13, Bot point: 22
Player win! Money: 488.0
========================
Round #420
Player cards: [♥4, ♥8], Bot cards:[♣7, ♥8]
Player points: [12, 12], Bot points:[15, 15]
Player get one more card ♠9
Bot get one more card ♣J
Player point: 21, Bot point: 25
Player win! Money: 507.0
========================
Round #421
Player cards: [♥7, ♠A], Bot cards:[♣3, ♥Q]
Player points: [8, 18], Bot points:[13, 13]
Bot get one more card ♣9
Player point: 18, Bot point: 22
Player win! Money: 526.0
========================
Round #422
Player cards: [♥2, ♦3], Bot cards:[♥7, ♥J]
Player points: [5, 5], Bot points:[17, 17]
Player get one more card ♥6
Player get one more card ♦8
Player point: 19, Bot point: 17
Player win! Money: 545.0
========================
Round #423
Player cards: [♠4, ♦8], Bot cards:[♣6, ♠T]
Player points: [12, 12], Bot points:[16, 16]
Bot get one more card ♥3
Player point: 12, Bot point: 19
Player lose! Money: 524.0
========================
Round #424
Player cards: [♣3, ♠7], Bot cards:[♦5, ♥7]
Player points: [10, 10], Bot points:[12, 12]
----- Double Bet! -----
Player get one more card ♥3
Bot get one more card ♠Q
Player point: 13, Bot point: 22
Player win! Money: 563.0
========================
Round #425
Player cards: [♣9, ♣Q], Bot cards:[♦8, ♣9]
Player points: [19, 19], Bot points:[17, 17]
Player point: 19, Bot point: 17
Player win! Money: 582.0
========================
Round #426
Player cards: [♦T, ♠J], Bot cards:[♠9, ♥T]
Player points: [20, 20], Bot points:[19, 19]
Player point: 20, Bot point: 19
Player win! Money: 601.0
========================
Round #427
Player cards: [♠8, ♣K], Bot cards:[♥2, ♦9]
Player points: [18, 18], Bot points:[11, 11]
Bot get one more card ♣6
Player point: 18, Bot point: 17
Player win! Money: 620.0
========================
Round #428
Player cards: [♠7, ♥9], Bot cards:[♣5, ♠9]
Player points: [16, 16], Bot points:[14, 14]
Bot get one more card ♠2
Bot get one more card ♣9
Player point: 16, Bot point: 25
Player win! Money: 639.0
========================
Round #429
Player cards: [♣3, ♥4], Bot cards:[♥6, ♥T]
Player points: [7, 7], Bot points:[16, 16]
Player get one more card ♦5
Bot get one more card ♣4
Player point: 12, Bot point: 20
Player lose! Money: 618.0
========================
Round #430
Player cards: [♥T, ♦K], Bot cards:[♠8, ♦K]
Player points: [20, 20], Bot points:[18, 18]
Player point: 20, Bot point: 18
Player win! Money: 637.0
========================
Round #431
Player cards: [♥5, ♠8], Bot cards:[♦9, ♦J]
Player points: [13, 13], Bot points:[19, 19]
Player get one more card ♠5
Player point: 18, Bot point: 19
Player lose! Money: 616.0
========================
Round #432
Player cards: [♦2, ♠7], Bot cards:[♣8, ♥A]
Player points: [9, 9], Bot points:[9, 19]
Player get one more card ♠9
Bot get one more card ♦K
Player point: 18, Bot point: 19
Player lose! Money: 595.0
========================
Round #433
Player cards: [♠4, ♠5], Bot cards:[♠3, ♣4]
Player points: [9, 9], Bot points:[7, 7]
----- Double Bet! -----
Player get one more card ♦Q
Bot get one more card ♠6
Bot get one more card ♦T
Player point: 19, Bot point: 23
Player win! Money: 634.0
========================
Round #434
Player cards: [♥J, ♠A], Bot cards:[♦T, ♥K]
Player points: [11, 21], Bot points:[20, 20]
Player point: 21, Bot point: 20
------ BlackJack!! ------
Player win! Money: 657.0
========================
Round #435
Player cards: [♠3, ♠Q], Bot cards:[♥7, ♣9]
Player points: [13, 13], Bot points:[16, 16]
Player get one more card ♠9
Bot get one more card ♦Q
Player point: 22, Bot point: 26
Player lose! Money: 636.0
========================
Round #436
Player cards: [♥5, ♠K], Bot cards:[♦5, ♣T]
Player points: [15, 15], Bot points:[15, 15]
Bot get one more card ♣2
Player point: 15, Bot point: 17
Player lose! Money: 615.0
========================
Round #437
Player cards: [♦3, ♣7], Bot cards:[♠2, ♦3]
Player points: [10, 10], Bot points:[5, 5]
----- Double Bet! -----
Player get one more card ♥A
Bot get one more card ♥8
Bot get one more card ♦7
Player point: 21, Bot point: 20
Player win! Money: 654.0
========================
Round #438
New deck
Player cards: [♠7, ♠T], Bot cards:[♦4, ♣6]
Player points: [17, 17], Bot points:[10, 10]
Bot get one more card ♠6
Bot get one more card ♣9
Player point: 17, Bot point: 25
Player win! Money: 673.0
========================
Round #439
Player cards: [♠4, ♦7], Bot cards:[♥5, ♣T]
Player points: [11, 11], Bot points:[15, 15]
----- Double Bet! -----
Player get one more card ♥6
Bot get one more card ♣9
Player point: 17, Bot point: 24
Player win! Money: 712.0
========================
Round #440
Player cards: [♣4, ♠A], Bot cards:[♦Q, ♠A]
Player points: [5, 15], Bot points:[11, 21]
Player get one more card ♠J
Player get one more card ♥5
Bot get one more card ♦9
Player point: 20, Bot point: 20
Draw! Money:711.0
========================
Round #441
Player cards: [♥4, ♥K], Bot cards:[♦3, ♣4]
Player points: [14, 14], Bot points:[7, 7]
Bot get one more card ♦T
Player point: 14, Bot point: 17
Player lose! Money: 690.0
========================
Round #442
Player cards: [♥5, ♦A], Bot cards:[♥K, ♠K]
Player points: [6, 16], Bot points:[20, 20]
Player get one more card ♦3
Player point: 19, Bot point: 20
Player lose! Money: 669.0
========================
Round #443
Player cards: [♦2, ♣Q], Bot cards:[♥8, ♣9]
Player points: [12, 12], Bot points:[17, 17]
Player get one more card ♦8
Player point: 20, Bot point: 17
Player win! Money: 688.0
========================
Round #444
Player cards: [♣6, ♠A], Bot cards:[♣3, ♥6]
Player points: [7, 17], Bot points:[9, 9]
Bot get one more card ♠4
Bot get one more card ♥J
Player point: 17, Bot point: 23
Player win! Money: 707.0
========================
Round #445
Player cards: [♣7, ♦8], Bot cards:[♣7, ♠9]
Player points: [15, 15], Bot points:[16, 16]
Player get one more card ♦K
Bot get one more card ♠2
Player point: 25, Bot point: 18
Player lose! Money: 686.0
========================
Round #446
Player cards: [♣T, ♥J], Bot cards:[♦J, ♠J]
Player points: [20, 20], Bot points:[20, 20]
Player point: 20, Bot point: 20
Draw! Money:685.0
========================
Round #447
Player cards: [♠3, ♦6], Bot cards:[♥4, ♥8]
Player points: [9, 9], Bot points:[12, 12]
----- Double Bet! -----
Player get one more card ♠3
Bot get one more card ♦7
Player point: 12, Bot point: 19
Player lose! Money: 644.0
========================
Round #448
Player cards: [♣2, ♣A], Bot cards:[♦6, ♣J]
Player points: [3, 13], Bot points:[16, 16]
Bot get one more card ♥J
Player point: 13, Bot point: 26
Player win! Money: 663.0
========================
Round #449
Player cards: [♥5, ♣Q], Bot cards:[♠2, ♦J]
Player points: [15, 15], Bot points:[12, 12]
Bot get one more card ♥8
Player point: 15, Bot point: 20
Player lose! Money: 642.0
========================
Round #450
Player cards: [♦T, ♠Q], Bot cards:[♥7, ♣Q]
Player points: [20, 20], Bot points:[17, 17]
Player point: 20, Bot point: 17
Player win! Money: 661.0
========================
Round #451
Player cards: [♥2, ♦8], Bot cards:[♣2, ♥Q]
Player points: [10, 10], Bot points:[12, 12]
----- Double Bet! -----
Player get one more card ♠8
Bot get one more card ♦5
Player point: 18, Bot point: 17
Player win! Money: 700.0
========================
Round #452
Player cards: [♥9, ♥A], Bot cards:[♠T, ♠Q]
Player points: [10, 20], Bot points:[20, 20]
Player point: 20, Bot point: 20
Draw! Money:699.0
========================
Round #453
Player cards: [♦4, ♠9], Bot cards:[♦6, ♦9]
Player points: [13, 13], Bot points:[15, 15]
Bot get one more card ♦2
Player point: 13, Bot point: 17
Player lose! Money: 678.0
========================
Round #454
Player cards: [♦8, ♥T], Bot cards:[♠3, ♣8]
Player points: [18, 18], Bot points:[11, 11]
Bot get one more card ♥Q
Player point: 18, Bot point: 21
Player lose! Money: 657.0
========================
Round #455
Player cards: [♠6, ♠7], Bot cards:[♦3, ♣Q]
Player points: [13, 13], Bot points:[13, 13]
Bot get one more card ♣8
Player point: 13, Bot point: 21
Player lose! Money: 636.0
========================
Round #456
Player cards: [♦5, ♥8], Bot cards:[♦4, ♦A]
Player points: [13, 13], Bot points:[5, 15]
Bot get one more card ♠J
Bot get one more card ♦A
Bot get one more card ♠T
Player point: 13, Bot point: 26
Player win! Money: 655.0
========================
Round #457
Player cards: [♠2, ♥4], Bot cards:[♣3, ♥A]
Player points: [6, 6], Bot points:[4, 14]
Player get one more card ♣J
Bot get one more card ♥K
Bot get one more card ♥J
Player point: 16, Bot point: 24
Player win! Money: 674.0
========================
Round #458
Player cards: [♠5, ♥7], Bot cards:[♠4, ♣K]
Player points: [12, 12], Bot points:[14, 14]
Bot get one more card ♥7
Player point: 12, Bot point: 21
Player lose! Money: 653.0
========================
Round #459
Player cards: [♥3, ♦T], Bot cards:[♦9, ♦T]
Player points: [13, 13], Bot points:[19, 19]
Player get one more card ♣5
Player point: 18, Bot point: 19
Player lose! Money: 632.0
========================
Round #460
Player cards: [♣2, ♣K], Bot cards:[♣4, ♠5]
Player points: [12, 12], Bot points:[9, 9]
Bot get one more card ♠Q
Player point: 12, Bot point: 19
Player lose! Money: 611.0
========================
Round #461
Player cards: [♣T, ♦Q], Bot cards:[♠T, ♠K]
Player points: [20, 20], Bot points:[20, 20]
Player point: 20, Bot point: 20
Draw! Money:610.0
========================
Round #462
Player cards: [♦7, ♣A], Bot cards:[♦J, ♥Q]
Player points: [8, 18], Bot points:[20, 20]
Player point: 18, Bot point: 20
Player lose! Money: 589.0
========================
Round #463
Player cards: [♠4, ♣T], Bot cards:[♥2, ♥A]
Player points: [14, 14], Bot points:[3, 13]
Bot get one more card ♥2
Bot get one more card ♦9
Bot get one more card ♦7
Player point: 14, Bot point: 21
Player lose! Money: 568.0
========================
Round #464
Player cards: [♥6, ♠Q], Bot cards:[♦4, ♦K]
Player points: [16, 16], Bot points:[14, 14]
Bot get one more card ♥3
Player point: 16, Bot point: 17
Player lose! Money: 547.0
========================
Round #465
Player cards: [♠3, ♣6], Bot cards:[♦2, ♥3]
Player points: [9, 9], Bot points:[5, 5]
Player get one more card ♠2
Player get one more card ♠K
Bot get one more card ♣A
Bot get one more card ♦K
Bot get one more card ♠9
Player point: 21, Bot point: 25
Player win! Money: 566.0
========================
Round #466
Player cards: [♥3, ♠J], Bot cards:[♦2, ♠J]
Player points: [13, 13], Bot points:[12, 12]
Bot get one more card ♥T
Player point: 13, Bot point: 22
Player win! Money: 585.0
========================
Round #467
Player cards: [♥9, ♥K], Bot cards:[♣5, ♣K]
Player points: [19, 19], Bot points:[15, 15]
Bot get one more card ♥Q
Player point: 19, Bot point: 25
Player win! Money: 604.0
========================
Round #468
Player cards: [♠6, ♣8], Bot cards:[♥T, ♣J]
Player points: [14, 14], Bot points:[20, 20]
Player get one more card ♦K
Player point: 24, Bot point: 20
Player lose! Money: 583.0
========================
Round #469
Player cards: [♠5, ♦A], Bot cards:[♠8, ♥T]
Player points: [6, 16], Bot points:[18, 18]
Player get one more card ♠6
Player get one more card ♦3
Player get one more card ♣8
Player point: 23, Bot point: 18
Player lose! Money: 562.0
========================
Round #470
Player cards: [♠7, ♣7], Bot cards:[♦5, ♥A]
Player points: [14, 14], Bot points:[6, 16]
-------- Split! Two hands: [9, 9], [13, 13]
----- Double Bet! -----
Player get one more card ♣4
For second hand:
Bot get one more card ♦5
Bot get one more card ♣6
Player point: 13, Bot point: 17
Player lose! Money: 521.0
========================
Player point: 13, Bot point: 17
Player lose! Money: 501.0
========================
Round #471
Player cards: [♥5, ♠7], Bot cards:[♠5, ♦J]
Player points: [12, 12], Bot points:[15, 15]
Bot get one more card ♦6
Player point: 12, Bot point: 21
Player lose! Money: 480.0
========================
Round #472
Player cards: [♠8, ♠8], Bot cards:[♣3, ♣5]
Player points: [16, 16], Bot points:[8, 8]
-------- Split! Two hands: [10, 10], [17, 17]
----- Double Bet! -----
Player get one more card ♠A
For second hand:
Bot get one more card ♣9
Player point: 21, Bot point: 17
Player win! Money: 519.0
========================
Player point: 17, Bot point: 17
Draw! Money:519.0
========================
Round #473
Player cards: [♥4, ♦Q], Bot cards:[♣5, ♦Q]
Player points: [14, 14], Bot points:[15, 15]
Bot get one more card ♣7
Player point: 14, Bot point: 22
Player win! Money: 538.0
========================
Round #474
Player cards: [♣3, ♣K], Bot cards:[♥4, ♣J]
Player points: [13, 13], Bot points:[14, 14]
Bot get one more card ♣A
Bot get one more card ♥8
Player point: 13, Bot point: 23
Player win! Money: 557.0
========================
Round #475
New deck
Player cards: [♠7, ♠Q], Bot cards:[♦8, ♠Q]
Player points: [17, 17], Bot points:[18, 18]
Player point: 17, Bot point: 18
Player lose! Money: 536.0
========================
Round #476
Player cards: [♣2, ♥6], Bot cards:[♥3, ♥9]
Player points: [8, 8], Bot points:[12, 12]
Player get one more card ♣J
Bot get one more card ♦2
Bot get one more card ♥4
Player point: 18, Bot point: 18
Draw! Money:535.0
========================
Round #477
Player cards: [♠8, ♦T], Bot cards:[♥7, ♠K]
Player points: [18, 18], Bot points:[17, 17]
Player point: 18, Bot point: 17
Player win! Money: 554.0
========================
Round #478
Player cards: [♦5, ♣9], Bot cards:[♣5, ♠T]
Player points: [14, 14], Bot points:[15, 15]
Bot get one more card ♦J
Player point: 14, Bot point: 25
Player win! Money: 573.0
========================
Round #479
Player cards: [♦Q, ♥K], Bot cards:[♠9, ♣J]
Player points: [20, 20], Bot points:[19, 19]
Player point: 20, Bot point: 19
Player win! Money: 592.0
========================
Round #480
Player cards: [♦4, ♥A], Bot cards:[♣4, ♦9]
Player points: [5, 15], Bot points:[13, 13]
Bot get one more card ♠A
Bot get one more card ♦2
Bot get one more card ♣J
Player point: 15, Bot point: 26
Player win! Money: 611.0
========================
Round #481
Player cards: [♥8, ♥T], Bot cards:[♠Q, ♦A]
Player points: [18, 18], Bot points:[11, 21]
Bot get one more card ♥2
Bot get one more card ♥T
Player point: 18, Bot point: 23
Player win! Money: 630.0
========================
Round #482
Player cards: [♣9, ♥J], Bot cards:[♠2, ♥Q]
Player points: [19, 19], Bot points:[12, 12]
Bot get one more card ♠2
Bot get one more card ♠3
Player point: 19, Bot point: 17
Player win! Money: 649.0
========================
Round #483
Player cards: [♦3, ♣9], Bot cards:[♦K, ♠A]
Player points: [12, 12], Bot points:[11, 21]
Player get one more card ♠T
Bot get one more card ♥3
Bot get one more card ♥5
Player point: 22, Bot point: 19
Player lose! Money: 628.0
========================
Round #484
Player cards: [♦3, ♦A], Bot cards:[♣4, ♦T]
Player points: [4, 14], Bot points:[14, 14]
Bot get one more card ♣Q
Player point: 14, Bot point: 24
Player win! Money: 647.0
========================
Round #485
Player cards: [♠4, ♥Q], Bot cards:[♣7, ♣8]
Player points: [14, 14], Bot points:[15, 15]
Player get one more card ♠6
Bot get one more card ♠9
Player point: 20, Bot point: 24
Player win! Money: 666.0
========================
Round #486
Player cards: [♣2, ♥8], Bot cards:[♦5, ♠6]
Player points: [10, 10], Bot points:[11, 11]
----- Double Bet! -----
Player get one more card ♣J
Bot get one more card ♠7
Player point: 20, Bot point: 18
Player win! Money: 705.0
========================
Round #487
Player cards: [♦K, ♣A], Bot cards:[♥4, ♥4]
Player points: [11, 21], Bot points:[8, 8]
Bot get one more card ♣T
Player point: 21, Bot point: 18
------ BlackJack!! ------
Player win! Money: 728.0
========================
Round #488
Player cards: [♥T, ♥K], Bot cards:[♣4, ♠T]
Player points: [20, 20], Bot points:[14, 14]
Bot get one more card ♦3
Player point: 20, Bot point: 17
Player win! Money: 747.0
========================
Round #489
Player cards: [♣2, ♣3], Bot cards:[♣6, ♦T]
Player points: [5, 5], Bot points:[16, 16]
Player get one more card ♣7
Bot get one more card ♠T
Player point: 12, Bot point: 26
Player win! Money: 766.0
========================
Round #490
Player cards: [♣5, ♠J], Bot cards:[♥4, ♥5]
Player points: [15, 15], Bot points:[9, 9]
Bot get one more card ♠K
Player point: 15, Bot point: 19
Player lose! Money: 745.0
========================
Round #491
Player cards: [♣Q, ♣A], Bot cards:[♦5, ♦Q]
Player points: [11, 21], Bot points:[15, 15]
Bot get one more card ♦7
Player point: 21, Bot point: 22
------ BlackJack!! ------
Player win! Money: 768.0
========================
Round #492
Player cards: [♠3, ♦K], Bot cards:[♠6, ♣Q]
Player points: [13, 13], Bot points:[16, 16]
Bot get one more card ♣8
Player point: 13, Bot point: 24
Player win! Money: 787.0
========================
Round #493
Player cards: [♦6, ♦Q], Bot cards:[♦2, ♥A]
Player points: [16, 16], Bot points:[3, 13]
Bot get one more card ♣A
Bot get one more card ♦8
Bot get one more card ♥8
Player point: 16, Bot point: 20
Player lose! Money: 766.0
========================
Round #494
Player cards: [♥J, ♥Q], Bot cards:[♥7, ♦J]
Player points: [20, 20], Bot points:[17, 17]
Player point: 20, Bot point: 17
Player win! Money: 785.0
========================
Round #495
Player cards: [♥5, ♣Q], Bot cards:[♠4, ♣5]
Player points: [15, 15], Bot points:[9, 9]
Bot get one more card ♥3
Bot get one more card ♣6
Player point: 15, Bot point: 18
Player lose! Money: 764.0
========================
Round #496
Player cards: [♠2, ♠9], Bot cards:[♠8, ♠J]
Player points: [11, 11], Bot points:[18, 18]
----- Double Bet! -----
Player get one more card ♦4
Player point: 15, Bot point: 18
Player lose! Money: 723.0
========================
Round #497
Player cards: [♠4, ♠4], Bot cards:[♣2, ♥5]
Player points: [8, 8], Bot points:[7, 7]
Player get one more card ♣7
Bot get one more card ♠3
Bot get one more card ♠5
Bot get one more card ♠5
Player point: 15, Bot point: 20
Player lose! Money: 702.0
========================
Round #498
Player cards: [♣8, ♣K], Bot cards:[♥6, ♣T]
Player points: [18, 18], Bot points:[16, 16]
Bot get one more card ♣K
Player point: 18, Bot point: 26
Player win! Money: 721.0
========================
Round #499
Player cards: [♦8, ♣A], Bot cards:[♣4, ♣8]
Player points: [9, 19], Bot points:[12, 12]
Bot get one more card ♦5
Player point: 19, Bot point: 17
Player win! Money: 740.0
========================
Round #500
Player cards: [♥8, ♥9], Bot cards:[♦T, ♥A]
Player points: [17, 17], Bot points:[11, 21]
Bot get one more card ♦4
Bot get one more card ♣K
Player point: 17, Bot point: 25
Player win! Money: 759.0
========================
Round #501
Player cards: [♣6, ♠K], Bot cards:[♥2, ♥3]
Player points: [16, 16], Bot points:[5, 5]
Bot get one more card ♥K
Bot get one more card ♠3
Player point: 16, Bot point: 18
Player lose! Money: 738.0
========================
Round #502
Player cards: [♣T, ♥Q], Bot cards:[♠7, ♠A]
Player points: [20, 20], Bot points:[8, 18]
Bot get one more card ♣9
Player point: 20, Bot point: 17
Player win! Money: 757.0
========================
Round #503
Player cards: [♠J, ♠Q], Bot cards:[♣3, ♣3]
Player points: [20, 20], Bot points:[6, 6]
Bot get one more card ♠K
Bot get one more card ♦7
Player point: 20, Bot point: 23
Player win! Money: 776.0
========================
Round #504
Player cards: [♥9, ♥A], Bot cards:[♠7, ♦K]
Player points: [10, 20], Bot points:[17, 17]
Player point: 20, Bot point: 17
Player win! Money: 795.0
========================
Round #505
Player cards: [♦J, ♠A], Bot cards:[♠3, ♠K]
Player points: [11, 21], Bot points:[13, 13]
Bot get one more card ♣7
Player point: 21, Bot point: 20
------ BlackJack!! ------
Player win! Money: 818.0
========================
Round #506
Player cards: [♦9, ♠J], Bot cards:[♠5, ♦8]
Player points: [19, 19], Bot points:[13, 13]
Bot get one more card ♥J
Player point: 19, Bot point: 23
Player win! Money: 837.0
========================
Round #507
Player cards: [♦6, ♦6], Bot cards:[♦3, ♣K]
Player points: [12, 12], Bot points:[13, 13]
-------- Split! Two hands: [13, 13], [16, 16]
For second hand:
Bot get one more card ♠6
Player point: 13, Bot point: 19
Player lose! Money: 816.0
========================
Player point: 16, Bot point: 19
Player lose! Money: 796.0
========================
Round #508
Player cards: [♣5, ♥7], Bot cards:[♠2, ♠8]
Player points: [12, 12], Bot points:[10, 10]
Player get one more card ♥2
Bot get one more card ♦A
Bot get one more card ♦4
Bot get one more card ♦7
Player point: 14, Bot point: 22
Player win! Money: 815.0
========================
Round #509
Player cards: [♥2, ♥K], Bot cards:[♦9, ♦A]
Player points: [12, 12], Bot points:[10, 20]
Player get one more card ♥7
Bot get one more card ♣T
Player point: 19, Bot point: 20
Player lose! Money: 794.0
========================
Round #510
Player cards: [♣T, ♦Q], Bot cards:[♣3, ♠5]
Player points: [20, 20], Bot points:[8, 8]
Bot get one more card ♠9
Player point: 20, Bot point: 17
Player win! Money: 813.0
========================
Round #511
Player cards: [♥6, ♥9], Bot cards:[♦2, ♦6]
Player points: [15, 15], Bot points:[8, 8]
Bot get one more card ♥9
Player point: 15, Bot point: 17
Player lose! Money: 792.0
========================
Round #512
New deck
Player cards: [♦4, ♣4], Bot cards:[♥7, ♣8]
Player points: [8, 8], Bot points:[15, 15]
Player get one more card ♣T
Bot get one more card ♦K
Player point: 18, Bot point: 25
Player win! Money: 811.0
========================
Round #513
Player cards: [♣J, ♣A], Bot cards:[♦7, ♣J]
Player points: [11, 21], Bot points:[17, 17]
Player point: 21, Bot point: 17
------ BlackJack!! ------
Player win! Money: 834.0
========================
Round #514
Player cards: [♣7, ♦9], Bot cards:[♣8, ♥8]
Player points: [16, 16], Bot points:[16, 16]
Player get one more card ♥2
Bot get one more card ♣7
Player point: 18, Bot point: 23
Player win! Money: 853.0
========================
Round #515
Player cards: [♠6, ♥6], Bot cards:[♥7, ♠A]
Player points: [12, 12], Bot points:[8, 18]
Player get one more card ♥A
Player get one more card ♥J
Bot get one more card ♦T
Player point: 23, Bot point: 18
Player lose! Money: 832.0
========================
Round #516
Player cards: [♥T, ♦A], Bot cards:[♠2, ♥9]
Player points: [11, 21], Bot points:[11, 11]
Bot get one more card ♠8
Player point: 21, Bot point: 19
------ BlackJack!! ------
Player win! Money: 855.0
========================
Round #517
Player cards: [♦K, ♠A], Bot cards:[♣7, ♥K]
Player points: [11, 21], Bot points:[17, 17]
Player point: 21, Bot point: 17
------ BlackJack!! ------
Player win! Money: 878.0
========================
Round #518
Player cards: [♠J, ♣A], Bot cards:[♦2, ♠7]
Player points: [11, 21], Bot points:[9, 9]
Bot get one more card ♦7
Bot get one more card ♠K
Player point: 21, Bot point: 26
------ BlackJack!! ------
Player win! Money: 901.0
========================
Round #519
Player cards: [♣6, ♥Q], Bot cards:[♣7, ♠7]
Player points: [16, 16], Bot points:[14, 14]
Player get one more card ♥Q
Bot get one more card ♠3
Player point: 26, Bot point: 17
Player lose! Money: 880.0
========================
Round #520
Player cards: [♦8, ♠J], Bot cards:[♥5, ♥A]
Player points: [18, 18], Bot points:[6, 16]
Bot get one more card ♦6
Bot get one more card ♥K
Player point: 18, Bot point: 22
Player win! Money: 899.0
========================
Round #521
Player cards: [♠6, ♦8], Bot cards:[♣5, ♦J]
Player points: [14, 14], Bot points:[15, 15]
Bot get one more card ♣K
Player point: 14, Bot point: 25
Player win! Money: 918.0
========================
Round #522
Player cards: [♣J, ♥J], Bot cards:[♦7, ♠J]
Player points: [20, 20], Bot points:[17, 17]
Player point: 20, Bot point: 17
Player win! Money: 937.0
========================
Round #523
Player cards: [♦T, ♥Q], Bot cards:[♠3, ♠Q]
Player points: [20, 20], Bot points:[13, 13]
Bot get one more card ♣3
Bot get one more card ♠7
Player point: 20, Bot point: 23
Player win! Money: 956.0
========================
Round #524
Player cards: [♠3, ♣6], Bot cards:[♣4, ♣9]
Player points: [9, 9], Bot points:[13, 13]
----- Double Bet! -----
Player get one more card ♠T
Bot get one more card ♣2
Bot get one more card ♠4
Player point: 19, Bot point: 19
Draw! Money:955.0
========================
Round #525
Player cards: [♣3, ♠5], Bot cards:[♦5, ♣Q]
Player points: [8, 8], Bot points:[15, 15]
Player get one more card ♣5
Bot get one more card ♣T
Player point: 13, Bot point: 25
Player win! Money: 974.0
========================
Round #526
Player cards: [♦4, ♦Q], Bot cards:[♠4, ♠Q]
Player points: [14, 14], Bot points:[14, 14]
Bot get one more card ♥A
Bot get one more card ♥4
Player point: 14, Bot point: 19
Player lose! Money: 953.0
========================
Round #527
Player cards: [♥8, ♣J], Bot cards:[♠5, ♠5]
Player points: [18, 18], Bot points:[10, 10]
Bot get one more card ♦J
Player point: 18, Bot point: 20
Player lose! Money: 932.0
========================
Round #528
Player cards: [♠2, ♦J], Bot cards:[♣2, ♣4]
Player points: [12, 12], Bot points:[6, 6]
Player get one more card ♣A
Bot get one more card ♣5
Bot get one more card ♦T
Player point: 13, Bot point: 21
Player lose! Money: 911.0
========================
Round #529
Player cards: [♣2, ♠9], Bot cards:[♥7, ♦A]
Player points: [11, 11], Bot points:[8, 18]
----- Double Bet! -----
Player get one more card ♦6
Bot get one more card ♣6
Bot get one more card ♣8
Player point: 17, Bot point: 22
Player win! Money: 950.0
========================
Round #530
Player cards: [♦9, ♥K], Bot cards:[♦5, ♦9]
Player points: [19, 19], Bot points:[14, 14]
Bot get one more card ♦K
Player point: 19, Bot point: 24
Player win! Money: 969.0
========================
Round #531
Player cards: [♣3, ♠J], Bot cards:[♥8, ♠A]
Player points: [13, 13], Bot points:[9, 19]
Player get one more card ♣9
Bot get one more card ♥5
Bot get one more card ♠T
Player point: 22, Bot point: 24
Player lose! Money: 948.0
========================
Round #532
Player cards: [♥7, ♠9], Bot cards:[♠8, ♣9]
Player points: [16, 16], Bot points:[17, 17]
Player get one more card ♠3
Player point: 19, Bot point: 17
Player win! Money: 967.0
========================
Round #533
Player cards: [♠2, ♠A], Bot cards:[♥3, ♥4]
Player points: [3, 13], Bot points:[7, 7]
Bot get one more card ♣2
Bot get one more card ♦K
Player point: 13, Bot point: 19
Player lose! Money: 946.0
========================
Round #534
Player cards: [♣3, ♣5], Bot cards:[♦4, ♠6]
Player points: [8, 8], Bot points:[10, 10]
Player get one more card ♥J
Bot get one more card ♠4
Bot get one more card ♦Q
Player point: 18, Bot point: 24
Player win! Money: 965.0
========================
Round #535
Player cards: [♦2, ♦9], Bot cards:[♦8, ♦8]
Player points: [11, 11], Bot points:[16, 16]
----- Double Bet! -----
Player get one more card ♠K
Bot get one more card ♥8
Player point: 21, Bot point: 24
Player win! Money: 1004.0
========================
Round #536
Player cards: [♦3, ♣9], Bot cards:[♦3, ♠9]
Player points: [12, 12], Bot points:[12, 12]
Player get one more card ♠8
Bot get one more card ♦3
Bot get one more card ♦2
Player point: 20, Bot point: 17
Player win! Money: 1023.0
========================
Round #537
Player cards: [♥9, ♣A], Bot cards:[♦4, ♥4]
Player points: [10, 20], Bot points:[8, 8]
Bot get one more card ♠8
Bot get one more card ♥T
Player point: 20, Bot point: 26
Player win! Money: 1042.0
========================
Round #538
Player cards: [♥2, ♦5], Bot cards:[♥3, ♥5]
Player points: [7, 7], Bot points:[8, 8]
Player get one more card ♦A
Bot get one more card ♥A
Bot get one more card ♦9
Player point: 18, Bot point: 18
Draw! Money:1041.0
========================
Round #539
Player cards: [♥T, ♦A], Bot cards:[♥2, ♠4]
Player points: [11, 21], Bot points:[6, 6]
Bot get one more card ♥6
Bot get one more card ♦J
Player point: 21, Bot point: 22
------ BlackJack!! ------
Player win! Money: 1064.0
========================
Round #540
Player cards: [♣8, ♦Q], Bot cards:[♣Q, ♥K]
Player points: [18, 18], Bot points:[20, 20]
Player point: 18, Bot point: 20
Player lose! Money: 1043.0
========================
Round #541
Player cards: [♠8, ♣T], Bot cards:[♥2, ♦5]
Player points: [18, 18], Bot points:[7, 7]
Bot get one more card ♣K
Player point: 18, Bot point: 17
Player win! Money: 1062.0
========================
Round #542
Player cards: [♥5, ♥T], Bot cards:[♥4, ♠7]
Player points: [15, 15], Bot points:[11, 11]
Bot get one more card ♠Q
Player point: 15, Bot point: 21
Player lose! Money: 1041.0
========================
Round #543
Player cards: [♥7, ♣K], Bot cards:[♠2, ♠Q]
Player points: [17, 17], Bot points:[12, 12]
Bot get one more card ♠9
Player point: 17, Bot point: 21
Player lose! Money: 1020.0
========================
Round #544
Player cards: [♥3, ♠6], Bot cards:[♣6, ♠K]
Player points: [9, 9], Bot points:[16, 16]
----- Double Bet! -----
Player get one more card ♥6
Bot get one more card ♣Q
Player point: 15, Bot point: 26
Player win! Money: 1059.0
========================
Round #545
Player cards: [♥9, ♥J], Bot cards:[♦2, ♣4]
Player points: [19, 19], Bot points:[6, 6]
Bot get one more card ♦3
Bot get one more card ♣K
Player point: 19, Bot point: 19
Draw! Money:1058.0
========================
Round #546
Player cards: [♠5, ♣Q], Bot cards:[♥J, ♥Q]
Player points: [15, 15], Bot points:[20, 20]
Player get one more card ♥3
Player point: 18, Bot point: 20
Player lose! Money: 1037.0
========================
Round #547
Player cards: [♥9, ♠K], Bot cards:[♦6, ♥6]
Player points: [19, 19], Bot points:[12, 12]
Bot get one more card ♦7
Player point: 19, Bot point: 19
Draw! Money:1036.0
========================
Round #548
Player cards: [♠T, ♦Q], Bot cards:[♥6, ♣T]
Player points: [20, 20], Bot points:[16, 16]
Bot get one more card ♥T
Player point: 20, Bot point: 26
Player win! Money: 1055.0
========================
Round #549
New deck
Player cards: [♠3, ♦6], Bot cards:[♥2, ♣A]
Player points: [9, 9], Bot points:[3, 13]
Player get one more card ♥K
Bot get one more card ♠Q
Bot get one more card ♣7
Player point: 19, Bot point: 20
Player lose! Money: 1034.0
========================
Round #550
Player cards: [♥5, ♥A], Bot cards:[♠9, ♦9]
Player points: [6, 16], Bot points:[18, 18]
Player get one more card ♠K
Player get one more card ♦3
Player point: 19, Bot point: 18
Player win! Money: 1053.0
========================
Round #551
Player cards: [♥8, ♣K], Bot cards:[♣J, ♥Q]
Player points: [18, 18], Bot points:[20, 20]
Player point: 18, Bot point: 20
Player lose! Money: 1032.0
========================
Round #552
Player cards: [♣5, ♠J], Bot cards:[♣T, ♦A]
Player points: [15, 15], Bot points:[11, 21]
Player get one more card ♣K
Bot get one more card ♣6
Player point: 25, Bot point: 17
Player lose! Money: 1011.0
========================
Round #553
Player cards: [♥4, ♣8], Bot cards:[♠6, ♣J]
Player points: [12, 12], Bot points:[16, 16]
Bot get one more card ♦4
Player point: 12, Bot point: 20
Player lose! Money: 990.0
========================
Round #554
Player cards: [♠J, ♥A], Bot cards:[♦8, ♠T]
Player points: [11, 21], Bot points:[18, 18]
Player point: 21, Bot point: 18
------ BlackJack!! ------
Player win! Money: 1013.0
========================
Round #555
Player cards: [♦2, ♦K], Bot cards:[♦2, ♣A]
Player points: [12, 12], Bot points:[3, 13]
Player get one more card ♥A
Bot get one more card ♠T
Bot get one more card ♣Q
Player point: 13, Bot point: 23
Player win! Money: 1032.0
========================
Round #556
Player cards: [♠6, ♠7], Bot cards:[♦5, ♥K]
Player points: [13, 13], Bot points:[15, 15]
Bot get one more card ♣4
Player point: 13, Bot point: 19
Player lose! Money: 1011.0
========================
Round #557
Player cards: [♣3, ♣K], Bot cards:[♣6, ♣7]
Player points: [13, 13], Bot points:[13, 13]
Bot get one more card ♣8
Player point: 13, Bot point: 21
Player lose! Money: 990.0
========================
Round #558
Player cards: [♥4, ♠7], Bot cards:[♥3, ♣J]
Player points: [11, 11], Bot points:[13, 13]
----- Double Bet! -----
Player get one more card ♣7
Bot get one more card ♣Q
Player point: 18, Bot point: 23
Player win! Money: 1029.0
========================
Round #559
Player cards: [♠T, ♥Q], Bot cards:[♠3, ♠7]
Player points: [20, 20], Bot points:[10, 10]
Bot get one more card ♥T
Player point: 20, Bot point: 20
Draw! Money:1028.0
========================
Round #560
Player cards: [♠4, ♥7], Bot cards:[♠4, ♠J]
Player points: [11, 11], Bot points:[14, 14]
----- Double Bet! -----
Player get one more card ♦4
Bot get one more card ♠T
Player point: 15, Bot point: 24
Player win! Money: 1067.0
========================
Round #561
Player cards: [♦8, ♠A], Bot cards:[♠8, ♠9]
Player points: [9, 19], Bot points:[17, 17]
Player point: 19, Bot point: 17
Player win! Money: 1086.0
========================
Round #562
Player cards: [♠3, ♦T], Bot cards:[♦2, ♦3]
Player points: [13, 13], Bot points:[5, 5]
Bot get one more card ♦7
Bot get one more card ♦T
Player point: 13, Bot point: 22
Player win! Money: 1105.0
========================
Round #563
Player cards: [♦5, ♠K], Bot cards:[♦T, ♥T]
Player points: [15, 15], Bot points:[20, 20]
Player get one more card ♦2
Player point: 17, Bot point: 20
Player lose! Money: 1084.0
========================
Round #564
Player cards: [♠2, ♦A], Bot cards:[♣9, ♦K]
Player points: [3, 13], Bot points:[19, 19]
Player get one more card ♠J
Player get one more card ♥2
Player get one more card ♠9
Player point: 24, Bot point: 19
Player lose! Money: 1063.0
========================
Round #565
Player cards: [♠8, ♥8], Bot cards:[♦9, ♦A]
Player points: [16, 16], Bot points:[10, 20]
-------- Split! Two hands: [15, 15], [13, 13]
Player get one more card ♥8
For second hand:
Player get one more card ♥T
Bot get one more card ♣A
Bot get one more card ♠9
Player point: 23, Bot point: 20
Player lose! Money: 1042.0
========================
Player point: 23, Bot point: 20
Player lose! Money: 1022.0
========================
Round #566
Player cards: [♣9, ♦J], Bot cards:[♥9, ♥K]
Player points: [19, 19], Bot points:[19, 19]
Player point: 19, Bot point: 19
Draw! Money:1021.0
========================
Round #567
Player cards: [♥5, ♣9], Bot cards:[♥3, ♥J]
Player points: [14, 14], Bot points:[13, 13]
Bot get one more card ♦J
Player point: 14, Bot point: 23
Player win! Money: 1040.0
========================
Round #568
Player cards: [♣9, ♣T], Bot cards:[♠7, ♠K]
Player points: [19, 19], Bot points:[17, 17]
Player point: 19, Bot point: 17
Player win! Money: 1059.0
========================
Round #569
Player cards: [♥7, ♥A], Bot cards:[♣2, ♥2]
Player points: [8, 18], Bot points:[4, 4]
Bot get one more card ♦4
Bot get one more card ♦6
Bot get one more card ♠5
Player point: 18, Bot point: 19
Player lose! Money: 1038.0
========================
Round #570
Player cards: [♥5, ♦7], Bot cards:[♥6, ♦Q]
Player points: [12, 12], Bot points:[16, 16]
Bot get one more card ♣J
Player point: 12, Bot point: 26
Player win! Money: 1057.0
========================
Round #571
Player cards: [♦4, ♣5], Bot cards:[♦9, ♦K]
Player points: [9, 9], Bot points:[19, 19]
Player get one more card ♠A
Player point: 20, Bot point: 19
Player win! Money: 1076.0
========================
Round #572
Player cards: [♣2, ♦5], Bot cards:[♣2, ♥7]
Player points: [7, 7], Bot points:[9, 9]
Player get one more card ♥9
Bot get one more card ♥J
Player point: 16, Bot point: 19
Player lose! Money: 1055.0
========================
Round #573
Player cards: [♥6, ♥J], Bot cards:[♣2, ♥9]
Player points: [16, 16], Bot points:[11, 11]
Bot get one more card ♠5
Bot get one more card ♥4
Player point: 16, Bot point: 20
Player lose! Money: 1034.0
========================
Round #574
Player cards: [♦8, ♥J], Bot cards:[♥3, ♣8]
Player points: [18, 18], Bot points:[11, 11]
Bot get one more card ♣4
Bot get one more card ♣6
Player point: 18, Bot point: 21
Player lose! Money: 1013.0
========================
Round #575
Player cards: [♣4, ♣Q], Bot cards:[♦6, ♠T]
Player points: [14, 14], Bot points:[16, 16]
Bot get one more card ♣T
Player point: 14, Bot point: 26
Player win! Money: 1032.0
========================
Round #576
Player cards: [♠4, ♣5], Bot cards:[♦6, ♠8]
Player points: [9, 9], Bot points:[14, 14]
----- Double Bet! -----
Player get one more card ♣3
Bot get one more card ♥7
Player point: 12, Bot point: 21
Player lose! Money: 991.0
========================
Round #577
Player cards: [♣5, ♠A], Bot cards:[♠4, ♠K]
Player points: [6, 16], Bot points:[14, 14]
Bot get one more card ♥Q
Player point: 16, Bot point: 24
Player win! Money: 1010.0
========================
Round #578
Player cards: [♣7, ♠8], Bot cards:[♥3, ♣3]
Player points: [15, 15], Bot points:[6, 6]
Bot get one more card ♣Q
Bot get one more card ♠3
Player point: 15, Bot point: 19
Player lose! Money: 989.0
========================
Round #579
Player cards: [♣6, ♦9], Bot cards:[♥9, ♦Q]
Player points: [15, 15], Bot points:[19, 19]
Player get one more card ♠Q
Player point: 25, Bot point: 19
Player lose! Money: 968.0
========================
Round #580
Player cards: [♦3, ♥8], Bot cards:[♠2, ♠6]
Player points: [11, 11], Bot points:[8, 8]
----- Double Bet! -----
Player get one more card ♠5
Bot get one more card ♦T
Player point: 16, Bot point: 18
Player lose! Money: 927.0
========================
Round #581
Player cards: [♦3, ♠Q], Bot cards:[♣4, ♦J]
Player points: [13, 13], Bot points:[14, 14]
Bot get one more card ♠2
Bot get one more card ♠A
Player point: 13, Bot point: 17
Player lose! Money: 906.0
========================
Round #582
Player cards: [♥Q, ♦K], Bot cards:[♣T, ♦J]
Player points: [20, 20], Bot points:[20, 20]
Player point: 20, Bot point: 20
Draw! Money:905.0
========================
Round #583
Player cards: [♥5, ♣8], Bot cards:[♣6, ♣A]
Player points: [13, 13], Bot points:[7, 17]
Bot get one more card ♦5
Bot get one more card ♦A
Bot get one more card ♦8
Player point: 13, Bot point: 21
Player lose! Money: 884.0
========================
Round #584
Player cards: [♦6, ♦Q], Bot cards:[♠Q, ♥K]
Player points: [16, 16], Bot points:[20, 20]
Player get one more card ♥2
Player point: 18, Bot point: 20
Player lose! Money: 863.0
========================
Round #585
Player cards: [♣3, ♦T], Bot cards:[♠6, ♥T]
Player points: [13, 13], Bot points:[16, 16]
Bot get one more card ♦7
Player point: 13, Bot point: 23
Player win! Money: 882.0
========================
Round #586
New deck
Player cards: [♥T, ♥K], Bot cards:[♦2, ♥3]
Player points: [20, 20], Bot points:[5, 5]
Bot get one more card ♣2
Bot get one more card ♠7
Bot get one more card ♦2
Bot get one more card ♣4
Player point: 20, Bot point: 20
Draw! Money:881.0
========================
Round #587
Player cards: [♦3, ♥3], Bot cards:[♥3, ♠9]
Player points: [6, 6], Bot points:[12, 12]
Player get one more card ♣K
Bot get one more card ♠T
Player point: 16, Bot point: 22
Player win! Money: 900.0
========================
Round #588
Player cards: [♣Q, ♥Q], Bot cards:[♠3, ♦K]
Player points: [20, 20], Bot points:[13, 13]
Bot get one more card ♦A
Bot get one more card ♥7
Player point: 20, Bot point: 21
Player lose! Money: 879.0
========================
Round #589
Player cards: [♦7, ♥Q], Bot cards:[♥6, ♦Q]
Player points: [17, 17], Bot points:[16, 16]
Bot get one more card ♥T
Player point: 17, Bot point: 26
Player win! Money: 898.0
========================
Round #590
Player cards: [♠2, ♥9], Bot cards:[♣J, ♦J]
Player points: [11, 11], Bot points:[20, 20]
----- Double Bet! -----
Player get one more card ♠7
Player point: 18, Bot point: 20
Player lose! Money: 857.0
========================
Round #591
Player cards: [♦Q, ♣K], Bot cards:[♠5, ♥K]
Player points: [20, 20], Bot points:[15, 15]
Bot get one more card ♣7
Player point: 20, Bot point: 22
Player win! Money: 876.0
========================
Round #592
Player cards: [♥4, ♦Q], Bot cards:[♣J, ♥A]
Player points: [14, 14], Bot points:[11, 21]
Player get one more card ♥A
Player get one more card ♣4
Bot get one more card ♣7
Player point: 19, Bot point: 18
Player win! Money: 895.0
========================
Round #593
Player cards: [♠4, ♦A], Bot cards:[♦5, ♣J]
Player points: [5, 15], Bot points:[15, 15]
Bot get one more card ♠2
Player point: 15, Bot point: 17
Player lose! Money: 874.0
========================
Round #594
Player cards: [♥5, ♦T], Bot cards:[♣3, ♠9]
Player points: [15, 15], Bot points:[12, 12]
Bot get one more card ♥K
Player point: 15, Bot point: 22
Player win! Money: 893.0
========================
Round #595
Player cards: [♠Q, ♣K], Bot cards:[♣7, ♥7]
Player points: [20, 20], Bot points:[14, 14]
Bot get one more card ♦8
Player point: 20, Bot point: 22
Player win! Money: 912.0
========================
Round #596
Player cards: [♣3, ♦8], Bot cards:[♥2, ♦K]
Player points: [11, 11], Bot points:[12, 12]
----- Double Bet! -----
Player get one more card ♠5
Bot get one more card ♣4
Bot get one more card ♥8
Player point: 16, Bot point: 24
Player win! Money: 951.0
========================
Round #597
Player cards: [♠J, ♠Q], Bot cards:[♠4, ♦T]
Player points: [20, 20], Bot points:[14, 14]
Bot get one more card ♦3
Player point: 20, Bot point: 17
Player win! Money: 970.0
========================
Round #598
Player cards: [♥Q, ♣Q], Bot cards:[♦7, ♥9]
Player points: [20, 20], Bot points:[16, 16]
Bot get one more card ♠6
Player point: 20, Bot point: 22
Player win! Money: 989.0
========================
Round #599
Player cards: [♦T, ♦A], Bot cards:[♦4, ♦J]
Player points: [11, 21], Bot points:[14, 14]
Bot get one more card ♦6
Player point: 21, Bot point: 20
------ BlackJack!! ------
Player win! Money: 1012.0
========================
Round #600
Player cards: [♥5, ♦6], Bot cards:[♣2, ♠4]
Player points: [11, 11], Bot points:[6, 6]
----- Double Bet! -----
Player get one more card ♣J
Bot get one more card ♠K
Bot get one more card ♦Q
Player point: 21, Bot point: 26
Player win! Money: 1051.0
========================
Round #601
Player cards: [♥3, ♣6], Bot cards:[♠3, ♥6]
Player points: [9, 9], Bot points:[9, 9]
----- Double Bet! -----
Player get one more card ♥7
Bot get one more card ♦6
Bot get one more card ♠K
Player point: 16, Bot point: 25
Player win! Money: 1090.0
========================
Round #602
Player cards: [♠8, ♣Q], Bot cards:[♥8, ♥K]
Player points: [18, 18], Bot points:[18, 18]
Player point: 18, Bot point: 18
Draw! Money:1089.0
========================
Round #603
Player cards: [♠J, ♠A], Bot cards:[♦6, ♣A]
Player points: [11, 21], Bot points:[7, 17]
Bot get one more card ♠A
Bot get one more card ♦T
Player point: 21, Bot point: 18
------ BlackJack!! ------
Player win! Money: 1112.0
========================
Round #604
Player cards: [♥8, ♠T], Bot cards:[♥4, ♦9]
Player points: [18, 18], Bot points:[13, 13]
Bot get one more card ♠9
Player point: 18, Bot point: 22
Player win! Money: 1131.0
========================
Round #605
Player cards: [♦2, ♥6], Bot cards:[♥4, ♦8]
Player points: [8, 8], Bot points:[12, 12]
Player get one more card ♣T
Bot get one more card ♠5
Player point: 18, Bot point: 17
Player win! Money: 1150.0
========================
Round #606
Player cards: [♣6, ♣9], Bot cards:[♥J, ♣K]
Player points: [15, 15], Bot points:[20, 20]
Player get one more card ♠T
Player point: 25, Bot point: 20
Player lose! Money: 1129.0
========================
Round #607
Player cards: [♠4, ♦A], Bot cards:[♦9, ♥A]
Player points: [5, 15], Bot points:[10, 20]
Player get one more card ♣9
Player get one more card ♦4
Bot get one more card ♠9
Player point: 18, Bot point: 19
Player lose! Money: 1108.0
========================
Round #608
Player cards: [♠2, ♥2], Bot cards:[♣4, ♣5]
Player points: [4, 4], Bot points:[9, 9]
-------- Split! Two hands: [7, 7], [5, 5]
Player get one more card ♥Q
For second hand:
Player get one more card ♣3
Player get one more card ♠A
Bot get one more card ♥6
Bot get one more card ♥5
Player point: 17, Bot point: 20
Player lose! Money: 1087.0
========================
Player point: 19, Bot point: 20
Player lose! Money: 1067.0
========================
Round #609
Player cards: [♣5, ♣A], Bot cards:[♦7, ♥9]
Player points: [6, 16], Bot points:[16, 16]
Player get one more card ♣T
Player get one more card ♦9
Bot get one more card ♥J
Player point: 25, Bot point: 26
Player lose! Money: 1046.0
========================
Round #610
Player cards: [♦5, ♥J], Bot cards:[♣5, ♥6]
Player points: [15, 15], Bot points:[11, 11]
Bot get one more card ♣A
Bot get one more card ♥4
Bot get one more card ♦9
Player point: 15, Bot point: 25
Player win! Money: 1065.0
========================
Round #611
Player cards: [♣8, ♦Q], Bot cards:[♦3, ♥8]
Player points: [18, 18], Bot points:[11, 11]
Bot get one more card ♦5
Bot get one more card ♠6
Player point: 18, Bot point: 22
Player win! Money: 1084.0
========================
Round #612
Player cards: [♠7, ♣8], Bot cards:[♠8, ♠J]
Player points: [15, 15], Bot points:[18, 18]
Player get one more card ♠5
Player point: 20, Bot point: 18
Player win! Money: 1103.0
========================
Round #613
Player cards: [♠8, ♠9], Bot cards:[♣2, ♥6]
Player points: [17, 17], Bot points:[8, 8]
Bot get one more card ♣T
Player point: 17, Bot point: 18
Player lose! Money: 1082.0
========================
Round #614
Player cards: [♦2, ♠8], Bot cards:[♥5, ♠6]
Player points: [10, 10], Bot points:[11, 11]
----- Double Bet! -----
Player get one more card ♥4
Bot get one more card ♣A
Bot get one more card ♦7
Player point: 14, Bot point: 19
Player lose! Money: 1041.0
========================
Round #615
Player cards: [♠T, ♣T], Bot cards:[♦8, ♥J]
Player points: [20, 20], Bot points:[18, 18]
Player point: 20, Bot point: 18
Player win! Money: 1060.0
========================
Round #616
Player cards: [♠J, ♠K], Bot cards:[♦4, ♥T]
Player points: [20, 20], Bot points:[14, 14]
Bot get one more card ♥7
Player point: 20, Bot point: 21
Player lose! Money: 1039.0
========================
Round #617
Player cards: [♣8, ♣Q], Bot cards:[♦5, ♠K]
Player points: [18, 18], Bot points:[15, 15]
Bot get one more card ♣7
Player point: 18, Bot point: 22
Player win! Money: 1058.0
========================
Round #618
Player cards: [♣9, ♥T], Bot cards:[♣3, ♦4]
Player points: [19, 19], Bot points:[7, 7]
Bot get one more card ♥2
Bot get one more card ♥A
Bot get one more card ♠2
Bot get one more card ♦3
Bot get one more card ♦K
Player point: 19, Bot point: 25
Player win! Money: 1077.0
========================
Round #619
Player cards: [♠3, ♣K], Bot cards:[♠7, ♠A]
Player points: [13, 13], Bot points:[8, 18]
Player get one more card ♣9
Bot get one more card ♥2
Bot get one more card ♦J
Player point: 22, Bot point: 20
Player lose! Money: 1056.0
========================
Round #620
Player cards: [♠6, ♠Q], Bot cards:[♣8, ♦J]
Player points: [16, 16], Bot points:[18, 18]
Player get one more card ♣2
Player point: 18, Bot point: 18
Draw! Money:1055.0
========================
Round #621
New deck
Player cards: [♦K, ♣K], Bot cards:[♥4, ♥A]
Player points: [20, 20], Bot points:[5, 15]
Bot get one more card ♣8
Bot get one more card ♦2
Bot get one more card ♣Q
Player point: 20, Bot point: 25
Player win! Money: 1074.0
========================
Round #622
Player cards: [♦9, ♦K], Bot cards:[♥4, ♦9]
Player points: [19, 19], Bot points:[13, 13]
Bot get one more card ♠Q
Player point: 19, Bot point: 23
Player win! Money: 1093.0
========================
Round #623
Player cards: [♥3, ♦5], Bot cards:[♣3, ♦8]
Player points: [8, 8], Bot points:[11, 11]
Player get one more card ♥5
Bot get one more card ♦T
Player point: 13, Bot point: 21
Player lose! Money: 1072.0
========================
Round #624
Player cards: [♣J, ♣Q], Bot cards:[♣7, ♦J]
Player points: [20, 20], Bot points:[17, 17]
Player point: 20, Bot point: 17
Player win! Money: 1091.0
========================
Round #625
Player cards: [♥9, ♠9], Bot cards:[♦3, ♦J]
Player points: [18, 18], Bot points:[13, 13]
-------- Split! Two hands: [18, 18], [16, 16]
For second hand:
Bot get one more card ♣K
Player point: 18, Bot point: 23
Player win! Money: 1110.0
========================
Player point: 16, Bot point: 23
Player win! Money: 1130.0
========================
Round #626
Player cards: [♦5, ♥J], Bot cards:[♣3, ♦4]
Player points: [15, 15], Bot points:[7, 7]
Bot get one more card ♥9
Bot get one more card ♥8
Player point: 15, Bot point: 24
Player win! Money: 1149.0
========================
Round #627
Player cards: [♠8, ♠Q], Bot cards:[♦5, ♥J]
Player points: [18, 18], Bot points:[15, 15]
Bot get one more card ♣6
Player point: 18, Bot point: 21
Player lose! Money: 1128.0
========================
Round #628
Player cards: [♣5, ♣J], Bot cards:[♦2, ♦K]
Player points: [15, 15], Bot points:[12, 12]
Bot get one more card ♦A
Bot get one more card ♠T
Player point: 15, Bot point: 23
Player win! Money: 1147.0
========================
Round #629
Player cards: [♠2, ♠6], Bot cards:[♦9, ♥T]
Player points: [8, 8], Bot points:[19, 19]
Player get one more card ♣2
Player get one more card ♠J
Player point: 20, Bot point: 19
Player win! Money: 1166.0
========================
Round #630
Player cards: [♥8, ♦T], Bot cards:[♥6, ♥9]
Player points: [18, 18], Bot points:[15, 15]
Bot get one more card ♣4
Player point: 18, Bot point: 19
Player lose! Money: 1145.0
========================
Round #631
Player cards: [♠7, ♦Q], Bot cards:[♣T, ♣T]
Player points: [17, 17], Bot points:[20, 20]
Player point: 17, Bot point: 20
Player lose! Money: 1124.0
========================
Round #632
Player cards: [♦6, ♣8], Bot cards:[♣5, ♣8]
Player points: [14, 14], Bot points:[13, 13]
Bot get one more card ♦7
Player point: 14, Bot point: 20
Player lose! Money: 1103.0
========================
Round #633
Player cards: [♦4, ♠6], Bot cards:[♥Q, ♠A]
Player points: [10, 10], Bot points:[11, 21]
Player get one more card ♠4
Player get one more card ♣4
Bot get one more card ♥4
Bot get one more card ♥A
Bot get one more card ♠Q
Player point: 18, Bot point: 26
Player win! Money: 1122.0
========================
Round #634
Player cards: [♥5, ♦K], Bot cards:[♦4, ♥J]
Player points: [15, 15], Bot points:[14, 14]
Bot get one more card ♣9
Player point: 15, Bot point: 23
Player win! Money: 1141.0
========================
Round #635
Player cards: [♣9, ♦J], Bot cards:[♥T, ♣T]
Player points: [19, 19], Bot points:[20, 20]
Player point: 19, Bot point: 20
Player lose! Money: 1120.0
========================
Round #636
Player cards: [♠3, ♦9], Bot cards:[♣5, ♣8]
Player points: [12, 12], Bot points:[13, 13]
Bot get one more card ♥K
Player point: 12, Bot point: 23
Player win! Money: 1139.0
========================
Round #637
Player cards: [♠7, ♣A], Bot cards:[♠5, ♥8]
Player points: [8, 18], Bot points:[13, 13]
Bot get one more card ♥3
Bot get one more card ♥6
Player point: 18, Bot point: 22
Player win! Money: 1158.0
========================
Round #638
Player cards: [♠5, ♦T], Bot cards:[♠2, ♠8]
Player points: [15, 15], Bot points:[10, 10]
Bot get one more card ♥6
Bot get one more card ♠K
Player point: 15, Bot point: 26
Player win! Money: 1177.0
========================
Round #639
Player cards: [♥5, ♦8], Bot cards:[♣2, ♠J]
Player points: [13, 13], Bot points:[12, 12]
Bot get one more card ♦7
Player point: 13, Bot point: 19
Player lose! Money: 1156.0
========================
Round #640
Player cards: [♥7, ♥Q], Bot cards:[♥7, ♠K]
Player points: [17, 17], Bot points:[17, 17]
Player point: 17, Bot point: 17
Draw! Money:1155.0
========================
Round #641
Player cards: [♣3, ♠6], Bot cards:[♥2, ♠K]
Player points: [9, 9], Bot points:[12, 12]
Player get one more card ♠A
Bot get one more card ♥K
Player point: 20, Bot point: 22
Player win! Money: 1174.0
========================
Round #642
Player cards: [♠2, ♥6], Bot cards:[♥2, ♣5]
Player points: [8, 8], Bot points:[7, 7]
Player get one more card ♠4
Player get one more card ♠T
Bot get one more card ♠3
Bot get one more card ♥A
Bot get one more card ♣7
Player point: 22, Bot point: 18
Player lose! Money: 1153.0
========================
Round #643
Player cards: [♦2, ♦T], Bot cards:[♥9, ♣A]
Player points: [12, 12], Bot points:[10, 20]
Player get one more card ♣3
Player get one more card ♠Q
Bot get one more card ♣2
Bot get one more card ♥7
Player point: 25, Bot point: 19
Player lose! Money: 1132.0
========================
Round #644
Player cards: [♠J, ♦Q], Bot cards:[♥2, ♠2]
Player points: [20, 20], Bot points:[4, 4]
Bot get one more card ♠7
Bot get one more card ♣7
Player point: 20, Bot point: 18
Player win! Money: 1151.0
========================
Round #645
Player cards: [♠8, ♦Q], Bot cards:[♦8, ♥Q]
Player points: [18, 18], Bot points:[18, 18]
Player point: 18, Bot point: 18
Draw! Money:1150.0
========================
Round #646
Player cards: [♠2, ♦6], Bot cards:[♥3, ♣K]
Player points: [8, 8], Bot points:[13, 13]
Player get one more card ♣A
Bot get one more card ♦3
Bot get one more card ♥7
Player point: 19, Bot point: 23
Player win! Money: 1169.0
========================
Round #647
Player cards: [♣9, ♣K], Bot cards:[♣6, ♦A]
Player points: [19, 19], Bot points:[7, 17]
Bot get one more card ♦A
Bot get one more card ♠9
Player point: 19, Bot point: 17
Player win! Money: 1188.0
========================
Round #648
Player cards: [♠5, ♦J], Bot cards:[♦6, ♦8]
Player points: [15, 15], Bot points:[14, 14]
Bot get one more card ♠3
Player point: 15, Bot point: 17
Player lose! Money: 1167.0
========================
Round #649
Player cards: [♦3, ♠4], Bot cards:[♦6, ♦7]
Player points: [7, 7], Bot points:[13, 13]
Player get one more card ♠Q
Bot get one more card ♣9
Player point: 17, Bot point: 22
Player win! Money: 1186.0
========================
Round #650
Player cards: [♣6, ♠9], Bot cards:[♥4, ♦K]
Player points: [15, 15], Bot points:[14, 14]
Bot get one more card ♥Q
Player point: 15, Bot point: 24
Player win! Money: 1205.0
========================
Round #651
Player cards: [♠T, ♦Q], Bot cards:[♥K, ♦A]
Player points: [20, 20], Bot points:[11, 21]
Bot get one more card ♥2
Bot get one more card ♣6
Player point: 20, Bot point: 19
Player win! Money: 1224.0
========================
Round #652
Player cards: [♠T, ♣J], Bot cards:[♣4, ♣A]
Player points: [20, 20], Bot points:[5, 15]
Bot get one more card ♠9
Bot get one more card ♠A
Bot get one more card ♦3
Player point: 20, Bot point: 18
Player win! Money: 1243.0
========================
Round #653
Player cards: [♣2, ♣Q], Bot cards:[♣7, ♥T]
Player points: [12, 12], Bot points:[17, 17]
Player get one more card ♥8
Player point: 20, Bot point: 17
Player win! Money: 1262.0
========================
Round #654
Player cards: [♣4, ♥T], Bot cards:[♦4, ♥J]
Player points: [14, 14], Bot points:[14, 14]
Bot get one more card ♠K
Player point: 14, Bot point: 24
Player win! Money: 1281.0
========================
Round #655
Player cards: [♥3, ♣J], Bot cards:[♠6, ♠8]
Player points: [13, 13], Bot points:[14, 14]
Bot get one more card ♣6
Player point: 13, Bot point: 20
Player lose! Money: 1260.0
========================
Round #656
Player cards: [♣Q, ♠A], Bot cards:[♠5, ♣6]
Player points: [11, 21], Bot points:[11, 11]
Bot get one more card ♦2
Bot get one more card ♠J
Player point: 21, Bot point: 23
------ BlackJack!! ------
Player win! Money: 1283.0
========================
Round #657
New deck
Player cards: [♣T, ♣A], Bot cards:[♠4, ♥7]
Player points: [11, 21], Bot points:[11, 11]
Bot get one more card ♣6
Player point: 21, Bot point: 17
------ BlackJack!! ------
Player win! Money: 1306.0
========================
Round #658
Player cards: [♣2, ♠T], Bot cards:[♣4, ♠K]
Player points: [12, 12], Bot points:[14, 14]
Bot get one more card ♥9
Player point: 12, Bot point: 23
Player win! Money: 1325.0
========================
Round #659
Player cards: [♠J, ♥Q], Bot cards:[♥9, ♣J]
Player points: [20, 20], Bot points:[19, 19]
Player point: 20, Bot point: 19
Player win! Money: 1344.0
========================
Round #660
Player cards: [♣7, ♥T], Bot cards:[♠2, ♣7]
Player points: [17, 17], Bot points:[9, 9]
Bot get one more card ♦T
Player point: 17, Bot point: 19
Player lose! Money: 1323.0
========================
Round #661
Player cards: [♠3, ♥5], Bot cards:[♠2, ♣K]
Player points: [8, 8], Bot points:[12, 12]
Player get one more card ♦9
Bot get one more card ♥Q
Player point: 17, Bot point: 22
Player win! Money: 1342.0
========================
Round #662
Player cards: [♦6, ♥7], Bot cards:[♥2, ♦6]
Player points: [13, 13], Bot points:[8, 8]
Bot get one more card ♥K
Player point: 13, Bot point: 18
Player lose! Money: 1321.0
========================
Round #663
Player cards: [♥7, ♦8], Bot cards:[♥4, ♥J]
Player points: [15, 15], Bot points:[14, 14]
Bot get one more card ♠A
Bot get one more card ♥T
Player point: 15, Bot point: 25
Player win! Money: 1340.0
========================
Round #664
Player cards: [♣4, ♥K], Bot cards:[♥4, ♠6]
Player points: [14, 14], Bot points:[10, 10]
Bot get one more card ♥6
Bot get one more card ♥A
Player point: 14, Bot point: 17
Player lose! Money: 1319.0
========================
Round #665
Player cards: [♥8, ♠K], Bot cards:[♣3, ♦K]
Player points: [18, 18], Bot points:[13, 13]
Bot get one more card ♣8
Player point: 18, Bot point: 21
Player lose! Money: 1298.0
========================
Round #666
Player cards: [♣2, ♦2], Bot cards:[♥2, ♣9]
Player points: [4, 4], Bot points:[11, 11]
Player get one more card ♠4
Player get one more card ♠6
Bot get one more card ♦A
Bot get one more card ♣J
Player point: 14, Bot point: 22
Player win! Money: 1317.0
========================
Round #667
Player cards: [♣K, ♥A], Bot cards:[♦2, ♣J]
Player points: [11, 21], Bot points:[12, 12]
Bot get one more card ♦9
Player point: 21, Bot point: 21
Player lose! Money: 1296.0
========================
Round #668
Player cards: [♠8, ♦Q], Bot cards:[♦5, ♠J]
Player points: [18, 18], Bot points:[15, 15]
Bot get one more card ♥8
Player point: 18, Bot point: 23
Player win! Money: 1315.0
========================
Round #669
Player cards: [♦3, ♥9], Bot cards:[♥K, ♠A]
Player points: [12, 12], Bot points:[11, 21]
Player get one more card ♠J
Bot get one more card ♦8
Player point: 22, Bot point: 19
Player lose! Money: 1294.0
========================
Round #670
Player cards: [♠5, ♠6], Bot cards:[♦2, ♥3]
Player points: [11, 11], Bot points:[5, 5]
----- Double Bet! -----
Player get one more card ♣T
Bot get one more card ♠3
Bot get one more card ♦T
Player point: 21, Bot point: 18
Player win! Money: 1333.0
========================
Round #671
Player cards: [♥2, ♠A], Bot cards:[♦4, ♣5]
Player points: [3, 13], Bot points:[9, 9]
Bot get one more card ♦4
Bot get one more card ♣J
Player point: 13, Bot point: 23
Player win! Money: 1352.0
========================
Round #672
Player cards: [♠2, ♣8], Bot cards:[♦T, ♠Q]
Player points: [10, 10], Bot points:[20, 20]
Player get one more card ♦7
Player point: 17, Bot point: 20
Player lose! Money: 1331.0
========================
Round #673
Player cards: [♥4, ♥A], Bot cards:[♣K, ♥A]
Player points: [5, 15], Bot points:[11, 21]
Player get one more card ♦3
Bot get one more card ♣K
Player point: 18, Bot point: 21
Player lose! Money: 1310.0
========================
Round #674
Player cards: [♠9, ♣T], Bot cards:[♥2, ♣Q]
Player points: [19, 19], Bot points:[12, 12]
Bot get one more card ♣3
Bot get one more card ♥J
Player point: 19, Bot point: 25
Player win! Money: 1329.0
========================
Round #675
Player cards: [♣T, ♣Q], Bot cards:[♦2, ♣4]
Player points: [20, 20], Bot points:[6, 6]
Bot get one more card ♠K
Bot get one more card ♥4
Player point: 20, Bot point: 20
Draw! Money:1328.0
========================
Round #676
Player cards: [♦4, ♥J], Bot cards:[♣6, ♣A]
Player points: [14, 14], Bot points:[7, 17]
Bot get one more card ♣2
Bot get one more card ♣5
Bot get one more card ♠7
Player point: 14, Bot point: 21
Player lose! Money: 1307.0
========================
Round #677
Player cards: [♦7, ♦T], Bot cards:[♠6, ♦Q]
Player points: [17, 17], Bot points:[16, 16]
Bot get one more card ♦9
Player point: 17, Bot point: 25
Player win! Money: 1326.0
========================
Round #678
Player cards: [♣7, ♠9], Bot cards:[♠3, ♠4]
Player points: [16, 16], Bot points:[7, 7]
Bot get one more card ♦A
Bot get one more card ♥Q
Player point: 16, Bot point: 18
Player lose! Money: 1305.0
========================
Round #679
Player cards: [♣5, ♣Q], Bot cards:[♣Q, ♣A]
Player points: [15, 15], Bot points:[11, 21]
Player get one more card ♦4
Bot get one more card ♦6
Player point: 19, Bot point: 17
Player win! Money: 1324.0
========================
Round #680
Player cards: [♥Q, ♦K], Bot cards:[♠J, ♥K]
Player points: [20, 20], Bot points:[20, 20]
Player point: 20, Bot point: 20
Draw! Money:1323.0
========================
Round #681
Player cards: [♦5, ♠T], Bot cards:[♣3, ♦J]
Player points: [15, 15], Bot points:[13, 13]
Bot get one more card ♥5
Player point: 15, Bot point: 18
Player lose! Money: 1302.0
========================
Round #682
Player cards: [♠7, ♦J], Bot cards:[♥3, ♦Q]
Player points: [17, 17], Bot points:[13, 13]
Bot get one more card ♥9
Player point: 17, Bot point: 22
Player win! Money: 1321.0
========================
Round #683
Player cards: [♥A, ♠A], Bot cards:[♠4, ♠Q]
Player points: [2, 12], Bot points:[14, 14]
-------- Split! Two hands: [9, 19], [9, 19]
For second hand:
Bot get one more card ♠Q
Player point: 19, Bot point: 24
Player win! Money: 1340.0
========================
Player point: 19, Bot point: 24
Player win! Money: 1360.0
========================
Round #684
Player cards: [♥5, ♥K], Bot cards:[♣4, ♦5]
Player points: [15, 15], Bot points:[9, 9]
Bot get one more card ♦9
Player point: 15, Bot point: 18
Player lose! Money: 1339.0
========================
Round #685
Player cards: [♦7, ♥T], Bot cards:[♥5, ♦Q]
Player points: [17, 17], Bot points:[15, 15]
Bot get one more card ♦K
Player point: 17, Bot point: 25
Player win! Money: 1358.0
========================
Round #686
Player cards: [♦7, ♦8], Bot cards:[♠2, ♠Q]
Player points: [15, 15], Bot points:[12, 12]
Bot get one more card ♦3
Bot get one more card ♦5
Player point: 15, Bot point: 20
Player lose! Money: 1337.0
========================
Round #687
Player cards: [♠4, ♥6], Bot cards:[♠5, ♦8]
Player points: [10, 10], Bot points:[13, 13]
----- Double Bet! -----
Player get one more card ♣8
Bot get one more card ♣9
Player point: 18, Bot point: 22
Player win! Money: 1376.0
========================
Round #688
Player cards: [♣5, ♦J], Bot cards:[♦3, ♦A]
Player points: [15, 15], Bot points:[4, 14]
Bot get one more card ♠9
Bot get one more card ♣3
Bot get one more card ♣2
Player point: 15, Bot point: 18
Player lose! Money: 1355.0
========================
Round #689
Player cards: [♠T, ♠K], Bot cards:[♠3, ♥8]
Player points: [20, 20], Bot points:[11, 11]
Bot get one more card ♦A
Bot get one more card ♠3
Bot get one more card ♦7
Player point: 20, Bot point: 22
Player win! Money: 1374.0
========================
Round #690
Player cards: [♥6, ♣7], Bot cards:[♦J, ♦K]
Player points: [13, 13], Bot points:[20, 20]
Player get one more card ♦6
Player point: 19, Bot point: 20
Player lose! Money: 1353.0
========================
Round #691
Player cards: [♠8, ♠T], Bot cards:[♥3, ♦5]
Player points: [18, 18], Bot points:[8, 8]
Bot get one more card ♠7
Bot get one more card ♠8
Player point: 18, Bot point: 23
Player win! Money: 1372.0
========================
Round #692
Player cards: [♠7, ♠8], Bot cards:[♥5, ♠9]
Player points: [15, 15], Bot points:[14, 14]
Bot get one more card ♥3
Player point: 15, Bot point: 17
Player lose! Money: 1351.0
========================
Round #693
Player cards: [♣6, ♥7], Bot cards:[♣9, ♣A]
Player points: [13, 13], Bot points:[10, 20]
Player get one more card ♣9
Bot get one more card ♥T
Player point: 22, Bot point: 20
Player lose! Money: 1330.0
========================
Round #694
New deck
Player cards: [♥4, ♣6], Bot cards:[♦7, ♦Q]
Player points: [10, 10], Bot points:[17, 17]
----- Double Bet! -----
Player get one more card ♦T
Player point: 20, Bot point: 17
Player win! Money: 1369.0
========================
Round #695
Player cards: [♦2, ♣4], Bot cards:[♥3, ♥8]
Player points: [6, 6], Bot points:[11, 11]
Player get one more card ♦2
Player get one more card ♣5
Bot get one more card ♦K
Player point: 13, Bot point: 21
Player lose! Money: 1348.0
========================
Round #696
Player cards: [♠4, ♥9], Bot cards:[♥7, ♦K]
Player points: [13, 13], Bot points:[17, 17]
Player get one more card ♦A
Player get one more card ♣A
Player get one more card ♠T
Player point: 25, Bot point: 17
Player lose! Money: 1327.0
========================
Round #697
Player cards: [♣8, ♦J], Bot cards:[♣4, ♣Q]
Player points: [18, 18], Bot points:[14, 14]
Bot get one more card ♣3
Player point: 18, Bot point: 17
Player win! Money: 1346.0
========================
Round #698
Player cards: [♦6, ♠K], Bot cards:[♦9, ♣Q]
Player points: [16, 16], Bot points:[19, 19]
Player get one more card ♥6
Player point: 22, Bot point: 19
Player lose! Money: 1325.0
========================
Round #699
Player cards: [♥4, ♠7], Bot cards:[♦3, ♥K]
Player points: [11, 11], Bot points:[13, 13]
----- Double Bet! -----
Player get one more card ♣K
Bot get one more card ♠5
Player point: 21, Bot point: 18
Player win! Money: 1364.0
========================
Round #700
Player cards: [♦9, ♠Q], Bot cards:[♦3, ♠T]
Player points: [19, 19], Bot points:[13, 13]
Bot get one more card ♦J
Player point: 19, Bot point: 23
Player win! Money: 1383.0
========================
Round #701
Player cards: [♣7, ♠K], Bot cards:[♣2, ♦K]
Player points: [17, 17], Bot points:[12, 12]
Bot get one more card ♣9
Player point: 17, Bot point: 21
Player lose! Money: 1362.0
========================
Round #702
Player cards: [♠J, ♣Q], Bot cards:[♣3, ♠9]
Player points: [20, 20], Bot points:[12, 12]
Bot get one more card ♣J
Player point: 20, Bot point: 22
Player win! Money: 1381.0
========================
Round #703
Player cards: [♠2, ♠7], Bot cards:[♣5, ♥T]
Player points: [9, 9], Bot points:[15, 15]
----- Double Bet! -----
Player get one more card ♦Q
Bot get one more card ♣T
Player point: 19, Bot point: 25
Player win! Money: 1420.0
========================
Round #704
Player cards: [♥4, ♥J], Bot cards:[♠T, ♦A]
Player points: [14, 14], Bot points:[11, 21]
Player get one more card ♠Q
Bot get one more card ♥J
Player point: 24, Bot point: 21
Player lose! Money: 1399.0
========================
Round #705
Player cards: [♦6, ♥J], Bot cards:[♣6, ♥8]
Player points: [16, 16], Bot points:[14, 14]
Bot get one more card ♦T
Player point: 16, Bot point: 24
Player win! Money: 1418.0
========================
Round #706
Player cards: [♠4, ♦A], Bot cards:[♥3, ♠9]
Player points: [5, 15], Bot points:[12, 12]
Bot get one more card ♣A
Bot get one more card ♣4
Player point: 15, Bot point: 17
Player lose! Money: 1397.0
========================
Round #707
Player cards: [♥K, ♠A], Bot cards:[♣7, ♣J]
Player points: [11, 21], Bot points:[17, 17]
Player point: 21, Bot point: 17
------ BlackJack!! ------
Player win! Money: 1420.0
========================
Round #708
Player cards: [♦T, ♠J], Bot cards:[♠K, ♥A]
Player points: [20, 20], Bot points:[11, 21]
Bot get one more card ♦6
Player point: 20, Bot point: 17
Player win! Money: 1439.0
========================
Round #709
Player cards: [♦5, ♣A], Bot cards:[♦3, ♣J]
Player points: [6, 16], Bot points:[13, 13]
Bot get one more card ♥2
Bot get one more card ♥A
Bot get one more card ♥Q
Player point: 16, Bot point: 26
Player win! Money: 1458.0
========================
Round #710
Player cards: [♥2, ♦5], Bot cards:[♥9, ♠A]
Player points: [7, 7], Bot points:[10, 20]
Player get one more card ♠7
Player get one more card ♥2
Player get one more card ♠J
Bot get one more card ♥K
Player point: 26, Bot point: 20
Player lose! Money: 1437.0
========================
Round #711
Player cards: [♠9, ♣T], Bot cards:[♦9, ♥T]
Player points: [19, 19], Bot points:[19, 19]
Player point: 19, Bot point: 19
Draw! Money:1436.0
========================
Round #712
Player cards: [♠3, ♥9], Bot cards:[♠5, ♣T]
Player points: [12, 12], Bot points:[15, 15]
Bot get one more card ♣9
Player point: 12, Bot point: 24
Player win! Money: 1455.0
========================
Round #713
Player cards: [♥J, ♣A], Bot cards:[♠2, ♠6]
Player points: [11, 21], Bot points:[8, 8]
Bot get one more card ♦K
Player point: 21, Bot point: 18
------ BlackJack!! ------
Player win! Money: 1478.0
========================
Round #714
Player cards: [♥5, ♥6], Bot cards:[♣5, ♣9]
Player points: [11, 11], Bot points:[14, 14]
----- Double Bet! -----
Player get one more card ♣6
Bot get one more card ♠Q
Player point: 17, Bot point: 24
Player win! Money: 1517.0
========================
Round #715
Player cards: [♦8, ♦Q], Bot cards:[♦3, ♥K]
Player points: [18, 18], Bot points:[13, 13]
Bot get one more card ♠6
Player point: 18, Bot point: 19
Player lose! Money: 1496.0
========================
Round #716
Player cards: [♣K, ♥A], Bot cards:[♦8, ♣K]
Player points: [11, 21], Bot points:[18, 18]
Player point: 21, Bot point: 18
------ BlackJack!! ------
Player win! Money: 1519.0
========================
Round #717
Player cards: [♠T, ♦A], Bot cards:[♦7, ♠A]
Player points: [11, 21], Bot points:[8, 18]
Bot get one more card ♠9
Player point: 21, Bot point: 17
------ BlackJack!! ------
Player win! Money: 1542.0
========================
Round #718
Player cards: [♣3, ♦Q], Bot cards:[♥6, ♥T]
Player points: [13, 13], Bot points:[16, 16]
Bot get one more card ♣6
Player point: 13, Bot point: 22
Player win! Money: 1561.0
========================
Round #719
Player cards: [♦6, ♠6], Bot cards:[♠2, ♣7]
Player points: [12, 12], Bot points:[9, 9]
-------- Split! Two hands: [10, 10], [8, 8]
----- Double Bet! -----
Player get one more card ♦8
For second hand:
Player get one more card ♠7
Bot get one more card ♠8
Player point: 18, Bot point: 17
Player win! Money: 1600.0
========================
Player point: 15, Bot point: 17
Player lose! Money: 1580.0
========================
Round #720
Player cards: [♥5, ♥8], Bot cards:[♠3, ♦J]
Player points: [13, 13], Bot points:[13, 13]
Bot get one more card ♥4
Player point: 13, Bot point: 17
Player lose! Money: 1559.0
========================
Round #721
Player cards: [♦5, ♥A], Bot cards:[♥3, ♥6]
Player points: [6, 16], Bot points:[9, 9]
Bot get one more card ♠8
Player point: 16, Bot point: 17
Player lose! Money: 1538.0
========================
Round #722
Player cards: [♦7, ♣K], Bot cards:[♥7, ♠Q]
Player points: [17, 17], Bot points:[17, 17]
Player point: 17, Bot point: 17
Draw! Money:1537.0
========================
Round #723
Player cards: [♥5, ♥Q], Bot cards:[♠4, ♣7]
Player points: [15, 15], Bot points:[11, 11]
Bot get one more card ♠3
Bot get one more card ♠5
Player point: 15, Bot point: 19
Player lose! Money: 1516.0
========================
Round #724
Player cards: [♣2, ♣T], Bot cards:[♣5, ♠6]
Player points: [12, 12], Bot points:[11, 11]
Bot get one more card ♠5
Bot get one more card ♠J
Player point: 12, Bot point: 26
Player win! Money: 1535.0
========================
Round #725
Player cards: [♦5, ♦7], Bot cards:[♣8, ♥J]
Player points: [12, 12], Bot points:[18, 18]
Player get one more card ♦8
Player point: 20, Bot point: 18
Player win! Money: 1554.0
========================
Round #726
Player cards: [♦2, ♣2], Bot cards:[♥6, ♠K]
Player points: [4, 4], Bot points:[16, 16]
-------- Split! Two hands: [6, 6], [12, 12]
Player get one more card ♥T
For second hand:
Bot get one more card ♥7
Player point: 16, Bot point: 23
Player win! Money: 1573.0
========================
Player point: 12, Bot point: 23
Player win! Money: 1593.0
========================
Round #727
Player cards: [♠3, ♣8], Bot cards:[♥3, ♣3]
Player points: [11, 11], Bot points:[6, 6]
----- Double Bet! -----
Player get one more card ♣9
Bot get one more card ♦9
Bot get one more card ♠5
Player point: 20, Bot point: 20
Draw! Money:1592.0
========================
Round #728
Player cards: [♣6, ♥9], Bot cards:[♦J, ♥Q]
Player points: [15, 15], Bot points:[20, 20]
Player get one more card ♥2
Player point: 17, Bot point: 20
Player lose! Money: 1571.0
========================
Round #729
Player cards: [♥5, ♣J], Bot cards:[♣4, ♣T]
Player points: [15, 15], Bot points:[14, 14]
Bot get one more card ♦4
Player point: 15, Bot point: 18
Player lose! Money: 1550.0
========================
Round #730
Player cards: [♠2, ♣8], Bot cards:[♠8, ♠8]
Player points: [10, 10], Bot points:[16, 16]
----- Double Bet! -----
Player get one more card ♠5
Bot get one more card ♦2
Player point: 15, Bot point: 18
Player lose! Money: 1509.0
========================
Round #731
New deck
Player cards: [♠5, ♣9], Bot cards:[♣6, ♦6]
Player points: [14, 14], Bot points:[12, 12]
Bot get one more card ♦3
Bot get one more card ♠J
Player point: 14, Bot point: 25
Player win! Money: 1528.0
========================
Round #732
Player cards: [♣4, ♠8], Bot cards:[♣2, ♠7]
Player points: [12, 12], Bot points:[9, 9]
Player get one more card ♣A
Bot get one more card ♣7
Bot get one more card ♦5
Player point: 13, Bot point: 21
Player lose! Money: 1507.0
========================
Round #733
Player cards: [♦2, ♦T], Bot cards:[♣4, ♥5]
Player points: [12, 12], Bot points:[9, 9]
Bot get one more card ♠7
Bot get one more card ♦5
Player point: 12, Bot point: 21
Player lose! Money: 1486.0
========================
Round #734
Player cards: [♥T, ♦A], Bot cards:[♦6, ♠7]
Player points: [11, 21], Bot points:[13, 13]
Bot get one more card ♦8
Player point: 21, Bot point: 21
Player lose! Money: 1465.0
========================
Round #735
Player cards: [♣7, ♠9], Bot cards:[♦5, ♦K]
Player points: [16, 16], Bot points:[15, 15]
Bot get one more card ♣T
Player point: 16, Bot point: 25
Player win! Money: 1484.0
========================
Round #736
Player cards: [♦4, ♥7], Bot cards:[♣K, ♠A]
Player points: [11, 11], Bot points:[11, 21]
----- Double Bet! -----
Player get one more card ♣2
Bot get one more card ♥K
Player point: 13, Bot point: 21
Player lose! Money: 1443.0
========================
Round #737
Player cards: [♥2, ♠Q], Bot cards:[♦8, ♦9]
Player points: [12, 12], Bot points:[17, 17]
Player get one more card ♥J
Player point: 22, Bot point: 17
Player lose! Money: 1422.0
========================
Round #738
Player cards: [♠T, ♠J], Bot cards:[♣9, ♦K]
Player points: [20, 20], Bot points:[19, 19]
Player point: 20, Bot point: 19
Player win! Money: 1441.0
========================
Round #739
Player cards: [♠T, ♦T], Bot cards:[♦T, ♥A]
Player points: [20, 20], Bot points:[11, 21]
Bot get one more card ♦7
Player point: 20, Bot point: 18
Player win! Money: 1460.0
========================
Round #740
Player cards: [♦4, ♠5], Bot cards:[♥8, ♥9]
Player points: [9, 9], Bot points:[17, 17]
Player get one more card ♥Q
Player point: 19, Bot point: 17
Player win! Money: 1479.0
========================
Round #741
Player cards: [♠6, ♦9], Bot cards:[♣7, ♦7]
Player points: [15, 15], Bot points:[14, 14]
Player get one more card ♥A
Player get one more card ♣8
Bot get one more card ♥9
Player point: 24, Bot point: 23
Player lose! Money: 1458.0
========================
Round #742
Player cards: [♠8, ♠Q], Bot cards:[♥4, ♦A]
Player points: [18, 18], Bot points:[5, 15]
Bot get one more card ♦3
Bot get one more card ♦Q
Player point: 18, Bot point: 18
Draw! Money:1457.0
========================
Round #743
Player cards: [♥8, ♥K], Bot cards:[♠4, ♥4]
Player points: [18, 18], Bot points:[8, 8]
Bot get one more card ♠T
Player point: 18, Bot point: 18
Draw! Money:1456.0
========================
Round #744
Player cards: [♦9, ♦Q], Bot cards:[♥Q, ♠A]
Player points: [19, 19], Bot points:[11, 21]
Bot get one more card ♥Q
Player point: 19, Bot point: 21
Player lose! Money: 1435.0
========================
Round #745
Player cards: [♠7, ♠K], Bot cards:[♣2, ♥2]
Player points: [17, 17], Bot points:[4, 4]
Bot get one more card ♣4
Bot get one more card ♦4
Bot get one more card ♥J
Player point: 17, Bot point: 22
Player win! Money: 1454.0
========================
Round #746
Player cards: [♣3, ♠6], Bot cards:[♣5, ♠A]
Player points: [9, 9], Bot points:[6, 16]
----- Double Bet! -----
Player get one more card ♣3
Bot get one more card ♥Q
Bot get one more card ♥A
Player point: 12, Bot point: 17
Player lose! Money: 1413.0
========================
Round #747
Player cards: [♠8, ♣Q], Bot cards:[♥2, ♠Q]
Player points: [18, 18], Bot points:[12, 12]
Bot get one more card ♥4
Bot get one more card ♥8
Player point: 18, Bot point: 24
Player win! Money: 1432.0
========================
Round #748
Player cards: [♥7, ♦9], Bot cards:[♠2, ♣T]
Player points: [16, 16], Bot points:[12, 12]
Bot get one more card ♦2
Bot get one more card ♦4
Player point: 16, Bot point: 18
Player lose! Money: 1411.0
========================
Round #749
Player cards: [♥T, ♠J], Bot cards:[♣J, ♣Q]
Player points: [20, 20], Bot points:[20, 20]
Player point: 20, Bot point: 20
Draw! Money:1410.0
========================
Round #750
Player cards: [♦6, ♠K], Bot cards:[♥3, ♠T]
Player points: [16, 16], Bot points:[13, 13]
Bot get one more card ♣T
Player point: 16, Bot point: 23
Player win! Money: 1429.0
========================
Round #751
Player cards: [♦T, ♦A], Bot cards:[♥5, ♥6]
Player points: [11, 21], Bot points:[11, 11]
Bot get one more card ♥9
Player point: 21, Bot point: 20
------ BlackJack!! ------
Player win! Money: 1452.0
========================
Round #752
Player cards: [♠6, ♥K], Bot cards:[♣3, ♦5]
Player points: [16, 16], Bot points:[8, 8]
Bot get one more card ♥8
Bot get one more card ♣K
Player point: 16, Bot point: 26
Player win! Money: 1471.0
========================
Round #753
Player cards: [♠5, ♦8], Bot cards:[♣8, ♥Q]
Player points: [13, 13], Bot points:[18, 18]
Player get one more card ♥T
Player point: 23, Bot point: 18
Player lose! Money: 1450.0
========================
Round #754
Player cards: [♣7, ♦8], Bot cards:[♦2, ♠9]
Player points: [15, 15], Bot points:[11, 11]
Bot get one more card ♣5
Bot get one more card ♦J
Player point: 15, Bot point: 26
Player win! Money: 1469.0
========================
Round #755
Player cards: [♥8, ♠A], Bot cards:[♦7, ♥A]
Player points: [9, 19], Bot points:[8, 18]
Bot get one more card ♦K
Player point: 19, Bot point: 18
Player win! Money: 1488.0
========================
Round #756
Player cards: [♣9, ♣Q], Bot cards:[♠4, ♦A]
Player points: [19, 19], Bot points:[5, 15]
Bot get one more card ♠2
Bot get one more card ♥5
Bot get one more card ♣5
Player point: 19, Bot point: 17
Player win! Money: 1507.0
========================
Round #757
Player cards: [♦3, ♠J], Bot cards:[♣5, ♦J]
Player points: [13, 13], Bot points:[15, 15]
Bot get one more card ♦Q
Player point: 13, Bot point: 25
Player win! Money: 1526.0
========================
Round #758
Player cards: [♥6, ♣K], Bot cards:[♠2, ♦J]
Player points: [16, 16], Bot points:[12, 12]
Bot get one more card ♦3
Bot get one more card ♦7
Player point: 16, Bot point: 22
Player win! Money: 1545.0
========================
Round #759
Player cards: [♥3, ♠5], Bot cards:[♥3, ♠6]
Player points: [8, 8], Bot points:[9, 9]
Player get one more card ♠4
Player get one more card ♥T
Bot get one more card ♣J
Player point: 22, Bot point: 19
Player lose! Money: 1524.0
========================
Round #760
Player cards: [♠3, ♠8], Bot cards:[♥6, ♣8]
Player points: [11, 11], Bot points:[14, 14]
----- Double Bet! -----
Player get one more card ♦6
Bot get one more card ♦T
Player point: 17, Bot point: 24
Player win! Money: 1563.0
========================
Round #761
Player cards: [♥2, ♠9], Bot cards:[♠9, ♥J]
Player points: [11, 11], Bot points:[19, 19]
----- Double Bet! -----
Player get one more card ♠3
Player point: 14, Bot point: 19
Player lose! Money: 1522.0
========================
Round #762
Player cards: [♥3, ♥6], Bot cards:[♠3, ♣K]
Player points: [9, 9], Bot points:[13, 13]
----- Double Bet! -----
Player get one more card ♥5
Bot get one more card ♦Q
Player point: 14, Bot point: 23
Player win! Money: 1561.0
========================
Round #763
Player cards: [♣2, ♣A], Bot cards:[♣6, ♥7]
Player points: [3, 13], Bot points:[13, 13]
Bot get one more card ♠4
Player point: 13, Bot point: 17
Player lose! Money: 1540.0
========================
Round #764
Player cards: [♠2, ♣9], Bot cards:[♦2, ♣8]
Player points: [11, 11], Bot points:[10, 10]
----- Double Bet! -----
Player get one more card ♣3
Bot get one more card ♣A
Bot get one more card ♥K
Player point: 14, Bot point: 21
Player lose! Money: 1499.0
========================
Round #765
Player cards: [♣T, ♣J], Bot cards:[♦4, ♠Q]
Player points: [20, 20], Bot points:[14, 14]
Bot get one more card ♣4
Player point: 20, Bot point: 18
Player win! Money: 1518.0
========================
Round #766
Player cards: [♠K, ♦K], Bot cards:[♥4, ♣J]
Player points: [20, 20], Bot points:[14, 14]
Bot get one more card ♠A
Bot get one more card ♣A
Bot get one more card ♠3
Player point: 20, Bot point: 19
Player win! Money: 1537.0
========================
Round #767
Player cards: [♣6, ♣6], Bot cards:[♦4, ♠K]
Player points: [12, 12], Bot points:[14, 14]
-------- Split! Two hands: [15, 15], [13, 13]
For second hand:
Bot get one more card ♥7
Player point: 15, Bot point: 21
Player lose! Money: 1516.0
========================
Player point: 13, Bot point: 21
Player lose! Money: 1496.0
========================
Round #768
New deck
Player cards: [♠2, ♣K], Bot cards:[♠6, ♦7]
Player points: [12, 12], Bot points:[13, 13]
Bot get one more card ♥6
Player point: 12, Bot point: 19
Player lose! Money: 1475.0
========================
Round #769
Player cards: [♠7, ♦Q], Bot cards:[♥5, ♥7]
Player points: [17, 17], Bot points:[12, 12]
Bot get one more card ♦A
Bot get one more card ♥9
Player point: 17, Bot point: 22
Player win! Money: 1494.0
========================
Round #770
Player cards: [♦3, ♦6], Bot cards:[♥5, ♣6]
Player points: [9, 9], Bot points:[11, 11]
----- Double Bet! -----
Player get one more card ♣K
Bot get one more card ♥8
Player point: 19, Bot point: 19
Draw! Money:1493.0
========================
Round #771
Player cards: [♦7, ♣K], Bot cards:[♦K, ♦K]
Player points: [17, 17], Bot points:[20, 20]
Player point: 17, Bot point: 20
Player lose! Money: 1472.0
========================
Round #772
Player cards: [♠3, ♠7], Bot cards:[♦J, ♦Q]
Player points: [10, 10], Bot points:[20, 20]
Player get one more card ♣4
Player get one more card ♥4
Player point: 18, Bot point: 20
Player lose! Money: 1451.0
========================
Round #773
Player cards: [♣6, ♠8], Bot cards:[♣9, ♣T]
Player points: [14, 14], Bot points:[19, 19]
Player get one more card ♠9
Player point: 23, Bot point: 19
Player lose! Money: 1430.0
========================
Round #774
Player cards: [♦9, ♦Q], Bot cards:[♠6, ♣J]
Player points: [19, 19], Bot points:[16, 16]
Bot get one more card ♥A
Player point: 19, Bot point: 17
Player win! Money: 1449.0
========================
Round #775
Player cards: [♠K, ♥A], Bot cards:[♦2, ♣6]
Player points: [11, 21], Bot points:[8, 8]
Bot get one more card ♠5
Bot get one more card ♠2
Bot get one more card ♠2
Player point: 21, Bot point: 17
------ BlackJack!! ------
Player win! Money: 1472.0
========================
Round #776
Player cards: [♠4, ♣Q], Bot cards:[♦4, ♥7]
Player points: [14, 14], Bot points:[11, 11]
Bot get one more card ♦8
Player point: 14, Bot point: 19
Player lose! Money: 1451.0
========================
Round #777
Player cards: [♠4, ♠5], Bot cards:[♦8, ♠K]
Player points: [9, 9], Bot points:[18, 18]
Player get one more card ♥3
Player get one more card ♠8
Player point: 20, Bot point: 18
Player win! Money: 1470.0
========================
Round #778
Player cards: [♥4, ♥4], Bot cards:[♥7, ♠Q]
Player points: [8, 8], Bot points:[17, 17]
Player get one more card ♦4
Player get one more card ♥8
Player point: 20, Bot point: 17
Player win! Money: 1489.0
========================
Round #779
Player cards: [♥6, ♦J], Bot cards:[♣7, ♠A]
Player points: [16, 16], Bot points:[8, 18]
Player get one more card ♠3
Bot get one more card ♦2
Bot get one more card ♣8
Player point: 19, Bot point: 18
Player win! Money: 1508.0
========================
Round #780
Player cards: [♣5, ♥Q], Bot cards:[♠6, ♣Q]
Player points: [15, 15], Bot points:[16, 16]
Bot get one more card ♣T
Player point: 15, Bot point: 26
Player win! Money: 1527.0
========================
Round #781
Player cards: [♦4, ♥4], Bot cards:[♦5, ♣K]
Player points: [8, 8], Bot points:[15, 15]
Player get one more card ♥Q
Bot get one more card ♥6
Player point: 18, Bot point: 21
Player lose! Money: 1506.0
========================
Round #782
Player cards: [♦4, ♦T], Bot cards:[♣8, ♥K]
Player points: [14, 14], Bot points:[18, 18]
Player get one more card ♦T
Player point: 24, Bot point: 18
Player lose! Money: 1485.0
========================
Round #783
Player cards: [♠5, ♠A], Bot cards:[♠3, ♠7]
Player points: [6, 16], Bot points:[10, 10]
Bot get one more card ♣8
Player point: 16, Bot point: 18
Player lose! Money: 1464.0
========================
Round #784
Player cards: [♣7, ♦7], Bot cards:[♣T, ♥A]
Player points: [14, 14], Bot points:[11, 21]
Player get one more card ♥J
Bot get one more card ♣2
Bot get one more card ♥K
Player point: 24, Bot point: 23
Player lose! Money: 1443.0
========================
Round #785
Player cards: [♥T, ♣A], Bot cards:[♣5, ♠9]
Player points: [11, 21], Bot points:[14, 14]
Bot get one more card ♦K
Player point: 21, Bot point: 24
------ BlackJack!! ------
Player win! Money: 1466.0
========================
Round #786
Player cards: [♣4, ♠Q], Bot cards:[♠6, ♦A]
Player points: [14, 14], Bot points:[7, 17]
Bot get one more card ♣5
Bot get one more card ♦3
Bot get one more card ♥8
Player point: 14, Bot point: 23
Player win! Money: 1485.0
========================
Round #787
Player cards: [♦5, ♥A], Bot cards:[♠T, ♥Q]
Player points: [6, 16], Bot points:[20, 20]
Player get one more card ♥J
Player get one more card ♠J
Player point: 26, Bot point: 20
Player lose! Money: 1464.0
========================
Round #788
Player cards: [♦3, ♦9], Bot cards:[♣6, ♣Q]
Player points: [12, 12], Bot points:[16, 16]
Bot get one more card ♥5
Player point: 12, Bot point: 21
Player lose! Money: 1443.0
========================
Round #789
Player cards: [♠9, ♠J], Bot cards:[♥9, ♥J]
Player points: [19, 19], Bot points:[19, 19]
Player point: 19, Bot point: 19
Draw! Money:1442.0
========================
Round #790
Player cards: [♠4, ♣4], Bot cards:[♠4, ♣J]
Player points: [8, 8], Bot points:[14, 14]
Player get one more card ♣2
Player get one more card ♣3
Bot get one more card ♥T
Player point: 13, Bot point: 24
Player win! Money: 1461.0
========================
Round #791
Player cards: [♥5, ♠7], Bot cards:[♠5, ♠A]
Player points: [12, 12], Bot points:[6, 16]
Bot get one more card ♥K
Bot get one more card ♥6
Player point: 12, Bot point: 22
Player win! Money: 1480.0
========================
Round #792
Player cards: [♣3, ♥J], Bot cards:[♦6, ♦A]
Player points: [13, 13], Bot points:[7, 17]
Bot get one more card ♦7
Bot get one more card ♦2
Bot get one more card ♥3
Player point: 13, Bot point: 19
Player lose! Money: 1459.0
========================
Round #793
Player cards: [♥2, ♦J], Bot cards:[♥9, ♦A]
Player points: [12, 12], Bot points:[10, 20]
Player get one more card ♥2
Player get one more card ♠T
Bot get one more card ♥2
Bot get one more card ♦Q
Player point: 24, Bot point: 22
Player lose! Money: 1438.0
========================
Round #794
Player cards: [♥8, ♣9], Bot cards:[♥J, ♠K]
Player points: [17, 17], Bot points:[20, 20]
Player point: 17, Bot point: 20
Player lose! Money: 1417.0
========================
Round #795
Player cards: [♣9, ♠K], Bot cards:[♦5, ♣8]
Player points: [19, 19], Bot points:[13, 13]
Bot get one more card ♦8
Player point: 19, Bot point: 21
Player lose! Money: 1396.0
========================
Round #796
Player cards: [♥2, ♦T], Bot cards:[♣9, ♦J]
Player points: [12, 12], Bot points:[19, 19]
Player get one more card ♠8
Player point: 20, Bot point: 19
Player win! Money: 1415.0
========================
Round #797
Player cards: [♠Q, ♣Q], Bot cards:[♦8, ♣J]
Player points: [20, 20], Bot points:[18, 18]
Player point: 20, Bot point: 18
Player win! Money: 1434.0
========================
Round #798
Player cards: [♥7, ♣T], Bot cards:[♦6, ♥9]
Player points: [17, 17], Bot points:[15, 15]
Bot get one more card ♠3
Player point: 17, Bot point: 18
Player lose! Money: 1413.0
========================
Round #799
Player cards: [♣7, ♦9], Bot cards:[♣2, ♦2]
Player points: [16, 16], Bot points:[4, 4]
Bot get one more card ♣J
Bot get one more card ♣3
Player point: 16, Bot point: 17
Player lose! Money: 1392.0
========================
Round #800
Player cards: [♦5, ♠T], Bot cards:[♠J, ♣Q]
Player points: [15, 15], Bot points:[20, 20]
Player get one more card ♣A
Player get one more card ♣3
Player point: 19, Bot point: 20
Player lose! Money: 1371.0
========================
Round #801
Player cards: [♦K, ♣A], Bot cards:[♣2, ♦9]
Player points: [11, 21], Bot points:[11, 11]
Bot get one more card ♦6
Player point: 21, Bot point: 17
------ BlackJack!! ------
Player win! Money: 1394.0
========================
Round #802
Player cards: [♥Q, ♣A], Bot cards:[♣7, ♠9]
Player points: [11, 21], Bot points:[16, 16]
Bot get one more card ♣5
Player point: 21, Bot point: 21
Player lose! Money: 1373.0
========================
Round #803
Player cards: [♦T, ♥T], Bot cards:[♥3, ♠A]
Player points: [20, 20], Bot points:[4, 14]
Bot get one more card ♠Q
Bot get one more card ♥K
Player point: 20, Bot point: 24
Player win! Money: 1392.0
========================
Round #804
New deck
Player cards: [♠T, ♠T], Bot cards:[♣4, ♥9]
Player points: [20, 20], Bot points:[13, 13]
Bot get one more card ♥K
Player point: 20, Bot point: 23
Player win! Money: 1411.0
========================
Round #805
Player cards: [♠5, ♥9], Bot cards:[♥4, ♦K]
Player points: [14, 14], Bot points:[14, 14]
Bot get one more card ♥J
Player point: 14, Bot point: 24
Player win! Money: 1430.0
========================
Round #806
Player cards: [♥3, ♥8], Bot cards:[♣5, ♣J]
Player points: [11, 11], Bot points:[15, 15]
----- Double Bet! -----
Player get one more card ♣6
Bot get one more card ♦6
Player point: 17, Bot point: 21
Player lose! Money: 1389.0
========================
Round #807
Player cards: [♦T, ♠K], Bot cards:[♣9, ♥T]
Player points: [20, 20], Bot points:[19, 19]
Player point: 20, Bot point: 19
Player win! Money: 1408.0
========================
Round #808
Player cards: [♥2, ♦4], Bot cards:[♥7, ♠J]
Player points: [6, 6], Bot points:[17, 17]
Player get one more card ♣8
Player get one more card ♥Q
Player point: 24, Bot point: 17
Player lose! Money: 1387.0
========================
Round #809
Player cards: [♥5, ♣8], Bot cards:[♣8, ♦T]
Player points: [13, 13], Bot points:[18, 18]
Player get one more card ♣Q
Player point: 23, Bot point: 18
Player lose! Money: 1366.0
========================
Round #810
Player cards: [♥Q, ♣A], Bot cards:[♣6, ♣7]
Player points: [11, 21], Bot points:[13, 13]
Bot get one more card ♠9
Player point: 21, Bot point: 22
------ BlackJack!! ------
Player win! Money: 1389.0
========================
Round #811
Player cards: [♣4, ♣8], Bot cards:[♦2, ♠4]
Player points: [12, 12], Bot points:[6, 6]
Player get one more card ♥3
Bot get one more card ♣Q
Bot get one more card ♦3
Player point: 15, Bot point: 19
Player lose! Money: 1368.0
========================
Round #812
Player cards: [♠Q, ♣K], Bot cards:[♦2, ♠K]
Player points: [20, 20], Bot points:[12, 12]
Bot get one more card ♠9
Player point: 20, Bot point: 21
Player lose! Money: 1347.0
========================
Round #813
Player cards: [♠8, ♠8], Bot cards:[♠T, ♦Q]
Player points: [16, 16], Bot points:[20, 20]
-------- Split! Two hands: [18, 18], [15, 15]
For second hand:
Player get one more card ♥7
Player point: 18, Bot point: 20
Player lose! Money: 1326.0
========================
Player point: 22, Bot point: 20
Player lose! Money: 1306.0
========================
Round #814
Player cards: [♥9, ♦9], Bot cards:[♣2, ♣9]
Player points: [18, 18], Bot points:[11, 11]
-------- Split! Two hands: [15, 15], [11, 11]
For second hand:
----- Double Bet! -----
Player get one more card ♦3
Bot get one more card ♦3
Bot get one more card ♥7
Player point: 15, Bot point: 21
Player lose! Money: 1285.0
========================
Player point: 14, Bot point: 21
Player lose! Money: 1245.0
========================
Round #815
Player cards: [♠5, ♠9], Bot cards:[♣6, ♣9]
Player points: [14, 14], Bot points:[15, 15]
Bot get one more card ♠J
Player point: 14, Bot point: 25
Player win! Money: 1264.0
========================
Round #816
Player cards: [♣2, ♠6], Bot cards:[♦3, ♥4]
Player points: [8, 8], Bot points:[7, 7]
Player get one more card ♠9
Bot get one more card ♦K
Player point: 17, Bot point: 17
Draw! Money:1263.0
========================
Round #817
Player cards: [♠7, ♠T], Bot cards:[♦J, ♣K]
Player points: [17, 17], Bot points:[20, 20]
Player point: 17, Bot point: 20
Player lose! Money: 1242.0
========================
Round #818
Player cards: [♣3, ♦6], Bot cards:[♦5, ♦J]
Player points: [9, 9], Bot points:[15, 15]
----- Double Bet! -----
Player get one more card ♦9
Bot get one more card ♠3
Player point: 18, Bot point: 18
Draw! Money:1241.0
========================
Round #819
Player cards: [♠6, ♠K], Bot cards:[♥4, ♥5]
Player points: [16, 16], Bot points:[9, 9]
Bot get one more card ♦A
Bot get one more card ♥T
Player point: 16, Bot point: 20
Player lose! Money: 1220.0
========================
Round #820
Player cards: [♠2, ♠J], Bot cards:[♣3, ♣3]
Player points: [12, 12], Bot points:[6, 6]
Player get one more card ♠4
Bot get one more card ♠3
Bot get one more card ♣7
Bot get one more card ♠Q
Player point: 16, Bot point: 26
Player win! Money: 1239.0
========================
Round #821
Player cards: [♦6, ♣K], Bot cards:[♣3, ♣J]
Player points: [16, 16], Bot points:[13, 13]
Bot get one more card ♥6
Player point: 16, Bot point: 19
Player lose! Money: 1218.0
========================
Round #822
Player cards: [♠8, ♥A], Bot cards:[♣5, ♦9]
Player points: [9, 19], Bot points:[14, 14]
Bot get one more card ♠4
Player point: 19, Bot point: 18
Player win! Money: 1237.0
========================
Round #823
Player cards: [♣Q, ♠A], Bot cards:[♥6, ♣A]
Player points: [11, 21], Bot points:[7, 17]
Bot get one more card ♦A
Bot get one more card ♦7
Bot get one more card ♥9
Player point: 21, Bot point: 24
------ BlackJack!! ------
Player win! Money: 1260.0
========================
Round #824
Player cards: [♠5, ♣T], Bot cards:[♠3, ♥3]
Player points: [15, 15], Bot points:[6, 6]
Bot get one more card ♣4
Bot get one more card ♥K
Player point: 15, Bot point: 20
Player lose! Money: 1239.0
========================
Round #825
Player cards: [♦3, ♦7], Bot cards:[♦8, ♠J]
Player points: [10, 10], Bot points:[18, 18]
----- Double Bet! -----
Player get one more card ♠5
Player point: 15, Bot point: 18
Player lose! Money: 1198.0
========================
Round #826
Player cards: [♥T, ♥J], Bot cards:[♥T, ♠Q]
Player points: [20, 20], Bot points:[20, 20]
Player point: 20, Bot point: 20
Draw! Money:1197.0
========================
Round #827
Player cards: [♣2, ♦8], Bot cards:[♥7, ♦9]
Player points: [10, 10], Bot points:[16, 16]
----- Double Bet! -----
Player get one more card ♣J
Bot get one more card ♥8
Player point: 20, Bot point: 24
Player win! Money: 1236.0
========================
Round #828
Player cards: [♠8, ♥J], Bot cards:[♥4, ♠T]
Player points: [18, 18], Bot points:[14, 14]
Bot get one more card ♣Q
Player point: 18, Bot point: 24
Player win! Money: 1255.0
========================
Round #829
Player cards: [♥5, ♥A], Bot cards:[♦4, ♥A]
Player points: [6, 16], Bot points:[5, 15]
Bot get one more card ♣2
Bot get one more card ♠6
Bot get one more card ♦5
Player point: 16, Bot point: 18
Player lose! Money: 1234.0
========================
Round #830
Player cards: [♥T, ♥Q], Bot cards:[♥5, ♣7]
Player points: [20, 20], Bot points:[12, 12]
Bot get one more card ♦2
Bot get one more card ♠A
Bot get one more card ♥2
Player point: 20, Bot point: 17
Player win! Money: 1253.0
========================
Round #831
Player cards: [♠7, ♥Q], Bot cards:[♣J, ♦K]
Player points: [17, 17], Bot points:[20, 20]
Player point: 17, Bot point: 20
Player lose! Money: 1232.0
========================
Round #832
Player cards: [♣5, ♦J], Bot cards:[♦4, ♥8]
Player points: [15, 15], Bot points:[12, 12]
Bot get one more card ♣9
Player point: 15, Bot point: 21
Player lose! Money: 1211.0
========================
Round #833
Player cards: [♦K, ♠A], Bot cards:[♠J, ♦A]
Player points: [11, 21], Bot points:[11, 21]
Bot get one more card ♣T
Player point: 21, Bot point: 21
Player lose! Money: 1190.0
========================
Round #834
Player cards: [♦6, ♦8], Bot cards:[♠2, ♦T]
Player points: [14, 14], Bot points:[12, 12]
Bot get one more card ♠A
Bot get one more card ♦Q
Player point: 14, Bot point: 23
Player win! Money: 1209.0
========================
Round #835
Player cards: [♥3, ♥A], Bot cards:[♠Q, ♣K]
Player points: [4, 14], Bot points:[20, 20]
Player get one more card ♥K
Player get one more card ♦8
Player point: 22, Bot point: 20
Player lose! Money: 1188.0
========================
Round #836
Player cards: [♠2, ♣4], Bot cards:[♦2, ♦4]
Player points: [6, 6], Bot points:[6, 6]
Player get one more card ♦7
Bot get one more card ♦5
Bot get one more card ♠K
Player point: 13, Bot point: 21
Player lose! Money: 1167.0
========================
Round #837
Player cards: [♥6, ♣T], Bot cards:[♥2, ♦7]
Player points: [16, 16], Bot points:[9, 9]
Bot get one more card ♠3
Bot get one more card ♠2
Bot get one more card ♦A
Bot get one more card ♣4
Player point: 16, Bot point: 19
Player lose! Money: 1146.0
========================
Round #838
Player cards: [♠4, ♦5], Bot cards:[♦Q, ♦Q]
Player points: [9, 9], Bot points:[20, 20]
Player get one more card ♥K
Player point: 19, Bot point: 20
Player lose! Money: 1125.0
========================
Round #839
Player cards: [♣6, ♥8], Bot cards:[♠2, ♠8]
Player points: [14, 14], Bot points:[10, 10]
Bot get one more card ♣A
Bot get one more card ♠7
Player point: 14, Bot point: 18
Player lose! Money: 1104.0
========================
Round #840
New deck
Player cards: [♠4, ♦6], Bot cards:[♣6, ♠9]
Player points: [10, 10], Bot points:[15, 15]
----- Double Bet! -----
Player get one more card ♠A
Bot get one more card ♥8
Player point: 21, Bot point: 23
Player win! Money: 1143.0
========================
Round #841
Player cards: [♥2, ♠7], Bot cards:[♦2, ♥9]
Player points: [9, 9], Bot points:[11, 11]
Player get one more card ♥7
Bot get one more card ♦9
Player point: 16, Bot point: 20
Player lose! Money: 1122.0
========================
Round #842
Player cards: [♥6, ♠7], Bot cards:[♦2, ♣A]
Player points: [13, 13], Bot points:[3, 13]
Bot get one more card ♥7
Bot get one more card ♣3
Bot get one more card ♣5
Player point: 13, Bot point: 18
Player lose! Money: 1101.0
========================
Round #843
Player cards: [♦4, ♥4], Bot cards:[♥Q, ♣Q]
Player points: [8, 8], Bot points:[20, 20]
Player get one more card ♦8
Player get one more card ♦5
Player point: 21, Bot point: 20
Player win! Money: 1120.0
========================
Round #844
Player cards: [♥T, ♣A], Bot cards:[♣9, ♦Q]
Player points: [11, 21], Bot points:[19, 19]
Player point: 21, Bot point: 19
------ BlackJack!! ------
Player win! Money: 1143.0
========================
Round #845
Player cards: [♣8, ♦8], Bot cards:[♣7, ♠J]
Player points: [16, 16], Bot points:[17, 17]
-------- Split! Two hands: [14, 14], [15, 15]
Player get one more card ♣2
Player get one more card ♥3
For second hand:
Player get one more card ♥4
Player point: 19, Bot point: 17
Player win! Money: 1162.0
========================
Player point: 19, Bot point: 17
Player win! Money: 1182.0
========================
Round #846
Player cards: [♥8, ♦8], Bot cards:[♥8, ♠K]
Player points: [16, 16], Bot points:[18, 18]
-------- Split! Two hands: [15, 15], [15, 15]
Player get one more card ♠A
Player get one more card ♣2
For second hand:
Player get one more card ♦3
Player point: 18, Bot point: 18
Draw! Money:1181.0
========================
Player point: 18, Bot point: 18
Draw! Money:1181.0
========================
Round #847
Player cards: [♠Q, ♥A], Bot cards:[♦4, ♦5]
Player points: [11, 21], Bot points:[9, 9]
Bot get one more card ♣2
Bot get one more card ♦7
Player point: 21, Bot point: 18
------ BlackJack!! ------
Player win! Money: 1204.0
========================
Round #848
Player cards: [♣T, ♠A], Bot cards:[♠5, ♣T]
Player points: [11, 21], Bot points:[15, 15]
Bot get one more card ♥Q
Player point: 21, Bot point: 25
------ BlackJack!! ------
Player win! Money: 1227.0
========================
Round #849
Player cards: [♣4, ♠T], Bot cards:[♠5, ♦7]
Player points: [14, 14], Bot points:[12, 12]
Bot get one more card ♥6
Player point: 14, Bot point: 18
Player lose! Money: 1206.0
========================
Round #850
Player cards: [♣7, ♥K], Bot cards:[♦4, ♠Q]
Player points: [17, 17], Bot points:[14, 14]
Bot get one more card ♥9
Player point: 17, Bot point: 23
Player win! Money: 1225.0
========================
Round #851
Player cards: [♥2, ♣K], Bot cards:[♦7, ♦J]
Player points: [12, 12], Bot points:[17, 17]
Player get one more card ♣3
Player get one more card ♣2
Player point: 17, Bot point: 17
Draw! Money:1224.0
========================
Round #852
Player cards: [♠4, ♦T], Bot cards:[♣J, ♠Q]
Player points: [14, 14], Bot points:[20, 20]
Player get one more card ♥T
Player point: 24, Bot point: 20
Player lose! Money: 1203.0
========================
Round #853
Player cards: [♥9, ♣J], Bot cards:[♣6, ♣Q]
Player points: [19, 19], Bot points:[16, 16]
Bot get one more card ♦3
Player point: 19, Bot point: 19
Draw! Money:1202.0
========================
Round #854
Player cards: [♠J, ♣A], Bot cards:[♥2, ♦5]
Player points: [11, 21], Bot points:[7, 7]
Bot get one more card ♣K
Player point: 21, Bot point: 17
------ BlackJack!! ------
Player win! Money: 1225.0
========================
Round #855
Player cards: [♣3, ♣6], Bot cards:[♠5, ♠K]
Player points: [9, 9], Bot points:[15, 15]
----- Double Bet! -----
Player get one more card ♣9
Bot get one more card ♦J
Player point: 18, Bot point: 25
Player win! Money: 1264.0
========================
Round #856
Player cards: [♠2, ♥6], Bot cards:[♠8, ♦T]
Player points: [8, 8], Bot points:[18, 18]
Player get one more card ♦K
Player point: 18, Bot point: 18
Draw! Money:1263.0
========================
Round #857
Player cards: [♣4, ♠8], Bot cards:[♥3, ♥J]
Player points: [12, 12], Bot points:[13, 13]
Player get one more card ♥2
Bot get one more card ♦A
Bot get one more card ♦A
Bot get one more card ♣J
Player point: 14, Bot point: 25
Player win! Money: 1282.0
========================
Round #858
Player cards: [♥3, ♣8], Bot cards:[♠7, ♦Q]
Player points: [11, 11], Bot points:[17, 17]
----- Double Bet! -----
Player get one more card ♥J
Player point: 21, Bot point: 17
Player win! Money: 1321.0
========================
Round #859
Player cards: [♦Q, ♣A], Bot cards:[♥T, ♥J]
Player points: [11, 21], Bot points:[20, 20]
Player point: 21, Bot point: 20
------ BlackJack!! ------
Player win! Money: 1344.0
========================
Round #860
Player cards: [♦3, ♣T], Bot cards:[♥4, ♠K]
Player points: [13, 13], Bot points:[14, 14]
Bot get one more card ♠3
Player point: 13, Bot point: 17
Player lose! Money: 1323.0
========================
Round #861
Player cards: [♣5, ♣K], Bot cards:[♠2, ♥3]
Player points: [15, 15], Bot points:[5, 5]
Bot get one more card ♣K
Bot get one more card ♣8
Player point: 15, Bot point: 23
Player win! Money: 1342.0
========================
Round #862
Player cards: [♥5, ♠J], Bot cards:[♥8, ♦J]
Player points: [15, 15], Bot points:[18, 18]
Player get one more card ♥J
Player point: 25, Bot point: 18
Player lose! Money: 1321.0
========================
Round #863
Player cards: [♠3, ♣8], Bot cards:[♥5, ♣J]
Player points: [11, 11], Bot points:[15, 15]
----- Double Bet! -----
Player get one more card ♥6
Bot get one more card ♥4
Player point: 17, Bot point: 19
Player lose! Money: 1280.0
========================
Round #864
Player cards: [♥3, ♥7], Bot cards:[♣5, ♥K]
Player points: [10, 10], Bot points:[15, 15]
----- Double Bet! -----
Player get one more card ♥K
Bot get one more card ♣A
Bot get one more card ♦9
Player point: 20, Bot point: 25
Player win! Money: 1319.0
========================
Round #865
Player cards: [♦6, ♦T], Bot cards:[♠3, ♦K]
Player points: [16, 16], Bot points:[13, 13]
Bot get one more card ♠8
Player point: 16, Bot point: 21
Player lose! Money: 1298.0
========================
Round #866
Player cards: [♣3, ♥T], Bot cards:[♥7, ♥9]
Player points: [13, 13], Bot points:[16, 16]
Player get one more card ♠4
Bot get one more card ♦5
Player point: 17, Bot point: 21
Player lose! Money: 1277.0
========================
Round #867
Player cards: [♠6, ♠7], Bot cards:[♥6, ♠T]
Player points: [13, 13], Bot points:[16, 16]
Bot get one more card ♣9
Player point: 13, Bot point: 25
Player win! Money: 1296.0
========================
Round #868
Player cards: [♦6, ♥A], Bot cards:[♦9, ♣Q]
Player points: [7, 17], Bot points:[19, 19]
Player point: 17, Bot point: 19
Player lose! Money: 1275.0
========================
Round #869
Player cards: [♥Q, ♥A], Bot cards:[♠6, ♠9]
Player points: [11, 21], Bot points:[15, 15]
Bot get one more card ♥A
Bot get one more card ♠Q
Player point: 21, Bot point: 26
------ BlackJack!! ------
Player win! Money: 1298.0
========================
Round #870
Player cards: [♠2, ♦9], Bot cards:[♦T, ♠T]
Player points: [11, 11], Bot points:[20, 20]
----- Double Bet! -----
Player get one more card ♠3
Player point: 14, Bot point: 20
Player lose! Money: 1257.0
========================
Round #871
Player cards: [♣5, ♥J], Bot cards:[♠4, ♠6]
Player points: [15, 15], Bot points:[10, 10]
Bot get one more card ♦7
Player point: 15, Bot point: 17
Player lose! Money: 1236.0
========================
Round #872
Player cards: [♠5, ♣T], Bot cards:[♣5, ♥Q]
Player points: [15, 15], Bot points:[15, 15]
Bot get one more card ♦K
Player point: 15, Bot point: 25
Player win! Money: 1255.0
========================
Round #873
Player cards: [♦2, ♦J], Bot cards:[♠T, ♠J]
Player points: [12, 12], Bot points:[20, 20]
Player get one more card ♣4
Player get one more card ♣9
Player point: 25, Bot point: 20
Player lose! Money: 1234.0
========================
Round #874
Player cards: [♦6, ♦8], Bot cards:[♦J, ♠K]
Player points: [14, 14], Bot points:[20, 20]
Player get one more card ♠A
Player get one more card ♥5
Player point: 20, Bot point: 20
Draw! Money:1233.0
========================
Round #875
Player cards: [♠2, ♦2], Bot cards:[♦4, ♦A]
Player points: [4, 4], Bot points:[5, 15]
-------- Split! Two hands: [6, 6], [11, 11]
Player get one more card ♥K
For second hand:
----- Double Bet! -----
Player get one more card ♠6
Bot get one more card ♦3
Bot get one more card ♦Q
Player point: 16, Bot point: 18
Player lose! Money: 1212.0
========================
Player point: 17, Bot point: 18
Player lose! Money: 1172.0
========================
Round #876
New deck
Player cards: [♦7, ♦T], Bot cards:[♥Q, ♦K]
Player points: [17, 17], Bot points:[20, 20]
Player point: 17, Bot point: 20
Player lose! Money: 1151.0
========================
Round #877
Player cards: [♠3, ♠8], Bot cards:[♦2, ♠K]
Player points: [11, 11], Bot points:[12, 12]
----- Double Bet! -----
Player get one more card ♦3
Bot get one more card ♠Q
Player point: 14, Bot point: 22
Player win! Money: 1190.0
========================
Round #878
Player cards: [♠2, ♣Q], Bot cards:[♠4, ♥J]
Player points: [12, 12], Bot points:[14, 14]
Bot get one more card ♥5
Player point: 12, Bot point: 19
Player lose! Money: 1169.0
========================
Round #879
Player cards: [♥4, ♠Q], Bot cards:[♥7, ♥A]
Player points: [14, 14], Bot points:[8, 18]
Player get one more card ♣Q
Bot get one more card ♦Q
Player point: 24, Bot point: 18
Player lose! Money: 1148.0
========================
Round #880
Player cards: [♣8, ♥T], Bot cards:[♥8, ♦J]
Player points: [18, 18], Bot points:[18, 18]
Player point: 18, Bot point: 18
Draw! Money:1147.0
========================
Round #881
Player cards: [♥T, ♥K], Bot cards:[♣3, ♠4]
Player points: [20, 20], Bot points:[7, 7]
Bot get one more card ♠9
Bot get one more card ♦7
Player point: 20, Bot point: 23
Player win! Money: 1166.0
========================
Round #882
Player cards: [♥9, ♣J], Bot cards:[♦K, ♠A]
Player points: [19, 19], Bot points:[11, 21]
Bot get one more card ♣8
Player point: 19, Bot point: 19
Draw! Money:1165.0
========================
Round #883
Player cards: [♥4, ♠K], Bot cards:[♣2, ♣A]
Player points: [14, 14], Bot points:[3, 13]
Bot get one more card ♦J
Bot get one more card ♠7
Player point: 14, Bot point: 20
Player lose! Money: 1144.0
========================
Round #884
Player cards: [♠9, ♥K], Bot cards:[♦3, ♠J]
Player points: [19, 19], Bot points:[13, 13]
Bot get one more card ♣K
Player point: 19, Bot point: 23
Player win! Money: 1163.0
========================
Round #885
Player cards: [♥5, ♦Q], Bot cards:[♣6, ♦9]
Player points: [15, 15], Bot points:[15, 15]
Bot get one more card ♥7
Player point: 15, Bot point: 22
Player win! Money: 1182.0
========================
Round #886
Player cards: [♣5, ♦A], Bot cards:[♥3, ♣A]
Player points: [6, 16], Bot points:[4, 14]
Bot get one more card ♣A
Bot get one more card ♦3
Bot get one more card ♣9
Player point: 16, Bot point: 17
Player lose! Money: 1161.0
========================
Round #887
Player cards: [♠2, ♦T], Bot cards:[♥6, ♥8]
Player points: [12, 12], Bot points:[14, 14]
Bot get one more card ♠8
Player point: 12, Bot point: 22
Player win! Money: 1180.0
========================
Round #888
Player cards: [♠6, ♦A], Bot cards:[♦7, ♦8]
Player points: [7, 17], Bot points:[15, 15]
Bot get one more card ♦2
Player point: 17, Bot point: 17
Draw! Money:1179.0
========================
Round #889
Player cards: [♣T, ♦J], Bot cards:[♠T, ♥A]
Player points: [20, 20], Bot points:[11, 21]
Bot get one more card ♦4
Bot get one more card ♠7
Player point: 20, Bot point: 22
Player win! Money: 1198.0
========================
Round #890
Player cards: [♥2, ♦8], Bot cards:[♣2, ♥5]
Player points: [10, 10], Bot points:[7, 7]
----- Double Bet! -----
Player get one more card ♣8
Bot get one more card ♠7
Bot get one more card ♣3
Player point: 18, Bot point: 17
Player win! Money: 1237.0
========================
Round #891
Player cards: [♦4, ♦T], Bot cards:[♣5, ♦9]
Player points: [14, 14], Bot points:[14, 14]
Bot get one more card ♠J
Player point: 14, Bot point: 24
Player win! Money: 1256.0
========================
Round #892
Player cards: [♦6, ♦A], Bot cards:[♥3, ♣4]
Player points: [7, 17], Bot points:[7, 7]
Bot get one more card ♣5
Bot get one more card ♥2
Bot get one more card ♦K
Player point: 17, Bot point: 24
Player win! Money: 1275.0
========================
Round #893
Player cards: [♦J, ♥A], Bot cards:[♣4, ♣J]
Player points: [11, 21], Bot points:[14, 14]
Bot get one more card ♠6
Player point: 21, Bot point: 20
------ BlackJack!! ------
Player win! Money: 1298.0
========================
Round #894
Player cards: [♦2, ♦5], Bot cards:[♣8, ♣T]
Player points: [7, 7], Bot points:[18, 18]
Player get one more card ♣2
Player get one more card ♦4
Player get one more card ♥K
Player point: 23, Bot point: 18
Player lose! Money: 1277.0
========================
Round #895
Player cards: [♦5, ♥8], Bot cards:[♥5, ♣9]
Player points: [13, 13], Bot points:[14, 14]
Bot get one more card ♣3
Player point: 13, Bot point: 17
Player lose! Money: 1256.0
========================
Round #896
Player cards: [♦6, ♥8], Bot cards:[♠6, ♣Q]
Player points: [14, 14], Bot points:[16, 16]
Bot get one more card ♥K
Player point: 14, Bot point: 26
Player win! Money: 1275.0
========================
Round #897
Player cards: [♠8, ♥Q], Bot cards:[♥7, ♥Q]
Player points: [18, 18], Bot points:[17, 17]
Player point: 18, Bot point: 17
Player win! Money: 1294.0
========================
Round #898
Player cards: [♠2, ♥4], Bot cards:[♣7, ♣K]
Player points: [6, 6], Bot points:[17, 17]
Player get one more card ♦3
Player get one more card ♦6
Player get one more card ♥4
Player point: 19, Bot point: 17
Player win! Money: 1313.0
========================
Round #899
Player cards: [♣4, ♦T], Bot cards:[♦K, ♦A]
Player points: [14, 14], Bot points:[11, 21]
Player get one more card ♠8
Bot get one more card ♠3
Bot get one more card ♦5
Player point: 22, Bot point: 19
Player lose! Money: 1292.0
========================
Round #900
Player cards: [♠2, ♣T], Bot cards:[♠6, ♦K]
Player points: [12, 12], Bot points:[16, 16]
Bot get one more card ♠A
Player point: 12, Bot point: 17
Player lose! Money: 1271.0
========================
Round #901
Player cards: [♣7, ♠T], Bot cards:[♦8, ♥J]
Player points: [17, 17], Bot points:[18, 18]
Player point: 17, Bot point: 18
Player lose! Money: 1250.0
========================
Round #902
Player cards: [♦2, ♠J], Bot cards:[♠4, ♥9]
Player points: [12, 12], Bot points:[13, 13]
Bot get one more card ♠5
Player point: 12, Bot point: 18
Player lose! Money: 1229.0
========================
Round #903
Player cards: [♣Q, ♦Q], Bot cards:[♦4, ♥J]
Player points: [20, 20], Bot points:[14, 14]
Bot get one more card ♣J
Player point: 20, Bot point: 24
Player win! Money: 1248.0
========================
Round #904
Player cards: [♥3, ♠T], Bot cards:[♠5, ♥T]
Player points: [13, 13], Bot points:[15, 15]
Bot get one more card ♣4
Player point: 13, Bot point: 19
Player lose! Money: 1227.0
========================
Round #905
Player cards: [♦9, ♦A], Bot cards:[♣9, ♥A]
Player points: [10, 20], Bot points:[10, 20]
Bot get one more card ♠5
Bot get one more card ♣5
Player point: 20, Bot point: 20
Draw! Money:1226.0
========================
Round #906
Player cards: [♦5, ♥6], Bot cards:[♠T, ♠Q]
Player points: [11, 11], Bot points:[20, 20]
----- Double Bet! -----
Player get one more card ♣9
Player point: 20, Bot point: 20
Draw! Money:1225.0
========================
Round #907
Player cards: [♠3, ♠9], Bot cards:[♠5, ♥6]
Player points: [12, 12], Bot points:[11, 11]
Bot get one more card ♣2
Bot get one more card ♠9
Player point: 12, Bot point: 22
Player win! Money: 1244.0
========================
Round #908
Player cards: [♠3, ♥9], Bot cards:[♣J, ♣K]
Player points: [12, 12], Bot points:[20, 20]
Player get one more card ♥T
Player point: 22, Bot point: 20
Player lose! Money: 1223.0
========================
Round #909
Player cards: [♠9, ♣Q], Bot cards:[♥Q, ♠K]
Player points: [19, 19], Bot points:[20, 20]
Player point: 19, Bot point: 20
Player lose! Money: 1202.0
========================
Round #910
Player cards: [♣3, ♣T], Bot cards:[♠7, ♦8]
Player points: [13, 13], Bot points:[15, 15]
Player get one more card ♠8
Bot get one more card ♥J
Player point: 21, Bot point: 25
Player win! Money: 1221.0
========================
Round #911
Player cards: [♣6, ♦Q], Bot cards:[♥3, ♥7]
Player points: [16, 16], Bot points:[10, 10]
Bot get one more card ♠J
Player point: 16, Bot point: 20
Player lose! Money: 1200.0
========================
Round #912
Player cards: [♥2, ♣7], Bot cards:[♣6, ♠Q]
Player points: [9, 9], Bot points:[16, 16]
----- Double Bet! -----
Player get one more card ♣K
Bot get one more card ♥6
Player point: 19, Bot point: 22
Player win! Money: 1239.0
========================
Round #913
Player cards: [♦9, ♠A], Bot cards:[♥2, ♦6]
Player points: [10, 20], Bot points:[8, 8]
Bot get one more card ♣T
Player point: 20, Bot point: 18
Player win! Money: 1258.0
========================
Round #914
Player cards: [♥5, ♣6], Bot cards:[♠4, ♦T]
Player points: [11, 11], Bot points:[14, 14]
----- Double Bet! -----
Player get one more card ♣A
Bot get one more card ♣7
Player point: 12, Bot point: 21
Player lose! Money: 1217.0
========================
Round #915
New deck
Player cards: [♦5, ♥K], Bot cards:[♣5, ♠A]
Player points: [15, 15], Bot points:[6, 16]
Bot get one more card ♦4
Bot get one more card ♦T
Player point: 15, Bot point: 20
Player lose! Money: 1196.0
========================
Round #916
Player cards: [♣9, ♠K], Bot cards:[♣7, ♥T]
Player points: [19, 19], Bot points:[17, 17]
Player point: 19, Bot point: 17
Player win! Money: 1215.0
========================
Round #917
Player cards: [♥8, ♠Q], Bot cards:[♣4, ♠K]
Player points: [18, 18], Bot points:[14, 14]
Bot get one more card ♣3
Player point: 18, Bot point: 17
Player win! Money: 1234.0
========================
Round #918
Player cards: [♥T, ♥J], Bot cards:[♣7, ♦A]
Player points: [20, 20], Bot points:[8, 18]
Bot get one more card ♣3
Bot get one more card ♠Q
Player point: 20, Bot point: 21
Player lose! Money: 1213.0
========================
Round #919
Player cards: [♠7, ♣A], Bot cards:[♠6, ♣8]
Player points: [8, 18], Bot points:[14, 14]
Bot get one more card ♦7
Player point: 18, Bot point: 21
Player lose! Money: 1192.0
========================
Round #920
Player cards: [♠3, ♠T], Bot cards:[♦3, ♣Q]
Player points: [13, 13], Bot points:[13, 13]
Bot get one more card ♠4
Player point: 13, Bot point: 17
Player lose! Money: 1171.0
========================
Round #921
Player cards: [♠J, ♠Q], Bot cards:[♦4, ♦5]
Player points: [20, 20], Bot points:[9, 9]
Bot get one more card ♣9
Player point: 20, Bot point: 18
Player win! Money: 1190.0
========================
Round #922
Player cards: [♣J, ♠A], Bot cards:[♦4, ♥Q]
Player points: [11, 21], Bot points:[14, 14]
Bot get one more card ♠8
Player point: 21, Bot point: 22
------ BlackJack!! ------
Player win! Money: 1213.0
========================
Round #923
Player cards: [♠4, ♠5], Bot cards:[♣3, ♣Q]
Player points: [9, 9], Bot points:[13, 13]
----- Double Bet! -----
Player get one more card ♦K
Bot get one more card ♠9
Player point: 19, Bot point: 22
Player win! Money: 1252.0
========================
Round #924
Player cards: [♣8, ♥8], Bot cards:[♥J, ♦A]
Player points: [16, 16], Bot points:[11, 21]
-------- Split! Two hands: [18, 18], [10, 10]
For second hand:
Player get one more card ♣3
Player get one more card ♠2
Player get one more card ♣5
Bot get one more card ♠5
Bot get one more card ♣A
Player point: 18, Bot point: 17
Player win! Money: 1271.0
========================
Player point: 20, Bot point: 17
Player win! Money: 1291.0
========================
Round #925
Player cards: [♣2, ♠8], Bot cards:[♣6, ♦9]
Player points: [10, 10], Bot points:[15, 15]
----- Double Bet! -----
Player get one more card ♣9
Bot get one more card ♣T
Player point: 19, Bot point: 25
Player win! Money: 1330.0
========================
Round #926
Player cards: [♥9, ♥9], Bot cards:[♥2, ♠A]
Player points: [18, 18], Bot points:[3, 13]
-------- Split! Two hands: [19, 19], [10, 20]
For second hand:
Bot get one more card ♠7
Bot get one more card ♣T
Player point: 19, Bot point: 20
Player lose! Money: 1309.0
========================
Player point: 20, Bot point: 20
Draw! Money:1309.0
========================
Round #927
Player cards: [♥4, ♣J], Bot cards:[♣2, ♣4]
Player points: [14, 14], Bot points:[6, 6]
Bot get one more card ♠9
Bot get one more card ♥6
Player point: 14, Bot point: 21
Player lose! Money: 1288.0
========================
Round #928
Player cards: [♣T, ♣K], Bot cards:[♥3, ♥K]
Player points: [20, 20], Bot points:[13, 13]
Bot get one more card ♣2
Bot get one more card ♦Q
Player point: 20, Bot point: 25
Player win! Money: 1307.0
========================
Round #929
Player cards: [♥8, ♥A], Bot cards:[♥A, ♦A]
Player points: [9, 19], Bot points:[2, 12]
Bot get one more card ♦T
Bot get one more card ♣8
Player point: 19, Bot point: 20
Player lose! Money: 1286.0
========================
Round #930
Player cards: [♠3, ♣4], Bot cards:[♥3, ♥4]
Player points: [7, 7], Bot points:[7, 7]
Player get one more card ♥5
Player get one more card ♠3
Bot get one more card ♣T
Player point: 15, Bot point: 17
Player lose! Money: 1265.0
========================
Round #931
Player cards: [♠4, ♥A], Bot cards:[♦8, ♠K]
Player points: [5, 15], Bot points:[18, 18]
Player get one more card ♦J
Player get one more card ♦6
Player point: 21, Bot point: 18
Player win! Money: 1284.0
========================
Round #932
Player cards: [♠J, ♣K], Bot cards:[♥5, ♣K]
Player points: [20, 20], Bot points:[15, 15]
Bot get one more card ♥7
Player point: 20, Bot point: 22
Player win! Money: 1303.0
========================
Round #933
Player cards: [♠2, ♦7], Bot cards:[♠K, ♦A]
Player points: [9, 9], Bot points:[11, 21]
Player get one more card ♦7
Player get one more card ♠3
Bot get one more card ♥6
Player point: 19, Bot point: 17
Player win! Money: 1322.0
========================
Round #934
Player cards: [♦3, ♠8], Bot cards:[♦J, ♦J]
Player points: [11, 11], Bot points:[20, 20]
----- Double Bet! -----
Player get one more card ♠T
Player point: 21, Bot point: 20
Player win! Money: 1361.0
========================
Round #935
Player cards: [♥2, ♦4], Bot cards:[♠2, ♦Q]
Player points: [6, 6], Bot points:[12, 12]
Player get one more card ♥T
Bot get one more card ♣J
Player point: 16, Bot point: 22
Player win! Money: 1380.0
========================
Round #936
Player cards: [♦7, ♠T], Bot cards:[♦3, ♠A]
Player points: [17, 17], Bot points:[4, 14]
Bot get one more card ♣7
Bot get one more card ♥6
Player point: 17, Bot point: 17
Draw! Money:1379.0
========================
Round #937
Player cards: [♠5, ♥Q], Bot cards:[♦3, ♠K]
Player points: [15, 15], Bot points:[13, 13]
Bot get one more card ♦8
Player point: 15, Bot point: 21
Player lose! Money: 1358.0
========================
Round #938
Player cards: [♣8, ♦K], Bot cards:[♣2, ♦J]
Player points: [18, 18], Bot points:[12, 12]
Bot get one more card ♠5
Player point: 18, Bot point: 17
Player win! Money: 1377.0
========================
Round #939
Player cards: [♥3, ♦9], Bot cards:[♣6, ♥7]
Player points: [12, 12], Bot points:[13, 13]
Bot get one more card ♣7
Player point: 12, Bot point: 20
Player lose! Money: 1356.0
========================
Round #940
Player cards: [♠8, ♥9], Bot cards:[♠9, ♣A]
Player points: [17, 17], Bot points:[10, 20]
Bot get one more card ♥7
Player point: 17, Bot point: 17
Draw! Money:1355.0
========================
Round #941
Player cards: [♦2, ♥K], Bot cards:[♣4, ♦T]
Player points: [12, 12], Bot points:[14, 14]
Bot get one more card ♠7
Player point: 12, Bot point: 21
Player lose! Money: 1334.0
========================
Round #942
Player cards: [♦5, ♣Q], Bot cards:[♥3, ♥Q]
Player points: [15, 15], Bot points:[13, 13]
Bot get one more card ♦2
Bot get one more card ♦K
Player point: 15, Bot point: 25
Player win! Money: 1353.0
========================
Round #943
Player cards: [♥4, ♠6], Bot cards:[♥5, ♠9]
Player points: [10, 10], Bot points:[14, 14]
----- Double Bet! -----
Player get one more card ♥8
Bot get one more card ♥9
Player point: 18, Bot point: 23
Player win! Money: 1392.0
========================
Round #944
Player cards: [♠6, ♥T], Bot cards:[♠6, ♠A]
Player points: [16, 16], Bot points:[7, 17]
Bot get one more card ♥4
Bot get one more card ♥Q
Player point: 16, Bot point: 21
Player lose! Money: 1371.0
========================
Round #945
Player cards: [♦6, ♥6], Bot cards:[♦9, ♥J]
Player points: [12, 12], Bot points:[19, 19]
Player get one more card ♣6
Player point: 18, Bot point: 19
Player lose! Money: 1350.0
========================
Round #946
Player cards: [♠2, ♥J], Bot cards:[♠4, ♣5]
Player points: [12, 12], Bot points:[9, 9]
Bot get one more card ♠J
Player point: 12, Bot point: 19
Player lose! Money: 1329.0
========================
Round #947
Player cards: [♦2, ♦6], Bot cards:[♥5, ♠J]
Player points: [8, 8], Bot points:[15, 15]
Player get one more card ♣6
Bot get one more card ♣K
Player point: 14, Bot point: 25
Player win! Money: 1348.0
========================
Round #948
Player cards: [♦2, ♦Q], Bot cards:[♣5, ♥7]
Player points: [12, 12], Bot points:[12, 12]
Bot get one more card ♦7
Player point: 12, Bot point: 19
Player lose! Money: 1327.0
========================
Round #949
Player cards: [♥2, ♥9], Bot cards:[♣9, ♠Q]
Player points: [11, 11], Bot points:[19, 19]
----- Double Bet! -----
Player get one more card ♦6
Player point: 17, Bot point: 19
Player lose! Money: 1286.0
========================
Round #950
Player cards: [♠7, ♠T], Bot cards:[♦5, ♦8]
Player points: [17, 17], Bot points:[13, 13]
Bot get one more card ♥A
Bot get one more card ♣Q
Player point: 17, Bot point: 24
Player win! Money: 1305.0
========================
Round #951
New deck
Player cards: [♦2, ♣A], Bot cards:[♥9, ♠Q]
Player points: [3, 13], Bot points:[19, 19]
Player get one more card ♣4
Player point: 17, Bot point: 19
Player lose! Money: 1284.0
========================
Round #952
Player cards: [♥9, ♠T], Bot cards:[♣T, ♥J]
Player points: [19, 19], Bot points:[20, 20]
Player point: 19, Bot point: 20
Player lose! Money: 1263.0
========================
Round #953
Player cards: [♠4, ♣A], Bot cards:[♠5, ♥A]
Player points: [5, 15], Bot points:[6, 16]
Bot get one more card ♠2
Bot get one more card ♥K
Player point: 15, Bot point: 18
Player lose! Money: 1242.0
========================
Round #954
Player cards: [♥7, ♠9], Bot cards:[♦8, ♣Q]
Player points: [16, 16], Bot points:[18, 18]
Player get one more card ♥T
Player point: 26, Bot point: 18
Player lose! Money: 1221.0
========================
Round #955
Player cards: [♣J, ♠A], Bot cards:[♥5, ♦8]
Player points: [11, 21], Bot points:[13, 13]
Bot get one more card ♦Q
Player point: 21, Bot point: 23
------ BlackJack!! ------
Player win! Money: 1244.0
========================
Round #956
Player cards: [♥4, ♦6], Bot cards:[♣6, ♣6]
Player points: [10, 10], Bot points:[12, 12]
----- Double Bet! -----
Player get one more card ♠6
Bot get one more card ♥4
Bot get one more card ♥T
Player point: 16, Bot point: 26
Player win! Money: 1283.0
========================
Round #957
Player cards: [♠3, ♦6], Bot cards:[♠8, ♥K]
Player points: [9, 9], Bot points:[18, 18]
Player get one more card ♠K
Player point: 19, Bot point: 18
Player win! Money: 1302.0
========================
Round #958
Player cards: [♦T, ♦K], Bot cards:[♠3, ♦J]
Player points: [20, 20], Bot points:[13, 13]
Bot get one more card ♥3
Bot get one more card ♥K
Player point: 20, Bot point: 26
Player win! Money: 1321.0
========================
Round #959
Player cards: [♦8, ♥9], Bot cards:[♠8, ♦Q]
Player points: [17, 17], Bot points:[18, 18]
Player point: 17, Bot point: 18
Player lose! Money: 1300.0
========================
Round #960
Player cards: [♥3, ♠T], Bot cards:[♥6, ♣7]
Player points: [13, 13], Bot points:[13, 13]
Bot get one more card ♦4
Player point: 13, Bot point: 17
Player lose! Money: 1279.0
========================
Round #961
Player cards: [♣4, ♣6], Bot cards:[♠4, ♥A]
Player points: [10, 10], Bot points:[5, 15]
----- Double Bet! -----
Player get one more card ♣6
Bot get one more card ♣Q
Bot get one more card ♣3
Player point: 16, Bot point: 18
Player lose! Money: 1238.0
========================
Round #962
Player cards: [♦5, ♥9], Bot cards:[♠5, ♦T]
Player points: [14, 14], Bot points:[15, 15]
Bot get one more card ♥Q
Player point: 14, Bot point: 25
Player win! Money: 1257.0
========================
Round #963
Player cards: [♦A, ♥A], Bot cards:[♥4, ♣K]
Player points: [2, 12], Bot points:[14, 14]
-------- Split! Two hands: [3, 13], [10, 20]
For second hand:
Bot get one more card ♦5
Player point: 13, Bot point: 19
Player lose! Money: 1236.0
========================
Player point: 20, Bot point: 19
Player win! Money: 1256.0
========================
Round #964
Player cards: [♥5, ♠7], Bot cards:[♥5, ♦K]
Player points: [12, 12], Bot points:[15, 15]
Bot get one more card ♥2
Player point: 12, Bot point: 17
Player lose! Money: 1235.0
========================
Round #965
Player cards: [♥6, ♥J], Bot cards:[♦7, ♥K]
Player points: [16, 16], Bot points:[17, 17]
Player get one more card ♣9
Player point: 25, Bot point: 17
Player lose! Money: 1214.0
========================
Round #966
Player cards: [♣2, ♠4], Bot cards:[♣8, ♣K]
Player points: [6, 6], Bot points:[18, 18]
Player get one more card ♣5
Player get one more card ♠8
Player point: 19, Bot point: 18
Player win! Money: 1233.0
========================
Round #967
Player cards: [♦2, ♦2], Bot cards:[♥4, ♦J]
Player points: [4, 4], Bot points:[14, 14]
-------- Split! Two hands: [10, 10], [12, 12]
----- Double Bet! -----
Player get one more card ♠7
For second hand:
Bot get one more card ♣7
Player point: 17, Bot point: 21
Player lose! Money: 1192.0
========================
Player point: 12, Bot point: 21
Player lose! Money: 1172.0
========================
Round #968
Player cards: [♥J, ♦A], Bot cards:[♣7, ♣K]
Player points: [11, 21], Bot points:[17, 17]
Player point: 21, Bot point: 17
------ BlackJack!! ------
Player win! Money: 1195.0
========================
Round #969
Player cards: [♣5, ♦Q], Bot cards:[♠J, ♦Q]
Player points: [15, 15], Bot points:[20, 20]
Player get one more card ♠3
Player point: 18, Bot point: 20
Player lose! Money: 1174.0
========================
Round #970
Player cards: [♦3, ♦9], Bot cards:[♠6, ♥7]
Player points: [12, 12], Bot points:[13, 13]
Bot get one more card ♥2
Bot get one more card ♣8
Player point: 12, Bot point: 23
Player win! Money: 1193.0
========================
Round #971
Player cards: [♠9, ♦T], Bot cards:[♠2, ♣9]
Player points: [19, 19], Bot points:[11, 11]
Bot get one more card ♠T
Player point: 19, Bot point: 21
Player lose! Money: 1172.0
========================
Round #972
Player cards: [♣5, ♠9], Bot cards:[♠Q, ♠A]
Player points: [14, 14], Bot points:[11, 21]
Player get one more card ♠2
Player get one more card ♣T
Bot get one more card ♣2
Bot get one more card ♦3
Bot get one more card ♦8
Player point: 26, Bot point: 24
Player lose! Money: 1151.0
========================
Round #973
Player cards: [♦3, ♥J], Bot cards:[♣9, ♣K]
Player points: [13, 13], Bot points:[19, 19]
Player get one more card ♠K
Player point: 23, Bot point: 19
Player lose! Money: 1130.0
========================
Round #974
Player cards: [♥3, ♦7], Bot cards:[♣5, ♦K]
Player points: [10, 10], Bot points:[15, 15]
----- Double Bet! -----
Player get one more card ♣T
Bot get one more card ♣2
Player point: 20, Bot point: 17
Player win! Money: 1169.0
========================
Round #975
Player cards: [♠Q, ♦K], Bot cards:[♠3, ♥8]
Player points: [20, 20], Bot points:[11, 11]
Bot get one more card ♠T
Player point: 20, Bot point: 21
Player lose! Money: 1148.0
========================
Round #976
Player cards: [♥7, ♣8], Bot cards:[♣3, ♠7]
Player points: [15, 15], Bot points:[10, 10]
Bot get one more card ♥A
Bot get one more card ♠J
Player point: 15, Bot point: 21
Player lose! Money: 1127.0
========================
Round #977
Player cards: [♣9, ♦J], Bot cards:[♣2, ♥3]
Player points: [19, 19], Bot points:[5, 5]
Bot get one more card ♠A
Bot get one more card ♠7
Bot get one more card ♣4
Player point: 19, Bot point: 17
Player win! Money: 1146.0
========================
Round #978
Player cards: [♦2, ♥8], Bot cards:[♦5, ♦6]
Player points: [10, 10], Bot points:[11, 11]
----- Double Bet! -----
Player get one more card ♥Q
Bot get one more card ♦9
Player point: 20, Bot point: 20
Draw! Money:1145.0
========================
Round #979
Player cards: [♦3, ♥T], Bot cards:[♣J, ♦A]
Player points: [13, 13], Bot points:[11, 21]
Player get one more card ♣T
Bot get one more card ♥2
Bot get one more card ♣A
Bot get one more card ♠A
Bot get one more card ♣J
Player point: 23, Bot point: 25
Player lose! Money: 1124.0
========================
Round #980
Player cards: [♥5, ♥Q], Bot cards:[♣7, ♦9]
Player points: [15, 15], Bot points:[16, 16]
Player get one more card ♣4
Bot get one more card ♠K
Player point: 19, Bot point: 26
Player win! Money: 1143.0
========================
Round #981
Player cards: [♣Q, ♦Q], Bot cards:[♦9, ♥Q]
Player points: [20, 20], Bot points:[19, 19]
Player point: 20, Bot point: 19
Player win! Money: 1162.0
========================
Round #982
Player cards: [♥2, ♥8], Bot cards:[♦4, ♥6]
Player points: [10, 10], Bot points:[10, 10]
----- Double Bet! -----
Player get one more card ♦J
Bot get one more card ♦7
Player point: 20, Bot point: 17
Player win! Money: 1201.0
========================
Round #983
Player cards: [♣3, ♦T], Bot cards:[♥7, ♠8]
Player points: [13, 13], Bot points:[15, 15]
Player get one more card ♣3
Player get one more card ♠5
Bot get one more card ♣Q
Player point: 21, Bot point: 25
Player win! Money: 1220.0
========================
Round #984
Player cards: [♠6, ♥T], Bot cards:[♦4, ♠J]
Player points: [16, 16], Bot points:[14, 14]
Bot get one more card ♠4
Player point: 16, Bot point: 18
Player lose! Money: 1199.0
========================
Round #985
Player cards: [♦4, ♦5], Bot cards:[♠5, ♠K]
Player points: [9, 9], Bot points:[15, 15]
----- Double Bet! -----
Player get one more card ♥8
Bot get one more card ♠6
Player point: 17, Bot point: 21
Player lose! Money: 1158.0
========================
Round #986
Player cards: [♠J, ♠Q], Bot cards:[♣J, ♣A]
Player points: [20, 20], Bot points:[11, 21]
Bot get one more card ♦7
Player point: 20, Bot point: 18
Player win! Money: 1177.0
========================
Round #987
New deck
Player cards: [♣3, ♥T], Bot cards:[♠3, ♦5]
Player points: [13, 13], Bot points:[8, 8]
Bot get one more card ♥5
Bot get one more card ♠4
Player point: 13, Bot point: 17
Player lose! Money: 1156.0
========================
Round #988
Player cards: [♥9, ♣T], Bot cards:[♠5, ♣A]
Player points: [19, 19], Bot points:[6, 16]
Bot get one more card ♣8
Bot get one more card ♥6
Player point: 19, Bot point: 20
Player lose! Money: 1135.0
========================
Round #989
Player cards: [♠6, ♣J], Bot cards:[♣6, ♠A]
Player points: [16, 16], Bot points:[7, 17]
Bot get one more card ♣K
Player point: 16, Bot point: 17
Player lose! Money: 1114.0
========================
Round #990
Player cards: [♥4, ♦5], Bot cards:[♦T, ♦A]
Player points: [9, 9], Bot points:[11, 21]
Player get one more card ♦A
Bot get one more card ♠5
Bot get one more card ♣2
Player point: 20, Bot point: 18
Player win! Money: 1133.0
========================
Round #991
Player cards: [♥7, ♥9], Bot cards:[♣2, ♥8]
Player points: [16, 16], Bot points:[10, 10]
Bot get one more card ♦7
Player point: 16, Bot point: 17
Player lose! Money: 1112.0
========================
Round #992
Player cards: [♠2, ♣6], Bot cards:[♠9, ♠K]
Player points: [8, 8], Bot points:[19, 19]
Player get one more card ♠A
Player point: 19, Bot point: 19
Draw! Money:1111.0
========================
Round #993
Player cards: [♥2, ♦T], Bot cards:[♦6, ♥8]
Player points: [12, 12], Bot points:[14, 14]
Bot get one more card ♠9
Player point: 12, Bot point: 23
Player win! Money: 1130.0
========================
Round #994
Player cards: [♥5, ♥J], Bot cards:[♠Q, ♦K]
Player points: [15, 15], Bot points:[20, 20]
Player get one more card ♠T
Player point: 25, Bot point: 20
Player lose! Money: 1109.0
========================
Round #995
Player cards: [♥7, ♠J], Bot cards:[♣5, ♦Q]
Player points: [17, 17], Bot points:[15, 15]
Bot get one more card ♠J
Player point: 17, Bot point: 25
Player win! Money: 1128.0
========================
Round #996
Player cards: [♣Q, ♣A], Bot cards:[♥8, ♠K]
Player points: [11, 21], Bot points:[18, 18]
Player point: 21, Bot point: 18
------ BlackJack!! ------
Player win! Money: 1151.0
========================
Round #997
Player cards: [♥Q, ♥Q], Bot cards:[♦9, ♠K]
Player points: [20, 20], Bot points:[19, 19]
Player point: 20, Bot point: 19
Player win! Money: 1170.0
========================
Round #998
Player cards: [♦3, ♣9], Bot cards:[♠5, ♣T]
Player points: [12, 12], Bot points:[15, 15]
Bot get one more card ♥Q
Player point: 12, Bot point: 25
Player win! Money: 1189.0
========================
Round #999
Total round: 1000. Blackjack count: 52
====== Game Begin! ======
Total money: 500
Player cards: [♠2, ♦5], Bot cards:[♥3, ♥5]
Player points: [7, 7], Bot points:[8, 8]
Player get one more card ♦Q
Bot get one more card ♣5
Bot get one more card ♦3
Bot get one more card ♥8
Player point: 17, Bot point: 24
Player win! Money: 520
========================
Round #0
Player cards: [♠9, ♥K], Bot cards:[♦6, ♠Q]
Player points: [19, 19], Bot points:[16, 16]
Bot get one more card ♠7
Player point: 19, Bot point: 23
Player win! Money: 539
========================
Round #1
Player cards: [♣7, ♣9], Bot cards:[♣4, ♦5]
Player points: [16, 16], Bot points:[9, 9]
Bot get one more card ♣Q
Player point: 16, Bot point: 19
Player lose! Money: 518
========================
Round #2
Player cards: [♣8, ♦9], Bot cards:[♠3, ♠4]
Player points: [17, 17], Bot points:[7, 7]
Bot get one more card ♥4
Bot get one more card ♥Q
Player point: 17, Bot point: 21
Player lose! Money: 497
========================
Round #3
Player cards: [♥4, ♣5], Bot cards:[♦7, ♥A]
Player points: [9, 9], Bot points:[8, 18]
Player get one more card ♠6
Player get one more card ♦J
Bot get one more card ♥8
Bot get one more card ♦K
Player point: 25, Bot point: 26
Player lose! Money: 476
========================
Round #4
Player cards: [♣3, ♥T], Bot cards:[♦5, ♦A]
Player points: [13, 13], Bot points:[6, 16]
Bot get one more card ♦6
Bot get one more card ♠3
Bot get one more card ♦3
Player point: 13, Bot point: 18
Player lose! Money: 455
========================
Round #5
Player cards: [♣2, ♥9], Bot cards:[♥2, ♦J]
Player points: [11, 11], Bot points:[12, 12]
----- Double Bet! -----
Player get one more card ♣K
Bot get one more card ♠6
Player point: 21, Bot point: 18
Player win! Money: 494
========================
Round #6
Player cards: [♣3, ♣3], Bot cards:[♣T, ♥K]
Player points: [6, 6], Bot points:[20, 20]
Player get one more card ♠9
Player get one more card ♠A
Player get one more card ♠5
Player point: 21, Bot point: 20
Player win! Money: 513
========================
Round #7
Player cards: [♠6, ♠9], Bot cards:[♥4, ♦K]
Player points: [15, 15], Bot points:[14, 14]
Bot get one more card ♥7
Player point: 15, Bot point: 21
Player lose! Money: 492
========================
Round #8
Player cards: [♣8, ♦J], Bot cards:[♣6, ♥Q]
Player points: [18, 18], Bot points:[16, 16]
Bot get one more card ♣6
Player point: 18, Bot point: 22
Player win! Money: 511
========================
Round #9
Player cards: [♣3, ♣7], Bot cards:[♥7, ♣J]
Player points: [10, 10], Bot points:[17, 17]
----- Double Bet! -----
Player get one more card ♠7
Player point: 17, Bot point: 17
Draw! Money:510
========================
Round #10
Player cards: [♥6, ♣9], Bot cards:[♥3, ♣A]
Player points: [15, 15], Bot points:[4, 14]
Bot get one more card ♦6
Bot get one more card ♣7
Player point: 15, Bot point: 17
Player lose! Money: 489
========================
Round #11
Player cards: [♣6, ♠8], Bot cards:[♠Q, ♥A]
Player points: [14, 14], Bot points:[11, 21]
Player get one more card ♠K
Bot get one more card ♦3
Bot get one more card ♠J
Player point: 24, Bot point: 24
Player lose! Money: 468
========================
Round #12
Player cards: [♦2, ♥3], Bot cards:[♥2, ♥A]
Player points: [5, 5], Bot points:[3, 13]
Player get one more card ♣Q
Bot get one more card ♥A
Bot get one more card ♠T
Bot get one more card ♠2
Bot get one more card ♣K
Player point: 15, Bot point: 26
Player win! Money: 487
========================
Round #13
Player cards: [♣8, ♥J], Bot cards:[♣4, ♠J]
Player points: [18, 18], Bot points:[14, 14]
Bot get one more card ♥6
Player point: 18, Bot point: 20
Player lose! Money: 466
========================
Round #14
Player cards: [♣5, ♠Q], Bot cards:[♣2, ♦T]
Player points: [15, 15], Bot points:[12, 12]
Bot get one more card ♣9
Player point: 15, Bot point: 21
Player lose! Money: 445
========================
Round #15
Player cards: [♣T, ♠A], Bot cards:[♦7, ♦8]
Player points: [11, 21], Bot points:[15, 15]
Bot get one more card ♦2
Player point: 21, Bot point: 17
------ BlackJack!! ------
Player win! Money: 468.0
========================
Round #16
Player cards: [♥5, ♥T], Bot cards:[♦7, ♠7]
Player points: [15, 15], Bot points:[14, 14]
Player get one more card ♠K
Bot get one more card ♦J
Player point: 25, Bot point: 24
Player lose! Money: 447.0
========================
Round #17
Player cards: [♦T, ♣A], Bot cards:[♥5, ♥6]
Player points: [11, 21], Bot points:[11, 11]
Bot get one more card ♠J
Player point: 21, Bot point: 21
Player lose! Money: 426.0
========================
Round #18
Player cards: [♣4, ♦Q], Bot cards:[♠8, ♦9]
Player points: [14, 14], Bot points:[17, 17]
Player get one more card ♦T
Player point: 24, Bot point: 17
Player lose! Money: 405.0
========================
Round #19
Player cards: [♠K, ♦A], Bot cards:[♠3, ♣T]
Player points: [11, 21], Bot points:[13, 13]
Bot get one more card ♥9
Player point: 21, Bot point: 22
------ BlackJack!! ------
Player win! Money: 428.0
========================
Round #20
Player cards: [♦4, ♣9], Bot cards:[♠8, ♦9]
Player points: [13, 13], Bot points:[17, 17]
Player get one more card ♠A
Player get one more card ♣J
Player point: 24, Bot point: 17
Player lose! Money: 407.0
========================
Round #21
Player cards: [♥5, ♥J], Bot cards:[♥2, ♠5]
Player points: [15, 15], Bot points:[7, 7]
Bot get one more card ♠5
Bot get one more card ♠J
Player point: 15, Bot point: 22
Player win! Money: 426.0
========================
Round #22
Player cards: [♠4, ♥T], Bot cards:[♦4, ♥6]
Player points: [14, 14], Bot points:[10, 10]
Bot get one more card ♠A
Bot get one more card ♣5
Bot get one more card ♣T
Player point: 14, Bot point: 26
Player win! Money: 445.0
========================
Round #23
Player cards: [♦4, ♣J], Bot cards:[♠4, ♦5]
Player points: [14, 14], Bot points:[9, 9]
Bot get one more card ♦A
Bot get one more card ♠T
Player point: 14, Bot point: 20
Player lose! Money: 424.0
========================
Round #24
Player cards: [♣K, ♦K], Bot cards:[♠T, ♠K]
Player points: [20, 20], Bot points:[20, 20]
Player point: 20, Bot point: 20
Draw! Money:423.0
========================
Round #25
Player cards: [♠4, ♥7], Bot cards:[♥8, ♥K]
Player points: [11, 11], Bot points:[18, 18]
----- Double Bet! -----
Player get one more card ♦8
Player point: 19, Bot point: 18
Player win! Money: 462.0
========================
Round #26
Player cards: [♣2, ♠2], Bot cards:[♥8, ♣K]
Player points: [4, 4], Bot points:[18, 18]
Player get one more card ♦8
Player get one more card ♠9
Player point: 21, Bot point: 18
Player win! Money: 481.0
========================
Round #27
Player cards: [♣7, ♥Q], Bot cards:[♦8, ♣A]
Player points: [17, 17], Bot points:[9, 19]
Bot get one more card ♦6
Bot get one more card ♦T
Player point: 17, Bot point: 25
Player win! Money: 500.0
========================
Round #28
Player cards: [♠8, ♣A], Bot cards:[♠3, ♥K]
Player points: [9, 19], Bot points:[13, 13]
Bot get one more card ♥9
Player point: 19, Bot point: 22
Player win! Money: 519.0
========================
Round #29
Player cards: [♥T, ♥Q], Bot cards:[♠2, ♦Q]
Player points: [20, 20], Bot points:[12, 12]
Bot get one more card ♥J
Player point: 20, Bot point: 22
Player win! Money: 538.0
========================
Round #30
Player cards: [♥3, ♦9], Bot cards:[♠6, ♥7]
Player points: [12, 12], Bot points:[13, 13]
Bot get one more card ♦2
Bot get one more card ♠5
Player point: 12, Bot point: 20
Player lose! Money: 517.0
========================
Round #31
Player cards: [♣Q, ♦A], Bot cards:[♣2, ♦3]
Player points: [11, 21], Bot points:[5, 5]
Bot get one more card ♦2
Bot get one more card ♥J
Player point: 21, Bot point: 17
------ BlackJack!! ------
Player win! Money: 540.0
========================
Round #32
Player cards: [♥9, ♠Q], Bot cards:[♠T, ♣Q]
Player points: [19, 19], Bot points:[20, 20]
Player point: 19, Bot point: 20
Player lose! Money: 519.0
========================
Round #33
Player cards: [♦4, ♣6], Bot cards:[♣J, ♦Q]
Player points: [10, 10], Bot points:[20, 20]
Player get one more card ♥4
Player get one more card ♦K
Player point: 24, Bot point: 20
Player lose! Money: 498.0
========================
Round #34
New deck
Player cards: [♥4, ♥5], Bot cards:[♣7, ♠A]
Player points: [9, 9], Bot points:[8, 18]
Player get one more card ♥3
Player get one more card ♣J
Bot get one more card ♦K
Player point: 22, Bot point: 18
Player lose! Money: 477.0
========================
Round #35
Player cards: [♠9, ♦9], Bot cards:[♣8, ♥Q]
Player points: [18, 18], Bot points:[18, 18]
-------- Split! Two hands: [19, 19], [10, 20]
For second hand:
Player point: 19, Bot point: 18
Player win! Money: 496.0
========================
Player point: 20, Bot point: 18
Player win! Money: 516.0
========================
Round #36
Player cards: [♣2, ♣9], Bot cards:[♠2, ♠J]
Player points: [11, 11], Bot points:[12, 12]
----- Double Bet! -----
Player get one more card ♦8
Bot get one more card ♠6
Player point: 19, Bot point: 18
Player win! Money: 555.0
========================
Round #37
Player cards: [♦J, ♦K], Bot cards:[♥6, ♠Q]
Player points: [20, 20], Bot points:[16, 16]
Bot get one more card ♦4
Player point: 20, Bot point: 20
Draw! Money:554.0
========================
Round #38
Player cards: [♣3, ♥T], Bot cards:[♣5, ♣T]
Player points: [13, 13], Bot points:[15, 15]
Bot get one more card ♥4
Player point: 13, Bot point: 19
Player lose! Money: 533.0
========================
Round #39
Player cards: [♣6, ♥8], Bot cards:[♠6, ♥J]
Player points: [14, 14], Bot points:[16, 16]
Bot get one more card ♥9
Player point: 14, Bot point: 25
Player win! Money: 552.0
========================
Round #40
Player cards: [♠6, ♠K], Bot cards:[♥6, ♥K]
Player points: [16, 16], Bot points:[16, 16]
Bot get one more card ♦A
Player point: 16, Bot point: 17
Player lose! Money: 531.0
========================
Round #41
Player cards: [♠2, ♥Q], Bot cards:[♦J, ♠J]
Player points: [12, 12], Bot points:[20, 20]
Player get one more card ♦3
Player get one more card ♦4
Player point: 19, Bot point: 20
Player lose! Money: 510.0
========================
Round #42
Player cards: [♥5, ♣7], Bot cards:[♣4, ♠7]
Player points: [12, 12], Bot points:[11, 11]
Bot get one more card ♣T
Player point: 12, Bot point: 21
Player lose! Money: 489.0
========================
Round #43
Player cards: [♥6, ♥T], Bot cards:[♥2, ♥2]
Player points: [16, 16], Bot points:[4, 4]
Bot get one more card ♥K
Bot get one more card ♣J
Player point: 16, Bot point: 24
Player win! Money: 508.0
========================
Round #44
Player cards: [♠2, ♦2], Bot cards:[♦T, ♣K]
Player points: [4, 4], Bot points:[20, 20]
Player get one more card ♠7
Player get one more card ♠7
Player point: 18, Bot point: 20
Player lose! Money: 487.0
========================
Round #45
Player cards: [♦7, ♠8], Bot cards:[♥3, ♠5]
Player points: [15, 15], Bot points:[8, 8]
Bot get one more card ♣K
Player point: 15, Bot point: 18
Player lose! Money: 466.0
========================
Round #46
Player cards: [♦4, ♠4], Bot cards:[♦3, ♠3]
Player points: [8, 8], Bot points:[6, 6]
Player get one more card ♠T
Bot get one more card ♦Q
Bot get one more card ♠T
Player point: 18, Bot point: 26
Player win! Money: 485.0
========================
Round #47
Player cards: [♥3, ♦T], Bot cards:[♣2, ♦7]
Player points: [13, 13], Bot points:[9, 9]
Bot get one more card ♥7
Bot get one more card ♠T
Player point: 13, Bot point: 26
Player win! Money: 504.0
========================
Round #48
Player cards: [♦5, ♠A], Bot cards:[♦7, ♠K]
Player points: [6, 16], Bot points:[17, 17]
Player get one more card ♠T
Player get one more card ♠7
Player point: 23, Bot point: 17
Player lose! Money: 483.0
========================
Round #49
Player cards: [♣3, ♣6], Bot cards:[♣5, ♦6]
Player points: [9, 9], Bot points:[11, 11]
----- Double Bet! -----
Player get one more card ♥2
Bot get one more card ♥J
Player point: 11, Bot point: 21
Player lose! Money: 442.0
========================
Round #50
Player cards: [♦7, ♠K], Bot cards:[♠8, ♠J]
Player points: [17, 17], Bot points:[18, 18]
Player point: 17, Bot point: 18
Player lose! Money: 421.0
========================
Round #51
Player cards: [♥8, ♣K], Bot cards:[♥2, ♠Q]
Player points: [18, 18], Bot points:[12, 12]
Bot get one more card ♠Q
Player point: 18, Bot point: 22
Player win! Money: 440.0
========================
Round #52
Player cards: [♠3, ♦T], Bot cards:[♣4, ♣5]
Player points: [13, 13], Bot points:[9, 9]
Bot get one more card ♥8
Player point: 13, Bot point: 17
Player lose! Money: 419.0
========================
Round #53
Player cards: [♦5, ♣7], Bot cards:[♣Q, ♠Q]
Player points: [12, 12], Bot points:[20, 20]
Player get one more card ♠4
Player get one more card ♣8
Player point: 24, Bot point: 20
Player lose! Money: 398.0
========================
Round #54
Player cards: [♦8, ♦A], Bot cards:[♣4, ♣Q]
Player points: [9, 19], Bot points:[14, 14]
Bot get one more card ♠5
Player point: 19, Bot point: 19
Draw! Money:397.0
========================
Round #55
Player cards: [♥7, ♠9], Bot cards:[♦Q, ♦A]
Player points: [16, 16], Bot points:[11, 21]
Player get one more card ♥3
Bot get one more card ♦6
Player point: 19, Bot point: 17
Player win! Money: 416.0
========================
Round #56
Player cards: [♦4, ♥K], Bot cards:[♣2, ♥A]
Player points: [14, 14], Bot points:[3, 13]
Bot get one more card ♥T
Bot get one more card ♥7
Player point: 14, Bot point: 20
Player lose! Money: 395.0
========================
Round #57
Player cards: [♥2, ♣9], Bot cards:[♣7, ♣K]
Player points: [11, 11], Bot points:[17, 17]
----- Double Bet! -----
Player get one more card ♠3
Player point: 14, Bot point: 17
Player lose! Money: 354.0
========================
Round #58
Player cards: [♠8, ♥9], Bot cards:[♦2, ♦5]
Player points: [17, 17], Bot points:[7, 7]
Bot get one more card ♣T
Player point: 17, Bot point: 17
Draw! Money:353.0
========================
Round #59
Player cards: [♥5, ♥Q], Bot cards:[♠5, ♣8]
Player points: [15, 15], Bot points:[13, 13]
Bot get one more card ♠8
Player point: 15, Bot point: 21
Player lose! Money: 332.0
========================
Round #60
Player cards: [♠5, ♥Q], Bot cards:[♠4, ♣J]
Player points: [15, 15], Bot points:[14, 14]
Bot get one more card ♥K
Player point: 15, Bot point: 24
Player win! Money: 351.0
========================
Round #61
Player cards: [♠4, ♦K], Bot cards:[♦2, ♦5]
Player points: [14, 14], Bot points:[7, 7]
Bot get one more card ♣A
Bot get one more card ♠7
Bot get one more card ♦9
Player point: 14, Bot point: 24
Player win! Money: 370.0
========================
Round #62
Player cards: [♣5, ♣6], Bot cards:[♦6, ♥A]
Player points: [11, 11], Bot points:[7, 17]
----- Double Bet! -----
Player get one more card ♦2
Bot get one more card ♥5
Bot get one more card ♠9
Player point: 13, Bot point: 21
Player lose! Money: 329.0
========================
Round #63
Player cards: [♥4, ♦9], Bot cards:[♣3, ♠9]
Player points: [13, 13], Bot points:[12, 12]
Bot get one more card ♠J
Player point: 13, Bot point: 22
Player win! Money: 348.0
========================
Round #64
Player cards: [♠6, ♣9], Bot cards:[♥6, ♥7]
Player points: [15, 15], Bot points:[13, 13]
Bot get one more card ♦A
Bot get one more card ♥J
Player point: 15, Bot point: 24
Player win! Money: 367.0
========================
Round #65
Player cards: [♣J, ♠K], Bot cards:[♣T, ♦Q]
Player points: [20, 20], Bot points:[20, 20]
Player point: 20, Bot point: 20
Draw! Money:366.0
========================
Round #66
Player cards: [♣3, ♥J], Bot cards:[♣4, ♣A]
Player points: [13, 13], Bot points:[5, 15]
Bot get one more card ♦T
Bot get one more card ♥8
Player point: 13, Bot point: 23
Player win! Money: 385.0
========================
Round #67
Player cards: [♥4, ♦Q], Bot cards:[♦3, ♦8]
Player points: [14, 14], Bot points:[11, 11]
Bot get one more card ♥9
Player point: 14, Bot point: 20
Player lose! Money: 364.0
========================
Round #68
Player cards: [♣9, ♥A], Bot cards:[♦7, ♥A]
Player points: [10, 20], Bot points:[8, 18]
Bot get one more card ♠3
Bot get one more card ♣A
Bot get one more card ♥9
Player point: 20, Bot point: 21
Player lose! Money: 343.0
========================
Round #69
Player cards: [♣2, ♠A], Bot cards:[♦8, ♣8]
Player points: [3, 13], Bot points:[16, 16]
Player get one more card ♥T
Player get one more card ♦3
Player get one more card ♣6
Bot get one more card ♦K
Player point: 22, Bot point: 26
Player lose! Money: 322.0
========================
Round #70
New deck
Player cards: [♦7, ♣Q], Bot cards:[♥5, ♣Q]
Player points: [17, 17], Bot points:[15, 15]
Bot get one more card ♦K
Player point: 17, Bot point: 25
Player win! Money: 341.0
========================
Round #71
Player cards: [♣8, ♥A], Bot cards:[♦2, ♦8]
Player points: [9, 19], Bot points:[10, 10]
Bot get one more card ♥8
Player point: 19, Bot point: 18
Player win! Money: 360.0
========================
Round #72
Player cards: [♥Q, ♣K], Bot cards:[♣5, ♥K]
Player points: [20, 20], Bot points:[15, 15]
Bot get one more card ♥9
Player point: 20, Bot point: 24
Player win! Money: 379.0
========================
Round #73
Player cards: [♣3, ♣7], Bot cards:[♣4, ♣5]
Player points: [10, 10], Bot points:[9, 9]
----- Double Bet! -----
Player get one more card ♠7
Bot get one more card ♥T
Player point: 17, Bot point: 19
Player lose! Money: 338.0
========================
Round #74
Player cards: [♦5, ♦K], Bot cards:[♣J, ♥K]
Player points: [15, 15], Bot points:[20, 20]
Player get one more card ♦9
Player point: 24, Bot point: 20
Player lose! Money: 317.0
========================
Round #75
Player cards: [♦3, ♠Q], Bot cards:[♥5, ♣6]
Player points: [13, 13], Bot points:[11, 11]
Bot get one more card ♠6
Player point: 13, Bot point: 17
Player lose! Money: 296.0
========================
Round #76
Player cards: [♠T, ♣J], Bot cards:[♦3, ♦9]
Player points: [20, 20], Bot points:[12, 12]
Bot get one more card ♦5
Player point: 20, Bot point: 17
Player win! Money: 315.0
========================
Round #77
Player cards: [♣4, ♦K], Bot cards:[♠3, ♣9]
Player points: [14, 14], Bot points:[12, 12]
Bot get one more card ♥4
Bot get one more card ♣4
Player point: 14, Bot point: 20
Player lose! Money: 294.0
========================
Round #78
Player cards: [♥3, ♦7], Bot cards:[♣2, ♣2]
Player points: [10, 10], Bot points:[4, 4]
----- Double Bet! -----
Player get one more card ♥3
Bot get one more card ♦8
Bot get one more card ♦7
Player point: 13, Bot point: 19
Player lose! Money: 253.0
========================
Round #79
Player cards: [♥2, ♦J], Bot cards:[♣T, ♣J]
Player points: [12, 12], Bot points:[20, 20]
Player get one more card ♦6
Player point: 18, Bot point: 20
Player lose! Money: 232.0
========================
Round #80
Player cards: [♥4, ♣5], Bot cards:[♣7, ♠9]
Player points: [9, 9], Bot points:[16, 16]
Player get one more card ♠6
Player get one more card ♣3
Bot get one more card ♥T
Player point: 18, Bot point: 26
Player win! Money: 251.0
========================
Round #81
Player cards: [♥2, ♣K], Bot cards:[♠2, ♥9]
Player points: [12, 12], Bot points:[11, 11]
Player get one more card ♠3
Bot get one more card ♠J
Player point: 15, Bot point: 21
Player lose! Money: 230.0
========================
Round #82
Player cards: [♥8, ♣Q], Bot cards:[♥3, ♥9]
Player points: [18, 18], Bot points:[12, 12]
Bot get one more card ♣8
Player point: 18, Bot point: 20
Player lose! Money: 209.0
========================
Round #83
Player cards: [♦3, ♦Q], Bot cards:[♥6, ♥A]
Player points: [13, 13], Bot points:[7, 17]
Bot get one more card ♠T
Player point: 13, Bot point: 17
Player lose! Money: 188.0
========================
Round #84
Player cards: [♠3, ♥J], Bot cards:[♠9, ♠K]
Player points: [13, 13], Bot points:[19, 19]
Player get one more card ♦4
Player point: 17, Bot point: 19
Player lose! Money: 167.0
========================
Round #85
Player cards: [♦T, ♠A], Bot cards:[♠9, ♦A]
Player points: [11, 21], Bot points:[10, 20]
Bot get one more card ♥7
Player point: 21, Bot point: 17
------ BlackJack!! ------
Player win! Money: 190.0
========================
Round #86
Player cards: [♠2, ♥K], Bot cards:[♦9, ♠J]
Player points: [12, 12], Bot points:[19, 19]
Player get one more card ♥7
Player point: 19, Bot point: 19
Draw! Money:189.0
========================
Round #87
Player cards: [♠8, ♠K], Bot cards:[♠7, ♦8]
Player points: [18, 18], Bot points:[15, 15]
Bot get one more card ♦J
Player point: 18, Bot point: 25
Player win! Money: 208.0
========================
Round #88
Player cards: [♣6, ♥A], Bot cards:[♠T, ♠A]
Player points: [7, 17], Bot points:[11, 21]
Bot get one more card ♦3
Bot get one more card ♦Q
Player point: 17, Bot point: 24
Player win! Money: 227.0
========================
Round #89
Player cards: [♦5, ♣T], Bot cards:[♦4, ♣9]
Player points: [15, 15], Bot points:[13, 13]
Bot get one more card ♣Q
Player point: 15, Bot point: 23
Player win! Money: 246.0
========================
Round #90
Player cards: [♠6, ♦J], Bot cards:[♠6, ♣A]
Player points: [16, 16], Bot points:[7, 17]
Bot get one more card ♦6
Bot get one more card ♠9
Player point: 16, Bot point: 22
Player win! Money: 265.0
========================
Round #91
Player cards: [♥4, ♥7], Bot cards:[♥2, ♦2]
Player points: [11, 11], Bot points:[4, 4]
----- Double Bet! -----
Player get one more card ♦6
Bot get one more card ♥9
Bot get one more card ♠K
Player point: 17, Bot point: 23
Player win! Money: 304.0
========================
Round #92
Player cards: [♦2, ♣8], Bot cards:[♣5, ♦T]
Player points: [10, 10], Bot points:[15, 15]
----- Double Bet! -----
Player get one more card ♥2
Bot get one more card ♠8
Player point: 12, Bot point: 23
Player win! Money: 343.0
========================
Round #93
Player cards: [♣3, ♦T], Bot cards:[♥6, ♣T]
Player points: [13, 13], Bot points:[16, 16]
Bot get one more card ♣Q
Player point: 13, Bot point: 26
Player win! Money: 362.0
========================
Round #94
Player cards: [♥8, ♠T], Bot cards:[♠5, ♦9]
Player points: [18, 18], Bot points:[14, 14]
Bot get one more card ♣8
Player point: 18, Bot point: 22
Player win! Money: 381.0
========================
Round #95
Player cards: [♥4, ♦A], Bot cards:[♠4, ♣A]
Player points: [5, 15], Bot points:[5, 15]
Bot get one more card ♠A
Bot get one more card ♣6
Bot get one more card ♥6
Player point: 15, Bot point: 18
Player lose! Money: 360.0
========================
Round #96
Player cards: [♠3, ♣A], Bot cards:[♣2, ♠4]
Player points: [4, 14], Bot points:[6, 6]
Bot get one more card ♦4
Bot get one more card ♣7
Player point: 14, Bot point: 17
Player lose! Money: 339.0
========================
Round #97
Player cards: [♥3, ♣J], Bot cards:[♣6, ♥Q]
Player points: [13, 13], Bot points:[16, 16]
Bot get one more card ♠4
Player point: 13, Bot point: 20
Player lose! Money: 318.0
========================
Round #98
Player cards: [♠7, ♥T], Bot cards:[♠Q, ♥A]
Player points: [17, 17], Bot points:[11, 21]
Bot get one more card ♥J
Player point: 17, Bot point: 21
Player lose! Money: 297.0
========================
Round #99
Player cards: [♣9, ♠J], Bot cards:[♠Q, ♠K]
Player points: [19, 19], Bot points:[20, 20]
Player point: 19, Bot point: 20
Player lose! Money: 276.0
========================
Round #100
Player cards: [♣2, ♣3], Bot cards:[♥J, ♥K]
Player points: [5, 5], Bot points:[20, 20]
Player get one more card ♦5
Player get one more card ♣K
Player point: 20, Bot point: 20
Draw! Money:275.0
========================
Round #101
Player cards: [♥6, ♦Q], Bot cards:[♣4, ♠5]
Player points: [16, 16], Bot points:[9, 9]
Bot get one more card ♠2
Bot get one more card ♠8
Player point: 16, Bot point: 19
Player lose! Money: 254.0
========================
Round #102
Player cards: [♠5, ♠A], Bot cards:[♠8, ♦Q]
Player points: [6, 16], Bot points:[18, 18]
Player get one more card ♠2
Player point: 18, Bot point: 18
Draw! Money:253.0
========================
Round #103
Player cards: [♠4, ♠Q], Bot cards:[♥5, ♠A]
Player points: [14, 14], Bot points:[6, 16]
Bot get one more card ♠J
Bot get one more card ♥J
Player point: 14, Bot point: 26
Player win! Money: 272.0
========================
Round #104
Player cards: [♦4, ♦9], Bot cards:[♦6, ♦A]
Player points: [13, 13], Bot points:[7, 17]
Bot get one more card ♦7
Bot get one more card ♠2
Bot get one more card ♥5
Player point: 13, Bot point: 21
Player lose! Money: 251.0
========================
Round #105
Player cards: [♥7, ♣8], Bot cards:[♥Q, ♣K]
Player points: [15, 15], Bot points:[20, 20]
Player get one more card ♦8
Player point: 23, Bot point: 20
Player lose! Money: 230.0
========================
Round #106
Player cards: [♣T, ♦K], Bot cards:[♦J, ♣Q]
Player points: [20, 20], Bot points:[20, 20]
Player point: 20, Bot point: 20
Draw! Money:229.0
========================
Round #107
Player cards: [♥T, ♣A], Bot cards:[♥8, ♦T]
Player points: [11, 21], Bot points:[18, 18]
Player point: 21, Bot point: 18
------ BlackJack!! ------
Player win! Money: 252.0
========================
Round #108
Player cards: [♦6, ♦A], Bot cards:[♣4, ♥Q]
Player points: [7, 17], Bot points:[14, 14]
Bot get one more card ♣9
Player point: 17, Bot point: 23
Player win! Money: 271.0
========================
Round #109
New deck
Player cards: [♣2, ♣9], Bot cards:[♥3, ♣5]
Player points: [11, 11], Bot points:[8, 8]
----- Double Bet! -----
Player get one more card ♥4
Bot get one more card ♠9
Player point: 15, Bot point: 17
Player lose! Money: 230.0
========================
Round #110
Player cards: [♦2, ♦8], Bot cards:[♠4, ♥T]
Player points: [10, 10], Bot points:[14, 14]
----- Double Bet! -----
Player get one more card ♣7
Bot get one more card ♦T
Player point: 17, Bot point: 24
Player win! Money: 269.0
========================
Round #111
Player cards: [♦2, ♠7], Bot cards:[♥8, ♦K]
Player points: [9, 9], Bot points:[18, 18]
Player get one more card ♠5
Player get one more card ♠J
Player point: 24, Bot point: 18
Player lose! Money: 248.0
========================
Round #112
Player cards: [♦7, ♣T], Bot cards:[♦4, ♦K]
Player points: [17, 17], Bot points:[14, 14]
Bot get one more card ♥K
Player point: 17, Bot point: 24
Player win! Money: 267.0
========================
Round #113
Player cards: [♦5, ♣8], Bot cards:[♣8, ♠A]
Player points: [13, 13], Bot points:[9, 19]
Player get one more card ♠3
Player get one more card ♥Q
Bot get one more card ♣3
Bot get one more card ♣A
Bot get one more card ♦A
Bot get one more card ♥5
Player point: 26, Bot point: 19
Player lose! Money: 246.0
========================
Round #114
Player cards: [♣6, ♠9], Bot cards:[♣T, ♥A]
Player points: [15, 15], Bot points:[11, 21]
Player get one more card ♣4
Bot get one more card ♥T
Player point: 19, Bot point: 21
Player lose! Money: 225.0
========================
Round #115
Player cards: [♦2, ♣7], Bot cards:[♦8, ♣K]
Player points: [9, 9], Bot points:[18, 18]
Player get one more card ♣4
Player get one more card ♠7
Player point: 20, Bot point: 18
Player win! Money: 244.0
========================
Round #116
Player cards: [♣6, ♦6], Bot cards:[♠J, ♥Q]
Player points: [12, 12], Bot points:[20, 20]
Player get one more card ♣3
Player get one more card ♦5
Player point: 20, Bot point: 20
Draw! Money:243.0
========================
Round #117
Player cards: [♣5, ♥K], Bot cards:[♣9, ♠T]
Player points: [15, 15], Bot points:[19, 19]
Player get one more card ♥5
Player point: 20, Bot point: 19
Player win! Money: 262.0
========================
Round #118
Player cards: [♥2, ♦9], Bot cards:[♦6, ♦T]
Player points: [11, 11], Bot points:[16, 16]
----- Double Bet! -----
Player get one more card ♠T
Bot get one more card ♣A
Player point: 21, Bot point: 17
Player win! Money: 301.0
========================
Round #119
Player cards: [♠5, ♣J], Bot cards:[♥3, ♣J]
Player points: [15, 15], Bot points:[13, 13]
Bot get one more card ♣4
Player point: 15, Bot point: 17
Player lose! Money: 280.0
========================
Round #120
Player cards: [♦6, ♦J], Bot cards:[♠4, ♦T]
Player points: [16, 16], Bot points:[14, 14]
Bot get one more card ♣Q
Player point: 16, Bot point: 24
Player win! Money: 299.0
========================
Round #121
Player cards: [♥9, ♠K], Bot cards:[♣9, ♦Q]
Player points: [19, 19], Bot points:[19, 19]
Player point: 19, Bot point: 19
Draw! Money:298.0
========================
Round #122
Player cards: [♦2, ♠Q], Bot cards:[♦3, ♥6]
Player points: [12, 12], Bot points:[9, 9]
Player get one more card ♥9
Bot get one more card ♣J
Player point: 21, Bot point: 19
Player win! Money: 317.0
========================
Round #123
Player cards: [♣5, ♥A], Bot cards:[♦6, ♦J]
Player points: [6, 16], Bot points:[16, 16]
Bot get one more card ♣5
Player point: 16, Bot point: 21
Player lose! Money: 296.0
========================
Round #124
Player cards: [♣9, ♥J], Bot cards:[♣2, ♠J]
Player points: [19, 19], Bot points:[12, 12]
Bot get one more card ♠8
Player point: 19, Bot point: 20
Player lose! Money: 275.0
========================
Round #125
Player cards: [♠2, ♦4], Bot cards:[♥2, ♣A]
Player points: [6, 6], Bot points:[3, 13]
Player get one more card ♦A
Bot get one more card ♣7
Bot get one more card ♦9
Player point: 17, Bot point: 19
Player lose! Money: 254.0
========================
Round #126
Player cards: [♦9, ♣Q], Bot cards:[♠5, ♠Q]
Player points: [19, 19], Bot points:[15, 15]
Bot get one more card ♥7
Player point: 19, Bot point: 22
Player win! Money: 273.0
========================
Round #127
Player cards: [♠3, ♣K], Bot cards:[♣3, ♣K]
Player points: [13, 13], Bot points:[13, 13]
Bot get one more card ♦5
Player point: 13, Bot point: 18
Player lose! Money: 252.0
========================
Round #128
Player cards: [♣2, ♥A], Bot cards:[♥T, ♣Q]
Player points: [3, 13], Bot points:[20, 20]
Player get one more card ♦9
Player get one more card ♠8
Player point: 20, Bot point: 20
Draw! Money:251.0
========================
Round #129
Player cards: [♥9, ♦Q], Bot cards:[♦2, ♦8]
Player points: [19, 19], Bot points:[10, 10]
Bot get one more card ♥A
Bot get one more card ♠6
Player point: 19, Bot point: 17
Player win! Money: 270.0
========================
Round #130
Player cards: [♥J, ♦J], Bot cards:[♥6, ♥J]
Player points: [20, 20], Bot points:[16, 16]
Bot get one more card ♦3
Player point: 20, Bot point: 19
Player win! Money: 289.0
========================
Round #131
Player cards: [♥6, ♠A], Bot cards:[♣6, ♣7]
Player points: [7, 17], Bot points:[13, 13]
Bot get one more card ♠7
Player point: 17, Bot point: 20
Player lose! Money: 268.0
========================
Round #132
Player cards: [♥T, ♦K], Bot cards:[♣4, ♠A]
Player points: [20, 20], Bot points:[5, 15]
Bot get one more card ♠T
Bot get one more card ♠6
Player point: 20, Bot point: 21
Player lose! Money: 247.0
========================
Round #133
Player cards: [♣K, ♠A], Bot cards:[♦3, ♦Q]
Player points: [11, 21], Bot points:[13, 13]
Bot get one more card ♠Q
Player point: 21, Bot point: 23
------ BlackJack!! ------
Player win! Money: 270.0
========================
Round #134
Player cards: [♠2, ♣T], Bot cards:[♣T, ♥Q]
Player points: [12, 12], Bot points:[20, 20]
Player get one more card ♠4
Player get one more card ♦T
Player point: 26, Bot point: 20
Player lose! Money: 249.0
========================
Round #135
Player cards: [♥2, ♣J], Bot cards:[♦3, ♥7]
Player points: [12, 12], Bot points:[10, 10]
Player get one more card ♠K
Bot get one more card ♠K
Player point: 22, Bot point: 20
Player lose! Money: 228.0
========================
Round #136
Player cards: [♥2, ♦J], Bot cards:[♠4, ♠7]
Player points: [12, 12], Bot points:[11, 11]
Bot get one more card ♦8
Player point: 12, Bot point: 19
Player lose! Money: 207.0
========================
Round #137
Player cards: [♠2, ♥3], Bot cards:[♠5, ♠9]
Player points: [5, 5], Bot points:[14, 14]
Player get one more card ♦K
Bot get one more card ♦4
Player point: 15, Bot point: 18
Player lose! Money: 186.0
========================
Round #138
Player cards: [♥K, ♠K], Bot cards:[♥8, ♠8]
Player points: [20, 20], Bot points:[16, 16]
Bot get one more card ♥K
Player point: 20, Bot point: 26
Player win! Money: 205.0
========================
Round #139
Player cards: [♠3, ♦5], Bot cards:[♦J, ♦Q]
Player points: [8, 8], Bot points:[20, 20]
Player get one more card ♣8
Player get one more card ♠6
Player point: 22, Bot point: 20
Player lose! Money: 184.0
========================
Round #140
Player cards: [♠6, ♠7], Bot cards:[♠9, ♣A]
Player points: [13, 13], Bot points:[10, 20]
Player get one more card ♣3
Player get one more card ♦4
Bot get one more card ♥3
Bot get one more card ♠T
Player point: 20, Bot point: 23
Player win! Money: 203.0
========================
Round #141
Player cards: [♣6, ♠J], Bot cards:[♦7, ♥J]
Player points: [16, 16], Bot points:[17, 17]
Player get one more card ♦A
Player point: 17, Bot point: 17
Draw! Money:202.0
========================
Round #142
Player cards: [♠8, ♠Q], Bot cards:[♣2, ♥4]
Player points: [18, 18], Bot points:[6, 6]
Bot get one more card ♣7
Bot get one more card ♣Q
Player point: 18, Bot point: 23
Player win! Money: 221.0
========================
Round #143
Player cards: [♥5, ♥7], Bot cards:[♥5, ♦7]
Player points: [12, 12], Bot points:[12, 12]
Bot get one more card ♥8
Player point: 12, Bot point: 20
Player lose! Money: 200.0
========================
Round #144
Player cards: [♥6, ♣8], Bot cards:[♠5, ♥8]
Player points: [14, 14], Bot points:[13, 13]
Bot get one more card ♦7
Player point: 14, Bot point: 20
Player lose! Money: 179.0
========================
Round #145
New deck
Player cards: [♦K, ♣K], Bot cards:[♥3, ♦6]
Player points: [20, 20], Bot points:[9, 9]
Bot get one more card ♦2
Bot get one more card ♦A
Bot get one more card ♣9
Player point: 20, Bot point: 21
Player lose! Money: 158.0
========================
Round #146
Player cards: [♠3, ♣9], Bot cards:[♠4, ♣J]
Player points: [12, 12], Bot points:[14, 14]
Bot get one more card ♦Q
Player point: 12, Bot point: 24
Player win! Money: 177.0
========================
Round #147
Player cards: [♠5, ♥9], Bot cards:[♥4, ♥5]
Player points: [14, 14], Bot points:[9, 9]
Bot get one more card ♣5
Bot get one more card ♠7
Player point: 14, Bot point: 21
Player lose! Money: 156.0
========================
Round #148
Player cards: [♠6, ♦9], Bot cards:[♦8, ♦J]
Player points: [15, 15], Bot points:[18, 18]
Player get one more card ♠6
Player point: 21, Bot point: 18
Player win! Money: 175.0
========================
Round #149
Player cards: [♠3, ♠T], Bot cards:[♠3, ♦5]
Player points: [13, 13], Bot points:[8, 8]
Bot get one more card ♥7
Bot get one more card ♠A
Bot get one more card ♦A
Player point: 13, Bot point: 17
Player lose! Money: 154.0
========================
Round #150
Player cards: [♣4, ♦J], Bot cards:[♥7, ♣Q]
Player points: [14, 14], Bot points:[17, 17]
Player get one more card ♣9
Player point: 23, Bot point: 17
Player lose! Money: 133.0
========================
Round #151
Player cards: [♥6, ♦Q], Bot cards:[♣3, ♣7]
Player points: [16, 16], Bot points:[10, 10]
Bot get one more card ♠9
Player point: 16, Bot point: 19
Player lose! Money: 112.0
========================
Round #152
Player cards: [♦6, ♠7], Bot cards:[♠4, ♥Q]
Player points: [13, 13], Bot points:[14, 14]
Bot get one more card ♥9
Player point: 13, Bot point: 23
Player win! Money: 131.0
========================
Round #153
Player cards: [♥4, ♠9], Bot cards:[♦2, ♣3]
Player points: [13, 13], Bot points:[5, 5]
Bot get one more card ♥J
Bot get one more card ♦7
Player point: 13, Bot point: 22
Player win! Money: 150.0
========================
Round #154
Player cards: [♦8, ♥T], Bot cards:[♣4, ♣T]
Player points: [18, 18], Bot points:[14, 14]
Bot get one more card ♦6
Player point: 18, Bot point: 20
Player lose! Money: 129.0
========================
Round #155
Player cards: [♠J, ♥A], Bot cards:[♣2, ♥5]
Player points: [11, 21], Bot points:[7, 7]
Bot get one more card ♥7
Bot get one more card ♦3
Player point: 21, Bot point: 17
------ BlackJack!! ------
Player win! Money: 152.0
========================
Round #156
Player cards: [♠T, ♥A], Bot cards:[♣2, ♣Q]
Player points: [11, 21], Bot points:[12, 12]
Bot get one more card ♦5
Player point: 21, Bot point: 17
------ BlackJack!! ------
Player win! Money: 175.0
========================
Round #157
Player cards: [♠2, ♥3], Bot cards:[♦9, ♦K]
Player points: [5, 5], Bot points:[19, 19]
Player get one more card ♦8
Player get one more card ♣K
Player point: 23, Bot point: 19
Player lose! Money: 154.0
========================
Round #158
Player cards: [♣6, ♦T], Bot cards:[♠8, ♦8]
Player points: [16, 16], Bot points:[16, 16]
Player get one more card ♣J
Bot get one more card ♥4
Player point: 26, Bot point: 20
Player lose! Money: 133.0
========================
Round #159
Player cards: [♣5, ♣T], Bot cards:[♣4, ♠6]
Player points: [15, 15], Bot points:[10, 10]
Bot get one more card ♣A
Bot get one more card ♦K
Player point: 15, Bot point: 21
Player lose! Money: 112.0
========================
Round #160
Player cards: [♣7, ♣A], Bot cards:[♦5, ♥9]
Player points: [8, 18], Bot points:[14, 14]
Bot get one more card ♥4
Player point: 18, Bot point: 18
Draw! Money:111.0
========================
Round #161
Player cards: [♦7, ♣J], Bot cards:[♠6, ♥9]
Player points: [17, 17], Bot points:[15, 15]
Bot get one more card ♦3
Player point: 17, Bot point: 18
Player lose! Money: 90.0
========================
Round #162
Player cards: [♠9, ♣K], Bot cards:[♦5, ♠A]
Player points: [19, 19], Bot points:[6, 16]
Bot get one more card ♥2
Bot get one more card ♥5
Bot get one more card ♥3
Bot get one more card ♠K
Player point: 19, Bot point: 26
Player win! Money: 109.0
========================
Round #163
Player cards: [♦7, ♠J], Bot cards:[♣4, ♠K]
Player points: [17, 17], Bot points:[14, 14]
Bot get one more card ♥4
Player point: 17, Bot point: 18
Player lose! Money: 88.0
========================
Round #164
Player cards: [♦6, ♠K], Bot cards:[♥8, ♦Q]
Player points: [16, 16], Bot points:[18, 18]
Player get one more card ♦9
Player point: 25, Bot point: 18
Player lose! Money: 67.0
========================
Round #165
Player cards: [♦4, ♠8], Bot cards:[♠9, ♥K]
Player points: [12, 12], Bot points:[19, 19]
Player get one more card ♥J
Player point: 22, Bot point: 19
Player lose! Money: 46.0
========================
Round #166
Player cards: [♦K, ♦A], Bot cards:[♦4, ♥Q]
Player points: [11, 21], Bot points:[14, 14]
Bot get one more card ♣5
Player point: 21, Bot point: 19
------ BlackJack!! ------
Player win! Money: 69.0
========================
Round #167
Player cards: [♣6, ♥8], Bot cards:[♦2, ♥2]
Player points: [14, 14], Bot points:[4, 4]
Bot get one more card ♥Q
Bot get one more card ♥3
Player point: 14, Bot point: 17
Player lose! Money: 48.0
========================
Round #168
Player cards: [♦4, ♦7], Bot cards:[♦3, ♥7]
Player points: [11, 11], Bot points:[10, 10]
----- Double Bet! -----
Player get one more card ♣T
Bot get one more card ♠J
Player point: 21, Bot point: 20
Player win! Money: 87.0
========================
Round #169
Player cards: [♦T, ♥K], Bot cards:[♣2, ♣K]
Player points: [20, 20], Bot points:[12, 12]
Bot get one more card ♣8
Player point: 20, Bot point: 20
Draw! Money:86.0
========================
Round #170
Player cards: [♠5, ♥Q], Bot cards:[♥2, ♠7]
Player points: [15, 15], Bot points:[9, 9]
Bot get one more card ♣9
Player point: 15, Bot point: 18
Player lose! Money: 65.0
========================
Round #171
Player cards: [♣5, ♠A], Bot cards:[♥4, ♠T]
Player points: [6, 16], Bot points:[14, 14]
Bot get one more card ♣8
Player point: 16, Bot point: 22
Player win! Money: 84.0
========================
Round #172
Player cards: [♥6, ♠Q], Bot cards:[♣3, ♣8]
Player points: [16, 16], Bot points:[11, 11]
Bot get one more card ♠5
Bot get one more card ♥9
Player point: 16, Bot point: 25
Player win! Money: 103.0
========================
Round #173
Player cards: [♦4, ♥Q], Bot cards:[♣6, ♣7]
Player points: [14, 14], Bot points:[13, 13]
Bot get one more card ♥8
Player point: 14, Bot point: 21
Player lose! Money: 82.0
========================
Round #174
Player cards: [♠J, ♣Q], Bot cards:[♠2, ♠Q]
Player points: [20, 20], Bot points:[12, 12]
Bot get one more card ♣8
Player point: 20, Bot point: 20
Draw! Money:81.0
========================
Round #175
Player cards: [♥2, ♥T], Bot cards:[♠A, ♦A]
Player points: [12, 12], Bot points:[2, 12]
Player get one more card ♠8
Bot get one more card ♥A
Bot get one more card ♠3
Bot get one more card ♠4
Bot get one more card ♠7
Player point: 20, Bot point: 17
Player win! Money: 100.0
========================
Round #176
Player cards: [♥T, ♦Q], Bot cards:[♠4, ♦9]
Player points: [20, 20], Bot points:[13, 13]
Bot get one more card ♣A
Bot get one more card ♦T
Player point: 20, Bot point: 24
Player win! Money: 119.0
========================
Round #177
Player cards: [♠2, ♣Q], Bot cards:[♥7, ♣J]
Player points: [12, 12], Bot points:[17, 17]
Player get one more card ♣6
Player point: 18, Bot point: 17
Player win! Money: 138.0
========================
Round #178
Player cards: [♣T, ♠Q], Bot cards:[♠2, ♣3]
Player points: [20, 20], Bot points:[5, 5]
Bot get one more card ♠3
Bot get one more card ♥5
Bot get one more card ♠2
Bot get one more card ♠8
Player point: 20, Bot point: 23
Player win! Money: 157.0
========================
Round #179
Player cards: [♦2, ♠5], Bot cards:[♥J, ♥A]
Player points: [7, 7], Bot points:[11, 21]
Player get one more card ♥T
Bot get one more card ♦3
Bot get one more card ♥6
Player point: 17, Bot point: 20
Player lose! Money: 136.0
========================
Round #180
Player cards: [♠Q, ♣A], Bot cards:[♣2, ♠T]
Player points: [11, 21], Bot points:[12, 12]
Bot get one more card ♣7
Player point: 21, Bot point: 19
------ BlackJack!! ------
Player win! Money: 159.0
========================
Round #181
Player cards: [♥8, ♥K], Bot cards:[♥6, ♦A]
Player points: [18, 18], Bot points:[7, 17]
Bot get one more card ♠K
Player point: 18, Bot point: 17
Player win! Money: 178.0
========================
Round #182
New deck
Player cards: [♦9, ♣A], Bot cards:[♦9, ♠Q]
Player points: [10, 20], Bot points:[19, 19]
Player point: 20, Bot point: 19
Player win! Money: 197.0
========================
Round #183
Player cards: [♥2, ♥T], Bot cards:[♦7, ♦T]
Player points: [12, 12], Bot points:[17, 17]
Player get one more card ♠6
Player point: 18, Bot point: 17
Player win! Money: 216.0
========================
Round #184
Player cards: [♥5, ♠8], Bot cards:[♥9, ♥T]
Player points: [13, 13], Bot points:[19, 19]
Player get one more card ♠T
Player point: 23, Bot point: 19
Player lose! Money: 195.0
========================
Round #185
Player cards: [♣2, ♦4], Bot cards:[♣3, ♠A]
Player points: [6, 6], Bot points:[4, 14]
Player get one more card ♥2
Player get one more card ♠J
Bot get one more card ♥4
Bot get one more card ♥9
Player point: 18, Bot point: 17
Player win! Money: 214.0
========================
Round #186
Player cards: [♦3, ♦T], Bot cards:[♠J, ♣K]
Player points: [13, 13], Bot points:[20, 20]
Player get one more card ♣5
Player point: 18, Bot point: 20
Player lose! Money: 193.0
========================
Round #187
Player cards: [♥6, ♣Q], Bot cards:[♥7, ♥K]
Player points: [16, 16], Bot points:[17, 17]
Player get one more card ♣9
Player point: 25, Bot point: 17
Player lose! Money: 172.0
========================
Round #188
Player cards: [♠2, ♠4], Bot cards:[♥3, ♠6]
Player points: [6, 6], Bot points:[9, 9]
Player get one more card ♦8
Bot get one more card ♠J
Player point: 14, Bot point: 19
Player lose! Money: 151.0
========================
Round #189
Player cards: [♠9, ♦T], Bot cards:[♦6, ♣K]
Player points: [19, 19], Bot points:[16, 16]
Bot get one more card ♠K
Player point: 19, Bot point: 26
Player win! Money: 170.0
========================
Round #190
Player cards: [♥3, ♣5], Bot cards:[♥9, ♥J]
Player points: [8, 8], Bot points:[19, 19]
Player get one more card ♥9
Player point: 17, Bot point: 19
Player lose! Money: 149.0
========================
Round #191
Player cards: [♥2, ♥8], Bot cards:[♠9, ♣J]
Player points: [10, 10], Bot points:[19, 19]
----- Double Bet! -----
Player get one more card ♠K
Player point: 20, Bot point: 19
Player win! Money: 188.0
========================
Round #192
Player cards: [♠6, ♣8], Bot cards:[♠T, ♥A]
Player points: [14, 14], Bot points:[11, 21]
Player get one more card ♣8
Bot get one more card ♦7
Player point: 22, Bot point: 18
Player lose! Money: 167.0
========================
Round #193
Player cards: [♥5, ♥T], Bot cards:[♠6, ♥K]
Player points: [15, 15], Bot points:[16, 16]
Bot get one more card ♦6
Player point: 15, Bot point: 22
Player win! Money: 186.0
========================
Round #194
Player cards: [♦7, ♦K], Bot cards:[♠4, ♦A]
Player points: [17, 17], Bot points:[5, 15]
Bot get one more card ♦6
Bot get one more card ♣4
Bot get one more card ♥5
Player point: 17, Bot point: 20
Player lose! Money: 165.0
========================
Round #195
Player cards: [♦3, ♦Q], Bot cards:[♥J, ♦Q]
Player points: [13, 13], Bot points:[20, 20]
Player get one more card ♠Q
Player point: 23, Bot point: 20
Player lose! Money: 144.0
========================
Round #196
Player cards: [♥2, ♣7], Bot cards:[♦6, ♠8]
Player points: [9, 9], Bot points:[14, 14]
----- Double Bet! -----
Player get one more card ♠4
Bot get one more card ♣2
Bot get one more card ♥A
Player point: 13, Bot point: 17
Player lose! Money: 103.0
========================
Round #197
Player cards: [♦Q, ♦A], Bot cards:[♣4, ♦5]
Player points: [11, 21], Bot points:[9, 9]
Bot get one more card ♥3
Bot get one more card ♣T
Player point: 21, Bot point: 22
------ BlackJack!! ------
Player win! Money: 126.0
========================
Round #198
Player cards: [♠7, ♥A], Bot cards:[♠Q, ♣A]
Player points: [8, 18], Bot points:[11, 21]
Bot get one more card ♥4
Bot get one more card ♣J
Player point: 18, Bot point: 25
Player win! Money: 145.0
========================
Round #199
Player cards: [♦9, ♦J], Bot cards:[♥6, ♥8]
Player points: [19, 19], Bot points:[14, 14]
Bot get one more card ♥6
Player point: 19, Bot point: 20
Player lose! Money: 124.0
========================
Round #200
Player cards: [♥8, ♦9], Bot cards:[♠T, ♣J]
Player points: [17, 17], Bot points:[20, 20]
Player point: 17, Bot point: 20
Player lose! Money: 103.0
========================
Round #201
Player cards: [♦2, ♦K], Bot cards:[♥8, ♥K]
Player points: [12, 12], Bot points:[18, 18]
Player get one more card ♣5
Player point: 17, Bot point: 18
Player lose! Money: 82.0
========================
Round #202
Player cards: [♥7, ♠T], Bot cards:[♥T, ♥A]
Player points: [17, 17], Bot points:[11, 21]
Bot get one more card ♣6
Player point: 17, Bot point: 17
Draw! Money:81.0
========================
Round #203
Player cards: [♥4, ♥5], Bot cards:[♦J, ♣Q]
Player points: [9, 9], Bot points:[20, 20]
Player get one more card ♠9
Player point: 18, Bot point: 20
Player lose! Money: 60.0
========================
Round #204
Player cards: [♣3, ♠K], Bot cards:[♠5, ♠8]
Player points: [13, 13], Bot points:[13, 13]
Bot get one more card ♠2
Bot get one more card ♠A
Bot get one more card ♥Q
Player point: 13, Bot point: 26
Player win! Money: 79.0
========================
Round #205
Player cards: [♥4, ♦Q], Bot cards:[♥7, ♦J]
Player points: [14, 14], Bot points:[17, 17]
Player get one more card ♣5
Player point: 19, Bot point: 17
Player win! Money: 98.0
========================
Round #206
Player cards: [♦3, ♥J], Bot cards:[♦7, ♠A]
Player points: [13, 13], Bot points:[8, 18]
Player get one more card ♣9
Bot get one more card ♠J
Player point: 22, Bot point: 18
Player lose! Money: 77.0
========================
Round #207
Player cards: [♣8, ♣K], Bot cards:[♦8, ♠K]
Player points: [18, 18], Bot points:[18, 18]
Player point: 18, Bot point: 18
Draw! Money:76.0
========================
Round #208
Player cards: [♦8, ♣A], Bot cards:[♣3, ♥3]
Player points: [9, 19], Bot points:[6, 6]
Bot get one more card ♠9
Bot get one more card ♠2
Player point: 19, Bot point: 17
Player win! Money: 95.0
========================
Round #209
Player cards: [♠3, ♦T], Bot cards:[♦3, ♦J]
Player points: [13, 13], Bot points:[13, 13]
Bot get one more card ♦J
Player point: 13, Bot point: 23
Player win! Money: 114.0
========================
Round #210
Player cards: [♦2, ♠Q], Bot cards:[♦4, ♣T]
Player points: [12, 12], Bot points:[14, 14]
Bot get one more card ♠7
Player point: 12, Bot point: 21
Player lose! Money: 93.0
========================
Round #211
Player cards: [♦8, ♣J], Bot cards:[♥7, ♥J]
Player points: [18, 18], Bot points:[17, 17]
Player point: 18, Bot point: 17
Player win! Money: 112.0
========================
Round #212
Player cards: [♣2, ♦A], Bot cards:[♦5, ♦J]
Player points: [3, 13], Bot points:[15, 15]
Bot get one more card ♣K
Player point: 13, Bot point: 25
Player win! Money: 131.0
========================
Round #213
Player cards: [♠3, ♦K], Bot cards:[♣6, ♣6]
Player points: [13, 13], Bot points:[12, 12]
Bot get one more card ♥6
Player point: 13, Bot point: 18
Player lose! Money: 110.0
========================
Round #214
Player cards: [♠8, ♥K], Bot cards:[♦2, ♥Q]
Player points: [18, 18], Bot points:[12, 12]
Bot get one more card ♣9
Player point: 18, Bot point: 21
Player lose! Money: 89.0
========================
Round #215
Player cards: [♣9, ♦K], Bot cards:[♦5, ♣A]
Player points: [19, 19], Bot points:[6, 16]
Bot get one more card ♣3
Bot get one more card ♠3
Bot get one more card ♥K
Player point: 19, Bot point: 22
Player win! Money: 108.0
========================
Round #216
Player cards: [♥Q, ♣Q], Bot cards:[♣4, ♣Q]
Player points: [20, 20], Bot points:[14, 14]
Bot get one more card ♣6
Player point: 20, Bot point: 20
Draw! Money:107.0
========================
Round #217
Player cards: [♠2, ♠5], Bot cards:[♦4, ♦5]
Player points: [7, 7], Bot points:[9, 9]
Player get one more card ♣T
Bot get one more card ♣T
Player point: 17, Bot point: 19
Player lose! Money: 86.0
========================
Round #218
Player cards: [♦4, ♦T], Bot cards:[♣7, ♥Q]
Player points: [14, 14], Bot points:[17, 17]
Player get one more card ♦2
Player get one more card ♠7
Player point: 23, Bot point: 17
Player lose! Money: 65.0
========================
Round #219
Player cards: [♣2, ♠5], Bot cards:[♠3, ♣8]
Player points: [7, 7], Bot points:[11, 11]
Player get one more card ♠A
Bot get one more card ♥J
Player point: 18, Bot point: 21
Player lose! Money: 44.0
========================
Round #220
New deck
Player cards: [♠4, ♠4], Bot cards:[♦7, ♥A]
Player points: [8, 8], Bot points:[8, 18]
Player get one more card ♦T
Bot get one more card ♣K
Player point: 18, Bot point: 18
Draw! Money:43.0
========================
Round #221
Player cards: [♦2, ♦A], Bot cards:[♣4, ♦4]
Player points: [3, 13], Bot points:[8, 8]
Bot get one more card ♥5
Bot get one more card ♣T
Player point: 13, Bot point: 23
Player win! Money: 62.0
========================
Round #222
Player cards: [♥6, ♦J], Bot cards:[♣6, ♥K]
Player points: [16, 16], Bot points:[16, 16]
Bot get one more card ♦4
Player point: 16, Bot point: 20
Player lose! Money: 41.0
========================
Round #223
Player cards: [♠7, ♦9], Bot cards:[♠7, ♦9]
Player points: [16, 16], Bot points:[16, 16]
Player get one more card ♠8
Bot get one more card ♦T
Player point: 24, Bot point: 26
Player lose! Money: 20.0
========================
Round #224
Player cards: [♥Q, ♦K], Bot cards:[♣5, ♦Q]
Player points: [20, 20], Bot points:[15, 15]
Bot get one more card ♦2
Player point: 20, Bot point: 17
Player win! Money: 39.0
========================
Round #225
Player cards: [♣T, ♣K], Bot cards:[♠T, ♦K]
Player points: [20, 20], Bot points:[20, 20]
Player point: 20, Bot point: 20
Draw! Money:38.0
========================
Round #226
Player cards: [♠4, ♦T], Bot cards:[♥9, ♦Q]
Player points: [14, 14], Bot points:[19, 19]
Player get one more card ♦A
Player get one more card ♠T
Player point: 25, Bot point: 19
Player lose! Money: 17.0
========================
Round #227
Player cards: [♠5, ♦J], Bot cards:[♦J, ♠K]
Player points: [15, 15], Bot points:[20, 20]
Player get one more card ♠4
Player point: 19, Bot point: 20
Player lose! Money: -4.0
========================
Round #228
Total round: 229. Blackjack count: 11
====== Game Begin! ======
Total money: 500
Player cards: [♦9, ♣K], Bot cards:[♥2, ♦K]
Player points: [19, 19], Bot points:[12, 12]
Bot get one more card ♥2
Bot get one more card ♦2
Bot get one more card ♥8
Player point: 19, Bot point: 24
Player win! Money: 520
========================
Round #0
Player cards: [♣9, ♣9], Bot cards:[♠2, ♦4]
Player points: [18, 18], Bot points:[6, 6]
-------- Split! Two hands: [14, 14], [11, 11]
For second hand:
----- Double Bet! -----
Player get one more card ♣J
Bot get one more card ♦5
Bot get one more card ♦4
Bot get one more card ♣8
Player point: 14, Bot point: 23
Player win! Money: 539
========================
Player point: 21, Bot point: 23
Player win! Money: 579
========================
Round #1
Player cards: [♠2, ♠6], Bot cards:[♠7, ♠A]
Player points: [8, 8], Bot points:[8, 18]
Player get one more card ♥Q
Bot get one more card ♥T
Player point: 18, Bot point: 18
Draw! Money:578
========================
Round #2
Player cards: [♥9, ♠J], Bot cards:[♦J, ♠Q]
Player points: [19, 19], Bot points:[20, 20]
Player point: 19, Bot point: 20
Player lose! Money: 557
========================
Round #3
Player cards: [♣J, ♥K], Bot cards:[♣Q, ♠A]
Player points: [20, 20], Bot points:[11, 21]
Bot get one more card ♥9
Player point: 20, Bot point: 20
Draw! Money:556
========================
Round #4
Player cards: [♠3, ♦7], Bot cards:[♥7, ♣9]
Player points: [10, 10], Bot points:[16, 16]
----- Double Bet! -----
Player get one more card ♥6
Bot get one more card ♣3
Player point: 16, Bot point: 19
Player lose! Money: 515
========================
Round #5
Player cards: [♥4, ♦7], Bot cards:[♠5, ♣7]
Player points: [11, 11], Bot points:[12, 12]
----- Double Bet! -----
Player get one more card ♠3
Bot get one more card ♠4
Bot get one more card ♥T
Player point: 14, Bot point: 26
Player win! Money: 554
========================
Round #6
Player cards: [♦3, ♥4], Bot cards:[♦2, ♣T]
Player points: [7, 7], Bot points:[12, 12]
Player get one more card ♦4
Player get one more card ♠5
Bot get one more card ♣Q
Player point: 16, Bot point: 22
Player win! Money: 573
========================
Round #7
Player cards: [♣2, ♦J], Bot cards:[♥3, ♦6]
Player points: [12, 12], Bot points:[9, 9]
Player get one more card ♥K
Bot get one more card ♣5
Bot get one more card ♥8
Player point: 22, Bot point: 22
Player lose! Money: 552
========================
Round #8
Player cards: [♠4, ♠9], Bot cards:[♥5, ♥5]
Player points: [13, 13], Bot points:[10, 10]
Bot get one more card ♠J
Player point: 13, Bot point: 20
Player lose! Money: 531
========================
Round #9
Player cards: [♦4, ♣8], Bot cards:[♦5, ♣K]
Player points: [12, 12], Bot points:[15, 15]
Bot get one more card ♠6
Player point: 12, Bot point: 21
Player lose! Money: 510
========================
Round #10
Player cards: [♥4, ♦7], Bot cards:[♠7, ♠K]
Player points: [11, 11], Bot points:[17, 17]
----- Double Bet! -----
Player get one more card ♦5
Player point: 16, Bot point: 17
Player lose! Money: 469
========================
Round #11
Player cards: [♠7, ♣7], Bot cards:[♣2, ♠T]
Player points: [14, 14], Bot points:[12, 12]
-------- Split! Two hands: [17, 17], [17, 17]
For second hand:
Bot get one more card ♦8
Player point: 17, Bot point: 20
Player lose! Money: 448
========================
Player point: 17, Bot point: 20
Player lose! Money: 428
========================
Round #12
Player cards: [♦T, ♠Q], Bot cards:[♦3, ♣A]
Player points: [20, 20], Bot points:[4, 14]
Bot get one more card ♥6
Bot get one more card ♦6
Bot get one more card ♥4
Player point: 20, Bot point: 20
Draw! Money:427
========================
Round #13
Player cards: [♥6, ♣A], Bot cards:[♥7, ♥7]
Player points: [7, 17], Bot points:[14, 14]
Bot get one more card ♦A
Bot get one more card ♠Q
Player point: 17, Bot point: 25
Player win! Money: 446
========================
Round #14
Player cards: [♣3, ♣7], Bot cards:[♥5, ♠8]
Player points: [10, 10], Bot points:[13, 13]
----- Double Bet! -----
Player get one more card ♠5
Bot get one more card ♦9
Player point: 15, Bot point: 22
Player win! Money: 485
========================
Round #15
Player cards: [♦5, ♦8], Bot cards:[♥2, ♣4]
Player points: [13, 13], Bot points:[6, 6]
Bot get one more card ♠9
Bot get one more card ♠8
Player point: 13, Bot point: 23
Player win! Money: 504
========================
Round #16
Player cards: [♦3, ♦Q], Bot cards:[♠J, ♠Q]
Player points: [13, 13], Bot points:[20, 20]
Player get one more card ♣T
Player point: 23, Bot point: 20
Player lose! Money: 483
========================
Round #17
Player cards: [♦T, ♥A], Bot cards:[♣3, ♥Q]
Player points: [11, 21], Bot points:[13, 13]
Bot get one more card ♠8
Player point: 21, Bot point: 21
Player lose! Money: 462
========================
Round #18
Player cards: [♠J, ♥A], Bot cards:[♠4, ♠A]
Player points: [11, 21], Bot points:[5, 15]
Bot get one more card ♣K
Bot get one more card ♦2
Player point: 21, Bot point: 17
------ BlackJack!! ------
Player win! Money: 485.0
========================
Round #19
Player cards: [♦8, ♣8], Bot cards:[♣J, ♦A]
Player points: [16, 16], Bot points:[11, 21]
-------- Split! Two hands: [13, 13], [18, 18]
Player get one more card ♠6
For second hand:
Bot get one more card ♣6
Player point: 19, Bot point: 17
Player win! Money: 504.0
========================
Player point: 18, Bot point: 17
Player win! Money: 524.0
========================
Round #20
Player cards: [♠4, ♦T], Bot cards:[♠2, ♥8]
Player points: [14, 14], Bot points:[10, 10]
Bot get one more card ♣6
Bot get one more card ♥6
Player point: 14, Bot point: 22
Player win! Money: 543.0
========================
Round #21
Player cards: [♦3, ♥J], Bot cards:[♥3, ♥K]
Player points: [13, 13], Bot points:[13, 13]
Bot get one more card ♥9
Player point: 13, Bot point: 22
Player win! Money: 562.0
========================
Round #22
Player cards: [♣5, ♣9], Bot cards:[♣6, ♦Q]
Player points: [14, 14], Bot points:[16, 16]
Bot get one more card ♦8
Player point: 14, Bot point: 24
Player win! Money: 581.0
========================
Round #23
Player cards: [♥3, ♠K], Bot cards:[♣5, ♣7]
Player points: [13, 13], Bot points:[12, 12]
Bot get one more card ♥J
Player point: 13, Bot point: 22
Player win! Money: 600.0
========================
Round #24
Player cards: [♠8, ♥9], Bot cards:[♠5, ♦A]
Player points: [17, 17], Bot points:[6, 16]
Bot get one more card ♠9
Bot get one more card ♣4
Player point: 17, Bot point: 19
Player lose! Money: 579.0
========================
Round #25
Player cards: [♣T, ♥A], Bot cards:[♦6, ♦K]
Player points: [11, 21], Bot points:[16, 16]
Bot get one more card ♠A
Player point: 21, Bot point: 17
------ BlackJack!! ------
Player win! Money: 602.0
========================
Round #26
Player cards: [♦9, ♠T], Bot cards:[♠3, ♣A]
Player points: [19, 19], Bot points:[4, 14]
Bot get one more card ♥2
Bot get one more card ♣J
Bot get one more card ♥Q
Player point: 19, Bot point: 26
Player win! Money: 621.0
========================
Round #27
Player cards: [♦7, ♥8], Bot cards:[♥3, ♠6]
Player points: [15, 15], Bot points:[9, 9]
Bot get one more card ♥K
Player point: 15, Bot point: 19
Player lose! Money: 600.0
========================
Round #28
Player cards: [♥Q, ♦A], Bot cards:[♥T, ♠K]
Player points: [11, 21], Bot points:[20, 20]
Player point: 21, Bot point: 20
------ BlackJack!! ------
Player win! Money: 623.0
========================
Round #29
Player cards: [♣2, ♦J], Bot cards:[♠2, ♦9]
Player points: [12, 12], Bot points:[11, 11]
Player get one more card ♦Q
Bot get one more card ♠9
Player point: 22, Bot point: 20
Player lose! Money: 602.0
========================
Round #30
Player cards: [♣2, ♥J], Bot cards:[♥7, ♣8]
Player points: [12, 12], Bot points:[15, 15]
Player get one more card ♠3
Player get one more card ♦T
Bot get one more card ♦Q
Player point: 25, Bot point: 25
Player lose! Money: 581.0
========================
Round #31
Player cards: [♦6, ♥T], Bot cards:[♣6, ♣T]
Player points: [16, 16], Bot points:[16, 16]
Bot get one more card ♥J
Player point: 16, Bot point: 26
Player win! Money: 600.0
========================
Round #32
Player cards: [♣3, ♦K], Bot cards:[♣4, ♥A]
Player points: [13, 13], Bot points:[5, 15]
Bot get one more card ♣K
Bot get one more card ♣A
Bot get one more card ♣Q
Player point: 13, Bot point: 26
Player win! Money: 619.0
========================
Round #33
New deck
Player cards: [♠4, ♣Q], Bot cards:[♠2, ♦5]
Player points: [14, 14], Bot points:[7, 7]
Bot get one more card ♦J
Player point: 14, Bot point: 17
Player lose! Money: 598.0
========================
Round #34
Player cards: [♣3, ♣7], Bot cards:[♠6, ♠J]
Player points: [10, 10], Bot points:[16, 16]
----- Double Bet! -----
Player get one more card ♠K
Bot get one more card ♠9
Player point: 20, Bot point: 25
Player win! Money: 637.0
========================
Round #35
Player cards: [♠3, ♥J], Bot cards:[♥8, ♠K]
Player points: [13, 13], Bot points:[18, 18]
Player get one more card ♦A
Player get one more card ♦9
Player point: 23, Bot point: 18
Player lose! Money: 616.0
========================
Round #36
Player cards: [♠8, ♠9], Bot cards:[♣2, ♣4]
Player points: [17, 17], Bot points:[6, 6]
Bot get one more card ♥3
Bot get one more card ♣9
Player point: 17, Bot point: 18
Player lose! Money: 595.0
========================
Round #37
Player cards: [♦6, ♥A], Bot cards:[♣7, ♥A]
Player points: [7, 17], Bot points:[8, 18]
Bot get one more card ♠4
Bot get one more card ♣4
Bot get one more card ♠8
Player point: 17, Bot point: 24
Player win! Money: 614.0
========================
Round #38
Player cards: [♥T, ♦J], Bot cards:[♦6, ♥7]
Player points: [20, 20], Bot points:[13, 13]
Bot get one more card ♣7
Player point: 20, Bot point: 20
Draw! Money:613.0
========================
Round #39
Player cards: [♠4, ♠5], Bot cards:[♥4, ♦T]
Player points: [9, 9], Bot points:[14, 14]
----- Double Bet! -----
Player get one more card ♥7
Bot get one more card ♣A
Bot get one more card ♦Q
Player point: 16, Bot point: 25
Player win! Money: 652.0
========================
Round #40
Player cards: [♦2, ♣Q], Bot cards:[♦2, ♦3]
Player points: [12, 12], Bot points:[5, 5]
Player get one more card ♠7
Bot get one more card ♥5
Bot get one more card ♥2
Bot get one more card ♦2
Bot get one more card ♣Q
Player point: 19, Bot point: 24
Player win! Money: 671.0
========================
Round #41
Player cards: [♣5, ♣K], Bot cards:[♥4, ♥7]
Player points: [15, 15], Bot points:[11, 11]
Bot get one more card ♠2
Bot get one more card ♥K
Player point: 15, Bot point: 23
Player win! Money: 690.0
========================
Round #42
Player cards: [♣5, ♣7], Bot cards:[♥6, ♦8]
Player points: [12, 12], Bot points:[14, 14]
Bot get one more card ♣4
Player point: 12, Bot point: 18
Player lose! Money: 669.0
========================
Round #43
Player cards: [♥2, ♠9], Bot cards:[♠8, ♥9]
Player points: [11, 11], Bot points:[17, 17]
----- Double Bet! -----
Player get one more card ♥9
Player point: 20, Bot point: 17
Player win! Money: 708.0
========================
Round #44
Player cards: [♠5, ♠T], Bot cards:[♥8, ♥K]
Player points: [15, 15], Bot points:[18, 18]
Player get one more card ♠J
Player point: 25, Bot point: 18
Player lose! Money: 687.0
========================
Round #45
Player cards: [♠6, ♥Q], Bot cards:[♥J, ♠Q]
Player points: [16, 16], Bot points:[20, 20]
Player get one more card ♥5
Player point: 21, Bot point: 20
Player win! Money: 706.0
========================
Round #46
Player cards: [♦J, ♦K], Bot cards:[♠2, ♥T]
Player points: [20, 20], Bot points:[12, 12]
Bot get one more card ♥6
Player point: 20, Bot point: 18
Player win! Money: 725.0
========================
Round #47
Player cards: [♣9, ♦A], Bot cards:[♠4, ♠A]
Player points: [10, 20], Bot points:[5, 15]
Bot get one more card ♦T
Bot get one more card ♥Q
Player point: 20, Bot point: 25
Player win! Money: 744.0
========================
Round #48
Player cards: [♦3, ♠6], Bot cards:[♥6, ♠8]
Player points: [9, 9], Bot points:[14, 14]
----- Double Bet! -----
Player get one more card ♦4
Bot get one more card ♣2
Bot get one more card ♠5
Player point: 13, Bot point: 21
Player lose! Money: 703.0
========================
Round #49
Player cards: [♥2, ♥Q], Bot cards:[♦T, ♠J]
Player points: [12, 12], Bot points:[20, 20]
Player get one more card ♠T
Player point: 22, Bot point: 20
Player lose! Money: 682.0
========================
Round #50
Player cards: [♣T, ♠K], Bot cards:[♣6, ♦8]
Player points: [20, 20], Bot points:[14, 14]
Bot get one more card ♠6
Player point: 20, Bot point: 20
Draw! Money:681.0
========================
Round #51
Player cards: [♠Q, ♣K], Bot cards:[♣8, ♣8]
Player points: [20, 20], Bot points:[16, 16]
Bot get one more card ♣K
Player point: 20, Bot point: 26
Player win! Money: 700.0
========================
Round #52
Player cards: [♦9, ♠K], Bot cards:[♠7, ♦8]
Player points: [19, 19], Bot points:[15, 15]
Bot get one more card ♣6
Player point: 19, Bot point: 21
Player lose! Money: 679.0
========================
Round #53
Player cards: [♣J, ♥K], Bot cards:[♦7, ♥T]
Player points: [20, 20], Bot points:[17, 17]
Player point: 20, Bot point: 17
Player win! Money: 698.0
========================
Round #54
Player cards: [♦4, ♥A], Bot cards:[♦7, ♠A]
Player points: [5, 15], Bot points:[8, 18]
Player get one more card ♠T
Player get one more card ♥5
Bot get one more card ♥4
Bot get one more card ♦3
Bot get one more card ♥9
Player point: 20, Bot point: 24
Player win! Money: 717.0
========================
Round #55
Player cards: [♠7, ♦Q], Bot cards:[♠5, ♦K]
Player points: [17, 17], Bot points:[15, 15]
Bot get one more card ♥Q
Player point: 17, Bot point: 25
Player win! Money: 736.0
========================
Round #56
Player cards: [♣3, ♥8], Bot cards:[♣5, ♣J]
Player points: [11, 11], Bot points:[15, 15]
----- Double Bet! -----
Player get one more card ♦T
Bot get one more card ♣J
Player point: 21, Bot point: 25
Player win! Money: 775.0
========================
Round #57
Player cards: [♣4, ♦4], Bot cards:[♥T, ♥J]
Player points: [8, 8], Bot points:[20, 20]
Player get one more card ♠9
Player point: 17, Bot point: 20
Player lose! Money: 754.0
========================
Round #58
Player cards: [♣2, ♥A], Bot cards:[♣3, ♦6]
Player points: [3, 13], Bot points:[9, 9]
Bot get one more card ♦A
Bot get one more card ♣A
Bot get one more card ♦3
Bot get one more card ♦K
Player point: 13, Bot point: 24
Player win! Money: 773.0
========================
Round #59
Player cards: [♥3, ♦9], Bot cards:[♦5, ♦K]
Player points: [12, 12], Bot points:[15, 15]
Bot get one more card ♠K
Player point: 12, Bot point: 25
Player win! Money: 792.0
========================
Round #60
Player cards: [♥7, ♣9], Bot cards:[♠2, ♦7]
Player points: [16, 16], Bot points:[9, 9]
Bot get one more card ♦A
Bot get one more card ♣T
Player point: 16, Bot point: 20
Player lose! Money: 771.0
========================
Round #61
Player cards: [♦6, ♣A], Bot cards:[♥9, ♦J]
Player points: [7, 17], Bot points:[19, 19]
Player point: 17, Bot point: 19
Player lose! Money: 750.0
========================
Round #62
Player cards: [♣5, ♥8], Bot cards:[♥3, ♣6]
Player points: [13, 13], Bot points:[9, 9]
Bot get one more card ♣T
Player point: 13, Bot point: 19
Player lose! Money: 729.0
========================
Round #63
Player cards: [♠7, ♠A], Bot cards:[♠J, ♦Q]
Player points: [8, 18], Bot points:[20, 20]
Player point: 18, Bot point: 20
Player lose! Money: 708.0
========================
Round #64
Player cards: [♣2, ♠Q], Bot cards:[♦9, ♣T]
Player points: [12, 12], Bot points:[19, 19]
Player get one more card ♣8
Player point: 20, Bot point: 19
Player win! Money: 727.0
========================
Round #65
Player cards: [♥3, ♠3], Bot cards:[♦5, ♥6]
Player points: [6, 6], Bot points:[11, 11]
-------- Split! Two hands: [5, 5], [13, 13]
Player get one more card ♦Q
For second hand:
Bot get one more card ♥J
Player point: 15, Bot point: 21
Player lose! Money: 706.0
========================
Player point: 13, Bot point: 21
Player lose! Money: 686.0
========================
Round #66
Player cards: [♥5, ♠7], Bot cards:[♠3, ♣Q]
Player points: [12, 12], Bot points:[13, 13]
Player get one more card ♣8
Bot get one more card ♣J
Player point: 20, Bot point: 23
Player win! Money: 705.0
========================
Round #67
Player cards: [♦8, ♠Q], Bot cards:[♥4, ♦5]
Player points: [18, 18], Bot points:[9, 9]
Bot get one more card ♠A
Bot get one more card ♣A
Bot get one more card ♥K
Player point: 18, Bot point: 21
Player lose! Money: 684.0
========================
Round #68
Player cards: [♦2, ♣4], Bot cards:[♠3, ♣Q]
Player points: [6, 6], Bot points:[13, 13]
Player get one more card ♣K
Bot get one more card ♦4
Player point: 16, Bot point: 17
Player lose! Money: 663.0
========================
Round #69
New deck
Player cards: [♥2, ♣4], Bot cards:[♣J, ♣K]
Player points: [6, 6], Bot points:[20, 20]
Player get one more card ♠K
Player get one more card ♣3
Player point: 19, Bot point: 20
Player lose! Money: 642.0
========================
Round #70
Player cards: [♣3, ♦3], Bot cards:[♣2, ♠K]
Player points: [6, 6], Bot points:[12, 12]
Player get one more card ♣7
Bot get one more card ♥9
Player point: 13, Bot point: 21
Player lose! Money: 621.0
========================
Round #71
Player cards: [♣5, ♦8], Bot cards:[♠6, ♦7]
Player points: [13, 13], Bot points:[13, 13]
Bot get one more card ♣5
Player point: 13, Bot point: 18
Player lose! Money: 600.0
========================
Round #72
Player cards: [♠T, ♠A], Bot cards:[♥T, ♦K]
Player points: [11, 21], Bot points:[20, 20]
Player point: 21, Bot point: 20
------ BlackJack!! ------
Player win! Money: 623.0
========================
Round #73
Player cards: [♣8, ♥9], Bot cards:[♣6, ♣K]
Player points: [17, 17], Bot points:[16, 16]
Bot get one more card ♣9
Player point: 17, Bot point: 25
Player win! Money: 642.0
========================
Round #74
Player cards: [♦5, ♥8], Bot cards:[♠4, ♠Q]
Player points: [13, 13], Bot points:[14, 14]
Bot get one more card ♥7
Player point: 13, Bot point: 21
Player lose! Money: 621.0
========================
Round #75
Player cards: [♣9, ♣K], Bot cards:[♦2, ♠T]
Player points: [19, 19], Bot points:[12, 12]
Bot get one more card ♥3
Bot get one more card ♦2
Player point: 19, Bot point: 17
Player win! Money: 640.0
========================
Round #76
Player cards: [♣3, ♠T], Bot cards:[♥2, ♥Q]
Player points: [13, 13], Bot points:[12, 12]
Bot get one more card ♦4
Bot get one more card ♦5
Player point: 13, Bot point: 21
Player lose! Money: 619.0
========================
Round #77
Player cards: [♦2, ♠T], Bot cards:[♠7, ♠9]
Player points: [12, 12], Bot points:[16, 16]
Player get one more card ♥4
Player get one more card ♣A
Bot get one more card ♥6
Player point: 17, Bot point: 22
Player win! Money: 638.0
========================
Round #78
Player cards: [♥7, ♦A], Bot cards:[♦4, ♠J]
Player points: [8, 18], Bot points:[14, 14]
Bot get one more card ♣Q
Player point: 18, Bot point: 24
Player win! Money: 657.0
========================
Round #79
Player cards: [♥A, ♥A], Bot cards:[♦3, ♠3]
Player points: [2, 12], Bot points:[6, 6]
-------- Split! Two hands: [11, 21], [3, 13]
For second hand:
Bot get one more card ♠Q
Bot get one more card ♥T
Player point: 21, Bot point: 26
------ BlackJack!! ------
Player win! Money: 680.0
========================
Player point: 13, Bot point: 26
Player win! Money: 700.0
========================
Round #80
Player cards: [♠4, ♣8], Bot cards:[♥8, ♥T]
Player points: [12, 12], Bot points:[18, 18]
Player get one more card ♦T
Player point: 22, Bot point: 18
Player lose! Money: 679.0
========================
Round #81
Player cards: [♠4, ♦7], Bot cards:[♥3, ♦Q]
Player points: [11, 11], Bot points:[13, 13]
----- Double Bet! -----
Player get one more card ♠3
Bot get one more card ♦J
Player point: 14, Bot point: 23
Player win! Money: 718.0
========================
Round #82
Player cards: [♣T, ♣J], Bot cards:[♣J, ♣A]
Player points: [20, 20], Bot points:[11, 21]
Bot get one more card ♠T
Player point: 20, Bot point: 21
Player lose! Money: 697.0
========================
Round #83
Player cards: [♦3, ♣8], Bot cards:[♠3, ♠J]
Player points: [11, 11], Bot points:[13, 13]
----- Double Bet! -----
Player get one more card ♦9
Bot get one more card ♠8
Player point: 20, Bot point: 21
Player lose! Money: 656.0
========================
Round #84
Player cards: [♦6, ♦8], Bot cards:[♥4, ♣9]
Player points: [14, 14], Bot points:[13, 13]
Bot get one more card ♠6
Player point: 14, Bot point: 19
Player lose! Money: 635.0
========================
Round #85
Player cards: [♠8, ♥J], Bot cards:[♣Q, ♥K]
Player points: [18, 18], Bot points:[20, 20]
Player point: 18, Bot point: 20
Player lose! Money: 614.0
========================
Round #86
Player cards: [♥K, ♥A], Bot cards:[♣6, ♥8]
Player points: [11, 21], Bot points:[14, 14]
Bot get one more card ♥2
Bot get one more card ♠K
Player point: 21, Bot point: 26
------ BlackJack!! ------
Player win! Money: 637.0
========================
Round #87
Player cards: [♣2, ♣6], Bot cards:[♣4, ♥7]
Player points: [8, 8], Bot points:[11, 11]
Player get one more card ♦K
Bot get one more card ♠K
Player point: 18, Bot point: 21
Player lose! Money: 616.0
========================
Round #88
Player cards: [♦4, ♦K], Bot cards:[♦9, ♥J]
Player points: [14, 14], Bot points:[19, 19]
Player get one more card ♠5
Player point: 19, Bot point: 19
Draw! Money:615.0
========================
Round #89
Player cards: [♥5, ♥T], Bot cards:[♦Q, ♦K]
Player points: [15, 15], Bot points:[20, 20]
Player get one more card ♠A
Player get one more card ♥Q
Player point: 26, Bot point: 20
Player lose! Money: 594.0
========================
Round #90
Player cards: [♣6, ♣9], Bot cards:[♦5, ♠5]
Player points: [15, 15], Bot points:[10, 10]
Bot get one more card ♣5
Bot get one more card ♠9
Player point: 15, Bot point: 24
Player win! Money: 613.0
========================
Round #91
Player cards: [♣4, ♣A], Bot cards:[♥7, ♦8]
Player points: [5, 15], Bot points:[15, 15]
Player get one more card ♠6
Bot get one more card ♣7
Player point: 21, Bot point: 22
Player win! Money: 632.0
========================
Round #92
Player cards: [♥3, ♦6], Bot cards:[♥4, ♠7]
Player points: [9, 9], Bot points:[11, 11]
----- Double Bet! -----
Player get one more card ♥J
Bot get one more card ♦T
Player point: 19, Bot point: 21
Player lose! Money: 591.0
========================
Round #93
Player cards: [♣K, ♣A], Bot cards:[♠5, ♠Q]
Player points: [11, 21], Bot points:[15, 15]
Bot get one more card ♣T
Player point: 21, Bot point: 25
------ BlackJack!! ------
Player win! Money: 614.0
========================
Round #94
Player cards: [♠8, ♦Q], Bot cards:[♠6, ♣8]
Player points: [18, 18], Bot points:[14, 14]
Bot get one more card ♥5
Player point: 18, Bot point: 19
Player lose! Money: 593.0
========================
Round #95
Player cards: [♦5, ♦A], Bot cards:[♣Q, ♥K]
Player points: [6, 16], Bot points:[20, 20]
Player get one more card ♥5
Player point: 21, Bot point: 20
Player win! Money: 612.0
========================
Round #96
Player cards: [♦2, ♦6], Bot cards:[♣9, ♦A]
Player points: [8, 8], Bot points:[10, 20]
Player get one more card ♣3
Player get one more card ♠Q
Bot get one more card ♠J
Player point: 21, Bot point: 20
Player win! Money: 631.0
========================
Round #97
Player cards: [♦4, ♣5], Bot cards:[♥3, ♠4]
Player points: [9, 9], Bot points:[7, 7]
----- Double Bet! -----
Player get one more card ♦6
Bot get one more card ♥6
Bot get one more card ♥5
Player point: 15, Bot point: 18
Player lose! Money: 590.0
========================
Round #98
Player cards: [♠2, ♠A], Bot cards:[♥6, ♣7]
Player points: [3, 13], Bot points:[13, 13]
Bot get one more card ♦3
Bot get one more card ♥9
Player point: 13, Bot point: 25
Player win! Money: 609.0
========================
Round #99
Player cards: [♦7, ♦9], Bot cards:[♥9, ♣T]
Player points: [16, 16], Bot points:[19, 19]
Player get one more card ♣7
Player point: 23, Bot point: 19
Player lose! Money: 588.0
========================
Round #100
Player cards: [♥Q, ♥K], Bot cards:[♣2, ♥6]
Player points: [20, 20], Bot points:[8, 8]
Bot get one more card ♦J
Player point: 20, Bot point: 18
Player win! Money: 607.0
========================
Round #101
Player cards: [♥A, ♦A], Bot cards:[♠9, ♦T]
Player points: [2, 12], Bot points:[19, 19]
-------- Split! Two hands: [11, 21], [3, 13]
For second hand:
Player get one more card ♠2
Player get one more card ♣2
Player point: 21, Bot point: 19
------ BlackJack!! ------
Player win! Money: 630.0
========================
Player point: 17, Bot point: 19
Player lose! Money: 610.0
========================
Round #102
Player cards: [♦7, ♥8], Bot cards:[♣4, ♦7]
Player points: [15, 15], Bot points:[11, 11]
Bot get one more card ♠2
Bot get one more card ♦9
Player point: 15, Bot point: 22
Player win! Money: 629.0
========================
Round #103
Player cards: [♦Q, ♣Q], Bot cards:[♦T, ♥J]
Player points: [20, 20], Bot points:[20, 20]
Player point: 20, Bot point: 20
Draw! Money:628.0
========================
Round #104
Player cards: [♥4, ♠7], Bot cards:[♣3, ♠7]
Player points: [11, 11], Bot points:[10, 10]
----- Double Bet! -----
Player get one more card ♠9
Bot get one more card ♦8
Player point: 20, Bot point: 18
Player win! Money: 667.0
========================
Round #105
New deck
Player cards: [♠2, ♥3], Bot cards:[♠5, ♣J]
Player points: [5, 5], Bot points:[15, 15]
Player get one more card ♠K
Bot get one more card ♦4
Player point: 15, Bot point: 19
Player lose! Money: 646.0
========================
Round #106
Player cards: [♥4, ♥K], Bot cards:[♥3, ♦K]
Player points: [14, 14], Bot points:[13, 13]
Bot get one more card ♦9
Player point: 14, Bot point: 22
Player win! Money: 665.0
========================
Round #107
Player cards: [♦T, ♥A], Bot cards:[♠8, ♠A]
Player points: [11, 21], Bot points:[9, 19]
Bot get one more card ♠3
Bot get one more card ♦2
Bot get one more card ♥J
Player point: 21, Bot point: 24
------ BlackJack!! ------
Player win! Money: 688.0
========================
Round #108
Player cards: [♦7, ♥9], Bot cards:[♣4, ♣6]
Player points: [16, 16], Bot points:[10, 10]
Bot get one more card ♦K
Player point: 16, Bot point: 20
Player lose! Money: 667.0
========================
Round #109
Player cards: [♦4, ♣4], Bot cards:[♠4, ♦Q]
Player points: [8, 8], Bot points:[14, 14]
Player get one more card ♣4
Bot get one more card ♣7
Player point: 12, Bot point: 21
Player lose! Money: 646.0
========================
Round #110
Player cards: [♣7, ♦J], Bot cards:[♥8, ♣Q]
Player points: [17, 17], Bot points:[18, 18]
Player point: 17, Bot point: 18
Player lose! Money: 625.0
========================
Round #111
Player cards: [♥A, ♠A], Bot cards:[♣2, ♠9]
Player points: [2, 12], Bot points:[11, 11]
-------- Split! Two hands: [6, 16], [2, 12]
For second hand:
Player get one more card ♦A
Bot get one more card ♦K
Player point: 16, Bot point: 21
Player lose! Money: 604.0
========================
Player point: 13, Bot point: 21
Player lose! Money: 584.0
========================
Round #112
Player cards: [♠6, ♦8], Bot cards:[♣9, ♠Q]
Player points: [14, 14], Bot points:[19, 19]
Player get one more card ♠4
Player point: 18, Bot point: 19
Player lose! Money: 563.0
========================
Round #113
Player cards: [♦J, ♠K], Bot cards:[♣9, ♣A]
Player points: [20, 20], Bot points:[10, 20]
Bot get one more card ♦Q
Player point: 20, Bot point: 20
Draw! Money:562.0
========================
Round #114
Player cards: [♥2, ♣9], Bot cards:[♥T, ♣K]
Player points: [11, 11], Bot points:[20, 20]
----- Double Bet! -----
Player get one more card ♠A
Player point: 12, Bot point: 20
Player lose! Money: 521.0
========================
Round #115
Player cards: [♣5, ♦J], Bot cards:[♣8, ♦J]
Player points: [15, 15], Bot points:[18, 18]
Player get one more card ♠K
Player point: 25, Bot point: 18
Player lose! Money: 500.0
========================
Round #116
Player cards: [♥3, ♦6], Bot cards:[♦5, ♠A]
Player points: [9, 9], Bot points:[6, 16]
----- Double Bet! -----
Player get one more card ♣K
Bot get one more card ♥T
Bot get one more card ♠2
Player point: 19, Bot point: 18
Player win! Money: 539.0
========================
Round #117
Player cards: [♦2, ♥4], Bot cards:[♠3, ♠5]
Player points: [6, 6], Bot points:[8, 8]
Player get one more card ♣8
Bot get one more card ♥Q
Player point: 14, Bot point: 18
Player lose! Money: 518.0
========================
Round #118
Player cards: [♠8, ♦T], Bot cards:[♥7, ♣7]
Player points: [18, 18], Bot points:[14, 14]
Bot get one more card ♠6
Player point: 18, Bot point: 20
Player lose! Money: 497.0
========================
Round #119
Player cards: [♥5, ♣7], Bot cards:[♠T, ♣A]
Player points: [12, 12], Bot points:[11, 21]
Player get one more card ♣2
Player get one more card ♠9
Bot get one more card ♥2
Bot get one more card ♦K
Player point: 23, Bot point: 23
Player lose! Money: 476.0
========================
Round #120
Player cards: [♦6, ♥J], Bot cards:[♦5, ♦9]
Player points: [16, 16], Bot points:[14, 14]
Bot get one more card ♥A
Bot get one more card ♥6
Player point: 16, Bot point: 21
Player lose! Money: 455.0
========================
Round #121
Player cards: [♣3, ♣5], Bot cards:[♠5, ♦6]
Player points: [8, 8], Bot points:[11, 11]
Player get one more card ♠J
Bot get one more card ♥8
Player point: 18, Bot point: 19
Player lose! Money: 434.0
========================
Round #122
Player cards: [♥7, ♠9], Bot cards:[♥5, ♦5]
Player points: [16, 16], Bot points:[10, 10]
Bot get one more card ♠7
Player point: 16, Bot point: 17
Player lose! Money: 413.0
========================
Round #123
Player cards: [♥7, ♠J], Bot cards:[♦7, ♥9]
Player points: [17, 17], Bot points:[16, 16]
Bot get one more card ♦9
Player point: 17, Bot point: 25
Player win! Money: 432.0
========================
Round #124
Player cards: [♦3, ♣T], Bot cards:[♦2, ♦7]
Player points: [13, 13], Bot points:[9, 9]
Bot get one more card ♠T
Player point: 13, Bot point: 19
Player lose! Money: 411.0
========================
Round #125
Player cards: [♠J, ♣Q], Bot cards:[♣T, ♠Q]
Player points: [20, 20], Bot points:[20, 20]
Player point: 20, Bot point: 20
Draw! Money:410.0
========================
Round #126
Player cards: [♣2, ♥5], Bot cards:[♦3, ♠K]
Player points: [7, 7], Bot points:[13, 13]
Player get one more card ♥5
Player get one more card ♠3
Bot get one more card ♣5
Player point: 15, Bot point: 18
Player lose! Money: 389.0
========================
Round #127
Player cards: [♣2, ♦T], Bot cards:[♥3, ♥Q]
Player points: [12, 12], Bot points:[13, 13]
Player get one more card ♠3
Bot get one more card ♥T
Player point: 15, Bot point: 23
Player win! Money: 408.0
========================
Round #128
Player cards: [♣6, ♦T], Bot cards:[♣3, ♣T]
Player points: [16, 16], Bot points:[13, 13]
Bot get one more card ♠J
Player point: 16, Bot point: 23
Player win! Money: 427.0
========================
Round #129
Player cards: [♦3, ♥J], Bot cards:[♦5, ♠8]
Player points: [13, 13], Bot points:[13, 13]
Bot get one more card ♣K
Player point: 13, Bot point: 23
Player win! Money: 446.0
========================
Round #130
Player cards: [♦4, ♣T], Bot cards:[♣J, ♠Q]
Player points: [14, 14], Bot points:[20, 20]
Player get one more card ♣4
Player point: 18, Bot point: 20
Player lose! Money: 425.0
========================
Round #131
Player cards: [♦7, ♣9], Bot cards:[♠2, ♣J]
Player points: [16, 16], Bot points:[12, 12]
Bot get one more card ♦9
Player point: 16, Bot point: 21
Player lose! Money: 404.0
========================
Round #132
Player cards: [♠5, ♣8], Bot cards:[♠3, ♥4]
Player points: [13, 13], Bot points:[7, 7]
Bot get one more card ♦6
Bot get one more card ♥K
Player point: 13, Bot point: 23
Player win! Money: 423.0
========================
Round #133
Player cards: [♥J, ♣Q], Bot cards:[♥4, ♦8]
Player points: [20, 20], Bot points:[12, 12]
Bot get one more card ♦J
Player point: 20, Bot point: 22
Player win! Money: 442.0
========================
Round #134
Player cards: [♠T, ♦Q], Bot cards:[♣5, ♥6]
Player points: [20, 20], Bot points:[11, 11]
Bot get one more card ♠9
Player point: 20, Bot point: 20
Draw! Money:441.0
========================
Round #135
Player cards: [♥Q, ♥K], Bot cards:[♦2, ♣J]
Player points: [20, 20], Bot points:[12, 12]
Bot get one more card ♠8
Player point: 20, Bot point: 20
Draw! Money:440.0
========================
Round #136
Player cards: [♠2, ♦J], Bot cards:[♥7, ♠7]
Player points: [12, 12], Bot points:[14, 14]
Player get one more card ♥K
Bot get one more card ♥Q
Player point: 22, Bot point: 24
Player lose! Money: 419.0
========================
Round #137
Player cards: [♥6, ♦Q], Bot cards:[♥6, ♠7]
Player points: [16, 16], Bot points:[13, 13]
Bot get one more card ♦A
Bot get one more card ♣6
Player point: 16, Bot point: 20
Player lose! Money: 398.0
========================
Round #138
Player cards: [♣6, ♣K], Bot cards:[♣3, ♥A]
Player points: [16, 16], Bot points:[4, 14]
Bot get one more card ♦A
Bot get one more card ♠4
Bot get one more card ♥Q
Player point: 16, Bot point: 19
Player lose! Money: 377.0
========================
Round #139
Player cards: [♠7, ♥9], Bot cards:[♥T, ♣A]
Player points: [16, 16], Bot points:[11, 21]
Player get one more card ♠J
Bot get one more card ♥8
Player point: 26, Bot point: 19
Player lose! Money: 356.0
========================
Round #140
Player cards: [♦8, ♠T], Bot cards:[♦4, ♠6]
Player points: [18, 18], Bot points:[10, 10]
Bot get one more card ♥9
Player point: 18, Bot point: 19
Player lose! Money: 335.0
========================
Round #141
Player cards: [♣3, ♠Q], Bot cards:[♥8, ♦8]
Player points: [13, 13], Bot points:[16, 16]
Player get one more card ♠4
Bot get one more card ♥2
Player point: 17, Bot point: 18
Player lose! Money: 314.0
========================
Round #142
New deck
Player cards: [♦2, ♦5], Bot cards:[♠2, ♠Q]
Player points: [7, 7], Bot points:[12, 12]
Player get one more card ♣8
Bot get one more card ♥A
Bot get one more card ♠6
Player point: 15, Bot point: 19
Player lose! Money: 293.0
========================
Round #143
Player cards: [♣5, ♥J], Bot cards:[♠7, ♦J]
Player points: [15, 15], Bot points:[17, 17]
Player get one more card ♦4
Player point: 19, Bot point: 17
Player win! Money: 312.0
========================
Round #144
Player cards: [♠6, ♠A], Bot cards:[♣7, ♣Q]
Player points: [7, 17], Bot points:[17, 17]
Player point: 17, Bot point: 17
Draw! Money:311.0
========================
Round #145
Player cards: [♣6, ♦T], Bot cards:[♠6, ♦8]
Player points: [16, 16], Bot points:[14, 14]
Bot get one more card ♠4
Player point: 16, Bot point: 18
Player lose! Money: 290.0
========================
Round #146
Player cards: [♠5, ♥K], Bot cards:[♠2, ♦7]
Player points: [15, 15], Bot points:[9, 9]
Bot get one more card ♣3
Bot get one more card ♣2
Bot get one more card ♠5
Player point: 15, Bot point: 19
Player lose! Money: 269.0
========================
Round #147
Player cards: [♦5, ♠Q], Bot cards:[♦J, ♦J]
Player points: [15, 15], Bot points:[20, 20]
Player get one more card ♠8
Player point: 23, Bot point: 20
Player lose! Money: 248.0
========================
Round #148
Player cards: [♠6, ♠K], Bot cards:[♣6, ♥Q]
Player points: [16, 16], Bot points:[16, 16]
Bot get one more card ♣J
Player point: 16, Bot point: 26
Player win! Money: 267.0
========================
Round #149
Player cards: [♦T, ♥A], Bot cards:[♣6, ♣T]
Player points: [11, 21], Bot points:[16, 16]
Bot get one more card ♥J
Player point: 21, Bot point: 26
------ BlackJack!! ------
Player win! Money: 290.0
========================
Round #150
Player cards: [♠9, ♥T], Bot cards:[♣2, ♦9]
Player points: [19, 19], Bot points:[11, 11]
Bot get one more card ♣J
Player point: 19, Bot point: 21
Player lose! Money: 269.0
========================
Round #151
Player cards: [♥8, ♠9], Bot cards:[♦6, ♦Q]
Player points: [17, 17], Bot points:[16, 16]
Bot get one more card ♠5
Player point: 17, Bot point: 21
Player lose! Money: 248.0
========================
Round #152
Player cards: [♥3, ♠9], Bot cards:[♦T, ♦A]
Player points: [12, 12], Bot points:[11, 21]
Player get one more card ♣5
Bot get one more card ♣A
Bot get one more card ♠Q
Player point: 17, Bot point: 22
Player win! Money: 267.0
========================
Round #153
Player cards: [♦5, ♥A], Bot cards:[♥4, ♥5]
Player points: [6, 16], Bot points:[9, 9]
Bot get one more card ♦A
Bot get one more card ♥9
Player point: 16, Bot point: 19
Player lose! Money: 246.0
========================
Round #154
Player cards: [♣3, ♠J], Bot cards:[♦7, ♣8]
Player points: [13, 13], Bot points:[15, 15]
Player get one more card ♥2
Player get one more card ♦Q
Bot get one more card ♠3
Player point: 25, Bot point: 18
Player lose! Money: 225.0
========================
Round #155
Player cards: [♣3, ♦K], Bot cards:[♥6, ♣J]
Player points: [13, 13], Bot points:[16, 16]
Bot get one more card ♣6
Player point: 13, Bot point: 22
Player win! Money: 244.0
========================
Round #156
Player cards: [♠4, ♦A], Bot cards:[♠2, ♠7]
Player points: [5, 15], Bot points:[9, 9]
Bot get one more card ♣9
Player point: 15, Bot point: 18
Player lose! Money: 223.0
========================
Round #157
Player cards: [♣7, ♠T], Bot cards:[♥5, ♠6]
Player points: [17, 17], Bot points:[11, 11]
Bot get one more card ♥K
Player point: 17, Bot point: 21
Player lose! Money: 202.0
========================
Round #158
Player cards: [♦3, ♥9], Bot cards:[♣4, ♦J]
Player points: [12, 12], Bot points:[14, 14]
Bot get one more card ♣T
Player point: 12, Bot point: 24
Player win! Money: 221.0
========================
Round #159
Player cards: [♠7, ♥8], Bot cards:[♦2, ♥T]
Player points: [15, 15], Bot points:[12, 12]
Bot get one more card ♦T
Player point: 15, Bot point: 22
Player win! Money: 240.0
========================
Round #160
Player cards: [♥4, ♦6], Bot cards:[♥3, ♥J]
Player points: [10, 10], Bot points:[13, 13]
----- Double Bet! -----
Player get one more card ♠A
Bot get one more card ♥T
Player point: 21, Bot point: 23
Player win! Money: 279.0
========================
Round #161
Player cards: [♣8, ♥Q], Bot cards:[♣6, ♥6]
Player points: [18, 18], Bot points:[12, 12]
Bot get one more card ♣9
Player point: 18, Bot point: 21
Player lose! Money: 258.0
========================
Round #162
Player cards: [♦2, ♣A], Bot cards:[♦5, ♣7]
Player points: [3, 13], Bot points:[12, 12]
Bot get one more card ♣Q
Player point: 13, Bot point: 22
Player win! Money: 277.0
========================
Round #163
Player cards: [♣Q, ♣K], Bot cards:[♥T, ♦K]
Player points: [20, 20], Bot points:[20, 20]
Player point: 20, Bot point: 20
Draw! Money:276.0
========================
Round #164
Player cards: [♠3, ♣5], Bot cards:[♦4, ♦K]
Player points: [8, 8], Bot points:[14, 14]
Player get one more card ♣K
Bot get one more card ♦3
Player point: 18, Bot point: 17
Player win! Money: 295.0
========================
Round #165
Player cards: [♠T, ♦Q], Bot cards:[♣2, ♥Q]
Player points: [20, 20], Bot points:[12, 12]
Bot get one more card ♦4
Bot get one more card ♠K
Player point: 20, Bot point: 26
Player win! Money: 314.0
========================
Round #166
Player cards: [♥2, ♣8], Bot cards:[♥8, ♠8]
Player points: [10, 10], Bot points:[16, 16]
----- Double Bet! -----
Player get one more card ♠J
Bot get one more card ♥J
Player point: 20, Bot point: 26
Player win! Money: 353.0
========================
Round #167
Player cards: [♠8, ♥Q], Bot cards:[♥4, ♣A]
Player points: [18, 18], Bot points:[5, 15]
Bot get one more card ♣7
Bot get one more card ♠K
Player point: 18, Bot point: 22
Player win! Money: 372.0
========================
Round #168
Player cards: [♠3, ♣4], Bot cards:[♥6, ♥7]
Player points: [7, 7], Bot points:[13, 13]
Player get one more card ♥9
Bot get one more card ♠4
Player point: 16, Bot point: 17
Player lose! Money: 351.0
========================
Round #169
Player cards: [♦3, ♦9], Bot cards:[♦8, ♦Q]
Player points: [12, 12], Bot points:[18, 18]
Player get one more card ♣T
Player point: 22, Bot point: 18
Player lose! Money: 330.0
========================
Round #170
Player cards: [♠5, ♠9], Bot cards:[♦9, ♣K]
Player points: [14, 14], Bot points:[19, 19]
Player get one more card ♥6
Player point: 20, Bot point: 19
Player win! Money: 349.0
========================
Round #171
Player cards: [♥7, ♣J], Bot cards:[♠7, ♣Q]
Player points: [17, 17], Bot points:[17, 17]
Player point: 17, Bot point: 17
Draw! Money:348.0
========================
Round #172
Player cards: [♥2, ♠J], Bot cards:[♣4, ♦A]
Player points: [12, 12], Bot points:[5, 15]
Bot get one more card ♥2
Bot get one more card ♣9
Bot get one more card ♦9
Player point: 12, Bot point: 25
Player win! Money: 367.0
========================
Round #173
Player cards: [♣K, ♦A], Bot cards:[♦7, ♣A]
Player points: [11, 21], Bot points:[8, 18]
Bot get one more card ♦8
Bot get one more card ♣5
Player point: 21, Bot point: 21
Player lose! Money: 346.0
========================
Round #174
Player cards: [♠4, ♥8], Bot cards:[♠2, ♠J]
Player points: [12, 12], Bot points:[12, 12]
Player get one more card ♥9
Bot get one more card ♣3
Bot get one more card ♣8
Player point: 21, Bot point: 23
Player win! Money: 365.0
========================
Round #175
Player cards: [♥2, ♥7], Bot cards:[♣Q, ♥A]
Player points: [9, 9], Bot points:[11, 21]
Player get one more card ♠8
Bot get one more card ♦7
Player point: 17, Bot point: 18
Player lose! Money: 344.0
========================
Round #176
Player cards: [♣4, ♦4], Bot cards:[♥K, ♠A]
Player points: [8, 8], Bot points:[11, 21]
Player get one more card ♦3
Player get one more card ♠K
Bot get one more card ♥5
Bot get one more card ♠3
Player point: 21, Bot point: 19
Player win! Money: 363.0
========================
Round #177
Player cards: [♦6, ♦K], Bot cards:[♠8, ♥K]
Player points: [16, 16], Bot points:[18, 18]
Player get one more card ♥4
Player point: 20, Bot point: 18
Player win! Money: 382.0
========================
Round #178
Player cards: [♥3, ♣T], Bot cards:[♠T, ♠A]
Player points: [13, 13], Bot points:[11, 21]
Player get one more card ♣9
Bot get one more card ♠T
Player point: 22, Bot point: 21
Player lose! Money: 361.0
========================
Round #179
Player cards: [♦2, ♠A], Bot cards:[♥7, ♠Q]
Player points: [3, 13], Bot points:[17, 17]
Player get one more card ♦6
Player point: 19, Bot point: 17
Player win! Money: 380.0
========================
Round #180
New deck
Player cards: [♠2, ♣3], Bot cards:[♥8, ♦K]
Player points: [5, 5], Bot points:[18, 18]
Player get one more card ♣J
Player get one more card ♦2
Player point: 17, Bot point: 18
Player lose! Money: 359.0
========================
Round #181
Player cards: [♠T, ♠J], Bot cards:[♠2, ♣J]
Player points: [20, 20], Bot points:[12, 12]
Bot get one more card ♣3
Bot get one more card ♣K
Player point: 20, Bot point: 25
Player win! Money: 378.0
========================
Round #182
Player cards: [♠T, ♠K], Bot cards:[♥5, ♣T]
Player points: [20, 20], Bot points:[15, 15]
Bot get one more card ♠9
Player point: 20, Bot point: 24
Player win! Money: 397.0
========================
Round #183
Player cards: [♠9, ♠J], Bot cards:[♣2, ♠J]
Player points: [19, 19], Bot points:[12, 12]
Bot get one more card ♥8
Player point: 19, Bot point: 20
Player lose! Money: 376.0
========================
Round #184
Player cards: [♦5, ♥8], Bot cards:[♦6, ♣A]
Player points: [13, 13], Bot points:[7, 17]
Bot get one more card ♥4
Bot get one more card ♥K
Player point: 13, Bot point: 21
Player lose! Money: 355.0
========================
Round #185
Player cards: [♥Q, ♦Q], Bot cards:[♥3, ♣A]
Player points: [20, 20], Bot points:[4, 14]
Bot get one more card ♣9
Bot get one more card ♣2
Bot get one more card ♣9
Player point: 20, Bot point: 24
Player win! Money: 374.0
========================
Round #186
Player cards: [♠3, ♦8], Bot cards:[♦8, ♠Q]
Player points: [11, 11], Bot points:[18, 18]
----- Double Bet! -----
Player get one more card ♣8
Player point: 19, Bot point: 18
Player win! Money: 413.0
========================
Round #187
Player cards: [♦4, ♦Q], Bot cards:[♠3, ♠3]
Player points: [14, 14], Bot points:[6, 6]
Bot get one more card ♣6
Bot get one more card ♦K
Player point: 14, Bot point: 22
Player win! Money: 432.0
========================
Round #188
Player cards: [♥7, ♦9], Bot cards:[♦3, ♦9]
Player points: [16, 16], Bot points:[12, 12]
Bot get one more card ♥9
Player point: 16, Bot point: 21
Player lose! Money: 411.0
========================
Round #189
Player cards: [♥7, ♦J], Bot cards:[♦5, ♥T]
Player points: [17, 17], Bot points:[15, 15]
Bot get one more card ♠5
Player point: 17, Bot point: 20
Player lose! Money: 390.0
========================
Round #190
Player cards: [♥9, ♥K], Bot cards:[♦2, ♣A]
Player points: [19, 19], Bot points:[3, 13]
Bot get one more card ♣8
Bot get one more card ♣3
Bot get one more card ♦J
Player point: 19, Bot point: 24
Player win! Money: 409.0
========================
Round #191
Player cards: [♠K, ♦A], Bot cards:[♣T, ♦A]
Player points: [11, 21], Bot points:[11, 21]
Bot get one more card ♦K
Player point: 21, Bot point: 21
Player lose! Money: 388.0
========================
Round #192
Player cards: [♦T, ♥Q], Bot cards:[♣5, ♥J]
Player points: [20, 20], Bot points:[15, 15]
Bot get one more card ♥5
Player point: 20, Bot point: 20
Draw! Money:387.0
========================
Round #193
Player cards: [♦7, ♠Q], Bot cards:[♣4, ♣4]
Player points: [17, 17], Bot points:[8, 8]
Bot get one more card ♦4
Bot get one more card ♥3
Bot get one more card ♠7
Player point: 17, Bot point: 22
Player win! Money: 406.0
========================
Round #194
Player cards: [♠8, ♥T], Bot cards:[♣2, ♠6]
Player points: [18, 18], Bot points:[8, 8]
Bot get one more card ♣K
Player point: 18, Bot point: 18
Draw! Money:405.0
========================
Round #195
Player cards: [♠9, ♠Q], Bot cards:[♠8, ♥K]
Player points: [19, 19], Bot points:[18, 18]
Player point: 19, Bot point: 18
Player win! Money: 424.0
========================
Round #196
Player cards: [♥5, ♠T], Bot cards:[♦J, ♣Q]
Player points: [15, 15], Bot points:[20, 20]
Player get one more card ♠7
Player point: 22, Bot point: 20
Player lose! Money: 403.0
========================
Round #197
Player cards: [♥4, ♣7], Bot cards:[♦8, ♠A]
Player points: [11, 11], Bot points:[9, 19]
----- Double Bet! -----
Player get one more card ♥9
Bot get one more card ♦9
Player point: 20, Bot point: 18
Player win! Money: 442.0
========================
Round #198
Player cards: [♥3, ♣T], Bot cards:[♠K, ♠A]
Player points: [13, 13], Bot points:[11, 21]
Player get one more card ♦6
Bot get one more card ♥Q
Player point: 19, Bot point: 21
Player lose! Money: 421.0
========================
Round #199
Player cards: [♦4, ♥7], Bot cards:[♣6, ♦7]
Player points: [11, 11], Bot points:[13, 13]
----- Double Bet! -----
Player get one more card ♠A
Bot get one more card ♥J
Player point: 12, Bot point: 23
Player win! Money: 460.0
========================
Round #200
Player cards: [♠7, ♦7], Bot cards:[♥6, ♦7]
Player points: [14, 14], Bot points:[13, 13]
-------- Split! Two hands: [17, 17], [12, 12]
For second hand:
Bot get one more card ♥J
Player point: 17, Bot point: 23
Player win! Money: 479.0
========================
Player point: 12, Bot point: 23
Player win! Money: 499.0
========================
Round #201
Player cards: [♠5, ♣6], Bot cards:[♦T, ♥A]
Player points: [11, 11], Bot points:[11, 21]
----- Double Bet! -----
Player get one more card ♥6
Bot get one more card ♣8
Player point: 17, Bot point: 19
Player lose! Money: 458.0
========================
Round #202
Player cards: [♣A, ♠A], Bot cards:[♥6, ♣7]
Player points: [2, 12], Bot points:[13, 13]
-------- Split! Two hands: [8, 18], [11, 21]
For second hand:
Bot get one more card ♠8
Player point: 18, Bot point: 21
Player lose! Money: 437.0
========================
Player point: 21, Bot point: 21
Player lose! Money: 417.0
========================
Round #203
Player cards: [♠5, ♥T], Bot cards:[♣6, ♥9]
Player points: [15, 15], Bot points:[15, 15]
Bot get one more card ♣Q
Player point: 15, Bot point: 25
Player win! Money: 436.0
========================
Round #204
Player cards: [♥7, ♣Q], Bot cards:[♦4, ♥K]
Player points: [17, 17], Bot points:[14, 14]
Bot get one more card ♥2
Bot get one more card ♦6
Player point: 17, Bot point: 22
Player win! Money: 455.0
========================
Round #205
Player cards: [♥3, ♣4], Bot cards:[♣2, ♠K]
Player points: [7, 7], Bot points:[12, 12]
Player get one more card ♠4
Player get one more card ♠4
Bot get one more card ♦Q
Player point: 15, Bot point: 22
Player win! Money: 474.0
========================
Round #206
Player cards: [♠2, ♠J], Bot cards:[♦3, ♣9]
Player points: [12, 12], Bot points:[12, 12]
Player get one more card ♥5
Bot get one more card ♠7
Player point: 17, Bot point: 19
Player lose! Money: 453.0
========================
Round #207
Player cards: [♣T, ♥A], Bot cards:[♣J, ♣K]
Player points: [11, 21], Bot points:[20, 20]
Player point: 21, Bot point: 20
------ BlackJack!! ------
Player win! Money: 476.0
========================
Round #208
Player cards: [♠3, ♦K], Bot cards:[♦2, ♦6]
Player points: [13, 13], Bot points:[8, 8]
Bot get one more card ♣2
Bot get one more card ♥J
Player point: 13, Bot point: 20
Player lose! Money: 455.0
========================
Round #209
Player cards: [♥4, ♦5], Bot cards:[♦8, ♣9]
Player points: [9, 9], Bot points:[17, 17]
Player get one more card ♥6
Player get one more card ♦J
Player point: 25, Bot point: 17
Player lose! Money: 434.0
========================
Round #210
Player cards: [♠8, ♠Q], Bot cards:[♠9, ♣K]
Player points: [18, 18], Bot points:[19, 19]
Player point: 18, Bot point: 19
Player lose! Money: 413.0
========================
Round #211
Player cards: [♣5, ♣8], Bot cards:[♦T, ♣J]
Player points: [13, 13], Bot points:[20, 20]
Player get one more card ♠6
Player point: 19, Bot point: 20
Player lose! Money: 392.0
========================
Round #212
Player cards: [♦3, ♦A], Bot cards:[♦8, ♦T]
Player points: [4, 14], Bot points:[18, 18]
Player get one more card ♦5
Player point: 19, Bot point: 18
Player win! Money: 411.0
========================
Round #213
Player cards: [♥3, ♠4], Bot cards:[♦2, ♦A]
Player points: [7, 7], Bot points:[3, 13]
Player get one more card ♦9
Bot get one more card ♠2
Bot get one more card ♥A
Bot get one more card ♠5
Bot get one more card ♣5
Bot get one more card ♠6
Player point: 16, Bot point: 22
Player win! Money: 430.0
========================
Round #214
Player cards: [♦3, ♣4], Bot cards:[♣3, ♥8]
Player points: [7, 7], Bot points:[11, 11]
Player get one more card ♥2
Player get one more card ♥2
Bot get one more card ♦3
Bot get one more card ♥Q
Player point: 11, Bot point: 24
Player win! Money: 449.0
========================
Round #215
New deck
Player cards: [♦3, ♥4], Bot cards:[♦T, ♥K]
Player points: [7, 7], Bot points:[20, 20]
Player get one more card ♠9
Player get one more card ♠K
Player point: 26, Bot point: 20
Player lose! Money: 428.0
========================
Round #216
Player cards: [♠3, ♦4], Bot cards:[♣2, ♥9]
Player points: [7, 7], Bot points:[11, 11]
Player get one more card ♣9
Bot get one more card ♥2
Bot get one more card ♣J
Player point: 16, Bot point: 23
Player win! Money: 447.0
========================
Round #217
Player cards: [♥8, ♣T], Bot cards:[♠6, ♣J]
Player points: [18, 18], Bot points:[16, 16]
Bot get one more card ♥Q
Player point: 18, Bot point: 26
Player win! Money: 466.0
========================
Round #218
Player cards: [♦7, ♥Q], Bot cards:[♥3, ♦A]
Player points: [17, 17], Bot points:[4, 14]
Bot get one more card ♥T
Bot get one more card ♦5
Player point: 17, Bot point: 19
Player lose! Money: 445.0
========================
Round #219
Player cards: [♥4, ♥J], Bot cards:[♠J, ♦K]
Player points: [14, 14], Bot points:[20, 20]
Player get one more card ♠4
Player point: 18, Bot point: 20
Player lose! Money: 424.0
========================
Round #220
Player cards: [♥2, ♥6], Bot cards:[♠2, ♥J]
Player points: [8, 8], Bot points:[12, 12]
Player get one more card ♣4
Player get one more card ♣A
Bot get one more card ♣7
Player point: 13, Bot point: 19
Player lose! Money: 403.0
========================
Round #221
Player cards: [♣4, ♦9], Bot cards:[♦3, ♥9]
Player points: [13, 13], Bot points:[12, 12]
Bot get one more card ♦9
Player point: 13, Bot point: 21
Player lose! Money: 382.0
========================
Round #222
Player cards: [♣3, ♣5], Bot cards:[♥2, ♠9]
Player points: [8, 8], Bot points:[11, 11]
Player get one more card ♠7
Bot get one more card ♥9
Player point: 15, Bot point: 20
Player lose! Money: 361.0
========================
Round #223
Player cards: [♥7, ♣T], Bot cards:[♦2, ♥A]
Player points: [17, 17], Bot points:[3, 13]
Bot get one more card ♣2
Bot get one more card ♥A
Bot get one more card ♥7
Bot get one more card ♥2
Bot get one more card ♠Q
Player point: 17, Bot point: 25
Player win! Money: 380.0
========================
Round #224
Player cards: [♠2, ♥8], Bot cards:[♦K, ♠K]
Player points: [10, 10], Bot points:[20, 20]
Player get one more card ♠2
Player get one more card ♣A
Player get one more card ♥K
Player point: 23, Bot point: 20
Player lose! Money: 359.0
========================
Round #225
Player cards: [♦6, ♥8], Bot cards:[♥T, ♥A]
Player points: [14, 14], Bot points:[11, 21]
Player get one more card ♥K
Bot get one more card ♥2
Bot get one more card ♦T
Player point: 24, Bot point: 23
Player lose! Money: 338.0
========================
Round #226
Player cards: [♣5, ♥T], Bot cards:[♦4, ♠6]
Player points: [15, 15], Bot points:[10, 10]
Bot get one more card ♠5
Bot get one more card ♣3
Player point: 15, Bot point: 18
Player lose! Money: 317.0
========================
Round #227
Player cards: [♣9, ♣K], Bot cards:[♠T, ♣A]
Player points: [19, 19], Bot points:[11, 21]
Bot get one more card ♣T
Player point: 19, Bot point: 21
Player lose! Money: 296.0
========================
Round #228
Player cards: [♠K, ♥A], Bot cards:[♠5, ♦8]
Player points: [11, 21], Bot points:[13, 13]
Bot get one more card ♥6
Player point: 21, Bot point: 19
------ BlackJack!! ------
Player win! Money: 319.0
========================
Round #229
Player cards: [♥9, ♦J], Bot cards:[♣K, ♠K]
Player points: [19, 19], Bot points:[20, 20]
Player point: 19, Bot point: 20
Player lose! Money: 298.0
========================
Round #230
Player cards: [♦8, ♠J], Bot cards:[♣Q, ♣K]
Player points: [18, 18], Bot points:[20, 20]
Player point: 18, Bot point: 20
Player lose! Money: 277.0
========================
Round #231
Player cards: [♠6, ♥8], Bot cards:[♠Q, ♦A]
Player points: [14, 14], Bot points:[11, 21]
Player get one more card ♣A
Player get one more card ♠8
Bot get one more card ♦6
Player point: 23, Bot point: 17
Player lose! Money: 256.0
========================
Round #232
Player cards: [♦9, ♦A], Bot cards:[♠4, ♥6]
Player points: [10, 20], Bot points:[10, 10]
Bot get one more card ♣T
Player point: 20, Bot point: 20
Draw! Money:255.0
========================
Round #233
Player cards: [♥4, ♣9], Bot cards:[♦5, ♥6]
Player points: [13, 13], Bot points:[11, 11]
Bot get one more card ♠T
Player point: 13, Bot point: 21
Player lose! Money: 234.0
========================
Round #234
Player cards: [♣8, ♠9], Bot cards:[♠3, ♥3]
Player points: [17, 17], Bot points:[6, 6]
Bot get one more card ♣6
Bot get one more card ♣5
Player point: 17, Bot point: 17
Draw! Money:233.0
========================
Round #235
Player cards: [♦4, ♦A], Bot cards:[♦8, ♣K]
Player points: [5, 15], Bot points:[18, 18]
Player get one more card ♣Q
Player get one more card ♥3
Player point: 18, Bot point: 18
Draw! Money:232.0
========================
Round #236
Player cards: [♦2, ♥5], Bot cards:[♣4, ♠J]
Player points: [7, 7], Bot points:[14, 14]
Player get one more card ♦4
Player get one more card ♥K
Bot get one more card ♥4
Player point: 21, Bot point: 18
Player win! Money: 251.0
========================
Round #237
Player cards: [♦2, ♣7], Bot cards:[♥7, ♠7]
Player points: [9, 9], Bot points:[14, 14]
Player get one more card ♠8
Bot get one more card ♥Q
Player point: 17, Bot point: 24
Player win! Money: 270.0
========================
Round #238
Player cards: [♦3, ♦Q], Bot cards:[♣7, ♥J]
Player points: [13, 13], Bot points:[17, 17]
Player get one more card ♠T
Player point: 23, Bot point: 17
Player lose! Money: 249.0
========================
Round #239
Player cards: [♣8, ♠Q], Bot cards:[♥5, ♣6]
Player points: [18, 18], Bot points:[11, 11]
Bot get one more card ♦3
Bot get one more card ♦8
Player point: 18, Bot point: 22
Player win! Money: 268.0
========================
Round #240
Player cards: [♦7, ♠8], Bot cards:[♦Q, ♥A]
Player points: [15, 15], Bot points:[11, 21]
Player get one more card ♠5
Bot get one more card ♦K
Player point: 20, Bot point: 21
Player lose! Money: 247.0
========================
Round #241
Player cards: [♦7, ♦K], Bot cards:[♠6, ♠9]
Player points: [17, 17], Bot points:[15, 15]
Bot get one more card ♣3
Player point: 17, Bot point: 18
Player lose! Money: 226.0
========================
Round #242
Player cards: [♥4, ♠8], Bot cards:[♣2, ♦Q]
Player points: [12, 12], Bot points:[12, 12]
Player get one more card ♦6
Bot get one more card ♠A
Bot get one more card ♦J
Player point: 18, Bot point: 23
Player win! Money: 245.0
========================
Round #243
Player cards: [♦7, ♠A], Bot cards:[♦T, ♦J]
Player points: [8, 18], Bot points:[20, 20]
Player point: 18, Bot point: 20
Player lose! Money: 224.0
========================
Round #244
Player cards: [♣4, ♣Q], Bot cards:[♣J, ♦Q]
Player points: [14, 14], Bot points:[20, 20]
Player get one more card ♦J
Player point: 24, Bot point: 20
Player lose! Money: 203.0
========================
Round #245
Player cards: [♠4, ♠5], Bot cards:[♥5, ♠Q]
Player points: [9, 9], Bot points:[15, 15]
----- Double Bet! -----
Player get one more card ♠J
Bot get one more card ♠6
Player point: 19, Bot point: 21
Player lose! Money: 162.0
========================
Round #246
Player cards: [♠7, ♥J], Bot cards:[♥5, ♣6]
Player points: [17, 17], Bot points:[11, 11]
Bot get one more card ♠4
Bot get one more card ♠A
Bot get one more card ♥T
Player point: 17, Bot point: 26
Player win! Money: 181.0
========================
Round #247
Player cards: [♣8, ♠T], Bot cards:[♠3, ♣3]
Player points: [18, 18], Bot points:[6, 6]
Bot get one more card ♣7
Bot get one more card ♣8
Player point: 18, Bot point: 21
Player lose! Money: 160.0
========================
Round #248
Player cards: [♥T, ♦T], Bot cards:[♦2, ♦5]
Player points: [20, 20], Bot points:[7, 7]
Bot get one more card ♣7
Bot get one more card ♠7
Player point: 20, Bot point: 21
Player lose! Money: 139.0
========================
Round #249
Player cards: [♠3, ♦9], Bot cards:[♦5, ♠T]
Player points: [12, 12], Bot points:[15, 15]
Bot get one more card ♣5
Player point: 12, Bot point: 20
Player lose! Money: 118.0
========================
Round #250
Player cards: [♣5, ♣6], Bot cards:[♥Q, ♠A]
Player points: [11, 11], Bot points:[11, 21]
----- Double Bet! -----
Player get one more card ♠2
Bot get one more card ♠4
Bot get one more card ♥3
Player point: 13, Bot point: 18
Player lose! Money: 77.0
========================
Round #251
New deck
Player cards: [♣7, ♣T], Bot cards:[♣6, ♦6]
Player points: [17, 17], Bot points:[12, 12]
Bot get one more card ♥4
Bot get one more card ♥Q
Player point: 17, Bot point: 26
Player win! Money: 96.0
========================
Round #252
Player cards: [♣6, ♦9], Bot cards:[♠7, ♦9]
Player points: [15, 15], Bot points:[16, 16]
Player get one more card ♠J
Bot get one more card ♦7
Player point: 25, Bot point: 23
Player lose! Money: 75.0
========================
Round #253
Player cards: [♣2, ♣K], Bot cards:[♦4, ♥A]
Player points: [12, 12], Bot points:[5, 15]
Bot get one more card ♦6
Bot get one more card ♦5
Bot get one more card ♦Q
Player point: 12, Bot point: 26
Player win! Money: 94.0
========================
Round #254
Player cards: [♦3, ♠9], Bot cards:[♦2, ♣3]
Player points: [12, 12], Bot points:[5, 5]
Player get one more card ♠Q
Bot get one more card ♥9
Bot get one more card ♠4
Player point: 22, Bot point: 18
Player lose! Money: 73.0
========================
Round #255
Player cards: [♦5, ♦T], Bot cards:[♣5, ♣A]
Player points: [15, 15], Bot points:[6, 16]
Bot get one more card ♠8
Bot get one more card ♣6
Player point: 15, Bot point: 20
Player lose! Money: 52.0
========================
Round #256
Player cards: [♥5, ♣K], Bot cards:[♦5, ♣9]
Player points: [15, 15], Bot points:[14, 14]
Bot get one more card ♣7
Player point: 15, Bot point: 21
Player lose! Money: 31.0
========================
Round #257
Player cards: [♠T, ♣J], Bot cards:[♣5, ♠A]
Player points: [20, 20], Bot points:[6, 16]
Bot get one more card ♥3
Bot get one more card ♣J
Player point: 20, Bot point: 19
Player win! Money: 50.0
========================
Round #258
Player cards: [♥8, ♥K], Bot cards:[♠3, ♣5]
Player points: [18, 18], Bot points:[8, 8]
Bot get one more card ♦A
Bot get one more card ♥2
Bot get one more card ♦6
Player point: 18, Bot point: 17
Player win! Money: 69.0
========================
Round #259
Player cards: [♦3, ♥K], Bot cards:[♣4, ♣6]
Player points: [13, 13], Bot points:[10, 10]
Bot get one more card ♦4
Bot get one more card ♥T
Player point: 13, Bot point: 24
Player win! Money: 88.0
========================
Round #260
Player cards: [♣2, ♥3], Bot cards:[♣4, ♠Q]
Player points: [5, 5], Bot points:[14, 14]
Player get one more card ♠7
Bot get one more card ♦8
Player point: 12, Bot point: 22
Player win! Money: 107.0
========================
Round #261
Player cards: [♥J, ♠Q], Bot cards:[♥8, ♣Q]
Player points: [20, 20], Bot points:[18, 18]
Player point: 20, Bot point: 18
Player win! Money: 126.0
========================
Round #262
Player cards: [♣4, ♠5], Bot cards:[♣8, ♣Q]
Player points: [9, 9], Bot points:[18, 18]
Player get one more card ♠A
Player point: 20, Bot point: 18
Player win! Money: 145.0
========================
Round #263
Player cards: [♣2, ♠K], Bot cards:[♥2, ♣2]
Player points: [12, 12], Bot points:[4, 4]
Player get one more card ♣A
Bot get one more card ♣J
Bot get one more card ♣Q
Player point: 13, Bot point: 24
Player win! Money: 164.0
========================
Round #264
Player cards: [♥3, ♣A], Bot cards:[♦2, ♦A]
Player points: [4, 14], Bot points:[3, 13]
Bot get one more card ♥Q
Bot get one more card ♦3
Bot get one more card ♥7
Player point: 14, Bot point: 23
Player win! Money: 183.0
========================
Round #265
Player cards: [♠2, ♥5], Bot cards:[♠J, ♥J]
Player points: [7, 7], Bot points:[20, 20]
Player get one more card ♠6
Player get one more card ♥8
Player point: 21, Bot point: 20
Player win! Money: 202.0
========================
Round #266
Player cards: [♣5, ♦Q], Bot cards:[♥5, ♥J]
Player points: [15, 15], Bot points:[15, 15]
Bot get one more card ♣2
Player point: 15, Bot point: 17
Player lose! Money: 181.0
========================
Round #267
Player cards: [♣7, ♦8], Bot cards:[♣Q, ♥K]
Player points: [15, 15], Bot points:[20, 20]
Player get one more card ♥A
Player get one more card ♥9
Player point: 25, Bot point: 20
Player lose! Money: 160.0
========================
Round #268
Player cards: [♥4, ♥7], Bot cards:[♠3, ♣Q]
Player points: [11, 11], Bot points:[13, 13]
----- Double Bet! -----
Player get one more card ♠7
Bot get one more card ♥2
Bot get one more card ♣3
Player point: 18, Bot point: 18
Draw! Money:159.0
========================
Round #269
Player cards: [♠5, ♣9], Bot cards:[♠3, ♦J]
Player points: [14, 14], Bot points:[13, 13]
Bot get one more card ♦K
Player point: 14, Bot point: 23
Player win! Money: 178.0
========================
Round #270
Player cards: [♥4, ♦6], Bot cards:[♥6, ♠J]
Player points: [10, 10], Bot points:[16, 16]
----- Double Bet! -----
Player get one more card ♣7
Bot get one more card ♠2
Player point: 17, Bot point: 18
Player lose! Money: 137.0
========================
Round #271
Player cards: [♥6, ♥A], Bot cards:[♦8, ♠9]
Player points: [7, 17], Bot points:[17, 17]
Player point: 17, Bot point: 17
Draw! Money:136.0
========================
Round #272
Player cards: [♣3, ♣J], Bot cards:[♥8, ♦T]
Player points: [13, 13], Bot points:[18, 18]
Player get one more card ♣8
Player point: 21, Bot point: 18
Player win! Money: 155.0
========================
Round #273
Player cards: [♠4, ♣T], Bot cards:[♥9, ♣A]
Player points: [14, 14], Bot points:[10, 20]
Player get one more card ♥5
Bot get one more card ♦5
Bot get one more card ♠2
Player point: 19, Bot point: 17
Player win! Money: 174.0
========================
Round #274
Player cards: [♥9, ♥J], Bot cards:[♠T, ♦A]
Player points: [19, 19], Bot points:[11, 21]
Bot get one more card ♠2
Bot get one more card ♣8
Player point: 19, Bot point: 21
Player lose! Money: 153.0
========================
Round #275
Player cards: [♦J, ♥Q], Bot cards:[♠6, ♦9]
Player points: [20, 20], Bot points:[15, 15]
Bot get one more card ♦3
Player point: 20, Bot point: 18
Player win! Money: 172.0
========================
Round #276
Player cards: [♠8, ♠9], Bot cards:[♦6, ♠6]
Player points: [17, 17], Bot points:[12, 12]
Bot get one more card ♦K
Player point: 17, Bot point: 22
Player win! Money: 191.0
========================
Round #277
Player cards: [♠8, ♦T], Bot cards:[♥3, ♣8]
Player points: [18, 18], Bot points:[11, 11]
Bot get one more card ♠5
Bot get one more card ♠J
Player point: 18, Bot point: 26
Player win! Money: 210.0
========================
Round #278
Player cards: [♠8, ♣T], Bot cards:[♦2, ♦7]
Player points: [18, 18], Bot points:[9, 9]
Bot get one more card ♠A
Bot get one more card ♦4
Bot get one more card ♠Q
Player point: 18, Bot point: 24
Player win! Money: 229.0
========================
Round #279
Player cards: [♥Q, ♦K], Bot cards:[♥T, ♦J]
Player points: [20, 20], Bot points:[20, 20]
Player point: 20, Bot point: 20
Draw! Money:228.0
========================
Round #280
Player cards: [♠3, ♥7], Bot cards:[♣9, ♥A]
Player points: [10, 10], Bot points:[10, 20]
----- Double Bet! -----
Player get one more card ♥7
Bot get one more card ♦7
Player point: 17, Bot point: 17
Draw! Money:227.0
========================
Round #281
Player cards: [♣3, ♦9], Bot cards:[♠6, ♣J]
Player points: [12, 12], Bot points:[16, 16]
Bot get one more card ♠T
Player point: 12, Bot point: 26
Player win! Money: 246.0
========================
Round #282
Player cards: [♥2, ♣4], Bot cards:[♥4, ♥7]
Player points: [6, 6], Bot points:[11, 11]
Player get one more card ♦J
Bot get one more card ♠T
Player point: 16, Bot point: 21
Player lose! Money: 225.0
========================
Round #283
Player cards: [♠4, ♠5], Bot cards:[♦T, ♥K]
Player points: [9, 9], Bot points:[20, 20]
Player get one more card ♥6
Player get one more card ♦7
Player point: 22, Bot point: 20
Player lose! Money: 204.0
========================
Round #284
Player cards: [♦4, ♣K], Bot cards:[♦K, ♠A]
Player points: [14, 14], Bot points:[11, 21]
Player get one more card ♠4
Bot get one more card ♣T
Player point: 18, Bot point: 21
Player lose! Money: 183.0
========================
Round #285
Player cards: [♠K, ♠K], Bot cards:[♥T, ♦Q]
Player points: [20, 20], Bot points:[20, 20]
Player point: 20, Bot point: 20
Draw! Money:182.0
========================
Round #286
Player cards: [♠7, ♣9], Bot cards:[♥6, ♦Q]
Player points: [16, 16], Bot points:[16, 16]
Bot get one more card ♦8
Player point: 16, Bot point: 24
Player win! Money: 201.0
========================
Round #287
New deck
Player cards: [♥2, ♦6], Bot cards:[♥7, ♦8]
Player points: [8, 8], Bot points:[15, 15]
Player get one more card ♦T
Bot get one more card ♥4
Player point: 18, Bot point: 19
Player lose! Money: 180.0
========================
Round #288
Player cards: [♥7, ♣K], Bot cards:[♠4, ♠5]
Player points: [17, 17], Bot points:[9, 9]
Bot get one more card ♥4
Bot get one more card ♠8
Player point: 17, Bot point: 21
Player lose! Money: 159.0
========================
Round #289
Player cards: [♣3, ♠6], Bot cards:[♥4, ♥7]
Player points: [9, 9], Bot points:[11, 11]
----- Double Bet! -----
Player get one more card ♣6
Bot get one more card ♥2
Bot get one more card ♦7
Player point: 15, Bot point: 20
Player lose! Money: 118.0
========================
Round #290
Player cards: [♠8, ♣Q], Bot cards:[♦Q, ♠A]
Player points: [18, 18], Bot points:[11, 21]
Bot get one more card ♣Q
Player point: 18, Bot point: 21
Player lose! Money: 97.0
========================
Round #291
Player cards: [♥J, ♠K], Bot cards:[♦3, ♦3]
Player points: [20, 20], Bot points:[6, 6]
Bot get one more card ♣9
Bot get one more card ♥Q
Player point: 20, Bot point: 25
Player win! Money: 116.0
========================
Round #292
Player cards: [♠2, ♥9], Bot cards:[♥T, ♠J]
Player points: [11, 11], Bot points:[20, 20]
----- Double Bet! -----
Player get one more card ♥7
Player point: 18, Bot point: 20
Player lose! Money: 75.0
========================
Round #293
Player cards: [♦5, ♣6], Bot cards:[♦8, ♥T]
Player points: [11, 11], Bot points:[18, 18]
----- Double Bet! -----
Player get one more card ♠J
Player point: 21, Bot point: 18
Player win! Money: 114.0
========================
Round #294
Player cards: [♥6, ♥8], Bot cards:[♠3, ♠T]
Player points: [14, 14], Bot points:[13, 13]
Bot get one more card ♣7
Player point: 14, Bot point: 20
Player lose! Money: 93.0
========================
Round #295
Player cards: [♥5, ♠K], Bot cards:[♣9, ♥K]
Player points: [15, 15], Bot points:[19, 19]
Player get one more card ♠9
Player point: 24, Bot point: 19
Player lose! Money: 72.0
========================
Round #296
Player cards: [♠K, ♥A], Bot cards:[♣8, ♠8]
Player points: [11, 21], Bot points:[16, 16]
Bot get one more card ♠7
Player point: 21, Bot point: 23
------ BlackJack!! ------
Player win! Money: 95.0
========================
Round #297
Player cards: [♦6, ♦T], Bot cards:[♠2, ♦5]
Player points: [16, 16], Bot points:[7, 7]
Bot get one more card ♦A
Bot get one more card ♦9
Player point: 16, Bot point: 17
Player lose! Money: 74.0
========================
Round #298
Player cards: [♣5, ♣9], Bot cards:[♥5, ♣T]
Player points: [14, 14], Bot points:[15, 15]
Bot get one more card ♣J
Player point: 14, Bot point: 25
Player win! Money: 93.0
========================
Round #299
Player cards: [♦2, ♠5], Bot cards:[♣5, ♥9]
Player points: [7, 7], Bot points:[14, 14]
Player get one more card ♦A
Bot get one more card ♣3
Player point: 18, Bot point: 17
Player win! Money: 112.0
========================
Round #300
Player cards: [♠5, ♥6], Bot cards:[♣2, ♣J]
Player points: [11, 11], Bot points:[12, 12]
----- Double Bet! -----
Player get one more card ♠A
Bot get one more card ♥5
Player point: 12, Bot point: 17
Player lose! Money: 71.0
========================
Round #301
Player cards: [♦J, ♥A], Bot cards:[♦3, ♦J]
Player points: [11, 21], Bot points:[13, 13]
Bot get one more card ♦2
Bot get one more card ♥J
Player point: 21, Bot point: 25
------ BlackJack!! ------
Player win! Money: 94.0
========================
Round #302
Player cards: [♠9, ♠K], Bot cards:[♥8, ♣9]
Player points: [19, 19], Bot points:[17, 17]
Player point: 19, Bot point: 17
Player win! Money: 113.0
========================
Round #303
Player cards: [♣4, ♦7], Bot cards:[♥3, ♣A]
Player points: [11, 11], Bot points:[4, 14]
----- Double Bet! -----
Player get one more card ♦K
Bot get one more card ♦A
Bot get one more card ♠3
Bot get one more card ♦Q
Player point: 21, Bot point: 18
Player win! Money: 152.0
========================
Round #304
Player cards: [♣2, ♣8], Bot cards:[♠7, ♣9]
Player points: [10, 10], Bot points:[16, 16]
----- Double Bet! -----
Player get one more card ♦K
Bot get one more card ♦9
Player point: 20, Bot point: 25
Player win! Money: 191.0
========================
Round #305
Player cards: [♣4, ♦K], Bot cards:[♥9, ♣J]
Player points: [14, 14], Bot points:[19, 19]
Player get one more card ♥3
Player point: 17, Bot point: 19
Player lose! Money: 170.0
========================
Round #306
Player cards: [♥5, ♥A], Bot cards:[♠9, ♦Q]
Player points: [6, 16], Bot points:[19, 19]
Player get one more card ♠J
Player get one more card ♥6
Player point: 22, Bot point: 19
Player lose! Money: 149.0
========================
Round #307
Player cards: [♣7, ♦J], Bot cards:[♥T, ♣Q]
Player points: [17, 17], Bot points:[20, 20]
Player point: 17, Bot point: 20
Player lose! Money: 128.0
========================
Round #308
Player cards: [♥3, ♠4], Bot cards:[♦8, ♣8]
Player points: [7, 7], Bot points:[16, 16]
Player get one more card ♣K
Bot get one more card ♦Q
Player point: 17, Bot point: 26
Player win! Money: 147.0
========================
Round #309
Player cards: [♣4, ♣T], Bot cards:[♦8, ♥A]
Player points: [14, 14], Bot points:[9, 19]
Player get one more card ♥2
Player get one more card ♠8
Bot get one more card ♥K
Player point: 24, Bot point: 19
Player lose! Money: 126.0
========================
Round #310
Player cards: [♥4, ♣7], Bot cards:[♥Q, ♣A]
Player points: [11, 11], Bot points:[11, 21]
----- Double Bet! -----
Player get one more card ♣T
Bot get one more card ♠2
Bot get one more card ♠Q
Player point: 21, Bot point: 23
Player win! Money: 165.0
========================
Round #311
Player cards: [♥J, ♣K], Bot cards:[♠4, ♥9]
Player points: [20, 20], Bot points:[13, 13]
Bot get one more card ♦5
Player point: 20, Bot point: 18
Player win! Money: 184.0
========================
Round #312
Player cards: [♠5, ♥K], Bot cards:[♣6, ♦A]
Player points: [15, 15], Bot points:[7, 17]
Bot get one more card ♣5
Bot get one more card ♣A
Bot get one more card ♣3
Bot get one more card ♦2
Player point: 15, Bot point: 18
Player lose! Money: 163.0
========================
Round #313
Player cards: [♦4, ♠K], Bot cards:[♦4, ♦T]
Player points: [14, 14], Bot points:[14, 14]
Bot get one more card ♦2
Bot get one more card ♠6
Player point: 14, Bot point: 22
Player win! Money: 182.0
========================
Round #314
Player cards: [♠9, ♠Q], Bot cards:[♠3, ♠Q]
Player points: [19, 19], Bot points:[13, 13]
Bot get one more card ♣8
Player point: 19, Bot point: 21
Player lose! Money: 161.0
========================
Round #315
Player cards: [♣6, ♥T], Bot cards:[♦5, ♠J]
Player points: [16, 16], Bot points:[15, 15]
Bot get one more card ♣2
Player point: 16, Bot point: 17
Player lose! Money: 140.0
========================
Round #316
Player cards: [♠2, ♥2], Bot cards:[♦2, ♦4]
Player points: [4, 4], Bot points:[6, 6]
Player get one more card ♣4
Player get one more card ♦7
Bot get one more card ♣7
Bot get one more card ♥J
Player point: 15, Bot point: 23
Player win! Money: 159.0
========================
Round #317
Player cards: [♠4, ♦A], Bot cards:[♠T, ♦J]
Player points: [5, 15], Bot points:[20, 20]
Player get one more card ♥6
Player point: 21, Bot point: 20
Player win! Money: 178.0
========================
Round #318
Player cards: [♦7, ♣K], Bot cards:[♦6, ♠A]
Player points: [17, 17], Bot points:[7, 17]
Bot get one more card ♣3
Bot get one more card ♠6
Bot get one more card ♦T
Player point: 17, Bot point: 26
Player win! Money: 197.0
========================
Round #319
Player cards: [♥8, ♠T], Bot cards:[♠7, ♣K]
Player points: [18, 18], Bot points:[17, 17]
Player point: 18, Bot point: 17
Player win! Money: 216.0
========================
Round #320
Player cards: [♥3, ♦4], Bot cards:[♠9, ♥Q]
Player points: [7, 7], Bot points:[19, 19]
Player get one more card ♣T
Player point: 17, Bot point: 19
Player lose! Money: 195.0
========================
Round #321
Player cards: [♠3, ♣A], Bot cards:[♥8, ♥Q]
Player points: [4, 14], Bot points:[18, 18]
Player get one more card ♣Q
Player get one more card ♣2
Player get one more card ♣5
Player point: 21, Bot point: 18
Player win! Money: 214.0
========================
Round #322
Player cards: [♦6, ♦9], Bot cards:[♠6, ♦K]
Player points: [15, 15], Bot points:[16, 16]
Bot get one more card ♣J
Player point: 15, Bot point: 26
Player win! Money: 233.0
========================
Round #323
New deck
Player cards: [♥7, ♥K], Bot cards:[♦T, ♦K]
Player points: [17, 17], Bot points:[20, 20]
Player point: 17, Bot point: 20
Player lose! Money: 212.0
========================
Round #324
Player cards: [♣4, ♣T], Bot cards:[♠9, ♣Q]
Player points: [14, 14], Bot points:[19, 19]
Player get one more card ♠A
Player get one more card ♦5
Player point: 20, Bot point: 19
Player win! Money: 231.0
========================
Round #325
Player cards: [♥5, ♥K], Bot cards:[♣3, ♥A]
Player points: [15, 15], Bot points:[4, 14]
Bot get one more card ♦A
Bot get one more card ♦9
Bot get one more card ♦2
Bot get one more card ♠9
Player point: 15, Bot point: 25
Player win! Money: 250.0
========================
Round #326
Player cards: [♥6, ♥Q], Bot cards:[♣8, ♥T]
Player points: [16, 16], Bot points:[18, 18]
Player get one more card ♥J
Player point: 26, Bot point: 18
Player lose! Money: 229.0
========================
Round #327
Player cards: [♥2, ♣7], Bot cards:[♣5, ♠J]
Player points: [9, 9], Bot points:[15, 15]
----- Double Bet! -----
Player get one more card ♠Q
Bot get one more card ♠2
Player point: 19, Bot point: 17
Player win! Money: 268.0
========================
Round #328
Player cards: [♣T, ♥J], Bot cards:[♥T, ♣A]
Player points: [20, 20], Bot points:[11, 21]
Bot get one more card ♦T
Player point: 20, Bot point: 21
Player lose! Money: 247.0
========================
Round #329
Player cards: [♥4, ♠7], Bot cards:[♥A, ♠A]
Player points: [11, 11], Bot points:[2, 12]
----- Double Bet! -----
Player get one more card ♦6
Bot get one more card ♣2
Bot get one more card ♦3
Bot get one more card ♣7
Bot get one more card ♣A
Bot get one more card ♦2
Player point: 17, Bot point: 17
Draw! Money:246.0
========================
Round #330
Player cards: [♦3, ♣5], Bot cards:[♣3, ♦6]
Player points: [8, 8], Bot points:[9, 9]
Player get one more card ♣7
Bot get one more card ♣9
Player point: 15, Bot point: 18
Player lose! Money: 225.0
========================
Round #331
Player cards: [♥7, ♣T], Bot cards:[♠T, ♣J]
Player points: [17, 17], Bot points:[20, 20]
Player point: 17, Bot point: 20
Player lose! Money: 204.0
========================
Round #332
Player cards: [♦4, ♥4], Bot cards:[♦3, ♦5]
Player points: [8, 8], Bot points:[8, 8]
Player get one more card ♦Q
Bot get one more card ♣2
Bot get one more card ♠9
Player point: 18, Bot point: 19
Player lose! Money: 183.0
========================
Round #333
Player cards: [♠2, ♥9], Bot cards:[♠5, ♥8]
Player points: [11, 11], Bot points:[13, 13]
----- Double Bet! -----
Player get one more card ♠4
Bot get one more card ♠5
Player point: 15, Bot point: 18
Player lose! Money: 142.0
========================
Round #334
Player cards: [♣3, ♦6], Bot cards:[♠8, ♣J]
Player points: [9, 9], Bot points:[18, 18]
Player get one more card ♦5
Player get one more card ♥J
Player point: 24, Bot point: 18
Player lose! Money: 121.0
========================
Round #335
Player cards: [♦7, ♦8], Bot cards:[♦8, ♦T]
Player points: [15, 15], Bot points:[18, 18]
Player get one more card ♥8
Player point: 23, Bot point: 18
Player lose! Money: 100.0
========================
Round #336
Player cards: [♥2, ♣3], Bot cards:[♠2, ♥8]
Player points: [5, 5], Bot points:[10, 10]
Player get one more card ♥8
Bot get one more card ♦4
Bot get one more card ♠3
Player point: 13, Bot point: 17
Player lose! Money: 79.0
========================
Round #337
Player cards: [♦6, ♦J], Bot cards:[♥9, ♣K]
Player points: [16, 16], Bot points:[19, 19]
Player get one more card ♥Q
Player point: 26, Bot point: 19
Player lose! Money: 58.0
========================
Round #338
Player cards: [♠8, ♣9], Bot cards:[♠4, ♥Q]
Player points: [17, 17], Bot points:[14, 14]
Bot get one more card ♠4
Player point: 17, Bot point: 18
Player lose! Money: 37.0
========================
Round #339
Player cards: [♥6, ♠A], Bot cards:[♦2, ♣Q]
Player points: [7, 17], Bot points:[12, 12]
Bot get one more card ♥J
Player point: 17, Bot point: 22
Player win! Money: 56.0
========================
Round #340
Player cards: [♠5, ♥7], Bot cards:[♦4, ♣4]
Player points: [12, 12], Bot points:[8, 8]
Bot get one more card ♦3
Bot get one more card ♣Q
Player point: 12, Bot point: 21
Player lose! Money: 35.0
========================
Round #341
Player cards: [♦Q, ♦A], Bot cards:[♠6, ♠T]
Player points: [11, 21], Bot points:[16, 16]
Bot get one more card ♦9
Player point: 21, Bot point: 25
------ BlackJack!! ------
Player win! Money: 58.0
========================
Round #342
Player cards: [♣8, ♠A], Bot cards:[♣T, ♥Q]
Player points: [9, 19], Bot points:[20, 20]
Player point: 19, Bot point: 20
Player lose! Money: 37.0
========================
Round #343
Player cards: [♠6, ♦9], Bot cards:[♠K, ♦A]
Player points: [15, 15], Bot points:[11, 21]
Player get one more card ♠Q
Bot get one more card ♦A
Bot get one more card ♦J
Player point: 25, Bot point: 22
Player lose! Money: 16.0
========================
Round #344
Player cards: [♠T, ♥K], Bot cards:[♠5, ♠Q]
Player points: [20, 20], Bot points:[15, 15]
Bot get one more card ♠A
Bot get one more card ♠7
Player point: 20, Bot point: 23
Player win! Money: 35.0
========================
Round #345
Player cards: [♦2, ♣4], Bot cards:[♠3, ♠J]
Player points: [6, 6], Bot points:[13, 13]
Player get one more card ♥5
Player get one more card ♥5
Bot get one more card ♦7
Player point: 16, Bot point: 20
Player lose! Money: 14.0
========================
Round #346
Player cards: [♠8, ♣J], Bot cards:[♠6, ♦J]
Player points: [18, 18], Bot points:[16, 16]
Bot get one more card ♥3
Player point: 18, Bot point: 19
Player lose! Money: -7.0
========================
Round #347
Total round: 348. Blackjack count: 15
====== Game Begin! ======
Total money: 500
Player cards: [♥J, ♥A], Bot cards:[♥5, ♥6]
Player points: [11, 21], Bot points:[11, 11]
Bot get one more card ♠2
Bot get one more card ♥K
Player point: 21, Bot point: 23
------ BlackJack!! ------
Player win! Money: 524.0
========================
Round #0
Player cards: [♠J, ♥K], Bot cards:[♦5, ♣T]
Player points: [20, 20], Bot points:[15, 15]
Bot get one more card ♥A
Bot get one more card ♠4
Player point: 20, Bot point: 20
Draw! Money:523.0
========================
Round #1
Player cards: [♣8, ♥Q], Bot cards:[♥K, ♠A]
Player points: [18, 18], Bot points:[11, 21]
Bot get one more card ♦6
Player point: 18, Bot point: 17
Player win! Money: 542.0
========================
Round #2
Player cards: [♣7, ♠9], Bot cards:[♠2, ♥7]
Player points: [16, 16], Bot points:[9, 9]
Bot get one more card ♠9
Player point: 16, Bot point: 18
Player lose! Money: 521.0
========================
Round #3
Player cards: [♣6, ♥J], Bot cards:[♠K, ♣A]
Player points: [16, 16], Bot points:[11, 21]
Player get one more card ♣A
Bot get one more card ♥Q
Player point: 17, Bot point: 21
Player lose! Money: 500.0
========================
Round #4
Player cards: [♣3, ♠7], Bot cards:[♣T, ♥J]
Player points: [10, 10], Bot points:[20, 20]
Player get one more card ♦6
Player get one more card ♠6
Player point: 22, Bot point: 20
Player lose! Money: 479.0
========================
Round #5
Player cards: [♠5, ♦8], Bot cards:[♠2, ♠4]
Player points: [13, 13], Bot points:[6, 6]
Bot get one more card ♥8
Bot get one more card ♥6
Player point: 13, Bot point: 20
Player lose! Money: 458.0
========================
Round #6
Player cards: [♦8, ♠Q], Bot cards:[♠4, ♦5]
Player points: [18, 18], Bot points:[9, 9]
Bot get one more card ♠9
Player point: 18, Bot point: 18
Draw! Money:457.0
========================
Round #7
Player cards: [♦7, ♦Q], Bot cards:[♠3, ♦6]
Player points: [17, 17], Bot points:[9, 9]
Bot get one more card ♣7
Bot get one more card ♦9
Player point: 17, Bot point: 25
Player win! Money: 476.0
========================
Round #8
Player cards: [♠8, ♦8], Bot cards:[♣3, ♣3]
Player points: [16, 16], Bot points:[6, 6]
-------- Split! Two hands: [9, 19], [11, 11]
For second hand:
----- Double Bet! -----
Player get one more card ♥4
Bot get one more card ♣9
Bot get one more card ♥T
Player point: 19, Bot point: 25
Player win! Money: 495.0
========================
Player point: 15, Bot point: 25
Player win! Money: 535.0
========================
Round #9
Player cards: [♥8, ♣K], Bot cards:[♦3, ♦9]
Player points: [18, 18], Bot points:[12, 12]
Bot get one more card ♦A
Bot get one more card ♣5
Player point: 18, Bot point: 18
Draw! Money:534.0
========================
Round #10
Player cards: [♣5, ♦T], Bot cards:[♦4, ♣Q]
Player points: [15, 15], Bot points:[14, 14]
Bot get one more card ♦Q
Player point: 15, Bot point: 24
Player win! Money: 553.0
========================
Round #11
Player cards: [♥2, ♠A], Bot cards:[♦4, ♠Q]
Player points: [3, 13], Bot points:[14, 14]
Bot get one more card ♥3
Player point: 13, Bot point: 17
Player lose! Money: 532.0
========================
Round #12
Player cards: [♣8, ♣Q], Bot cards:[♣2, ♦K]
Player points: [18, 18], Bot points:[12, 12]
Bot get one more card ♠8
Player point: 18, Bot point: 20
Player lose! Money: 511.0
========================
Round #13
Player cards: [♦K, ♥A], Bot cards:[♠5, ♥7]
Player points: [11, 21], Bot points:[12, 12]
Bot get one more card ♦7
Player point: 21, Bot point: 19
------ BlackJack!! ------
Player win! Money: 534.0
========================
Round #14
Player cards: [♥T, ♦T], Bot cards:[♥2, ♠K]
Player points: [20, 20], Bot points:[12, 12]
Bot get one more card ♣K
Player point: 20, Bot point: 22
Player win! Money: 553.0
========================
Round #15
Player cards: [♠6, ♠J], Bot cards:[♦4, ♠T]
Player points: [16, 16], Bot points:[14, 14]
Bot get one more card ♠K
Player point: 16, Bot point: 24
Player win! Money: 572.0
========================
Round #16
Player cards: [♣4, ♣J], Bot cards:[♥3, ♥T]
Player points: [14, 14], Bot points:[13, 13]
Bot get one more card ♣4
Player point: 14, Bot point: 17
Player lose! Money: 551.0
========================
Round #17
Player cards: [♥9, ♠K], Bot cards:[♣Q, ♦A]
Player points: [19, 19], Bot points:[11, 21]
Bot get one more card ♦T
Player point: 19, Bot point: 21
Player lose! Money: 530.0
========================
Round #18
Player cards: [♥8, ♠T], Bot cards:[♠T, ♠J]
Player points: [18, 18], Bot points:[20, 20]
Player point: 18, Bot point: 20
Player lose! Money: 509.0
========================
Round #19
Player cards: [♠6, ♥Q], Bot cards:[♠3, ♣Q]
Player points: [16, 16], Bot points:[13, 13]
Bot get one more card ♦2
Bot get one more card ♠5
Player point: 16, Bot point: 20
Player lose! Money: 488.0
========================
Round #20
Player cards: [♥3, ♣6], Bot cards:[♣2, ♣6]
Player points: [9, 9], Bot points:[8, 8]
Player get one more card ♣7
Bot get one more card ♣8
Bot get one more card ♦7
Player point: 16, Bot point: 23
Player win! Money: 507.0
========================
Round #21
Player cards: [♦7, ♠7], Bot cards:[♥2, ♠J]
Player points: [14, 14], Bot points:[12, 12]
-------- Split! Two hands: [12, 12], [14, 14]
Player get one more card ♠2
For second hand:
Bot get one more card ♠4
Bot get one more card ♠A
Player point: 14, Bot point: 17
Player lose! Money: 486.0
========================
Player point: 14, Bot point: 17
Player lose! Money: 466.0
========================
Round #22
Player cards: [♣5, ♦A], Bot cards:[♠9, ♣J]
Player points: [6, 16], Bot points:[19, 19]
Player get one more card ♦9
Player get one more card ♠8
Player point: 23, Bot point: 19
Player lose! Money: 445.0
========================
Round #23
Player cards: [♥Q, ♣A], Bot cards:[♠3, ♥4]
Player points: [11, 21], Bot points:[7, 7]
Bot get one more card ♠T
Player point: 21, Bot point: 17
------ BlackJack!! ------
Player win! Money: 468.0
========================
Round #24
Player cards: [♥8, ♣A], Bot cards:[♦3, ♠7]
Player points: [9, 19], Bot points:[10, 10]
Bot get one more card ♦J
Player point: 19, Bot point: 20
Player lose! Money: 447.0
========================
Round #25
Player cards: [♦3, ♦K], Bot cards:[♥4, ♠6]
Player points: [13, 13], Bot points:[10, 10]
Bot get one more card ♦5
Bot get one more card ♦Q
Player point: 13, Bot point: 25
Player win! Money: 466.0
========================
Round #26
Player cards: [♥7, ♥J], Bot cards:[♦8, ♦A]
Player points: [17, 17], Bot points:[9, 19]
Bot get one more card ♦2
Bot get one more card ♣9
Player point: 17, Bot point: 20
Player lose! Money: 445.0
========================
Round #27
Player cards: [♠5, ♣T], Bot cards:[♣2, ♥5]
Player points: [15, 15], Bot points:[7, 7]
Bot get one more card ♥4
Bot get one more card ♦T
Player point: 15, Bot point: 21
Player lose! Money: 424.0
========================
Round #28
Player cards: [♦9, ♥9], Bot cards:[♥2, ♠8]
Player points: [18, 18], Bot points:[10, 10]
-------- Split! Two hands: [10, 20], [18, 18]
For second hand:
Bot get one more card ♣3
Bot get one more card ♣8
Player point: 20, Bot point: 21
Player lose! Money: 403.0
========================
Player point: 18, Bot point: 21
Player lose! Money: 383.0
========================
Round #29
Player cards: [♣4, ♦K], Bot cards:[♣2, ♣K]
Player points: [14, 14], Bot points:[12, 12]
Bot get one more card ♣9
Player point: 14, Bot point: 21
Player lose! Money: 362.0
========================
Round #30
Player cards: [♦2, ♥T], Bot cards:[♠Q, ♥K]
Player points: [12, 12], Bot points:[20, 20]
Player get one more card ♦J
Player point: 22, Bot point: 20
Player lose! Money: 341.0
========================
Round #31
Player cards: [♣5, ♣J], Bot cards:[♦J, ♣K]
Player points: [15, 15], Bot points:[20, 20]
Player get one more card ♦2
Player point: 17, Bot point: 20
Player lose! Money: 320.0
========================
Round #32
Player cards: [♣9, ♥9], Bot cards:[♣4, ♦J]
Player points: [18, 18], Bot points:[14, 14]
-------- Split! Two hands: [12, 12], [14, 14]
For second hand:
Bot get one more card ♥6
Player point: 12, Bot point: 20
Player lose! Money: 299.0
========================
Player point: 14, Bot point: 20
Player lose! Money: 279.0
========================
Round #33
Player cards: [♦4, ♦6], Bot cards:[♣6, ♦Q]
Player points: [10, 10], Bot points:[16, 16]
----- Double Bet! -----
Player get one more card ♣J
Bot get one more card ♠3
Player point: 20, Bot point: 19
Player win! Money: 318.0
========================
Round #34
New deck
Player cards: [♦2, ♣A], Bot cards:[♠3, ♥T]
Player points: [3, 13], Bot points:[13, 13]
Bot get one more card ♠T
Player point: 13, Bot point: 23
Player win! Money: 337.0
========================
Round #35
Player cards: [♦7, ♦9], Bot cards:[♣4, ♣5]
Player points: [16, 16], Bot points:[9, 9]
Bot get one more card ♥3
Bot get one more card ♦3
Bot get one more card ♠7
Player point: 16, Bot point: 22
Player win! Money: 356.0
========================
Round #36
Player cards: [♠T, ♣A], Bot cards:[♠8, ♣9]
Player points: [11, 21], Bot points:[17, 17]
Player point: 21, Bot point: 17
------ BlackJack!! ------
Player win! Money: 379.0
========================
Round #37
Player cards: [♠6, ♥9], Bot cards:[♣7, ♠T]
Player points: [15, 15], Bot points:[17, 17]
Player get one more card ♥3
Player point: 18, Bot point: 17
Player win! Money: 398.0
========================
Round #38
Player cards: [♣7, ♣K], Bot cards:[♦5, ♥7]
Player points: [17, 17], Bot points:[12, 12]
Bot get one more card ♦9
Player point: 17, Bot point: 21
Player lose! Money: 377.0
========================
Round #39
Player cards: [♥A, ♥A], Bot cards:[♥Q, ♣A]
Player points: [2, 12], Bot points:[11, 21]
-------- Split! Two hands: [6, 16], [3, 13]
Player get one more card ♥7
Player get one more card ♣5
For second hand:
Player get one more card ♣9
Player get one more card ♠7
Bot get one more card ♦J
Player point: 18, Bot point: 21
Player lose! Money: 356.0
========================
Player point: 19, Bot point: 21
Player lose! Money: 336.0
========================
Round #40
Player cards: [♠3, ♣Q], Bot cards:[♣7, ♣K]
Player points: [13, 13], Bot points:[17, 17]
Player get one more card ♣Q
Player point: 23, Bot point: 17
Player lose! Money: 315.0
========================
Round #41
Player cards: [♣3, ♦A], Bot cards:[♥6, ♠K]
Player points: [4, 14], Bot points:[16, 16]
Bot get one more card ♥A
Player point: 14, Bot point: 17
Player lose! Money: 294.0
========================
Round #42
Player cards: [♠3, ♦8], Bot cards:[♥T, ♦T]
Player points: [11, 11], Bot points:[20, 20]
----- Double Bet! -----
Player get one more card ♥K
Player point: 21, Bot point: 20
Player win! Money: 333.0
========================
Round #43
Player cards: [♦3, ♠A], Bot cards:[♥5, ♦K]
Player points: [4, 14], Bot points:[15, 15]
Bot get one more card ♦6
Player point: 14, Bot point: 21
Player lose! Money: 312.0
========================
Round #44
Player cards: [♦8, ♣J], Bot cards:[♠4, ♦6]
Player points: [18, 18], Bot points:[10, 10]
Bot get one more card ♦K
Player point: 18, Bot point: 20
Player lose! Money: 291.0
========================
Round #45
Player cards: [♦3, ♠J], Bot cards:[♥2, ♦Q]
Player points: [13, 13], Bot points:[12, 12]
Bot get one more card ♥Q
Player point: 13, Bot point: 22
Player win! Money: 310.0
========================
Round #46
Player cards: [♣8, ♦8], Bot cards:[♥8, ♦J]
Player points: [16, 16], Bot points:[18, 18]
-------- Split! Two hands: [15, 15], [9, 19]
Player get one more card ♥J
For second hand:
Player point: 25, Bot point: 18
Player lose! Money: 289.0
========================
Player point: 19, Bot point: 18
Player win! Money: 309.0
========================
Round #47
Player cards: [♥6, ♠7], Bot cards:[♥9, ♣Q]
Player points: [13, 13], Bot points:[19, 19]
Player get one more card ♠5
Player point: 18, Bot point: 19
Player lose! Money: 288.0
========================
Round #48
Player cards: [♣9, ♠Q], Bot cards:[♣4, ♠9]
Player points: [19, 19], Bot points:[13, 13]
Bot get one more card ♣T
Player point: 19, Bot point: 23
Player win! Money: 307.0
========================
Round #49
Player cards: [♣8, ♥T], Bot cards:[♠Q, ♦K]
Player points: [18, 18], Bot points:[20, 20]
Player point: 18, Bot point: 20
Player lose! Money: 286.0
========================
Round #50
Player cards: [♠3, ♥J], Bot cards:[♥4, ♠Q]
Player points: [13, 13], Bot points:[14, 14]
Bot get one more card ♣8
Player point: 13, Bot point: 22
Player win! Money: 305.0
========================
Round #51
Player cards: [♠8, ♦Q], Bot cards:[♦8, ♥K]
Player points: [18, 18], Bot points:[18, 18]
Player point: 18, Bot point: 18
Draw! Money:304.0
========================
Round #52
Player cards: [♠6, ♥T], Bot cards:[♦2, ♣J]
Player points: [16, 16], Bot points:[12, 12]
Bot get one more card ♥J
Player point: 16, Bot point: 22
Player win! Money: 323.0
========================
Round #53
Player cards: [♠2, ♥3], Bot cards:[♦4, ♣T]
Player points: [5, 5], Bot points:[14, 14]
Player get one more card ♥4
Player get one more card ♦4
Bot get one more card ♥4
Player point: 13, Bot point: 18
Player lose! Money: 302.0
========================
Round #54
Player cards: [♥4, ♥9], Bot cards:[♣A, ♦A]
Player points: [13, 13], Bot points:[2, 12]
Player get one more card ♠4
Bot get one more card ♣4
Bot get one more card ♦3
Bot get one more card ♥9
Player point: 17, Bot point: 18
Player lose! Money: 281.0
========================
Round #55
Player cards: [♥7, ♠7], Bot cards:[♦J, ♠Q]
Player points: [14, 14], Bot points:[20, 20]
Player get one more card ♠2
Player get one more card ♠6
Player point: 22, Bot point: 20
Player lose! Money: 260.0
========================
Round #56
Player cards: [♣6, ♠K], Bot cards:[♣8, ♠J]
Player points: [16, 16], Bot points:[18, 18]
Player get one more card ♦6
Player point: 22, Bot point: 18
Player lose! Money: 239.0
========================
Round #57
Player cards: [♦7, ♦Q], Bot cards:[♣2, ♣6]
Player points: [17, 17], Bot points:[8, 8]
Bot get one more card ♦9
Player point: 17, Bot point: 17
Draw! Money:238.0
========================
Round #58
Player cards: [♠6, ♥8], Bot cards:[♦4, ♠T]
Player points: [14, 14], Bot points:[14, 14]
Bot get one more card ♣2
Bot get one more card ♥J
Player point: 14, Bot point: 26
Player win! Money: 257.0
========================
Round #59
Player cards: [♦6, ♣J], Bot cards:[♣T, ♥A]
Player points: [16, 16], Bot points:[11, 21]
Player get one more card ♠8
Bot get one more card ♥5
Bot get one more card ♥Q
Player point: 24, Bot point: 26
Player lose! Money: 236.0
========================
Round #60
Player cards: [♠5, ♦J], Bot cards:[♣2, ♣6]
Player points: [15, 15], Bot points:[8, 8]
Bot get one more card ♠5
Bot get one more card ♣9
Player point: 15, Bot point: 22
Player win! Money: 255.0
========================
Round #61
Player cards: [♠9, ♠K], Bot cards:[♠9, ♣T]
Player points: [19, 19], Bot points:[19, 19]
Player point: 19, Bot point: 19
Draw! Money:254.0
========================
Round #62
Player cards: [♠2, ♠A], Bot cards:[♦5, ♠A]
Player points: [3, 13], Bot points:[6, 16]
Bot get one more card ♦T
Bot get one more card ♠A
Player point: 13, Bot point: 17
Player lose! Money: 233.0
========================
Round #63
Player cards: [♣5, ♣7], Bot cards:[♥3, ♥8]
Player points: [12, 12], Bot points:[11, 11]
Player get one more card ♥2
Bot get one more card ♣T
Player point: 14, Bot point: 21
Player lose! Money: 212.0
========================
Round #64
Player cards: [♥2, ♦Q], Bot cards:[♦7, ♠Q]
Player points: [12, 12], Bot points:[17, 17]
Player get one more card ♥8
Player point: 20, Bot point: 17
Player win! Money: 231.0
========================
Round #65
Player cards: [♦5, ♠8], Bot cards:[♦9, ♠9]
Player points: [13, 13], Bot points:[18, 18]
Player get one more card ♥K
Player point: 23, Bot point: 18
Player lose! Money: 210.0
========================
Round #66
Player cards: [♣7, ♦T], Bot cards:[♦4, ♥5]
Player points: [17, 17], Bot points:[9, 9]
Bot get one more card ♣2
Bot get one more card ♥K
Player point: 17, Bot point: 21
Player lose! Money: 189.0
========================
Round #67
Player cards: [♠4, ♥6], Bot cards:[♥2, ♣3]
Player points: [10, 10], Bot points:[5, 5]
----- Double Bet! -----
Player get one more card ♣J
Bot get one more card ♠4
Bot get one more card ♣3
Bot get one more card ♣K
Player point: 20, Bot point: 22
Player win! Money: 228.0
========================
Round #68
Player cards: [♣3, ♠J], Bot cards:[♠K, ♣K]
Player points: [13, 13], Bot points:[20, 20]
Player get one more card ♠J
Player point: 23, Bot point: 20
Player lose! Money: 207.0
========================
Round #69
Player cards: [♦5, ♦A], Bot cards:[♠5, ♦K]
Player points: [6, 16], Bot points:[15, 15]
Bot get one more card ♠2
Player point: 16, Bot point: 17
Player lose! Money: 186.0
========================
Round #70
Player cards: [♣6, ♦7], Bot cards:[♣4, ♣5]
Player points: [13, 13], Bot points:[9, 9]
Bot get one more card ♥Q
Player point: 13, Bot point: 19
Player lose! Money: 165.0
========================
Round #71
New deck
Player cards: [♥8, ♣Q], Bot cards:[♣Q, ♦K]
Player points: [18, 18], Bot points:[20, 20]
Player point: 18, Bot point: 20
Player lose! Money: 144.0
========================
Round #72
Player cards: [♥4, ♥7], Bot cards:[♦Q, ♣A]
Player points: [11, 11], Bot points:[11, 21]
----- Double Bet! -----
Player get one more card ♦6
Bot get one more card ♠4
Bot get one more card ♥K
Player point: 17, Bot point: 25
Player win! Money: 183.0
========================
Round #73
Player cards: [♣3, ♠J], Bot cards:[♥6, ♣K]
Player points: [13, 13], Bot points:[16, 16]
Bot get one more card ♠T
Player point: 13, Bot point: 26
Player win! Money: 202.0
========================
Round #74
Player cards: [♦4, ♠6], Bot cards:[♥2, ♠7]
Player points: [10, 10], Bot points:[9, 9]
----- Double Bet! -----
Player get one more card ♦2
Bot get one more card ♦Q
Player point: 12, Bot point: 19
Player lose! Money: 161.0
========================
Round #75
Player cards: [♣7, ♠9], Bot cards:[♣2, ♥T]
Player points: [16, 16], Bot points:[12, 12]
Bot get one more card ♠5
Player point: 16, Bot point: 17
Player lose! Money: 140.0
========================
Round #76
Player cards: [♥7, ♠K], Bot cards:[♦T, ♥Q]
Player points: [17, 17], Bot points:[20, 20]
Player point: 17, Bot point: 20
Player lose! Money: 119.0
========================
Round #77
Player cards: [♥2, ♦K], Bot cards:[♦2, ♠7]
Player points: [12, 12], Bot points:[9, 9]
Player get one more card ♣3
Bot get one more card ♥9
Player point: 15, Bot point: 18
Player lose! Money: 98.0
========================
Round #78
Player cards: [♠7, ♥T], Bot cards:[♥7, ♥Q]
Player points: [17, 17], Bot points:[17, 17]
Player point: 17, Bot point: 17
Draw! Money:97.0
========================
Round #79
Player cards: [♥6, ♦A], Bot cards:[♣2, ♠K]
Player points: [7, 17], Bot points:[12, 12]
Bot get one more card ♣A
Bot get one more card ♠4
Player point: 17, Bot point: 17
Draw! Money:96.0
========================
Round #80
Player cards: [♣4, ♠J], Bot cards:[♥7, ♠8]
Player points: [14, 14], Bot points:[15, 15]
Player get one more card ♥2
Player get one more card ♥3
Bot get one more card ♠9
Player point: 19, Bot point: 24
Player win! Money: 115.0
========================
Round #81
Player cards: [♥5, ♠A], Bot cards:[♠2, ♣6]
Player points: [6, 16], Bot points:[8, 8]
Bot get one more card ♥A
Bot get one more card ♥J
Player point: 16, Bot point: 19
Player lose! Money: 94.0
========================
Round #82
Player cards: [♠2, ♠Q], Bot cards:[♣K, ♣A]
Player points: [12, 12], Bot points:[11, 21]
Player get one more card ♦K
Bot get one more card ♣7
Player point: 22, Bot point: 18
Player lose! Money: 73.0
========================
Round #83
Player cards: [♦9, ♣J], Bot cards:[♥9, ♥A]
Player points: [19, 19], Bot points:[10, 20]
Bot get one more card ♦7
Player point: 19, Bot point: 17
Player win! Money: 92.0
========================
Round #84
Player cards: [♣7, ♣9], Bot cards:[♦5, ♠A]
Player points: [16, 16], Bot points:[6, 16]
Bot get one more card ♠J
Bot get one more card ♥6
Player point: 16, Bot point: 22
Player win! Money: 111.0
========================
Round #85
Player cards: [♥5, ♠Q], Bot cards:[♠3, ♥J]
Player points: [15, 15], Bot points:[13, 13]
Bot get one more card ♣K
Player point: 15, Bot point: 23
Player win! Money: 130.0
========================
Round #86
Player cards: [♣J, ♣Q], Bot cards:[♣Q, ♦Q]
Player points: [20, 20], Bot points:[20, 20]
Player point: 20, Bot point: 20
Draw! Money:129.0
========================
Round #87
Player cards: [♦3, ♦6], Bot cards:[♠9, ♥9]
Player points: [9, 9], Bot points:[18, 18]
Player get one more card ♥2
Player get one more card ♥6
Player point: 17, Bot point: 18
Player lose! Money: 108.0
========================
Round #88
Player cards: [♦7, ♦J], Bot cards:[♠4, ♣J]
Player points: [17, 17], Bot points:[14, 14]
Bot get one more card ♦Q
Player point: 17, Bot point: 24
Player win! Money: 127.0
========================
Round #89
Player cards: [♦4, ♣T], Bot cards:[♦7, ♠9]
Player points: [14, 14], Bot points:[16, 16]
Player get one more card ♣6
Bot get one more card ♠K
Player point: 20, Bot point: 26
Player win! Money: 146.0
========================
Round #90
Player cards: [♥J, ♥K], Bot cards:[♠5, ♦T]
Player points: [20, 20], Bot points:[15, 15]
Bot get one more card ♦J
Player point: 20, Bot point: 25
Player win! Money: 165.0
========================
Round #91
Player cards: [♣2, ♠T], Bot cards:[♦8, ♣A]
Player points: [12, 12], Bot points:[9, 19]
Player get one more card ♠A
Player get one more card ♠6
Bot get one more card ♣9
Player point: 19, Bot point: 18
Player win! Money: 184.0
========================
Round #92
Player cards: [♠3, ♣T], Bot cards:[♥6, ♦7]
Player points: [13, 13], Bot points:[13, 13]
Bot get one more card ♥T
Player point: 13, Bot point: 23
Player win! Money: 203.0
========================
Round #93
Player cards: [♠6, ♦T], Bot cards:[♦3, ♦5]
Player points: [16, 16], Bot points:[8, 8]
Bot get one more card ♥8
Bot get one more card ♠Q
Player point: 16, Bot point: 26
Player win! Money: 222.0
========================
Round #94
Player cards: [♣8, ♦K], Bot cards:[♣9, ♥K]
Player points: [18, 18], Bot points:[19, 19]
Player point: 18, Bot point: 19
Player lose! Money: 201.0
========================
Round #95
Player cards: [♣3, ♥5], Bot cards:[♠J, ♠K]
Player points: [8, 8], Bot points:[20, 20]
Player get one more card ♣5
Player get one more card ♣Q
Player point: 23, Bot point: 20
Player lose! Money: 180.0
========================
Round #96
Player cards: [♦T, ♥J], Bot cards:[♠8, ♠Q]
Player points: [20, 20], Bot points:[18, 18]
Player point: 20, Bot point: 18
Player win! Money: 199.0
========================
Round #97
Player cards: [♣8, ♥A], Bot cards:[♦2, ♥8]
Player points: [9, 19], Bot points:[10, 10]
Bot get one more card ♠7
Player point: 19, Bot point: 17
Player win! Money: 218.0
========================
Round #98
Player cards: [♦2, ♠4], Bot cards:[♠T, ♠A]
Player points: [6, 6], Bot points:[11, 21]
Player get one more card ♥K
Player get one more card ♣5
Bot get one more card ♦8
Player point: 21, Bot point: 19
Player win! Money: 237.0
========================
Round #99
Player cards: [♦T, ♣J], Bot cards:[♣7, ♠8]
Player points: [20, 20], Bot points:[15, 15]
Bot get one more card ♣8
Player point: 20, Bot point: 23
Player win! Money: 256.0
========================
Round #100
Player cards: [♥5, ♥Q], Bot cards:[♦9, ♥T]
Player points: [15, 15], Bot points:[19, 19]
Player get one more card ♦6
Player point: 21, Bot point: 19
Player win! Money: 275.0
========================
Round #101
Player cards: [♠5, ♣5], Bot cards:[♥3, ♠5]
Player points: [10, 10], Bot points:[8, 8]
----- Double Bet! -----
Player get one more card ♦4
Bot get one more card ♣T
Player point: 14, Bot point: 18
Player lose! Money: 234.0
========================
Round #102
Player cards: [♥4, ♥A], Bot cards:[♦5, ♦8]
Player points: [5, 15], Bot points:[13, 13]
Bot get one more card ♦8
Player point: 15, Bot point: 21
Player lose! Money: 213.0
========================
Round #103
Player cards: [♦3, ♠T], Bot cards:[♠2, ♣4]
Player points: [13, 13], Bot points:[6, 6]
Bot get one more card ♥4
Bot get one more card ♣8
Player point: 13, Bot point: 18
Player lose! Money: 192.0
========================
Round #104
Player cards: [♦4, ♥Q], Bot cards:[♣K, ♦A]
Player points: [14, 14], Bot points:[11, 21]
Player get one more card ♦2
Player get one more card ♦9
Bot get one more card ♣6
Player point: 25, Bot point: 17
Player lose! Money: 171.0
========================
Round #105
Player cards: [♥7, ♥9], Bot cards:[♠3, ♦3]
Player points: [16, 16], Bot points:[6, 6]
Bot get one more card ♠3
Bot get one more card ♥3
Bot get one more card ♥6
Player point: 16, Bot point: 18
Player lose! Money: 150.0
========================
Round #106
Player cards: [♦6, ♦J], Bot cards:[♣5, ♣9]
Player points: [16, 16], Bot points:[14, 14]
Bot get one more card ♥3
Player point: 16, Bot point: 17
Player lose! Money: 129.0
========================
Round #107
Player cards: [♠8, ♦A], Bot cards:[♦5, ♣T]
Player points: [9, 19], Bot points:[15, 15]
Bot get one more card ♥4
Player point: 19, Bot point: 19
Draw! Money:128.0
========================
Round #108
Player cards: [♥8, ♦J], Bot cards:[♠6, ♦A]
Player points: [18, 18], Bot points:[7, 17]
Bot get one more card ♥5
Bot get one more card ♣4
Bot get one more card ♣4
Player point: 18, Bot point: 20
Player lose! Money: 107.0
========================
Round #109
New deck
Player cards: [♦4, ♦K], Bot cards:[♣8, ♥T]
Player points: [14, 14], Bot points:[18, 18]
Player get one more card ♥5
Player point: 19, Bot point: 18
Player win! Money: 126.0
========================
Round #110
Player cards: [♠2, ♠Q], Bot cards:[♥2, ♣9]
Player points: [12, 12], Bot points:[11, 11]
Player get one more card ♦9
Bot get one more card ♥J
Player point: 21, Bot point: 21
Player lose! Money: 105.0
========================
Round #111
Player cards: [♣4, ♦5], Bot cards:[♥T, ♥T]
Player points: [9, 9], Bot points:[20, 20]
Player get one more card ♦5
Player get one more card ♣5
Player point: 19, Bot point: 20
Player lose! Money: 84.0
========================
Round #112
Player cards: [♦6, ♠A], Bot cards:[♠3, ♣4]
Player points: [7, 17], Bot points:[7, 7]
Bot get one more card ♦9
Bot get one more card ♠Q
Player point: 17, Bot point: 26
Player win! Money: 103.0
========================
Round #113
Player cards: [♥4, ♦T], Bot cards:[♥8, ♥Q]
Player points: [14, 14], Bot points:[18, 18]
Player get one more card ♦3
Player point: 17, Bot point: 18
Player lose! Money: 82.0
========================
Round #114
Player cards: [♥2, ♣K], Bot cards:[♦2, ♦4]
Player points: [12, 12], Bot points:[6, 6]
Player get one more card ♣9
Bot get one more card ♦J
Bot get one more card ♠9
Player point: 21, Bot point: 25
Player win! Money: 101.0
========================
Round #115
Player cards: [♦6, ♦8], Bot cards:[♣2, ♣7]
Player points: [14, 14], Bot points:[9, 9]
Bot get one more card ♠2
Bot get one more card ♣5
Bot get one more card ♠3
Player point: 14, Bot point: 19
Player lose! Money: 80.0
========================
Round #116
Player cards: [♦7, ♦K], Bot cards:[♣J, ♥K]
Player points: [17, 17], Bot points:[20, 20]
Player point: 17, Bot point: 20
Player lose! Money: 59.0
========================
Round #117
Player cards: [♣9, ♦J], Bot cards:[♣T, ♣J]
Player points: [19, 19], Bot points:[20, 20]
Player point: 19, Bot point: 20
Player lose! Money: 38.0
========================
Round #118
Player cards: [♣6, ♠7], Bot cards:[♠8, ♣A]
Player points: [13, 13], Bot points:[9, 19]
Player get one more card ♦A
Player get one more card ♣K
Bot get one more card ♣2
Bot get one more card ♣7
Player point: 24, Bot point: 18
Player lose! Money: 17.0
========================
Round #119
Player cards: [♥5, ♣5], Bot cards:[♥3, ♥6]
Player points: [10, 10], Bot points:[9, 9]
----- Double Bet! -----
Player get one more card ♠6
Bot get one more card ♣A
Bot get one more card ♦Q
Player point: 16, Bot point: 20
Player lose! Money: -24.0
========================
Round #120
Total round: 121. Blackjack count: 4
